

================================================================
== Vitis HLS Report for 'affine_b0_term_hls'
================================================================
* Date:           Thu May 21 15:23:09 2026

* Version:        2025.2 (Build 6295257 on Nov 14 2025)
* Project:        mpc_fpga_top_opencl
* Solution:       hls (Vitis Kernel Flow Target)
* Product family: zynquplus
* Target device:  xck26-sfvc784-2LV-c


================================================================
== Performance Estimates
================================================================
+ Timing: 
    * Summary: 
    +--------+---------+----------+------------+
    |  Clock |  Target | Estimated| Uncertainty|
    +--------+---------+----------+------------+
    |ap_clk  |  5.00 ns|  2.291 ns|     0.50 ns|
    +--------+---------+----------+------------+

+ Latency: 
    * Summary: 
    +---------+---------+-----------+-----------+-----+-----+---------+
    |  Latency (cycles) |   Latency (absolute)  |  Interval | Pipeline|
    |   min   |   max   |    min    |    max    | min | max |   Type  |
    +---------+---------+-----------+-----------+-----+-----+---------+
    |        3|        3|  15.000 ns|  15.000 ns|    4|    4|      yes|
    +---------+---------+-----------+-----------+-----+-----+---------+

    + Detail: 
        * Instance: 
        N/A

        * Loop: 
        N/A



================================================================
== Utilization Estimates
================================================================
* Summary: 
+-----------------+---------+------+--------+--------+-----+
|       Name      | BRAM_18K|  DSP |   FF   |   LUT  | URAM|
+-----------------+---------+------+--------+--------+-----+
|DSP              |        -|     -|       -|       -|    -|
|Expression       |        -|     -|       -|       -|    -|
|FIFO             |        -|     -|       -|       -|    -|
|Instance         |        -|     2|      98|      47|    -|
|Memory           |        -|     -|       -|       -|    -|
|Multiplexer      |        -|     -|       0|      26|    -|
|Register         |        -|     -|       4|       -|    -|
+-----------------+---------+------+--------+--------+-----+
|Total            |        0|     2|     102|      73|    0|
+-----------------+---------+------+--------+--------+-----+
|Available        |      288|  1248|  234240|  117120|   64|
+-----------------+---------+------+--------+--------+-----+
|Utilization (%)  |        0|    ~0|      ~0|      ~0|    0|
+-----------------+---------+------+--------+--------+-----+

+ Detail: 
    * Instance: 
    +-------------------------+--------------------+---------+----+----+----+-----+
    |         Instance        |       Module       | BRAM_18K| DSP| FF | LUT| URAM|
    +-------------------------+--------------------+---------+----+----+----+-----+
    |mul_18s_32s_50_4_1_U546  |mul_18s_32s_50_4_1  |        0|   2|  98|  47|    0|
    +-------------------------+--------------------+---------+----+----+----+-----+
    |Total                    |                    |        0|   2|  98|  47|    0|
    +-------------------------+--------------------+---------+----+----+----+-----+

    * DSP: 
    N/A

    * Memory: 
    N/A

    * FIFO: 
    N/A

    * Expression: 
    N/A

    * Multiplexer: 
    +-----------+----+-----------+-----+-----------+
    |    Name   | LUT| Input Size| Bits| Total Bits|
    +-----------+----+-----------+-----+-----------+
    |ap_NS_fsm  |  26|          5|    1|          5|
    +-----------+----+-----------+-----+-----------+
    |Total      |  26|          5|    1|          5|
    +-----------+----+-----------+-----+-----------+

    * Register: 
    +-----------+---+----+-----+-----------+
    |    Name   | FF| LUT| Bits| Const Bits|
    +-----------+---+----+-----+-----------+
    |ap_CS_fsm  |  4|   0|    4|          0|
    +-----------+---+----+-----+-----------+
    |Total      |  4|   0|    4|          0|
    +-----------+---+----+-----+-----------+



================================================================
== Interface
================================================================
* Summary: 
+-----------------+-----+-----+------------+--------------------+--------------+
|    RTL Ports    | Dir | Bits|  Protocol  |    Source Object   |    C Type    |
+-----------------+-----+-----+------------+--------------------+--------------+
|ap_clk           |   in|    1|  ap_ctrl_hs|  affine_b0_term_hls|  return value|
|ap_rst           |   in|    1|  ap_ctrl_hs|  affine_b0_term_hls|  return value|
|ap_start         |   in|    1|  ap_ctrl_hs|  affine_b0_term_hls|  return value|
|ap_done          |  out|    1|  ap_ctrl_hs|  affine_b0_term_hls|  return value|
|ap_idle          |  out|    1|  ap_ctrl_hs|  affine_b0_term_hls|  return value|
|ap_ready         |  out|    1|  ap_ctrl_hs|  affine_b0_term_hls|  return value|
|ap_return        |  out|   25|  ap_ctrl_hs|  affine_b0_term_hls|  return value|
|ap_ce            |   in|    1|  ap_ctrl_hs|  affine_b0_term_hls|  return value|
|b0_coeff_raw     |   in|   32|     ap_none|        b0_coeff_raw|        scalar|
|lin_delta_k_raw  |   in|   18|     ap_none|     lin_delta_k_raw|        scalar|
+-----------------+-----+-----+------------+--------------------+--------------+

============================================================
+ Verbose Summary: Synthesis Manager
============================================================
InlineROM: 1
ExposeGlobal: 0
============================================================
+ Verbose Summary: CDFG Model
============================================================
IsTopModel: 0
ResetActiveHigh: 1
IsCombinational: 2
IsDatapathOnly: 2
HasWiredReturn: 1
HasMFsm: 2
HasVarLatency: 0
IsPipeline: 1
IsRtlPipelined: 0
IsInstanceOverlapped: 0
IsDontTouch: 0
HasImplIP: 0
IsGatedGlobalClock: 0

+ Individual pipeline summary: 
  * Pipeline-0: initiation interval (II) = 4, depth = 4


============================================================
+ Verbose Summary: Schedule
============================================================
* Number of FSM states : 4
* Pipeline : 1
  Pipeline-0 : II = 4, D = 4, States = { 1 2 3 4 }
* Dataflow Pipeline: 0

* FSM state transitions: 
1 --> 2 
2 --> 3 
3 --> 4 
4 --> 

* FSM state operations: 

State 1 <SV = 0> <Delay = 2.29>
ST_1 : Operation 5 [1/1] (0.00ns)   --->   "%lin_delta_k_raw_read = read i18 @_ssdm_op_Read.ap_auto.i18, i18 %lin_delta_k_raw" [../src/mpc_riccati_hls.cpp:127]   --->   Operation 5 'read' 'lin_delta_k_raw_read' <Predicate = true> <Delay = 0.00>
ST_1 : Operation 6 [1/1] (0.00ns)   --->   "%b0_coeff_raw_read = read i32 @_ssdm_op_Read.ap_auto.i32, i32 %b0_coeff_raw" [../src/mpc_riccati_hls.cpp:127]   --->   Operation 6 'read' 'b0_coeff_raw_read' <Predicate = true> <Delay = 0.00>
ST_1 : Operation 7 [1/1] (0.00ns)   --->   "%sext_ln159 = sext i32 %b0_coeff_raw_read" [../src/fp_math_hls.cpp:159->../src/mpc_riccati_hls.cpp:129]   --->   Operation 7 'sext' 'sext_ln159' <Predicate = true> <Delay = 0.00>
ST_1 : Operation 8 [1/1] (0.00ns)   --->   "%sext_ln159_71 = sext i18 %lin_delta_k_raw_read" [../src/fp_math_hls.cpp:159->../src/mpc_riccati_hls.cpp:129]   --->   Operation 8 'sext' 'sext_ln159_71' <Predicate = true> <Delay = 0.00>
ST_1 : Operation 9 [4/4] (2.29ns)   --->   "%mul_ln159 = mul i50 %sext_ln159_71, i50 %sext_ln159" [../src/fp_math_hls.cpp:159->../src/mpc_riccati_hls.cpp:129]   --->   Operation 9 'mul' 'mul_ln159' <Predicate = true> <Delay = 2.29> <CoreInst = "Mul_DSP">   --->   Core 5 'Mul_DSP' <Latency = 3> <II = 1> <Delay = 2.29> <FuncUnit> <Opcode : 'mul'> <InPorts = 2> <OutPorts = 1>

State 2 <SV = 1> <Delay = 2.29>
ST_2 : Operation 10 [3/4] (2.29ns)   --->   "%mul_ln159 = mul i50 %sext_ln159_71, i50 %sext_ln159" [../src/fp_math_hls.cpp:159->../src/mpc_riccati_hls.cpp:129]   --->   Operation 10 'mul' 'mul_ln159' <Predicate = true> <Delay = 2.29> <CoreInst = "Mul_DSP">   --->   Core 5 'Mul_DSP' <Latency = 3> <II = 1> <Delay = 2.29> <FuncUnit> <Opcode : 'mul'> <InPorts = 2> <OutPorts = 1>

State 3 <SV = 2> <Delay = 2.29>
ST_3 : Operation 11 [2/4] (2.29ns)   --->   "%mul_ln159 = mul i50 %sext_ln159_71, i50 %sext_ln159" [../src/fp_math_hls.cpp:159->../src/mpc_riccati_hls.cpp:129]   --->   Operation 11 'mul' 'mul_ln159' <Predicate = true> <Delay = 2.29> <CoreInst = "Mul_DSP">   --->   Core 5 'Mul_DSP' <Latency = 3> <II = 1> <Delay = 2.29> <FuncUnit> <Opcode : 'mul'> <InPorts = 2> <OutPorts = 1>

State 4 <SV = 3> <Delay = 2.29>
ST_4 : Operation 12 [1/1] (0.00ns)   --->   "%rbegin = specregionbegin i32 @_ssdm_op_SpecRegionBegin, void @empty_93" [../src/fp_math_hls.cpp:159->../src/mpc_riccati_hls.cpp:129]   --->   Operation 12 'specregionbegin' 'rbegin' <Predicate = true> <Delay = 0.00>
ST_4 : Operation 13 [1/4] (2.29ns)   --->   "%mul_ln159 = mul i50 %sext_ln159_71, i50 %sext_ln159" [../src/fp_math_hls.cpp:159->../src/mpc_riccati_hls.cpp:129]   --->   Operation 13 'mul' 'mul_ln159' <Predicate = true> <Delay = 2.29> <CoreInst = "Mul_DSP">   --->   Core 5 'Mul_DSP' <Latency = 3> <II = 1> <Delay = 2.29> <FuncUnit> <Opcode : 'mul'> <InPorts = 2> <OutPorts = 1>
ST_4 : Operation 14 [1/1] (0.00ns)   --->   "%specfucore_ln160 = specfucore void @_ssdm_op_SpecFUCore, i50 %mul_ln159, i64 12, i64 3, i64 3, i1 0" [../src/fp_math_hls.cpp:160->../src/mpc_riccati_hls.cpp:129]   --->   Operation 14 'specfucore' 'specfucore_ln160' <Predicate = true> <Delay = 0.00>
ST_4 : Operation 15 [1/1] (0.00ns)   --->   "%rend = specregionend i32 @_ssdm_op_SpecRegionEnd, void @empty_93, i32 %rbegin" [../src/fp_math_hls.cpp:159->../src/mpc_riccati_hls.cpp:129]   --->   Operation 15 'specregionend' 'rend' <Predicate = true> <Delay = 0.00>
ST_4 : Operation 16 [1/1] (0.00ns)   --->   "%trunc_ln = partselect i25 @_ssdm_op_PartSelect.i25.i50.i32.i32, i50 %mul_ln159, i32 18, i32 42" [../src/mpc_riccati_hls.cpp:128]   --->   Operation 16 'partselect' 'trunc_ln' <Predicate = true> <Delay = 0.00>
ST_4 : Operation 17 [1/1] (0.00ns)   --->   "%ret_ln128 = ret i25 %trunc_ln" [../src/mpc_riccati_hls.cpp:128]   --->   Operation 17 'ret' 'ret_ln128' <Predicate = true> <Delay = 0.00>


============================================================
+ Verbose Summary: Binding
============================================================
STG Binding: 
---------------- STG Properties BEGIN ----------------
- Is combinational: 0
- Is one-state seq: 0
- Is datapath-only: 0
- Is pipelined: 1
- Is top level: 0
Port [ Return ] is wired: 1; IO mode=ap_ctrl_hs:ce=0
Port [ b0_coeff_raw]:  wired=1; compound=0; hidden=0; nouse=0; global=0; static=0; extern=0; dir=0; type=0; pingpong=0; private_global=0; IO mode=ap_none:ce=0
Port [ lin_delta_k_raw]:  wired=1; compound=0; hidden=0; nouse=0; global=0; static=0; extern=0; dir=0; type=0; pingpong=0; private_global=0; IO mode=ap_none:ce=0
---------------- STG Properties END ------------------

---------------- Datapath Model BEGIN ----------------

<LifeTime>
<method=bitvector/>
lin_delta_k_raw_read (read           ) [ 00000]
b0_coeff_raw_read    (read           ) [ 00000]
sext_ln159           (sext           ) [ 00111]
sext_ln159_71        (sext           ) [ 00111]
rbegin               (specregionbegin) [ 00000]
mul_ln159            (mul            ) [ 00000]
specfucore_ln160     (specfucore     ) [ 00000]
rend                 (specregionend  ) [ 00000]
trunc_ln             (partselect     ) [ 00000]
ret_ln128            (ret            ) [ 00000]
</LifeTime>

<model>

<comp_list>
<comp id="0" class="1000" name="b0_coeff_raw">
<pin_list>
<pin id="1" dir="1" index="0" bw="1" slack="0"/>
</pin_list>
<bind>
<StgValue><ssdm name="b0_coeff_raw"/></StgValue>
</bind>
</comp>

<comp id="2" class="1000" name="lin_delta_k_raw">
<pin_list>
<pin id="3" dir="1" index="0" bw="1" slack="0"/>
</pin_list>
<bind>
<StgValue><ssdm name="lin_delta_k_raw"/></StgValue>
</bind>
</comp>

<comp id="4" class="1001" name="const_4">
<pin_list>
<pin id="5" dir="1" index="0" bw="1" slack="0"/>
</pin_list>
<bind>
<StgValue><ssdm name="_ssdm_op_Read.ap_auto.i18"/></StgValue>
</bind>
</comp>

<comp id="6" class="1001" name="const_6">
<pin_list>
<pin id="7" dir="1" index="0" bw="1" slack="0"/>
</pin_list>
<bind>
<StgValue><ssdm name="_ssdm_op_Read.ap_auto.i32"/></StgValue>
</bind>
</comp>

<comp id="8" class="1001" name="const_8">
<pin_list>
<pin id="9" dir="1" index="0" bw="1" slack="2147483647"/>
</pin_list>
<bind>
<StgValue><ssdm name="_ssdm_op_SpecRegionBegin"/></StgValue>
</bind>
</comp>

<comp id="10" class="1001" name="const_10">
<pin_list>
<pin id="11" dir="1" index="0" bw="1" slack="2147483647"/>
</pin_list>
<bind>
<StgValue><ssdm name="empty_93"/></StgValue>
</bind>
</comp>

<comp id="12" class="1001" name="const_12">
<pin_list>
<pin id="13" dir="1" index="0" bw="1" slack="2147483647"/>
</pin_list>
<bind>
<StgValue><ssdm name="_ssdm_op_SpecFUCore"/></StgValue>
</bind>
</comp>

<comp id="14" class="1001" name="const_14">
<pin_list>
<pin id="15" dir="1" index="0" bw="1" slack="2147483647"/>
</pin_list>
<bind>
<StgValue><ssdm name=""/></StgValue>
</bind>
</comp>

<comp id="16" class="1001" name="const_16">
<pin_list>
<pin id="17" dir="1" index="0" bw="1" slack="2147483647"/>
</pin_list>
<bind>
<StgValue><ssdm name=""/></StgValue>
</bind>
</comp>

<comp id="18" class="1001" name="const_18">
<pin_list>
<pin id="19" dir="1" index="0" bw="1" slack="2147483647"/>
</pin_list>
<bind>
<StgValue><ssdm name=""/></StgValue>
</bind>
</comp>

<comp id="20" class="1001" name="const_20">
<pin_list>
<pin id="21" dir="1" index="0" bw="1" slack="2147483647"/>
</pin_list>
<bind>
<StgValue><ssdm name="_ssdm_op_SpecRegionEnd"/></StgValue>
</bind>
</comp>

<comp id="22" class="1001" name="const_22">
<pin_list>
<pin id="23" dir="1" index="0" bw="1" slack="0"/>
</pin_list>
<bind>
<StgValue><ssdm name="_ssdm_op_PartSelect.i25.i50.i32.i32"/></StgValue>
</bind>
</comp>

<comp id="24" class="1001" name="const_24">
<pin_list>
<pin id="25" dir="1" index="0" bw="1" slack="0"/>
</pin_list>
<bind>
<StgValue><ssdm name=""/></StgValue>
</bind>
</comp>

<comp id="26" class="1001" name="const_26">
<pin_list>
<pin id="27" dir="1" index="0" bw="1" slack="0"/>
</pin_list>
<bind>
<StgValue><ssdm name=""/></StgValue>
</bind>
</comp>

<comp id="28" class="1004" name="lin_delta_k_raw_read_read_fu_28">
<pin_list>
<pin id="29" dir="0" index="0" bw="18" slack="0"/>
<pin id="30" dir="0" index="1" bw="18" slack="0"/>
<pin id="31" dir="1" index="2" bw="18" slack="0"/>
</pin_list>
<bind>
<opcode="read(1150) " fcode="read"/>
<opset="lin_delta_k_raw_read/1 "/>
</bind>
</comp>

<comp id="34" class="1004" name="b0_coeff_raw_read_read_fu_34">
<pin_list>
<pin id="35" dir="0" index="0" bw="32" slack="0"/>
<pin id="36" dir="0" index="1" bw="32" slack="0"/>
<pin id="37" dir="1" index="2" bw="32" slack="0"/>
</pin_list>
<bind>
<opcode="read(1150) " fcode="read"/>
<opset="b0_coeff_raw_read/1 "/>
</bind>
</comp>

<comp id="40" class="1004" name="grp_fu_40">
<pin_list>
<pin id="41" dir="0" index="0" bw="18" slack="0"/>
<pin id="42" dir="0" index="1" bw="32" slack="0"/>
<pin id="43" dir="1" index="2" bw="50" slack="0"/>
</pin_list>
<bind>
<opcode="mul(12) " fcode="mul"/>
<opset="mul_ln159/1 "/>
</bind>
</comp>

<comp id="44" class="1004" name="sext_ln159_fu_44">
<pin_list>
<pin id="45" dir="0" index="0" bw="32" slack="0"/>
<pin id="46" dir="1" index="1" bw="50" slack="0"/>
</pin_list>
<bind>
<opcode="sext(35) " fcode="sext"/>
<opset="sext_ln159/1 "/>
</bind>
</comp>

<comp id="49" class="1004" name="sext_ln159_71_fu_49">
<pin_list>
<pin id="50" dir="0" index="0" bw="18" slack="0"/>
<pin id="51" dir="1" index="1" bw="50" slack="0"/>
</pin_list>
<bind>
<opcode="sext(35) " fcode="sext"/>
<opset="sext_ln159_71/1 "/>
</bind>
</comp>

<comp id="54" class="1004" name="trunc_ln_fu_54">
<pin_list>
<pin id="55" dir="0" index="0" bw="25" slack="0"/>
<pin id="56" dir="0" index="1" bw="50" slack="0"/>
<pin id="57" dir="0" index="2" bw="6" slack="0"/>
<pin id="58" dir="0" index="3" bw="7" slack="0"/>
<pin id="59" dir="1" index="4" bw="25" slack="2147483647"/>
</pin_list>
<bind>
<opcode="partselect(1002) " fcode="partselect"/>
<opset="trunc_ln/4 "/>
</bind>
</comp>

<comp id="64" class="1005" name="sext_ln159_reg_64">
<pin_list>
<pin id="65" dir="0" index="0" bw="50" slack="1"/>
<pin id="66" dir="1" index="1" bw="50" slack="1"/>
</pin_list>
<bind>
<opset="sext_ln159 "/>
</bind>
</comp>

<comp id="69" class="1005" name="sext_ln159_71_reg_69">
<pin_list>
<pin id="70" dir="0" index="0" bw="50" slack="1"/>
<pin id="71" dir="1" index="1" bw="50" slack="1"/>
</pin_list>
<bind>
<opset="sext_ln159_71 "/>
</bind>
</comp>

</comp_list>

<net_list>
<net id="32"><net_src comp="4" pin="0"/><net_sink comp="28" pin=0"/></net>

<net id="33"><net_src comp="2" pin="0"/><net_sink comp="28" pin=1"/></net>

<net id="38"><net_src comp="6" pin="0"/><net_sink comp="34" pin=0"/></net>

<net id="39"><net_src comp="0" pin="0"/><net_sink comp="34" pin=1"/></net>

<net id="47"><net_src comp="34" pin="2"/><net_sink comp="44" pin=0"/></net>

<net id="48"><net_src comp="44" pin="1"/><net_sink comp="40" pin=1"/></net>

<net id="52"><net_src comp="28" pin="2"/><net_sink comp="49" pin=0"/></net>

<net id="53"><net_src comp="49" pin="1"/><net_sink comp="40" pin=0"/></net>

<net id="60"><net_src comp="22" pin="0"/><net_sink comp="54" pin=0"/></net>

<net id="61"><net_src comp="40" pin="2"/><net_sink comp="54" pin=1"/></net>

<net id="62"><net_src comp="24" pin="0"/><net_sink comp="54" pin=2"/></net>

<net id="63"><net_src comp="26" pin="0"/><net_sink comp="54" pin=3"/></net>

<net id="67"><net_src comp="44" pin="1"/><net_sink comp="64" pin=0"/></net>

<net id="68"><net_src comp="64" pin="1"/><net_sink comp="40" pin=1"/></net>

<net id="72"><net_src comp="49" pin="1"/><net_sink comp="69" pin=0"/></net>

<net id="73"><net_src comp="69" pin="1"/><net_sink comp="40" pin=0"/></net>

</net_list>

</model> 
---------------- Datapath Model END ------------------

* FSMD analyzer results:
  - Output states:
	Port: b0_coeff_raw | {}
	Port: lin_delta_k_raw | {}
 - Input state : 
	Port: affine_b0_term_hls : b0_coeff_raw | {1 }
	Port: affine_b0_term_hls : lin_delta_k_raw | {1 }
  - Chain level:
	State 1
		mul_ln159 : 1
	State 2
	State 3
	State 4
		specfucore_ln160 : 1
		rend : 1
		trunc_ln : 1
		ret_ln128 : 2


============================================================
+ Verbose Summary: Datapath Resource usage 
============================================================

* Functional unit list:
|----------|---------------------------------|---------|---------|---------|
| Operation|         Functional Unit         |   DSP   |    FF   |   LUT   |
|----------|---------------------------------|---------|---------|---------|
|    mul   |            grp_fu_40            |    2    |    98   |    47   |
|----------|---------------------------------|---------|---------|---------|
|   read   | lin_delta_k_raw_read_read_fu_28 |    0    |    0    |    0    |
|          |   b0_coeff_raw_read_read_fu_34  |    0    |    0    |    0    |
|----------|---------------------------------|---------|---------|---------|
|   sext   |         sext_ln159_fu_44        |    0    |    0    |    0    |
|          |       sext_ln159_71_fu_49       |    0    |    0    |    0    |
|----------|---------------------------------|---------|---------|---------|
|partselect|          trunc_ln_fu_54         |    0    |    0    |    0    |
|----------|---------------------------------|---------|---------|---------|
|   Total  |                                 |    2    |    98   |    47   |
|----------|---------------------------------|---------|---------|---------|

Memories:
N/A

* Register list:
+--------------------+--------+
|                    |   FF   |
+--------------------+--------+
|sext_ln159_71_reg_69|   50   |
|  sext_ln159_reg_64 |   50   |
+--------------------+--------+
|        Total       |   100  |
+--------------------+--------+

* Multiplexer (MUX) list: 
|-----------|------|------|------|--------||---------||---------||---------|
|    Comp   |  Pin | Size |  BW  | S x BW ||  Delay  ||    FF   ||   LUT   |
|-----------|------|------|------|--------||---------||---------||---------|
| grp_fu_40 |  p0  |   2  |  18  |   36   ||    0    ||    9    |
| grp_fu_40 |  p1  |   2  |  32  |   64   ||    0    ||    9    |
|-----------|------|------|------|--------||---------||---------||---------|
|   Total   |      |      |      |   100  ||  0.854  ||    0    ||    18   |
|-----------|------|------|------|--------||---------||---------||---------|



* Summary:
+-----------+--------+--------+--------+--------+
|           |   DSP  |  Delay |   FF   |   LUT  |
+-----------+--------+--------+--------+--------+
|  Function |    2   |    -   |   98   |   47   |
|   Memory  |    -   |    -   |    -   |    -   |
|Multiplexer|    -   |    0   |    0   |   18   |
|  Register |    -   |    -   |   100  |    -   |
+-----------+--------+--------+--------+--------+
|   Total   |    2   |    0   |   198  |   65   |
+-----------+--------+--------+--------+--------+
