

================================================================
== Vitis HLS Report for 'affine_b0_term_hls'
================================================================
* Date:           Thu Jun 11 17:48:30 2026

* Version:        2025.2 (Build 6295257 on Nov 14 2025)
* Project:        mpc_fpga_top_opencl
* Solution:       hls (Vitis Kernel Flow Target)
* Product family: zynquplus
* Target device:  xck26-sfvc784-2LV-c


================================================================
== Performance Estimates
================================================================
+ Timing: 
    * Summary: 
    +--------+---------+----------+------------+
    |  Clock |  Target | Estimated| Uncertainty|
    +--------+---------+----------+------------+
    |ap_clk  |  5.00 ns|  1.941 ns|     0.50 ns|
    +--------+---------+----------+------------+

+ Latency: 
    * Summary: 
    +---------+---------+-----------+-----------+-----+-----+---------+
    |  Latency (cycles) |   Latency (absolute)  |  Interval | Pipeline|
    |   min   |   max   |    min    |    max    | min | max |   Type  |
    +---------+---------+-----------+-----------+-----+-----+---------+
    |        2|        2|  10.000 ns|  10.000 ns|    2|    2|      yes|
    +---------+---------+-----------+-----------+-----+-----+---------+

    + Detail: 
        * Instance: 
        N/A

        * Loop: 
        N/A

============================================================
+ Verbose Summary: Synthesis Manager
============================================================
InlineROM: 1
ExposeGlobal: 0
============================================================
+ Verbose Summary: CDFG Model
============================================================
IsTopModel: 0
ResetActiveHigh: 1
IsCombinational: 0
IsDatapathOnly: 0
HasWiredReturn: 1
HasMFsm: 2
HasVarLatency: 0
IsPipeline: 1
IsRtlPipelined: 1
IsInstanceOverlapped: 0
IsDontTouch: 0
HasImplIP: 0
IsGatedGlobalClock: 0

+ Individual pipeline summary: 
  * Pipeline-0: initiation interval (II) = 2, depth = 3


============================================================
+ Verbose Summary: Schedule
============================================================
* Number of FSM states : 3
* Pipeline : 1
  Pipeline-0 : II = 2, D = 3, States = { 1 2 3 }
* Dataflow Pipeline: 0

* FSM state transitions: 
1 --> 2 
2 --> 3 
3 --> 

* FSM state operations: 

State 1 <SV = 0> <Delay = 1.94>
ST_1 : Operation 4 [1/1] (0.00ns)   --->   "%lin_delta_k_raw_read = read i14 @_ssdm_op_Read.ap_auto.i14, i14 %lin_delta_k_raw" [../src/mpc_riccati_hls.cpp:125]   --->   Operation 4 'read' 'lin_delta_k_raw_read' <Predicate = true> <Delay = 0.00>
ST_1 : Operation 5 [1/1] (0.00ns)   --->   "%b0_coeff_raw_read = read i26 @_ssdm_op_Read.ap_auto.i26, i26 %b0_coeff_raw" [../src/mpc_riccati_hls.cpp:125]   --->   Operation 5 'read' 'b0_coeff_raw_read' <Predicate = true> <Delay = 0.00>
ST_1 : Operation 6 [1/1] (0.00ns)   --->   "%sext_ln156 = sext i26 %b0_coeff_raw_read" [../src/fp_math_hls.cpp:156->../src/mpc_riccati_hls.cpp:127]   --->   Operation 6 'sext' 'sext_ln156' <Predicate = true> <Delay = 0.00>
ST_1 : Operation 7 [1/1] (0.00ns)   --->   "%sext_ln156_75 = sext i14 %lin_delta_k_raw_read" [../src/fp_math_hls.cpp:156->../src/mpc_riccati_hls.cpp:127]   --->   Operation 7 'sext' 'sext_ln156_75' <Predicate = true> <Delay = 0.00>
ST_1 : Operation 8 [3/3] (1.94ns)   --->   "%mul_ln156 = mul i40 %sext_ln156_75, i40 %sext_ln156" [../src/fp_math_hls.cpp:156->../src/mpc_riccati_hls.cpp:127]   --->   Operation 8 'mul' 'mul_ln156' <Predicate = true> <Delay = 1.94> <CoreInst = "Mul_DSP">   --->   Core 5 'Mul_DSP' <Latency = 2> <II = 1> <Delay = 1.94> <FuncUnit> <Opcode : 'mul'> <InPorts = 2> <OutPorts = 1>

State 2 <SV = 1> <Delay = 1.94>
ST_2 : Operation 9 [2/3] (1.94ns)   --->   "%mul_ln156 = mul i40 %sext_ln156_75, i40 %sext_ln156" [../src/fp_math_hls.cpp:156->../src/mpc_riccati_hls.cpp:127]   --->   Operation 9 'mul' 'mul_ln156' <Predicate = true> <Delay = 1.94> <CoreInst = "Mul_DSP">   --->   Core 5 'Mul_DSP' <Latency = 2> <II = 1> <Delay = 1.94> <FuncUnit> <Opcode : 'mul'> <InPorts = 2> <OutPorts = 1>

State 3 <SV = 2> <Delay = 1.94>
ST_3 : Operation 10 [1/1] (0.00ns)   --->   "%rbegin = specregionbegin i32 @_ssdm_op_SpecRegionBegin, void @empty_75" [../src/fp_math_hls.cpp:156->../src/mpc_riccati_hls.cpp:127]   --->   Operation 10 'specregionbegin' 'rbegin' <Predicate = true> <Delay = 0.00>
ST_3 : Operation 11 [1/3] (1.94ns)   --->   "%mul_ln156 = mul i40 %sext_ln156_75, i40 %sext_ln156" [../src/fp_math_hls.cpp:156->../src/mpc_riccati_hls.cpp:127]   --->   Operation 11 'mul' 'mul_ln156' <Predicate = true> <Delay = 1.94> <CoreInst = "Mul_DSP">   --->   Core 5 'Mul_DSP' <Latency = 2> <II = 1> <Delay = 1.94> <FuncUnit> <Opcode : 'mul'> <InPorts = 2> <OutPorts = 1>
ST_3 : Operation 12 [1/1] (0.00ns)   --->   "%specfucore_ln157 = specfucore void @_ssdm_op_SpecFUCore, i40 %mul_ln156, i64 12, i64 3, i64 2, i1 0" [../src/fp_math_hls.cpp:157->../src/mpc_riccati_hls.cpp:127]   --->   Operation 12 'specfucore' 'specfucore_ln157' <Predicate = true> <Delay = 0.00>
ST_3 : Operation 13 [1/1] (0.00ns)   --->   "%rend = specregionend i32 @_ssdm_op_SpecRegionEnd, void @empty_75, i32 %rbegin" [../src/fp_math_hls.cpp:156->../src/mpc_riccati_hls.cpp:127]   --->   Operation 13 'specregionend' 'rend' <Predicate = true> <Delay = 0.00>
ST_3 : Operation 14 [1/1] (0.00ns)   --->   "%trunc_ln = partselect i23 @_ssdm_op_PartSelect.i23.i40.i32.i32, i40 %mul_ln156, i32 14, i32 36" [../src/mpc_riccati_hls.cpp:126]   --->   Operation 14 'partselect' 'trunc_ln' <Predicate = true> <Delay = 0.00>
ST_3 : Operation 15 [1/1] (0.00ns)   --->   "%ret_ln126 = ret i23 %trunc_ln" [../src/mpc_riccati_hls.cpp:126]   --->   Operation 15 'ret' 'ret_ln126' <Predicate = true> <Delay = 0.00>


============================================================
+ Verbose Summary: Binding
============================================================
STG Binding: 
---------------- STG Properties BEGIN ----------------
- Is combinational: 0
- Is one-state seq: 0
- Is datapath-only: 0
- Is pipelined: 1
- Is top level: 0
Port [ Return ] is wired: 1; IO mode=ap_ctrl_hs:ce=0
Port [ b0_coeff_raw]:  wired=1; compound=0; hidden=0; nouse=0; global=0; static=0; extern=0; dir=0; type=0; pingpong=0; private_global=0; IO mode=ap_none:ce=0
Port [ lin_delta_k_raw]:  wired=1; compound=0; hidden=0; nouse=0; global=0; static=0; extern=0; dir=0; type=0; pingpong=0; private_global=0; IO mode=ap_none:ce=0
---------------- STG Properties END ------------------

---------------- Datapath Model BEGIN ----------------

<LifeTime>
<method=bitvector/>
lin_delta_k_raw_read (read           ) [ 0000]
b0_coeff_raw_read    (read           ) [ 0000]
sext_ln156           (sext           ) [ 0111]
sext_ln156_75        (sext           ) [ 0111]
rbegin               (specregionbegin) [ 0000]
mul_ln156            (mul            ) [ 0000]
specfucore_ln157     (specfucore     ) [ 0000]
rend                 (specregionend  ) [ 0000]
trunc_ln             (partselect     ) [ 0000]
ret_ln126            (ret            ) [ 0000]
</LifeTime>

<model>

<comp_list>
<comp id="0" class="1000" name="b0_coeff_raw">
<pin_list>
<pin id="1" dir="1" index="0" bw="1" slack="0"/>
</pin_list>
<bind>
<StgValue><ssdm name="b0_coeff_raw"/></StgValue>
</bind>
</comp>

<comp id="2" class="1000" name="lin_delta_k_raw">
<pin_list>
<pin id="3" dir="1" index="0" bw="1" slack="0"/>
</pin_list>
<bind>
<StgValue><ssdm name="lin_delta_k_raw"/></StgValue>
</bind>
</comp>

<comp id="4" class="1001" name="const_4">
<pin_list>
<pin id="5" dir="1" index="0" bw="1" slack="0"/>
</pin_list>
<bind>
<StgValue><ssdm name="_ssdm_op_Read.ap_auto.i14"/></StgValue>
</bind>
</comp>

<comp id="6" class="1001" name="const_6">
<pin_list>
<pin id="7" dir="1" index="0" bw="1" slack="0"/>
</pin_list>
<bind>
<StgValue><ssdm name="_ssdm_op_Read.ap_auto.i26"/></StgValue>
</bind>
</comp>

<comp id="8" class="1001" name="const_8">
<pin_list>
<pin id="9" dir="1" index="0" bw="1" slack="2147483647"/>
</pin_list>
<bind>
<StgValue><ssdm name="_ssdm_op_SpecRegionBegin"/></StgValue>
</bind>
</comp>

<comp id="10" class="1001" name="const_10">
<pin_list>
<pin id="11" dir="1" index="0" bw="1" slack="2147483647"/>
</pin_list>
<bind>
<StgValue><ssdm name="empty_75"/></StgValue>
</bind>
</comp>

<comp id="12" class="1001" name="const_12">
<pin_list>
<pin id="13" dir="1" index="0" bw="1" slack="2147483647"/>
</pin_list>
<bind>
<StgValue><ssdm name="_ssdm_op_SpecFUCore"/></StgValue>
</bind>
</comp>

<comp id="14" class="1001" name="const_14">
<pin_list>
<pin id="15" dir="1" index="0" bw="1" slack="2147483647"/>
</pin_list>
<bind>
<StgValue><ssdm name=""/></StgValue>
</bind>
</comp>

<comp id="16" class="1001" name="const_16">
<pin_list>
<pin id="17" dir="1" index="0" bw="1" slack="2147483647"/>
</pin_list>
<bind>
<StgValue><ssdm name=""/></StgValue>
</bind>
</comp>

<comp id="18" class="1001" name="const_18">
<pin_list>
<pin id="19" dir="1" index="0" bw="1" slack="2147483647"/>
</pin_list>
<bind>
<StgValue><ssdm name=""/></StgValue>
</bind>
</comp>

<comp id="20" class="1001" name="const_20">
<pin_list>
<pin id="21" dir="1" index="0" bw="1" slack="2147483647"/>
</pin_list>
<bind>
<StgValue><ssdm name=""/></StgValue>
</bind>
</comp>

<comp id="22" class="1001" name="const_22">
<pin_list>
<pin id="23" dir="1" index="0" bw="1" slack="2147483647"/>
</pin_list>
<bind>
<StgValue><ssdm name="_ssdm_op_SpecRegionEnd"/></StgValue>
</bind>
</comp>

<comp id="24" class="1001" name="const_24">
<pin_list>
<pin id="25" dir="1" index="0" bw="1" slack="0"/>
</pin_list>
<bind>
<StgValue><ssdm name="_ssdm_op_PartSelect.i23.i40.i32.i32"/></StgValue>
</bind>
</comp>

<comp id="26" class="1001" name="const_26">
<pin_list>
<pin id="27" dir="1" index="0" bw="1" slack="0"/>
</pin_list>
<bind>
<StgValue><ssdm name=""/></StgValue>
</bind>
</comp>

<comp id="28" class="1001" name="const_28">
<pin_list>
<pin id="29" dir="1" index="0" bw="1" slack="0"/>
</pin_list>
<bind>
<StgValue><ssdm name=""/></StgValue>
</bind>
</comp>

<comp id="30" class="1004" name="lin_delta_k_raw_read_read_fu_30">
<pin_list>
<pin id="31" dir="0" index="0" bw="14" slack="0"/>
<pin id="32" dir="0" index="1" bw="14" slack="0"/>
<pin id="33" dir="1" index="2" bw="14" slack="0"/>
</pin_list>
<bind>
<opcode="read(1150) " fcode="read"/>
<opset="lin_delta_k_raw_read/1 "/>
</bind>
</comp>

<comp id="36" class="1004" name="b0_coeff_raw_read_read_fu_36">
<pin_list>
<pin id="37" dir="0" index="0" bw="26" slack="0"/>
<pin id="38" dir="0" index="1" bw="26" slack="0"/>
<pin id="39" dir="1" index="2" bw="26" slack="0"/>
</pin_list>
<bind>
<opcode="read(1150) " fcode="read"/>
<opset="b0_coeff_raw_read/1 "/>
</bind>
</comp>

<comp id="42" class="1004" name="sext_ln156_fu_42">
<pin_list>
<pin id="43" dir="0" index="0" bw="26" slack="0"/>
<pin id="44" dir="1" index="1" bw="40" slack="0"/>
</pin_list>
<bind>
<opcode="sext(35) " fcode="sext"/>
<opset="sext_ln156/1 "/>
</bind>
</comp>

<comp id="46" class="1004" name="sext_ln156_75_fu_46">
<pin_list>
<pin id="47" dir="0" index="0" bw="14" slack="0"/>
<pin id="48" dir="1" index="1" bw="40" slack="0"/>
</pin_list>
<bind>
<opcode="sext(35) " fcode="sext"/>
<opset="sext_ln156_75/1 "/>
</bind>
</comp>

<comp id="50" class="1004" name="grp_fu_50">
<pin_list>
<pin id="51" dir="0" index="0" bw="14" slack="0"/>
<pin id="52" dir="0" index="1" bw="26" slack="0"/>
<pin id="53" dir="1" index="2" bw="40" slack="0"/>
</pin_list>
<bind>
<opcode="mul(12) " fcode="mul"/>
<opset="mul_ln156/1 "/>
</bind>
</comp>

<comp id="56" class="1004" name="trunc_ln_fu_56">
<pin_list>
<pin id="57" dir="0" index="0" bw="23" slack="0"/>
<pin id="58" dir="0" index="1" bw="40" slack="0"/>
<pin id="59" dir="0" index="2" bw="5" slack="0"/>
<pin id="60" dir="0" index="3" bw="7" slack="0"/>
<pin id="61" dir="1" index="4" bw="23" slack="2147483647"/>
</pin_list>
<bind>
<opcode="partselect(1002) " fcode="partselect"/>
<opset="trunc_ln/3 "/>
</bind>
</comp>

<comp id="66" class="1005" name="sext_ln156_reg_66">
<pin_list>
<pin id="67" dir="0" index="0" bw="40" slack="1"/>
<pin id="68" dir="1" index="1" bw="40" slack="1"/>
</pin_list>
<bind>
<opset="sext_ln156 "/>
</bind>
</comp>

<comp id="71" class="1005" name="sext_ln156_75_reg_71">
<pin_list>
<pin id="72" dir="0" index="0" bw="40" slack="1"/>
<pin id="73" dir="1" index="1" bw="40" slack="1"/>
</pin_list>
<bind>
<opset="sext_ln156_75 "/>
</bind>
</comp>

</comp_list>

<net_list>
<net id="34"><net_src comp="4" pin="0"/><net_sink comp="30" pin=0"/></net>

<net id="35"><net_src comp="2" pin="0"/><net_sink comp="30" pin=1"/></net>

<net id="40"><net_src comp="6" pin="0"/><net_sink comp="36" pin=0"/></net>

<net id="41"><net_src comp="0" pin="0"/><net_sink comp="36" pin=1"/></net>

<net id="45"><net_src comp="36" pin="2"/><net_sink comp="42" pin=0"/></net>

<net id="49"><net_src comp="30" pin="2"/><net_sink comp="46" pin=0"/></net>

<net id="54"><net_src comp="46" pin="1"/><net_sink comp="50" pin=0"/></net>

<net id="55"><net_src comp="42" pin="1"/><net_sink comp="50" pin=1"/></net>

<net id="62"><net_src comp="24" pin="0"/><net_sink comp="56" pin=0"/></net>

<net id="63"><net_src comp="50" pin="2"/><net_sink comp="56" pin=1"/></net>

<net id="64"><net_src comp="26" pin="0"/><net_sink comp="56" pin=2"/></net>

<net id="65"><net_src comp="28" pin="0"/><net_sink comp="56" pin=3"/></net>

<net id="69"><net_src comp="42" pin="1"/><net_sink comp="66" pin=0"/></net>

<net id="70"><net_src comp="66" pin="1"/><net_sink comp="50" pin=1"/></net>

<net id="74"><net_src comp="46" pin="1"/><net_sink comp="71" pin=0"/></net>

<net id="75"><net_src comp="71" pin="1"/><net_sink comp="50" pin=0"/></net>

</net_list>

</model> 
---------------- Datapath Model END ------------------

* FSMD analyzer results:
  - Output states:
 - Input state : 
	Port: affine_b0_term_hls : b0_coeff_raw | {1 }
	Port: affine_b0_term_hls : lin_delta_k_raw | {1 }
  - Chain level:
	State 1
		mul_ln156 : 1
	State 2
	State 3
		specfucore_ln157 : 1
		rend : 1
		trunc_ln : 1
		ret_ln126 : 2


============================================================
+ Verbose Summary: Datapath Resource usage 
============================================================

* Functional unit list:
|----------|---------------------------------|---------|---------|---------|
| Operation|         Functional Unit         |   DSP   |    FF   |   LUT   |
|----------|---------------------------------|---------|---------|---------|
|    mul   |            grp_fu_50            |    1    |    21   |    29   |
|----------|---------------------------------|---------|---------|---------|
|   read   | lin_delta_k_raw_read_read_fu_30 |    0    |    0    |    0    |
|          |   b0_coeff_raw_read_read_fu_36  |    0    |    0    |    0    |
|----------|---------------------------------|---------|---------|---------|
|   sext   |         sext_ln156_fu_42        |    0    |    0    |    0    |
|          |       sext_ln156_75_fu_46       |    0    |    0    |    0    |
|----------|---------------------------------|---------|---------|---------|
|partselect|          trunc_ln_fu_56         |    0    |    0    |    0    |
|----------|---------------------------------|---------|---------|---------|
|   Total  |                                 |    1    |    21   |    29   |
|----------|---------------------------------|---------|---------|---------|

Memories:
N/A

* Register list:
+--------------------+--------+
|                    |   FF   |
+--------------------+--------+
|sext_ln156_75_reg_71|   40   |
|  sext_ln156_reg_66 |   40   |
+--------------------+--------+
|        Total       |   80   |
+--------------------+--------+

* Multiplexer (MUX) list: 
|-----------|------|------|------|--------||---------||---------||---------|
|    Comp   |  Pin | Size |  BW  | S x BW ||  Delay  ||    FF   ||   LUT   |
|-----------|------|------|------|--------||---------||---------||---------|
| grp_fu_50 |  p0  |   2  |  14  |   28   ||    0    ||    9    |
| grp_fu_50 |  p1  |   2  |  26  |   52   ||    0    ||    9    |
|-----------|------|------|------|--------||---------||---------||---------|
|   Total   |      |      |      |   80   ||  0.854  ||    0    ||    18   |
|-----------|------|------|------|--------||---------||---------||---------|



* Summary:
+-----------+--------+--------+--------+--------+
|           |   DSP  |  Delay |   FF   |   LUT  |
+-----------+--------+--------+--------+--------+
|  Function |    1   |    -   |   21   |   29   |
|   Memory  |    -   |    -   |    -   |    -   |
|Multiplexer|    -   |    0   |    0   |   18   |
|  Register |    -   |    -   |   80   |    -   |
+-----------+--------+--------+--------+--------+
|   Total   |    1   |    0   |   101  |   47   |
+-----------+--------+--------+--------+--------+
