

================================================================
== Vitis HLS Report for 'compute_front_tire_path_fn'
================================================================
* Date:           Thu May 21 15:23:03 2026

* Version:        2025.2 (Build 6295257 on Nov 14 2025)
* Project:        mpc_fpga_top_opencl
* Solution:       hls (Vitis Kernel Flow Target)
* Product family: zynquplus
* Target device:  xck26-sfvc784-2LV-c


================================================================
== Performance Estimates
================================================================
+ Timing: 
    * Summary: 
    +--------+---------+----------+------------+
    |  Clock |  Target | Estimated| Uncertainty|
    +--------+---------+----------+------------+
    |ap_clk  |  5.00 ns|  4.433 ns|     0.50 ns|
    +--------+---------+----------+------------+

+ Latency: 
    * Summary: 
    +---------+---------+----------+----------+-----+-----+---------+
    |  Latency (cycles) |  Latency (absolute) |  Interval | Pipeline|
    |   min   |   max   |    min   |    max   | min | max |   Type  |
    +---------+---------+----------+----------+-----+-----+---------+
    |       47|       47|  0.235 us|  0.235 us|   48|   48|      yes|
    +---------+---------+----------+----------+-----+-----+---------+

    + Detail: 
        * Instance: 
        N/A

        * Loop: 
        N/A

============================================================
+ Verbose Summary: Synthesis Manager
============================================================
InlineROM: 1
ExposeGlobal: 0
============================================================
+ Verbose Summary: CDFG Model
============================================================
IsTopModel: 0
ResetActiveHigh: 1
IsCombinational: 0
IsDatapathOnly: 0
HasWiredReturn: 1
HasMFsm: 2
HasVarLatency: 0
IsPipeline: 1
IsRtlPipelined: 0
IsInstanceOverlapped: 0
IsDontTouch: 0
HasImplIP: 0
IsGatedGlobalClock: 0

+ Individual pipeline summary: 
  * Pipeline-0: initiation interval (II) = 48, depth = 48


============================================================
+ Verbose Summary: Schedule
============================================================
* Number of FSM states : 48
* Pipeline : 1
  Pipeline-0 : II = 48, D = 48, States = { 1 2 3 4 5 6 7 8 9 10 11 12 13 14 15 16 17 18 19 20 21 22 23 24 25 26 27 28 29 30 31 32 33 34 35 36 37 38 39 40 41 42 43 44 45 46 47 48 }
* Dataflow Pipeline: 0

* FSM state transitions: 
1 --> 2 
2 --> 3 
3 --> 4 
4 --> 5 
5 --> 6 
6 --> 7 
7 --> 8 
8 --> 9 
9 --> 10 
10 --> 11 
11 --> 12 
12 --> 13 
13 --> 14 
14 --> 15 
15 --> 16 
16 --> 17 
17 --> 18 
18 --> 19 
19 --> 20 
20 --> 21 
21 --> 22 
22 --> 23 
23 --> 24 
24 --> 25 
25 --> 26 
26 --> 27 
27 --> 28 
28 --> 29 
29 --> 30 
30 --> 31 
31 --> 32 
32 --> 33 
33 --> 34 
34 --> 35 
35 --> 36 
36 --> 37 
37 --> 38 
38 --> 39 
39 --> 40 
40 --> 41 
41 --> 42 
42 --> 43 
43 --> 44 
44 --> 45 
45 --> 46 
46 --> 47 
47 --> 48 
48 --> 

* FSM state operations: 

State 1 <SV = 0> <Delay = 4.00>
ST_1 : Operation 49 [1/1] (0.00ns)   --->   "%conv_i_i_i65_i_read = read i26 @_ssdm_op_Read.ap_auto.i26, i26 %conv_i_i_i65_i"   --->   Operation 49 'read' 'conv_i_i_i65_i_read' <Predicate = true> <Delay = 0.00>
ST_1 : Operation 50 [1/1] (0.00ns)   --->   "%tmp = read i26 @_ssdm_op_Read.ap_auto.i26, i26 %empty"   --->   Operation 50 'read' 'tmp' <Predicate = true> <Delay = 0.00>
ST_1 : Operation 51 [1/1] (0.00ns)   --->   "%p_0_0_02853_i_read = read i26 @_ssdm_op_Read.ap_auto.i26, i26 %p_0_0_02853_i"   --->   Operation 51 'read' 'p_0_0_02853_i_read' <Predicate = true> <Delay = 0.00>
ST_1 : Operation 52 [6/6] (4.00ns)   --->   "%ref_tmp1_i = call i26 @fp_atan_lut_fn, i26 %p_0_0_02853_i_read, i18 %atan_lut_fn" [../src/vehicle_model_hls.cpp:269->../src/vehicle_model_hls.cpp:390]   --->   Operation 52 'call' 'ref_tmp1_i' <Predicate = true> <Delay = 4.00> <CoreType = "Generic">   --->   Generic Core
ST_1 : Operation 53 [1/1] (0.00ns)   --->   "%sext_ln671_88 = sext i26 %tmp" [../src/fp_math_hls.cpp:671->../src/vehicle_model_hls.cpp:277->../src/vehicle_model_hls.cpp:390]   --->   Operation 53 'sext' 'sext_ln671_88' <Predicate = true> <Delay = 0.00>
ST_1 : Operation 54 [4/4] (1.78ns)   --->   "%mul_ln671_55 = mul i47 %sext_ln671_88, i47 586430" [../src/fp_math_hls.cpp:671->../src/vehicle_model_hls.cpp:277->../src/vehicle_model_hls.cpp:390]   --->   Operation 54 'mul' 'mul_ln671_55' <Predicate = true> <Delay = 1.78> <CoreInst = "Mul_DSP">   --->   Core 5 'Mul_DSP' <Latency = 3> <II = 1> <Delay = 1.78> <FuncUnit> <Opcode : 'mul'> <InPorts = 2> <OutPorts = 1>
ST_1 : Operation 55 [8/8] (3.38ns)   --->   "%inv_D_f_fn = call i23 @fp_recip_fn, i26 %conv_i_i_i65_i_read, i19 %recip_lut_fn" [../src/vehicle_model_hls.cpp:284->../src/vehicle_model_hls.cpp:390]   --->   Operation 55 'call' 'inv_D_f_fn' <Predicate = true> <Delay = 3.38> <CoreType = "Generic">   --->   Generic Core

State 2 <SV = 1> <Delay = 4.35>
ST_2 : Operation 56 [5/6] (4.01ns)   --->   "%ref_tmp1_i = call i26 @fp_atan_lut_fn, i26 %p_0_0_02853_i_read, i18 %atan_lut_fn" [../src/vehicle_model_hls.cpp:269->../src/vehicle_model_hls.cpp:390]   --->   Operation 56 'call' 'ref_tmp1_i' <Predicate = true> <Delay = 4.01> <CoreType = "Generic">   --->   Generic Core
ST_2 : Operation 57 [3/4] (1.78ns)   --->   "%mul_ln671_55 = mul i47 %sext_ln671_88, i47 586430" [../src/fp_math_hls.cpp:671->../src/vehicle_model_hls.cpp:277->../src/vehicle_model_hls.cpp:390]   --->   Operation 57 'mul' 'mul_ln671_55' <Predicate = true> <Delay = 1.78> <CoreInst = "Mul_DSP">   --->   Core 5 'Mul_DSP' <Latency = 3> <II = 1> <Delay = 1.78> <FuncUnit> <Opcode : 'mul'> <InPorts = 2> <OutPorts = 1>
ST_2 : Operation 58 [7/8] (4.35ns)   --->   "%inv_D_f_fn = call i23 @fp_recip_fn, i26 %conv_i_i_i65_i_read, i19 %recip_lut_fn" [../src/vehicle_model_hls.cpp:284->../src/vehicle_model_hls.cpp:390]   --->   Operation 58 'call' 'inv_D_f_fn' <Predicate = true> <Delay = 4.35> <CoreType = "Generic">   --->   Generic Core

State 3 <SV = 2> <Delay = 4.35>
ST_3 : Operation 59 [4/6] (4.01ns)   --->   "%ref_tmp1_i = call i26 @fp_atan_lut_fn, i26 %p_0_0_02853_i_read, i18 %atan_lut_fn" [../src/vehicle_model_hls.cpp:269->../src/vehicle_model_hls.cpp:390]   --->   Operation 59 'call' 'ref_tmp1_i' <Predicate = true> <Delay = 4.01> <CoreType = "Generic">   --->   Generic Core
ST_3 : Operation 60 [2/4] (1.78ns)   --->   "%mul_ln671_55 = mul i47 %sext_ln671_88, i47 586430" [../src/fp_math_hls.cpp:671->../src/vehicle_model_hls.cpp:277->../src/vehicle_model_hls.cpp:390]   --->   Operation 60 'mul' 'mul_ln671_55' <Predicate = true> <Delay = 1.78> <CoreInst = "Mul_DSP">   --->   Core 5 'Mul_DSP' <Latency = 3> <II = 1> <Delay = 1.78> <FuncUnit> <Opcode : 'mul'> <InPorts = 2> <OutPorts = 1>
ST_3 : Operation 61 [6/8] (4.35ns)   --->   "%inv_D_f_fn = call i23 @fp_recip_fn, i26 %conv_i_i_i65_i_read, i19 %recip_lut_fn" [../src/vehicle_model_hls.cpp:284->../src/vehicle_model_hls.cpp:390]   --->   Operation 61 'call' 'inv_D_f_fn' <Predicate = true> <Delay = 4.35> <CoreType = "Generic">   --->   Generic Core

State 4 <SV = 3> <Delay = 4.35>
ST_4 : Operation 62 [3/6] (4.01ns)   --->   "%ref_tmp1_i = call i26 @fp_atan_lut_fn, i26 %p_0_0_02853_i_read, i18 %atan_lut_fn" [../src/vehicle_model_hls.cpp:269->../src/vehicle_model_hls.cpp:390]   --->   Operation 62 'call' 'ref_tmp1_i' <Predicate = true> <Delay = 4.01> <CoreType = "Generic">   --->   Generic Core
ST_4 : Operation 63 [1/4] (1.78ns)   --->   "%mul_ln671_55 = mul i47 %sext_ln671_88, i47 586430" [../src/fp_math_hls.cpp:671->../src/vehicle_model_hls.cpp:277->../src/vehicle_model_hls.cpp:390]   --->   Operation 63 'mul' 'mul_ln671_55' <Predicate = true> <Delay = 1.78> <CoreInst = "Mul_DSP">   --->   Core 5 'Mul_DSP' <Latency = 3> <II = 1> <Delay = 1.78> <FuncUnit> <Opcode : 'mul'> <InPorts = 2> <OutPorts = 1>
ST_4 : Operation 64 [1/1] (0.00ns)   --->   "%specfucore_ln673 = specfucore void @_ssdm_op_SpecFUCore, i47 %mul_ln671_55, i64 12, i64 3, i64 3, i1 0" [../src/fp_math_hls.cpp:673->../src/vehicle_model_hls.cpp:277->../src/vehicle_model_hls.cpp:390]   --->   Operation 64 'specfucore' 'specfucore_ln673' <Predicate = true> <Delay = 0.00>
ST_4 : Operation 65 [1/1] (0.00ns)   --->   "%product_q_93 = partselect i26 @_ssdm_op_PartSelect.i26.i47.i32.i32, i47 %mul_ln671_55, i32 17, i32 42" [../src/fp_math_hls.cpp:674->../src/vehicle_model_hls.cpp:277->../src/vehicle_model_hls.cpp:390]   --->   Operation 65 'partselect' 'product_q_93' <Predicate = true> <Delay = 0.00>
ST_4 : Operation 66 [5/8] (4.35ns)   --->   "%inv_D_f_fn = call i23 @fp_recip_fn, i26 %conv_i_i_i65_i_read, i19 %recip_lut_fn" [../src/vehicle_model_hls.cpp:284->../src/vehicle_model_hls.cpp:390]   --->   Operation 66 'call' 'inv_D_f_fn' <Predicate = true> <Delay = 4.35> <CoreType = "Generic">   --->   Generic Core

State 5 <SV = 4> <Delay = 4.35>
ST_5 : Operation 67 [2/6] (4.01ns)   --->   "%ref_tmp1_i = call i26 @fp_atan_lut_fn, i26 %p_0_0_02853_i_read, i18 %atan_lut_fn" [../src/vehicle_model_hls.cpp:269->../src/vehicle_model_hls.cpp:390]   --->   Operation 67 'call' 'ref_tmp1_i' <Predicate = true> <Delay = 4.01> <CoreType = "Generic">   --->   Generic Core
ST_5 : Operation 68 [4/8] (4.35ns)   --->   "%inv_D_f_fn = call i23 @fp_recip_fn, i26 %conv_i_i_i65_i_read, i19 %recip_lut_fn" [../src/vehicle_model_hls.cpp:284->../src/vehicle_model_hls.cpp:390]   --->   Operation 68 'call' 'inv_D_f_fn' <Predicate = true> <Delay = 4.35> <CoreType = "Generic">   --->   Generic Core

State 6 <SV = 5> <Delay = 4.35>
ST_6 : Operation 69 [1/6] (4.01ns)   --->   "%ref_tmp1_i = call i26 @fp_atan_lut_fn, i26 %p_0_0_02853_i_read, i18 %atan_lut_fn" [../src/vehicle_model_hls.cpp:269->../src/vehicle_model_hls.cpp:390]   --->   Operation 69 'call' 'ref_tmp1_i' <Predicate = true> <Delay = 4.01> <CoreType = "Generic">   --->   Generic Core
ST_6 : Operation 70 [3/8] (4.35ns)   --->   "%inv_D_f_fn = call i23 @fp_recip_fn, i26 %conv_i_i_i65_i_read, i19 %recip_lut_fn" [../src/vehicle_model_hls.cpp:284->../src/vehicle_model_hls.cpp:390]   --->   Operation 70 'call' 'inv_D_f_fn' <Predicate = true> <Delay = 4.35> <CoreType = "Generic">   --->   Generic Core

State 7 <SV = 6> <Delay = 4.35>
ST_7 : Operation 71 [1/1] (0.00ns)   --->   "%conv_i_i_i_i1462_i_read = read i17 @_ssdm_op_Read.ap_auto.i17, i17 %conv_i_i_i_i1462_i"   --->   Operation 71 'read' 'conv_i_i_i_i1462_i_read' <Predicate = true> <Delay = 0.00>
ST_7 : Operation 72 [1/1] (0.00ns)   --->   "%conv_i_i_i_i1462_i_cast = sext i17 %conv_i_i_i_i1462_i_read"   --->   Operation 72 'sext' 'conv_i_i_i_i1462_i_cast' <Predicate = true> <Delay = 0.00>
ST_7 : Operation 73 [1/1] (0.95ns)   --->   "%alpha = sub i26 %conv_i_i_i_i1462_i_cast, i26 %ref_tmp1_i" [../src/vehicle_model_hls.cpp:269->../src/vehicle_model_hls.cpp:390]   --->   Operation 73 'sub' 'alpha' <Predicate = true> <Delay = 0.95> <CoreInst = "Adder">   --->   Core 1 'Adder' <Latency = 0> <II = 1> <Delay = 0.95> <FuncUnit> <Opcode : 'add' 'sub'> <InPorts = 2> <OutPorts = 1>
ST_7 : Operation 74 [1/1] (0.00ns)   --->   "%sext_ln671 = sext i26 %alpha" [../src/fp_math_hls.cpp:671->../src/vehicle_model_hls.cpp:271->../src/vehicle_model_hls.cpp:390]   --->   Operation 74 'sext' 'sext_ln671' <Predicate = true> <Delay = 0.00>
ST_7 : Operation 75 [4/4] (1.78ns)   --->   "%mul_ln671 = mul i46 %sext_ln671, i46 308647" [../src/fp_math_hls.cpp:671->../src/vehicle_model_hls.cpp:271->../src/vehicle_model_hls.cpp:390]   --->   Operation 75 'mul' 'mul_ln671' <Predicate = true> <Delay = 1.78> <CoreInst = "Mul_DSP">   --->   Core 5 'Mul_DSP' <Latency = 3> <II = 1> <Delay = 1.78> <FuncUnit> <Opcode : 'mul'> <InPorts = 2> <OutPorts = 1>
ST_7 : Operation 76 [2/8] (4.35ns)   --->   "%inv_D_f_fn = call i23 @fp_recip_fn, i26 %conv_i_i_i65_i_read, i19 %recip_lut_fn" [../src/vehicle_model_hls.cpp:284->../src/vehicle_model_hls.cpp:390]   --->   Operation 76 'call' 'inv_D_f_fn' <Predicate = true> <Delay = 4.35> <CoreType = "Generic">   --->   Generic Core

State 8 <SV = 7> <Delay = 4.10>
ST_8 : Operation 77 [3/4] (1.78ns)   --->   "%mul_ln671 = mul i46 %sext_ln671, i46 308647" [../src/fp_math_hls.cpp:671->../src/vehicle_model_hls.cpp:271->../src/vehicle_model_hls.cpp:390]   --->   Operation 77 'mul' 'mul_ln671' <Predicate = true> <Delay = 1.78> <CoreInst = "Mul_DSP">   --->   Core 5 'Mul_DSP' <Latency = 3> <II = 1> <Delay = 1.78> <FuncUnit> <Opcode : 'mul'> <InPorts = 2> <OutPorts = 1>
ST_8 : Operation 78 [1/8] (4.10ns)   --->   "%inv_D_f_fn = call i23 @fp_recip_fn, i26 %conv_i_i_i65_i_read, i19 %recip_lut_fn" [../src/vehicle_model_hls.cpp:284->../src/vehicle_model_hls.cpp:390]   --->   Operation 78 'call' 'inv_D_f_fn' <Predicate = true> <Delay = 4.10> <CoreType = "Generic">   --->   Generic Core

State 9 <SV = 8> <Delay = 1.78>
ST_9 : Operation 79 [2/4] (1.78ns)   --->   "%mul_ln671 = mul i46 %sext_ln671, i46 308647" [../src/fp_math_hls.cpp:671->../src/vehicle_model_hls.cpp:271->../src/vehicle_model_hls.cpp:390]   --->   Operation 79 'mul' 'mul_ln671' <Predicate = true> <Delay = 1.78> <CoreInst = "Mul_DSP">   --->   Core 5 'Mul_DSP' <Latency = 3> <II = 1> <Delay = 1.78> <FuncUnit> <Opcode : 'mul'> <InPorts = 2> <OutPorts = 1>

State 10 <SV = 9> <Delay = 3.56>
ST_10 : Operation 80 [1/4] (1.78ns)   --->   "%mul_ln671 = mul i46 %sext_ln671, i46 308647" [../src/fp_math_hls.cpp:671->../src/vehicle_model_hls.cpp:271->../src/vehicle_model_hls.cpp:390]   --->   Operation 80 'mul' 'mul_ln671' <Predicate = true> <Delay = 1.78> <CoreInst = "Mul_DSP">   --->   Core 5 'Mul_DSP' <Latency = 3> <II = 1> <Delay = 1.78> <FuncUnit> <Opcode : 'mul'> <InPorts = 2> <OutPorts = 1>
ST_10 : Operation 81 [1/1] (0.00ns)   --->   "%specfucore_ln673 = specfucore void @_ssdm_op_SpecFUCore, i46 %mul_ln671, i64 12, i64 3, i64 3, i1 0" [../src/fp_math_hls.cpp:673->../src/vehicle_model_hls.cpp:271->../src/vehicle_model_hls.cpp:390]   --->   Operation 81 'specfucore' 'specfucore_ln673' <Predicate = true> <Delay = 0.00>
ST_10 : Operation 82 [1/1] (0.00ns)   --->   "%product_q = partselect i26 @_ssdm_op_PartSelect.i26.i46.i32.i32, i46 %mul_ln671, i32 17, i32 42" [../src/fp_math_hls.cpp:674->../src/vehicle_model_hls.cpp:271->../src/vehicle_model_hls.cpp:390]   --->   Operation 82 'partselect' 'product_q' <Predicate = true> <Delay = 0.00>
ST_10 : Operation 83 [1/1] (0.00ns)   --->   "%sext_ln671_87 = sext i26 %product_q" [../src/fp_math_hls.cpp:671->../src/vehicle_model_hls.cpp:275->../src/vehicle_model_hls.cpp:390]   --->   Operation 83 'sext' 'sext_ln671_87' <Predicate = true> <Delay = 0.00>
ST_10 : Operation 84 [4/4] (1.78ns)   --->   "%product = mul i43 %sext_ln671_87, i43 %sext_ln671_87" [../src/fp_math_hls.cpp:671->../src/vehicle_model_hls.cpp:275->../src/vehicle_model_hls.cpp:390]   --->   Operation 84 'mul' 'product' <Predicate = true> <Delay = 1.78> <CoreInst = "Mul_DSP">   --->   Core 5 'Mul_DSP' <Latency = 3> <II = 1> <Delay = 1.78> <FuncUnit> <Opcode : 'mul'> <InPorts = 2> <OutPorts = 1>

State 11 <SV = 10> <Delay = 4.00>
ST_11 : Operation 85 [6/6] (4.00ns)   --->   "%atan_ba_fn = call i26 @fp_atan_lut_fn, i26 %product_q, i18 %atan_lut_fn" [../src/vehicle_model_hls.cpp:54->../src/vehicle_model_hls.cpp:272->../src/vehicle_model_hls.cpp:390]   --->   Operation 85 'call' 'atan_ba_fn' <Predicate = true> <Delay = 4.00> <CoreType = "Generic">   --->   Generic Core
ST_11 : Operation 86 [3/4] (1.78ns)   --->   "%product = mul i43 %sext_ln671_87, i43 %sext_ln671_87" [../src/fp_math_hls.cpp:671->../src/vehicle_model_hls.cpp:275->../src/vehicle_model_hls.cpp:390]   --->   Operation 86 'mul' 'product' <Predicate = true> <Delay = 1.78> <CoreInst = "Mul_DSP">   --->   Core 5 'Mul_DSP' <Latency = 3> <II = 1> <Delay = 1.78> <FuncUnit> <Opcode : 'mul'> <InPorts = 2> <OutPorts = 1>

State 12 <SV = 11> <Delay = 4.01>
ST_12 : Operation 87 [5/6] (4.01ns)   --->   "%atan_ba_fn = call i26 @fp_atan_lut_fn, i26 %product_q, i18 %atan_lut_fn" [../src/vehicle_model_hls.cpp:54->../src/vehicle_model_hls.cpp:272->../src/vehicle_model_hls.cpp:390]   --->   Operation 87 'call' 'atan_ba_fn' <Predicate = true> <Delay = 4.01> <CoreType = "Generic">   --->   Generic Core
ST_12 : Operation 88 [2/4] (1.78ns)   --->   "%product = mul i43 %sext_ln671_87, i43 %sext_ln671_87" [../src/fp_math_hls.cpp:671->../src/vehicle_model_hls.cpp:275->../src/vehicle_model_hls.cpp:390]   --->   Operation 88 'mul' 'product' <Predicate = true> <Delay = 1.78> <CoreInst = "Mul_DSP">   --->   Core 5 'Mul_DSP' <Latency = 3> <II = 1> <Delay = 1.78> <FuncUnit> <Opcode : 'mul'> <InPorts = 2> <OutPorts = 1>

State 13 <SV = 12> <Delay = 4.01>
ST_13 : Operation 89 [4/6] (4.01ns)   --->   "%atan_ba_fn = call i26 @fp_atan_lut_fn, i26 %product_q, i18 %atan_lut_fn" [../src/vehicle_model_hls.cpp:54->../src/vehicle_model_hls.cpp:272->../src/vehicle_model_hls.cpp:390]   --->   Operation 89 'call' 'atan_ba_fn' <Predicate = true> <Delay = 4.01> <CoreType = "Generic">   --->   Generic Core
ST_13 : Operation 90 [1/4] (1.78ns)   --->   "%product = mul i43 %sext_ln671_87, i43 %sext_ln671_87" [../src/fp_math_hls.cpp:671->../src/vehicle_model_hls.cpp:275->../src/vehicle_model_hls.cpp:390]   --->   Operation 90 'mul' 'product' <Predicate = true> <Delay = 1.78> <CoreInst = "Mul_DSP">   --->   Core 5 'Mul_DSP' <Latency = 3> <II = 1> <Delay = 1.78> <FuncUnit> <Opcode : 'mul'> <InPorts = 2> <OutPorts = 1>
ST_13 : Operation 91 [1/1] (0.00ns)   --->   "%specfucore_ln673 = specfucore void @_ssdm_op_SpecFUCore, i43 %product, i64 12, i64 3, i64 3, i1 0" [../src/fp_math_hls.cpp:673->../src/vehicle_model_hls.cpp:275->../src/vehicle_model_hls.cpp:390]   --->   Operation 91 'specfucore' 'specfucore_ln673' <Predicate = true> <Delay = 0.00>
ST_13 : Operation 92 [1/1] (0.00ns)   --->   "%product_q_92 = partselect i26 @_ssdm_op_PartSelect.i26.i43.i32.i32, i43 %product, i32 17, i32 42" [../src/fp_math_hls.cpp:674->../src/vehicle_model_hls.cpp:275->../src/vehicle_model_hls.cpp:390]   --->   Operation 92 'partselect' 'product_q_92' <Predicate = true> <Delay = 0.00>

State 14 <SV = 13> <Delay = 4.34>
ST_14 : Operation 93 [3/6] (4.01ns)   --->   "%atan_ba_fn = call i26 @fp_atan_lut_fn, i26 %product_q, i18 %atan_lut_fn" [../src/vehicle_model_hls.cpp:54->../src/vehicle_model_hls.cpp:272->../src/vehicle_model_hls.cpp:390]   --->   Operation 93 'call' 'atan_ba_fn' <Predicate = true> <Delay = 4.01> <CoreType = "Generic">   --->   Generic Core
ST_14 : Operation 94 [1/1] (0.95ns)   --->   "%add_ln275 = add i26 %product_q_92, i26 131072" [../src/vehicle_model_hls.cpp:275->../src/vehicle_model_hls.cpp:390]   --->   Operation 94 'add' 'add_ln275' <Predicate = true> <Delay = 0.95> <CoreInst = "Adder">   --->   Core 1 'Adder' <Latency = 0> <II = 1> <Delay = 0.95> <FuncUnit> <Opcode : 'add' 'sub'> <InPorts = 2> <OutPorts = 1>
ST_14 : Operation 95 [8/8] (3.38ns)   --->   "%inv_denom_f_fn = call i23 @fp_recip_fn, i26 %add_ln275, i19 %recip_lut_fn" [../src/vehicle_model_hls.cpp:275->../src/vehicle_model_hls.cpp:390]   --->   Operation 95 'call' 'inv_denom_f_fn' <Predicate = true> <Delay = 3.38> <CoreType = "Generic">   --->   Generic Core

State 15 <SV = 14> <Delay = 4.35>
ST_15 : Operation 96 [2/6] (4.01ns)   --->   "%atan_ba_fn = call i26 @fp_atan_lut_fn, i26 %product_q, i18 %atan_lut_fn" [../src/vehicle_model_hls.cpp:54->../src/vehicle_model_hls.cpp:272->../src/vehicle_model_hls.cpp:390]   --->   Operation 96 'call' 'atan_ba_fn' <Predicate = true> <Delay = 4.01> <CoreType = "Generic">   --->   Generic Core
ST_15 : Operation 97 [7/8] (4.35ns)   --->   "%inv_denom_f_fn = call i23 @fp_recip_fn, i26 %add_ln275, i19 %recip_lut_fn" [../src/vehicle_model_hls.cpp:275->../src/vehicle_model_hls.cpp:390]   --->   Operation 97 'call' 'inv_denom_f_fn' <Predicate = true> <Delay = 4.35> <CoreType = "Generic">   --->   Generic Core

State 16 <SV = 15> <Delay = 4.35>
ST_16 : Operation 98 [1/6] (4.01ns)   --->   "%atan_ba_fn = call i26 @fp_atan_lut_fn, i26 %product_q, i18 %atan_lut_fn" [../src/vehicle_model_hls.cpp:54->../src/vehicle_model_hls.cpp:272->../src/vehicle_model_hls.cpp:390]   --->   Operation 98 'call' 'atan_ba_fn' <Predicate = true> <Delay = 4.01> <CoreType = "Generic">   --->   Generic Core
ST_16 : Operation 99 [6/8] (4.35ns)   --->   "%inv_denom_f_fn = call i23 @fp_recip_fn, i26 %add_ln275, i19 %recip_lut_fn" [../src/vehicle_model_hls.cpp:275->../src/vehicle_model_hls.cpp:390]   --->   Operation 99 'call' 'inv_denom_f_fn' <Predicate = true> <Delay = 4.35> <CoreType = "Generic">   --->   Generic Core

State 17 <SV = 16> <Delay = 4.35>
ST_17 : Operation 100 [1/1] (0.00ns)   --->   "%sext_ln671_86 = sext i26 %atan_ba_fn" [../src/fp_math_hls.cpp:671->../src/vehicle_model_hls.cpp:55->../src/vehicle_model_hls.cpp:272->../src/vehicle_model_hls.cpp:390]   --->   Operation 100 'sext' 'sext_ln671_86' <Predicate = true> <Delay = 0.00>
ST_17 : Operation 101 [4/4] (1.78ns)   --->   "%mul_ln671_53 = mul i45 %sext_ln671_86, i45 249036" [../src/fp_math_hls.cpp:671->../src/vehicle_model_hls.cpp:55->../src/vehicle_model_hls.cpp:272->../src/vehicle_model_hls.cpp:390]   --->   Operation 101 'mul' 'mul_ln671_53' <Predicate = true> <Delay = 1.78> <CoreInst = "Mul_DSP">   --->   Core 5 'Mul_DSP' <Latency = 3> <II = 1> <Delay = 1.78> <FuncUnit> <Opcode : 'mul'> <InPorts = 2> <OutPorts = 1>
ST_17 : Operation 102 [5/8] (4.35ns)   --->   "%inv_denom_f_fn = call i23 @fp_recip_fn, i26 %add_ln275, i19 %recip_lut_fn" [../src/vehicle_model_hls.cpp:275->../src/vehicle_model_hls.cpp:390]   --->   Operation 102 'call' 'inv_denom_f_fn' <Predicate = true> <Delay = 4.35> <CoreType = "Generic">   --->   Generic Core

State 18 <SV = 17> <Delay = 4.35>
ST_18 : Operation 103 [3/4] (1.78ns)   --->   "%mul_ln671_53 = mul i45 %sext_ln671_86, i45 249036" [../src/fp_math_hls.cpp:671->../src/vehicle_model_hls.cpp:55->../src/vehicle_model_hls.cpp:272->../src/vehicle_model_hls.cpp:390]   --->   Operation 103 'mul' 'mul_ln671_53' <Predicate = true> <Delay = 1.78> <CoreInst = "Mul_DSP">   --->   Core 5 'Mul_DSP' <Latency = 3> <II = 1> <Delay = 1.78> <FuncUnit> <Opcode : 'mul'> <InPorts = 2> <OutPorts = 1>
ST_18 : Operation 104 [4/8] (4.35ns)   --->   "%inv_denom_f_fn = call i23 @fp_recip_fn, i26 %add_ln275, i19 %recip_lut_fn" [../src/vehicle_model_hls.cpp:275->../src/vehicle_model_hls.cpp:390]   --->   Operation 104 'call' 'inv_denom_f_fn' <Predicate = true> <Delay = 4.35> <CoreType = "Generic">   --->   Generic Core

State 19 <SV = 18> <Delay = 4.35>
ST_19 : Operation 105 [2/4] (1.78ns)   --->   "%mul_ln671_53 = mul i45 %sext_ln671_86, i45 249036" [../src/fp_math_hls.cpp:671->../src/vehicle_model_hls.cpp:55->../src/vehicle_model_hls.cpp:272->../src/vehicle_model_hls.cpp:390]   --->   Operation 105 'mul' 'mul_ln671_53' <Predicate = true> <Delay = 1.78> <CoreInst = "Mul_DSP">   --->   Core 5 'Mul_DSP' <Latency = 3> <II = 1> <Delay = 1.78> <FuncUnit> <Opcode : 'mul'> <InPorts = 2> <OutPorts = 1>
ST_19 : Operation 106 [3/8] (4.35ns)   --->   "%inv_denom_f_fn = call i23 @fp_recip_fn, i26 %add_ln275, i19 %recip_lut_fn" [../src/vehicle_model_hls.cpp:275->../src/vehicle_model_hls.cpp:390]   --->   Operation 106 'call' 'inv_denom_f_fn' <Predicate = true> <Delay = 4.35> <CoreType = "Generic">   --->   Generic Core

State 20 <SV = 19> <Delay = 4.35>
ST_20 : Operation 107 [1/4] (1.78ns)   --->   "%mul_ln671_53 = mul i45 %sext_ln671_86, i45 249036" [../src/fp_math_hls.cpp:671->../src/vehicle_model_hls.cpp:55->../src/vehicle_model_hls.cpp:272->../src/vehicle_model_hls.cpp:390]   --->   Operation 107 'mul' 'mul_ln671_53' <Predicate = true> <Delay = 1.78> <CoreInst = "Mul_DSP">   --->   Core 5 'Mul_DSP' <Latency = 3> <II = 1> <Delay = 1.78> <FuncUnit> <Opcode : 'mul'> <InPorts = 2> <OutPorts = 1>
ST_20 : Operation 108 [1/1] (0.00ns)   --->   "%specfucore_ln673 = specfucore void @_ssdm_op_SpecFUCore, i45 %mul_ln671_53, i64 12, i64 3, i64 3, i1 0" [../src/fp_math_hls.cpp:673->../src/vehicle_model_hls.cpp:55->../src/vehicle_model_hls.cpp:272->../src/vehicle_model_hls.cpp:390]   --->   Operation 108 'specfucore' 'specfucore_ln673' <Predicate = true> <Delay = 0.00>
ST_20 : Operation 109 [1/1] (0.00ns)   --->   "%product_q_91 = partselect i26 @_ssdm_op_PartSelect.i26.i45.i32.i32, i45 %mul_ln671_53, i32 17, i32 42" [../src/fp_math_hls.cpp:674->../src/vehicle_model_hls.cpp:55->../src/vehicle_model_hls.cpp:272->../src/vehicle_model_hls.cpp:390]   --->   Operation 109 'partselect' 'product_q_91' <Predicate = true> <Delay = 0.00>
ST_20 : Operation 110 [2/8] (4.35ns)   --->   "%inv_denom_f_fn = call i23 @fp_recip_fn, i26 %add_ln275, i19 %recip_lut_fn" [../src/vehicle_model_hls.cpp:275->../src/vehicle_model_hls.cpp:390]   --->   Operation 110 'call' 'inv_denom_f_fn' <Predicate = true> <Delay = 4.35> <CoreType = "Generic">   --->   Generic Core

State 21 <SV = 20> <Delay = 4.10>
ST_21 : Operation 111 [11/11] (3.83ns)   --->   "%call_ret = call i52 @fp_trig_pair_fused_fn, i26 %product_q_91, i18 %sin_lut_fn, i19 %cos_lut_fn" [../src/vehicle_model_hls.cpp:67->../src/vehicle_model_hls.cpp:274->../src/vehicle_model_hls.cpp:390]   --->   Operation 111 'call' 'call_ret' <Predicate = true> <Delay = 3.83> <CoreType = "Generic">   --->   Generic Core
ST_21 : Operation 112 [1/8] (4.10ns)   --->   "%inv_denom_f_fn = call i23 @fp_recip_fn, i26 %add_ln275, i19 %recip_lut_fn" [../src/vehicle_model_hls.cpp:275->../src/vehicle_model_hls.cpp:390]   --->   Operation 112 'call' 'inv_denom_f_fn' <Predicate = true> <Delay = 4.10> <CoreType = "Generic">   --->   Generic Core

State 22 <SV = 21> <Delay = 4.41>
ST_22 : Operation 113 [10/11] (4.41ns)   --->   "%call_ret = call i52 @fp_trig_pair_fused_fn, i26 %product_q_91, i18 %sin_lut_fn, i19 %cos_lut_fn" [../src/vehicle_model_hls.cpp:67->../src/vehicle_model_hls.cpp:274->../src/vehicle_model_hls.cpp:390]   --->   Operation 113 'call' 'call_ret' <Predicate = true> <Delay = 4.41> <CoreType = "Generic">   --->   Generic Core

State 23 <SV = 22> <Delay = 4.41>
ST_23 : Operation 114 [9/11] (4.41ns)   --->   "%call_ret = call i52 @fp_trig_pair_fused_fn, i26 %product_q_91, i18 %sin_lut_fn, i19 %cos_lut_fn" [../src/vehicle_model_hls.cpp:67->../src/vehicle_model_hls.cpp:274->../src/vehicle_model_hls.cpp:390]   --->   Operation 114 'call' 'call_ret' <Predicate = true> <Delay = 4.41> <CoreType = "Generic">   --->   Generic Core

State 24 <SV = 23> <Delay = 4.41>
ST_24 : Operation 115 [8/11] (4.41ns)   --->   "%call_ret = call i52 @fp_trig_pair_fused_fn, i26 %product_q_91, i18 %sin_lut_fn, i19 %cos_lut_fn" [../src/vehicle_model_hls.cpp:67->../src/vehicle_model_hls.cpp:274->../src/vehicle_model_hls.cpp:390]   --->   Operation 115 'call' 'call_ret' <Predicate = true> <Delay = 4.41> <CoreType = "Generic">   --->   Generic Core

State 25 <SV = 24> <Delay = 4.41>
ST_25 : Operation 116 [7/11] (4.41ns)   --->   "%call_ret = call i52 @fp_trig_pair_fused_fn, i26 %product_q_91, i18 %sin_lut_fn, i19 %cos_lut_fn" [../src/vehicle_model_hls.cpp:67->../src/vehicle_model_hls.cpp:274->../src/vehicle_model_hls.cpp:390]   --->   Operation 116 'call' 'call_ret' <Predicate = true> <Delay = 4.41> <CoreType = "Generic">   --->   Generic Core

State 26 <SV = 25> <Delay = 4.41>
ST_26 : Operation 117 [6/11] (4.41ns)   --->   "%call_ret = call i52 @fp_trig_pair_fused_fn, i26 %product_q_91, i18 %sin_lut_fn, i19 %cos_lut_fn" [../src/vehicle_model_hls.cpp:67->../src/vehicle_model_hls.cpp:274->../src/vehicle_model_hls.cpp:390]   --->   Operation 117 'call' 'call_ret' <Predicate = true> <Delay = 4.41> <CoreType = "Generic">   --->   Generic Core

State 27 <SV = 26> <Delay = 4.41>
ST_27 : Operation 118 [5/11] (4.41ns)   --->   "%call_ret = call i52 @fp_trig_pair_fused_fn, i26 %product_q_91, i18 %sin_lut_fn, i19 %cos_lut_fn" [../src/vehicle_model_hls.cpp:67->../src/vehicle_model_hls.cpp:274->../src/vehicle_model_hls.cpp:390]   --->   Operation 118 'call' 'call_ret' <Predicate = true> <Delay = 4.41> <CoreType = "Generic">   --->   Generic Core

State 28 <SV = 27> <Delay = 4.41>
ST_28 : Operation 119 [4/11] (4.41ns)   --->   "%call_ret = call i52 @fp_trig_pair_fused_fn, i26 %product_q_91, i18 %sin_lut_fn, i19 %cos_lut_fn" [../src/vehicle_model_hls.cpp:67->../src/vehicle_model_hls.cpp:274->../src/vehicle_model_hls.cpp:390]   --->   Operation 119 'call' 'call_ret' <Predicate = true> <Delay = 4.41> <CoreType = "Generic">   --->   Generic Core

State 29 <SV = 28> <Delay = 4.41>
ST_29 : Operation 120 [3/11] (4.41ns)   --->   "%call_ret = call i52 @fp_trig_pair_fused_fn, i26 %product_q_91, i18 %sin_lut_fn, i19 %cos_lut_fn" [../src/vehicle_model_hls.cpp:67->../src/vehicle_model_hls.cpp:274->../src/vehicle_model_hls.cpp:390]   --->   Operation 120 'call' 'call_ret' <Predicate = true> <Delay = 4.41> <CoreType = "Generic">   --->   Generic Core

State 30 <SV = 29> <Delay = 4.41>
ST_30 : Operation 121 [2/11] (4.41ns)   --->   "%call_ret = call i52 @fp_trig_pair_fused_fn, i26 %product_q_91, i18 %sin_lut_fn, i19 %cos_lut_fn" [../src/vehicle_model_hls.cpp:67->../src/vehicle_model_hls.cpp:274->../src/vehicle_model_hls.cpp:390]   --->   Operation 121 'call' 'call_ret' <Predicate = true> <Delay = 4.41> <CoreType = "Generic">   --->   Generic Core

State 31 <SV = 30> <Delay = 2.73>
ST_31 : Operation 122 [1/11] (2.73ns)   --->   "%call_ret = call i52 @fp_trig_pair_fused_fn, i26 %product_q_91, i18 %sin_lut_fn, i19 %cos_lut_fn" [../src/vehicle_model_hls.cpp:67->../src/vehicle_model_hls.cpp:274->../src/vehicle_model_hls.cpp:390]   --->   Operation 122 'call' 'call_ret' <Predicate = true> <Delay = 2.73> <CoreType = "Generic">   --->   Generic Core
ST_31 : Operation 123 [1/1] (0.00ns)   --->   "%sin_inner_f = extractvalue i52 %call_ret" [../src/vehicle_model_hls.cpp:67->../src/vehicle_model_hls.cpp:274->../src/vehicle_model_hls.cpp:390]   --->   Operation 123 'extractvalue' 'sin_inner_f' <Predicate = true> <Delay = 0.00>
ST_31 : Operation 124 [1/1] (0.00ns)   --->   "%cos_inner_f = extractvalue i52 %call_ret" [../src/vehicle_model_hls.cpp:67->../src/vehicle_model_hls.cpp:274->../src/vehicle_model_hls.cpp:390]   --->   Operation 124 'extractvalue' 'cos_inner_f' <Predicate = true> <Delay = 0.00>

State 32 <SV = 31> <Delay = 2.73>
ST_32 : Operation 125 [1/1] (0.00ns)   --->   "%conv_i_i_i1476_i_read = read i26 @_ssdm_op_Read.ap_auto.i26, i26 %conv_i_i_i1476_i"   --->   Operation 125 'read' 'conv_i_i_i1476_i_read' <Predicate = true> <Delay = 0.00>
ST_32 : Operation 126 [1/1] (0.95ns)   --->   "%D_pac_f_cb_fn = sub i26 6737090, i26 %product_q_93" [../src/vehicle_model_hls.cpp:276->../src/vehicle_model_hls.cpp:390]   --->   Operation 126 'sub' 'D_pac_f_cb_fn' <Predicate = true> <Delay = 0.95> <CoreInst = "Adder">   --->   Core 1 'Adder' <Latency = 0> <II = 1> <Delay = 0.95> <FuncUnit> <Opcode : 'add' 'sub'> <InPorts = 2> <OutPorts = 1>
ST_32 : Operation 127 [7/7] (1.78ns)   --->   "%out_C_eff_raw_write_assign = call i26 @fp_pacejka_ceff, i26 %cos_inner_f, i23 %inv_denom_f_fn, i26 %D_pac_f_cb_fn" [../src/vehicle_model_hls.cpp:279->../src/vehicle_model_hls.cpp:390]   --->   Operation 127 'call' 'out_C_eff_raw_write_assign' <Predicate = true> <Delay = 1.78> <CoreType = "Generic">   --->   Generic Core
ST_32 : Operation 128 [1/1] (0.00ns)   --->   "%sext_ln671_89 = sext i26 %conv_i_i_i1476_i_read" [../src/fp_math_hls.cpp:671->../src/vehicle_model_hls.cpp:280->../src/vehicle_model_hls.cpp:390]   --->   Operation 128 'sext' 'sext_ln671_89' <Predicate = true> <Delay = 0.00>
ST_32 : Operation 129 [1/1] (0.00ns)   --->   "%sext_ln671_90 = sext i26 %sin_inner_f" [../src/fp_math_hls.cpp:671->../src/vehicle_model_hls.cpp:280->../src/vehicle_model_hls.cpp:390]   --->   Operation 129 'sext' 'sext_ln671_90' <Predicate = true> <Delay = 0.00>
ST_32 : Operation 130 [4/4] (1.78ns)   --->   "%product_276 = mul i43 %sext_ln671_90, i43 %sext_ln671_89" [../src/fp_math_hls.cpp:671->../src/vehicle_model_hls.cpp:280->../src/vehicle_model_hls.cpp:390]   --->   Operation 130 'mul' 'product_276' <Predicate = true> <Delay = 1.78> <CoreInst = "Mul_DSP">   --->   Core 5 'Mul_DSP' <Latency = 3> <II = 1> <Delay = 1.78> <FuncUnit> <Opcode : 'mul'> <InPorts = 2> <OutPorts = 1>

State 33 <SV = 32> <Delay = 3.56>
ST_33 : Operation 131 [6/7] (3.56ns)   --->   "%out_C_eff_raw_write_assign = call i26 @fp_pacejka_ceff, i26 %cos_inner_f, i23 %inv_denom_f_fn, i26 %D_pac_f_cb_fn" [../src/vehicle_model_hls.cpp:279->../src/vehicle_model_hls.cpp:390]   --->   Operation 131 'call' 'out_C_eff_raw_write_assign' <Predicate = true> <Delay = 3.56> <CoreType = "Generic">   --->   Generic Core
ST_33 : Operation 132 [3/4] (1.78ns)   --->   "%product_276 = mul i43 %sext_ln671_90, i43 %sext_ln671_89" [../src/fp_math_hls.cpp:671->../src/vehicle_model_hls.cpp:280->../src/vehicle_model_hls.cpp:390]   --->   Operation 132 'mul' 'product_276' <Predicate = true> <Delay = 1.78> <CoreInst = "Mul_DSP">   --->   Core 5 'Mul_DSP' <Latency = 3> <II = 1> <Delay = 1.78> <FuncUnit> <Opcode : 'mul'> <InPorts = 2> <OutPorts = 1>

State 34 <SV = 33> <Delay = 3.56>
ST_34 : Operation 133 [5/7] (3.56ns)   --->   "%out_C_eff_raw_write_assign = call i26 @fp_pacejka_ceff, i26 %cos_inner_f, i23 %inv_denom_f_fn, i26 %D_pac_f_cb_fn" [../src/vehicle_model_hls.cpp:279->../src/vehicle_model_hls.cpp:390]   --->   Operation 133 'call' 'out_C_eff_raw_write_assign' <Predicate = true> <Delay = 3.56> <CoreType = "Generic">   --->   Generic Core
ST_34 : Operation 134 [2/4] (1.78ns)   --->   "%product_276 = mul i43 %sext_ln671_90, i43 %sext_ln671_89" [../src/fp_math_hls.cpp:671->../src/vehicle_model_hls.cpp:280->../src/vehicle_model_hls.cpp:390]   --->   Operation 134 'mul' 'product_276' <Predicate = true> <Delay = 1.78> <CoreInst = "Mul_DSP">   --->   Core 5 'Mul_DSP' <Latency = 3> <II = 1> <Delay = 1.78> <FuncUnit> <Opcode : 'mul'> <InPorts = 2> <OutPorts = 1>

State 35 <SV = 34> <Delay = 3.56>
ST_35 : Operation 135 [4/7] (3.56ns)   --->   "%out_C_eff_raw_write_assign = call i26 @fp_pacejka_ceff, i26 %cos_inner_f, i23 %inv_denom_f_fn, i26 %D_pac_f_cb_fn" [../src/vehicle_model_hls.cpp:279->../src/vehicle_model_hls.cpp:390]   --->   Operation 135 'call' 'out_C_eff_raw_write_assign' <Predicate = true> <Delay = 3.56> <CoreType = "Generic">   --->   Generic Core
ST_35 : Operation 136 [1/4] (1.78ns)   --->   "%product_276 = mul i43 %sext_ln671_90, i43 %sext_ln671_89" [../src/fp_math_hls.cpp:671->../src/vehicle_model_hls.cpp:280->../src/vehicle_model_hls.cpp:390]   --->   Operation 136 'mul' 'product_276' <Predicate = true> <Delay = 1.78> <CoreInst = "Mul_DSP">   --->   Core 5 'Mul_DSP' <Latency = 3> <II = 1> <Delay = 1.78> <FuncUnit> <Opcode : 'mul'> <InPorts = 2> <OutPorts = 1>
ST_35 : Operation 137 [1/1] (0.00ns)   --->   "%specfucore_ln673 = specfucore void @_ssdm_op_SpecFUCore, i43 %product_276, i64 12, i64 3, i64 3, i1 0" [../src/fp_math_hls.cpp:673->../src/vehicle_model_hls.cpp:280->../src/vehicle_model_hls.cpp:390]   --->   Operation 137 'specfucore' 'specfucore_ln673' <Predicate = true> <Delay = 0.00>
ST_35 : Operation 138 [1/1] (0.00ns)   --->   "%product_q_94 = partselect i26 @_ssdm_op_PartSelect.i26.i43.i32.i32, i43 %product_276, i32 17, i32 42" [../src/fp_math_hls.cpp:674->../src/vehicle_model_hls.cpp:280->../src/vehicle_model_hls.cpp:390]   --->   Operation 138 'partselect' 'product_q_94' <Predicate = true> <Delay = 0.00>

State 36 <SV = 35> <Delay = 3.56>
ST_36 : Operation 139 [3/7] (3.56ns)   --->   "%out_C_eff_raw_write_assign = call i26 @fp_pacejka_ceff, i26 %cos_inner_f, i23 %inv_denom_f_fn, i26 %D_pac_f_cb_fn" [../src/vehicle_model_hls.cpp:279->../src/vehicle_model_hls.cpp:390]   --->   Operation 139 'call' 'out_C_eff_raw_write_assign' <Predicate = true> <Delay = 3.56> <CoreType = "Generic">   --->   Generic Core

State 37 <SV = 36> <Delay = 3.56>
ST_37 : Operation 140 [2/7] (3.56ns)   --->   "%out_C_eff_raw_write_assign = call i26 @fp_pacejka_ceff, i26 %cos_inner_f, i23 %inv_denom_f_fn, i26 %D_pac_f_cb_fn" [../src/vehicle_model_hls.cpp:279->../src/vehicle_model_hls.cpp:390]   --->   Operation 140 'call' 'out_C_eff_raw_write_assign' <Predicate = true> <Delay = 3.56> <CoreType = "Generic">   --->   Generic Core

State 38 <SV = 37> <Delay = 1.78>
ST_38 : Operation 141 [1/7] (1.78ns)   --->   "%out_C_eff_raw_write_assign = call i26 @fp_pacejka_ceff, i26 %cos_inner_f, i23 %inv_denom_f_fn, i26 %D_pac_f_cb_fn" [../src/vehicle_model_hls.cpp:279->../src/vehicle_model_hls.cpp:390]   --->   Operation 141 'call' 'out_C_eff_raw_write_assign' <Predicate = true> <Delay = 1.78> <CoreType = "Generic">   --->   Generic Core

State 39 <SV = 38> <Delay = 3.05>
ST_39 : Operation 142 [1/1] (0.00ns)   --->   "%spec_select_i_read = read i25 @_ssdm_op_Read.ap_auto.i25, i25 %spec_select_i"   --->   Operation 142 'read' 'spec_select_i_read' <Predicate = true> <Delay = 0.00>
ST_39 : Operation 143 [1/1] (0.00ns)   --->   "%p_0_0_02849_i_read = read i26 @_ssdm_op_Read.ap_auto.i26, i26 %p_0_0_02849_i"   --->   Operation 143 'read' 'p_0_0_02849_i_read' <Predicate = true> <Delay = 0.00>
ST_39 : Operation 144 [1/1] (0.00ns)   --->   "%conv_i_i_i1991_i_read = read i26 @_ssdm_op_Read.ap_auto.i26, i26 %conv_i_i_i1991_i"   --->   Operation 144 'read' 'conv_i_i_i1991_i_read' <Predicate = true> <Delay = 0.00>
ST_39 : Operation 145 [1/1] (0.95ns)   --->   "%icmp_ln281 = icmp_sgt  i26 %out_C_eff_raw_write_assign, i26 %conv_i_i_i1991_i_read" [../src/vehicle_model_hls.cpp:281->../src/vehicle_model_hls.cpp:390]   --->   Operation 145 'icmp' 'icmp_ln281' <Predicate = true> <Delay = 0.95> <CoreInst = "Cmp">   --->   Core 9 'Cmp' <Latency = 0> <II = 1> <Delay = 0.95> <FuncUnit> <Opcode : 'seteq' 'setne' 'setle' 'setge' 'setlt' 'setgt'> <InPorts = 2> <OutPorts = 1>
ST_39 : Operation 146 [1/1] (0.32ns)   --->   "%select_ln289 = select i1 %icmp_ln281, i26 %out_C_eff_raw_write_assign, i26 %conv_i_i_i1991_i_read" [../src/vehicle_model_hls.cpp:289->../src/vehicle_model_hls.cpp:390]   --->   Operation 146 'select' 'select_ln289' <Predicate = true> <Delay = 0.32> <CoreInst = "Sel">   --->   Core 73 'Sel' <Latency = 0> <II = 1> <Delay = 0.32> <FuncUnit> <Opcode : 'select'> <InPorts = 3> <OutPorts = 1>
ST_39 : Operation 147 [10/10] (1.78ns)   --->   "%call_ret2 = call i78 @fp_front_force_jacobians_fn, i26 %select_ln289, i26 %p_0_0_02849_i_read, i25 %spec_select_i_read, i23 %inv_D_f_fn" [../src/vehicle_model_hls.cpp:285->../src/vehicle_model_hls.cpp:390]   --->   Operation 147 'call' 'call_ret2' <Predicate = true> <Delay = 1.78> <CoreType = "Generic">   --->   Generic Core

State 40 <SV = 39> <Delay = 4.43>
ST_40 : Operation 148 [9/10] (4.43ns)   --->   "%call_ret2 = call i78 @fp_front_force_jacobians_fn, i26 %select_ln289, i26 %p_0_0_02849_i_read, i25 %spec_select_i_read, i23 %inv_D_f_fn" [../src/vehicle_model_hls.cpp:285->../src/vehicle_model_hls.cpp:390]   --->   Operation 148 'call' 'call_ret2' <Predicate = true> <Delay = 4.43> <CoreType = "Generic">   --->   Generic Core

State 41 <SV = 40> <Delay = 4.43>
ST_41 : Operation 149 [8/10] (4.43ns)   --->   "%call_ret2 = call i78 @fp_front_force_jacobians_fn, i26 %select_ln289, i26 %p_0_0_02849_i_read, i25 %spec_select_i_read, i23 %inv_D_f_fn" [../src/vehicle_model_hls.cpp:285->../src/vehicle_model_hls.cpp:390]   --->   Operation 149 'call' 'call_ret2' <Predicate = true> <Delay = 4.43> <CoreType = "Generic">   --->   Generic Core

State 42 <SV = 41> <Delay = 4.43>
ST_42 : Operation 150 [7/10] (4.43ns)   --->   "%call_ret2 = call i78 @fp_front_force_jacobians_fn, i26 %select_ln289, i26 %p_0_0_02849_i_read, i25 %spec_select_i_read, i23 %inv_D_f_fn" [../src/vehicle_model_hls.cpp:285->../src/vehicle_model_hls.cpp:390]   --->   Operation 150 'call' 'call_ret2' <Predicate = true> <Delay = 4.43> <CoreType = "Generic">   --->   Generic Core

State 43 <SV = 42> <Delay = 4.43>
ST_43 : Operation 151 [6/10] (4.43ns)   --->   "%call_ret2 = call i78 @fp_front_force_jacobians_fn, i26 %select_ln289, i26 %p_0_0_02849_i_read, i25 %spec_select_i_read, i23 %inv_D_f_fn" [../src/vehicle_model_hls.cpp:285->../src/vehicle_model_hls.cpp:390]   --->   Operation 151 'call' 'call_ret2' <Predicate = true> <Delay = 4.43> <CoreType = "Generic">   --->   Generic Core

State 44 <SV = 43> <Delay = 4.43>
ST_44 : Operation 152 [5/10] (4.43ns)   --->   "%call_ret2 = call i78 @fp_front_force_jacobians_fn, i26 %select_ln289, i26 %p_0_0_02849_i_read, i25 %spec_select_i_read, i23 %inv_D_f_fn" [../src/vehicle_model_hls.cpp:285->../src/vehicle_model_hls.cpp:390]   --->   Operation 152 'call' 'call_ret2' <Predicate = true> <Delay = 4.43> <CoreType = "Generic">   --->   Generic Core

State 45 <SV = 44> <Delay = 4.43>
ST_45 : Operation 153 [4/10] (4.43ns)   --->   "%call_ret2 = call i78 @fp_front_force_jacobians_fn, i26 %select_ln289, i26 %p_0_0_02849_i_read, i25 %spec_select_i_read, i23 %inv_D_f_fn" [../src/vehicle_model_hls.cpp:285->../src/vehicle_model_hls.cpp:390]   --->   Operation 153 'call' 'call_ret2' <Predicate = true> <Delay = 4.43> <CoreType = "Generic">   --->   Generic Core

State 46 <SV = 45> <Delay = 4.43>
ST_46 : Operation 154 [3/10] (4.43ns)   --->   "%call_ret2 = call i78 @fp_front_force_jacobians_fn, i26 %select_ln289, i26 %p_0_0_02849_i_read, i25 %spec_select_i_read, i23 %inv_D_f_fn" [../src/vehicle_model_hls.cpp:285->../src/vehicle_model_hls.cpp:390]   --->   Operation 154 'call' 'call_ret2' <Predicate = true> <Delay = 4.43> <CoreType = "Generic">   --->   Generic Core

State 47 <SV = 46> <Delay = 4.43>
ST_47 : Operation 155 [2/10] (4.43ns)   --->   "%call_ret2 = call i78 @fp_front_force_jacobians_fn, i26 %select_ln289, i26 %p_0_0_02849_i_read, i25 %spec_select_i_read, i23 %inv_D_f_fn" [../src/vehicle_model_hls.cpp:285->../src/vehicle_model_hls.cpp:390]   --->   Operation 155 'call' 'call_ret2' <Predicate = true> <Delay = 4.43> <CoreType = "Generic">   --->   Generic Core

State 48 <SV = 47> <Delay = 2.10>
ST_48 : Operation 156 [1/1] (0.00ns)   --->   "%cmp_i_i_read = read i1 @_ssdm_op_Read.ap_auto.i1, i1 %cmp_i_i"   --->   Operation 156 'read' 'cmp_i_i_read' <Predicate = true> <Delay = 0.00>
ST_48 : Operation 157 [1/1] (0.00ns)   --->   "%rbegin10 = specregionbegin i32 @_ssdm_op_SpecRegionBegin, void @empty_25" [../src/fp_math_hls.cpp:671->../src/vehicle_model_hls.cpp:271->../src/vehicle_model_hls.cpp:390]   --->   Operation 157 'specregionbegin' 'rbegin10' <Predicate = true> <Delay = 0.00>
ST_48 : Operation 158 [1/1] (0.00ns)   --->   "%rend11 = specregionend i32 @_ssdm_op_SpecRegionEnd, void @empty_25, i32 %rbegin10" [../src/fp_math_hls.cpp:671->../src/vehicle_model_hls.cpp:271->../src/vehicle_model_hls.cpp:390]   --->   Operation 158 'specregionend' 'rend11' <Predicate = true> <Delay = 0.00>
ST_48 : Operation 159 [1/1] (0.00ns)   --->   "%rbegin8 = specregionbegin i32 @_ssdm_op_SpecRegionBegin, void @empty_126" [../src/fp_math_hls.cpp:671->../src/vehicle_model_hls.cpp:55->../src/vehicle_model_hls.cpp:272->../src/vehicle_model_hls.cpp:390]   --->   Operation 159 'specregionbegin' 'rbegin8' <Predicate = true> <Delay = 0.00>
ST_48 : Operation 160 [1/1] (0.00ns)   --->   "%rend9 = specregionend i32 @_ssdm_op_SpecRegionEnd, void @empty_126, i32 %rbegin8" [../src/fp_math_hls.cpp:671->../src/vehicle_model_hls.cpp:55->../src/vehicle_model_hls.cpp:272->../src/vehicle_model_hls.cpp:390]   --->   Operation 160 'specregionend' 'rend9' <Predicate = true> <Delay = 0.00>
ST_48 : Operation 161 [1/1] (0.00ns)   --->   "%rbegin6 = specregionbegin i32 @_ssdm_op_SpecRegionBegin, void @empty_124" [../src/fp_math_hls.cpp:671->../src/vehicle_model_hls.cpp:275->../src/vehicle_model_hls.cpp:390]   --->   Operation 161 'specregionbegin' 'rbegin6' <Predicate = true> <Delay = 0.00>
ST_48 : Operation 162 [1/1] (0.00ns)   --->   "%rend7 = specregionend i32 @_ssdm_op_SpecRegionEnd, void @empty_124, i32 %rbegin6" [../src/fp_math_hls.cpp:671->../src/vehicle_model_hls.cpp:275->../src/vehicle_model_hls.cpp:390]   --->   Operation 162 'specregionend' 'rend7' <Predicate = true> <Delay = 0.00>
ST_48 : Operation 163 [1/1] (0.00ns)   --->   "%rbegin4 = specregionbegin i32 @_ssdm_op_SpecRegionBegin, void @empty_28" [../src/fp_math_hls.cpp:671->../src/vehicle_model_hls.cpp:276->../src/vehicle_model_hls.cpp:390]   --->   Operation 163 'specregionbegin' 'rbegin4' <Predicate = true> <Delay = 0.00>
ST_48 : Operation 164 [1/1] (0.00ns)   --->   "%specfucore_ln673 = specfucore void @_ssdm_op_SpecFUCore, i90 883043948280, i64 12, i64 3, i64 3, i1 0" [../src/fp_math_hls.cpp:673->../src/vehicle_model_hls.cpp:276->../src/vehicle_model_hls.cpp:390]   --->   Operation 164 'specfucore' 'specfucore_ln673' <Predicate = true> <Delay = 0.00>
ST_48 : Operation 165 [1/1] (0.00ns)   --->   "%rend5 = specregionend i32 @_ssdm_op_SpecRegionEnd, void @empty_28, i32 %rbegin4" [../src/fp_math_hls.cpp:671->../src/vehicle_model_hls.cpp:276->../src/vehicle_model_hls.cpp:390]   --->   Operation 165 'specregionend' 'rend5' <Predicate = true> <Delay = 0.00>
ST_48 : Operation 166 [1/1] (0.00ns)   --->   "%rbegin2 = specregionbegin i32 @_ssdm_op_SpecRegionBegin, void @empty_246" [../src/fp_math_hls.cpp:671->../src/vehicle_model_hls.cpp:277->../src/vehicle_model_hls.cpp:390]   --->   Operation 166 'specregionbegin' 'rbegin2' <Predicate = true> <Delay = 0.00>
ST_48 : Operation 167 [1/1] (0.00ns)   --->   "%rend3 = specregionend i32 @_ssdm_op_SpecRegionEnd, void @empty_246, i32 %rbegin2" [../src/fp_math_hls.cpp:671->../src/vehicle_model_hls.cpp:277->../src/vehicle_model_hls.cpp:390]   --->   Operation 167 'specregionend' 'rend3' <Predicate = true> <Delay = 0.00>
ST_48 : Operation 168 [1/1] (0.00ns)   --->   "%rbegin = specregionbegin i32 @_ssdm_op_SpecRegionBegin, void @empty_73" [../src/fp_math_hls.cpp:671->../src/vehicle_model_hls.cpp:280->../src/vehicle_model_hls.cpp:390]   --->   Operation 168 'specregionbegin' 'rbegin' <Predicate = true> <Delay = 0.00>
ST_48 : Operation 169 [1/1] (0.00ns)   --->   "%rend = specregionend i32 @_ssdm_op_SpecRegionEnd, void @empty_73, i32 %rbegin" [../src/fp_math_hls.cpp:671->../src/vehicle_model_hls.cpp:280->../src/vehicle_model_hls.cpp:390]   --->   Operation 169 'specregionend' 'rend' <Predicate = true> <Delay = 0.00>
ST_48 : Operation 170 [1/10] (1.78ns)   --->   "%call_ret2 = call i78 @fp_front_force_jacobians_fn, i26 %select_ln289, i26 %p_0_0_02849_i_read, i25 %spec_select_i_read, i23 %inv_D_f_fn" [../src/vehicle_model_hls.cpp:285->../src/vehicle_model_hls.cpp:390]   --->   Operation 170 'call' 'call_ret2' <Predicate = true> <Delay = 1.78> <CoreType = "Generic">   --->   Generic Core
ST_48 : Operation 171 [1/1] (0.00ns) (grouped into LUT with out node select_ln291)   --->   "%dF_dvx = extractvalue i78 %call_ret2" [../src/vehicle_model_hls.cpp:285->../src/vehicle_model_hls.cpp:390]   --->   Operation 171 'extractvalue' 'dF_dvx' <Predicate = true> <Delay = 0.00>
ST_48 : Operation 172 [1/1] (0.00ns)   --->   "%dF_dvy = extractvalue i78 %call_ret2" [../src/vehicle_model_hls.cpp:285->../src/vehicle_model_hls.cpp:390]   --->   Operation 172 'extractvalue' 'dF_dvy' <Predicate = true> <Delay = 0.00>
ST_48 : Operation 173 [1/1] (0.00ns)   --->   "%dF_dom = extractvalue i78 %call_ret2" [../src/vehicle_model_hls.cpp:285->../src/vehicle_model_hls.cpp:390]   --->   Operation 173 'extractvalue' 'dF_dom' <Predicate = true> <Delay = 0.00>
ST_48 : Operation 174 [1/1] (0.32ns) (out node of the LUT)   --->   "%select_ln291 = select i1 %cmp_i_i_read, i26 0, i26 %dF_dvx" [../src/vehicle_model_hls.cpp:291->../src/vehicle_model_hls.cpp:390]   --->   Operation 174 'select' 'select_ln291' <Predicate = true> <Delay = 0.32> <CoreInst = "Sel">   --->   Core 73 'Sel' <Latency = 0> <II = 1> <Delay = 0.32> <FuncUnit> <Opcode : 'select'> <InPorts = 3> <OutPorts = 1>
ST_48 : Operation 175 [1/1] (0.00ns)   --->   "%mrv = insertvalue i156 <undef>, i26 %out_C_eff_raw_write_assign" [../src/vehicle_model_hls.cpp:279->../src/vehicle_model_hls.cpp:390]   --->   Operation 175 'insertvalue' 'mrv' <Predicate = true> <Delay = 0.00>
ST_48 : Operation 176 [1/1] (0.00ns)   --->   "%mrv_1 = insertvalue i156 %mrv, i26 %product_q_94" [../src/vehicle_model_hls.cpp:279->../src/vehicle_model_hls.cpp:390]   --->   Operation 176 'insertvalue' 'mrv_1' <Predicate = true> <Delay = 0.00>
ST_48 : Operation 177 [1/1] (0.00ns)   --->   "%mrv_2 = insertvalue i156 %mrv_1, i26 %select_ln291" [../src/vehicle_model_hls.cpp:279->../src/vehicle_model_hls.cpp:390]   --->   Operation 177 'insertvalue' 'mrv_2' <Predicate = true> <Delay = 0.00>
ST_48 : Operation 178 [1/1] (0.00ns)   --->   "%mrv_3 = insertvalue i156 %mrv_2, i26 %dF_dvy" [../src/vehicle_model_hls.cpp:279->../src/vehicle_model_hls.cpp:390]   --->   Operation 178 'insertvalue' 'mrv_3' <Predicate = true> <Delay = 0.00>
ST_48 : Operation 179 [1/1] (0.00ns)   --->   "%mrv_4 = insertvalue i156 %mrv_3, i26 %dF_dom" [../src/vehicle_model_hls.cpp:279->../src/vehicle_model_hls.cpp:390]   --->   Operation 179 'insertvalue' 'mrv_4' <Predicate = true> <Delay = 0.00>
ST_48 : Operation 180 [1/1] (0.00ns)   --->   "%mrv_5 = insertvalue i156 %mrv_4, i26 %alpha" [../src/vehicle_model_hls.cpp:279->../src/vehicle_model_hls.cpp:390]   --->   Operation 180 'insertvalue' 'mrv_5' <Predicate = true> <Delay = 0.00>
ST_48 : Operation 181 [1/1] (0.00ns)   --->   "%ret_ln279 = ret i156 %mrv_5" [../src/vehicle_model_hls.cpp:279->../src/vehicle_model_hls.cpp:390]   --->   Operation 181 'ret' 'ret_ln279' <Predicate = true> <Delay = 0.00>


============================================================
+ Verbose Summary: Timing violations
============================================================
Target clock period: 5.000ns, clock uncertainty: 0.500ns.

 <State 1>: 4.001ns
The critical path consists of the following:
	wire read operation ('p_0_0_02853_i_read') on port 'p_0_0_02853_i' [21]  (0.000 ns)
	'call' operation 26 bit ('ref_tmp1_i', ../src/vehicle_model_hls.cpp:269->../src/vehicle_model_hls.cpp:390) to 'fp_atan_lut_fn' [24]  (4.001 ns)

 <State 2>: 4.351ns
The critical path consists of the following:
	'call' operation 23 bit ('inv_D_f_fn', ../src/vehicle_model_hls.cpp:284->../src/vehicle_model_hls.cpp:390) to 'fp_recip_fn' [70]  (4.351 ns)

 <State 3>: 4.351ns
The critical path consists of the following:
	'call' operation 23 bit ('inv_D_f_fn', ../src/vehicle_model_hls.cpp:284->../src/vehicle_model_hls.cpp:390) to 'fp_recip_fn' [70]  (4.351 ns)

 <State 4>: 4.351ns
The critical path consists of the following:
	'call' operation 23 bit ('inv_D_f_fn', ../src/vehicle_model_hls.cpp:284->../src/vehicle_model_hls.cpp:390) to 'fp_recip_fn' [70]  (4.351 ns)

 <State 5>: 4.351ns
The critical path consists of the following:
	'call' operation 23 bit ('inv_D_f_fn', ../src/vehicle_model_hls.cpp:284->../src/vehicle_model_hls.cpp:390) to 'fp_recip_fn' [70]  (4.351 ns)

 <State 6>: 4.351ns
The critical path consists of the following:
	'call' operation 23 bit ('inv_D_f_fn', ../src/vehicle_model_hls.cpp:284->../src/vehicle_model_hls.cpp:390) to 'fp_recip_fn' [70]  (4.351 ns)

 <State 7>: 4.351ns
The critical path consists of the following:
	'call' operation 23 bit ('inv_D_f_fn', ../src/vehicle_model_hls.cpp:284->../src/vehicle_model_hls.cpp:390) to 'fp_recip_fn' [70]  (4.351 ns)

 <State 8>: 4.106ns
The critical path consists of the following:
	'call' operation 23 bit ('inv_D_f_fn', ../src/vehicle_model_hls.cpp:284->../src/vehicle_model_hls.cpp:390) to 'fp_recip_fn' [70]  (4.106 ns)

 <State 9>: 1.781ns
The critical path consists of the following:
	'mul' operation 46 bit ('mul_ln671', ../src/fp_math_hls.cpp:671->../src/vehicle_model_hls.cpp:271->../src/vehicle_model_hls.cpp:390) [28]  (1.781 ns)

 <State 10>: 3.563ns
The critical path consists of the following:
	'mul' operation 46 bit ('mul_ln671', ../src/fp_math_hls.cpp:671->../src/vehicle_model_hls.cpp:271->../src/vehicle_model_hls.cpp:390) [28]  (1.781 ns)
	'mul' operation 43 bit ('product', ../src/fp_math_hls.cpp:671->../src/vehicle_model_hls.cpp:275->../src/vehicle_model_hls.cpp:390) [44]  (1.781 ns)

 <State 11>: 4.001ns
The critical path consists of the following:
	'call' operation 26 bit ('atan_ba_fn', ../src/vehicle_model_hls.cpp:54->../src/vehicle_model_hls.cpp:272->../src/vehicle_model_hls.cpp:390) to 'fp_atan_lut_fn' [32]  (4.001 ns)

 <State 12>: 4.014ns
The critical path consists of the following:
	'call' operation 26 bit ('atan_ba_fn', ../src/vehicle_model_hls.cpp:54->../src/vehicle_model_hls.cpp:272->../src/vehicle_model_hls.cpp:390) to 'fp_atan_lut_fn' [32]  (4.014 ns)

 <State 13>: 4.014ns
The critical path consists of the following:
	'call' operation 26 bit ('atan_ba_fn', ../src/vehicle_model_hls.cpp:54->../src/vehicle_model_hls.cpp:272->../src/vehicle_model_hls.cpp:390) to 'fp_atan_lut_fn' [32]  (4.014 ns)

 <State 14>: 4.342ns
The critical path consists of the following:
	'add' operation 26 bit ('add_ln275', ../src/vehicle_model_hls.cpp:275->../src/vehicle_model_hls.cpp:390) [48]  (0.955 ns)
	'call' operation 23 bit ('inv_denom_f_fn', ../src/vehicle_model_hls.cpp:275->../src/vehicle_model_hls.cpp:390) to 'fp_recip_fn' [49]  (3.388 ns)

 <State 15>: 4.351ns
The critical path consists of the following:
	'call' operation 23 bit ('inv_denom_f_fn', ../src/vehicle_model_hls.cpp:275->../src/vehicle_model_hls.cpp:390) to 'fp_recip_fn' [49]  (4.351 ns)

 <State 16>: 4.351ns
The critical path consists of the following:
	'call' operation 23 bit ('inv_denom_f_fn', ../src/vehicle_model_hls.cpp:275->../src/vehicle_model_hls.cpp:390) to 'fp_recip_fn' [49]  (4.351 ns)

 <State 17>: 4.351ns
The critical path consists of the following:
	'call' operation 23 bit ('inv_denom_f_fn', ../src/vehicle_model_hls.cpp:275->../src/vehicle_model_hls.cpp:390) to 'fp_recip_fn' [49]  (4.351 ns)

 <State 18>: 4.351ns
The critical path consists of the following:
	'call' operation 23 bit ('inv_denom_f_fn', ../src/vehicle_model_hls.cpp:275->../src/vehicle_model_hls.cpp:390) to 'fp_recip_fn' [49]  (4.351 ns)

 <State 19>: 4.351ns
The critical path consists of the following:
	'call' operation 23 bit ('inv_denom_f_fn', ../src/vehicle_model_hls.cpp:275->../src/vehicle_model_hls.cpp:390) to 'fp_recip_fn' [49]  (4.351 ns)

 <State 20>: 4.351ns
The critical path consists of the following:
	'call' operation 23 bit ('inv_denom_f_fn', ../src/vehicle_model_hls.cpp:275->../src/vehicle_model_hls.cpp:390) to 'fp_recip_fn' [49]  (4.351 ns)

 <State 21>: 4.106ns
The critical path consists of the following:
	'call' operation 23 bit ('inv_denom_f_fn', ../src/vehicle_model_hls.cpp:275->../src/vehicle_model_hls.cpp:390) to 'fp_recip_fn' [49]  (4.106 ns)

 <State 22>: 4.411ns
The critical path consists of the following:
	'call' operation 52 bit ('call_ret', ../src/vehicle_model_hls.cpp:67->../src/vehicle_model_hls.cpp:274->../src/vehicle_model_hls.cpp:390) to 'fp_trig_pair_fused_fn' [39]  (4.411 ns)

 <State 23>: 4.411ns
The critical path consists of the following:
	'call' operation 52 bit ('call_ret', ../src/vehicle_model_hls.cpp:67->../src/vehicle_model_hls.cpp:274->../src/vehicle_model_hls.cpp:390) to 'fp_trig_pair_fused_fn' [39]  (4.411 ns)

 <State 24>: 4.411ns
The critical path consists of the following:
	'call' operation 52 bit ('call_ret', ../src/vehicle_model_hls.cpp:67->../src/vehicle_model_hls.cpp:274->../src/vehicle_model_hls.cpp:390) to 'fp_trig_pair_fused_fn' [39]  (4.411 ns)

 <State 25>: 4.411ns
The critical path consists of the following:
	'call' operation 52 bit ('call_ret', ../src/vehicle_model_hls.cpp:67->../src/vehicle_model_hls.cpp:274->../src/vehicle_model_hls.cpp:390) to 'fp_trig_pair_fused_fn' [39]  (4.411 ns)

 <State 26>: 4.411ns
The critical path consists of the following:
	'call' operation 52 bit ('call_ret', ../src/vehicle_model_hls.cpp:67->../src/vehicle_model_hls.cpp:274->../src/vehicle_model_hls.cpp:390) to 'fp_trig_pair_fused_fn' [39]  (4.411 ns)

 <State 27>: 4.411ns
The critical path consists of the following:
	'call' operation 52 bit ('call_ret', ../src/vehicle_model_hls.cpp:67->../src/vehicle_model_hls.cpp:274->../src/vehicle_model_hls.cpp:390) to 'fp_trig_pair_fused_fn' [39]  (4.411 ns)

 <State 28>: 4.411ns
The critical path consists of the following:
	'call' operation 52 bit ('call_ret', ../src/vehicle_model_hls.cpp:67->../src/vehicle_model_hls.cpp:274->../src/vehicle_model_hls.cpp:390) to 'fp_trig_pair_fused_fn' [39]  (4.411 ns)

 <State 29>: 4.411ns
The critical path consists of the following:
	'call' operation 52 bit ('call_ret', ../src/vehicle_model_hls.cpp:67->../src/vehicle_model_hls.cpp:274->../src/vehicle_model_hls.cpp:390) to 'fp_trig_pair_fused_fn' [39]  (4.411 ns)

 <State 30>: 4.411ns
The critical path consists of the following:
	'call' operation 52 bit ('call_ret', ../src/vehicle_model_hls.cpp:67->../src/vehicle_model_hls.cpp:274->../src/vehicle_model_hls.cpp:390) to 'fp_trig_pair_fused_fn' [39]  (4.411 ns)

 <State 31>: 2.736ns
The critical path consists of the following:
	'call' operation 52 bit ('call_ret', ../src/vehicle_model_hls.cpp:67->../src/vehicle_model_hls.cpp:274->../src/vehicle_model_hls.cpp:390) to 'fp_trig_pair_fused_fn' [39]  (2.736 ns)

 <State 32>: 2.736ns
The critical path consists of the following:
	'sub' operation 26 bit ('D_pac_f_cb_fn', ../src/vehicle_model_hls.cpp:276->../src/vehicle_model_hls.cpp:390) [59]  (0.955 ns)
	'call' operation 26 bit ('out.C_eff_raw', ../src/vehicle_model_hls.cpp:279->../src/vehicle_model_hls.cpp:390) to 'fp_pacejka_ceff' [60]  (1.781 ns)

 <State 33>: 3.563ns
The critical path consists of the following:
	'call' operation 26 bit ('out.C_eff_raw', ../src/vehicle_model_hls.cpp:279->../src/vehicle_model_hls.cpp:390) to 'fp_pacejka_ceff' [60]  (3.563 ns)

 <State 34>: 3.563ns
The critical path consists of the following:
	'call' operation 26 bit ('out.C_eff_raw', ../src/vehicle_model_hls.cpp:279->../src/vehicle_model_hls.cpp:390) to 'fp_pacejka_ceff' [60]  (3.563 ns)

 <State 35>: 3.563ns
The critical path consists of the following:
	'call' operation 26 bit ('out.C_eff_raw', ../src/vehicle_model_hls.cpp:279->../src/vehicle_model_hls.cpp:390) to 'fp_pacejka_ceff' [60]  (3.563 ns)

 <State 36>: 3.563ns
The critical path consists of the following:
	'call' operation 26 bit ('out.C_eff_raw', ../src/vehicle_model_hls.cpp:279->../src/vehicle_model_hls.cpp:390) to 'fp_pacejka_ceff' [60]  (3.563 ns)

 <State 37>: 3.563ns
The critical path consists of the following:
	'call' operation 26 bit ('out.C_eff_raw', ../src/vehicle_model_hls.cpp:279->../src/vehicle_model_hls.cpp:390) to 'fp_pacejka_ceff' [60]  (3.563 ns)

 <State 38>: 1.781ns
The critical path consists of the following:
	'call' operation 26 bit ('out.C_eff_raw', ../src/vehicle_model_hls.cpp:279->../src/vehicle_model_hls.cpp:390) to 'fp_pacejka_ceff' [60]  (1.781 ns)

 <State 39>: 3.059ns
The critical path consists of the following:
	wire read operation ('conv_i_i_i1991_i_read') on port 'conv_i_i_i1991_i' [18]  (0.000 ns)
	'icmp' operation 1 bit ('icmp_ln281', ../src/vehicle_model_hls.cpp:281->../src/vehicle_model_hls.cpp:390) [68]  (0.955 ns)
	'select' operation 26 bit ('select_ln289', ../src/vehicle_model_hls.cpp:289->../src/vehicle_model_hls.cpp:390) [69]  (0.323 ns)
	'call' operation 78 bit ('call_ret2', ../src/vehicle_model_hls.cpp:285->../src/vehicle_model_hls.cpp:390) to 'fp_front_force_jacobians_fn' [71]  (1.781 ns)

 <State 40>: 4.433ns
The critical path consists of the following:
	'call' operation 78 bit ('call_ret2', ../src/vehicle_model_hls.cpp:285->../src/vehicle_model_hls.cpp:390) to 'fp_front_force_jacobians_fn' [71]  (4.433 ns)

 <State 41>: 4.433ns
The critical path consists of the following:
	'call' operation 78 bit ('call_ret2', ../src/vehicle_model_hls.cpp:285->../src/vehicle_model_hls.cpp:390) to 'fp_front_force_jacobians_fn' [71]  (4.433 ns)

 <State 42>: 4.433ns
The critical path consists of the following:
	'call' operation 78 bit ('call_ret2', ../src/vehicle_model_hls.cpp:285->../src/vehicle_model_hls.cpp:390) to 'fp_front_force_jacobians_fn' [71]  (4.433 ns)

 <State 43>: 4.433ns
The critical path consists of the following:
	'call' operation 78 bit ('call_ret2', ../src/vehicle_model_hls.cpp:285->../src/vehicle_model_hls.cpp:390) to 'fp_front_force_jacobians_fn' [71]  (4.433 ns)

 <State 44>: 4.433ns
The critical path consists of the following:
	'call' operation 78 bit ('call_ret2', ../src/vehicle_model_hls.cpp:285->../src/vehicle_model_hls.cpp:390) to 'fp_front_force_jacobians_fn' [71]  (4.433 ns)

 <State 45>: 4.433ns
The critical path consists of the following:
	'call' operation 78 bit ('call_ret2', ../src/vehicle_model_hls.cpp:285->../src/vehicle_model_hls.cpp:390) to 'fp_front_force_jacobians_fn' [71]  (4.433 ns)

 <State 46>: 4.433ns
The critical path consists of the following:
	'call' operation 78 bit ('call_ret2', ../src/vehicle_model_hls.cpp:285->../src/vehicle_model_hls.cpp:390) to 'fp_front_force_jacobians_fn' [71]  (4.433 ns)

 <State 47>: 4.433ns
The critical path consists of the following:
	'call' operation 78 bit ('call_ret2', ../src/vehicle_model_hls.cpp:285->../src/vehicle_model_hls.cpp:390) to 'fp_front_force_jacobians_fn' [71]  (4.433 ns)

 <State 48>: 2.104ns
The critical path consists of the following:
	'call' operation 78 bit ('call_ret2', ../src/vehicle_model_hls.cpp:285->../src/vehicle_model_hls.cpp:390) to 'fp_front_force_jacobians_fn' [71]  (1.781 ns)
	'select' operation 26 bit ('out.dF_dvx', ../src/vehicle_model_hls.cpp:291->../src/vehicle_model_hls.cpp:390) [75]  (0.323 ns)


============================================================
+ Verbose Summary: Binding
============================================================
N/A
* FSMD analyzer results:
  - Output states:
 - Input state : 
  - Chain level:
	State 1
	State 2
	State 3
	State 4
	State 5
	State 6
	State 7
	State 8
	State 9
	State 10
	State 11
	State 12
	State 13
	State 14
	State 15
	State 16
	State 17
	State 18
	State 19
	State 20
	State 21
	State 22
	State 23
	State 24
	State 25
	State 26
	State 27
	State 28
	State 29
	State 30
	State 31
	State 32
	State 33
	State 34
	State 35
	State 36
	State 37
	State 38
	State 39
	State 40
	State 41
	State 42
	State 43
	State 44
	State 45
	State 46
	State 47
	State 48


============================================================
+ Verbose Summary: Datapath Resource usage 
============================================================
N/A
