

================================================================
== Vitis HLS Report for 'compute_B_accel_load_transfer'
================================================================
* Date:           Thu Jun 11 17:48:30 2026

* Version:        2025.2 (Build 6295257 on Nov 14 2025)
* Project:        mpc_fpga_top_opencl
* Solution:       hls (Vitis Kernel Flow Target)
* Product family: zynquplus
* Target device:  xck26-sfvc784-2LV-c


================================================================
== Performance Estimates
================================================================
+ Timing: 
    * Summary: 
    +--------+---------+----------+------------+
    |  Clock |  Target | Estimated| Uncertainty|
    +--------+---------+----------+------------+
    |ap_clk  |  5.00 ns|  4.376 ns|     0.50 ns|
    +--------+---------+----------+------------+

+ Latency: 
    * Summary: 
    +---------+---------+----------+----------+-----+-----+---------+
    |  Latency (cycles) |  Latency (absolute) |  Interval | Pipeline|
    |   min   |   max   |    min   |    max   | min | max |   Type  |
    +---------+---------+----------+----------+-----+-----+---------+
    |       22|       22|  0.110 us|  0.110 us|   23|   23|      yes|
    +---------+---------+----------+----------+-----+-----+---------+

    + Detail: 
        * Instance: 
        N/A

        * Loop: 
        N/A

============================================================
+ Verbose Summary: Synthesis Manager
============================================================
InlineROM: 1
ExposeGlobal: 0
============================================================
+ Verbose Summary: CDFG Model
============================================================
IsTopModel: 0
ResetActiveHigh: 1
IsCombinational: 0
IsDatapathOnly: 0
HasWiredReturn: 1
HasMFsm: 2
HasVarLatency: 0
IsPipeline: 1
IsRtlPipelined: 0
IsInstanceOverlapped: 0
IsDontTouch: 0
HasImplIP: 0
IsGatedGlobalClock: 0

+ Individual pipeline summary: 
  * Pipeline-0: initiation interval (II) = 23, depth = 23


============================================================
+ Verbose Summary: Schedule
============================================================
* Number of FSM states : 23
* Pipeline : 1
  Pipeline-0 : II = 23, D = 23, States = { 1 2 3 4 5 6 7 8 9 10 11 12 13 14 15 16 17 18 19 20 21 22 23 }
* Dataflow Pipeline: 0

* FSM state transitions: 
1 --> 2 
2 --> 3 
3 --> 4 
4 --> 5 
5 --> 6 
6 --> 7 
7 --> 8 
8 --> 9 
9 --> 10 
10 --> 11 
11 --> 12 
12 --> 13 
13 --> 14 
14 --> 15 
15 --> 16 
16 --> 17 
17 --> 18 
18 --> 19 
19 --> 20 
20 --> 21 
21 --> 22 
22 --> 23 
23 --> 

* FSM state operations: 

State 1 <SV = 0> <Delay = 4.23>
ST_1 : Operation 24 [1/1] (0.00ns)   --->   "%tr_Fz_transfer_val_read = read i21 @_ssdm_op_Read.ap_auto.i21, i21 %tr_Fz_transfer_val" [../src/vehicle_model_hls.cpp:532]   --->   Operation 24 'read' 'tr_Fz_transfer_val_read' <Predicate = true> <Delay = 0.00>
ST_1 : Operation 25 [1/1] (0.90ns)   --->   "%F_zf = sub i21 65355, i21 %tr_Fz_transfer_val_read" [../src/vehicle_model_hls.cpp:532]   --->   Operation 25 'sub' 'F_zf' <Predicate = true> <Delay = 0.90> <CoreInst = "Adder">   --->   Core 1 'Adder' <Latency = 0> <II = 1> <Delay = 0.90> <FuncUnit> <Opcode : 'add' 'sub'> <InPorts = 2> <OutPorts = 1>
ST_1 : Operation 26 [7/7] (3.32ns)   --->   "%inv_Fzf = call i20 @fp_recip_fn, i21 %F_zf, i14 %recip_lut_fn" [../src/vehicle_model_hls.cpp:534]   --->   Operation 26 'call' 'inv_Fzf' <Predicate = true> <Delay = 3.32> <CoreType = "Generic">   --->   Generic Core

State 2 <SV = 1> <Delay = 4.37>
ST_2 : Operation 27 [1/1] (0.90ns)   --->   "%F_zr = add i21 %tr_Fz_transfer_val_read, i21 67806" [../src/vehicle_model_hls.cpp:533]   --->   Operation 27 'add' 'F_zr' <Predicate = true> <Delay = 0.90> <CoreInst = "Adder">   --->   Core 1 'Adder' <Latency = 0> <II = 1> <Delay = 0.90> <FuncUnit> <Opcode : 'add' 'sub'> <InPorts = 2> <OutPorts = 1>
ST_2 : Operation 28 [6/7] (4.37ns)   --->   "%inv_Fzf = call i20 @fp_recip_fn, i21 %F_zf, i14 %recip_lut_fn" [../src/vehicle_model_hls.cpp:534]   --->   Operation 28 'call' 'inv_Fzf' <Predicate = true> <Delay = 4.37> <CoreType = "Generic">   --->   Generic Core
ST_2 : Operation 29 [7/7] (3.32ns)   --->   "%inv_Fzr = call i20 @fp_recip_fn, i21 %F_zr, i14 %recip_lut_fn" [../src/vehicle_model_hls.cpp:535]   --->   Operation 29 'call' 'inv_Fzr' <Predicate = true> <Delay = 3.32> <CoreType = "Generic">   --->   Generic Core

State 3 <SV = 2> <Delay = 4.37>
ST_3 : Operation 30 [5/7] (4.37ns)   --->   "%inv_Fzf = call i20 @fp_recip_fn, i21 %F_zf, i14 %recip_lut_fn" [../src/vehicle_model_hls.cpp:534]   --->   Operation 30 'call' 'inv_Fzf' <Predicate = true> <Delay = 4.37> <CoreType = "Generic">   --->   Generic Core
ST_3 : Operation 31 [6/7] (4.37ns)   --->   "%inv_Fzr = call i20 @fp_recip_fn, i21 %F_zr, i14 %recip_lut_fn" [../src/vehicle_model_hls.cpp:535]   --->   Operation 31 'call' 'inv_Fzr' <Predicate = true> <Delay = 4.37> <CoreType = "Generic">   --->   Generic Core

State 4 <SV = 3> <Delay = 4.37>
ST_4 : Operation 32 [4/7] (4.37ns)   --->   "%inv_Fzf = call i20 @fp_recip_fn, i21 %F_zf, i14 %recip_lut_fn" [../src/vehicle_model_hls.cpp:534]   --->   Operation 32 'call' 'inv_Fzf' <Predicate = true> <Delay = 4.37> <CoreType = "Generic">   --->   Generic Core
ST_4 : Operation 33 [5/7] (4.37ns)   --->   "%inv_Fzr = call i20 @fp_recip_fn, i21 %F_zr, i14 %recip_lut_fn" [../src/vehicle_model_hls.cpp:535]   --->   Operation 33 'call' 'inv_Fzr' <Predicate = true> <Delay = 4.37> <CoreType = "Generic">   --->   Generic Core

State 5 <SV = 4> <Delay = 4.37>
ST_5 : Operation 34 [3/7] (4.37ns)   --->   "%inv_Fzf = call i20 @fp_recip_fn, i21 %F_zf, i14 %recip_lut_fn" [../src/vehicle_model_hls.cpp:534]   --->   Operation 34 'call' 'inv_Fzf' <Predicate = true> <Delay = 4.37> <CoreType = "Generic">   --->   Generic Core
ST_5 : Operation 35 [4/7] (4.37ns)   --->   "%inv_Fzr = call i20 @fp_recip_fn, i21 %F_zr, i14 %recip_lut_fn" [../src/vehicle_model_hls.cpp:535]   --->   Operation 35 'call' 'inv_Fzr' <Predicate = true> <Delay = 4.37> <CoreType = "Generic">   --->   Generic Core

State 6 <SV = 5> <Delay = 4.37>
ST_6 : Operation 36 [2/7] (4.37ns)   --->   "%inv_Fzf = call i20 @fp_recip_fn, i21 %F_zf, i14 %recip_lut_fn" [../src/vehicle_model_hls.cpp:534]   --->   Operation 36 'call' 'inv_Fzf' <Predicate = true> <Delay = 4.37> <CoreType = "Generic">   --->   Generic Core
ST_6 : Operation 37 [3/7] (4.37ns)   --->   "%inv_Fzr = call i20 @fp_recip_fn, i21 %F_zr, i14 %recip_lut_fn" [../src/vehicle_model_hls.cpp:535]   --->   Operation 37 'call' 'inv_Fzr' <Predicate = true> <Delay = 4.37> <CoreType = "Generic">   --->   Generic Core

State 7 <SV = 6> <Delay = 4.37>
ST_7 : Operation 38 [1/7] (3.94ns)   --->   "%inv_Fzf = call i20 @fp_recip_fn, i21 %F_zf, i14 %recip_lut_fn" [../src/vehicle_model_hls.cpp:534]   --->   Operation 38 'call' 'inv_Fzf' <Predicate = true> <Delay = 3.94> <CoreType = "Generic">   --->   Generic Core
ST_7 : Operation 39 [2/7] (4.37ns)   --->   "%inv_Fzr = call i20 @fp_recip_fn, i21 %F_zr, i14 %recip_lut_fn" [../src/vehicle_model_hls.cpp:535]   --->   Operation 39 'call' 'inv_Fzr' <Predicate = true> <Delay = 4.37> <CoreType = "Generic">   --->   Generic Core

State 8 <SV = 7> <Delay = 3.94>
ST_8 : Operation 40 [1/1] (0.00ns)   --->   "%tr_C_eff_f_raw_val_read = read i21 @_ssdm_op_Read.ap_auto.i21, i21 %tr_C_eff_f_raw_val" [../src/vehicle_model_hls.cpp:532]   --->   Operation 40 'read' 'tr_C_eff_f_raw_val_read' <Predicate = true> <Delay = 0.00>
ST_8 : Operation 41 [1/7] (3.94ns)   --->   "%inv_Fzr = call i20 @fp_recip_fn, i21 %F_zr, i14 %recip_lut_fn" [../src/vehicle_model_hls.cpp:535]   --->   Operation 41 'call' 'inv_Fzr' <Predicate = true> <Delay = 3.94> <CoreType = "Generic">   --->   Generic Core
ST_8 : Operation 42 [1/1] (0.00ns)   --->   "%sext_ln574 = sext i21 %tr_C_eff_f_raw_val_read" [../src/fp_math_hls.cpp:574->../src/vehicle_model_hls.cpp:536]   --->   Operation 42 'sext' 'sext_ln574' <Predicate = true> <Delay = 0.00>
ST_8 : Operation 43 [1/1] (0.00ns)   --->   "%sext_ln574_72 = sext i20 %inv_Fzf" [../src/fp_math_hls.cpp:574->../src/vehicle_model_hls.cpp:536]   --->   Operation 43 'sext' 'sext_ln574_72' <Predicate = true> <Delay = 0.00>
ST_8 : Operation 44 [3/3] (1.64ns)   --->   "%mul_ln574 = mul i41 %sext_ln574_72, i41 %sext_ln574" [../src/fp_math_hls.cpp:574->../src/vehicle_model_hls.cpp:536]   --->   Operation 44 'mul' 'mul_ln574' <Predicate = true> <Delay = 1.64> <CoreInst = "Mul_DSP">   --->   Core 5 'Mul_DSP' <Latency = 2> <II = 1> <Delay = 1.64> <FuncUnit> <Opcode : 'mul'> <InPorts = 2> <OutPorts = 1>

State 9 <SV = 8> <Delay = 1.64>
ST_9 : Operation 45 [1/1] (0.00ns)   --->   "%tr_C_min_f_val_read = read i21 @_ssdm_op_Read.ap_auto.i21, i21 %tr_C_min_f_val" [../src/vehicle_model_hls.cpp:532]   --->   Operation 45 'read' 'tr_C_min_f_val_read' <Predicate = true> <Delay = 0.00>
ST_9 : Operation 46 [2/3] (1.64ns)   --->   "%mul_ln574 = mul i41 %sext_ln574_72, i41 %sext_ln574" [../src/fp_math_hls.cpp:574->../src/vehicle_model_hls.cpp:536]   --->   Operation 46 'mul' 'mul_ln574' <Predicate = true> <Delay = 1.64> <CoreInst = "Mul_DSP">   --->   Core 5 'Mul_DSP' <Latency = 2> <II = 1> <Delay = 1.64> <FuncUnit> <Opcode : 'mul'> <InPorts = 2> <OutPorts = 1>
ST_9 : Operation 47 [1/1] (0.00ns)   --->   "%sext_ln574_73 = sext i21 %tr_C_min_f_val_read" [../src/fp_math_hls.cpp:574->../src/vehicle_model_hls.cpp:537]   --->   Operation 47 'sext' 'sext_ln574_73' <Predicate = true> <Delay = 0.00>
ST_9 : Operation 48 [3/3] (1.64ns)   --->   "%mul_ln574_58 = mul i41 %sext_ln574_73, i41 %sext_ln574_72" [../src/fp_math_hls.cpp:574->../src/vehicle_model_hls.cpp:537]   --->   Operation 48 'mul' 'mul_ln574_58' <Predicate = true> <Delay = 1.64> <CoreInst = "Mul_DSP">   --->   Core 5 'Mul_DSP' <Latency = 2> <II = 1> <Delay = 1.64> <FuncUnit> <Opcode : 'mul'> <InPorts = 2> <OutPorts = 1>
ST_9 : Operation 49 [1/1] (0.90ns)   --->   "%use_front_raw = icmp_sgt  i21 %tr_C_eff_f_raw_val_read, i21 %tr_C_min_f_val_read" [../src/vehicle_model_hls.cpp:543]   --->   Operation 49 'icmp' 'use_front_raw' <Predicate = true> <Delay = 0.90> <CoreInst = "Cmp">   --->   Core 9 'Cmp' <Latency = 0> <II = 1> <Delay = 0.90> <FuncUnit> <Opcode : 'seteq' 'setne' 'setle' 'setge' 'setlt' 'setgt'> <InPorts = 2> <OutPorts = 1>

State 10 <SV = 9> <Delay = 1.64>
ST_10 : Operation 50 [1/1] (0.00ns)   --->   "%tr_C_eff_r_val_read = read i21 @_ssdm_op_Read.ap_auto.i21, i21 %tr_C_eff_r_val" [../src/vehicle_model_hls.cpp:532]   --->   Operation 50 'read' 'tr_C_eff_r_val_read' <Predicate = true> <Delay = 0.00>
ST_10 : Operation 51 [1/3] (1.64ns)   --->   "%mul_ln574 = mul i41 %sext_ln574_72, i41 %sext_ln574" [../src/fp_math_hls.cpp:574->../src/vehicle_model_hls.cpp:536]   --->   Operation 51 'mul' 'mul_ln574' <Predicate = true> <Delay = 1.64> <CoreInst = "Mul_DSP">   --->   Core 5 'Mul_DSP' <Latency = 2> <II = 1> <Delay = 1.64> <FuncUnit> <Opcode : 'mul'> <InPorts = 2> <OutPorts = 1>
ST_10 : Operation 52 [1/1] (0.00ns)   --->   "%specfucore_ln576 = specfucore void @_ssdm_op_SpecFUCore, i41 %mul_ln574, i64 12, i64 3, i64 2, i1 0" [../src/fp_math_hls.cpp:576->../src/vehicle_model_hls.cpp:536]   --->   Operation 52 'specfucore' 'specfucore_ln576' <Predicate = true> <Delay = 0.00>
ST_10 : Operation 53 [1/1] (0.00ns)   --->   "%product_q = partselect i21 @_ssdm_op_PartSelect.i21.i41.i32.i32, i41 %mul_ln574, i32 12, i32 32" [../src/fp_math_hls.cpp:577->../src/vehicle_model_hls.cpp:536]   --->   Operation 53 'partselect' 'product_q' <Predicate = true> <Delay = 0.00>
ST_10 : Operation 54 [2/3] (1.64ns)   --->   "%mul_ln574_58 = mul i41 %sext_ln574_73, i41 %sext_ln574_72" [../src/fp_math_hls.cpp:574->../src/vehicle_model_hls.cpp:537]   --->   Operation 54 'mul' 'mul_ln574_58' <Predicate = true> <Delay = 1.64> <CoreInst = "Mul_DSP">   --->   Core 5 'Mul_DSP' <Latency = 2> <II = 1> <Delay = 1.64> <FuncUnit> <Opcode : 'mul'> <InPorts = 2> <OutPorts = 1>
ST_10 : Operation 55 [1/1] (0.00ns)   --->   "%sext_ln574_74 = sext i21 %tr_C_eff_r_val_read" [../src/fp_math_hls.cpp:574->../src/vehicle_model_hls.cpp:538]   --->   Operation 55 'sext' 'sext_ln574_74' <Predicate = true> <Delay = 0.00>
ST_10 : Operation 56 [1/1] (0.00ns)   --->   "%sext_ln574_75 = sext i20 %inv_Fzr" [../src/fp_math_hls.cpp:574->../src/vehicle_model_hls.cpp:538]   --->   Operation 56 'sext' 'sext_ln574_75' <Predicate = true> <Delay = 0.00>
ST_10 : Operation 57 [3/3] (1.64ns)   --->   "%mul_ln574_59 = mul i41 %sext_ln574_75, i41 %sext_ln574_74" [../src/fp_math_hls.cpp:574->../src/vehicle_model_hls.cpp:538]   --->   Operation 57 'mul' 'mul_ln574_59' <Predicate = true> <Delay = 1.64> <CoreInst = "Mul_DSP">   --->   Core 5 'Mul_DSP' <Latency = 2> <II = 1> <Delay = 1.64> <FuncUnit> <Opcode : 'mul'> <InPorts = 2> <OutPorts = 1>

State 11 <SV = 10> <Delay = 1.64>
ST_11 : Operation 58 [1/1] (0.00ns)   --->   "%tr_alpha_f_op_val_read = read i21 @_ssdm_op_Read.ap_auto.i21, i21 %tr_alpha_f_op_val" [../src/vehicle_model_hls.cpp:532]   --->   Operation 58 'read' 'tr_alpha_f_op_val_read' <Predicate = true> <Delay = 0.00>
ST_11 : Operation 59 [1/3] (1.64ns)   --->   "%mul_ln574_58 = mul i41 %sext_ln574_73, i41 %sext_ln574_72" [../src/fp_math_hls.cpp:574->../src/vehicle_model_hls.cpp:537]   --->   Operation 59 'mul' 'mul_ln574_58' <Predicate = true> <Delay = 1.64> <CoreInst = "Mul_DSP">   --->   Core 5 'Mul_DSP' <Latency = 2> <II = 1> <Delay = 1.64> <FuncUnit> <Opcode : 'mul'> <InPorts = 2> <OutPorts = 1>
ST_11 : Operation 60 [1/1] (0.00ns)   --->   "%specfucore_ln576 = specfucore void @_ssdm_op_SpecFUCore, i41 %mul_ln574_58, i64 12, i64 3, i64 2, i1 0" [../src/fp_math_hls.cpp:576->../src/vehicle_model_hls.cpp:537]   --->   Operation 60 'specfucore' 'specfucore_ln576' <Predicate = true> <Delay = 0.00>
ST_11 : Operation 61 [1/1] (0.00ns)   --->   "%product_q_108 = partselect i21 @_ssdm_op_PartSelect.i21.i41.i32.i32, i41 %mul_ln574_58, i32 12, i32 32" [../src/fp_math_hls.cpp:577->../src/vehicle_model_hls.cpp:537]   --->   Operation 61 'partselect' 'product_q_108' <Predicate = true> <Delay = 0.00>
ST_11 : Operation 62 [2/3] (1.64ns)   --->   "%mul_ln574_59 = mul i41 %sext_ln574_75, i41 %sext_ln574_74" [../src/fp_math_hls.cpp:574->../src/vehicle_model_hls.cpp:538]   --->   Operation 62 'mul' 'mul_ln574_59' <Predicate = true> <Delay = 1.64> <CoreInst = "Mul_DSP">   --->   Core 5 'Mul_DSP' <Latency = 2> <II = 1> <Delay = 1.64> <FuncUnit> <Opcode : 'mul'> <InPorts = 2> <OutPorts = 1>
ST_11 : Operation 63 [1/1] (0.00ns)   --->   "%sext_ln574_76 = sext i21 %product_q" [../src/fp_math_hls.cpp:574->../src/vehicle_model_hls.cpp:545]   --->   Operation 63 'sext' 'sext_ln574_76' <Predicate = true> <Delay = 0.00>
ST_11 : Operation 64 [1/1] (0.00ns)   --->   "%sext_ln574_77 = sext i21 %tr_alpha_f_op_val_read" [../src/fp_math_hls.cpp:574->../src/vehicle_model_hls.cpp:545]   --->   Operation 64 'sext' 'sext_ln574_77' <Predicate = true> <Delay = 0.00>
ST_11 : Operation 65 [3/3] (1.64ns)   --->   "%mul_ln574_60 = mul i42 %sext_ln574_77, i42 %sext_ln574_76" [../src/fp_math_hls.cpp:574->../src/vehicle_model_hls.cpp:545]   --->   Operation 65 'mul' 'mul_ln574_60' <Predicate = true> <Delay = 1.64> <CoreInst = "Mul_DSP">   --->   Core 5 'Mul_DSP' <Latency = 2> <II = 1> <Delay = 1.64> <FuncUnit> <Opcode : 'mul'> <InPorts = 2> <OutPorts = 1>

State 12 <SV = 11> <Delay = 1.64>
ST_12 : Operation 66 [1/3] (1.64ns)   --->   "%mul_ln574_59 = mul i41 %sext_ln574_75, i41 %sext_ln574_74" [../src/fp_math_hls.cpp:574->../src/vehicle_model_hls.cpp:538]   --->   Operation 66 'mul' 'mul_ln574_59' <Predicate = true> <Delay = 1.64> <CoreInst = "Mul_DSP">   --->   Core 5 'Mul_DSP' <Latency = 2> <II = 1> <Delay = 1.64> <FuncUnit> <Opcode : 'mul'> <InPorts = 2> <OutPorts = 1>
ST_12 : Operation 67 [1/1] (0.00ns)   --->   "%specfucore_ln576 = specfucore void @_ssdm_op_SpecFUCore, i41 %mul_ln574_59, i64 12, i64 3, i64 2, i1 0" [../src/fp_math_hls.cpp:576->../src/vehicle_model_hls.cpp:538]   --->   Operation 67 'specfucore' 'specfucore_ln576' <Predicate = true> <Delay = 0.00>
ST_12 : Operation 68 [1/1] (0.00ns)   --->   "%product_q_109 = partselect i21 @_ssdm_op_PartSelect.i21.i41.i32.i32, i41 %mul_ln574_59, i32 12, i32 32" [../src/fp_math_hls.cpp:577->../src/vehicle_model_hls.cpp:538]   --->   Operation 68 'partselect' 'product_q_109' <Predicate = true> <Delay = 0.00>
ST_12 : Operation 69 [2/3] (1.64ns)   --->   "%mul_ln574_60 = mul i42 %sext_ln574_77, i42 %sext_ln574_76" [../src/fp_math_hls.cpp:574->../src/vehicle_model_hls.cpp:545]   --->   Operation 69 'mul' 'mul_ln574_60' <Predicate = true> <Delay = 1.64> <CoreInst = "Mul_DSP">   --->   Core 5 'Mul_DSP' <Latency = 2> <II = 1> <Delay = 1.64> <FuncUnit> <Opcode : 'mul'> <InPorts = 2> <OutPorts = 1>
ST_12 : Operation 70 [1/1] (0.00ns)   --->   "%sext_ln574_79 = sext i21 %product_q_108" [../src/fp_math_hls.cpp:574->../src/vehicle_model_hls.cpp:548]   --->   Operation 70 'sext' 'sext_ln574_79' <Predicate = true> <Delay = 0.00>
ST_12 : Operation 71 [3/3] (1.64ns)   --->   "%mul_ln574_62 = mul i42 %sext_ln574_79, i42 %sext_ln574_77" [../src/fp_math_hls.cpp:574->../src/vehicle_model_hls.cpp:548]   --->   Operation 71 'mul' 'mul_ln574_62' <Predicate = true> <Delay = 1.64> <CoreInst = "Mul_DSP">   --->   Core 5 'Mul_DSP' <Latency = 2> <II = 1> <Delay = 1.64> <FuncUnit> <Opcode : 'mul'> <InPorts = 2> <OutPorts = 1>

State 13 <SV = 12> <Delay = 1.64>
ST_13 : Operation 72 [1/1] (0.00ns)   --->   "%tr_alpha_r_op_val_read = read i21 @_ssdm_op_Read.ap_auto.i21, i21 %tr_alpha_r_op_val" [../src/vehicle_model_hls.cpp:532]   --->   Operation 72 'read' 'tr_alpha_r_op_val_read' <Predicate = true> <Delay = 0.00>
ST_13 : Operation 73 [1/3] (1.64ns)   --->   "%mul_ln574_60 = mul i42 %sext_ln574_77, i42 %sext_ln574_76" [../src/fp_math_hls.cpp:574->../src/vehicle_model_hls.cpp:545]   --->   Operation 73 'mul' 'mul_ln574_60' <Predicate = true> <Delay = 1.64> <CoreInst = "Mul_DSP">   --->   Core 5 'Mul_DSP' <Latency = 2> <II = 1> <Delay = 1.64> <FuncUnit> <Opcode : 'mul'> <InPorts = 2> <OutPorts = 1>
ST_13 : Operation 74 [1/1] (0.00ns)   --->   "%specfucore_ln576 = specfucore void @_ssdm_op_SpecFUCore, i42 %mul_ln574_60, i64 12, i64 3, i64 2, i1 0" [../src/fp_math_hls.cpp:576->../src/vehicle_model_hls.cpp:545]   --->   Operation 74 'specfucore' 'specfucore_ln576' <Predicate = true> <Delay = 0.00>
ST_13 : Operation 75 [1/1] (0.00ns)   --->   "%product_q_110 = partselect i21 @_ssdm_op_PartSelect.i21.i42.i32.i32, i42 %mul_ln574_60, i32 12, i32 32" [../src/fp_math_hls.cpp:577->../src/vehicle_model_hls.cpp:545]   --->   Operation 75 'partselect' 'product_q_110' <Predicate = true> <Delay = 0.00>
ST_13 : Operation 76 [2/3] (1.64ns)   --->   "%mul_ln574_62 = mul i42 %sext_ln574_79, i42 %sext_ln574_77" [../src/fp_math_hls.cpp:574->../src/vehicle_model_hls.cpp:548]   --->   Operation 76 'mul' 'mul_ln574_62' <Predicate = true> <Delay = 1.64> <CoreInst = "Mul_DSP">   --->   Core 5 'Mul_DSP' <Latency = 2> <II = 1> <Delay = 1.64> <FuncUnit> <Opcode : 'mul'> <InPorts = 2> <OutPorts = 1>
ST_13 : Operation 77 [1/1] (0.00ns)   --->   "%sext_ln574_81 = sext i21 %product_q_109" [../src/fp_math_hls.cpp:574->../src/vehicle_model_hls.cpp:551]   --->   Operation 77 'sext' 'sext_ln574_81' <Predicate = true> <Delay = 0.00>
ST_13 : Operation 78 [1/1] (0.00ns)   --->   "%sext_ln574_82 = sext i21 %tr_alpha_r_op_val_read" [../src/fp_math_hls.cpp:574->../src/vehicle_model_hls.cpp:551]   --->   Operation 78 'sext' 'sext_ln574_82' <Predicate = true> <Delay = 0.00>
ST_13 : Operation 79 [3/3] (1.64ns)   --->   "%mul_ln574_64 = mul i42 %sext_ln574_82, i42 %sext_ln574_81" [../src/fp_math_hls.cpp:574->../src/vehicle_model_hls.cpp:551]   --->   Operation 79 'mul' 'mul_ln574_64' <Predicate = true> <Delay = 1.64> <CoreInst = "Mul_DSP">   --->   Core 5 'Mul_DSP' <Latency = 2> <II = 1> <Delay = 1.64> <FuncUnit> <Opcode : 'mul'> <InPorts = 2> <OutPorts = 1>

State 14 <SV = 13> <Delay = 1.64>
ST_14 : Operation 80 [1/1] (0.00ns)   --->   "%sext_ln574_78 = sext i21 %product_q_110" [../src/fp_math_hls.cpp:574->../src/vehicle_model_hls.cpp:545]   --->   Operation 80 'sext' 'sext_ln574_78' <Predicate = true> <Delay = 0.00>
ST_14 : Operation 81 [3/3] (1.64ns)   --->   "%mul_ln574_61 = mul i34 %sext_ln574_78, i34 17179866257" [../src/fp_math_hls.cpp:574->../src/vehicle_model_hls.cpp:545]   --->   Operation 81 'mul' 'mul_ln574_61' <Predicate = true> <Delay = 1.64> <CoreInst = "Mul_DSP">   --->   Core 5 'Mul_DSP' <Latency = 2> <II = 1> <Delay = 1.64> <FuncUnit> <Opcode : 'mul'> <InPorts = 2> <OutPorts = 1>
ST_14 : Operation 82 [1/3] (1.64ns)   --->   "%mul_ln574_62 = mul i42 %sext_ln574_79, i42 %sext_ln574_77" [../src/fp_math_hls.cpp:574->../src/vehicle_model_hls.cpp:548]   --->   Operation 82 'mul' 'mul_ln574_62' <Predicate = true> <Delay = 1.64> <CoreInst = "Mul_DSP">   --->   Core 5 'Mul_DSP' <Latency = 2> <II = 1> <Delay = 1.64> <FuncUnit> <Opcode : 'mul'> <InPorts = 2> <OutPorts = 1>
ST_14 : Operation 83 [1/1] (0.00ns)   --->   "%specfucore_ln576 = specfucore void @_ssdm_op_SpecFUCore, i42 %mul_ln574_62, i64 12, i64 3, i64 2, i1 0" [../src/fp_math_hls.cpp:576->../src/vehicle_model_hls.cpp:548]   --->   Operation 83 'specfucore' 'specfucore_ln576' <Predicate = true> <Delay = 0.00>
ST_14 : Operation 84 [1/1] (0.00ns)   --->   "%product_q_112 = partselect i21 @_ssdm_op_PartSelect.i21.i42.i32.i32, i42 %mul_ln574_62, i32 12, i32 32" [../src/fp_math_hls.cpp:577->../src/vehicle_model_hls.cpp:548]   --->   Operation 84 'partselect' 'product_q_112' <Predicate = true> <Delay = 0.00>
ST_14 : Operation 85 [2/3] (1.64ns)   --->   "%mul_ln574_64 = mul i42 %sext_ln574_82, i42 %sext_ln574_81" [../src/fp_math_hls.cpp:574->../src/vehicle_model_hls.cpp:551]   --->   Operation 85 'mul' 'mul_ln574_64' <Predicate = true> <Delay = 1.64> <CoreInst = "Mul_DSP">   --->   Core 5 'Mul_DSP' <Latency = 2> <II = 1> <Delay = 1.64> <FuncUnit> <Opcode : 'mul'> <InPorts = 2> <OutPorts = 1>

State 15 <SV = 14> <Delay = 1.64>
ST_15 : Operation 86 [2/3] (1.64ns)   --->   "%mul_ln574_61 = mul i34 %sext_ln574_78, i34 17179866257" [../src/fp_math_hls.cpp:574->../src/vehicle_model_hls.cpp:545]   --->   Operation 86 'mul' 'mul_ln574_61' <Predicate = true> <Delay = 1.64> <CoreInst = "Mul_DSP">   --->   Core 5 'Mul_DSP' <Latency = 2> <II = 1> <Delay = 1.64> <FuncUnit> <Opcode : 'mul'> <InPorts = 2> <OutPorts = 1>
ST_15 : Operation 87 [1/1] (0.00ns)   --->   "%sext_ln574_80 = sext i21 %product_q_112" [../src/fp_math_hls.cpp:574->../src/vehicle_model_hls.cpp:548]   --->   Operation 87 'sext' 'sext_ln574_80' <Predicate = true> <Delay = 0.00>
ST_15 : Operation 88 [3/3] (1.64ns)   --->   "%mul_ln574_63 = mul i34 %sext_ln574_80, i34 17179866257" [../src/fp_math_hls.cpp:574->../src/vehicle_model_hls.cpp:548]   --->   Operation 88 'mul' 'mul_ln574_63' <Predicate = true> <Delay = 1.64> <CoreInst = "Mul_DSP">   --->   Core 5 'Mul_DSP' <Latency = 2> <II = 1> <Delay = 1.64> <FuncUnit> <Opcode : 'mul'> <InPorts = 2> <OutPorts = 1>
ST_15 : Operation 89 [1/3] (1.64ns)   --->   "%mul_ln574_64 = mul i42 %sext_ln574_82, i42 %sext_ln574_81" [../src/fp_math_hls.cpp:574->../src/vehicle_model_hls.cpp:551]   --->   Operation 89 'mul' 'mul_ln574_64' <Predicate = true> <Delay = 1.64> <CoreInst = "Mul_DSP">   --->   Core 5 'Mul_DSP' <Latency = 2> <II = 1> <Delay = 1.64> <FuncUnit> <Opcode : 'mul'> <InPorts = 2> <OutPorts = 1>
ST_15 : Operation 90 [1/1] (0.00ns)   --->   "%specfucore_ln576 = specfucore void @_ssdm_op_SpecFUCore, i42 %mul_ln574_64, i64 12, i64 3, i64 2, i1 0" [../src/fp_math_hls.cpp:576->../src/vehicle_model_hls.cpp:551]   --->   Operation 90 'specfucore' 'specfucore_ln576' <Predicate = true> <Delay = 0.00>
ST_15 : Operation 91 [1/1] (0.00ns)   --->   "%product_q_114 = partselect i21 @_ssdm_op_PartSelect.i21.i42.i32.i32, i42 %mul_ln574_64, i32 12, i32 32" [../src/fp_math_hls.cpp:577->../src/vehicle_model_hls.cpp:551]   --->   Operation 91 'partselect' 'product_q_114' <Predicate = true> <Delay = 0.00>

State 16 <SV = 15> <Delay = 1.64>
ST_16 : Operation 92 [1/3] (1.64ns)   --->   "%mul_ln574_61 = mul i34 %sext_ln574_78, i34 17179866257" [../src/fp_math_hls.cpp:574->../src/vehicle_model_hls.cpp:545]   --->   Operation 92 'mul' 'mul_ln574_61' <Predicate = true> <Delay = 1.64> <CoreInst = "Mul_DSP">   --->   Core 5 'Mul_DSP' <Latency = 2> <II = 1> <Delay = 1.64> <FuncUnit> <Opcode : 'mul'> <InPorts = 2> <OutPorts = 1>
ST_16 : Operation 93 [1/1] (0.00ns)   --->   "%specfucore_ln576 = specfucore void @_ssdm_op_SpecFUCore, i34 %mul_ln574_61, i64 12, i64 3, i64 2, i1 0" [../src/fp_math_hls.cpp:576->../src/vehicle_model_hls.cpp:545]   --->   Operation 93 'specfucore' 'specfucore_ln576' <Predicate = true> <Delay = 0.00>
ST_16 : Operation 94 [1/1] (0.00ns)   --->   "%product_q_111 = partselect i21 @_ssdm_op_PartSelect.i21.i34.i32.i32, i34 %mul_ln574_61, i32 12, i32 32" [../src/fp_math_hls.cpp:577->../src/vehicle_model_hls.cpp:545]   --->   Operation 94 'partselect' 'product_q_111' <Predicate = true> <Delay = 0.00>
ST_16 : Operation 95 [2/3] (1.64ns)   --->   "%mul_ln574_63 = mul i34 %sext_ln574_80, i34 17179866257" [../src/fp_math_hls.cpp:574->../src/vehicle_model_hls.cpp:548]   --->   Operation 95 'mul' 'mul_ln574_63' <Predicate = true> <Delay = 1.64> <CoreInst = "Mul_DSP">   --->   Core 5 'Mul_DSP' <Latency = 2> <II = 1> <Delay = 1.64> <FuncUnit> <Opcode : 'mul'> <InPorts = 2> <OutPorts = 1>
ST_16 : Operation 96 [1/1] (0.00ns)   --->   "%sext_ln574_83 = sext i21 %product_q_114" [../src/fp_math_hls.cpp:574->../src/vehicle_model_hls.cpp:551]   --->   Operation 96 'sext' 'sext_ln574_83' <Predicate = true> <Delay = 0.00>
ST_16 : Operation 97 [3/3] (1.64ns)   --->   "%product = mul i34 %sext_ln574_83, i34 2927" [../src/fp_math_hls.cpp:574->../src/vehicle_model_hls.cpp:551]   --->   Operation 97 'mul' 'product' <Predicate = true> <Delay = 1.64> <CoreInst = "Mul_DSP">   --->   Core 5 'Mul_DSP' <Latency = 2> <II = 1> <Delay = 1.64> <FuncUnit> <Opcode : 'mul'> <InPorts = 2> <OutPorts = 1>

State 17 <SV = 16> <Delay = 1.64>
ST_17 : Operation 98 [1/1] (0.00ns)   --->   "%tr_cos_delta_val_read = read i21 @_ssdm_op_Read.ap_auto.i21, i21 %tr_cos_delta_val" [../src/vehicle_model_hls.cpp:532]   --->   Operation 98 'read' 'tr_cos_delta_val_read' <Predicate = true> <Delay = 0.00>
ST_17 : Operation 99 [1/3] (1.64ns)   --->   "%mul_ln574_63 = mul i34 %sext_ln574_80, i34 17179866257" [../src/fp_math_hls.cpp:574->../src/vehicle_model_hls.cpp:548]   --->   Operation 99 'mul' 'mul_ln574_63' <Predicate = true> <Delay = 1.64> <CoreInst = "Mul_DSP">   --->   Core 5 'Mul_DSP' <Latency = 2> <II = 1> <Delay = 1.64> <FuncUnit> <Opcode : 'mul'> <InPorts = 2> <OutPorts = 1>
ST_17 : Operation 100 [1/1] (0.00ns)   --->   "%specfucore_ln576 = specfucore void @_ssdm_op_SpecFUCore, i34 %mul_ln574_63, i64 12, i64 3, i64 2, i1 0" [../src/fp_math_hls.cpp:576->../src/vehicle_model_hls.cpp:548]   --->   Operation 100 'specfucore' 'specfucore_ln576' <Predicate = true> <Delay = 0.00>
ST_17 : Operation 101 [1/1] (0.00ns)   --->   "%product_q_113 = partselect i21 @_ssdm_op_PartSelect.i21.i34.i32.i32, i34 %mul_ln574_63, i32 12, i32 32" [../src/fp_math_hls.cpp:577->../src/vehicle_model_hls.cpp:548]   --->   Operation 101 'partselect' 'product_q_113' <Predicate = true> <Delay = 0.00>
ST_17 : Operation 102 [2/3] (1.64ns)   --->   "%product = mul i34 %sext_ln574_83, i34 2927" [../src/fp_math_hls.cpp:574->../src/vehicle_model_hls.cpp:551]   --->   Operation 102 'mul' 'product' <Predicate = true> <Delay = 1.64> <CoreInst = "Mul_DSP">   --->   Core 5 'Mul_DSP' <Latency = 2> <II = 1> <Delay = 1.64> <FuncUnit> <Opcode : 'mul'> <InPorts = 2> <OutPorts = 1>
ST_17 : Operation 103 [1/1] (0.00ns)   --->   "%sext_ln574_84 = sext i21 %product_q_111" [../src/fp_math_hls.cpp:574->../src/vehicle_model_hls.cpp:552]   --->   Operation 103 'sext' 'sext_ln574_84' <Predicate = true> <Delay = 0.00>
ST_17 : Operation 104 [1/1] (0.00ns)   --->   "%sext_ln574_85 = sext i21 %tr_cos_delta_val_read" [../src/fp_math_hls.cpp:574->../src/vehicle_model_hls.cpp:552]   --->   Operation 104 'sext' 'sext_ln574_85' <Predicate = true> <Delay = 0.00>
ST_17 : Operation 105 [3/3] (1.64ns)   --->   "%mul_ln574_66 = mul i42 %sext_ln574_85, i42 %sext_ln574_84" [../src/fp_math_hls.cpp:574->../src/vehicle_model_hls.cpp:552]   --->   Operation 105 'mul' 'mul_ln574_66' <Predicate = true> <Delay = 1.64> <CoreInst = "Mul_DSP">   --->   Core 5 'Mul_DSP' <Latency = 2> <II = 1> <Delay = 1.64> <FuncUnit> <Opcode : 'mul'> <InPorts = 2> <OutPorts = 1>

State 18 <SV = 17> <Delay = 1.64>
ST_18 : Operation 106 [1/3] (1.64ns)   --->   "%product = mul i34 %sext_ln574_83, i34 2927" [../src/fp_math_hls.cpp:574->../src/vehicle_model_hls.cpp:551]   --->   Operation 106 'mul' 'product' <Predicate = true> <Delay = 1.64> <CoreInst = "Mul_DSP">   --->   Core 5 'Mul_DSP' <Latency = 2> <II = 1> <Delay = 1.64> <FuncUnit> <Opcode : 'mul'> <InPorts = 2> <OutPorts = 1>
ST_18 : Operation 107 [1/1] (0.00ns)   --->   "%specfucore_ln576 = specfucore void @_ssdm_op_SpecFUCore, i34 %product, i64 12, i64 3, i64 2, i1 0" [../src/fp_math_hls.cpp:576->../src/vehicle_model_hls.cpp:551]   --->   Operation 107 'specfucore' 'specfucore_ln576' <Predicate = true> <Delay = 0.00>
ST_18 : Operation 108 [1/1] (0.00ns)   --->   "%product_q_115 = partselect i21 @_ssdm_op_PartSelect.i21.i34.i32.i32, i34 %product, i32 12, i32 32" [../src/fp_math_hls.cpp:577->../src/vehicle_model_hls.cpp:551]   --->   Operation 108 'partselect' 'product_q_115' <Predicate = true> <Delay = 0.00>
ST_18 : Operation 109 [2/3] (1.64ns)   --->   "%mul_ln574_66 = mul i42 %sext_ln574_85, i42 %sext_ln574_84" [../src/fp_math_hls.cpp:574->../src/vehicle_model_hls.cpp:552]   --->   Operation 109 'mul' 'mul_ln574_66' <Predicate = true> <Delay = 1.64> <CoreInst = "Mul_DSP">   --->   Core 5 'Mul_DSP' <Latency = 2> <II = 1> <Delay = 1.64> <FuncUnit> <Opcode : 'mul'> <InPorts = 2> <OutPorts = 1>
ST_18 : Operation 110 [1/1] (0.00ns)   --->   "%sext_ln574_86 = sext i21 %product_q_113" [../src/fp_math_hls.cpp:574->../src/vehicle_model_hls.cpp:553]   --->   Operation 110 'sext' 'sext_ln574_86' <Predicate = true> <Delay = 0.00>
ST_18 : Operation 111 [3/3] (1.64ns)   --->   "%mul_ln574_67 = mul i42 %sext_ln574_86, i42 %sext_ln574_85" [../src/fp_math_hls.cpp:574->../src/vehicle_model_hls.cpp:553]   --->   Operation 111 'mul' 'mul_ln574_67' <Predicate = true> <Delay = 1.64> <CoreInst = "Mul_DSP">   --->   Core 5 'Mul_DSP' <Latency = 2> <II = 1> <Delay = 1.64> <FuncUnit> <Opcode : 'mul'> <InPorts = 2> <OutPorts = 1>

State 19 <SV = 18> <Delay = 1.64>
ST_19 : Operation 112 [1/3] (1.64ns)   --->   "%mul_ln574_66 = mul i42 %sext_ln574_85, i42 %sext_ln574_84" [../src/fp_math_hls.cpp:574->../src/vehicle_model_hls.cpp:552]   --->   Operation 112 'mul' 'mul_ln574_66' <Predicate = true> <Delay = 1.64> <CoreInst = "Mul_DSP">   --->   Core 5 'Mul_DSP' <Latency = 2> <II = 1> <Delay = 1.64> <FuncUnit> <Opcode : 'mul'> <InPorts = 2> <OutPorts = 1>
ST_19 : Operation 113 [1/1] (0.00ns)   --->   "%specfucore_ln576 = specfucore void @_ssdm_op_SpecFUCore, i42 %mul_ln574_66, i64 12, i64 3, i64 2, i1 0" [../src/fp_math_hls.cpp:576->../src/vehicle_model_hls.cpp:552]   --->   Operation 113 'specfucore' 'specfucore_ln576' <Predicate = true> <Delay = 0.00>
ST_19 : Operation 114 [1/1] (0.00ns)   --->   "%product_q_116 = partselect i21 @_ssdm_op_PartSelect.i21.i42.i32.i32, i42 %mul_ln574_66, i32 12, i32 32" [../src/fp_math_hls.cpp:577->../src/vehicle_model_hls.cpp:552]   --->   Operation 114 'partselect' 'product_q_116' <Predicate = true> <Delay = 0.00>
ST_19 : Operation 115 [2/3] (1.64ns)   --->   "%mul_ln574_67 = mul i42 %sext_ln574_86, i42 %sext_ln574_85" [../src/fp_math_hls.cpp:574->../src/vehicle_model_hls.cpp:553]   --->   Operation 115 'mul' 'mul_ln574_67' <Predicate = true> <Delay = 1.64> <CoreInst = "Mul_DSP">   --->   Core 5 'Mul_DSP' <Latency = 2> <II = 1> <Delay = 1.64> <FuncUnit> <Opcode : 'mul'> <InPorts = 2> <OutPorts = 1>
ST_19 : Operation 116 [1/1] (0.00ns)   --->   "%sext_ln574_87 = sext i21 %product_q_115" [../src/fp_math_hls.cpp:574->../src/vehicle_model_hls.cpp:561]   --->   Operation 116 'sext' 'sext_ln574_87' <Predicate = true> <Delay = 0.00>
ST_19 : Operation 117 [3/3] (1.64ns)   --->   "%mul_ln574_68 = mul i32 %sext_ln574_87, i32 4294966734" [../src/fp_math_hls.cpp:574->../src/vehicle_model_hls.cpp:561]   --->   Operation 117 'mul' 'mul_ln574_68' <Predicate = true> <Delay = 1.64> <CoreInst = "Mul_DSP">   --->   Core 5 'Mul_DSP' <Latency = 2> <II = 1> <Delay = 1.64> <FuncUnit> <Opcode : 'mul'> <InPorts = 2> <OutPorts = 1>

State 20 <SV = 19> <Delay = 2.55>
ST_20 : Operation 118 [1/3] (1.64ns)   --->   "%mul_ln574_67 = mul i42 %sext_ln574_86, i42 %sext_ln574_85" [../src/fp_math_hls.cpp:574->../src/vehicle_model_hls.cpp:553]   --->   Operation 118 'mul' 'mul_ln574_67' <Predicate = true> <Delay = 1.64> <CoreInst = "Mul_DSP">   --->   Core 5 'Mul_DSP' <Latency = 2> <II = 1> <Delay = 1.64> <FuncUnit> <Opcode : 'mul'> <InPorts = 2> <OutPorts = 1>
ST_20 : Operation 119 [1/1] (0.00ns)   --->   "%specfucore_ln576 = specfucore void @_ssdm_op_SpecFUCore, i42 %mul_ln574_67, i64 12, i64 3, i64 2, i1 0" [../src/fp_math_hls.cpp:576->../src/vehicle_model_hls.cpp:553]   --->   Operation 119 'specfucore' 'specfucore_ln576' <Predicate = true> <Delay = 0.00>
ST_20 : Operation 120 [1/1] (0.00ns)   --->   "%product_q_117 = partselect i21 @_ssdm_op_PartSelect.i21.i42.i32.i32, i42 %mul_ln574_67, i32 12, i32 32" [../src/fp_math_hls.cpp:577->../src/vehicle_model_hls.cpp:553]   --->   Operation 120 'partselect' 'product_q_117' <Predicate = true> <Delay = 0.00>
ST_20 : Operation 121 [1/1] (0.00ns) (grouped into LUT with out node add_ln559)   --->   "%select_ln559 = select i1 %use_front_raw, i21 %product_q_116, i21 %product_q_117" [../src/vehicle_model_hls.cpp:559]   --->   Operation 121 'select' 'select_ln559' <Predicate = true> <Delay = 0.00> <CoreInst = "Sel">   --->   Core 73 'Sel' <Latency = 0> <II = 1> <Delay = 0.35> <FuncUnit> <Opcode : 'select'> <InPorts = 3> <OutPorts = 1>
ST_20 : Operation 122 [1/1] (0.90ns) (out node of the LUT)   --->   "%add_ln559 = add i21 %select_ln559, i21 %product_q_115" [../src/vehicle_model_hls.cpp:559]   --->   Operation 122 'add' 'add_ln559' <Predicate = true> <Delay = 0.90> <CoreInst = "Adder">   --->   Core 1 'Adder' <Latency = 0> <II = 1> <Delay = 0.90> <FuncUnit> <Opcode : 'add' 'sub'> <InPorts = 2> <OutPorts = 1>
ST_20 : Operation 123 [2/3] (1.64ns)   --->   "%mul_ln574_68 = mul i32 %sext_ln574_87, i32 4294966734" [../src/fp_math_hls.cpp:574->../src/vehicle_model_hls.cpp:561]   --->   Operation 123 'mul' 'mul_ln574_68' <Predicate = true> <Delay = 1.64> <CoreInst = "Mul_DSP">   --->   Core 5 'Mul_DSP' <Latency = 2> <II = 1> <Delay = 1.64> <FuncUnit> <Opcode : 'mul'> <InPorts = 2> <OutPorts = 1>
ST_20 : Operation 124 [1/1] (0.00ns)   --->   "%sext_ln574_88 = sext i21 %product_q_116" [../src/fp_math_hls.cpp:574->../src/vehicle_model_hls.cpp:563]   --->   Operation 124 'sext' 'sext_ln574_88' <Predicate = (use_front_raw)> <Delay = 0.00>
ST_20 : Operation 125 [3/3] (1.64ns)   --->   "%mul_ln574_69 = mul i32 %sext_ln574_88, i32 581" [../src/fp_math_hls.cpp:574->../src/vehicle_model_hls.cpp:563]   --->   Operation 125 'mul' 'mul_ln574_69' <Predicate = (use_front_raw)> <Delay = 1.64> <CoreInst = "Mul_DSP">   --->   Core 5 'Mul_DSP' <Latency = 2> <II = 1> <Delay = 1.64> <FuncUnit> <Opcode : 'mul'> <InPorts = 2> <OutPorts = 1>

State 21 <SV = 20> <Delay = 2.56>
ST_21 : Operation 126 [1/1] (0.00ns)   --->   "%sext_ln559 = sext i21 %add_ln559" [../src/vehicle_model_hls.cpp:559]   --->   Operation 126 'sext' 'sext_ln559' <Predicate = true> <Delay = 0.00>
ST_21 : Operation 127 [1/1] (2.56ns)   --->   "%mul_ln559 = mul i28 %sext_ln559, i28 37" [../src/vehicle_model_hls.cpp:559]   --->   Operation 127 'mul' 'mul_ln559' <Predicate = true> <Delay = 2.56> <CoreInst = "Multiplier">   --->   Core 3 'Multiplier' <Latency = 0> <II = 1> <Delay = 2.56> <FuncUnit> <Opcode : 'mul'> <InPorts = 2> <OutPorts = 1>
ST_21 : Operation 128 [1/1] (0.00ns)   --->   "%trunc_ln = partselect i16 @_ssdm_op_PartSelect.i16.i28.i32.i32, i28 %mul_ln559, i32 12, i32 27" [../src/vehicle_model_hls.cpp:559]   --->   Operation 128 'partselect' 'trunc_ln' <Predicate = true> <Delay = 0.00>
ST_21 : Operation 129 [1/3] (1.64ns)   --->   "%mul_ln574_68 = mul i32 %sext_ln574_87, i32 4294966734" [../src/fp_math_hls.cpp:574->../src/vehicle_model_hls.cpp:561]   --->   Operation 129 'mul' 'mul_ln574_68' <Predicate = true> <Delay = 1.64> <CoreInst = "Mul_DSP">   --->   Core 5 'Mul_DSP' <Latency = 2> <II = 1> <Delay = 1.64> <FuncUnit> <Opcode : 'mul'> <InPorts = 2> <OutPorts = 1>
ST_21 : Operation 130 [1/1] (0.00ns)   --->   "%specfucore_ln576 = specfucore void @_ssdm_op_SpecFUCore, i32 %mul_ln574_68, i64 12, i64 3, i64 2, i1 0" [../src/fp_math_hls.cpp:576->../src/vehicle_model_hls.cpp:561]   --->   Operation 130 'specfucore' 'specfucore_ln576' <Predicate = true> <Delay = 0.00>
ST_21 : Operation 131 [2/3] (1.64ns)   --->   "%mul_ln574_69 = mul i32 %sext_ln574_88, i32 581" [../src/fp_math_hls.cpp:574->../src/vehicle_model_hls.cpp:563]   --->   Operation 131 'mul' 'mul_ln574_69' <Predicate = (use_front_raw)> <Delay = 1.64> <CoreInst = "Mul_DSP">   --->   Core 5 'Mul_DSP' <Latency = 2> <II = 1> <Delay = 1.64> <FuncUnit> <Opcode : 'mul'> <InPorts = 2> <OutPorts = 1>
ST_21 : Operation 132 [1/1] (0.00ns)   --->   "%sext_ln574_89 = sext i21 %product_q_117" [../src/fp_math_hls.cpp:574->../src/vehicle_model_hls.cpp:565]   --->   Operation 132 'sext' 'sext_ln574_89' <Predicate = (!use_front_raw)> <Delay = 0.00>
ST_21 : Operation 133 [3/3] (1.64ns)   --->   "%mul_ln574_70 = mul i32 %sext_ln574_89, i32 581" [../src/fp_math_hls.cpp:574->../src/vehicle_model_hls.cpp:565]   --->   Operation 133 'mul' 'mul_ln574_70' <Predicate = (!use_front_raw)> <Delay = 1.64> <CoreInst = "Mul_DSP">   --->   Core 5 'Mul_DSP' <Latency = 2> <II = 1> <Delay = 1.64> <FuncUnit> <Opcode : 'mul'> <InPorts = 2> <OutPorts = 1>

State 22 <SV = 21> <Delay = 1.64>
ST_22 : Operation 134 [1/3] (1.64ns)   --->   "%mul_ln574_69 = mul i32 %sext_ln574_88, i32 581" [../src/fp_math_hls.cpp:574->../src/vehicle_model_hls.cpp:563]   --->   Operation 134 'mul' 'mul_ln574_69' <Predicate = (use_front_raw)> <Delay = 1.64> <CoreInst = "Mul_DSP">   --->   Core 5 'Mul_DSP' <Latency = 2> <II = 1> <Delay = 1.64> <FuncUnit> <Opcode : 'mul'> <InPorts = 2> <OutPorts = 1>
ST_22 : Operation 135 [1/1] (0.00ns)   --->   "%specfucore_ln576 = specfucore void @_ssdm_op_SpecFUCore, i32 %mul_ln574_69, i64 12, i64 3, i64 2, i1 0" [../src/fp_math_hls.cpp:576->../src/vehicle_model_hls.cpp:563]   --->   Operation 135 'specfucore' 'specfucore_ln576' <Predicate = true> <Delay = 0.00>
ST_22 : Operation 136 [2/3] (1.64ns)   --->   "%mul_ln574_70 = mul i32 %sext_ln574_89, i32 581" [../src/fp_math_hls.cpp:574->../src/vehicle_model_hls.cpp:565]   --->   Operation 136 'mul' 'mul_ln574_70' <Predicate = (!use_front_raw)> <Delay = 1.64> <CoreInst = "Mul_DSP">   --->   Core 5 'Mul_DSP' <Latency = 2> <II = 1> <Delay = 1.64> <FuncUnit> <Opcode : 'mul'> <InPorts = 2> <OutPorts = 1>

State 23 <SV = 22> <Delay = 2.53>
ST_23 : Operation 137 [1/1] (0.00ns)   --->   "%rbegin27 = specregionbegin i32 @_ssdm_op_SpecRegionBegin, void @empty_94" [../src/fp_math_hls.cpp:574->../src/vehicle_model_hls.cpp:536]   --->   Operation 137 'specregionbegin' 'rbegin27' <Predicate = true> <Delay = 0.00>
ST_23 : Operation 138 [1/1] (0.00ns)   --->   "%rend28 = specregionend i32 @_ssdm_op_SpecRegionEnd, void @empty_94, i32 %rbegin27" [../src/fp_math_hls.cpp:574->../src/vehicle_model_hls.cpp:536]   --->   Operation 138 'specregionend' 'rend28' <Predicate = true> <Delay = 0.00>
ST_23 : Operation 139 [1/1] (0.00ns)   --->   "%rbegin25 = specregionbegin i32 @_ssdm_op_SpecRegionBegin, void @empty_50" [../src/fp_math_hls.cpp:574->../src/vehicle_model_hls.cpp:537]   --->   Operation 139 'specregionbegin' 'rbegin25' <Predicate = true> <Delay = 0.00>
ST_23 : Operation 140 [1/1] (0.00ns)   --->   "%rend26 = specregionend i32 @_ssdm_op_SpecRegionEnd, void @empty_50, i32 %rbegin25" [../src/fp_math_hls.cpp:574->../src/vehicle_model_hls.cpp:537]   --->   Operation 140 'specregionend' 'rend26' <Predicate = true> <Delay = 0.00>
ST_23 : Operation 141 [1/1] (0.00ns)   --->   "%rbegin23 = specregionbegin i32 @_ssdm_op_SpecRegionBegin, void @empty_26" [../src/fp_math_hls.cpp:574->../src/vehicle_model_hls.cpp:538]   --->   Operation 141 'specregionbegin' 'rbegin23' <Predicate = true> <Delay = 0.00>
ST_23 : Operation 142 [1/1] (0.00ns)   --->   "%rend24 = specregionend i32 @_ssdm_op_SpecRegionEnd, void @empty_26, i32 %rbegin23" [../src/fp_math_hls.cpp:574->../src/vehicle_model_hls.cpp:538]   --->   Operation 142 'specregionend' 'rend24' <Predicate = true> <Delay = 0.00>
ST_23 : Operation 143 [1/1] (0.00ns)   --->   "%rbegin21 = specregionbegin i32 @_ssdm_op_SpecRegionBegin, void @empty_123" [../src/fp_math_hls.cpp:574->../src/vehicle_model_hls.cpp:545]   --->   Operation 143 'specregionbegin' 'rbegin21' <Predicate = true> <Delay = 0.00>
ST_23 : Operation 144 [1/1] (0.00ns)   --->   "%rend22 = specregionend i32 @_ssdm_op_SpecRegionEnd, void @empty_123, i32 %rbegin21" [../src/fp_math_hls.cpp:574->../src/vehicle_model_hls.cpp:545]   --->   Operation 144 'specregionend' 'rend22' <Predicate = true> <Delay = 0.00>
ST_23 : Operation 145 [1/1] (0.00ns)   --->   "%rbegin19 = specregionbegin i32 @_ssdm_op_SpecRegionBegin, void @empty_36" [../src/fp_math_hls.cpp:574->../src/vehicle_model_hls.cpp:545]   --->   Operation 145 'specregionbegin' 'rbegin19' <Predicate = true> <Delay = 0.00>
ST_23 : Operation 146 [1/1] (0.00ns)   --->   "%rend20 = specregionend i32 @_ssdm_op_SpecRegionEnd, void @empty_36, i32 %rbegin19" [../src/fp_math_hls.cpp:574->../src/vehicle_model_hls.cpp:545]   --->   Operation 146 'specregionend' 'rend20' <Predicate = true> <Delay = 0.00>
ST_23 : Operation 147 [1/1] (0.00ns)   --->   "%rbegin17 = specregionbegin i32 @_ssdm_op_SpecRegionBegin, void @empty_35" [../src/fp_math_hls.cpp:574->../src/vehicle_model_hls.cpp:548]   --->   Operation 147 'specregionbegin' 'rbegin17' <Predicate = true> <Delay = 0.00>
ST_23 : Operation 148 [1/1] (0.00ns)   --->   "%rend18 = specregionend i32 @_ssdm_op_SpecRegionEnd, void @empty_35, i32 %rbegin17" [../src/fp_math_hls.cpp:574->../src/vehicle_model_hls.cpp:548]   --->   Operation 148 'specregionend' 'rend18' <Predicate = true> <Delay = 0.00>
ST_23 : Operation 149 [1/1] (0.00ns)   --->   "%rbegin15 = specregionbegin i32 @_ssdm_op_SpecRegionBegin, void @empty_34" [../src/fp_math_hls.cpp:574->../src/vehicle_model_hls.cpp:548]   --->   Operation 149 'specregionbegin' 'rbegin15' <Predicate = true> <Delay = 0.00>
ST_23 : Operation 150 [1/1] (0.00ns)   --->   "%rend16 = specregionend i32 @_ssdm_op_SpecRegionEnd, void @empty_34, i32 %rbegin15" [../src/fp_math_hls.cpp:574->../src/vehicle_model_hls.cpp:548]   --->   Operation 150 'specregionend' 'rend16' <Predicate = true> <Delay = 0.00>
ST_23 : Operation 151 [1/1] (0.00ns)   --->   "%rbegin13 = specregionbegin i32 @_ssdm_op_SpecRegionBegin, void @empty_33" [../src/fp_math_hls.cpp:574->../src/vehicle_model_hls.cpp:551]   --->   Operation 151 'specregionbegin' 'rbegin13' <Predicate = true> <Delay = 0.00>
ST_23 : Operation 152 [1/1] (0.00ns)   --->   "%rend14 = specregionend i32 @_ssdm_op_SpecRegionEnd, void @empty_33, i32 %rbegin13" [../src/fp_math_hls.cpp:574->../src/vehicle_model_hls.cpp:551]   --->   Operation 152 'specregionend' 'rend14' <Predicate = true> <Delay = 0.00>
ST_23 : Operation 153 [1/1] (0.00ns)   --->   "%rbegin11 = specregionbegin i32 @_ssdm_op_SpecRegionBegin, void @empty_89" [../src/fp_math_hls.cpp:574->../src/vehicle_model_hls.cpp:551]   --->   Operation 153 'specregionbegin' 'rbegin11' <Predicate = true> <Delay = 0.00>
ST_23 : Operation 154 [1/1] (0.00ns)   --->   "%rend12 = specregionend i32 @_ssdm_op_SpecRegionEnd, void @empty_89, i32 %rbegin11" [../src/fp_math_hls.cpp:574->../src/vehicle_model_hls.cpp:551]   --->   Operation 154 'specregionend' 'rend12' <Predicate = true> <Delay = 0.00>
ST_23 : Operation 155 [1/1] (0.00ns)   --->   "%rbegin9 = specregionbegin i32 @_ssdm_op_SpecRegionBegin, void @empty_32" [../src/fp_math_hls.cpp:574->../src/vehicle_model_hls.cpp:552]   --->   Operation 155 'specregionbegin' 'rbegin9' <Predicate = true> <Delay = 0.00>
ST_23 : Operation 156 [1/1] (0.00ns)   --->   "%rend10 = specregionend i32 @_ssdm_op_SpecRegionEnd, void @empty_32, i32 %rbegin9" [../src/fp_math_hls.cpp:574->../src/vehicle_model_hls.cpp:552]   --->   Operation 156 'specregionend' 'rend10' <Predicate = true> <Delay = 0.00>
ST_23 : Operation 157 [1/1] (0.00ns)   --->   "%rbegin7 = specregionbegin i32 @_ssdm_op_SpecRegionBegin, void @empty_211" [../src/fp_math_hls.cpp:574->../src/vehicle_model_hls.cpp:553]   --->   Operation 157 'specregionbegin' 'rbegin7' <Predicate = true> <Delay = 0.00>
ST_23 : Operation 158 [1/1] (0.00ns)   --->   "%rend8 = specregionend i32 @_ssdm_op_SpecRegionEnd, void @empty_211, i32 %rbegin7" [../src/fp_math_hls.cpp:574->../src/vehicle_model_hls.cpp:553]   --->   Operation 158 'specregionend' 'rend8' <Predicate = true> <Delay = 0.00>
ST_23 : Operation 159 [1/1] (0.00ns)   --->   "%sext_ln559_1 = sext i16 %trunc_ln" [../src/vehicle_model_hls.cpp:559]   --->   Operation 159 'sext' 'sext_ln559_1' <Predicate = true> <Delay = 0.00>
ST_23 : Operation 160 [1/1] (0.00ns)   --->   "%rbegin5 = specregionbegin i32 @_ssdm_op_SpecRegionBegin, void @empty_318" [../src/fp_math_hls.cpp:574->../src/vehicle_model_hls.cpp:561]   --->   Operation 160 'specregionbegin' 'rbegin5' <Predicate = true> <Delay = 0.00>
ST_23 : Operation 161 [1/1] (0.00ns)   --->   "%rend6 = specregionend i32 @_ssdm_op_SpecRegionEnd, void @empty_318, i32 %rbegin5" [../src/fp_math_hls.cpp:574->../src/vehicle_model_hls.cpp:561]   --->   Operation 161 'specregionend' 'rend6' <Predicate = true> <Delay = 0.00>
ST_23 : Operation 162 [1/1] (0.00ns) (grouped into LUT with out node add_ln566)   --->   "%product_q_118 = partselect i19 @_ssdm_op_PartSelect.i19.i32.i32.i32, i32 %mul_ln574_68, i32 12, i32 30" [../src/fp_math_hls.cpp:577->../src/vehicle_model_hls.cpp:561]   --->   Operation 162 'partselect' 'product_q_118' <Predicate = true> <Delay = 0.00>
ST_23 : Operation 163 [1/1] (0.00ns) (grouped into LUT with out node add_ln566)   --->   "%sext_ln577 = sext i19 %product_q_118" [../src/fp_math_hls.cpp:577->../src/vehicle_model_hls.cpp:561]   --->   Operation 163 'sext' 'sext_ln577' <Predicate = true> <Delay = 0.00>
ST_23 : Operation 164 [1/1] (0.00ns)   --->   "%rbegin3 = specregionbegin i32 @_ssdm_op_SpecRegionBegin, void @empty_95" [../src/fp_math_hls.cpp:574->../src/vehicle_model_hls.cpp:563]   --->   Operation 164 'specregionbegin' 'rbegin3' <Predicate = true> <Delay = 0.00>
ST_23 : Operation 165 [1/1] (0.00ns)   --->   "%rend4 = specregionend i32 @_ssdm_op_SpecRegionEnd, void @empty_95, i32 %rbegin3" [../src/fp_math_hls.cpp:574->../src/vehicle_model_hls.cpp:563]   --->   Operation 165 'specregionend' 'rend4' <Predicate = true> <Delay = 0.00>
ST_23 : Operation 166 [1/1] (0.00ns)   --->   "%rbegin = specregionbegin i32 @_ssdm_op_SpecRegionBegin, void @empty_65" [../src/fp_math_hls.cpp:574->../src/vehicle_model_hls.cpp:565]   --->   Operation 166 'specregionbegin' 'rbegin' <Predicate = true> <Delay = 0.00>
ST_23 : Operation 167 [1/3] (1.64ns)   --->   "%mul_ln574_70 = mul i32 %sext_ln574_89, i32 581" [../src/fp_math_hls.cpp:574->../src/vehicle_model_hls.cpp:565]   --->   Operation 167 'mul' 'mul_ln574_70' <Predicate = (!use_front_raw)> <Delay = 1.64> <CoreInst = "Mul_DSP">   --->   Core 5 'Mul_DSP' <Latency = 2> <II = 1> <Delay = 1.64> <FuncUnit> <Opcode : 'mul'> <InPorts = 2> <OutPorts = 1>
ST_23 : Operation 168 [1/1] (0.00ns)   --->   "%specfucore_ln576 = specfucore void @_ssdm_op_SpecFUCore, i32 %mul_ln574_70, i64 12, i64 3, i64 2, i1 0" [../src/fp_math_hls.cpp:576->../src/vehicle_model_hls.cpp:565]   --->   Operation 168 'specfucore' 'specfucore_ln576' <Predicate = true> <Delay = 0.00>
ST_23 : Operation 169 [1/1] (0.00ns)   --->   "%rend = specregionend i32 @_ssdm_op_SpecRegionEnd, void @empty_65, i32 %rbegin" [../src/fp_math_hls.cpp:574->../src/vehicle_model_hls.cpp:565]   --->   Operation 169 'specregionend' 'rend' <Predicate = true> <Delay = 0.00>
ST_23 : Operation 170 [1/1] (0.00ns) (grouped into LUT with out node add_ln566)   --->   "%tmp = partselect i19 @_ssdm_op_PartSelect.i19.i32.i32.i32, i32 %mul_ln574_69, i32 12, i32 30" [../src/vehicle_model_hls.cpp:566]   --->   Operation 170 'partselect' 'tmp' <Predicate = (use_front_raw)> <Delay = 0.00>
ST_23 : Operation 171 [1/1] (0.00ns) (grouped into LUT with out node add_ln566)   --->   "%tmp_s = partselect i19 @_ssdm_op_PartSelect.i19.i32.i32.i32, i32 %mul_ln574_70, i32 12, i32 30" [../src/vehicle_model_hls.cpp:566]   --->   Operation 171 'partselect' 'tmp_s' <Predicate = (!use_front_raw)> <Delay = 0.00>
ST_23 : Operation 172 [1/1] (0.00ns) (grouped into LUT with out node add_ln566)   --->   "%select_ln566 = select i1 %use_front_raw, i19 %tmp, i19 %tmp_s" [../src/vehicle_model_hls.cpp:566]   --->   Operation 172 'select' 'select_ln566' <Predicate = true> <Delay = 0.00> <CoreInst = "Sel">   --->   Core 73 'Sel' <Latency = 0> <II = 1> <Delay = 0.36> <FuncUnit> <Opcode : 'select'> <InPorts = 3> <OutPorts = 1>
ST_23 : Operation 173 [1/1] (0.00ns) (grouped into LUT with out node add_ln566)   --->   "%sext_ln566 = sext i19 %select_ln566" [../src/vehicle_model_hls.cpp:566]   --->   Operation 173 'sext' 'sext_ln566' <Predicate = true> <Delay = 0.00>
ST_23 : Operation 174 [1/1] (0.88ns) (out node of the LUT)   --->   "%add_ln566 = add i20 %sext_ln566, i20 %sext_ln577" [../src/vehicle_model_hls.cpp:566]   --->   Operation 174 'add' 'add_ln566' <Predicate = true> <Delay = 0.88> <CoreInst = "Adder">   --->   Core 1 'Adder' <Latency = 0> <II = 1> <Delay = 0.88> <FuncUnit> <Opcode : 'add' 'sub'> <InPorts = 2> <OutPorts = 1>
ST_23 : Operation 175 [1/1] (0.00ns)   --->   "%sext_ln530 = sext i20 %add_ln566" [../src/vehicle_model_hls.cpp:530]   --->   Operation 175 'sext' 'sext_ln530' <Predicate = true> <Delay = 0.00>
ST_23 : Operation 176 [1/1] (0.00ns)   --->   "%mrv = insertvalue i42 <undef>, i21 %sext_ln559_1" [../src/vehicle_model_hls.cpp:567]   --->   Operation 176 'insertvalue' 'mrv' <Predicate = true> <Delay = 0.00>
ST_23 : Operation 177 [1/1] (0.00ns)   --->   "%mrv_1 = insertvalue i42 %mrv, i21 %sext_ln530" [../src/vehicle_model_hls.cpp:567]   --->   Operation 177 'insertvalue' 'mrv_1' <Predicate = true> <Delay = 0.00>
ST_23 : Operation 178 [1/1] (0.00ns)   --->   "%ret_ln567 = ret i42 %mrv_1" [../src/vehicle_model_hls.cpp:567]   --->   Operation 178 'ret' 'ret_ln567' <Predicate = true> <Delay = 0.00>


============================================================
+ Verbose Summary: Timing violations
============================================================
Target clock period: 5.000ns, clock uncertainty: 0.500ns.

 <State 1>: 4.230ns
The critical path consists of the following:
	wire read operation ('tr_Fz_transfer_val_read', ../src/vehicle_model_hls.cpp:532) on port 'tr_Fz_transfer_val' (../src/vehicle_model_hls.cpp:532) [9]  (0.000 ns)
	'sub' operation 21 bit ('F_zf', ../src/vehicle_model_hls.cpp:532) [16]  (0.904 ns)
	'call' operation 20 bit ('inv_Fzf', ../src/vehicle_model_hls.cpp:534) to 'fp_recip_fn' [18]  (3.326 ns)

 <State 2>: 4.376ns
The critical path consists of the following:
	'call' operation 20 bit ('inv_Fzf', ../src/vehicle_model_hls.cpp:534) to 'fp_recip_fn' [18]  (4.376 ns)

 <State 3>: 4.376ns
The critical path consists of the following:
	'call' operation 20 bit ('inv_Fzf', ../src/vehicle_model_hls.cpp:534) to 'fp_recip_fn' [18]  (4.376 ns)

 <State 4>: 4.376ns
The critical path consists of the following:
	'call' operation 20 bit ('inv_Fzf', ../src/vehicle_model_hls.cpp:534) to 'fp_recip_fn' [18]  (4.376 ns)

 <State 5>: 4.376ns
The critical path consists of the following:
	'call' operation 20 bit ('inv_Fzf', ../src/vehicle_model_hls.cpp:534) to 'fp_recip_fn' [18]  (4.376 ns)

 <State 6>: 4.376ns
The critical path consists of the following:
	'call' operation 20 bit ('inv_Fzf', ../src/vehicle_model_hls.cpp:534) to 'fp_recip_fn' [18]  (4.376 ns)

 <State 7>: 4.376ns
The critical path consists of the following:
	'call' operation 20 bit ('inv_Fzr', ../src/vehicle_model_hls.cpp:535) to 'fp_recip_fn' [19]  (4.376 ns)

 <State 8>: 3.949ns
The critical path consists of the following:
	'call' operation 20 bit ('inv_Fzr', ../src/vehicle_model_hls.cpp:535) to 'fp_recip_fn' [19]  (3.949 ns)

 <State 9>: 1.650ns
The critical path consists of the following:
	'mul' operation 41 bit ('mul_ln574', ../src/fp_math_hls.cpp:574->../src/vehicle_model_hls.cpp:536) [23]  (1.650 ns)

 <State 10>: 1.650ns
The critical path consists of the following:
	'mul' operation 41 bit ('mul_ln574', ../src/fp_math_hls.cpp:574->../src/vehicle_model_hls.cpp:536) [23]  (1.650 ns)

 <State 11>: 1.650ns
The critical path consists of the following:
	'mul' operation 41 bit ('mul_ln574_58', ../src/fp_math_hls.cpp:574->../src/vehicle_model_hls.cpp:537) [29]  (1.650 ns)

 <State 12>: 1.650ns
The critical path consists of the following:
	'mul' operation 41 bit ('mul_ln574_59', ../src/fp_math_hls.cpp:574->../src/vehicle_model_hls.cpp:538) [36]  (1.650 ns)

 <State 13>: 1.650ns
The critical path consists of the following:
	'mul' operation 42 bit ('mul_ln574_60', ../src/fp_math_hls.cpp:574->../src/vehicle_model_hls.cpp:545) [44]  (1.650 ns)

 <State 14>: 1.650ns
The critical path consists of the following:
	'mul' operation 34 bit ('mul_ln574_61', ../src/fp_math_hls.cpp:574->../src/vehicle_model_hls.cpp:545) [50]  (1.650 ns)

 <State 15>: 1.650ns
The critical path consists of the following:
	'mul' operation 34 bit ('mul_ln574_61', ../src/fp_math_hls.cpp:574->../src/vehicle_model_hls.cpp:545) [50]  (1.650 ns)

 <State 16>: 1.650ns
The critical path consists of the following:
	'mul' operation 34 bit ('mul_ln574_61', ../src/fp_math_hls.cpp:574->../src/vehicle_model_hls.cpp:545) [50]  (1.650 ns)

 <State 17>: 1.650ns
The critical path consists of the following:
	'mul' operation 34 bit ('mul_ln574_63', ../src/fp_math_hls.cpp:574->../src/vehicle_model_hls.cpp:548) [62]  (1.650 ns)

 <State 18>: 1.650ns
The critical path consists of the following:
	'mul' operation 34 bit ('product', ../src/fp_math_hls.cpp:574->../src/vehicle_model_hls.cpp:551) [75]  (1.650 ns)

 <State 19>: 1.650ns
The critical path consists of the following:
	'mul' operation 42 bit ('mul_ln574_66', ../src/fp_math_hls.cpp:574->../src/vehicle_model_hls.cpp:552) [82]  (1.650 ns)

 <State 20>: 2.554ns
The critical path consists of the following:
	'mul' operation 42 bit ('mul_ln574_67', ../src/fp_math_hls.cpp:574->../src/vehicle_model_hls.cpp:553) [88]  (1.650 ns)
	'select' operation 21 bit ('select_ln559', ../src/vehicle_model_hls.cpp:559) [92]  (0.000 ns)
	'add' operation 21 bit ('add_ln559', ../src/vehicle_model_hls.cpp:559) [93]  (0.904 ns)

 <State 21>: 2.560ns
The critical path consists of the following:
	'mul' operation 28 bit ('mul_ln559', ../src/vehicle_model_hls.cpp:559) [95]  (2.560 ns)

 <State 22>: 1.650ns
The critical path consists of the following:
	'mul' operation 32 bit ('mul_ln574_69', ../src/fp_math_hls.cpp:574->../src/vehicle_model_hls.cpp:563) [107]  (1.650 ns)

 <State 23>: 2.534ns
The critical path consists of the following:
	'mul' operation 32 bit ('mul_ln574_70', ../src/fp_math_hls.cpp:574->../src/vehicle_model_hls.cpp:565) [112]  (1.650 ns)
	'select' operation 19 bit ('select_ln566', ../src/vehicle_model_hls.cpp:566) [117]  (0.000 ns)
	'add' operation 20 bit ('B41', ../src/vehicle_model_hls.cpp:566) [119]  (0.884 ns)


============================================================
+ Verbose Summary: Binding
============================================================
N/A
* FSMD analyzer results:
  - Output states:
 - Input state : 
  - Chain level:
	State 1
	State 2
	State 3
	State 4
	State 5
	State 6
	State 7
	State 8
	State 9
	State 10
	State 11
	State 12
	State 13
	State 14
	State 15
	State 16
	State 17
	State 18
	State 19
	State 20
	State 21
	State 22
	State 23


============================================================
+ Verbose Summary: Datapath Resource usage 
============================================================
N/A
