

================================================================
== Vitis HLS Report for 'compute_frenet_AB_and_next_hls'
================================================================
* Date:           Thu May 21 15:23:09 2026

* Version:        2025.2 (Build 6295257 on Nov 14 2025)
* Project:        mpc_fpga_top_opencl
* Solution:       hls (Vitis Kernel Flow Target)
* Product family: zynquplus
* Target device:  xck26-sfvc784-2LV-c


================================================================
== Performance Estimates
================================================================
+ Timing: 
    * Summary: 
    +--------+---------+----------+------------+
    |  Clock |  Target | Estimated| Uncertainty|
    +--------+---------+----------+------------+
    |ap_clk  |  5.00 ns|  4.433 ns|     0.50 ns|
    +--------+---------+----------+------------+

+ Latency: 
    * Summary: 
    +---------+---------+----------+----------+-----+-----+---------+
    |  Latency (cycles) |  Latency (absolute) |  Interval | Pipeline|
    |   min   |   max   |    min   |    max   | min | max |   Type  |
    +---------+---------+----------+----------+-----+-----+---------+
    |       99|       99|  0.495 us|  0.495 us|  100|  100|      yes|
    +---------+---------+----------+----------+-----+-----+---------+

    + Detail: 
        * Instance: 
        +---------------------------------+-----------------------+---------+---------+----------+----------+-----+-----+---------+
        |                                 |                       |  Latency (cycles) |  Latency (absolute) |  Interval | Pipeline|
        |             Instance            |         Module        |   min   |   max   |    min   |    max   | min | max |   Type  |
        +---------------------------------+-----------------------+---------+---------+----------+----------+-----+-----+---------+
        |grp_compute_frenet_AB_hls_fu_78  |compute_frenet_AB_hls  |       99|       99|  0.495 us|  0.495 us|  100|  100|      yes|
        +---------------------------------+-----------------------+---------+---------+----------+----------+-----+-----+---------+

        * Loop: 
        N/A



================================================================
== Utilization Estimates
================================================================
* Summary: 
+-----------------+---------+------+--------+--------+-----+
|       Name      | BRAM_18K|  DSP |   FF   |   LUT  | URAM|
+-----------------+---------+------+--------+--------+-----+
|DSP              |        -|     -|       -|       -|    -|
|Expression       |        -|     -|       -|       -|    -|
|FIFO             |        -|     -|       -|       -|    -|
|Instance         |       30|   168|   27535|   28683|    -|
|Memory           |        -|     -|       -|       -|    -|
|Multiplexer      |        -|     -|       0|     503|    -|
|Register         |        -|     -|     100|       -|    -|
+-----------------+---------+------+--------+--------+-----+
|Total            |       30|   168|   27635|   29186|    0|
+-----------------+---------+------+--------+--------+-----+
|Available        |      288|  1248|  234240|  117120|   64|
+-----------------+---------+------+--------+--------+-----+
|Utilization (%)  |       10|    13|      11|      24|    0|
+-----------------+---------+------+--------+--------+-----+

+ Detail: 
    * Instance: 
    +---------------------------------+-----------------------+---------+-----+-------+-------+-----+
    |             Instance            |         Module        | BRAM_18K| DSP |   FF  |  LUT  | URAM|
    +---------------------------------+-----------------------+---------+-----+-------+-------+-----+
    |grp_compute_frenet_AB_hls_fu_78  |compute_frenet_AB_hls  |       30|  168|  27535|  28683|    0|
    +---------------------------------+-----------------------+---------+-----+-------+-------+-----+
    |Total                            |                       |       30|  168|  27535|  28683|    0|
    +---------------------------------+-----------------------+---------+-----+-------+-------+-----+

    * DSP: 
    N/A

    * Memory: 
    N/A

    * FIFO: 
    N/A

    * Expression: 
    N/A

    * Multiplexer: 
    +-----------+-----+-----------+-----+-----------+
    |    Name   | LUT | Input Size| Bits| Total Bits|
    +-----------+-----+-----------+-----+-----------+
    |ap_NS_fsm  |  503|        101|    1|        101|
    +-----------+-----+-----------+-----+-----------+
    |Total      |  503|        101|    1|        101|
    +-----------+-----+-----------+-----+-----------+

    * Register: 
    +-----------+-----+----+-----+-----------+
    |    Name   |  FF | LUT| Bits| Const Bits|
    +-----------+-----+----+-----+-----------+
    |ap_CS_fsm  |  100|   0|  100|          0|
    +-----------+-----+----+-----+-----------+
    |Total      |  100|   0|  100|          0|
    +-----------+-----+----+-----+-----------+



================================================================
== Interface
================================================================
* Summary: 
+--------------+-----+-----+------------+--------------------------------+--------------+
|   RTL Ports  | Dir | Bits|  Protocol  |          Source Object         |    C Type    |
+--------------+-----+-----+------------+--------------------------------+--------------+
|ap_clk        |   in|    1|  ap_ctrl_hs|  compute_frenet_AB_and_next_hls|  return value|
|ap_rst        |   in|    1|  ap_ctrl_hs|  compute_frenet_AB_and_next_hls|  return value|
|ap_start      |   in|    1|  ap_ctrl_hs|  compute_frenet_AB_and_next_hls|  return value|
|ap_done       |  out|    1|  ap_ctrl_hs|  compute_frenet_AB_and_next_hls|  return value|
|ap_idle       |  out|    1|  ap_ctrl_hs|  compute_frenet_AB_and_next_hls|  return value|
|ap_ready      |  out|    1|  ap_ctrl_hs|  compute_frenet_AB_and_next_hls|  return value|
|ap_return_0   |  out|   32|  ap_ctrl_hs|  compute_frenet_AB_and_next_hls|  return value|
|ap_return_1   |  out|   32|  ap_ctrl_hs|  compute_frenet_AB_and_next_hls|  return value|
|ap_return_2   |  out|   32|  ap_ctrl_hs|  compute_frenet_AB_and_next_hls|  return value|
|ap_return_3   |  out|   32|  ap_ctrl_hs|  compute_frenet_AB_and_next_hls|  return value|
|ap_return_4   |  out|   32|  ap_ctrl_hs|  compute_frenet_AB_and_next_hls|  return value|
|ap_return_5   |  out|   32|  ap_ctrl_hs|  compute_frenet_AB_and_next_hls|  return value|
|ap_return_6   |  out|   32|  ap_ctrl_hs|  compute_frenet_AB_and_next_hls|  return value|
|ap_return_7   |  out|   32|  ap_ctrl_hs|  compute_frenet_AB_and_next_hls|  return value|
|ap_return_8   |  out|   32|  ap_ctrl_hs|  compute_frenet_AB_and_next_hls|  return value|
|ap_return_9   |  out|   32|  ap_ctrl_hs|  compute_frenet_AB_and_next_hls|  return value|
|ap_return_10  |  out|   32|  ap_ctrl_hs|  compute_frenet_AB_and_next_hls|  return value|
|ap_return_11  |  out|   32|  ap_ctrl_hs|  compute_frenet_AB_and_next_hls|  return value|
|ap_return_12  |  out|   32|  ap_ctrl_hs|  compute_frenet_AB_and_next_hls|  return value|
|ap_return_13  |  out|   32|  ap_ctrl_hs|  compute_frenet_AB_and_next_hls|  return value|
|ap_return_14  |  out|   32|  ap_ctrl_hs|  compute_frenet_AB_and_next_hls|  return value|
|ap_return_15  |  out|   32|  ap_ctrl_hs|  compute_frenet_AB_and_next_hls|  return value|
|ap_return_16  |  out|   32|  ap_ctrl_hs|  compute_frenet_AB_and_next_hls|  return value|
|ap_return_17  |  out|   32|  ap_ctrl_hs|  compute_frenet_AB_and_next_hls|  return value|
|ap_return_18  |  out|   32|  ap_ctrl_hs|  compute_frenet_AB_and_next_hls|  return value|
|ap_return_19  |  out|   32|  ap_ctrl_hs|  compute_frenet_AB_and_next_hls|  return value|
|ap_return_20  |  out|   32|  ap_ctrl_hs|  compute_frenet_AB_and_next_hls|  return value|
|ap_return_21  |  out|   32|  ap_ctrl_hs|  compute_frenet_AB_and_next_hls|  return value|
|ap_return_22  |  out|   32|  ap_ctrl_hs|  compute_frenet_AB_and_next_hls|  return value|
|ap_return_23  |  out|   32|  ap_ctrl_hs|  compute_frenet_AB_and_next_hls|  return value|
|ap_return_24  |  out|   32|  ap_ctrl_hs|  compute_frenet_AB_and_next_hls|  return value|
|ap_return_25  |  out|   32|  ap_ctrl_hs|  compute_frenet_AB_and_next_hls|  return value|
|ap_return_26  |  out|   32|  ap_ctrl_hs|  compute_frenet_AB_and_next_hls|  return value|
|ap_return_27  |  out|   32|  ap_ctrl_hs|  compute_frenet_AB_and_next_hls|  return value|
|ap_return_28  |  out|   32|  ap_ctrl_hs|  compute_frenet_AB_and_next_hls|  return value|
|ap_return_29  |  out|   32|  ap_ctrl_hs|  compute_frenet_AB_and_next_hls|  return value|
|ap_return_30  |  out|   32|  ap_ctrl_hs|  compute_frenet_AB_and_next_hls|  return value|
|ap_return_31  |  out|   32|  ap_ctrl_hs|  compute_frenet_AB_and_next_hls|  return value|
|ap_return_32  |  out|   32|  ap_ctrl_hs|  compute_frenet_AB_and_next_hls|  return value|
|ap_return_33  |  out|   32|  ap_ctrl_hs|  compute_frenet_AB_and_next_hls|  return value|
|ap_return_34  |  out|   32|  ap_ctrl_hs|  compute_frenet_AB_and_next_hls|  return value|
|ap_return_35  |  out|   32|  ap_ctrl_hs|  compute_frenet_AB_and_next_hls|  return value|
|ap_return_36  |  out|   32|  ap_ctrl_hs|  compute_frenet_AB_and_next_hls|  return value|
|ap_return_37  |  out|   32|  ap_ctrl_hs|  compute_frenet_AB_and_next_hls|  return value|
|ap_return_38  |  out|   32|  ap_ctrl_hs|  compute_frenet_AB_and_next_hls|  return value|
|ap_return_39  |  out|   32|  ap_ctrl_hs|  compute_frenet_AB_and_next_hls|  return value|
|ey            |   in|   27|     ap_none|                              ey|        scalar|
|epsi          |   in|   27|     ap_none|                            epsi|        scalar|
|vx            |   in|   27|     ap_none|                              vx|        scalar|
|vy            |   in|   27|     ap_none|                              vy|        scalar|
|omega         |   in|   27|     ap_none|                           omega|        scalar|
|delta         |   in|   18|     ap_none|                           delta|        scalar|
|a_cmd         |   in|   27|     ap_none|                           a_cmd|        scalar|
|kappa         |   in|   27|     ap_none|                           kappa|        scalar|
+--------------+-----+-----+------------+--------------------------------+--------------+

============================================================
+ Verbose Summary: Synthesis Manager
============================================================
InlineROM: 1
ExposeGlobal: 0
============================================================
+ Verbose Summary: CDFG Model
============================================================
IsTopModel: 0
ResetActiveHigh: 1
IsCombinational: 2
IsDatapathOnly: 2
HasWiredReturn: 1
HasMFsm: 2
HasVarLatency: 0
IsPipeline: 1
IsRtlPipelined: 0
IsInstanceOverlapped: 0
IsDontTouch: 0
HasImplIP: 0
IsGatedGlobalClock: 0

+ Individual pipeline summary: 
  * Pipeline-0: initiation interval (II) = 100, depth = 100


============================================================
+ Verbose Summary: Schedule
============================================================
* Number of FSM states : 100
* Pipeline : 1
  Pipeline-0 : II = 100, D = 100, States = { 1 2 3 4 5 6 7 8 9 10 11 12 13 14 15 16 17 18 19 20 21 22 23 24 25 26 27 28 29 30 31 32 33 34 35 36 37 38 39 40 41 42 43 44 45 46 47 48 49 50 51 52 53 54 55 56 57 58 59 60 61 62 63 64 65 66 67 68 69 70 71 72 73 74 75 76 77 78 79 80 81 82 83 84 85 86 87 88 89 90 91 92 93 94 95 96 97 98 99 100 }
* Dataflow Pipeline: 0

* FSM state transitions: 
1 --> 2 
2 --> 3 
3 --> 4 
4 --> 5 
5 --> 6 
6 --> 7 
7 --> 8 
8 --> 9 
9 --> 10 
10 --> 11 
11 --> 12 
12 --> 13 
13 --> 14 
14 --> 15 
15 --> 16 
16 --> 17 
17 --> 18 
18 --> 19 
19 --> 20 
20 --> 21 
21 --> 22 
22 --> 23 
23 --> 24 
24 --> 25 
25 --> 26 
26 --> 27 
27 --> 28 
28 --> 29 
29 --> 30 
30 --> 31 
31 --> 32 
32 --> 33 
33 --> 34 
34 --> 35 
35 --> 36 
36 --> 37 
37 --> 38 
38 --> 39 
39 --> 40 
40 --> 41 
41 --> 42 
42 --> 43 
43 --> 44 
44 --> 45 
45 --> 46 
46 --> 47 
47 --> 48 
48 --> 49 
49 --> 50 
50 --> 51 
51 --> 52 
52 --> 53 
53 --> 54 
54 --> 55 
55 --> 56 
56 --> 57 
57 --> 58 
58 --> 59 
59 --> 60 
60 --> 61 
61 --> 62 
62 --> 63 
63 --> 64 
64 --> 65 
65 --> 66 
66 --> 67 
67 --> 68 
68 --> 69 
69 --> 70 
70 --> 71 
71 --> 72 
72 --> 73 
73 --> 74 
74 --> 75 
75 --> 76 
76 --> 77 
77 --> 78 
78 --> 79 
79 --> 80 
80 --> 81 
81 --> 82 
82 --> 83 
83 --> 84 
84 --> 85 
85 --> 86 
86 --> 87 
87 --> 88 
88 --> 89 
89 --> 90 
90 --> 91 
91 --> 92 
92 --> 93 
93 --> 94 
94 --> 95 
95 --> 96 
96 --> 97 
97 --> 98 
98 --> 99 
99 --> 100 
100 --> 

* FSM state operations: 

State 1 <SV = 0> <Delay = 4.00>
ST_1 : Operation 101 [1/1] (0.00ns)   --->   "%kappa_read = read i27 @_ssdm_op_Read.ap_auto.i27, i27 %kappa" [../src/vehicle_model_hls.cpp:741]   --->   Operation 101 'read' 'kappa_read' <Predicate = true> <Delay = 0.00>
ST_1 : Operation 102 [1/1] (0.00ns)   --->   "%a_cmd_read = read i27 @_ssdm_op_Read.ap_auto.i27, i27 %a_cmd" [../src/vehicle_model_hls.cpp:741]   --->   Operation 102 'read' 'a_cmd_read' <Predicate = true> <Delay = 0.00>
ST_1 : Operation 103 [1/1] (0.00ns)   --->   "%delta_read = read i18 @_ssdm_op_Read.ap_auto.i18, i18 %delta" [../src/vehicle_model_hls.cpp:741]   --->   Operation 103 'read' 'delta_read' <Predicate = true> <Delay = 0.00>
ST_1 : Operation 104 [1/1] (0.00ns)   --->   "%omega_read = read i27 @_ssdm_op_Read.ap_auto.i27, i27 %omega" [../src/vehicle_model_hls.cpp:741]   --->   Operation 104 'read' 'omega_read' <Predicate = true> <Delay = 0.00>
ST_1 : Operation 105 [1/1] (0.00ns)   --->   "%vy_read = read i27 @_ssdm_op_Read.ap_auto.i27, i27 %vy" [../src/vehicle_model_hls.cpp:741]   --->   Operation 105 'read' 'vy_read' <Predicate = true> <Delay = 0.00>
ST_1 : Operation 106 [1/1] (0.00ns)   --->   "%vx_read = read i27 @_ssdm_op_Read.ap_auto.i27, i27 %vx" [../src/vehicle_model_hls.cpp:741]   --->   Operation 106 'read' 'vx_read' <Predicate = true> <Delay = 0.00>
ST_1 : Operation 107 [1/1] (0.00ns)   --->   "%epsi_read = read i27 @_ssdm_op_Read.ap_auto.i27, i27 %epsi" [../src/vehicle_model_hls.cpp:741]   --->   Operation 107 'read' 'epsi_read' <Predicate = true> <Delay = 0.00>
ST_1 : Operation 108 [1/1] (0.00ns)   --->   "%ey_read = read i27 @_ssdm_op_Read.ap_auto.i27, i27 %ey" [../src/vehicle_model_hls.cpp:741]   --->   Operation 108 'read' 'ey_read' <Predicate = true> <Delay = 0.00>
ST_1 : Operation 109 [100/100] (4.00ns)   --->   "%call_ret = call i1280 @compute_frenet_AB_hls, i27 %ey_read, i27 %epsi_read, i27 %vx_read, i27 %vy_read, i27 %omega_read, i18 %delta_read, i27 %a_cmd_read, i27 %kappa_read, i19 %recip_lut_fn, i18 %sin_lut_fn, i19 %cos_lut_fn, i18 %atan_lut_fn" [../src/vehicle_model_hls.cpp:759]   --->   Operation 109 'call' 'call_ret' <Predicate = true> <Delay = 4.00> <CoreType = "Generic">   --->   Generic Core

State 2 <SV = 1> <Delay = 4.43>
ST_2 : Operation 110 [99/100] (4.43ns)   --->   "%call_ret = call i1280 @compute_frenet_AB_hls, i27 %ey_read, i27 %epsi_read, i27 %vx_read, i27 %vy_read, i27 %omega_read, i18 %delta_read, i27 %a_cmd_read, i27 %kappa_read, i19 %recip_lut_fn, i18 %sin_lut_fn, i19 %cos_lut_fn, i18 %atan_lut_fn" [../src/vehicle_model_hls.cpp:759]   --->   Operation 110 'call' 'call_ret' <Predicate = true> <Delay = 4.43> <CoreType = "Generic">   --->   Generic Core

State 3 <SV = 2> <Delay = 4.43>
ST_3 : Operation 111 [98/100] (4.43ns)   --->   "%call_ret = call i1280 @compute_frenet_AB_hls, i27 %ey_read, i27 %epsi_read, i27 %vx_read, i27 %vy_read, i27 %omega_read, i18 %delta_read, i27 %a_cmd_read, i27 %kappa_read, i19 %recip_lut_fn, i18 %sin_lut_fn, i19 %cos_lut_fn, i18 %atan_lut_fn" [../src/vehicle_model_hls.cpp:759]   --->   Operation 111 'call' 'call_ret' <Predicate = true> <Delay = 4.43> <CoreType = "Generic">   --->   Generic Core

State 4 <SV = 3> <Delay = 4.43>
ST_4 : Operation 112 [97/100] (4.43ns)   --->   "%call_ret = call i1280 @compute_frenet_AB_hls, i27 %ey_read, i27 %epsi_read, i27 %vx_read, i27 %vy_read, i27 %omega_read, i18 %delta_read, i27 %a_cmd_read, i27 %kappa_read, i19 %recip_lut_fn, i18 %sin_lut_fn, i19 %cos_lut_fn, i18 %atan_lut_fn" [../src/vehicle_model_hls.cpp:759]   --->   Operation 112 'call' 'call_ret' <Predicate = true> <Delay = 4.43> <CoreType = "Generic">   --->   Generic Core

State 5 <SV = 4> <Delay = 4.43>
ST_5 : Operation 113 [96/100] (4.43ns)   --->   "%call_ret = call i1280 @compute_frenet_AB_hls, i27 %ey_read, i27 %epsi_read, i27 %vx_read, i27 %vy_read, i27 %omega_read, i18 %delta_read, i27 %a_cmd_read, i27 %kappa_read, i19 %recip_lut_fn, i18 %sin_lut_fn, i19 %cos_lut_fn, i18 %atan_lut_fn" [../src/vehicle_model_hls.cpp:759]   --->   Operation 113 'call' 'call_ret' <Predicate = true> <Delay = 4.43> <CoreType = "Generic">   --->   Generic Core

State 6 <SV = 5> <Delay = 4.43>
ST_6 : Operation 114 [95/100] (4.43ns)   --->   "%call_ret = call i1280 @compute_frenet_AB_hls, i27 %ey_read, i27 %epsi_read, i27 %vx_read, i27 %vy_read, i27 %omega_read, i18 %delta_read, i27 %a_cmd_read, i27 %kappa_read, i19 %recip_lut_fn, i18 %sin_lut_fn, i19 %cos_lut_fn, i18 %atan_lut_fn" [../src/vehicle_model_hls.cpp:759]   --->   Operation 114 'call' 'call_ret' <Predicate = true> <Delay = 4.43> <CoreType = "Generic">   --->   Generic Core

State 7 <SV = 6> <Delay = 4.43>
ST_7 : Operation 115 [94/100] (4.43ns)   --->   "%call_ret = call i1280 @compute_frenet_AB_hls, i27 %ey_read, i27 %epsi_read, i27 %vx_read, i27 %vy_read, i27 %omega_read, i18 %delta_read, i27 %a_cmd_read, i27 %kappa_read, i19 %recip_lut_fn, i18 %sin_lut_fn, i19 %cos_lut_fn, i18 %atan_lut_fn" [../src/vehicle_model_hls.cpp:759]   --->   Operation 115 'call' 'call_ret' <Predicate = true> <Delay = 4.43> <CoreType = "Generic">   --->   Generic Core

State 8 <SV = 7> <Delay = 4.43>
ST_8 : Operation 116 [93/100] (4.43ns)   --->   "%call_ret = call i1280 @compute_frenet_AB_hls, i27 %ey_read, i27 %epsi_read, i27 %vx_read, i27 %vy_read, i27 %omega_read, i18 %delta_read, i27 %a_cmd_read, i27 %kappa_read, i19 %recip_lut_fn, i18 %sin_lut_fn, i19 %cos_lut_fn, i18 %atan_lut_fn" [../src/vehicle_model_hls.cpp:759]   --->   Operation 116 'call' 'call_ret' <Predicate = true> <Delay = 4.43> <CoreType = "Generic">   --->   Generic Core

State 9 <SV = 8> <Delay = 4.43>
ST_9 : Operation 117 [92/100] (4.43ns)   --->   "%call_ret = call i1280 @compute_frenet_AB_hls, i27 %ey_read, i27 %epsi_read, i27 %vx_read, i27 %vy_read, i27 %omega_read, i18 %delta_read, i27 %a_cmd_read, i27 %kappa_read, i19 %recip_lut_fn, i18 %sin_lut_fn, i19 %cos_lut_fn, i18 %atan_lut_fn" [../src/vehicle_model_hls.cpp:759]   --->   Operation 117 'call' 'call_ret' <Predicate = true> <Delay = 4.43> <CoreType = "Generic">   --->   Generic Core

State 10 <SV = 9> <Delay = 4.43>
ST_10 : Operation 118 [91/100] (4.43ns)   --->   "%call_ret = call i1280 @compute_frenet_AB_hls, i27 %ey_read, i27 %epsi_read, i27 %vx_read, i27 %vy_read, i27 %omega_read, i18 %delta_read, i27 %a_cmd_read, i27 %kappa_read, i19 %recip_lut_fn, i18 %sin_lut_fn, i19 %cos_lut_fn, i18 %atan_lut_fn" [../src/vehicle_model_hls.cpp:759]   --->   Operation 118 'call' 'call_ret' <Predicate = true> <Delay = 4.43> <CoreType = "Generic">   --->   Generic Core

State 11 <SV = 10> <Delay = 4.43>
ST_11 : Operation 119 [90/100] (4.43ns)   --->   "%call_ret = call i1280 @compute_frenet_AB_hls, i27 %ey_read, i27 %epsi_read, i27 %vx_read, i27 %vy_read, i27 %omega_read, i18 %delta_read, i27 %a_cmd_read, i27 %kappa_read, i19 %recip_lut_fn, i18 %sin_lut_fn, i19 %cos_lut_fn, i18 %atan_lut_fn" [../src/vehicle_model_hls.cpp:759]   --->   Operation 119 'call' 'call_ret' <Predicate = true> <Delay = 4.43> <CoreType = "Generic">   --->   Generic Core

State 12 <SV = 11> <Delay = 4.43>
ST_12 : Operation 120 [89/100] (4.43ns)   --->   "%call_ret = call i1280 @compute_frenet_AB_hls, i27 %ey_read, i27 %epsi_read, i27 %vx_read, i27 %vy_read, i27 %omega_read, i18 %delta_read, i27 %a_cmd_read, i27 %kappa_read, i19 %recip_lut_fn, i18 %sin_lut_fn, i19 %cos_lut_fn, i18 %atan_lut_fn" [../src/vehicle_model_hls.cpp:759]   --->   Operation 120 'call' 'call_ret' <Predicate = true> <Delay = 4.43> <CoreType = "Generic">   --->   Generic Core

State 13 <SV = 12> <Delay = 4.43>
ST_13 : Operation 121 [88/100] (4.43ns)   --->   "%call_ret = call i1280 @compute_frenet_AB_hls, i27 %ey_read, i27 %epsi_read, i27 %vx_read, i27 %vy_read, i27 %omega_read, i18 %delta_read, i27 %a_cmd_read, i27 %kappa_read, i19 %recip_lut_fn, i18 %sin_lut_fn, i19 %cos_lut_fn, i18 %atan_lut_fn" [../src/vehicle_model_hls.cpp:759]   --->   Operation 121 'call' 'call_ret' <Predicate = true> <Delay = 4.43> <CoreType = "Generic">   --->   Generic Core

State 14 <SV = 13> <Delay = 4.43>
ST_14 : Operation 122 [87/100] (4.43ns)   --->   "%call_ret = call i1280 @compute_frenet_AB_hls, i27 %ey_read, i27 %epsi_read, i27 %vx_read, i27 %vy_read, i27 %omega_read, i18 %delta_read, i27 %a_cmd_read, i27 %kappa_read, i19 %recip_lut_fn, i18 %sin_lut_fn, i19 %cos_lut_fn, i18 %atan_lut_fn" [../src/vehicle_model_hls.cpp:759]   --->   Operation 122 'call' 'call_ret' <Predicate = true> <Delay = 4.43> <CoreType = "Generic">   --->   Generic Core

State 15 <SV = 14> <Delay = 4.43>
ST_15 : Operation 123 [86/100] (4.43ns)   --->   "%call_ret = call i1280 @compute_frenet_AB_hls, i27 %ey_read, i27 %epsi_read, i27 %vx_read, i27 %vy_read, i27 %omega_read, i18 %delta_read, i27 %a_cmd_read, i27 %kappa_read, i19 %recip_lut_fn, i18 %sin_lut_fn, i19 %cos_lut_fn, i18 %atan_lut_fn" [../src/vehicle_model_hls.cpp:759]   --->   Operation 123 'call' 'call_ret' <Predicate = true> <Delay = 4.43> <CoreType = "Generic">   --->   Generic Core

State 16 <SV = 15> <Delay = 4.43>
ST_16 : Operation 124 [85/100] (4.43ns)   --->   "%call_ret = call i1280 @compute_frenet_AB_hls, i27 %ey_read, i27 %epsi_read, i27 %vx_read, i27 %vy_read, i27 %omega_read, i18 %delta_read, i27 %a_cmd_read, i27 %kappa_read, i19 %recip_lut_fn, i18 %sin_lut_fn, i19 %cos_lut_fn, i18 %atan_lut_fn" [../src/vehicle_model_hls.cpp:759]   --->   Operation 124 'call' 'call_ret' <Predicate = true> <Delay = 4.43> <CoreType = "Generic">   --->   Generic Core

State 17 <SV = 16> <Delay = 4.43>
ST_17 : Operation 125 [84/100] (4.43ns)   --->   "%call_ret = call i1280 @compute_frenet_AB_hls, i27 %ey_read, i27 %epsi_read, i27 %vx_read, i27 %vy_read, i27 %omega_read, i18 %delta_read, i27 %a_cmd_read, i27 %kappa_read, i19 %recip_lut_fn, i18 %sin_lut_fn, i19 %cos_lut_fn, i18 %atan_lut_fn" [../src/vehicle_model_hls.cpp:759]   --->   Operation 125 'call' 'call_ret' <Predicate = true> <Delay = 4.43> <CoreType = "Generic">   --->   Generic Core

State 18 <SV = 17> <Delay = 4.43>
ST_18 : Operation 126 [83/100] (4.43ns)   --->   "%call_ret = call i1280 @compute_frenet_AB_hls, i27 %ey_read, i27 %epsi_read, i27 %vx_read, i27 %vy_read, i27 %omega_read, i18 %delta_read, i27 %a_cmd_read, i27 %kappa_read, i19 %recip_lut_fn, i18 %sin_lut_fn, i19 %cos_lut_fn, i18 %atan_lut_fn" [../src/vehicle_model_hls.cpp:759]   --->   Operation 126 'call' 'call_ret' <Predicate = true> <Delay = 4.43> <CoreType = "Generic">   --->   Generic Core

State 19 <SV = 18> <Delay = 4.43>
ST_19 : Operation 127 [82/100] (4.43ns)   --->   "%call_ret = call i1280 @compute_frenet_AB_hls, i27 %ey_read, i27 %epsi_read, i27 %vx_read, i27 %vy_read, i27 %omega_read, i18 %delta_read, i27 %a_cmd_read, i27 %kappa_read, i19 %recip_lut_fn, i18 %sin_lut_fn, i19 %cos_lut_fn, i18 %atan_lut_fn" [../src/vehicle_model_hls.cpp:759]   --->   Operation 127 'call' 'call_ret' <Predicate = true> <Delay = 4.43> <CoreType = "Generic">   --->   Generic Core

State 20 <SV = 19> <Delay = 4.43>
ST_20 : Operation 128 [81/100] (4.43ns)   --->   "%call_ret = call i1280 @compute_frenet_AB_hls, i27 %ey_read, i27 %epsi_read, i27 %vx_read, i27 %vy_read, i27 %omega_read, i18 %delta_read, i27 %a_cmd_read, i27 %kappa_read, i19 %recip_lut_fn, i18 %sin_lut_fn, i19 %cos_lut_fn, i18 %atan_lut_fn" [../src/vehicle_model_hls.cpp:759]   --->   Operation 128 'call' 'call_ret' <Predicate = true> <Delay = 4.43> <CoreType = "Generic">   --->   Generic Core

State 21 <SV = 20> <Delay = 4.43>
ST_21 : Operation 129 [80/100] (4.43ns)   --->   "%call_ret = call i1280 @compute_frenet_AB_hls, i27 %ey_read, i27 %epsi_read, i27 %vx_read, i27 %vy_read, i27 %omega_read, i18 %delta_read, i27 %a_cmd_read, i27 %kappa_read, i19 %recip_lut_fn, i18 %sin_lut_fn, i19 %cos_lut_fn, i18 %atan_lut_fn" [../src/vehicle_model_hls.cpp:759]   --->   Operation 129 'call' 'call_ret' <Predicate = true> <Delay = 4.43> <CoreType = "Generic">   --->   Generic Core

State 22 <SV = 21> <Delay = 4.43>
ST_22 : Operation 130 [79/100] (4.43ns)   --->   "%call_ret = call i1280 @compute_frenet_AB_hls, i27 %ey_read, i27 %epsi_read, i27 %vx_read, i27 %vy_read, i27 %omega_read, i18 %delta_read, i27 %a_cmd_read, i27 %kappa_read, i19 %recip_lut_fn, i18 %sin_lut_fn, i19 %cos_lut_fn, i18 %atan_lut_fn" [../src/vehicle_model_hls.cpp:759]   --->   Operation 130 'call' 'call_ret' <Predicate = true> <Delay = 4.43> <CoreType = "Generic">   --->   Generic Core

State 23 <SV = 22> <Delay = 4.43>
ST_23 : Operation 131 [78/100] (4.43ns)   --->   "%call_ret = call i1280 @compute_frenet_AB_hls, i27 %ey_read, i27 %epsi_read, i27 %vx_read, i27 %vy_read, i27 %omega_read, i18 %delta_read, i27 %a_cmd_read, i27 %kappa_read, i19 %recip_lut_fn, i18 %sin_lut_fn, i19 %cos_lut_fn, i18 %atan_lut_fn" [../src/vehicle_model_hls.cpp:759]   --->   Operation 131 'call' 'call_ret' <Predicate = true> <Delay = 4.43> <CoreType = "Generic">   --->   Generic Core

State 24 <SV = 23> <Delay = 4.43>
ST_24 : Operation 132 [77/100] (4.43ns)   --->   "%call_ret = call i1280 @compute_frenet_AB_hls, i27 %ey_read, i27 %epsi_read, i27 %vx_read, i27 %vy_read, i27 %omega_read, i18 %delta_read, i27 %a_cmd_read, i27 %kappa_read, i19 %recip_lut_fn, i18 %sin_lut_fn, i19 %cos_lut_fn, i18 %atan_lut_fn" [../src/vehicle_model_hls.cpp:759]   --->   Operation 132 'call' 'call_ret' <Predicate = true> <Delay = 4.43> <CoreType = "Generic">   --->   Generic Core

State 25 <SV = 24> <Delay = 4.43>
ST_25 : Operation 133 [76/100] (4.43ns)   --->   "%call_ret = call i1280 @compute_frenet_AB_hls, i27 %ey_read, i27 %epsi_read, i27 %vx_read, i27 %vy_read, i27 %omega_read, i18 %delta_read, i27 %a_cmd_read, i27 %kappa_read, i19 %recip_lut_fn, i18 %sin_lut_fn, i19 %cos_lut_fn, i18 %atan_lut_fn" [../src/vehicle_model_hls.cpp:759]   --->   Operation 133 'call' 'call_ret' <Predicate = true> <Delay = 4.43> <CoreType = "Generic">   --->   Generic Core

State 26 <SV = 25> <Delay = 4.43>
ST_26 : Operation 134 [75/100] (4.43ns)   --->   "%call_ret = call i1280 @compute_frenet_AB_hls, i27 %ey_read, i27 %epsi_read, i27 %vx_read, i27 %vy_read, i27 %omega_read, i18 %delta_read, i27 %a_cmd_read, i27 %kappa_read, i19 %recip_lut_fn, i18 %sin_lut_fn, i19 %cos_lut_fn, i18 %atan_lut_fn" [../src/vehicle_model_hls.cpp:759]   --->   Operation 134 'call' 'call_ret' <Predicate = true> <Delay = 4.43> <CoreType = "Generic">   --->   Generic Core

State 27 <SV = 26> <Delay = 4.43>
ST_27 : Operation 135 [74/100] (4.43ns)   --->   "%call_ret = call i1280 @compute_frenet_AB_hls, i27 %ey_read, i27 %epsi_read, i27 %vx_read, i27 %vy_read, i27 %omega_read, i18 %delta_read, i27 %a_cmd_read, i27 %kappa_read, i19 %recip_lut_fn, i18 %sin_lut_fn, i19 %cos_lut_fn, i18 %atan_lut_fn" [../src/vehicle_model_hls.cpp:759]   --->   Operation 135 'call' 'call_ret' <Predicate = true> <Delay = 4.43> <CoreType = "Generic">   --->   Generic Core

State 28 <SV = 27> <Delay = 4.43>
ST_28 : Operation 136 [73/100] (4.43ns)   --->   "%call_ret = call i1280 @compute_frenet_AB_hls, i27 %ey_read, i27 %epsi_read, i27 %vx_read, i27 %vy_read, i27 %omega_read, i18 %delta_read, i27 %a_cmd_read, i27 %kappa_read, i19 %recip_lut_fn, i18 %sin_lut_fn, i19 %cos_lut_fn, i18 %atan_lut_fn" [../src/vehicle_model_hls.cpp:759]   --->   Operation 136 'call' 'call_ret' <Predicate = true> <Delay = 4.43> <CoreType = "Generic">   --->   Generic Core

State 29 <SV = 28> <Delay = 4.43>
ST_29 : Operation 137 [72/100] (4.43ns)   --->   "%call_ret = call i1280 @compute_frenet_AB_hls, i27 %ey_read, i27 %epsi_read, i27 %vx_read, i27 %vy_read, i27 %omega_read, i18 %delta_read, i27 %a_cmd_read, i27 %kappa_read, i19 %recip_lut_fn, i18 %sin_lut_fn, i19 %cos_lut_fn, i18 %atan_lut_fn" [../src/vehicle_model_hls.cpp:759]   --->   Operation 137 'call' 'call_ret' <Predicate = true> <Delay = 4.43> <CoreType = "Generic">   --->   Generic Core

State 30 <SV = 29> <Delay = 4.43>
ST_30 : Operation 138 [71/100] (4.43ns)   --->   "%call_ret = call i1280 @compute_frenet_AB_hls, i27 %ey_read, i27 %epsi_read, i27 %vx_read, i27 %vy_read, i27 %omega_read, i18 %delta_read, i27 %a_cmd_read, i27 %kappa_read, i19 %recip_lut_fn, i18 %sin_lut_fn, i19 %cos_lut_fn, i18 %atan_lut_fn" [../src/vehicle_model_hls.cpp:759]   --->   Operation 138 'call' 'call_ret' <Predicate = true> <Delay = 4.43> <CoreType = "Generic">   --->   Generic Core

State 31 <SV = 30> <Delay = 4.43>
ST_31 : Operation 139 [70/100] (4.43ns)   --->   "%call_ret = call i1280 @compute_frenet_AB_hls, i27 %ey_read, i27 %epsi_read, i27 %vx_read, i27 %vy_read, i27 %omega_read, i18 %delta_read, i27 %a_cmd_read, i27 %kappa_read, i19 %recip_lut_fn, i18 %sin_lut_fn, i19 %cos_lut_fn, i18 %atan_lut_fn" [../src/vehicle_model_hls.cpp:759]   --->   Operation 139 'call' 'call_ret' <Predicate = true> <Delay = 4.43> <CoreType = "Generic">   --->   Generic Core

State 32 <SV = 31> <Delay = 4.43>
ST_32 : Operation 140 [69/100] (4.43ns)   --->   "%call_ret = call i1280 @compute_frenet_AB_hls, i27 %ey_read, i27 %epsi_read, i27 %vx_read, i27 %vy_read, i27 %omega_read, i18 %delta_read, i27 %a_cmd_read, i27 %kappa_read, i19 %recip_lut_fn, i18 %sin_lut_fn, i19 %cos_lut_fn, i18 %atan_lut_fn" [../src/vehicle_model_hls.cpp:759]   --->   Operation 140 'call' 'call_ret' <Predicate = true> <Delay = 4.43> <CoreType = "Generic">   --->   Generic Core

State 33 <SV = 32> <Delay = 4.43>
ST_33 : Operation 141 [68/100] (4.43ns)   --->   "%call_ret = call i1280 @compute_frenet_AB_hls, i27 %ey_read, i27 %epsi_read, i27 %vx_read, i27 %vy_read, i27 %omega_read, i18 %delta_read, i27 %a_cmd_read, i27 %kappa_read, i19 %recip_lut_fn, i18 %sin_lut_fn, i19 %cos_lut_fn, i18 %atan_lut_fn" [../src/vehicle_model_hls.cpp:759]   --->   Operation 141 'call' 'call_ret' <Predicate = true> <Delay = 4.43> <CoreType = "Generic">   --->   Generic Core

State 34 <SV = 33> <Delay = 4.43>
ST_34 : Operation 142 [67/100] (4.43ns)   --->   "%call_ret = call i1280 @compute_frenet_AB_hls, i27 %ey_read, i27 %epsi_read, i27 %vx_read, i27 %vy_read, i27 %omega_read, i18 %delta_read, i27 %a_cmd_read, i27 %kappa_read, i19 %recip_lut_fn, i18 %sin_lut_fn, i19 %cos_lut_fn, i18 %atan_lut_fn" [../src/vehicle_model_hls.cpp:759]   --->   Operation 142 'call' 'call_ret' <Predicate = true> <Delay = 4.43> <CoreType = "Generic">   --->   Generic Core

State 35 <SV = 34> <Delay = 4.43>
ST_35 : Operation 143 [66/100] (4.43ns)   --->   "%call_ret = call i1280 @compute_frenet_AB_hls, i27 %ey_read, i27 %epsi_read, i27 %vx_read, i27 %vy_read, i27 %omega_read, i18 %delta_read, i27 %a_cmd_read, i27 %kappa_read, i19 %recip_lut_fn, i18 %sin_lut_fn, i19 %cos_lut_fn, i18 %atan_lut_fn" [../src/vehicle_model_hls.cpp:759]   --->   Operation 143 'call' 'call_ret' <Predicate = true> <Delay = 4.43> <CoreType = "Generic">   --->   Generic Core

State 36 <SV = 35> <Delay = 4.43>
ST_36 : Operation 144 [65/100] (4.43ns)   --->   "%call_ret = call i1280 @compute_frenet_AB_hls, i27 %ey_read, i27 %epsi_read, i27 %vx_read, i27 %vy_read, i27 %omega_read, i18 %delta_read, i27 %a_cmd_read, i27 %kappa_read, i19 %recip_lut_fn, i18 %sin_lut_fn, i19 %cos_lut_fn, i18 %atan_lut_fn" [../src/vehicle_model_hls.cpp:759]   --->   Operation 144 'call' 'call_ret' <Predicate = true> <Delay = 4.43> <CoreType = "Generic">   --->   Generic Core

State 37 <SV = 36> <Delay = 4.43>
ST_37 : Operation 145 [64/100] (4.43ns)   --->   "%call_ret = call i1280 @compute_frenet_AB_hls, i27 %ey_read, i27 %epsi_read, i27 %vx_read, i27 %vy_read, i27 %omega_read, i18 %delta_read, i27 %a_cmd_read, i27 %kappa_read, i19 %recip_lut_fn, i18 %sin_lut_fn, i19 %cos_lut_fn, i18 %atan_lut_fn" [../src/vehicle_model_hls.cpp:759]   --->   Operation 145 'call' 'call_ret' <Predicate = true> <Delay = 4.43> <CoreType = "Generic">   --->   Generic Core

State 38 <SV = 37> <Delay = 4.43>
ST_38 : Operation 146 [63/100] (4.43ns)   --->   "%call_ret = call i1280 @compute_frenet_AB_hls, i27 %ey_read, i27 %epsi_read, i27 %vx_read, i27 %vy_read, i27 %omega_read, i18 %delta_read, i27 %a_cmd_read, i27 %kappa_read, i19 %recip_lut_fn, i18 %sin_lut_fn, i19 %cos_lut_fn, i18 %atan_lut_fn" [../src/vehicle_model_hls.cpp:759]   --->   Operation 146 'call' 'call_ret' <Predicate = true> <Delay = 4.43> <CoreType = "Generic">   --->   Generic Core

State 39 <SV = 38> <Delay = 4.43>
ST_39 : Operation 147 [62/100] (4.43ns)   --->   "%call_ret = call i1280 @compute_frenet_AB_hls, i27 %ey_read, i27 %epsi_read, i27 %vx_read, i27 %vy_read, i27 %omega_read, i18 %delta_read, i27 %a_cmd_read, i27 %kappa_read, i19 %recip_lut_fn, i18 %sin_lut_fn, i19 %cos_lut_fn, i18 %atan_lut_fn" [../src/vehicle_model_hls.cpp:759]   --->   Operation 147 'call' 'call_ret' <Predicate = true> <Delay = 4.43> <CoreType = "Generic">   --->   Generic Core

State 40 <SV = 39> <Delay = 4.43>
ST_40 : Operation 148 [61/100] (4.43ns)   --->   "%call_ret = call i1280 @compute_frenet_AB_hls, i27 %ey_read, i27 %epsi_read, i27 %vx_read, i27 %vy_read, i27 %omega_read, i18 %delta_read, i27 %a_cmd_read, i27 %kappa_read, i19 %recip_lut_fn, i18 %sin_lut_fn, i19 %cos_lut_fn, i18 %atan_lut_fn" [../src/vehicle_model_hls.cpp:759]   --->   Operation 148 'call' 'call_ret' <Predicate = true> <Delay = 4.43> <CoreType = "Generic">   --->   Generic Core

State 41 <SV = 40> <Delay = 4.43>
ST_41 : Operation 149 [60/100] (4.43ns)   --->   "%call_ret = call i1280 @compute_frenet_AB_hls, i27 %ey_read, i27 %epsi_read, i27 %vx_read, i27 %vy_read, i27 %omega_read, i18 %delta_read, i27 %a_cmd_read, i27 %kappa_read, i19 %recip_lut_fn, i18 %sin_lut_fn, i19 %cos_lut_fn, i18 %atan_lut_fn" [../src/vehicle_model_hls.cpp:759]   --->   Operation 149 'call' 'call_ret' <Predicate = true> <Delay = 4.43> <CoreType = "Generic">   --->   Generic Core

State 42 <SV = 41> <Delay = 4.43>
ST_42 : Operation 150 [59/100] (4.43ns)   --->   "%call_ret = call i1280 @compute_frenet_AB_hls, i27 %ey_read, i27 %epsi_read, i27 %vx_read, i27 %vy_read, i27 %omega_read, i18 %delta_read, i27 %a_cmd_read, i27 %kappa_read, i19 %recip_lut_fn, i18 %sin_lut_fn, i19 %cos_lut_fn, i18 %atan_lut_fn" [../src/vehicle_model_hls.cpp:759]   --->   Operation 150 'call' 'call_ret' <Predicate = true> <Delay = 4.43> <CoreType = "Generic">   --->   Generic Core

State 43 <SV = 42> <Delay = 4.43>
ST_43 : Operation 151 [58/100] (4.43ns)   --->   "%call_ret = call i1280 @compute_frenet_AB_hls, i27 %ey_read, i27 %epsi_read, i27 %vx_read, i27 %vy_read, i27 %omega_read, i18 %delta_read, i27 %a_cmd_read, i27 %kappa_read, i19 %recip_lut_fn, i18 %sin_lut_fn, i19 %cos_lut_fn, i18 %atan_lut_fn" [../src/vehicle_model_hls.cpp:759]   --->   Operation 151 'call' 'call_ret' <Predicate = true> <Delay = 4.43> <CoreType = "Generic">   --->   Generic Core

State 44 <SV = 43> <Delay = 4.43>
ST_44 : Operation 152 [57/100] (4.43ns)   --->   "%call_ret = call i1280 @compute_frenet_AB_hls, i27 %ey_read, i27 %epsi_read, i27 %vx_read, i27 %vy_read, i27 %omega_read, i18 %delta_read, i27 %a_cmd_read, i27 %kappa_read, i19 %recip_lut_fn, i18 %sin_lut_fn, i19 %cos_lut_fn, i18 %atan_lut_fn" [../src/vehicle_model_hls.cpp:759]   --->   Operation 152 'call' 'call_ret' <Predicate = true> <Delay = 4.43> <CoreType = "Generic">   --->   Generic Core

State 45 <SV = 44> <Delay = 4.43>
ST_45 : Operation 153 [56/100] (4.43ns)   --->   "%call_ret = call i1280 @compute_frenet_AB_hls, i27 %ey_read, i27 %epsi_read, i27 %vx_read, i27 %vy_read, i27 %omega_read, i18 %delta_read, i27 %a_cmd_read, i27 %kappa_read, i19 %recip_lut_fn, i18 %sin_lut_fn, i19 %cos_lut_fn, i18 %atan_lut_fn" [../src/vehicle_model_hls.cpp:759]   --->   Operation 153 'call' 'call_ret' <Predicate = true> <Delay = 4.43> <CoreType = "Generic">   --->   Generic Core

State 46 <SV = 45> <Delay = 4.43>
ST_46 : Operation 154 [55/100] (4.43ns)   --->   "%call_ret = call i1280 @compute_frenet_AB_hls, i27 %ey_read, i27 %epsi_read, i27 %vx_read, i27 %vy_read, i27 %omega_read, i18 %delta_read, i27 %a_cmd_read, i27 %kappa_read, i19 %recip_lut_fn, i18 %sin_lut_fn, i19 %cos_lut_fn, i18 %atan_lut_fn" [../src/vehicle_model_hls.cpp:759]   --->   Operation 154 'call' 'call_ret' <Predicate = true> <Delay = 4.43> <CoreType = "Generic">   --->   Generic Core

State 47 <SV = 46> <Delay = 4.43>
ST_47 : Operation 155 [54/100] (4.43ns)   --->   "%call_ret = call i1280 @compute_frenet_AB_hls, i27 %ey_read, i27 %epsi_read, i27 %vx_read, i27 %vy_read, i27 %omega_read, i18 %delta_read, i27 %a_cmd_read, i27 %kappa_read, i19 %recip_lut_fn, i18 %sin_lut_fn, i19 %cos_lut_fn, i18 %atan_lut_fn" [../src/vehicle_model_hls.cpp:759]   --->   Operation 155 'call' 'call_ret' <Predicate = true> <Delay = 4.43> <CoreType = "Generic">   --->   Generic Core

State 48 <SV = 47> <Delay = 4.43>
ST_48 : Operation 156 [53/100] (4.43ns)   --->   "%call_ret = call i1280 @compute_frenet_AB_hls, i27 %ey_read, i27 %epsi_read, i27 %vx_read, i27 %vy_read, i27 %omega_read, i18 %delta_read, i27 %a_cmd_read, i27 %kappa_read, i19 %recip_lut_fn, i18 %sin_lut_fn, i19 %cos_lut_fn, i18 %atan_lut_fn" [../src/vehicle_model_hls.cpp:759]   --->   Operation 156 'call' 'call_ret' <Predicate = true> <Delay = 4.43> <CoreType = "Generic">   --->   Generic Core

State 49 <SV = 48> <Delay = 4.43>
ST_49 : Operation 157 [52/100] (4.43ns)   --->   "%call_ret = call i1280 @compute_frenet_AB_hls, i27 %ey_read, i27 %epsi_read, i27 %vx_read, i27 %vy_read, i27 %omega_read, i18 %delta_read, i27 %a_cmd_read, i27 %kappa_read, i19 %recip_lut_fn, i18 %sin_lut_fn, i19 %cos_lut_fn, i18 %atan_lut_fn" [../src/vehicle_model_hls.cpp:759]   --->   Operation 157 'call' 'call_ret' <Predicate = true> <Delay = 4.43> <CoreType = "Generic">   --->   Generic Core

State 50 <SV = 49> <Delay = 4.43>
ST_50 : Operation 158 [51/100] (4.43ns)   --->   "%call_ret = call i1280 @compute_frenet_AB_hls, i27 %ey_read, i27 %epsi_read, i27 %vx_read, i27 %vy_read, i27 %omega_read, i18 %delta_read, i27 %a_cmd_read, i27 %kappa_read, i19 %recip_lut_fn, i18 %sin_lut_fn, i19 %cos_lut_fn, i18 %atan_lut_fn" [../src/vehicle_model_hls.cpp:759]   --->   Operation 158 'call' 'call_ret' <Predicate = true> <Delay = 4.43> <CoreType = "Generic">   --->   Generic Core

State 51 <SV = 50> <Delay = 4.43>
ST_51 : Operation 159 [50/100] (4.43ns)   --->   "%call_ret = call i1280 @compute_frenet_AB_hls, i27 %ey_read, i27 %epsi_read, i27 %vx_read, i27 %vy_read, i27 %omega_read, i18 %delta_read, i27 %a_cmd_read, i27 %kappa_read, i19 %recip_lut_fn, i18 %sin_lut_fn, i19 %cos_lut_fn, i18 %atan_lut_fn" [../src/vehicle_model_hls.cpp:759]   --->   Operation 159 'call' 'call_ret' <Predicate = true> <Delay = 4.43> <CoreType = "Generic">   --->   Generic Core

State 52 <SV = 51> <Delay = 4.43>
ST_52 : Operation 160 [49/100] (4.43ns)   --->   "%call_ret = call i1280 @compute_frenet_AB_hls, i27 %ey_read, i27 %epsi_read, i27 %vx_read, i27 %vy_read, i27 %omega_read, i18 %delta_read, i27 %a_cmd_read, i27 %kappa_read, i19 %recip_lut_fn, i18 %sin_lut_fn, i19 %cos_lut_fn, i18 %atan_lut_fn" [../src/vehicle_model_hls.cpp:759]   --->   Operation 160 'call' 'call_ret' <Predicate = true> <Delay = 4.43> <CoreType = "Generic">   --->   Generic Core

State 53 <SV = 52> <Delay = 4.43>
ST_53 : Operation 161 [48/100] (4.43ns)   --->   "%call_ret = call i1280 @compute_frenet_AB_hls, i27 %ey_read, i27 %epsi_read, i27 %vx_read, i27 %vy_read, i27 %omega_read, i18 %delta_read, i27 %a_cmd_read, i27 %kappa_read, i19 %recip_lut_fn, i18 %sin_lut_fn, i19 %cos_lut_fn, i18 %atan_lut_fn" [../src/vehicle_model_hls.cpp:759]   --->   Operation 161 'call' 'call_ret' <Predicate = true> <Delay = 4.43> <CoreType = "Generic">   --->   Generic Core

State 54 <SV = 53> <Delay = 4.43>
ST_54 : Operation 162 [47/100] (4.43ns)   --->   "%call_ret = call i1280 @compute_frenet_AB_hls, i27 %ey_read, i27 %epsi_read, i27 %vx_read, i27 %vy_read, i27 %omega_read, i18 %delta_read, i27 %a_cmd_read, i27 %kappa_read, i19 %recip_lut_fn, i18 %sin_lut_fn, i19 %cos_lut_fn, i18 %atan_lut_fn" [../src/vehicle_model_hls.cpp:759]   --->   Operation 162 'call' 'call_ret' <Predicate = true> <Delay = 4.43> <CoreType = "Generic">   --->   Generic Core

State 55 <SV = 54> <Delay = 4.43>
ST_55 : Operation 163 [46/100] (4.43ns)   --->   "%call_ret = call i1280 @compute_frenet_AB_hls, i27 %ey_read, i27 %epsi_read, i27 %vx_read, i27 %vy_read, i27 %omega_read, i18 %delta_read, i27 %a_cmd_read, i27 %kappa_read, i19 %recip_lut_fn, i18 %sin_lut_fn, i19 %cos_lut_fn, i18 %atan_lut_fn" [../src/vehicle_model_hls.cpp:759]   --->   Operation 163 'call' 'call_ret' <Predicate = true> <Delay = 4.43> <CoreType = "Generic">   --->   Generic Core

State 56 <SV = 55> <Delay = 4.43>
ST_56 : Operation 164 [45/100] (4.43ns)   --->   "%call_ret = call i1280 @compute_frenet_AB_hls, i27 %ey_read, i27 %epsi_read, i27 %vx_read, i27 %vy_read, i27 %omega_read, i18 %delta_read, i27 %a_cmd_read, i27 %kappa_read, i19 %recip_lut_fn, i18 %sin_lut_fn, i19 %cos_lut_fn, i18 %atan_lut_fn" [../src/vehicle_model_hls.cpp:759]   --->   Operation 164 'call' 'call_ret' <Predicate = true> <Delay = 4.43> <CoreType = "Generic">   --->   Generic Core

State 57 <SV = 56> <Delay = 4.43>
ST_57 : Operation 165 [44/100] (4.43ns)   --->   "%call_ret = call i1280 @compute_frenet_AB_hls, i27 %ey_read, i27 %epsi_read, i27 %vx_read, i27 %vy_read, i27 %omega_read, i18 %delta_read, i27 %a_cmd_read, i27 %kappa_read, i19 %recip_lut_fn, i18 %sin_lut_fn, i19 %cos_lut_fn, i18 %atan_lut_fn" [../src/vehicle_model_hls.cpp:759]   --->   Operation 165 'call' 'call_ret' <Predicate = true> <Delay = 4.43> <CoreType = "Generic">   --->   Generic Core

State 58 <SV = 57> <Delay = 4.43>
ST_58 : Operation 166 [43/100] (4.43ns)   --->   "%call_ret = call i1280 @compute_frenet_AB_hls, i27 %ey_read, i27 %epsi_read, i27 %vx_read, i27 %vy_read, i27 %omega_read, i18 %delta_read, i27 %a_cmd_read, i27 %kappa_read, i19 %recip_lut_fn, i18 %sin_lut_fn, i19 %cos_lut_fn, i18 %atan_lut_fn" [../src/vehicle_model_hls.cpp:759]   --->   Operation 166 'call' 'call_ret' <Predicate = true> <Delay = 4.43> <CoreType = "Generic">   --->   Generic Core

State 59 <SV = 58> <Delay = 4.43>
ST_59 : Operation 167 [42/100] (4.43ns)   --->   "%call_ret = call i1280 @compute_frenet_AB_hls, i27 %ey_read, i27 %epsi_read, i27 %vx_read, i27 %vy_read, i27 %omega_read, i18 %delta_read, i27 %a_cmd_read, i27 %kappa_read, i19 %recip_lut_fn, i18 %sin_lut_fn, i19 %cos_lut_fn, i18 %atan_lut_fn" [../src/vehicle_model_hls.cpp:759]   --->   Operation 167 'call' 'call_ret' <Predicate = true> <Delay = 4.43> <CoreType = "Generic">   --->   Generic Core

State 60 <SV = 59> <Delay = 4.43>
ST_60 : Operation 168 [41/100] (4.43ns)   --->   "%call_ret = call i1280 @compute_frenet_AB_hls, i27 %ey_read, i27 %epsi_read, i27 %vx_read, i27 %vy_read, i27 %omega_read, i18 %delta_read, i27 %a_cmd_read, i27 %kappa_read, i19 %recip_lut_fn, i18 %sin_lut_fn, i19 %cos_lut_fn, i18 %atan_lut_fn" [../src/vehicle_model_hls.cpp:759]   --->   Operation 168 'call' 'call_ret' <Predicate = true> <Delay = 4.43> <CoreType = "Generic">   --->   Generic Core

State 61 <SV = 60> <Delay = 4.43>
ST_61 : Operation 169 [40/100] (4.43ns)   --->   "%call_ret = call i1280 @compute_frenet_AB_hls, i27 %ey_read, i27 %epsi_read, i27 %vx_read, i27 %vy_read, i27 %omega_read, i18 %delta_read, i27 %a_cmd_read, i27 %kappa_read, i19 %recip_lut_fn, i18 %sin_lut_fn, i19 %cos_lut_fn, i18 %atan_lut_fn" [../src/vehicle_model_hls.cpp:759]   --->   Operation 169 'call' 'call_ret' <Predicate = true> <Delay = 4.43> <CoreType = "Generic">   --->   Generic Core

State 62 <SV = 61> <Delay = 4.43>
ST_62 : Operation 170 [39/100] (4.43ns)   --->   "%call_ret = call i1280 @compute_frenet_AB_hls, i27 %ey_read, i27 %epsi_read, i27 %vx_read, i27 %vy_read, i27 %omega_read, i18 %delta_read, i27 %a_cmd_read, i27 %kappa_read, i19 %recip_lut_fn, i18 %sin_lut_fn, i19 %cos_lut_fn, i18 %atan_lut_fn" [../src/vehicle_model_hls.cpp:759]   --->   Operation 170 'call' 'call_ret' <Predicate = true> <Delay = 4.43> <CoreType = "Generic">   --->   Generic Core

State 63 <SV = 62> <Delay = 4.43>
ST_63 : Operation 171 [38/100] (4.43ns)   --->   "%call_ret = call i1280 @compute_frenet_AB_hls, i27 %ey_read, i27 %epsi_read, i27 %vx_read, i27 %vy_read, i27 %omega_read, i18 %delta_read, i27 %a_cmd_read, i27 %kappa_read, i19 %recip_lut_fn, i18 %sin_lut_fn, i19 %cos_lut_fn, i18 %atan_lut_fn" [../src/vehicle_model_hls.cpp:759]   --->   Operation 171 'call' 'call_ret' <Predicate = true> <Delay = 4.43> <CoreType = "Generic">   --->   Generic Core

State 64 <SV = 63> <Delay = 4.43>
ST_64 : Operation 172 [37/100] (4.43ns)   --->   "%call_ret = call i1280 @compute_frenet_AB_hls, i27 %ey_read, i27 %epsi_read, i27 %vx_read, i27 %vy_read, i27 %omega_read, i18 %delta_read, i27 %a_cmd_read, i27 %kappa_read, i19 %recip_lut_fn, i18 %sin_lut_fn, i19 %cos_lut_fn, i18 %atan_lut_fn" [../src/vehicle_model_hls.cpp:759]   --->   Operation 172 'call' 'call_ret' <Predicate = true> <Delay = 4.43> <CoreType = "Generic">   --->   Generic Core

State 65 <SV = 64> <Delay = 4.43>
ST_65 : Operation 173 [36/100] (4.43ns)   --->   "%call_ret = call i1280 @compute_frenet_AB_hls, i27 %ey_read, i27 %epsi_read, i27 %vx_read, i27 %vy_read, i27 %omega_read, i18 %delta_read, i27 %a_cmd_read, i27 %kappa_read, i19 %recip_lut_fn, i18 %sin_lut_fn, i19 %cos_lut_fn, i18 %atan_lut_fn" [../src/vehicle_model_hls.cpp:759]   --->   Operation 173 'call' 'call_ret' <Predicate = true> <Delay = 4.43> <CoreType = "Generic">   --->   Generic Core

State 66 <SV = 65> <Delay = 4.43>
ST_66 : Operation 174 [35/100] (4.43ns)   --->   "%call_ret = call i1280 @compute_frenet_AB_hls, i27 %ey_read, i27 %epsi_read, i27 %vx_read, i27 %vy_read, i27 %omega_read, i18 %delta_read, i27 %a_cmd_read, i27 %kappa_read, i19 %recip_lut_fn, i18 %sin_lut_fn, i19 %cos_lut_fn, i18 %atan_lut_fn" [../src/vehicle_model_hls.cpp:759]   --->   Operation 174 'call' 'call_ret' <Predicate = true> <Delay = 4.43> <CoreType = "Generic">   --->   Generic Core

State 67 <SV = 66> <Delay = 4.43>
ST_67 : Operation 175 [34/100] (4.43ns)   --->   "%call_ret = call i1280 @compute_frenet_AB_hls, i27 %ey_read, i27 %epsi_read, i27 %vx_read, i27 %vy_read, i27 %omega_read, i18 %delta_read, i27 %a_cmd_read, i27 %kappa_read, i19 %recip_lut_fn, i18 %sin_lut_fn, i19 %cos_lut_fn, i18 %atan_lut_fn" [../src/vehicle_model_hls.cpp:759]   --->   Operation 175 'call' 'call_ret' <Predicate = true> <Delay = 4.43> <CoreType = "Generic">   --->   Generic Core

State 68 <SV = 67> <Delay = 4.43>
ST_68 : Operation 176 [33/100] (4.43ns)   --->   "%call_ret = call i1280 @compute_frenet_AB_hls, i27 %ey_read, i27 %epsi_read, i27 %vx_read, i27 %vy_read, i27 %omega_read, i18 %delta_read, i27 %a_cmd_read, i27 %kappa_read, i19 %recip_lut_fn, i18 %sin_lut_fn, i19 %cos_lut_fn, i18 %atan_lut_fn" [../src/vehicle_model_hls.cpp:759]   --->   Operation 176 'call' 'call_ret' <Predicate = true> <Delay = 4.43> <CoreType = "Generic">   --->   Generic Core

State 69 <SV = 68> <Delay = 4.43>
ST_69 : Operation 177 [32/100] (4.43ns)   --->   "%call_ret = call i1280 @compute_frenet_AB_hls, i27 %ey_read, i27 %epsi_read, i27 %vx_read, i27 %vy_read, i27 %omega_read, i18 %delta_read, i27 %a_cmd_read, i27 %kappa_read, i19 %recip_lut_fn, i18 %sin_lut_fn, i19 %cos_lut_fn, i18 %atan_lut_fn" [../src/vehicle_model_hls.cpp:759]   --->   Operation 177 'call' 'call_ret' <Predicate = true> <Delay = 4.43> <CoreType = "Generic">   --->   Generic Core

State 70 <SV = 69> <Delay = 4.43>
ST_70 : Operation 178 [31/100] (4.43ns)   --->   "%call_ret = call i1280 @compute_frenet_AB_hls, i27 %ey_read, i27 %epsi_read, i27 %vx_read, i27 %vy_read, i27 %omega_read, i18 %delta_read, i27 %a_cmd_read, i27 %kappa_read, i19 %recip_lut_fn, i18 %sin_lut_fn, i19 %cos_lut_fn, i18 %atan_lut_fn" [../src/vehicle_model_hls.cpp:759]   --->   Operation 178 'call' 'call_ret' <Predicate = true> <Delay = 4.43> <CoreType = "Generic">   --->   Generic Core

State 71 <SV = 70> <Delay = 4.43>
ST_71 : Operation 179 [30/100] (4.43ns)   --->   "%call_ret = call i1280 @compute_frenet_AB_hls, i27 %ey_read, i27 %epsi_read, i27 %vx_read, i27 %vy_read, i27 %omega_read, i18 %delta_read, i27 %a_cmd_read, i27 %kappa_read, i19 %recip_lut_fn, i18 %sin_lut_fn, i19 %cos_lut_fn, i18 %atan_lut_fn" [../src/vehicle_model_hls.cpp:759]   --->   Operation 179 'call' 'call_ret' <Predicate = true> <Delay = 4.43> <CoreType = "Generic">   --->   Generic Core

State 72 <SV = 71> <Delay = 4.43>
ST_72 : Operation 180 [29/100] (4.43ns)   --->   "%call_ret = call i1280 @compute_frenet_AB_hls, i27 %ey_read, i27 %epsi_read, i27 %vx_read, i27 %vy_read, i27 %omega_read, i18 %delta_read, i27 %a_cmd_read, i27 %kappa_read, i19 %recip_lut_fn, i18 %sin_lut_fn, i19 %cos_lut_fn, i18 %atan_lut_fn" [../src/vehicle_model_hls.cpp:759]   --->   Operation 180 'call' 'call_ret' <Predicate = true> <Delay = 4.43> <CoreType = "Generic">   --->   Generic Core

State 73 <SV = 72> <Delay = 4.43>
ST_73 : Operation 181 [28/100] (4.43ns)   --->   "%call_ret = call i1280 @compute_frenet_AB_hls, i27 %ey_read, i27 %epsi_read, i27 %vx_read, i27 %vy_read, i27 %omega_read, i18 %delta_read, i27 %a_cmd_read, i27 %kappa_read, i19 %recip_lut_fn, i18 %sin_lut_fn, i19 %cos_lut_fn, i18 %atan_lut_fn" [../src/vehicle_model_hls.cpp:759]   --->   Operation 181 'call' 'call_ret' <Predicate = true> <Delay = 4.43> <CoreType = "Generic">   --->   Generic Core

State 74 <SV = 73> <Delay = 4.43>
ST_74 : Operation 182 [27/100] (4.43ns)   --->   "%call_ret = call i1280 @compute_frenet_AB_hls, i27 %ey_read, i27 %epsi_read, i27 %vx_read, i27 %vy_read, i27 %omega_read, i18 %delta_read, i27 %a_cmd_read, i27 %kappa_read, i19 %recip_lut_fn, i18 %sin_lut_fn, i19 %cos_lut_fn, i18 %atan_lut_fn" [../src/vehicle_model_hls.cpp:759]   --->   Operation 182 'call' 'call_ret' <Predicate = true> <Delay = 4.43> <CoreType = "Generic">   --->   Generic Core

State 75 <SV = 74> <Delay = 4.43>
ST_75 : Operation 183 [26/100] (4.43ns)   --->   "%call_ret = call i1280 @compute_frenet_AB_hls, i27 %ey_read, i27 %epsi_read, i27 %vx_read, i27 %vy_read, i27 %omega_read, i18 %delta_read, i27 %a_cmd_read, i27 %kappa_read, i19 %recip_lut_fn, i18 %sin_lut_fn, i19 %cos_lut_fn, i18 %atan_lut_fn" [../src/vehicle_model_hls.cpp:759]   --->   Operation 183 'call' 'call_ret' <Predicate = true> <Delay = 4.43> <CoreType = "Generic">   --->   Generic Core

State 76 <SV = 75> <Delay = 4.43>
ST_76 : Operation 184 [25/100] (4.43ns)   --->   "%call_ret = call i1280 @compute_frenet_AB_hls, i27 %ey_read, i27 %epsi_read, i27 %vx_read, i27 %vy_read, i27 %omega_read, i18 %delta_read, i27 %a_cmd_read, i27 %kappa_read, i19 %recip_lut_fn, i18 %sin_lut_fn, i19 %cos_lut_fn, i18 %atan_lut_fn" [../src/vehicle_model_hls.cpp:759]   --->   Operation 184 'call' 'call_ret' <Predicate = true> <Delay = 4.43> <CoreType = "Generic">   --->   Generic Core

State 77 <SV = 76> <Delay = 4.43>
ST_77 : Operation 185 [24/100] (4.43ns)   --->   "%call_ret = call i1280 @compute_frenet_AB_hls, i27 %ey_read, i27 %epsi_read, i27 %vx_read, i27 %vy_read, i27 %omega_read, i18 %delta_read, i27 %a_cmd_read, i27 %kappa_read, i19 %recip_lut_fn, i18 %sin_lut_fn, i19 %cos_lut_fn, i18 %atan_lut_fn" [../src/vehicle_model_hls.cpp:759]   --->   Operation 185 'call' 'call_ret' <Predicate = true> <Delay = 4.43> <CoreType = "Generic">   --->   Generic Core

State 78 <SV = 77> <Delay = 4.43>
ST_78 : Operation 186 [23/100] (4.43ns)   --->   "%call_ret = call i1280 @compute_frenet_AB_hls, i27 %ey_read, i27 %epsi_read, i27 %vx_read, i27 %vy_read, i27 %omega_read, i18 %delta_read, i27 %a_cmd_read, i27 %kappa_read, i19 %recip_lut_fn, i18 %sin_lut_fn, i19 %cos_lut_fn, i18 %atan_lut_fn" [../src/vehicle_model_hls.cpp:759]   --->   Operation 186 'call' 'call_ret' <Predicate = true> <Delay = 4.43> <CoreType = "Generic">   --->   Generic Core

State 79 <SV = 78> <Delay = 4.43>
ST_79 : Operation 187 [22/100] (4.43ns)   --->   "%call_ret = call i1280 @compute_frenet_AB_hls, i27 %ey_read, i27 %epsi_read, i27 %vx_read, i27 %vy_read, i27 %omega_read, i18 %delta_read, i27 %a_cmd_read, i27 %kappa_read, i19 %recip_lut_fn, i18 %sin_lut_fn, i19 %cos_lut_fn, i18 %atan_lut_fn" [../src/vehicle_model_hls.cpp:759]   --->   Operation 187 'call' 'call_ret' <Predicate = true> <Delay = 4.43> <CoreType = "Generic">   --->   Generic Core

State 80 <SV = 79> <Delay = 4.43>
ST_80 : Operation 188 [21/100] (4.43ns)   --->   "%call_ret = call i1280 @compute_frenet_AB_hls, i27 %ey_read, i27 %epsi_read, i27 %vx_read, i27 %vy_read, i27 %omega_read, i18 %delta_read, i27 %a_cmd_read, i27 %kappa_read, i19 %recip_lut_fn, i18 %sin_lut_fn, i19 %cos_lut_fn, i18 %atan_lut_fn" [../src/vehicle_model_hls.cpp:759]   --->   Operation 188 'call' 'call_ret' <Predicate = true> <Delay = 4.43> <CoreType = "Generic">   --->   Generic Core

State 81 <SV = 80> <Delay = 4.43>
ST_81 : Operation 189 [20/100] (4.43ns)   --->   "%call_ret = call i1280 @compute_frenet_AB_hls, i27 %ey_read, i27 %epsi_read, i27 %vx_read, i27 %vy_read, i27 %omega_read, i18 %delta_read, i27 %a_cmd_read, i27 %kappa_read, i19 %recip_lut_fn, i18 %sin_lut_fn, i19 %cos_lut_fn, i18 %atan_lut_fn" [../src/vehicle_model_hls.cpp:759]   --->   Operation 189 'call' 'call_ret' <Predicate = true> <Delay = 4.43> <CoreType = "Generic">   --->   Generic Core

State 82 <SV = 81> <Delay = 4.43>
ST_82 : Operation 190 [19/100] (4.43ns)   --->   "%call_ret = call i1280 @compute_frenet_AB_hls, i27 %ey_read, i27 %epsi_read, i27 %vx_read, i27 %vy_read, i27 %omega_read, i18 %delta_read, i27 %a_cmd_read, i27 %kappa_read, i19 %recip_lut_fn, i18 %sin_lut_fn, i19 %cos_lut_fn, i18 %atan_lut_fn" [../src/vehicle_model_hls.cpp:759]   --->   Operation 190 'call' 'call_ret' <Predicate = true> <Delay = 4.43> <CoreType = "Generic">   --->   Generic Core

State 83 <SV = 82> <Delay = 4.43>
ST_83 : Operation 191 [18/100] (4.43ns)   --->   "%call_ret = call i1280 @compute_frenet_AB_hls, i27 %ey_read, i27 %epsi_read, i27 %vx_read, i27 %vy_read, i27 %omega_read, i18 %delta_read, i27 %a_cmd_read, i27 %kappa_read, i19 %recip_lut_fn, i18 %sin_lut_fn, i19 %cos_lut_fn, i18 %atan_lut_fn" [../src/vehicle_model_hls.cpp:759]   --->   Operation 191 'call' 'call_ret' <Predicate = true> <Delay = 4.43> <CoreType = "Generic">   --->   Generic Core

State 84 <SV = 83> <Delay = 4.43>
ST_84 : Operation 192 [17/100] (4.43ns)   --->   "%call_ret = call i1280 @compute_frenet_AB_hls, i27 %ey_read, i27 %epsi_read, i27 %vx_read, i27 %vy_read, i27 %omega_read, i18 %delta_read, i27 %a_cmd_read, i27 %kappa_read, i19 %recip_lut_fn, i18 %sin_lut_fn, i19 %cos_lut_fn, i18 %atan_lut_fn" [../src/vehicle_model_hls.cpp:759]   --->   Operation 192 'call' 'call_ret' <Predicate = true> <Delay = 4.43> <CoreType = "Generic">   --->   Generic Core

State 85 <SV = 84> <Delay = 4.43>
ST_85 : Operation 193 [16/100] (4.43ns)   --->   "%call_ret = call i1280 @compute_frenet_AB_hls, i27 %ey_read, i27 %epsi_read, i27 %vx_read, i27 %vy_read, i27 %omega_read, i18 %delta_read, i27 %a_cmd_read, i27 %kappa_read, i19 %recip_lut_fn, i18 %sin_lut_fn, i19 %cos_lut_fn, i18 %atan_lut_fn" [../src/vehicle_model_hls.cpp:759]   --->   Operation 193 'call' 'call_ret' <Predicate = true> <Delay = 4.43> <CoreType = "Generic">   --->   Generic Core

State 86 <SV = 85> <Delay = 4.43>
ST_86 : Operation 194 [15/100] (4.43ns)   --->   "%call_ret = call i1280 @compute_frenet_AB_hls, i27 %ey_read, i27 %epsi_read, i27 %vx_read, i27 %vy_read, i27 %omega_read, i18 %delta_read, i27 %a_cmd_read, i27 %kappa_read, i19 %recip_lut_fn, i18 %sin_lut_fn, i19 %cos_lut_fn, i18 %atan_lut_fn" [../src/vehicle_model_hls.cpp:759]   --->   Operation 194 'call' 'call_ret' <Predicate = true> <Delay = 4.43> <CoreType = "Generic">   --->   Generic Core

State 87 <SV = 86> <Delay = 4.43>
ST_87 : Operation 195 [14/100] (4.43ns)   --->   "%call_ret = call i1280 @compute_frenet_AB_hls, i27 %ey_read, i27 %epsi_read, i27 %vx_read, i27 %vy_read, i27 %omega_read, i18 %delta_read, i27 %a_cmd_read, i27 %kappa_read, i19 %recip_lut_fn, i18 %sin_lut_fn, i19 %cos_lut_fn, i18 %atan_lut_fn" [../src/vehicle_model_hls.cpp:759]   --->   Operation 195 'call' 'call_ret' <Predicate = true> <Delay = 4.43> <CoreType = "Generic">   --->   Generic Core

State 88 <SV = 87> <Delay = 4.43>
ST_88 : Operation 196 [13/100] (4.43ns)   --->   "%call_ret = call i1280 @compute_frenet_AB_hls, i27 %ey_read, i27 %epsi_read, i27 %vx_read, i27 %vy_read, i27 %omega_read, i18 %delta_read, i27 %a_cmd_read, i27 %kappa_read, i19 %recip_lut_fn, i18 %sin_lut_fn, i19 %cos_lut_fn, i18 %atan_lut_fn" [../src/vehicle_model_hls.cpp:759]   --->   Operation 196 'call' 'call_ret' <Predicate = true> <Delay = 4.43> <CoreType = "Generic">   --->   Generic Core

State 89 <SV = 88> <Delay = 4.43>
ST_89 : Operation 197 [12/100] (4.43ns)   --->   "%call_ret = call i1280 @compute_frenet_AB_hls, i27 %ey_read, i27 %epsi_read, i27 %vx_read, i27 %vy_read, i27 %omega_read, i18 %delta_read, i27 %a_cmd_read, i27 %kappa_read, i19 %recip_lut_fn, i18 %sin_lut_fn, i19 %cos_lut_fn, i18 %atan_lut_fn" [../src/vehicle_model_hls.cpp:759]   --->   Operation 197 'call' 'call_ret' <Predicate = true> <Delay = 4.43> <CoreType = "Generic">   --->   Generic Core

State 90 <SV = 89> <Delay = 4.43>
ST_90 : Operation 198 [11/100] (4.43ns)   --->   "%call_ret = call i1280 @compute_frenet_AB_hls, i27 %ey_read, i27 %epsi_read, i27 %vx_read, i27 %vy_read, i27 %omega_read, i18 %delta_read, i27 %a_cmd_read, i27 %kappa_read, i19 %recip_lut_fn, i18 %sin_lut_fn, i19 %cos_lut_fn, i18 %atan_lut_fn" [../src/vehicle_model_hls.cpp:759]   --->   Operation 198 'call' 'call_ret' <Predicate = true> <Delay = 4.43> <CoreType = "Generic">   --->   Generic Core

State 91 <SV = 90> <Delay = 4.43>
ST_91 : Operation 199 [10/100] (4.43ns)   --->   "%call_ret = call i1280 @compute_frenet_AB_hls, i27 %ey_read, i27 %epsi_read, i27 %vx_read, i27 %vy_read, i27 %omega_read, i18 %delta_read, i27 %a_cmd_read, i27 %kappa_read, i19 %recip_lut_fn, i18 %sin_lut_fn, i19 %cos_lut_fn, i18 %atan_lut_fn" [../src/vehicle_model_hls.cpp:759]   --->   Operation 199 'call' 'call_ret' <Predicate = true> <Delay = 4.43> <CoreType = "Generic">   --->   Generic Core

State 92 <SV = 91> <Delay = 4.43>
ST_92 : Operation 200 [9/100] (4.43ns)   --->   "%call_ret = call i1280 @compute_frenet_AB_hls, i27 %ey_read, i27 %epsi_read, i27 %vx_read, i27 %vy_read, i27 %omega_read, i18 %delta_read, i27 %a_cmd_read, i27 %kappa_read, i19 %recip_lut_fn, i18 %sin_lut_fn, i19 %cos_lut_fn, i18 %atan_lut_fn" [../src/vehicle_model_hls.cpp:759]   --->   Operation 200 'call' 'call_ret' <Predicate = true> <Delay = 4.43> <CoreType = "Generic">   --->   Generic Core

State 93 <SV = 92> <Delay = 4.43>
ST_93 : Operation 201 [8/100] (4.43ns)   --->   "%call_ret = call i1280 @compute_frenet_AB_hls, i27 %ey_read, i27 %epsi_read, i27 %vx_read, i27 %vy_read, i27 %omega_read, i18 %delta_read, i27 %a_cmd_read, i27 %kappa_read, i19 %recip_lut_fn, i18 %sin_lut_fn, i19 %cos_lut_fn, i18 %atan_lut_fn" [../src/vehicle_model_hls.cpp:759]   --->   Operation 201 'call' 'call_ret' <Predicate = true> <Delay = 4.43> <CoreType = "Generic">   --->   Generic Core

State 94 <SV = 93> <Delay = 4.43>
ST_94 : Operation 202 [7/100] (4.43ns)   --->   "%call_ret = call i1280 @compute_frenet_AB_hls, i27 %ey_read, i27 %epsi_read, i27 %vx_read, i27 %vy_read, i27 %omega_read, i18 %delta_read, i27 %a_cmd_read, i27 %kappa_read, i19 %recip_lut_fn, i18 %sin_lut_fn, i19 %cos_lut_fn, i18 %atan_lut_fn" [../src/vehicle_model_hls.cpp:759]   --->   Operation 202 'call' 'call_ret' <Predicate = true> <Delay = 4.43> <CoreType = "Generic">   --->   Generic Core

State 95 <SV = 94> <Delay = 4.43>
ST_95 : Operation 203 [6/100] (4.43ns)   --->   "%call_ret = call i1280 @compute_frenet_AB_hls, i27 %ey_read, i27 %epsi_read, i27 %vx_read, i27 %vy_read, i27 %omega_read, i18 %delta_read, i27 %a_cmd_read, i27 %kappa_read, i19 %recip_lut_fn, i18 %sin_lut_fn, i19 %cos_lut_fn, i18 %atan_lut_fn" [../src/vehicle_model_hls.cpp:759]   --->   Operation 203 'call' 'call_ret' <Predicate = true> <Delay = 4.43> <CoreType = "Generic">   --->   Generic Core

State 96 <SV = 95> <Delay = 4.43>
ST_96 : Operation 204 [5/100] (4.43ns)   --->   "%call_ret = call i1280 @compute_frenet_AB_hls, i27 %ey_read, i27 %epsi_read, i27 %vx_read, i27 %vy_read, i27 %omega_read, i18 %delta_read, i27 %a_cmd_read, i27 %kappa_read, i19 %recip_lut_fn, i18 %sin_lut_fn, i19 %cos_lut_fn, i18 %atan_lut_fn" [../src/vehicle_model_hls.cpp:759]   --->   Operation 204 'call' 'call_ret' <Predicate = true> <Delay = 4.43> <CoreType = "Generic">   --->   Generic Core

State 97 <SV = 96> <Delay = 4.43>
ST_97 : Operation 205 [4/100] (4.43ns)   --->   "%call_ret = call i1280 @compute_frenet_AB_hls, i27 %ey_read, i27 %epsi_read, i27 %vx_read, i27 %vy_read, i27 %omega_read, i18 %delta_read, i27 %a_cmd_read, i27 %kappa_read, i19 %recip_lut_fn, i18 %sin_lut_fn, i19 %cos_lut_fn, i18 %atan_lut_fn" [../src/vehicle_model_hls.cpp:759]   --->   Operation 205 'call' 'call_ret' <Predicate = true> <Delay = 4.43> <CoreType = "Generic">   --->   Generic Core

State 98 <SV = 97> <Delay = 4.43>
ST_98 : Operation 206 [3/100] (4.43ns)   --->   "%call_ret = call i1280 @compute_frenet_AB_hls, i27 %ey_read, i27 %epsi_read, i27 %vx_read, i27 %vy_read, i27 %omega_read, i18 %delta_read, i27 %a_cmd_read, i27 %kappa_read, i19 %recip_lut_fn, i18 %sin_lut_fn, i19 %cos_lut_fn, i18 %atan_lut_fn" [../src/vehicle_model_hls.cpp:759]   --->   Operation 206 'call' 'call_ret' <Predicate = true> <Delay = 4.43> <CoreType = "Generic">   --->   Generic Core

State 99 <SV = 98> <Delay = 4.43>
ST_99 : Operation 207 [2/100] (4.43ns)   --->   "%call_ret = call i1280 @compute_frenet_AB_hls, i27 %ey_read, i27 %epsi_read, i27 %vx_read, i27 %vy_read, i27 %omega_read, i18 %delta_read, i27 %a_cmd_read, i27 %kappa_read, i19 %recip_lut_fn, i18 %sin_lut_fn, i19 %cos_lut_fn, i18 %atan_lut_fn" [../src/vehicle_model_hls.cpp:759]   --->   Operation 207 'call' 'call_ret' <Predicate = true> <Delay = 4.43> <CoreType = "Generic">   --->   Generic Core

State 100 <SV = 99> <Delay = 2.73>
ST_100 : Operation 208 [1/100] (2.73ns)   --->   "%call_ret = call i1280 @compute_frenet_AB_hls, i27 %ey_read, i27 %epsi_read, i27 %vx_read, i27 %vy_read, i27 %omega_read, i18 %delta_read, i27 %a_cmd_read, i27 %kappa_read, i19 %recip_lut_fn, i18 %sin_lut_fn, i19 %cos_lut_fn, i18 %atan_lut_fn" [../src/vehicle_model_hls.cpp:759]   --->   Operation 208 'call' 'call_ret' <Predicate = true> <Delay = 2.73> <CoreType = "Generic">   --->   Generic Core
ST_100 : Operation 209 [1/1] (0.00ns)   --->   "%ret_ln761 = ret i1280 %call_ret" [../src/vehicle_model_hls.cpp:761]   --->   Operation 209 'ret' 'ret_ln761' <Predicate = true> <Delay = 0.00>


============================================================
+ Verbose Summary: Binding
============================================================
STG Binding: 
---------------- STG Properties BEGIN ----------------
- Is combinational: 0
- Is one-state seq: 0
- Is datapath-only: 0
- Is pipelined: 1
- Is top level: 0
Port [ Return ] is wired: 1; IO mode=ap_ctrl_hs:ce=0
Port [ ey]:  wired=1; compound=0; hidden=0; nouse=0; global=0; static=0; extern=0; dir=0; type=0; pingpong=0; private_global=0; IO mode=ap_none:ce=0
Port [ epsi]:  wired=1; compound=0; hidden=0; nouse=0; global=0; static=0; extern=0; dir=0; type=0; pingpong=0; private_global=0; IO mode=ap_none:ce=0
Port [ vx]:  wired=1; compound=0; hidden=0; nouse=0; global=0; static=0; extern=0; dir=0; type=0; pingpong=0; private_global=0; IO mode=ap_none:ce=0
Port [ vy]:  wired=1; compound=0; hidden=0; nouse=0; global=0; static=0; extern=0; dir=0; type=0; pingpong=0; private_global=0; IO mode=ap_none:ce=0
Port [ omega]:  wired=1; compound=0; hidden=0; nouse=0; global=0; static=0; extern=0; dir=0; type=0; pingpong=0; private_global=0; IO mode=ap_none:ce=0
Port [ delta]:  wired=1; compound=0; hidden=0; nouse=0; global=0; static=0; extern=0; dir=0; type=0; pingpong=0; private_global=0; IO mode=ap_none:ce=0
Port [ a_cmd]:  wired=1; compound=0; hidden=0; nouse=0; global=0; static=0; extern=0; dir=0; type=0; pingpong=0; private_global=0; IO mode=ap_none:ce=0
Port [ kappa]:  wired=1; compound=0; hidden=0; nouse=0; global=0; static=0; extern=0; dir=0; type=0; pingpong=0; private_global=0; IO mode=ap_none:ce=0
Port [ recip_lut_fn]:  wired=0; compound=1; hidden=1; nouse=1; global=1; static=1; extern=0; dir=0; type=1; pingpong=0; private_global=0; MemPort=[11]; IO mode=ap_memory:ce=0
Port [ sin_lut_fn]:  wired=0; compound=1; hidden=1; nouse=1; global=1; static=1; extern=0; dir=0; type=1; pingpong=0; private_global=0; MemPort=[11]; IO mode=ap_memory:ce=0
Port [ cos_lut_fn]:  wired=0; compound=1; hidden=1; nouse=1; global=1; static=1; extern=0; dir=0; type=1; pingpong=0; private_global=0; MemPort=[11]; IO mode=ap_memory:ce=0
Port [ atan_lut_fn]:  wired=0; compound=1; hidden=1; nouse=1; global=1; static=1; extern=0; dir=0; type=1; pingpong=0; private_global=0; MemPort=[13]; IO mode=ap_memory:ce=0
---------------- STG Properties END ------------------

---------------- Datapath Model BEGIN ----------------

<LifeTime>
<method=bitvector/>
kappa_read (read) [ 00111111111111111111111111111111111111111111111111111111111111111111110000000000000000000000000000000]
a_cmd_read (read) [ 00000000000000000000000000000000000000000000000000000000000000000000000000000000000000000000000000000]
delta_read (read) [ 00000000000000000000000000000000000000000000000000000000000000000000000000000000000000000000000000000]
omega_read (read) [ 00000000000000000000000000000000000000000000000000000000000000000000000000000000000000000000000000000]
vy_read    (read) [ 00000000000000000000000000000000000000000000000000000000000000000000000000000000000000000000000000000]
vx_read    (read) [ 00000000000000000000000000000000000000000000000000000000000000000000000000000000000000000000000000000]
epsi_read  (read) [ 00111111111111111111111111111111111111111111111111111111111111111110000000000000000000000000000000000]
ey_read    (read) [ 00111111111111111111111111111111111111111111111111111111111111111111110000000000000000000000000000000]
call_ret   (call) [ 00000000000000000000000000000000000000000000000000000000000000000000000000000000000000000000000000000]
ret_ln761  (ret ) [ 00000000000000000000000000000000000000000000000000000000000000000000000000000000000000000000000000000]
</LifeTime>

<model>

<comp_list>
<comp id="0" class="1000" name="ey">
<pin_list>
<pin id="1" dir="1" index="0" bw="1" slack="0"/>
</pin_list>
<bind>
<StgValue><ssdm name="ey"/></StgValue>
</bind>
</comp>

<comp id="2" class="1000" name="epsi">
<pin_list>
<pin id="3" dir="1" index="0" bw="1" slack="0"/>
</pin_list>
<bind>
<StgValue><ssdm name="epsi"/></StgValue>
</bind>
</comp>

<comp id="4" class="1000" name="vx">
<pin_list>
<pin id="5" dir="1" index="0" bw="1" slack="0"/>
</pin_list>
<bind>
<StgValue><ssdm name="vx"/></StgValue>
</bind>
</comp>

<comp id="6" class="1000" name="vy">
<pin_list>
<pin id="7" dir="1" index="0" bw="1" slack="0"/>
</pin_list>
<bind>
<StgValue><ssdm name="vy"/></StgValue>
</bind>
</comp>

<comp id="8" class="1000" name="omega">
<pin_list>
<pin id="9" dir="1" index="0" bw="1" slack="0"/>
</pin_list>
<bind>
<StgValue><ssdm name="omega"/></StgValue>
</bind>
</comp>

<comp id="10" class="1000" name="delta">
<pin_list>
<pin id="11" dir="1" index="0" bw="1" slack="0"/>
</pin_list>
<bind>
<StgValue><ssdm name="delta"/></StgValue>
</bind>
</comp>

<comp id="12" class="1000" name="a_cmd">
<pin_list>
<pin id="13" dir="1" index="0" bw="1" slack="0"/>
</pin_list>
<bind>
<StgValue><ssdm name="a_cmd"/></StgValue>
</bind>
</comp>

<comp id="14" class="1000" name="kappa">
<pin_list>
<pin id="15" dir="1" index="0" bw="1" slack="0"/>
</pin_list>
<bind>
<StgValue><ssdm name="kappa"/></StgValue>
</bind>
</comp>

<comp id="16" class="1000" name="recip_lut_fn">
<pin_list>
<pin id="17" dir="1" index="0" bw="1" slack="0"/>
</pin_list>
<bind>
<StgValue><ssdm name="recip_lut_fn"/><MemPortTyVec>1 1 </MemPortTyVec>
</StgValue>
</bind>
</comp>

<comp id="18" class="1000" name="sin_lut_fn">
<pin_list>
<pin id="19" dir="1" index="0" bw="1" slack="0"/>
</pin_list>
<bind>
<StgValue><ssdm name="sin_lut_fn"/><MemPortTyVec>1 1 </MemPortTyVec>
</StgValue>
</bind>
</comp>

<comp id="20" class="1000" name="cos_lut_fn">
<pin_list>
<pin id="21" dir="1" index="0" bw="1" slack="0"/>
</pin_list>
<bind>
<StgValue><ssdm name="cos_lut_fn"/><MemPortTyVec>1 1 </MemPortTyVec>
</StgValue>
</bind>
</comp>

<comp id="22" class="1000" name="atan_lut_fn">
<pin_list>
<pin id="23" dir="1" index="0" bw="1" slack="0"/>
</pin_list>
<bind>
<StgValue><ssdm name="atan_lut_fn"/><MemPortTyVec>1 3 </MemPortTyVec>
</StgValue>
</bind>
</comp>

<comp id="24" class="1001" name="const_24">
<pin_list>
<pin id="25" dir="1" index="0" bw="1" slack="0"/>
</pin_list>
<bind>
<StgValue><ssdm name="_ssdm_op_Read.ap_auto.i27"/></StgValue>
</bind>
</comp>

<comp id="26" class="1001" name="const_26">
<pin_list>
<pin id="27" dir="1" index="0" bw="1" slack="0"/>
</pin_list>
<bind>
<StgValue><ssdm name="_ssdm_op_Read.ap_auto.i18"/></StgValue>
</bind>
</comp>

<comp id="28" class="1001" name="const_28">
<pin_list>
<pin id="29" dir="1" index="0" bw="1" slack="0"/>
</pin_list>
<bind>
<StgValue><ssdm name="compute_frenet_AB_hls"/></StgValue>
</bind>
</comp>

<comp id="30" class="1004" name="kappa_read_read_fu_30">
<pin_list>
<pin id="31" dir="0" index="0" bw="27" slack="0"/>
<pin id="32" dir="0" index="1" bw="27" slack="0"/>
<pin id="33" dir="1" index="2" bw="27" slack="0"/>
</pin_list>
<bind>
<opcode="read(1150) " fcode="read"/>
<opset="kappa_read/1 "/>
</bind>
</comp>

<comp id="36" class="1004" name="a_cmd_read_read_fu_36">
<pin_list>
<pin id="37" dir="0" index="0" bw="27" slack="0"/>
<pin id="38" dir="0" index="1" bw="27" slack="0"/>
<pin id="39" dir="1" index="2" bw="27" slack="0"/>
</pin_list>
<bind>
<opcode="read(1150) " fcode="read"/>
<opset="a_cmd_read/1 "/>
</bind>
</comp>

<comp id="42" class="1004" name="delta_read_read_fu_42">
<pin_list>
<pin id="43" dir="0" index="0" bw="18" slack="0"/>
<pin id="44" dir="0" index="1" bw="18" slack="0"/>
<pin id="45" dir="1" index="2" bw="18" slack="0"/>
</pin_list>
<bind>
<opcode="read(1150) " fcode="read"/>
<opset="delta_read/1 "/>
</bind>
</comp>

<comp id="48" class="1004" name="omega_read_read_fu_48">
<pin_list>
<pin id="49" dir="0" index="0" bw="27" slack="0"/>
<pin id="50" dir="0" index="1" bw="27" slack="0"/>
<pin id="51" dir="1" index="2" bw="27" slack="0"/>
</pin_list>
<bind>
<opcode="read(1150) " fcode="read"/>
<opset="omega_read/1 "/>
</bind>
</comp>

<comp id="54" class="1004" name="vy_read_read_fu_54">
<pin_list>
<pin id="55" dir="0" index="0" bw="27" slack="0"/>
<pin id="56" dir="0" index="1" bw="27" slack="0"/>
<pin id="57" dir="1" index="2" bw="27" slack="0"/>
</pin_list>
<bind>
<opcode="read(1150) " fcode="read"/>
<opset="vy_read/1 "/>
</bind>
</comp>

<comp id="60" class="1004" name="vx_read_read_fu_60">
<pin_list>
<pin id="61" dir="0" index="0" bw="27" slack="0"/>
<pin id="62" dir="0" index="1" bw="27" slack="0"/>
<pin id="63" dir="1" index="2" bw="27" slack="0"/>
</pin_list>
<bind>
<opcode="read(1150) " fcode="read"/>
<opset="vx_read/1 "/>
</bind>
</comp>

<comp id="66" class="1004" name="epsi_read_read_fu_66">
<pin_list>
<pin id="67" dir="0" index="0" bw="27" slack="0"/>
<pin id="68" dir="0" index="1" bw="27" slack="0"/>
<pin id="69" dir="1" index="2" bw="27" slack="0"/>
</pin_list>
<bind>
<opcode="read(1150) " fcode="read"/>
<opset="epsi_read/1 "/>
</bind>
</comp>

<comp id="72" class="1004" name="ey_read_read_fu_72">
<pin_list>
<pin id="73" dir="0" index="0" bw="27" slack="0"/>
<pin id="74" dir="0" index="1" bw="27" slack="0"/>
<pin id="75" dir="1" index="2" bw="27" slack="0"/>
</pin_list>
<bind>
<opcode="read(1150) " fcode="read"/>
<opset="ey_read/1 "/>
</bind>
</comp>

<comp id="78" class="1004" name="grp_compute_frenet_AB_hls_fu_78">
<pin_list>
<pin id="79" dir="0" index="0" bw="1280" slack="0"/>
<pin id="80" dir="0" index="1" bw="27" slack="0"/>
<pin id="81" dir="0" index="2" bw="27" slack="0"/>
<pin id="82" dir="0" index="3" bw="27" slack="0"/>
<pin id="83" dir="0" index="4" bw="27" slack="0"/>
<pin id="84" dir="0" index="5" bw="27" slack="0"/>
<pin id="85" dir="0" index="6" bw="18" slack="0"/>
<pin id="86" dir="0" index="7" bw="27" slack="0"/>
<pin id="87" dir="0" index="8" bw="27" slack="0"/>
<pin id="88" dir="0" index="9" bw="19" slack="0"/>
<pin id="89" dir="0" index="10" bw="18" slack="0"/>
<pin id="90" dir="0" index="11" bw="19" slack="0"/>
<pin id="91" dir="0" index="12" bw="18" slack="0"/>
<pin id="92" dir="1" index="13" bw="1280" slack="2147483647"/>
</pin_list>
<bind>
<opcode="call(48) " fcode="call"/>
<opset="call_ret/1 "/>
</bind>
</comp>

<comp id="106" class="1005" name="kappa_read_reg_106">
<pin_list>
<pin id="107" dir="0" index="0" bw="27" slack="1"/>
<pin id="108" dir="1" index="1" bw="27" slack="1"/>
</pin_list>
<bind>
<opset="kappa_read "/>
</bind>
</comp>

<comp id="111" class="1005" name="epsi_read_reg_111">
<pin_list>
<pin id="112" dir="0" index="0" bw="27" slack="1"/>
<pin id="113" dir="1" index="1" bw="27" slack="1"/>
</pin_list>
<bind>
<opset="epsi_read "/>
</bind>
</comp>

<comp id="116" class="1005" name="ey_read_reg_116">
<pin_list>
<pin id="117" dir="0" index="0" bw="27" slack="1"/>
<pin id="118" dir="1" index="1" bw="27" slack="1"/>
</pin_list>
<bind>
<opset="ey_read "/>
</bind>
</comp>

</comp_list>

<net_list>
<net id="34"><net_src comp="24" pin="0"/><net_sink comp="30" pin=0"/></net>

<net id="35"><net_src comp="14" pin="0"/><net_sink comp="30" pin=1"/></net>

<net id="40"><net_src comp="24" pin="0"/><net_sink comp="36" pin=0"/></net>

<net id="41"><net_src comp="12" pin="0"/><net_sink comp="36" pin=1"/></net>

<net id="46"><net_src comp="26" pin="0"/><net_sink comp="42" pin=0"/></net>

<net id="47"><net_src comp="10" pin="0"/><net_sink comp="42" pin=1"/></net>

<net id="52"><net_src comp="24" pin="0"/><net_sink comp="48" pin=0"/></net>

<net id="53"><net_src comp="8" pin="0"/><net_sink comp="48" pin=1"/></net>

<net id="58"><net_src comp="24" pin="0"/><net_sink comp="54" pin=0"/></net>

<net id="59"><net_src comp="6" pin="0"/><net_sink comp="54" pin=1"/></net>

<net id="64"><net_src comp="24" pin="0"/><net_sink comp="60" pin=0"/></net>

<net id="65"><net_src comp="4" pin="0"/><net_sink comp="60" pin=1"/></net>

<net id="70"><net_src comp="24" pin="0"/><net_sink comp="66" pin=0"/></net>

<net id="71"><net_src comp="2" pin="0"/><net_sink comp="66" pin=1"/></net>

<net id="76"><net_src comp="24" pin="0"/><net_sink comp="72" pin=0"/></net>

<net id="77"><net_src comp="0" pin="0"/><net_sink comp="72" pin=1"/></net>

<net id="93"><net_src comp="28" pin="0"/><net_sink comp="78" pin=0"/></net>

<net id="94"><net_src comp="72" pin="2"/><net_sink comp="78" pin=1"/></net>

<net id="95"><net_src comp="66" pin="2"/><net_sink comp="78" pin=2"/></net>

<net id="96"><net_src comp="60" pin="2"/><net_sink comp="78" pin=3"/></net>

<net id="97"><net_src comp="54" pin="2"/><net_sink comp="78" pin=4"/></net>

<net id="98"><net_src comp="48" pin="2"/><net_sink comp="78" pin=5"/></net>

<net id="99"><net_src comp="42" pin="2"/><net_sink comp="78" pin=6"/></net>

<net id="100"><net_src comp="36" pin="2"/><net_sink comp="78" pin=7"/></net>

<net id="101"><net_src comp="30" pin="2"/><net_sink comp="78" pin=8"/></net>

<net id="102"><net_src comp="16" pin="0"/><net_sink comp="78" pin=9"/></net>

<net id="103"><net_src comp="18" pin="0"/><net_sink comp="78" pin=10"/></net>

<net id="104"><net_src comp="20" pin="0"/><net_sink comp="78" pin=11"/></net>

<net id="105"><net_src comp="22" pin="0"/><net_sink comp="78" pin=12"/></net>

<net id="109"><net_src comp="30" pin="2"/><net_sink comp="106" pin=0"/></net>

<net id="110"><net_src comp="106" pin="1"/><net_sink comp="78" pin=8"/></net>

<net id="114"><net_src comp="66" pin="2"/><net_sink comp="111" pin=0"/></net>

<net id="115"><net_src comp="111" pin="1"/><net_sink comp="78" pin=2"/></net>

<net id="119"><net_src comp="72" pin="2"/><net_sink comp="116" pin=0"/></net>

<net id="120"><net_src comp="116" pin="1"/><net_sink comp="78" pin=1"/></net>

</net_list>

</model> 
---------------- Datapath Model END ------------------

* FSMD analyzer results:
  - Output states:
	Port: ey | {}
	Port: epsi | {}
	Port: vx | {}
	Port: vy | {}
	Port: omega | {}
	Port: delta | {}
	Port: a_cmd | {}
	Port: kappa | {}
	Port: recip_lut_fn | {}
	Port: sin_lut_fn | {}
	Port: cos_lut_fn | {}
	Port: atan_lut_fn | {}
 - Input state : 
	Port: compute_frenet_AB_and_next_hls : ey | {1 }
	Port: compute_frenet_AB_and_next_hls : epsi | {1 }
	Port: compute_frenet_AB_and_next_hls : vx | {1 }
	Port: compute_frenet_AB_and_next_hls : vy | {1 }
	Port: compute_frenet_AB_and_next_hls : omega | {1 }
	Port: compute_frenet_AB_and_next_hls : delta | {1 }
	Port: compute_frenet_AB_and_next_hls : a_cmd | {1 }
	Port: compute_frenet_AB_and_next_hls : kappa | {1 }
	Port: compute_frenet_AB_and_next_hls : recip_lut_fn | {5 6 28 29 41 42 76 77 78 85 86 }
	Port: compute_frenet_AB_and_next_hls : sin_lut_fn | {50 51 67 68 71 72 }
	Port: compute_frenet_AB_and_next_hls : cos_lut_fn | {50 51 67 68 71 72 }
	Port: compute_frenet_AB_and_next_hls : atan_lut_fn | {25 26 27 35 36 37 }
  - Chain level:
	State 1
	State 2
	State 3
	State 4
	State 5
	State 6
	State 7
	State 8
	State 9
	State 10
	State 11
	State 12
	State 13
	State 14
	State 15
	State 16
	State 17
	State 18
	State 19
	State 20
	State 21
	State 22
	State 23
	State 24
	State 25
	State 26
	State 27
	State 28
	State 29
	State 30
	State 31
	State 32
	State 33
	State 34
	State 35
	State 36
	State 37
	State 38
	State 39
	State 40
	State 41
	State 42
	State 43
	State 44
	State 45
	State 46
	State 47
	State 48
	State 49
	State 50
	State 51
	State 52
	State 53
	State 54
	State 55
	State 56
	State 57
	State 58
	State 59
	State 60
	State 61
	State 62
	State 63
	State 64
	State 65
	State 66
	State 67
	State 68
	State 69
	State 70
	State 71
	State 72
	State 73
	State 74
	State 75
	State 76
	State 77
	State 78
	State 79
	State 80
	State 81
	State 82
	State 83
	State 84
	State 85
	State 86
	State 87
	State 88
	State 89
	State 90
	State 91
	State 92
	State 93
	State 94
	State 95
	State 96
	State 97
	State 98
	State 99
	State 100
		ret_ln761 : 1


============================================================
+ Verbose Summary: Datapath Resource usage 
============================================================

* Functional unit list:
|----------|---------------------------------|---------|---------|---------|---------|
| Operation|         Functional Unit         |   DSP   |  Delay  |    FF   |   LUT   |
|----------|---------------------------------|---------|---------|---------|---------|
|   call   | grp_compute_frenet_AB_hls_fu_78 |   168   | 87.8383 |  21643  |  22279  |
|----------|---------------------------------|---------|---------|---------|---------|
|          |      kappa_read_read_fu_30      |    0    |    0    |    0    |    0    |
|          |      a_cmd_read_read_fu_36      |    0    |    0    |    0    |    0    |
|          |      delta_read_read_fu_42      |    0    |    0    |    0    |    0    |
|   read   |      omega_read_read_fu_48      |    0    |    0    |    0    |    0    |
|          |        vy_read_read_fu_54       |    0    |    0    |    0    |    0    |
|          |        vx_read_read_fu_60       |    0    |    0    |    0    |    0    |
|          |       epsi_read_read_fu_66      |    0    |    0    |    0    |    0    |
|          |        ey_read_read_fu_72       |    0    |    0    |    0    |    0    |
|----------|---------------------------------|---------|---------|---------|---------|
|   Total  |                                 |   168   | 87.8383 |  21643  |  22279  |
|----------|---------------------------------|---------|---------|---------|---------|

Memories:
N/A

* Register list:
+------------------+--------+
|                  |   FF   |
+------------------+--------+
| epsi_read_reg_111|   27   |
|  ey_read_reg_116 |   27   |
|kappa_read_reg_106|   27   |
+------------------+--------+
|       Total      |   81   |
+------------------+--------+

* Multiplexer (MUX) list: 
|---------------------------------|------|------|------|--------||---------||---------||---------|
|               Comp              |  Pin | Size |  BW  | S x BW ||  Delay  ||    FF   ||   LUT   |
|---------------------------------|------|------|------|--------||---------||---------||---------|
| grp_compute_frenet_AB_hls_fu_78 |  p1  |   2  |  27  |   54   ||    0    ||    9    |
| grp_compute_frenet_AB_hls_fu_78 |  p2  |   2  |  27  |   54   ||    0    ||    9    |
| grp_compute_frenet_AB_hls_fu_78 |  p8  |   2  |  27  |   54   ||    0    ||    9    |
|---------------------------------|------|------|------|--------||---------||---------||---------|
|              Total              |      |      |      |   162  ||  1.281  ||    0    ||    27   |
|---------------------------------|------|------|------|--------||---------||---------||---------|



* Summary:
+-----------+--------+--------+--------+--------+
|           |   DSP  |  Delay |   FF   |   LUT  |
+-----------+--------+--------+--------+--------+
|  Function |   168  |   87   |  21643 |  22279 |
|   Memory  |    -   |    -   |    -   |    -   |
|Multiplexer|    -   |    1   |    0   |   27   |
|  Register |    -   |    -   |   81   |    -   |
+-----------+--------+--------+--------+--------+
|   Total   |   168  |   89   |  21724 |  22306 |
+-----------+--------+--------+--------+--------+
