

================================================================
== Vitis HLS Report for 'compute_B_steering'
================================================================
* Date:           Thu Jun 11 16:07:00 2026

* Version:        2025.2 (Build 6295257 on Nov 14 2025)
* Project:        mpc_fpga_top_opencl
* Solution:       hls (Vitis Kernel Flow Target)
* Product family: zynquplus
* Target device:  xck26-sfvc784-2LV-c


================================================================
== Performance Estimates
================================================================
+ Timing: 
    * Summary: 
    +--------+---------+----------+------------+
    |  Clock |  Target | Estimated| Uncertainty|
    +--------+---------+----------+------------+
    |ap_clk  |  5.00 ns|  4.210 ns|     0.50 ns|
    +--------+---------+----------+------------+

+ Latency: 
    * Summary: 
    +---------+---------+-----------+-----------+-----+-----+---------+
    |  Latency (cycles) |   Latency (absolute)  |  Interval | Pipeline|
    |   min   |   max   |    min    |    max    | min | max |   Type  |
    +---------+---------+-----------+-----------+-----+-----+---------+
    |        9|        9|  45.000 ns|  45.000 ns|   10|   10|      yes|
    +---------+---------+-----------+-----------+-----+-----+---------+

    + Detail: 
        * Instance: 
        N/A

        * Loop: 
        N/A



================================================================
== Utilization Estimates
================================================================
* Summary: 
+-----------------+---------+------+--------+--------+-----+
|       Name      | BRAM_18K|  DSP |   FF   |   LUT  | URAM|
+-----------------+---------+------+--------+--------+-----+
|DSP              |        -|     -|       -|       -|    -|
|Expression       |        -|     -|       0|     194|    -|
|FIFO             |        -|     -|       -|       -|    -|
|Instance         |        -|     7|      30|      87|    -|
|Memory           |        -|     -|       -|       -|    -|
|Multiplexer      |        -|     -|       0|     127|    -|
|Register         |        -|     -|     583|       -|    -|
+-----------------+---------+------+--------+--------+-----+
|Total            |        0|     7|     613|     408|    0|
+-----------------+---------+------+--------+--------+-----+
|Available        |      288|  1248|  234240|  117120|   64|
+-----------------+---------+------+--------+--------+-----+
|Utilization (%)  |        0|    ~0|      ~0|      ~0|    0|
+-----------------+---------+------+--------+--------+-----+

+ Detail: 
    * Instance: 
    +---------------------------+----------------------+---------+----+----+----+-----+
    |          Instance         |        Module        | BRAM_18K| DSP| FF | LUT| URAM|
    +---------------------------+----------------------+---------+----+----+----+-----+
    |mul_21s_11ns_32_3_1_U487   |mul_21s_11ns_32_3_1   |        0|   1|  10|  14|    0|
    |mul_21s_11ns_32_3_1_U488   |mul_21s_11ns_32_3_1   |        0|   1|  10|  14|    0|
    |mul_21s_21s_42_3_1_x_U484  |mul_21s_21s_42_3_1_x  |        0|   2|  10|  14|    0|
    |mul_21s_7ns_28_1_1_U485    |mul_21s_7ns_28_1_1    |        0|   1|   0|  15|    0|
    |mul_21s_7ns_28_1_1_U486    |mul_21s_7ns_28_1_1    |        0|   1|   0|  15|    0|
    |mul_21s_7s_28_1_1_U489     |mul_21s_7s_28_1_1     |        0|   1|   0|  15|    0|
    +---------------------------+----------------------+---------+----+----+----+-----+
    |Total                      |                      |        0|   7|  30|  87|    0|
    +---------------------------+----------------------+---------+----+----+----+-----+

    * DSP: 
    N/A

    * Memory: 
    N/A

    * FIFO: 
    N/A

    * Expression: 
    +-------------------------+----------+----+---+----+------------+------------+
    |      Variable Name      | Operation| DSP| FF| LUT| Bitwidth P0| Bitwidth P1|
    +-------------------------+----------+----+---+----+------------+------------+
    |add_ln512_fu_248_p2      |         +|   0|  0|  28|          21|          21|
    |sub_ln518_fu_190_p2      |         -|   0|  0|  24|          17|          17|
    |value_217_fu_200_p2      |         -|   0|  0|  28|          21|          21|
    |value_fu_196_p2          |         -|   0|  0|  28|          21|          21|
    |use_front_raw_fu_118_p2  |      icmp|   0|  0|  28|          21|          21|
    |select_ln512_fu_241_p3   |    select|   0|  0|  20|           1|          21|
    |select_ln518_fu_161_p3   |    select|   0|  0|  20|           1|          21|
    |select_ln524_fu_308_p3   |    select|   0|  0|  18|           1|          19|
    +-------------------------+----------+----+---+----+------------+------------+
    |Total                    |          |   0|  0| 194|         104|         162|
    +-------------------------+----------+----+---+----+------------+------------+

    * Multiplexer: 
    +--------------+----+-----------+-----+-----------+
    |     Name     | LUT| Input Size| Bits| Total Bits|
    +--------------+----+-----------+-----+-----------+
    |ap_NS_fsm     |  59|         11|    1|         11|
    |grp_fu_94_p0  |  31|          6|   21|        126|
    |grp_fu_94_p1  |  37|          7|   21|        147|
    +--------------+----+-----------+-----+-----------+
    |Total         | 127|         24|   43|        284|
    +--------------+----+-----------+-----+-----------+

    * Register: 
    +---------------------------------+----+----+-----+-----------+
    |               Name              | FF | LUT| Bits| Const Bits|
    +---------------------------------+----+----+-----+-----------+
    |add_ln512_reg_429                |  21|   0|   21|          0|
    |ap_CS_fsm                        |  10|   0|   10|          0|
    |ap_port_reg_tr_C_min_f_val       |  21|   0|   21|          0|
    |ap_port_reg_tr_F_yf_val          |  21|   0|   21|          0|
    |ap_port_reg_tr_sin_delta_val     |  21|   0|   21|          0|
    |mul_ln574_51_reg_419             |  42|   0|   42|          0|
    |mul_ln574_reg_399                |  42|   0|   42|          0|
    |product_q_104_reg_376            |  21|   0|   21|          0|
    |product_q_105_reg_382            |  21|   0|   21|          0|
    |product_q_106_reg_388            |  21|   0|   21|          0|
    |product_q_107_reg_394            |  16|   0|   16|          0|
    |sext_ln574_66_reg_364            |  42|   0|   42|          0|
    |sext_ln574_67_reg_358            |  42|   0|   42|          0|
    |sext_ln574_68_reg_370            |  42|   0|   42|          0|
    |sext_ln574_69_reg_346            |  42|   0|   42|          0|
    |sext_ln574_reg_341               |  42|   0|   42|          0|
    |sub_ln518_reg_404                |  17|   0|   17|          0|
    |tmp_15_reg_444                   |  19|   0|   19|          0|
    |tr_C_eff_f_raw_val_read_reg_336  |  21|   0|   21|          0|
    |trunc_ln512_2_reg_439            |  16|   0|   16|          0|
    |use_front_raw_reg_351            |   1|   0|    1|          0|
    |value_217_reg_414                |  21|   0|   21|          0|
    |value_reg_409                    |  21|   0|   21|          0|
    +---------------------------------+----+----+-----+-----------+
    |Total                            | 583|   0|  583|          0|
    +---------------------------------+----+----+-----+-----------+



================================================================
== Interface
================================================================
* Summary: 
+--------------------+-----+-----+------------+--------------------+--------------+
|      RTL Ports     | Dir | Bits|  Protocol  |    Source Object   |    C Type    |
+--------------------+-----+-----+------------+--------------------+--------------+
|ap_clk              |   in|    1|  ap_ctrl_hs|  compute_B_steering|  return value|
|ap_rst              |   in|    1|  ap_ctrl_hs|  compute_B_steering|  return value|
|ap_start            |   in|    1|  ap_ctrl_hs|  compute_B_steering|  return value|
|ap_done             |  out|    1|  ap_ctrl_hs|  compute_B_steering|  return value|
|ap_idle             |  out|    1|  ap_ctrl_hs|  compute_B_steering|  return value|
|ap_ready            |  out|    1|  ap_ctrl_hs|  compute_B_steering|  return value|
|ap_return_0         |  out|   21|  ap_ctrl_hs|  compute_B_steering|  return value|
|ap_return_1         |  out|   21|  ap_ctrl_hs|  compute_B_steering|  return value|
|ap_return_2         |  out|   21|  ap_ctrl_hs|  compute_B_steering|  return value|
|tr_C_eff_f_raw_val  |   in|   21|     ap_none|  tr_C_eff_f_raw_val|        scalar|
|tr_C_min_f_val      |   in|   21|     ap_none|      tr_C_min_f_val|        scalar|
|tr_F_yf_val         |   in|   21|     ap_none|         tr_F_yf_val|        scalar|
|tr_sin_delta_val    |   in|   21|     ap_none|    tr_sin_delta_val|        scalar|
|tr_cos_delta_val    |   in|   21|     ap_none|    tr_cos_delta_val|        scalar|
+--------------------+-----+-----+------------+--------------------+--------------+

============================================================
+ Verbose Summary: Synthesis Manager
============================================================
InlineROM: 1
ExposeGlobal: 0
============================================================
+ Verbose Summary: CDFG Model
============================================================
IsTopModel: 0
ResetActiveHigh: 1
IsCombinational: 2
IsDatapathOnly: 2
HasWiredReturn: 1
HasMFsm: 2
HasVarLatency: 0
IsPipeline: 1
IsRtlPipelined: 0
IsInstanceOverlapped: 0
IsDontTouch: 0
HasImplIP: 0
IsGatedGlobalClock: 0

+ Individual pipeline summary: 
  * Pipeline-0: initiation interval (II) = 10, depth = 10


============================================================
+ Verbose Summary: Schedule
============================================================
* Number of FSM states : 10
* Pipeline : 1
  Pipeline-0 : II = 10, D = 10, States = { 1 2 3 4 5 6 7 8 9 10 }
* Dataflow Pipeline: 0

* FSM state transitions: 
1 --> 2 
2 --> 3 
3 --> 4 
4 --> 5 
5 --> 6 
6 --> 7 
7 --> 8 
8 --> 9 
9 --> 10 
10 --> 

* FSM state operations: 

State 1 <SV = 0> <Delay = 2.02>
ST_1 : Operation 11 [1/1] (0.00ns)   --->   "%tr_cos_delta_val_read = read i21 @_ssdm_op_Read.ap_auto.i21, i21 %tr_cos_delta_val" [../src/vehicle_model_hls.cpp:496]   --->   Operation 11 'read' 'tr_cos_delta_val_read' <Predicate = true> <Delay = 0.00>
ST_1 : Operation 12 [1/1] (0.00ns)   --->   "%tr_C_eff_f_raw_val_read = read i21 @_ssdm_op_Read.ap_auto.i21, i21 %tr_C_eff_f_raw_val" [../src/vehicle_model_hls.cpp:496]   --->   Operation 12 'read' 'tr_C_eff_f_raw_val_read' <Predicate = true> <Delay = 0.00>
ST_1 : Operation 13 [1/1] (0.00ns)   --->   "%sext_ln574 = sext i21 %tr_C_eff_f_raw_val_read" [../src/fp_math_hls.cpp:574->../src/vehicle_model_hls.cpp:498]   --->   Operation 13 'sext' 'sext_ln574' <Predicate = true> <Delay = 0.00>
ST_1 : Operation 14 [1/1] (0.00ns)   --->   "%sext_ln574_69 = sext i21 %tr_cos_delta_val_read" [../src/fp_math_hls.cpp:574->../src/vehicle_model_hls.cpp:500]   --->   Operation 14 'sext' 'sext_ln574_69' <Predicate = true> <Delay = 0.00>
ST_1 : Operation 15 [3/3] (2.02ns)   --->   "%mul_ln574_53 = mul i42 %sext_ln574_69, i42 %sext_ln574" [../src/fp_math_hls.cpp:574->../src/vehicle_model_hls.cpp:502]   --->   Operation 15 'mul' 'mul_ln574_53' <Predicate = true> <Delay = 2.02> <CoreInst = "Mul_DSP">   --->   Core 5 'Mul_DSP' <Latency = 2> <II = 1> <Delay = 1.64> <FuncUnit> <Opcode : 'mul'> <InPorts = 2> <OutPorts = 1>

State 2 <SV = 1> <Delay = 2.02>
ST_2 : Operation 16 [1/1] (0.00ns)   --->   "%tr_C_min_f_val_read = read i21 @_ssdm_op_Read.ap_auto.i21, i21 %tr_C_min_f_val" [../src/vehicle_model_hls.cpp:496]   --->   Operation 16 'read' 'tr_C_min_f_val_read' <Predicate = true> <Delay = 0.00>
ST_2 : Operation 17 [1/1] (0.90ns)   --->   "%use_front_raw = icmp_sgt  i21 %tr_C_eff_f_raw_val_read, i21 %tr_C_min_f_val_read" [../src/vehicle_model_hls.cpp:496]   --->   Operation 17 'icmp' 'use_front_raw' <Predicate = true> <Delay = 0.90> <CoreInst = "Cmp">   --->   Core 9 'Cmp' <Latency = 0> <II = 1> <Delay = 0.90> <FuncUnit> <Opcode : 'seteq' 'setne' 'setle' 'setge' 'setlt' 'setgt'> <InPorts = 2> <OutPorts = 1>
ST_2 : Operation 18 [1/1] (0.00ns)   --->   "%sext_ln574_67 = sext i21 %tr_C_min_f_val_read" [../src/fp_math_hls.cpp:574->../src/vehicle_model_hls.cpp:499]   --->   Operation 18 'sext' 'sext_ln574_67' <Predicate = true> <Delay = 0.00>
ST_2 : Operation 19 [2/3] (1.64ns)   --->   "%mul_ln574_53 = mul i42 %sext_ln574_69, i42 %sext_ln574" [../src/fp_math_hls.cpp:574->../src/vehicle_model_hls.cpp:502]   --->   Operation 19 'mul' 'mul_ln574_53' <Predicate = true> <Delay = 1.64> <CoreInst = "Mul_DSP">   --->   Core 5 'Mul_DSP' <Latency = 2> <II = 1> <Delay = 1.64> <FuncUnit> <Opcode : 'mul'> <InPorts = 2> <OutPorts = 1>
ST_2 : Operation 20 [3/3] (2.02ns)   --->   "%mul_ln574_54 = mul i42 %sext_ln574_69, i42 %sext_ln574_67" [../src/fp_math_hls.cpp:574->../src/vehicle_model_hls.cpp:503]   --->   Operation 20 'mul' 'mul_ln574_54' <Predicate = true> <Delay = 2.02> <CoreInst = "Mul_DSP">   --->   Core 5 'Mul_DSP' <Latency = 2> <II = 1> <Delay = 1.64> <FuncUnit> <Opcode : 'mul'> <InPorts = 2> <OutPorts = 1>

State 3 <SV = 2> <Delay = 2.02>
ST_3 : Operation 21 [1/1] (0.00ns)   --->   "%tr_sin_delta_val_read = read i21 @_ssdm_op_Read.ap_auto.i21, i21 %tr_sin_delta_val" [../src/vehicle_model_hls.cpp:496]   --->   Operation 21 'read' 'tr_sin_delta_val_read' <Predicate = true> <Delay = 0.00>
ST_3 : Operation 22 [1/1] (0.00ns)   --->   "%tr_F_yf_val_read = read i21 @_ssdm_op_Read.ap_auto.i21, i21 %tr_F_yf_val" [../src/vehicle_model_hls.cpp:496]   --->   Operation 22 'read' 'tr_F_yf_val_read' <Predicate = true> <Delay = 0.00>
ST_3 : Operation 23 [1/1] (0.00ns)   --->   "%sext_ln574_66 = sext i21 %tr_sin_delta_val_read" [../src/fp_math_hls.cpp:574->../src/vehicle_model_hls.cpp:498]   --->   Operation 23 'sext' 'sext_ln574_66' <Predicate = true> <Delay = 0.00>
ST_3 : Operation 24 [1/1] (0.00ns)   --->   "%sext_ln574_68 = sext i21 %tr_F_yf_val_read" [../src/fp_math_hls.cpp:574->../src/vehicle_model_hls.cpp:500]   --->   Operation 24 'sext' 'sext_ln574_68' <Predicate = true> <Delay = 0.00>
ST_3 : Operation 25 [1/3] (1.64ns)   --->   "%mul_ln574_53 = mul i42 %sext_ln574_69, i42 %sext_ln574" [../src/fp_math_hls.cpp:574->../src/vehicle_model_hls.cpp:502]   --->   Operation 25 'mul' 'mul_ln574_53' <Predicate = true> <Delay = 1.64> <CoreInst = "Mul_DSP">   --->   Core 5 'Mul_DSP' <Latency = 2> <II = 1> <Delay = 1.64> <FuncUnit> <Opcode : 'mul'> <InPorts = 2> <OutPorts = 1>
ST_3 : Operation 26 [1/1] (0.00ns)   --->   "%specfucore_ln576 = specfucore void @_ssdm_op_SpecFUCore, i42 %mul_ln574_53, i64 12, i64 3, i64 2, i1 0" [../src/fp_math_hls.cpp:576->../src/vehicle_model_hls.cpp:502]   --->   Operation 26 'specfucore' 'specfucore_ln576' <Predicate = true> <Delay = 0.00>
ST_3 : Operation 27 [1/1] (0.00ns)   --->   "%product_q_104 = partselect i21 @_ssdm_op_PartSelect.i21.i42.i32.i32, i42 %mul_ln574_53, i32 12, i32 32" [../src/fp_math_hls.cpp:577->../src/vehicle_model_hls.cpp:502]   --->   Operation 27 'partselect' 'product_q_104' <Predicate = true> <Delay = 0.00>
ST_3 : Operation 28 [2/3] (1.64ns)   --->   "%mul_ln574_54 = mul i42 %sext_ln574_69, i42 %sext_ln574_67" [../src/fp_math_hls.cpp:574->../src/vehicle_model_hls.cpp:503]   --->   Operation 28 'mul' 'mul_ln574_54' <Predicate = true> <Delay = 1.64> <CoreInst = "Mul_DSP">   --->   Core 5 'Mul_DSP' <Latency = 2> <II = 1> <Delay = 1.64> <FuncUnit> <Opcode : 'mul'> <InPorts = 2> <OutPorts = 1>
ST_3 : Operation 29 [3/3] (2.02ns)   --->   "%mul_ln574_55 = mul i42 %sext_ln574_68, i42 %sext_ln574_66" [../src/fp_math_hls.cpp:574->../src/vehicle_model_hls.cpp:504]   --->   Operation 29 'mul' 'mul_ln574_55' <Predicate = true> <Delay = 2.02> <CoreInst = "Mul_DSP">   --->   Core 5 'Mul_DSP' <Latency = 2> <II = 1> <Delay = 1.64> <FuncUnit> <Opcode : 'mul'> <InPorts = 2> <OutPorts = 1>

State 4 <SV = 3> <Delay = 2.02>
ST_4 : Operation 30 [3/3] (2.02ns)   --->   "%mul_ln574 = mul i42 %sext_ln574_66, i42 %sext_ln574" [../src/fp_math_hls.cpp:574->../src/vehicle_model_hls.cpp:498]   --->   Operation 30 'mul' 'mul_ln574' <Predicate = (use_front_raw)> <Delay = 2.02> <CoreInst = "Mul_DSP">   --->   Core 5 'Mul_DSP' <Latency = 2> <II = 1> <Delay = 1.64> <FuncUnit> <Opcode : 'mul'> <InPorts = 2> <OutPorts = 1>
ST_4 : Operation 31 [1/3] (1.64ns)   --->   "%mul_ln574_54 = mul i42 %sext_ln574_69, i42 %sext_ln574_67" [../src/fp_math_hls.cpp:574->../src/vehicle_model_hls.cpp:503]   --->   Operation 31 'mul' 'mul_ln574_54' <Predicate = true> <Delay = 1.64> <CoreInst = "Mul_DSP">   --->   Core 5 'Mul_DSP' <Latency = 2> <II = 1> <Delay = 1.64> <FuncUnit> <Opcode : 'mul'> <InPorts = 2> <OutPorts = 1>
ST_4 : Operation 32 [1/1] (0.00ns)   --->   "%specfucore_ln576 = specfucore void @_ssdm_op_SpecFUCore, i42 %mul_ln574_54, i64 12, i64 3, i64 2, i1 0" [../src/fp_math_hls.cpp:576->../src/vehicle_model_hls.cpp:503]   --->   Operation 32 'specfucore' 'specfucore_ln576' <Predicate = true> <Delay = 0.00>
ST_4 : Operation 33 [1/1] (0.00ns)   --->   "%product_q_105 = partselect i21 @_ssdm_op_PartSelect.i21.i42.i32.i32, i42 %mul_ln574_54, i32 12, i32 32" [../src/fp_math_hls.cpp:577->../src/vehicle_model_hls.cpp:503]   --->   Operation 33 'partselect' 'product_q_105' <Predicate = true> <Delay = 0.00>
ST_4 : Operation 34 [2/3] (1.64ns)   --->   "%mul_ln574_55 = mul i42 %sext_ln574_68, i42 %sext_ln574_66" [../src/fp_math_hls.cpp:574->../src/vehicle_model_hls.cpp:504]   --->   Operation 34 'mul' 'mul_ln574_55' <Predicate = true> <Delay = 1.64> <CoreInst = "Mul_DSP">   --->   Core 5 'Mul_DSP' <Latency = 2> <II = 1> <Delay = 1.64> <FuncUnit> <Opcode : 'mul'> <InPorts = 2> <OutPorts = 1>

State 5 <SV = 4> <Delay = 4.20>
ST_5 : Operation 35 [2/3] (1.64ns)   --->   "%mul_ln574 = mul i42 %sext_ln574_66, i42 %sext_ln574" [../src/fp_math_hls.cpp:574->../src/vehicle_model_hls.cpp:498]   --->   Operation 35 'mul' 'mul_ln574' <Predicate = (use_front_raw)> <Delay = 1.64> <CoreInst = "Mul_DSP">   --->   Core 5 'Mul_DSP' <Latency = 2> <II = 1> <Delay = 1.64> <FuncUnit> <Opcode : 'mul'> <InPorts = 2> <OutPorts = 1>
ST_5 : Operation 36 [3/3] (2.02ns)   --->   "%mul_ln574_51 = mul i42 %sext_ln574_67, i42 %sext_ln574_66" [../src/fp_math_hls.cpp:574->../src/vehicle_model_hls.cpp:499]   --->   Operation 36 'mul' 'mul_ln574_51' <Predicate = (!use_front_raw)> <Delay = 2.02> <CoreInst = "Mul_DSP">   --->   Core 5 'Mul_DSP' <Latency = 2> <II = 1> <Delay = 1.64> <FuncUnit> <Opcode : 'mul'> <InPorts = 2> <OutPorts = 1>
ST_5 : Operation 37 [1/3] (1.64ns)   --->   "%mul_ln574_55 = mul i42 %sext_ln574_68, i42 %sext_ln574_66" [../src/fp_math_hls.cpp:574->../src/vehicle_model_hls.cpp:504]   --->   Operation 37 'mul' 'mul_ln574_55' <Predicate = true> <Delay = 1.64> <CoreInst = "Mul_DSP">   --->   Core 5 'Mul_DSP' <Latency = 2> <II = 1> <Delay = 1.64> <FuncUnit> <Opcode : 'mul'> <InPorts = 2> <OutPorts = 1>
ST_5 : Operation 38 [1/1] (0.00ns)   --->   "%specfucore_ln576 = specfucore void @_ssdm_op_SpecFUCore, i42 %mul_ln574_55, i64 12, i64 3, i64 2, i1 0" [../src/fp_math_hls.cpp:576->../src/vehicle_model_hls.cpp:504]   --->   Operation 38 'specfucore' 'specfucore_ln576' <Predicate = true> <Delay = 0.00>
ST_5 : Operation 39 [1/1] (0.00ns)   --->   "%product_q_106 = partselect i21 @_ssdm_op_PartSelect.i21.i42.i32.i32, i42 %mul_ln574_55, i32 12, i32 32" [../src/fp_math_hls.cpp:577->../src/vehicle_model_hls.cpp:504]   --->   Operation 39 'partselect' 'product_q_106' <Predicate = true> <Delay = 0.00>
ST_5 : Operation 40 [1/1] (0.00ns)   --->   "%sext_ln591 = sext i21 %product_q_106" [../src/fp_math_hls.cpp:591->../src/vehicle_model_hls.cpp:506]   --->   Operation 40 'sext' 'sext_ln591' <Predicate = true> <Delay = 0.00>
ST_5 : Operation 41 [1/1] (2.56ns)   --->   "%product = mul i28 %sext_ln591, i28 37" [../src/fp_math_hls.cpp:591->../src/vehicle_model_hls.cpp:506]   --->   Operation 41 'mul' 'product' <Predicate = true> <Delay = 2.56> <CoreInst = "Multiplier">   --->   Core 3 'Multiplier' <Latency = 0> <II = 1> <Delay = 2.56> <FuncUnit> <Opcode : 'mul'> <InPorts = 2> <OutPorts = 1>
ST_5 : Operation 42 [1/1] (0.00ns)   --->   "%product_q_107 = partselect i16 @_ssdm_op_PartSelect.i16.i28.i32.i32, i28 %product, i32 12, i32 27" [../src/fp_math_hls.cpp:593->../src/vehicle_model_hls.cpp:506]   --->   Operation 42 'partselect' 'product_q_107' <Predicate = true> <Delay = 0.00>

State 6 <SV = 5> <Delay = 3.76>
ST_6 : Operation 43 [1/3] (1.64ns)   --->   "%mul_ln574 = mul i42 %sext_ln574_66, i42 %sext_ln574" [../src/fp_math_hls.cpp:574->../src/vehicle_model_hls.cpp:498]   --->   Operation 43 'mul' 'mul_ln574' <Predicate = (use_front_raw)> <Delay = 1.64> <CoreInst = "Mul_DSP">   --->   Core 5 'Mul_DSP' <Latency = 2> <II = 1> <Delay = 1.64> <FuncUnit> <Opcode : 'mul'> <InPorts = 2> <OutPorts = 1>
ST_6 : Operation 44 [1/1] (0.00ns)   --->   "%specfucore_ln576 = specfucore void @_ssdm_op_SpecFUCore, i42 %mul_ln574, i64 12, i64 3, i64 2, i1 0" [../src/fp_math_hls.cpp:576->../src/vehicle_model_hls.cpp:498]   --->   Operation 44 'specfucore' 'specfucore_ln576' <Predicate = true> <Delay = 0.00>
ST_6 : Operation 45 [2/3] (1.64ns)   --->   "%mul_ln574_51 = mul i42 %sext_ln574_67, i42 %sext_ln574_66" [../src/fp_math_hls.cpp:574->../src/vehicle_model_hls.cpp:499]   --->   Operation 45 'mul' 'mul_ln574_51' <Predicate = (!use_front_raw)> <Delay = 1.64> <CoreInst = "Mul_DSP">   --->   Core 5 'Mul_DSP' <Latency = 2> <II = 1> <Delay = 1.64> <FuncUnit> <Opcode : 'mul'> <InPorts = 2> <OutPorts = 1>
ST_6 : Operation 46 [3/3] (2.02ns)   --->   "%mul_ln574_52 = mul i42 %sext_ln574_69, i42 %sext_ln574_68" [../src/fp_math_hls.cpp:574->../src/vehicle_model_hls.cpp:500]   --->   Operation 46 'mul' 'mul_ln574_52' <Predicate = true> <Delay = 2.02> <CoreInst = "Mul_DSP">   --->   Core 5 'Mul_DSP' <Latency = 2> <II = 1> <Delay = 1.64> <FuncUnit> <Opcode : 'mul'> <InPorts = 2> <OutPorts = 1>
ST_6 : Operation 47 [1/1] (0.00ns)   --->   "%sext_ln593 = sext i16 %product_q_107" [../src/fp_math_hls.cpp:593->../src/vehicle_model_hls.cpp:506]   --->   Operation 47 'sext' 'sext_ln593' <Predicate = true> <Delay = 0.00>
ST_6 : Operation 48 [1/1] (0.35ns)   --->   "%select_ln518 = select i1 %use_front_raw, i21 %product_q_104, i21 %product_q_105" [../src/vehicle_model_hls.cpp:518]   --->   Operation 48 'select' 'select_ln518' <Predicate = true> <Delay = 0.35> <CoreInst = "Sel">   --->   Core 73 'Sel' <Latency = 0> <II = 1> <Delay = 0.35> <FuncUnit> <Opcode : 'select'> <InPorts = 3> <OutPorts = 1>
ST_6 : Operation 49 [1/1] (0.00ns)   --->   "%sext_ln518 = sext i21 %select_ln518" [../src/vehicle_model_hls.cpp:518]   --->   Operation 49 'sext' 'sext_ln518' <Predicate = true> <Delay = 0.00>
ST_6 : Operation 50 [1/1] (2.56ns)   --->   "%mul_ln518 = mul i28 %sext_ln518, i28 37" [../src/vehicle_model_hls.cpp:518]   --->   Operation 50 'mul' 'mul_ln518' <Predicate = true> <Delay = 2.56> <CoreInst = "Multiplier">   --->   Core 3 'Multiplier' <Latency = 0> <II = 1> <Delay = 2.56> <FuncUnit> <Opcode : 'mul'> <InPorts = 2> <OutPorts = 1>
ST_6 : Operation 51 [1/1] (0.00ns)   --->   "%trunc_ln = partselect i16 @_ssdm_op_PartSelect.i16.i28.i32.i32, i28 %mul_ln518, i32 12, i32 27" [../src/vehicle_model_hls.cpp:518]   --->   Operation 51 'partselect' 'trunc_ln' <Predicate = true> <Delay = 0.00>
ST_6 : Operation 52 [1/1] (0.00ns)   --->   "%sext_ln518_1 = sext i16 %trunc_ln" [../src/vehicle_model_hls.cpp:518]   --->   Operation 52 'sext' 'sext_ln518_1' <Predicate = true> <Delay = 0.00>
ST_6 : Operation 53 [1/1] (0.85ns)   --->   "%sub_ln518 = sub i17 %sext_ln518_1, i17 %sext_ln593" [../src/vehicle_model_hls.cpp:518]   --->   Operation 53 'sub' 'sub_ln518' <Predicate = true> <Delay = 0.85> <CoreInst = "Adder">   --->   Core 1 'Adder' <Latency = 0> <II = 1> <Delay = 0.86> <FuncUnit> <Opcode : 'add' 'sub'> <InPorts = 2> <OutPorts = 1>
ST_6 : Operation 54 [1/1] (0.90ns)   --->   "%value = sub i21 %product_q_104, i21 %product_q_106" [../src/vehicle_model_hls.cpp:521]   --->   Operation 54 'sub' 'value' <Predicate = (use_front_raw)> <Delay = 0.90> <CoreInst = "Adder">   --->   Core 1 'Adder' <Latency = 0> <II = 1> <Delay = 0.90> <FuncUnit> <Opcode : 'add' 'sub'> <InPorts = 2> <OutPorts = 1>
ST_6 : Operation 55 [1/1] (0.90ns)   --->   "%value_217 = sub i21 %product_q_105, i21 %product_q_106" [../src/vehicle_model_hls.cpp:523]   --->   Operation 55 'sub' 'value_217' <Predicate = (!use_front_raw)> <Delay = 0.90> <CoreInst = "Adder">   --->   Core 1 'Adder' <Latency = 0> <II = 1> <Delay = 0.90> <FuncUnit> <Opcode : 'add' 'sub'> <InPorts = 2> <OutPorts = 1>

State 7 <SV = 6> <Delay = 1.64>
ST_7 : Operation 56 [1/3] (1.64ns)   --->   "%mul_ln574_51 = mul i42 %sext_ln574_67, i42 %sext_ln574_66" [../src/fp_math_hls.cpp:574->../src/vehicle_model_hls.cpp:499]   --->   Operation 56 'mul' 'mul_ln574_51' <Predicate = (!use_front_raw)> <Delay = 1.64> <CoreInst = "Mul_DSP">   --->   Core 5 'Mul_DSP' <Latency = 2> <II = 1> <Delay = 1.64> <FuncUnit> <Opcode : 'mul'> <InPorts = 2> <OutPorts = 1>
ST_7 : Operation 57 [1/1] (0.00ns)   --->   "%specfucore_ln576 = specfucore void @_ssdm_op_SpecFUCore, i42 %mul_ln574_51, i64 12, i64 3, i64 2, i1 0" [../src/fp_math_hls.cpp:576->../src/vehicle_model_hls.cpp:499]   --->   Operation 57 'specfucore' 'specfucore_ln576' <Predicate = true> <Delay = 0.00>
ST_7 : Operation 58 [2/3] (1.64ns)   --->   "%mul_ln574_52 = mul i42 %sext_ln574_69, i42 %sext_ln574_68" [../src/fp_math_hls.cpp:574->../src/vehicle_model_hls.cpp:500]   --->   Operation 58 'mul' 'mul_ln574_52' <Predicate = true> <Delay = 1.64> <CoreInst = "Mul_DSP">   --->   Core 5 'Mul_DSP' <Latency = 2> <II = 1> <Delay = 1.64> <FuncUnit> <Opcode : 'mul'> <InPorts = 2> <OutPorts = 1>
ST_7 : Operation 59 [1/1] (0.00ns)   --->   "%sext_ln574_70 = sext i21 %value" [../src/fp_math_hls.cpp:574->../src/vehicle_model_hls.cpp:521]   --->   Operation 59 'sext' 'sext_ln574_70' <Predicate = (use_front_raw)> <Delay = 0.00>
ST_7 : Operation 60 [3/3] (1.64ns)   --->   "%mul_ln574_56 = mul i32 %sext_ln574_70, i32 581" [../src/fp_math_hls.cpp:574->../src/vehicle_model_hls.cpp:521]   --->   Operation 60 'mul' 'mul_ln574_56' <Predicate = (use_front_raw)> <Delay = 1.64> <CoreInst = "Mul_DSP">   --->   Core 5 'Mul_DSP' <Latency = 2> <II = 1> <Delay = 1.64> <FuncUnit> <Opcode : 'mul'> <InPorts = 2> <OutPorts = 1>

State 8 <SV = 7> <Delay = 2.55>
ST_8 : Operation 61 [1/3] (1.64ns)   --->   "%mul_ln574_52 = mul i42 %sext_ln574_69, i42 %sext_ln574_68" [../src/fp_math_hls.cpp:574->../src/vehicle_model_hls.cpp:500]   --->   Operation 61 'mul' 'mul_ln574_52' <Predicate = true> <Delay = 1.64> <CoreInst = "Mul_DSP">   --->   Core 5 'Mul_DSP' <Latency = 2> <II = 1> <Delay = 1.64> <FuncUnit> <Opcode : 'mul'> <InPorts = 2> <OutPorts = 1>
ST_8 : Operation 62 [1/1] (0.00ns)   --->   "%specfucore_ln576 = specfucore void @_ssdm_op_SpecFUCore, i42 %mul_ln574_52, i64 12, i64 3, i64 2, i1 0" [../src/fp_math_hls.cpp:576->../src/vehicle_model_hls.cpp:500]   --->   Operation 62 'specfucore' 'specfucore_ln576' <Predicate = true> <Delay = 0.00>
ST_8 : Operation 63 [1/1] (0.00ns) (grouped into LUT with out node add_ln512)   --->   "%product_q = partselect i21 @_ssdm_op_PartSelect.i21.i42.i32.i32, i42 %mul_ln574_52, i32 12, i32 32" [../src/fp_math_hls.cpp:577->../src/vehicle_model_hls.cpp:500]   --->   Operation 63 'partselect' 'product_q' <Predicate = true> <Delay = 0.00>
ST_8 : Operation 64 [1/1] (0.00ns) (grouped into LUT with out node add_ln512)   --->   "%tmp = partselect i21 @_ssdm_op_PartSelect.i21.i42.i32.i32, i42 %mul_ln574, i32 12, i32 32" [../src/vehicle_model_hls.cpp:512]   --->   Operation 64 'partselect' 'tmp' <Predicate = (use_front_raw)> <Delay = 0.00>
ST_8 : Operation 65 [1/1] (0.00ns) (grouped into LUT with out node add_ln512)   --->   "%tmp_s = partselect i21 @_ssdm_op_PartSelect.i21.i42.i32.i32, i42 %mul_ln574_51, i32 12, i32 32" [../src/vehicle_model_hls.cpp:512]   --->   Operation 65 'partselect' 'tmp_s' <Predicate = (!use_front_raw)> <Delay = 0.00>
ST_8 : Operation 66 [1/1] (0.00ns) (grouped into LUT with out node add_ln512)   --->   "%select_ln512 = select i1 %use_front_raw, i21 %tmp, i21 %tmp_s" [../src/vehicle_model_hls.cpp:512]   --->   Operation 66 'select' 'select_ln512' <Predicate = true> <Delay = 0.00> <CoreInst = "Sel">   --->   Core 73 'Sel' <Latency = 0> <II = 1> <Delay = 0.35> <FuncUnit> <Opcode : 'select'> <InPorts = 3> <OutPorts = 1>
ST_8 : Operation 67 [1/1] (0.90ns) (out node of the LUT)   --->   "%add_ln512 = add i21 %product_q, i21 %select_ln512" [../src/vehicle_model_hls.cpp:512]   --->   Operation 67 'add' 'add_ln512' <Predicate = true> <Delay = 0.90> <CoreInst = "Adder">   --->   Core 1 'Adder' <Latency = 0> <II = 1> <Delay = 0.90> <FuncUnit> <Opcode : 'add' 'sub'> <InPorts = 2> <OutPorts = 1>
ST_8 : Operation 68 [2/3] (1.64ns)   --->   "%mul_ln574_56 = mul i32 %sext_ln574_70, i32 581" [../src/fp_math_hls.cpp:574->../src/vehicle_model_hls.cpp:521]   --->   Operation 68 'mul' 'mul_ln574_56' <Predicate = (use_front_raw)> <Delay = 1.64> <CoreInst = "Mul_DSP">   --->   Core 5 'Mul_DSP' <Latency = 2> <II = 1> <Delay = 1.64> <FuncUnit> <Opcode : 'mul'> <InPorts = 2> <OutPorts = 1>
ST_8 : Operation 69 [1/1] (0.00ns)   --->   "%sext_ln574_71 = sext i21 %value_217" [../src/fp_math_hls.cpp:574->../src/vehicle_model_hls.cpp:523]   --->   Operation 69 'sext' 'sext_ln574_71' <Predicate = (!use_front_raw)> <Delay = 0.00>
ST_8 : Operation 70 [3/3] (1.64ns)   --->   "%mul_ln574_57 = mul i32 %sext_ln574_71, i32 581" [../src/fp_math_hls.cpp:574->../src/vehicle_model_hls.cpp:523]   --->   Operation 70 'mul' 'mul_ln574_57' <Predicate = (!use_front_raw)> <Delay = 1.64> <CoreInst = "Mul_DSP">   --->   Core 5 'Mul_DSP' <Latency = 2> <II = 1> <Delay = 1.64> <FuncUnit> <Opcode : 'mul'> <InPorts = 2> <OutPorts = 1>

State 9 <SV = 8> <Delay = 2.56>
ST_9 : Operation 71 [1/1] (0.00ns)   --->   "%sext_ln512 = sext i21 %add_ln512" [../src/vehicle_model_hls.cpp:512]   --->   Operation 71 'sext' 'sext_ln512' <Predicate = true> <Delay = 0.00>
ST_9 : Operation 72 [1/1] (2.56ns)   --->   "%mul_ln512 = mul i28 %sext_ln512, i28 268435418" [../src/vehicle_model_hls.cpp:512]   --->   Operation 72 'mul' 'mul_ln512' <Predicate = true> <Delay = 2.56> <CoreInst = "Multiplier">   --->   Core 3 'Multiplier' <Latency = 0> <II = 1> <Delay = 2.56> <FuncUnit> <Opcode : 'mul'> <InPorts = 2> <OutPorts = 1>
ST_9 : Operation 73 [1/1] (0.00ns)   --->   "%trunc_ln512_2 = partselect i16 @_ssdm_op_PartSelect.i16.i28.i32.i32, i28 %mul_ln512, i32 12, i32 27" [../src/vehicle_model_hls.cpp:512]   --->   Operation 73 'partselect' 'trunc_ln512_2' <Predicate = true> <Delay = 0.00>
ST_9 : Operation 74 [1/3] (1.64ns)   --->   "%mul_ln574_56 = mul i32 %sext_ln574_70, i32 581" [../src/fp_math_hls.cpp:574->../src/vehicle_model_hls.cpp:521]   --->   Operation 74 'mul' 'mul_ln574_56' <Predicate = (use_front_raw)> <Delay = 1.64> <CoreInst = "Mul_DSP">   --->   Core 5 'Mul_DSP' <Latency = 2> <II = 1> <Delay = 1.64> <FuncUnit> <Opcode : 'mul'> <InPorts = 2> <OutPorts = 1>
ST_9 : Operation 75 [1/1] (0.00ns)   --->   "%specfucore_ln576 = specfucore void @_ssdm_op_SpecFUCore, i32 %mul_ln574_56, i64 12, i64 3, i64 2, i1 0" [../src/fp_math_hls.cpp:576->../src/vehicle_model_hls.cpp:521]   --->   Operation 75 'specfucore' 'specfucore_ln576' <Predicate = true> <Delay = 0.00>
ST_9 : Operation 76 [2/3] (1.64ns)   --->   "%mul_ln574_57 = mul i32 %sext_ln574_71, i32 581" [../src/fp_math_hls.cpp:574->../src/vehicle_model_hls.cpp:523]   --->   Operation 76 'mul' 'mul_ln574_57' <Predicate = (!use_front_raw)> <Delay = 1.64> <CoreInst = "Mul_DSP">   --->   Core 5 'Mul_DSP' <Latency = 2> <II = 1> <Delay = 1.64> <FuncUnit> <Opcode : 'mul'> <InPorts = 2> <OutPorts = 1>
ST_9 : Operation 77 [1/1] (0.00ns)   --->   "%tmp_15 = partselect i19 @_ssdm_op_PartSelect.i19.i32.i32.i32, i32 %mul_ln574_56, i32 12, i32 30" [../src/vehicle_model_hls.cpp:524]   --->   Operation 77 'partselect' 'tmp_15' <Predicate = (use_front_raw)> <Delay = 0.00>

State 10 <SV = 9> <Delay = 2.01>
ST_10 : Operation 78 [1/1] (0.00ns)   --->   "%rbegin19 = specregionbegin i32 @_ssdm_op_SpecRegionBegin, void @empty_215" [../src/fp_math_hls.cpp:574->../src/vehicle_model_hls.cpp:498]   --->   Operation 78 'specregionbegin' 'rbegin19' <Predicate = true> <Delay = 0.00>
ST_10 : Operation 79 [1/1] (0.00ns)   --->   "%rend20 = specregionend i32 @_ssdm_op_SpecRegionEnd, void @empty_215, i32 %rbegin19" [../src/fp_math_hls.cpp:574->../src/vehicle_model_hls.cpp:498]   --->   Operation 79 'specregionend' 'rend20' <Predicate = true> <Delay = 0.00>
ST_10 : Operation 80 [1/1] (0.00ns)   --->   "%rbegin17 = specregionbegin i32 @_ssdm_op_SpecRegionBegin, void @empty_225" [../src/fp_math_hls.cpp:574->../src/vehicle_model_hls.cpp:499]   --->   Operation 80 'specregionbegin' 'rbegin17' <Predicate = true> <Delay = 0.00>
ST_10 : Operation 81 [1/1] (0.00ns)   --->   "%rend18 = specregionend i32 @_ssdm_op_SpecRegionEnd, void @empty_225, i32 %rbegin17" [../src/fp_math_hls.cpp:574->../src/vehicle_model_hls.cpp:499]   --->   Operation 81 'specregionend' 'rend18' <Predicate = true> <Delay = 0.00>
ST_10 : Operation 82 [1/1] (0.00ns)   --->   "%rbegin15 = specregionbegin i32 @_ssdm_op_SpecRegionBegin, void @empty_463" [../src/fp_math_hls.cpp:574->../src/vehicle_model_hls.cpp:500]   --->   Operation 82 'specregionbegin' 'rbegin15' <Predicate = true> <Delay = 0.00>
ST_10 : Operation 83 [1/1] (0.00ns)   --->   "%rend16 = specregionend i32 @_ssdm_op_SpecRegionEnd, void @empty_463, i32 %rbegin15" [../src/fp_math_hls.cpp:574->../src/vehicle_model_hls.cpp:500]   --->   Operation 83 'specregionend' 'rend16' <Predicate = true> <Delay = 0.00>
ST_10 : Operation 84 [1/1] (0.00ns)   --->   "%rbegin13 = specregionbegin i32 @_ssdm_op_SpecRegionBegin, void @empty_1" [../src/fp_math_hls.cpp:574->../src/vehicle_model_hls.cpp:502]   --->   Operation 84 'specregionbegin' 'rbegin13' <Predicate = true> <Delay = 0.00>
ST_10 : Operation 85 [1/1] (0.00ns)   --->   "%rend14 = specregionend i32 @_ssdm_op_SpecRegionEnd, void @empty_1, i32 %rbegin13" [../src/fp_math_hls.cpp:574->../src/vehicle_model_hls.cpp:502]   --->   Operation 85 'specregionend' 'rend14' <Predicate = true> <Delay = 0.00>
ST_10 : Operation 86 [1/1] (0.00ns)   --->   "%rbegin11 = specregionbegin i32 @_ssdm_op_SpecRegionBegin, void @empty_226" [../src/fp_math_hls.cpp:574->../src/vehicle_model_hls.cpp:503]   --->   Operation 86 'specregionbegin' 'rbegin11' <Predicate = true> <Delay = 0.00>
ST_10 : Operation 87 [1/1] (0.00ns)   --->   "%rend12 = specregionend i32 @_ssdm_op_SpecRegionEnd, void @empty_226, i32 %rbegin11" [../src/fp_math_hls.cpp:574->../src/vehicle_model_hls.cpp:503]   --->   Operation 87 'specregionend' 'rend12' <Predicate = true> <Delay = 0.00>
ST_10 : Operation 88 [1/1] (0.00ns)   --->   "%rbegin9 = specregionbegin i32 @_ssdm_op_SpecRegionBegin, void @empty_3" [../src/fp_math_hls.cpp:574->../src/vehicle_model_hls.cpp:504]   --->   Operation 88 'specregionbegin' 'rbegin9' <Predicate = true> <Delay = 0.00>
ST_10 : Operation 89 [1/1] (0.00ns)   --->   "%rend10 = specregionend i32 @_ssdm_op_SpecRegionEnd, void @empty_3, i32 %rbegin9" [../src/fp_math_hls.cpp:574->../src/vehicle_model_hls.cpp:504]   --->   Operation 89 'specregionend' 'rend10' <Predicate = true> <Delay = 0.00>
ST_10 : Operation 90 [1/1] (0.00ns)   --->   "%sext_ln512_1 = sext i16 %trunc_ln512_2" [../src/vehicle_model_hls.cpp:512]   --->   Operation 90 'sext' 'sext_ln512_1' <Predicate = true> <Delay = 0.00>
ST_10 : Operation 91 [1/1] (0.00ns)   --->   "%sext_ln521 = sext i17 %sub_ln518" [../src/vehicle_model_hls.cpp:521]   --->   Operation 91 'sext' 'sext_ln521' <Predicate = true> <Delay = 0.00>
ST_10 : Operation 92 [1/1] (0.00ns)   --->   "%rbegin7 = specregionbegin i32 @_ssdm_op_SpecRegionBegin, void @empty_80" [../src/fp_math_hls.cpp:574->../src/vehicle_model_hls.cpp:521]   --->   Operation 92 'specregionbegin' 'rbegin7' <Predicate = true> <Delay = 0.00>
ST_10 : Operation 93 [1/1] (0.00ns)   --->   "%rend8 = specregionend i32 @_ssdm_op_SpecRegionEnd, void @empty_80, i32 %rbegin7" [../src/fp_math_hls.cpp:574->../src/vehicle_model_hls.cpp:521]   --->   Operation 93 'specregionend' 'rend8' <Predicate = true> <Delay = 0.00>
ST_10 : Operation 94 [1/1] (0.00ns)   --->   "%rbegin = specregionbegin i32 @_ssdm_op_SpecRegionBegin, void @empty_44" [../src/fp_math_hls.cpp:574->../src/vehicle_model_hls.cpp:523]   --->   Operation 94 'specregionbegin' 'rbegin' <Predicate = true> <Delay = 0.00>
ST_10 : Operation 95 [1/3] (1.64ns)   --->   "%mul_ln574_57 = mul i32 %sext_ln574_71, i32 581" [../src/fp_math_hls.cpp:574->../src/vehicle_model_hls.cpp:523]   --->   Operation 95 'mul' 'mul_ln574_57' <Predicate = (!use_front_raw)> <Delay = 1.64> <CoreInst = "Mul_DSP">   --->   Core 5 'Mul_DSP' <Latency = 2> <II = 1> <Delay = 1.64> <FuncUnit> <Opcode : 'mul'> <InPorts = 2> <OutPorts = 1>
ST_10 : Operation 96 [1/1] (0.00ns)   --->   "%specfucore_ln576 = specfucore void @_ssdm_op_SpecFUCore, i32 %mul_ln574_57, i64 12, i64 3, i64 2, i1 0" [../src/fp_math_hls.cpp:576->../src/vehicle_model_hls.cpp:523]   --->   Operation 96 'specfucore' 'specfucore_ln576' <Predicate = true> <Delay = 0.00>
ST_10 : Operation 97 [1/1] (0.00ns)   --->   "%rend = specregionend i32 @_ssdm_op_SpecRegionEnd, void @empty_44, i32 %rbegin" [../src/fp_math_hls.cpp:574->../src/vehicle_model_hls.cpp:523]   --->   Operation 97 'specregionend' 'rend' <Predicate = true> <Delay = 0.00>
ST_10 : Operation 98 [1/1] (0.00ns)   --->   "%tmp_16 = partselect i19 @_ssdm_op_PartSelect.i19.i32.i32.i32, i32 %mul_ln574_57, i32 12, i32 30" [../src/vehicle_model_hls.cpp:524]   --->   Operation 98 'partselect' 'tmp_16' <Predicate = (!use_front_raw)> <Delay = 0.00>
ST_10 : Operation 99 [1/1] (0.36ns)   --->   "%select_ln524 = select i1 %use_front_raw, i19 %tmp_15, i19 %tmp_16" [../src/vehicle_model_hls.cpp:524]   --->   Operation 99 'select' 'select_ln524' <Predicate = true> <Delay = 0.36> <CoreInst = "Sel">   --->   Core 73 'Sel' <Latency = 0> <II = 1> <Delay = 0.36> <FuncUnit> <Opcode : 'select'> <InPorts = 3> <OutPorts = 1>
ST_10 : Operation 100 [1/1] (0.00ns)   --->   "%sext_ln524 = sext i19 %select_ln524" [../src/vehicle_model_hls.cpp:524]   --->   Operation 100 'sext' 'sext_ln524' <Predicate = true> <Delay = 0.00>
ST_10 : Operation 101 [1/1] (0.00ns)   --->   "%mrv = insertvalue i63 <undef>, i21 %sext_ln512_1" [../src/vehicle_model_hls.cpp:525]   --->   Operation 101 'insertvalue' 'mrv' <Predicate = true> <Delay = 0.00>
ST_10 : Operation 102 [1/1] (0.00ns)   --->   "%mrv_1 = insertvalue i63 %mrv, i21 %sext_ln521" [../src/vehicle_model_hls.cpp:525]   --->   Operation 102 'insertvalue' 'mrv_1' <Predicate = true> <Delay = 0.00>
ST_10 : Operation 103 [1/1] (0.00ns)   --->   "%mrv_2 = insertvalue i63 %mrv_1, i21 %sext_ln524" [../src/vehicle_model_hls.cpp:525]   --->   Operation 103 'insertvalue' 'mrv_2' <Predicate = true> <Delay = 0.00>
ST_10 : Operation 104 [1/1] (0.00ns)   --->   "%ret_ln525 = ret i63 %mrv_2" [../src/vehicle_model_hls.cpp:525]   --->   Operation 104 'ret' 'ret_ln525' <Predicate = true> <Delay = 0.00>


============================================================
+ Verbose Summary: Binding
============================================================
STG Binding: 
---------------- STG Properties BEGIN ----------------
- Is combinational: 0
- Is one-state seq: 0
- Is datapath-only: 0
- Is pipelined: 1
- Is top level: 0
Port [ Return ] is wired: 1; IO mode=ap_ctrl_hs:ce=0
Port [ tr_C_eff_f_raw_val]:  wired=1; compound=0; hidden=0; nouse=0; global=0; static=0; extern=0; dir=0; type=0; pingpong=0; private_global=0; IO mode=ap_none:ce=0
Port [ tr_C_min_f_val]:  wired=1; compound=0; hidden=0; nouse=0; global=0; static=0; extern=0; dir=0; type=0; pingpong=0; private_global=0; IO mode=ap_none:ce=0
Port [ tr_F_yf_val]:  wired=1; compound=0; hidden=0; nouse=0; global=0; static=0; extern=0; dir=0; type=0; pingpong=0; private_global=0; IO mode=ap_none:ce=0
Port [ tr_sin_delta_val]:  wired=1; compound=0; hidden=0; nouse=0; global=0; static=0; extern=0; dir=0; type=0; pingpong=0; private_global=0; IO mode=ap_none:ce=0
Port [ tr_cos_delta_val]:  wired=1; compound=0; hidden=0; nouse=0; global=0; static=0; extern=0; dir=0; type=0; pingpong=0; private_global=0; IO mode=ap_none:ce=0
---------------- STG Properties END ------------------

---------------- Datapath Model BEGIN ----------------

<LifeTime>
<method=bitvector/>
tr_cos_delta_val_read   (read           ) [ 00000000000]
tr_C_eff_f_raw_val_read (read           ) [ 00100000000]
sext_ln574              (sext           ) [ 00111110000]
sext_ln574_69           (sext           ) [ 00111111100]
tr_C_min_f_val_read     (read           ) [ 00000000000]
use_front_raw           (icmp           ) [ 00011111111]
sext_ln574_67           (sext           ) [ 00011111000]
tr_sin_delta_val_read   (read           ) [ 00000000000]
tr_F_yf_val_read        (read           ) [ 00000000000]
sext_ln574_66           (sext           ) [ 00001111000]
sext_ln574_68           (sext           ) [ 00001111100]
mul_ln574_53            (mul            ) [ 00000000000]
specfucore_ln576        (specfucore     ) [ 00000000000]
product_q_104           (partselect     ) [ 00001110000]
mul_ln574_54            (mul            ) [ 00000000000]
specfucore_ln576        (specfucore     ) [ 00000000000]
product_q_105           (partselect     ) [ 00000110000]
mul_ln574_55            (mul            ) [ 00000000000]
specfucore_ln576        (specfucore     ) [ 00000000000]
product_q_106           (partselect     ) [ 00000010000]
sext_ln591              (sext           ) [ 00000000000]
product                 (mul            ) [ 00000000000]
product_q_107           (partselect     ) [ 00000010000]
mul_ln574               (mul            ) [ 00000001100]
specfucore_ln576        (specfucore     ) [ 00000000000]
sext_ln593              (sext           ) [ 00000000000]
select_ln518            (select         ) [ 00000000000]
sext_ln518              (sext           ) [ 00000000000]
mul_ln518               (mul            ) [ 00000000000]
trunc_ln                (partselect     ) [ 00000000000]
sext_ln518_1            (sext           ) [ 00000000000]
sub_ln518               (sub            ) [ 00000001111]
value                   (sub            ) [ 00000001000]
value_217               (sub            ) [ 00000001100]
mul_ln574_51            (mul            ) [ 00000000100]
specfucore_ln576        (specfucore     ) [ 00000000000]
sext_ln574_70           (sext           ) [ 00000000110]
mul_ln574_52            (mul            ) [ 00000000000]
specfucore_ln576        (specfucore     ) [ 00000000000]
product_q               (partselect     ) [ 00000000000]
tmp                     (partselect     ) [ 00000000000]
tmp_s                   (partselect     ) [ 00000000000]
select_ln512            (select         ) [ 00000000000]
add_ln512               (add            ) [ 00000000010]
sext_ln574_71           (sext           ) [ 00000000011]
sext_ln512              (sext           ) [ 00000000000]
mul_ln512               (mul            ) [ 00000000000]
trunc_ln512_2           (partselect     ) [ 00000000001]
mul_ln574_56            (mul            ) [ 00000000000]
specfucore_ln576        (specfucore     ) [ 00000000000]
tmp_15                  (partselect     ) [ 00000000001]
rbegin19                (specregionbegin) [ 00000000000]
rend20                  (specregionend  ) [ 00000000000]
rbegin17                (specregionbegin) [ 00000000000]
rend18                  (specregionend  ) [ 00000000000]
rbegin15                (specregionbegin) [ 00000000000]
rend16                  (specregionend  ) [ 00000000000]
rbegin13                (specregionbegin) [ 00000000000]
rend14                  (specregionend  ) [ 00000000000]
rbegin11                (specregionbegin) [ 00000000000]
rend12                  (specregionend  ) [ 00000000000]
rbegin9                 (specregionbegin) [ 00000000000]
rend10                  (specregionend  ) [ 00000000000]
sext_ln512_1            (sext           ) [ 00000000000]
sext_ln521              (sext           ) [ 00000000000]
rbegin7                 (specregionbegin) [ 00000000000]
rend8                   (specregionend  ) [ 00000000000]
rbegin                  (specregionbegin) [ 00000000000]
mul_ln574_57            (mul            ) [ 00000000000]
specfucore_ln576        (specfucore     ) [ 00000000000]
rend                    (specregionend  ) [ 00000000000]
tmp_16                  (partselect     ) [ 00000000000]
select_ln524            (select         ) [ 00000000000]
sext_ln524              (sext           ) [ 00000000000]
mrv                     (insertvalue    ) [ 00000000000]
mrv_1                   (insertvalue    ) [ 00000000000]
mrv_2                   (insertvalue    ) [ 00000000000]
ret_ln525               (ret            ) [ 00000000000]
</LifeTime>

<model>

<comp_list>
<comp id="0" class="1000" name="tr_C_eff_f_raw_val">
<pin_list>
<pin id="1" dir="1" index="0" bw="1" slack="0"/>
</pin_list>
<bind>
<StgValue><ssdm name="tr_C_eff_f_raw_val"/></StgValue>
</bind>
</comp>

<comp id="2" class="1000" name="tr_C_min_f_val">
<pin_list>
<pin id="3" dir="1" index="0" bw="1" slack="0"/>
</pin_list>
<bind>
<StgValue><ssdm name="tr_C_min_f_val"/></StgValue>
</bind>
</comp>

<comp id="4" class="1000" name="tr_F_yf_val">
<pin_list>
<pin id="5" dir="1" index="0" bw="1" slack="0"/>
</pin_list>
<bind>
<StgValue><ssdm name="tr_F_yf_val"/></StgValue>
</bind>
</comp>

<comp id="6" class="1000" name="tr_sin_delta_val">
<pin_list>
<pin id="7" dir="1" index="0" bw="1" slack="0"/>
</pin_list>
<bind>
<StgValue><ssdm name="tr_sin_delta_val"/></StgValue>
</bind>
</comp>

<comp id="8" class="1000" name="tr_cos_delta_val">
<pin_list>
<pin id="9" dir="1" index="0" bw="1" slack="0"/>
</pin_list>
<bind>
<StgValue><ssdm name="tr_cos_delta_val"/></StgValue>
</bind>
</comp>

<comp id="10" class="1001" name="const_10">
<pin_list>
<pin id="11" dir="1" index="0" bw="1" slack="0"/>
</pin_list>
<bind>
<StgValue><ssdm name="_ssdm_op_Read.ap_auto.i21"/></StgValue>
</bind>
</comp>

<comp id="12" class="1001" name="const_12">
<pin_list>
<pin id="13" dir="1" index="0" bw="1" slack="2147483647"/>
</pin_list>
<bind>
<StgValue><ssdm name="_ssdm_op_SpecFUCore"/></StgValue>
</bind>
</comp>

<comp id="14" class="1001" name="const_14">
<pin_list>
<pin id="15" dir="1" index="0" bw="1" slack="2147483647"/>
</pin_list>
<bind>
<StgValue><ssdm name=""/></StgValue>
</bind>
</comp>

<comp id="16" class="1001" name="const_16">
<pin_list>
<pin id="17" dir="1" index="0" bw="1" slack="2147483647"/>
</pin_list>
<bind>
<StgValue><ssdm name=""/></StgValue>
</bind>
</comp>

<comp id="18" class="1001" name="const_18">
<pin_list>
<pin id="19" dir="1" index="0" bw="1" slack="2147483647"/>
</pin_list>
<bind>
<StgValue><ssdm name=""/></StgValue>
</bind>
</comp>

<comp id="20" class="1001" name="const_20">
<pin_list>
<pin id="21" dir="1" index="0" bw="1" slack="2147483647"/>
</pin_list>
<bind>
<StgValue><ssdm name=""/></StgValue>
</bind>
</comp>

<comp id="22" class="1001" name="const_22">
<pin_list>
<pin id="23" dir="1" index="0" bw="1" slack="0"/>
</pin_list>
<bind>
<StgValue><ssdm name="_ssdm_op_PartSelect.i21.i42.i32.i32"/></StgValue>
</bind>
</comp>

<comp id="24" class="1001" name="const_24">
<pin_list>
<pin id="25" dir="1" index="0" bw="1" slack="0"/>
</pin_list>
<bind>
<StgValue><ssdm name=""/></StgValue>
</bind>
</comp>

<comp id="26" class="1001" name="const_26">
<pin_list>
<pin id="27" dir="1" index="0" bw="1" slack="0"/>
</pin_list>
<bind>
<StgValue><ssdm name=""/></StgValue>
</bind>
</comp>

<comp id="28" class="1001" name="const_28">
<pin_list>
<pin id="29" dir="1" index="0" bw="1" slack="0"/>
</pin_list>
<bind>
<StgValue><ssdm name=""/></StgValue>
</bind>
</comp>

<comp id="30" class="1001" name="const_30">
<pin_list>
<pin id="31" dir="1" index="0" bw="1" slack="0"/>
</pin_list>
<bind>
<StgValue><ssdm name="_ssdm_op_PartSelect.i16.i28.i32.i32"/></StgValue>
</bind>
</comp>

<comp id="32" class="1001" name="const_32">
<pin_list>
<pin id="33" dir="1" index="0" bw="1" slack="0"/>
</pin_list>
<bind>
<StgValue><ssdm name=""/></StgValue>
</bind>
</comp>

<comp id="34" class="1001" name="const_34">
<pin_list>
<pin id="35" dir="1" index="0" bw="1" slack="0"/>
</pin_list>
<bind>
<StgValue><ssdm name=""/></StgValue>
</bind>
</comp>

<comp id="36" class="1001" name="const_36">
<pin_list>
<pin id="37" dir="1" index="0" bw="1" slack="0"/>
</pin_list>
<bind>
<StgValue><ssdm name=""/></StgValue>
</bind>
</comp>

<comp id="38" class="1001" name="const_38">
<pin_list>
<pin id="39" dir="1" index="0" bw="1" slack="0"/>
</pin_list>
<bind>
<StgValue><ssdm name="_ssdm_op_PartSelect.i19.i32.i32.i32"/></StgValue>
</bind>
</comp>

<comp id="40" class="1001" name="const_40">
<pin_list>
<pin id="41" dir="1" index="0" bw="1" slack="0"/>
</pin_list>
<bind>
<StgValue><ssdm name=""/></StgValue>
</bind>
</comp>

<comp id="42" class="1001" name="const_42">
<pin_list>
<pin id="43" dir="1" index="0" bw="1" slack="2147483647"/>
</pin_list>
<bind>
<StgValue><ssdm name="_ssdm_op_SpecRegionBegin"/></StgValue>
</bind>
</comp>

<comp id="44" class="1001" name="const_44">
<pin_list>
<pin id="45" dir="1" index="0" bw="1" slack="2147483647"/>
</pin_list>
<bind>
<StgValue><ssdm name="empty_215"/></StgValue>
</bind>
</comp>

<comp id="46" class="1001" name="const_46">
<pin_list>
<pin id="47" dir="1" index="0" bw="1" slack="2147483647"/>
</pin_list>
<bind>
<StgValue><ssdm name="_ssdm_op_SpecRegionEnd"/></StgValue>
</bind>
</comp>

<comp id="48" class="1001" name="const_48">
<pin_list>
<pin id="49" dir="1" index="0" bw="1" slack="2147483647"/>
</pin_list>
<bind>
<StgValue><ssdm name="empty_225"/></StgValue>
</bind>
</comp>

<comp id="50" class="1001" name="const_50">
<pin_list>
<pin id="51" dir="1" index="0" bw="1" slack="2147483647"/>
</pin_list>
<bind>
<StgValue><ssdm name="empty_463"/></StgValue>
</bind>
</comp>

<comp id="52" class="1001" name="const_52">
<pin_list>
<pin id="53" dir="1" index="0" bw="1" slack="2147483647"/>
</pin_list>
<bind>
<StgValue><ssdm name="empty_1"/></StgValue>
</bind>
</comp>

<comp id="54" class="1001" name="const_54">
<pin_list>
<pin id="55" dir="1" index="0" bw="1" slack="2147483647"/>
</pin_list>
<bind>
<StgValue><ssdm name="empty_226"/></StgValue>
</bind>
</comp>

<comp id="56" class="1001" name="const_56">
<pin_list>
<pin id="57" dir="1" index="0" bw="1" slack="2147483647"/>
</pin_list>
<bind>
<StgValue><ssdm name="empty_3"/></StgValue>
</bind>
</comp>

<comp id="58" class="1001" name="const_58">
<pin_list>
<pin id="59" dir="1" index="0" bw="1" slack="2147483647"/>
</pin_list>
<bind>
<StgValue><ssdm name="empty_80"/></StgValue>
</bind>
</comp>

<comp id="60" class="1001" name="const_60">
<pin_list>
<pin id="61" dir="1" index="0" bw="1" slack="2147483647"/>
</pin_list>
<bind>
<StgValue><ssdm name="empty_44"/></StgValue>
</bind>
</comp>

<comp id="62" class="1001" name="const_62">
<pin_list>
<pin id="63" dir="1" index="0" bw="1" slack="0"/>
</pin_list>
<bind>
<StgValue><ssdm name=""/></StgValue>
</bind>
</comp>

<comp id="64" class="1004" name="tr_cos_delta_val_read_read_fu_64">
<pin_list>
<pin id="65" dir="0" index="0" bw="21" slack="0"/>
<pin id="66" dir="0" index="1" bw="21" slack="0"/>
<pin id="67" dir="1" index="2" bw="21" slack="0"/>
</pin_list>
<bind>
<opcode="read(1150) " fcode="read"/>
<opset="tr_cos_delta_val_read/1 "/>
</bind>
</comp>

<comp id="70" class="1004" name="tr_C_eff_f_raw_val_read_read_fu_70">
<pin_list>
<pin id="71" dir="0" index="0" bw="21" slack="0"/>
<pin id="72" dir="0" index="1" bw="21" slack="0"/>
<pin id="73" dir="1" index="2" bw="21" slack="0"/>
</pin_list>
<bind>
<opcode="read(1150) " fcode="read"/>
<opset="tr_C_eff_f_raw_val_read/1 "/>
</bind>
</comp>

<comp id="76" class="1004" name="tr_C_min_f_val_read_read_fu_76">
<pin_list>
<pin id="77" dir="0" index="0" bw="21" slack="0"/>
<pin id="78" dir="0" index="1" bw="21" slack="0"/>
<pin id="79" dir="1" index="2" bw="21" slack="0"/>
</pin_list>
<bind>
<opcode="read(1150) " fcode="read"/>
<opset="tr_C_min_f_val_read/2 "/>
</bind>
</comp>

<comp id="82" class="1004" name="tr_sin_delta_val_read_read_fu_82">
<pin_list>
<pin id="83" dir="0" index="0" bw="21" slack="0"/>
<pin id="84" dir="0" index="1" bw="21" slack="0"/>
<pin id="85" dir="1" index="2" bw="21" slack="0"/>
</pin_list>
<bind>
<opcode="read(1150) " fcode="read"/>
<opset="tr_sin_delta_val_read/3 "/>
</bind>
</comp>

<comp id="88" class="1004" name="tr_F_yf_val_read_read_fu_88">
<pin_list>
<pin id="89" dir="0" index="0" bw="21" slack="0"/>
<pin id="90" dir="0" index="1" bw="21" slack="0"/>
<pin id="91" dir="1" index="2" bw="21" slack="0"/>
</pin_list>
<bind>
<opcode="read(1150) " fcode="read"/>
<opset="tr_F_yf_val_read/3 "/>
</bind>
</comp>

<comp id="94" class="1004" name="grp_fu_94">
<pin_list>
<pin id="95" dir="0" index="0" bw="21" slack="0"/>
<pin id="96" dir="0" index="1" bw="21" slack="0"/>
<pin id="97" dir="1" index="2" bw="42" slack="0"/>
</pin_list>
<bind>
<opcode="mul(12) " fcode="mul"/>
<opset="mul_ln574_53/1 mul_ln574_54/2 mul_ln574_55/3 mul_ln574/4 mul_ln574_51/5 mul_ln574_52/6 "/>
</bind>
</comp>

<comp id="98" class="1004" name="grp_fu_98">
<pin_list>
<pin id="99" dir="0" index="0" bw="21" slack="0"/>
<pin id="100" dir="0" index="1" bw="42" slack="0"/>
<pin id="101" dir="0" index="2" bw="5" slack="0"/>
<pin id="102" dir="0" index="3" bw="7" slack="0"/>
<pin id="103" dir="1" index="4" bw="21" slack="0"/>
</pin_list>
<bind>
<opcode="partselect(1002) " fcode="partselect"/>
<opset="product_q_104/3 product_q_105/4 product_q_106/5 "/>
</bind>
</comp>

<comp id="108" class="1004" name="sext_ln574_fu_108">
<pin_list>
<pin id="109" dir="0" index="0" bw="21" slack="0"/>
<pin id="110" dir="1" index="1" bw="42" slack="0"/>
</pin_list>
<bind>
<opcode="sext(35) " fcode="sext"/>
<opset="sext_ln574/1 "/>
</bind>
</comp>

<comp id="113" class="1004" name="sext_ln574_69_fu_113">
<pin_list>
<pin id="114" dir="0" index="0" bw="21" slack="0"/>
<pin id="115" dir="1" index="1" bw="42" slack="0"/>
</pin_list>
<bind>
<opcode="sext(35) " fcode="sext"/>
<opset="sext_ln574_69/1 "/>
</bind>
</comp>

<comp id="118" class="1004" name="use_front_raw_fu_118">
<pin_list>
<pin id="119" dir="0" index="0" bw="21" slack="1"/>
<pin id="120" dir="0" index="1" bw="21" slack="0"/>
<pin id="121" dir="1" index="2" bw="1" slack="2"/>
</pin_list>
<bind>
<opcode="icmp(45) " fcode="icmp"/>
<opset="use_front_raw/2 "/>
</bind>
</comp>

<comp id="123" class="1004" name="sext_ln574_67_fu_123">
<pin_list>
<pin id="124" dir="0" index="0" bw="21" slack="0"/>
<pin id="125" dir="1" index="1" bw="42" slack="0"/>
</pin_list>
<bind>
<opcode="sext(35) " fcode="sext"/>
<opset="sext_ln574_67/2 "/>
</bind>
</comp>

<comp id="128" class="1004" name="sext_ln574_66_fu_128">
<pin_list>
<pin id="129" dir="0" index="0" bw="21" slack="0"/>
<pin id="130" dir="1" index="1" bw="42" slack="0"/>
</pin_list>
<bind>
<opcode="sext(35) " fcode="sext"/>
<opset="sext_ln574_66/3 "/>
</bind>
</comp>

<comp id="133" class="1004" name="sext_ln574_68_fu_133">
<pin_list>
<pin id="134" dir="0" index="0" bw="21" slack="0"/>
<pin id="135" dir="1" index="1" bw="42" slack="0"/>
</pin_list>
<bind>
<opcode="sext(35) " fcode="sext"/>
<opset="sext_ln574_68/3 "/>
</bind>
</comp>

<comp id="138" class="1004" name="sext_ln591_fu_138">
<pin_list>
<pin id="139" dir="0" index="0" bw="21" slack="0"/>
<pin id="140" dir="1" index="1" bw="28" slack="0"/>
</pin_list>
<bind>
<opcode="sext(35) " fcode="sext"/>
<opset="sext_ln591/5 "/>
</bind>
</comp>

<comp id="142" class="1004" name="product_fu_142">
<pin_list>
<pin id="143" dir="0" index="0" bw="21" slack="0"/>
<pin id="144" dir="0" index="1" bw="7" slack="0"/>
<pin id="145" dir="1" index="2" bw="28" slack="0"/>
</pin_list>
<bind>
<opcode="mul(12) " fcode="mul"/>
<opset="product/5 "/>
</bind>
</comp>

<comp id="148" class="1004" name="product_q_107_fu_148">
<pin_list>
<pin id="149" dir="0" index="0" bw="16" slack="0"/>
<pin id="150" dir="0" index="1" bw="28" slack="0"/>
<pin id="151" dir="0" index="2" bw="5" slack="0"/>
<pin id="152" dir="0" index="3" bw="6" slack="0"/>
<pin id="153" dir="1" index="4" bw="16" slack="1"/>
</pin_list>
<bind>
<opcode="partselect(1002) " fcode="partselect"/>
<opset="product_q_107/5 "/>
</bind>
</comp>

<comp id="158" class="1004" name="sext_ln593_fu_158">
<pin_list>
<pin id="159" dir="0" index="0" bw="16" slack="1"/>
<pin id="160" dir="1" index="1" bw="17" slack="0"/>
</pin_list>
<bind>
<opcode="sext(35) " fcode="sext"/>
<opset="sext_ln593/6 "/>
</bind>
</comp>

<comp id="161" class="1004" name="select_ln518_fu_161">
<pin_list>
<pin id="162" dir="0" index="0" bw="1" slack="4"/>
<pin id="163" dir="0" index="1" bw="21" slack="3"/>
<pin id="164" dir="0" index="2" bw="21" slack="2"/>
<pin id="165" dir="1" index="3" bw="21" slack="0"/>
</pin_list>
<bind>
<opcode="select(49) " fcode="select"/>
<opset="select_ln518/6 "/>
</bind>
</comp>

<comp id="166" class="1004" name="sext_ln518_fu_166">
<pin_list>
<pin id="167" dir="0" index="0" bw="21" slack="0"/>
<pin id="168" dir="1" index="1" bw="28" slack="0"/>
</pin_list>
<bind>
<opcode="sext(35) " fcode="sext"/>
<opset="sext_ln518/6 "/>
</bind>
</comp>

<comp id="170" class="1004" name="mul_ln518_fu_170">
<pin_list>
<pin id="171" dir="0" index="0" bw="21" slack="0"/>
<pin id="172" dir="0" index="1" bw="7" slack="0"/>
<pin id="173" dir="1" index="2" bw="28" slack="0"/>
</pin_list>
<bind>
<opcode="mul(12) " fcode="mul"/>
<opset="mul_ln518/6 "/>
</bind>
</comp>

<comp id="176" class="1004" name="trunc_ln_fu_176">
<pin_list>
<pin id="177" dir="0" index="0" bw="16" slack="0"/>
<pin id="178" dir="0" index="1" bw="28" slack="0"/>
<pin id="179" dir="0" index="2" bw="5" slack="0"/>
<pin id="180" dir="0" index="3" bw="6" slack="0"/>
<pin id="181" dir="1" index="4" bw="16" slack="0"/>
</pin_list>
<bind>
<opcode="partselect(1002) " fcode="partselect"/>
<opset="trunc_ln/6 "/>
</bind>
</comp>

<comp id="186" class="1004" name="sext_ln518_1_fu_186">
<pin_list>
<pin id="187" dir="0" index="0" bw="16" slack="0"/>
<pin id="188" dir="1" index="1" bw="17" slack="0"/>
</pin_list>
<bind>
<opcode="sext(35) " fcode="sext"/>
<opset="sext_ln518_1/6 "/>
</bind>
</comp>

<comp id="190" class="1004" name="sub_ln518_fu_190">
<pin_list>
<pin id="191" dir="0" index="0" bw="16" slack="0"/>
<pin id="192" dir="0" index="1" bw="16" slack="0"/>
<pin id="193" dir="1" index="2" bw="17" slack="4"/>
</pin_list>
<bind>
<opcode="sub(10) " fcode="sub"/>
<opset="sub_ln518/6 "/>
</bind>
</comp>

<comp id="196" class="1004" name="value_fu_196">
<pin_list>
<pin id="197" dir="0" index="0" bw="21" slack="3"/>
<pin id="198" dir="0" index="1" bw="21" slack="1"/>
<pin id="199" dir="1" index="2" bw="21" slack="1"/>
</pin_list>
<bind>
<opcode="sub(10) " fcode="sub"/>
<opset="value/6 "/>
</bind>
</comp>

<comp id="200" class="1004" name="value_217_fu_200">
<pin_list>
<pin id="201" dir="0" index="0" bw="21" slack="2"/>
<pin id="202" dir="0" index="1" bw="21" slack="1"/>
<pin id="203" dir="1" index="2" bw="21" slack="2"/>
</pin_list>
<bind>
<opcode="sub(10) " fcode="sub"/>
<opset="value_217/6 "/>
</bind>
</comp>

<comp id="204" class="1004" name="sext_ln574_70_fu_204">
<pin_list>
<pin id="205" dir="0" index="0" bw="21" slack="1"/>
<pin id="206" dir="1" index="1" bw="32" slack="0"/>
</pin_list>
<bind>
<opcode="sext(35) " fcode="sext"/>
<opset="sext_ln574_70/7 "/>
</bind>
</comp>

<comp id="207" class="1004" name="grp_fu_207">
<pin_list>
<pin id="208" dir="0" index="0" bw="21" slack="0"/>
<pin id="209" dir="0" index="1" bw="11" slack="0"/>
<pin id="210" dir="1" index="2" bw="32" slack="0"/>
</pin_list>
<bind>
<opcode="mul(12) " fcode="mul"/>
<opset="mul_ln574_56/7 "/>
</bind>
</comp>

<comp id="213" class="1004" name="product_q_fu_213">
<pin_list>
<pin id="214" dir="0" index="0" bw="21" slack="0"/>
<pin id="215" dir="0" index="1" bw="42" slack="0"/>
<pin id="216" dir="0" index="2" bw="5" slack="0"/>
<pin id="217" dir="0" index="3" bw="7" slack="0"/>
<pin id="218" dir="1" index="4" bw="21" slack="0"/>
</pin_list>
<bind>
<opcode="partselect(1002) " fcode="partselect"/>
<opset="product_q/8 "/>
</bind>
</comp>

<comp id="223" class="1004" name="tmp_fu_223">
<pin_list>
<pin id="224" dir="0" index="0" bw="21" slack="0"/>
<pin id="225" dir="0" index="1" bw="42" slack="2"/>
<pin id="226" dir="0" index="2" bw="5" slack="0"/>
<pin id="227" dir="0" index="3" bw="7" slack="0"/>
<pin id="228" dir="1" index="4" bw="21" slack="0"/>
</pin_list>
<bind>
<opcode="partselect(1002) " fcode="partselect"/>
<opset="tmp/8 "/>
</bind>
</comp>

<comp id="232" class="1004" name="tmp_s_fu_232">
<pin_list>
<pin id="233" dir="0" index="0" bw="21" slack="0"/>
<pin id="234" dir="0" index="1" bw="42" slack="1"/>
<pin id="235" dir="0" index="2" bw="5" slack="0"/>
<pin id="236" dir="0" index="3" bw="7" slack="0"/>
<pin id="237" dir="1" index="4" bw="21" slack="0"/>
</pin_list>
<bind>
<opcode="partselect(1002) " fcode="partselect"/>
<opset="tmp_s/8 "/>
</bind>
</comp>

<comp id="241" class="1004" name="select_ln512_fu_241">
<pin_list>
<pin id="242" dir="0" index="0" bw="1" slack="6"/>
<pin id="243" dir="0" index="1" bw="21" slack="0"/>
<pin id="244" dir="0" index="2" bw="21" slack="0"/>
<pin id="245" dir="1" index="3" bw="21" slack="0"/>
</pin_list>
<bind>
<opcode="select(49) " fcode="select"/>
<opset="select_ln512/8 "/>
</bind>
</comp>

<comp id="248" class="1004" name="add_ln512_fu_248">
<pin_list>
<pin id="249" dir="0" index="0" bw="21" slack="0"/>
<pin id="250" dir="0" index="1" bw="21" slack="0"/>
<pin id="251" dir="1" index="2" bw="21" slack="1"/>
</pin_list>
<bind>
<opcode="add(8) " fcode="add"/>
<opset="add_ln512/8 "/>
</bind>
</comp>

<comp id="254" class="1004" name="sext_ln574_71_fu_254">
<pin_list>
<pin id="255" dir="0" index="0" bw="21" slack="2"/>
<pin id="256" dir="1" index="1" bw="32" slack="0"/>
</pin_list>
<bind>
<opcode="sext(35) " fcode="sext"/>
<opset="sext_ln574_71/8 "/>
</bind>
</comp>

<comp id="257" class="1004" name="grp_fu_257">
<pin_list>
<pin id="258" dir="0" index="0" bw="21" slack="0"/>
<pin id="259" dir="0" index="1" bw="11" slack="0"/>
<pin id="260" dir="1" index="2" bw="32" slack="0"/>
</pin_list>
<bind>
<opcode="mul(12) " fcode="mul"/>
<opset="mul_ln574_57/8 "/>
</bind>
</comp>

<comp id="263" class="1004" name="sext_ln512_fu_263">
<pin_list>
<pin id="264" dir="0" index="0" bw="21" slack="1"/>
<pin id="265" dir="1" index="1" bw="28" slack="0"/>
</pin_list>
<bind>
<opcode="sext(35) " fcode="sext"/>
<opset="sext_ln512/9 "/>
</bind>
</comp>

<comp id="266" class="1004" name="mul_ln512_fu_266">
<pin_list>
<pin id="267" dir="0" index="0" bw="21" slack="0"/>
<pin id="268" dir="0" index="1" bw="7" slack="0"/>
<pin id="269" dir="1" index="2" bw="28" slack="0"/>
</pin_list>
<bind>
<opcode="mul(12) " fcode="mul"/>
<opset="mul_ln512/9 "/>
</bind>
</comp>

<comp id="272" class="1004" name="trunc_ln512_2_fu_272">
<pin_list>
<pin id="273" dir="0" index="0" bw="16" slack="0"/>
<pin id="274" dir="0" index="1" bw="28" slack="0"/>
<pin id="275" dir="0" index="2" bw="5" slack="0"/>
<pin id="276" dir="0" index="3" bw="6" slack="0"/>
<pin id="277" dir="1" index="4" bw="16" slack="1"/>
</pin_list>
<bind>
<opcode="partselect(1002) " fcode="partselect"/>
<opset="trunc_ln512_2/9 "/>
</bind>
</comp>

<comp id="282" class="1004" name="tmp_15_fu_282">
<pin_list>
<pin id="283" dir="0" index="0" bw="19" slack="0"/>
<pin id="284" dir="0" index="1" bw="32" slack="0"/>
<pin id="285" dir="0" index="2" bw="5" slack="0"/>
<pin id="286" dir="0" index="3" bw="6" slack="0"/>
<pin id="287" dir="1" index="4" bw="19" slack="1"/>
</pin_list>
<bind>
<opcode="partselect(1002) " fcode="partselect"/>
<opset="tmp_15/9 "/>
</bind>
</comp>

<comp id="292" class="1004" name="sext_ln512_1_fu_292">
<pin_list>
<pin id="293" dir="0" index="0" bw="16" slack="1"/>
<pin id="294" dir="1" index="1" bw="21" slack="0"/>
</pin_list>
<bind>
<opcode="sext(35) " fcode="sext"/>
<opset="sext_ln512_1/10 "/>
</bind>
</comp>

<comp id="295" class="1004" name="sext_ln521_fu_295">
<pin_list>
<pin id="296" dir="0" index="0" bw="17" slack="4"/>
<pin id="297" dir="1" index="1" bw="21" slack="0"/>
</pin_list>
<bind>
<opcode="sext(35) " fcode="sext"/>
<opset="sext_ln521/10 "/>
</bind>
</comp>

<comp id="298" class="1004" name="tmp_16_fu_298">
<pin_list>
<pin id="299" dir="0" index="0" bw="19" slack="0"/>
<pin id="300" dir="0" index="1" bw="32" slack="0"/>
<pin id="301" dir="0" index="2" bw="5" slack="0"/>
<pin id="302" dir="0" index="3" bw="6" slack="0"/>
<pin id="303" dir="1" index="4" bw="19" slack="0"/>
</pin_list>
<bind>
<opcode="partselect(1002) " fcode="partselect"/>
<opset="tmp_16/10 "/>
</bind>
</comp>

<comp id="308" class="1004" name="select_ln524_fu_308">
<pin_list>
<pin id="309" dir="0" index="0" bw="1" slack="8"/>
<pin id="310" dir="0" index="1" bw="19" slack="1"/>
<pin id="311" dir="0" index="2" bw="19" slack="0"/>
<pin id="312" dir="1" index="3" bw="19" slack="0"/>
</pin_list>
<bind>
<opcode="select(49) " fcode="select"/>
<opset="select_ln524/10 "/>
</bind>
</comp>

<comp id="314" class="1004" name="sext_ln524_fu_314">
<pin_list>
<pin id="315" dir="0" index="0" bw="19" slack="0"/>
<pin id="316" dir="1" index="1" bw="21" slack="0"/>
</pin_list>
<bind>
<opcode="sext(35) " fcode="sext"/>
<opset="sext_ln524/10 "/>
</bind>
</comp>

<comp id="318" class="1004" name="mrv_fu_318">
<pin_list>
<pin id="319" dir="0" index="0" bw="63" slack="0"/>
<pin id="320" dir="0" index="1" bw="16" slack="0"/>
<pin id="321" dir="1" index="2" bw="63" slack="0"/>
</pin_list>
<bind>
<opcode="insertvalue(57) " fcode="insertvalue"/>
<opset="mrv/10 "/>
</bind>
</comp>

<comp id="324" class="1004" name="mrv_1_fu_324">
<pin_list>
<pin id="325" dir="0" index="0" bw="63" slack="0"/>
<pin id="326" dir="0" index="1" bw="17" slack="0"/>
<pin id="327" dir="1" index="2" bw="63" slack="0"/>
</pin_list>
<bind>
<opcode="insertvalue(57) " fcode="insertvalue"/>
<opset="mrv_1/10 "/>
</bind>
</comp>

<comp id="330" class="1004" name="mrv_2_fu_330">
<pin_list>
<pin id="331" dir="0" index="0" bw="63" slack="0"/>
<pin id="332" dir="0" index="1" bw="19" slack="0"/>
<pin id="333" dir="1" index="2" bw="63" slack="2147483647"/>
</pin_list>
<bind>
<opcode="insertvalue(57) " fcode="insertvalue"/>
<opset="mrv_2/10 "/>
</bind>
</comp>

<comp id="336" class="1005" name="tr_C_eff_f_raw_val_read_reg_336">
<pin_list>
<pin id="337" dir="0" index="0" bw="21" slack="1"/>
<pin id="338" dir="1" index="1" bw="21" slack="1"/>
</pin_list>
<bind>
<opset="tr_C_eff_f_raw_val_read "/>
</bind>
</comp>

<comp id="341" class="1005" name="sext_ln574_reg_341">
<pin_list>
<pin id="342" dir="0" index="0" bw="42" slack="1"/>
<pin id="343" dir="1" index="1" bw="42" slack="1"/>
</pin_list>
<bind>
<opset="sext_ln574 "/>
</bind>
</comp>

<comp id="346" class="1005" name="sext_ln574_69_reg_346">
<pin_list>
<pin id="347" dir="0" index="0" bw="42" slack="1"/>
<pin id="348" dir="1" index="1" bw="42" slack="1"/>
</pin_list>
<bind>
<opset="sext_ln574_69 "/>
</bind>
</comp>

<comp id="351" class="1005" name="use_front_raw_reg_351">
<pin_list>
<pin id="352" dir="0" index="0" bw="1" slack="2"/>
<pin id="353" dir="1" index="1" bw="1" slack="4"/>
</pin_list>
<bind>
<opset="use_front_raw "/>
</bind>
</comp>

<comp id="358" class="1005" name="sext_ln574_67_reg_358">
<pin_list>
<pin id="359" dir="0" index="0" bw="42" slack="1"/>
<pin id="360" dir="1" index="1" bw="42" slack="1"/>
</pin_list>
<bind>
<opset="sext_ln574_67 "/>
</bind>
</comp>

<comp id="364" class="1005" name="sext_ln574_66_reg_364">
<pin_list>
<pin id="365" dir="0" index="0" bw="42" slack="1"/>
<pin id="366" dir="1" index="1" bw="42" slack="1"/>
</pin_list>
<bind>
<opset="sext_ln574_66 "/>
</bind>
</comp>

<comp id="370" class="1005" name="sext_ln574_68_reg_370">
<pin_list>
<pin id="371" dir="0" index="0" bw="42" slack="1"/>
<pin id="372" dir="1" index="1" bw="42" slack="1"/>
</pin_list>
<bind>
<opset="sext_ln574_68 "/>
</bind>
</comp>

<comp id="376" class="1005" name="product_q_104_reg_376">
<pin_list>
<pin id="377" dir="0" index="0" bw="21" slack="3"/>
<pin id="378" dir="1" index="1" bw="21" slack="3"/>
</pin_list>
<bind>
<opset="product_q_104 "/>
</bind>
</comp>

<comp id="382" class="1005" name="product_q_105_reg_382">
<pin_list>
<pin id="383" dir="0" index="0" bw="21" slack="2"/>
<pin id="384" dir="1" index="1" bw="21" slack="2"/>
</pin_list>
<bind>
<opset="product_q_105 "/>
</bind>
</comp>

<comp id="388" class="1005" name="product_q_106_reg_388">
<pin_list>
<pin id="389" dir="0" index="0" bw="21" slack="1"/>
<pin id="390" dir="1" index="1" bw="21" slack="1"/>
</pin_list>
<bind>
<opset="product_q_106 "/>
</bind>
</comp>

<comp id="394" class="1005" name="product_q_107_reg_394">
<pin_list>
<pin id="395" dir="0" index="0" bw="16" slack="1"/>
<pin id="396" dir="1" index="1" bw="16" slack="1"/>
</pin_list>
<bind>
<opset="product_q_107 "/>
</bind>
</comp>

<comp id="399" class="1005" name="mul_ln574_reg_399">
<pin_list>
<pin id="400" dir="0" index="0" bw="42" slack="2"/>
<pin id="401" dir="1" index="1" bw="42" slack="2"/>
</pin_list>
<bind>
<opset="mul_ln574 "/>
</bind>
</comp>

<comp id="404" class="1005" name="sub_ln518_reg_404">
<pin_list>
<pin id="405" dir="0" index="0" bw="17" slack="4"/>
<pin id="406" dir="1" index="1" bw="17" slack="4"/>
</pin_list>
<bind>
<opset="sub_ln518 "/>
</bind>
</comp>

<comp id="409" class="1005" name="value_reg_409">
<pin_list>
<pin id="410" dir="0" index="0" bw="21" slack="1"/>
<pin id="411" dir="1" index="1" bw="21" slack="1"/>
</pin_list>
<bind>
<opset="value "/>
</bind>
</comp>

<comp id="414" class="1005" name="value_217_reg_414">
<pin_list>
<pin id="415" dir="0" index="0" bw="21" slack="2"/>
<pin id="416" dir="1" index="1" bw="21" slack="2"/>
</pin_list>
<bind>
<opset="value_217 "/>
</bind>
</comp>

<comp id="419" class="1005" name="mul_ln574_51_reg_419">
<pin_list>
<pin id="420" dir="0" index="0" bw="42" slack="1"/>
<pin id="421" dir="1" index="1" bw="42" slack="1"/>
</pin_list>
<bind>
<opset="mul_ln574_51 "/>
</bind>
</comp>

<comp id="424" class="1005" name="sext_ln574_70_reg_424">
<pin_list>
<pin id="425" dir="0" index="0" bw="32" slack="1"/>
<pin id="426" dir="1" index="1" bw="32" slack="1"/>
</pin_list>
<bind>
<opset="sext_ln574_70 "/>
</bind>
</comp>

<comp id="429" class="1005" name="add_ln512_reg_429">
<pin_list>
<pin id="430" dir="0" index="0" bw="21" slack="1"/>
<pin id="431" dir="1" index="1" bw="21" slack="1"/>
</pin_list>
<bind>
<opset="add_ln512 "/>
</bind>
</comp>

<comp id="434" class="1005" name="sext_ln574_71_reg_434">
<pin_list>
<pin id="435" dir="0" index="0" bw="32" slack="1"/>
<pin id="436" dir="1" index="1" bw="32" slack="1"/>
</pin_list>
<bind>
<opset="sext_ln574_71 "/>
</bind>
</comp>

<comp id="439" class="1005" name="trunc_ln512_2_reg_439">
<pin_list>
<pin id="440" dir="0" index="0" bw="16" slack="1"/>
<pin id="441" dir="1" index="1" bw="16" slack="1"/>
</pin_list>
<bind>
<opset="trunc_ln512_2 "/>
</bind>
</comp>

<comp id="444" class="1005" name="tmp_15_reg_444">
<pin_list>
<pin id="445" dir="0" index="0" bw="19" slack="1"/>
<pin id="446" dir="1" index="1" bw="19" slack="1"/>
</pin_list>
<bind>
<opset="tmp_15 "/>
</bind>
</comp>

</comp_list>

<net_list>
<net id="68"><net_src comp="10" pin="0"/><net_sink comp="64" pin=0"/></net>

<net id="69"><net_src comp="8" pin="0"/><net_sink comp="64" pin=1"/></net>

<net id="74"><net_src comp="10" pin="0"/><net_sink comp="70" pin=0"/></net>

<net id="75"><net_src comp="0" pin="0"/><net_sink comp="70" pin=1"/></net>

<net id="80"><net_src comp="10" pin="0"/><net_sink comp="76" pin=0"/></net>

<net id="81"><net_src comp="2" pin="0"/><net_sink comp="76" pin=1"/></net>

<net id="86"><net_src comp="10" pin="0"/><net_sink comp="82" pin=0"/></net>

<net id="87"><net_src comp="6" pin="0"/><net_sink comp="82" pin=1"/></net>

<net id="92"><net_src comp="10" pin="0"/><net_sink comp="88" pin=0"/></net>

<net id="93"><net_src comp="4" pin="0"/><net_sink comp="88" pin=1"/></net>

<net id="104"><net_src comp="22" pin="0"/><net_sink comp="98" pin=0"/></net>

<net id="105"><net_src comp="94" pin="2"/><net_sink comp="98" pin=1"/></net>

<net id="106"><net_src comp="24" pin="0"/><net_sink comp="98" pin=2"/></net>

<net id="107"><net_src comp="26" pin="0"/><net_sink comp="98" pin=3"/></net>

<net id="111"><net_src comp="70" pin="2"/><net_sink comp="108" pin=0"/></net>

<net id="112"><net_src comp="108" pin="1"/><net_sink comp="94" pin=1"/></net>

<net id="116"><net_src comp="64" pin="2"/><net_sink comp="113" pin=0"/></net>

<net id="117"><net_src comp="113" pin="1"/><net_sink comp="94" pin=0"/></net>

<net id="122"><net_src comp="76" pin="2"/><net_sink comp="118" pin=1"/></net>

<net id="126"><net_src comp="76" pin="2"/><net_sink comp="123" pin=0"/></net>

<net id="127"><net_src comp="123" pin="1"/><net_sink comp="94" pin=1"/></net>

<net id="131"><net_src comp="82" pin="2"/><net_sink comp="128" pin=0"/></net>

<net id="132"><net_src comp="128" pin="1"/><net_sink comp="94" pin=1"/></net>

<net id="136"><net_src comp="88" pin="2"/><net_sink comp="133" pin=0"/></net>

<net id="137"><net_src comp="133" pin="1"/><net_sink comp="94" pin=0"/></net>

<net id="141"><net_src comp="98" pin="4"/><net_sink comp="138" pin=0"/></net>

<net id="146"><net_src comp="138" pin="1"/><net_sink comp="142" pin=0"/></net>

<net id="147"><net_src comp="28" pin="0"/><net_sink comp="142" pin=1"/></net>

<net id="154"><net_src comp="30" pin="0"/><net_sink comp="148" pin=0"/></net>

<net id="155"><net_src comp="142" pin="2"/><net_sink comp="148" pin=1"/></net>

<net id="156"><net_src comp="24" pin="0"/><net_sink comp="148" pin=2"/></net>

<net id="157"><net_src comp="32" pin="0"/><net_sink comp="148" pin=3"/></net>

<net id="169"><net_src comp="161" pin="3"/><net_sink comp="166" pin=0"/></net>

<net id="174"><net_src comp="166" pin="1"/><net_sink comp="170" pin=0"/></net>

<net id="175"><net_src comp="28" pin="0"/><net_sink comp="170" pin=1"/></net>

<net id="182"><net_src comp="30" pin="0"/><net_sink comp="176" pin=0"/></net>

<net id="183"><net_src comp="170" pin="2"/><net_sink comp="176" pin=1"/></net>

<net id="184"><net_src comp="24" pin="0"/><net_sink comp="176" pin=2"/></net>

<net id="185"><net_src comp="32" pin="0"/><net_sink comp="176" pin=3"/></net>

<net id="189"><net_src comp="176" pin="4"/><net_sink comp="186" pin=0"/></net>

<net id="194"><net_src comp="186" pin="1"/><net_sink comp="190" pin=0"/></net>

<net id="195"><net_src comp="158" pin="1"/><net_sink comp="190" pin=1"/></net>

<net id="211"><net_src comp="204" pin="1"/><net_sink comp="207" pin=0"/></net>

<net id="212"><net_src comp="34" pin="0"/><net_sink comp="207" pin=1"/></net>

<net id="219"><net_src comp="22" pin="0"/><net_sink comp="213" pin=0"/></net>

<net id="220"><net_src comp="94" pin="2"/><net_sink comp="213" pin=1"/></net>

<net id="221"><net_src comp="24" pin="0"/><net_sink comp="213" pin=2"/></net>

<net id="222"><net_src comp="26" pin="0"/><net_sink comp="213" pin=3"/></net>

<net id="229"><net_src comp="22" pin="0"/><net_sink comp="223" pin=0"/></net>

<net id="230"><net_src comp="24" pin="0"/><net_sink comp="223" pin=2"/></net>

<net id="231"><net_src comp="26" pin="0"/><net_sink comp="223" pin=3"/></net>

<net id="238"><net_src comp="22" pin="0"/><net_sink comp="232" pin=0"/></net>

<net id="239"><net_src comp="24" pin="0"/><net_sink comp="232" pin=2"/></net>

<net id="240"><net_src comp="26" pin="0"/><net_sink comp="232" pin=3"/></net>

<net id="246"><net_src comp="223" pin="4"/><net_sink comp="241" pin=1"/></net>

<net id="247"><net_src comp="232" pin="4"/><net_sink comp="241" pin=2"/></net>

<net id="252"><net_src comp="213" pin="4"/><net_sink comp="248" pin=0"/></net>

<net id="253"><net_src comp="241" pin="3"/><net_sink comp="248" pin=1"/></net>

<net id="261"><net_src comp="254" pin="1"/><net_sink comp="257" pin=0"/></net>

<net id="262"><net_src comp="34" pin="0"/><net_sink comp="257" pin=1"/></net>

<net id="270"><net_src comp="263" pin="1"/><net_sink comp="266" pin=0"/></net>

<net id="271"><net_src comp="36" pin="0"/><net_sink comp="266" pin=1"/></net>

<net id="278"><net_src comp="30" pin="0"/><net_sink comp="272" pin=0"/></net>

<net id="279"><net_src comp="266" pin="2"/><net_sink comp="272" pin=1"/></net>

<net id="280"><net_src comp="24" pin="0"/><net_sink comp="272" pin=2"/></net>

<net id="281"><net_src comp="32" pin="0"/><net_sink comp="272" pin=3"/></net>

<net id="288"><net_src comp="38" pin="0"/><net_sink comp="282" pin=0"/></net>

<net id="289"><net_src comp="207" pin="2"/><net_sink comp="282" pin=1"/></net>

<net id="290"><net_src comp="24" pin="0"/><net_sink comp="282" pin=2"/></net>

<net id="291"><net_src comp="40" pin="0"/><net_sink comp="282" pin=3"/></net>

<net id="304"><net_src comp="38" pin="0"/><net_sink comp="298" pin=0"/></net>

<net id="305"><net_src comp="257" pin="2"/><net_sink comp="298" pin=1"/></net>

<net id="306"><net_src comp="24" pin="0"/><net_sink comp="298" pin=2"/></net>

<net id="307"><net_src comp="40" pin="0"/><net_sink comp="298" pin=3"/></net>

<net id="313"><net_src comp="298" pin="4"/><net_sink comp="308" pin=2"/></net>

<net id="317"><net_src comp="308" pin="3"/><net_sink comp="314" pin=0"/></net>

<net id="322"><net_src comp="62" pin="0"/><net_sink comp="318" pin=0"/></net>

<net id="323"><net_src comp="292" pin="1"/><net_sink comp="318" pin=1"/></net>

<net id="328"><net_src comp="318" pin="2"/><net_sink comp="324" pin=0"/></net>

<net id="329"><net_src comp="295" pin="1"/><net_sink comp="324" pin=1"/></net>

<net id="334"><net_src comp="324" pin="2"/><net_sink comp="330" pin=0"/></net>

<net id="335"><net_src comp="314" pin="1"/><net_sink comp="330" pin=1"/></net>

<net id="339"><net_src comp="70" pin="2"/><net_sink comp="336" pin=0"/></net>

<net id="340"><net_src comp="336" pin="1"/><net_sink comp="118" pin=0"/></net>

<net id="344"><net_src comp="108" pin="1"/><net_sink comp="341" pin=0"/></net>

<net id="345"><net_src comp="341" pin="1"/><net_sink comp="94" pin=1"/></net>

<net id="349"><net_src comp="113" pin="1"/><net_sink comp="346" pin=0"/></net>

<net id="350"><net_src comp="346" pin="1"/><net_sink comp="94" pin=0"/></net>

<net id="354"><net_src comp="118" pin="2"/><net_sink comp="351" pin=0"/></net>

<net id="355"><net_src comp="351" pin="1"/><net_sink comp="161" pin=0"/></net>

<net id="356"><net_src comp="351" pin="1"/><net_sink comp="241" pin=0"/></net>

<net id="357"><net_src comp="351" pin="1"/><net_sink comp="308" pin=0"/></net>

<net id="361"><net_src comp="123" pin="1"/><net_sink comp="358" pin=0"/></net>

<net id="362"><net_src comp="358" pin="1"/><net_sink comp="94" pin=1"/></net>

<net id="363"><net_src comp="358" pin="1"/><net_sink comp="94" pin=0"/></net>

<net id="367"><net_src comp="128" pin="1"/><net_sink comp="364" pin=0"/></net>

<net id="368"><net_src comp="364" pin="1"/><net_sink comp="94" pin=0"/></net>

<net id="369"><net_src comp="364" pin="1"/><net_sink comp="94" pin=1"/></net>

<net id="373"><net_src comp="133" pin="1"/><net_sink comp="370" pin=0"/></net>

<net id="374"><net_src comp="370" pin="1"/><net_sink comp="94" pin=0"/></net>

<net id="375"><net_src comp="370" pin="1"/><net_sink comp="94" pin=1"/></net>

<net id="379"><net_src comp="98" pin="4"/><net_sink comp="376" pin=0"/></net>

<net id="380"><net_src comp="376" pin="1"/><net_sink comp="161" pin=1"/></net>

<net id="381"><net_src comp="376" pin="1"/><net_sink comp="196" pin=0"/></net>

<net id="385"><net_src comp="98" pin="4"/><net_sink comp="382" pin=0"/></net>

<net id="386"><net_src comp="382" pin="1"/><net_sink comp="161" pin=2"/></net>

<net id="387"><net_src comp="382" pin="1"/><net_sink comp="200" pin=0"/></net>

<net id="391"><net_src comp="98" pin="4"/><net_sink comp="388" pin=0"/></net>

<net id="392"><net_src comp="388" pin="1"/><net_sink comp="196" pin=1"/></net>

<net id="393"><net_src comp="388" pin="1"/><net_sink comp="200" pin=1"/></net>

<net id="397"><net_src comp="148" pin="4"/><net_sink comp="394" pin=0"/></net>

<net id="398"><net_src comp="394" pin="1"/><net_sink comp="158" pin=0"/></net>

<net id="402"><net_src comp="94" pin="2"/><net_sink comp="399" pin=0"/></net>

<net id="403"><net_src comp="399" pin="1"/><net_sink comp="223" pin=1"/></net>

<net id="407"><net_src comp="190" pin="2"/><net_sink comp="404" pin=0"/></net>

<net id="408"><net_src comp="404" pin="1"/><net_sink comp="295" pin=0"/></net>

<net id="412"><net_src comp="196" pin="2"/><net_sink comp="409" pin=0"/></net>

<net id="413"><net_src comp="409" pin="1"/><net_sink comp="204" pin=0"/></net>

<net id="417"><net_src comp="200" pin="2"/><net_sink comp="414" pin=0"/></net>

<net id="418"><net_src comp="414" pin="1"/><net_sink comp="254" pin=0"/></net>

<net id="422"><net_src comp="94" pin="2"/><net_sink comp="419" pin=0"/></net>

<net id="423"><net_src comp="419" pin="1"/><net_sink comp="232" pin=1"/></net>

<net id="427"><net_src comp="204" pin="1"/><net_sink comp="424" pin=0"/></net>

<net id="428"><net_src comp="424" pin="1"/><net_sink comp="207" pin=0"/></net>

<net id="432"><net_src comp="248" pin="2"/><net_sink comp="429" pin=0"/></net>

<net id="433"><net_src comp="429" pin="1"/><net_sink comp="263" pin=0"/></net>

<net id="437"><net_src comp="254" pin="1"/><net_sink comp="434" pin=0"/></net>

<net id="438"><net_src comp="434" pin="1"/><net_sink comp="257" pin=0"/></net>

<net id="442"><net_src comp="272" pin="4"/><net_sink comp="439" pin=0"/></net>

<net id="443"><net_src comp="439" pin="1"/><net_sink comp="292" pin=0"/></net>

<net id="447"><net_src comp="282" pin="4"/><net_sink comp="444" pin=0"/></net>

<net id="448"><net_src comp="444" pin="1"/><net_sink comp="308" pin=1"/></net>

</net_list>

</model> 
---------------- Datapath Model END ------------------

* FSMD analyzer results:
  - Output states:
	Port: tr_C_eff_f_raw_val | {}
	Port: tr_C_min_f_val | {}
	Port: tr_F_yf_val | {}
	Port: tr_sin_delta_val | {}
	Port: tr_cos_delta_val | {}
 - Input state : 
	Port: compute_B_steering : tr_C_eff_f_raw_val | {1 }
	Port: compute_B_steering : tr_C_min_f_val | {2 }
	Port: compute_B_steering : tr_F_yf_val | {3 }
	Port: compute_B_steering : tr_sin_delta_val | {3 }
	Port: compute_B_steering : tr_cos_delta_val | {1 }
  - Chain level:
	State 1
		mul_ln574_53 : 1
	State 2
		mul_ln574_54 : 1
	State 3
		specfucore_ln576 : 1
		product_q_104 : 1
		mul_ln574_55 : 1
	State 4
		specfucore_ln576 : 1
		product_q_105 : 1
	State 5
		specfucore_ln576 : 1
		product_q_106 : 1
		sext_ln591 : 2
		product : 3
		product_q_107 : 4
	State 6
		specfucore_ln576 : 1
		sext_ln518 : 1
		mul_ln518 : 2
		trunc_ln : 3
		sext_ln518_1 : 4
		sub_ln518 : 5
	State 7
		specfucore_ln576 : 1
		mul_ln574_56 : 1
	State 8
		specfucore_ln576 : 1
		product_q : 1
		select_ln512 : 1
		add_ln512 : 2
		mul_ln574_57 : 1
	State 9
		mul_ln512 : 1
		trunc_ln512_2 : 2
		specfucore_ln576 : 1
		tmp_15 : 1
	State 10
		rend20 : 1
		rend18 : 1
		rend16 : 1
		rend14 : 1
		rend12 : 1
		rend10 : 1
		rend8 : 1
		specfucore_ln576 : 1
		rend : 1
		tmp_16 : 1
		select_ln524 : 2
		sext_ln524 : 3
		mrv : 1
		mrv_1 : 2
		mrv_2 : 4
		ret_ln525 : 5


============================================================
+ Verbose Summary: Datapath Resource usage 
============================================================

* Functional unit list:
|----------|------------------------------------|---------|---------|---------|
| Operation|           Functional Unit          |   DSP   |    FF   |   LUT   |
|----------|------------------------------------|---------|---------|---------|
|          |              grp_fu_94             |    2    |    10   |    14   |
|          |           product_fu_142           |    1    |    0    |    15   |
|    mul   |          mul_ln518_fu_170          |    1    |    0    |    15   |
|          |             grp_fu_207             |    1    |    10   |    14   |
|          |             grp_fu_257             |    1    |    10   |    14   |
|          |          mul_ln512_fu_266          |    1    |    0    |    15   |
|----------|------------------------------------|---------|---------|---------|
|          |          sub_ln518_fu_190          |    0    |    0    |    23   |
|    sub   |            value_fu_196            |    0    |    0    |    28   |
|          |          value_217_fu_200          |    0    |    0    |    28   |
|----------|------------------------------------|---------|---------|---------|
|          |         select_ln518_fu_161        |    0    |    0    |    20   |
|  select  |         select_ln512_fu_241        |    0    |    0    |    20   |
|          |         select_ln524_fu_308        |    0    |    0    |    18   |
|----------|------------------------------------|---------|---------|---------|
|   icmp   |        use_front_raw_fu_118        |    0    |    0    |    28   |
|----------|------------------------------------|---------|---------|---------|
|    add   |          add_ln512_fu_248          |    0    |    0    |    28   |
|----------|------------------------------------|---------|---------|---------|
|          |  tr_cos_delta_val_read_read_fu_64  |    0    |    0    |    0    |
|          | tr_C_eff_f_raw_val_read_read_fu_70 |    0    |    0    |    0    |
|   read   |   tr_C_min_f_val_read_read_fu_76   |    0    |    0    |    0    |
|          |  tr_sin_delta_val_read_read_fu_82  |    0    |    0    |    0    |
|          |     tr_F_yf_val_read_read_fu_88    |    0    |    0    |    0    |
|----------|------------------------------------|---------|---------|---------|
|          |              grp_fu_98             |    0    |    0    |    0    |
|          |        product_q_107_fu_148        |    0    |    0    |    0    |
|          |           trunc_ln_fu_176          |    0    |    0    |    0    |
|          |          product_q_fu_213          |    0    |    0    |    0    |
|partselect|             tmp_fu_223             |    0    |    0    |    0    |
|          |            tmp_s_fu_232            |    0    |    0    |    0    |
|          |        trunc_ln512_2_fu_272        |    0    |    0    |    0    |
|          |            tmp_15_fu_282           |    0    |    0    |    0    |
|          |            tmp_16_fu_298           |    0    |    0    |    0    |
|----------|------------------------------------|---------|---------|---------|
|          |          sext_ln574_fu_108         |    0    |    0    |    0    |
|          |        sext_ln574_69_fu_113        |    0    |    0    |    0    |
|          |        sext_ln574_67_fu_123        |    0    |    0    |    0    |
|          |        sext_ln574_66_fu_128        |    0    |    0    |    0    |
|          |        sext_ln574_68_fu_133        |    0    |    0    |    0    |
|          |          sext_ln591_fu_138         |    0    |    0    |    0    |
|          |          sext_ln593_fu_158         |    0    |    0    |    0    |
|   sext   |          sext_ln518_fu_166         |    0    |    0    |    0    |
|          |         sext_ln518_1_fu_186        |    0    |    0    |    0    |
|          |        sext_ln574_70_fu_204        |    0    |    0    |    0    |
|          |        sext_ln574_71_fu_254        |    0    |    0    |    0    |
|          |          sext_ln512_fu_263         |    0    |    0    |    0    |
|          |         sext_ln512_1_fu_292        |    0    |    0    |    0    |
|          |          sext_ln521_fu_295         |    0    |    0    |    0    |
|          |          sext_ln524_fu_314         |    0    |    0    |    0    |
|----------|------------------------------------|---------|---------|---------|
|          |             mrv_fu_318             |    0    |    0    |    0    |
|insertvalue|            mrv_1_fu_324            |    0    |    0    |    0    |
|          |            mrv_2_fu_330            |    0    |    0    |    0    |
|----------|------------------------------------|---------|---------|---------|
|   Total  |                                    |    7    |    30   |   280   |
|----------|------------------------------------|---------|---------|---------|

Memories:
N/A

* Register list:
+-------------------------------+--------+
|                               |   FF   |
+-------------------------------+--------+
|       add_ln512_reg_429       |   21   |
|      mul_ln574_51_reg_419     |   42   |
|       mul_ln574_reg_399       |   42   |
|     product_q_104_reg_376     |   21   |
|     product_q_105_reg_382     |   21   |
|     product_q_106_reg_388     |   21   |
|     product_q_107_reg_394     |   16   |
|     sext_ln574_66_reg_364     |   42   |
|     sext_ln574_67_reg_358     |   42   |
|     sext_ln574_68_reg_370     |   42   |
|     sext_ln574_69_reg_346     |   42   |
|     sext_ln574_70_reg_424     |   32   |
|     sext_ln574_71_reg_434     |   32   |
|       sext_ln574_reg_341      |   42   |
|       sub_ln518_reg_404       |   17   |
|         tmp_15_reg_444        |   19   |
|tr_C_eff_f_raw_val_read_reg_336|   21   |
|     trunc_ln512_2_reg_439     |   16   |
|     use_front_raw_reg_351     |    1   |
|       value_217_reg_414       |   21   |
|         value_reg_409         |   21   |
+-------------------------------+--------+
|             Total             |   574  |
+-------------------------------+--------+

* Multiplexer (MUX) list: 
|------------|------|------|------|--------||---------||---------||---------|
|    Comp    |  Pin | Size |  BW  | S x BW ||  Delay  ||    FF   ||   LUT   |
|------------|------|------|------|--------||---------||---------||---------|
|  grp_fu_94 |  p0  |   6  |  21  |   126  ||    0    ||    31   |
|  grp_fu_94 |  p1  |   7  |  21  |   147  ||    0    ||    37   |
| grp_fu_207 |  p0  |   2  |  21  |   42   ||    0    ||    9    |
| grp_fu_257 |  p0  |   2  |  21  |   42   ||    0    ||    9    |
|------------|------|------|------|--------||---------||---------||---------|
|    Total   |      |      |      |   357  ||  2.149  ||    0    ||    86   |
|------------|------|------|------|--------||---------||---------||---------|



* Summary:
+-----------+--------+--------+--------+--------+
|           |   DSP  |  Delay |   FF   |   LUT  |
+-----------+--------+--------+--------+--------+
|  Function |    7   |    -   |   30   |   280  |
|   Memory  |    -   |    -   |    -   |    -   |
|Multiplexer|    -   |    2   |    0   |   86   |
|  Register |    -   |    -   |   574  |    -   |
+-----------+--------+--------+--------+--------+
|   Total   |    7   |    2   |   604  |   366  |
+-----------+--------+--------+--------+--------+
