

================================================================
== Vitis HLS Report for 'compute_B_steering'
================================================================
* Date:           Thu Jun 11 17:48:30 2026

* Version:        2025.2 (Build 6295257 on Nov 14 2025)
* Project:        mpc_fpga_top_opencl
* Solution:       hls (Vitis Kernel Flow Target)
* Product family: zynquplus
* Target device:  xck26-sfvc784-2LV-c


================================================================
== Performance Estimates
================================================================
+ Timing: 
    * Summary: 
    +--------+---------+----------+------------+
    |  Clock |  Target | Estimated| Uncertainty|
    +--------+---------+----------+------------+
    |ap_clk  |  5.00 ns|  4.210 ns|     0.50 ns|
    +--------+---------+----------+------------+

+ Latency: 
    * Summary: 
    +---------+---------+-----------+-----------+-----+-----+---------+
    |  Latency (cycles) |   Latency (absolute)  |  Interval | Pipeline|
    |   min   |   max   |    min    |    max    | min | max |   Type  |
    +---------+---------+-----------+-----------+-----+-----+---------+
    |        9|        9|  45.000 ns|  45.000 ns|   10|   10|      yes|
    +---------+---------+-----------+-----------+-----+-----+---------+

    + Detail: 
        * Instance: 
        N/A

        * Loop: 
        N/A

============================================================
+ Verbose Summary: Synthesis Manager
============================================================
InlineROM: 1
ExposeGlobal: 0
============================================================
+ Verbose Summary: CDFG Model
============================================================
IsTopModel: 0
ResetActiveHigh: 1
IsCombinational: 0
IsDatapathOnly: 0
HasWiredReturn: 1
HasMFsm: 2
HasVarLatency: 0
IsPipeline: 1
IsRtlPipelined: 0
IsInstanceOverlapped: 0
IsDontTouch: 0
HasImplIP: 0
IsGatedGlobalClock: 0

+ Individual pipeline summary: 
  * Pipeline-0: initiation interval (II) = 10, depth = 10


============================================================
+ Verbose Summary: Schedule
============================================================
* Number of FSM states : 10
* Pipeline : 1
  Pipeline-0 : II = 10, D = 10, States = { 1 2 3 4 5 6 7 8 9 10 }
* Dataflow Pipeline: 0

* FSM state transitions: 
1 --> 2 
2 --> 3 
3 --> 4 
4 --> 5 
5 --> 6 
6 --> 7 
7 --> 8 
8 --> 9 
9 --> 10 
10 --> 

* FSM state operations: 

State 1 <SV = 0> <Delay = 1.64>
ST_1 : Operation 11 [1/1] (0.00ns)   --->   "%tr_cos_delta_val_read = read i21 @_ssdm_op_Read.ap_auto.i21, i21 %tr_cos_delta_val" [../src/vehicle_model_hls.cpp:496]   --->   Operation 11 'read' 'tr_cos_delta_val_read' <Predicate = true> <Delay = 0.00>
ST_1 : Operation 12 [1/1] (0.00ns)   --->   "%tr_C_eff_f_raw_val_read = read i21 @_ssdm_op_Read.ap_auto.i21, i21 %tr_C_eff_f_raw_val" [../src/vehicle_model_hls.cpp:496]   --->   Operation 12 'read' 'tr_C_eff_f_raw_val_read' <Predicate = true> <Delay = 0.00>
ST_1 : Operation 13 [1/1] (0.00ns)   --->   "%sext_ln574 = sext i21 %tr_C_eff_f_raw_val_read" [../src/fp_math_hls.cpp:574->../src/vehicle_model_hls.cpp:498]   --->   Operation 13 'sext' 'sext_ln574' <Predicate = true> <Delay = 0.00>
ST_1 : Operation 14 [1/1] (0.00ns)   --->   "%sext_ln574_69 = sext i21 %tr_cos_delta_val_read" [../src/fp_math_hls.cpp:574->../src/vehicle_model_hls.cpp:500]   --->   Operation 14 'sext' 'sext_ln574_69' <Predicate = true> <Delay = 0.00>
ST_1 : Operation 15 [3/3] (1.64ns)   --->   "%mul_ln574_53 = mul i42 %sext_ln574_69, i42 %sext_ln574" [../src/fp_math_hls.cpp:574->../src/vehicle_model_hls.cpp:502]   --->   Operation 15 'mul' 'mul_ln574_53' <Predicate = true> <Delay = 1.64> <CoreInst = "Mul_DSP">   --->   Core 5 'Mul_DSP' <Latency = 2> <II = 1> <Delay = 1.64> <FuncUnit> <Opcode : 'mul'> <InPorts = 2> <OutPorts = 1>

State 2 <SV = 1> <Delay = 1.64>
ST_2 : Operation 16 [1/1] (0.00ns)   --->   "%tr_C_min_f_val_read = read i21 @_ssdm_op_Read.ap_auto.i21, i21 %tr_C_min_f_val" [../src/vehicle_model_hls.cpp:496]   --->   Operation 16 'read' 'tr_C_min_f_val_read' <Predicate = true> <Delay = 0.00>
ST_2 : Operation 17 [1/1] (0.90ns)   --->   "%use_front_raw = icmp_sgt  i21 %tr_C_eff_f_raw_val_read, i21 %tr_C_min_f_val_read" [../src/vehicle_model_hls.cpp:496]   --->   Operation 17 'icmp' 'use_front_raw' <Predicate = true> <Delay = 0.90> <CoreInst = "Cmp">   --->   Core 9 'Cmp' <Latency = 0> <II = 1> <Delay = 0.90> <FuncUnit> <Opcode : 'seteq' 'setne' 'setle' 'setge' 'setlt' 'setgt'> <InPorts = 2> <OutPorts = 1>
ST_2 : Operation 18 [1/1] (0.00ns)   --->   "%sext_ln574_67 = sext i21 %tr_C_min_f_val_read" [../src/fp_math_hls.cpp:574->../src/vehicle_model_hls.cpp:499]   --->   Operation 18 'sext' 'sext_ln574_67' <Predicate = true> <Delay = 0.00>
ST_2 : Operation 19 [2/3] (1.64ns)   --->   "%mul_ln574_53 = mul i42 %sext_ln574_69, i42 %sext_ln574" [../src/fp_math_hls.cpp:574->../src/vehicle_model_hls.cpp:502]   --->   Operation 19 'mul' 'mul_ln574_53' <Predicate = true> <Delay = 1.64> <CoreInst = "Mul_DSP">   --->   Core 5 'Mul_DSP' <Latency = 2> <II = 1> <Delay = 1.64> <FuncUnit> <Opcode : 'mul'> <InPorts = 2> <OutPorts = 1>
ST_2 : Operation 20 [3/3] (1.64ns)   --->   "%mul_ln574_54 = mul i42 %sext_ln574_69, i42 %sext_ln574_67" [../src/fp_math_hls.cpp:574->../src/vehicle_model_hls.cpp:503]   --->   Operation 20 'mul' 'mul_ln574_54' <Predicate = true> <Delay = 1.64> <CoreInst = "Mul_DSP">   --->   Core 5 'Mul_DSP' <Latency = 2> <II = 1> <Delay = 1.64> <FuncUnit> <Opcode : 'mul'> <InPorts = 2> <OutPorts = 1>

State 3 <SV = 2> <Delay = 1.64>
ST_3 : Operation 21 [1/1] (0.00ns)   --->   "%tr_sin_delta_val_read = read i21 @_ssdm_op_Read.ap_auto.i21, i21 %tr_sin_delta_val" [../src/vehicle_model_hls.cpp:496]   --->   Operation 21 'read' 'tr_sin_delta_val_read' <Predicate = true> <Delay = 0.00>
ST_3 : Operation 22 [1/1] (0.00ns)   --->   "%tr_F_yf_val_read = read i21 @_ssdm_op_Read.ap_auto.i21, i21 %tr_F_yf_val" [../src/vehicle_model_hls.cpp:496]   --->   Operation 22 'read' 'tr_F_yf_val_read' <Predicate = true> <Delay = 0.00>
ST_3 : Operation 23 [1/1] (0.00ns)   --->   "%sext_ln574_66 = sext i21 %tr_sin_delta_val_read" [../src/fp_math_hls.cpp:574->../src/vehicle_model_hls.cpp:498]   --->   Operation 23 'sext' 'sext_ln574_66' <Predicate = true> <Delay = 0.00>
ST_3 : Operation 24 [1/1] (0.00ns)   --->   "%sext_ln574_68 = sext i21 %tr_F_yf_val_read" [../src/fp_math_hls.cpp:574->../src/vehicle_model_hls.cpp:500]   --->   Operation 24 'sext' 'sext_ln574_68' <Predicate = true> <Delay = 0.00>
ST_3 : Operation 25 [1/3] (1.64ns)   --->   "%mul_ln574_53 = mul i42 %sext_ln574_69, i42 %sext_ln574" [../src/fp_math_hls.cpp:574->../src/vehicle_model_hls.cpp:502]   --->   Operation 25 'mul' 'mul_ln574_53' <Predicate = true> <Delay = 1.64> <CoreInst = "Mul_DSP">   --->   Core 5 'Mul_DSP' <Latency = 2> <II = 1> <Delay = 1.64> <FuncUnit> <Opcode : 'mul'> <InPorts = 2> <OutPorts = 1>
ST_3 : Operation 26 [1/1] (0.00ns)   --->   "%specfucore_ln576 = specfucore void @_ssdm_op_SpecFUCore, i42 %mul_ln574_53, i64 12, i64 3, i64 2, i1 0" [../src/fp_math_hls.cpp:576->../src/vehicle_model_hls.cpp:502]   --->   Operation 26 'specfucore' 'specfucore_ln576' <Predicate = true> <Delay = 0.00>
ST_3 : Operation 27 [1/1] (0.00ns)   --->   "%product_q_104 = partselect i21 @_ssdm_op_PartSelect.i21.i42.i32.i32, i42 %mul_ln574_53, i32 12, i32 32" [../src/fp_math_hls.cpp:577->../src/vehicle_model_hls.cpp:502]   --->   Operation 27 'partselect' 'product_q_104' <Predicate = true> <Delay = 0.00>
ST_3 : Operation 28 [2/3] (1.64ns)   --->   "%mul_ln574_54 = mul i42 %sext_ln574_69, i42 %sext_ln574_67" [../src/fp_math_hls.cpp:574->../src/vehicle_model_hls.cpp:503]   --->   Operation 28 'mul' 'mul_ln574_54' <Predicate = true> <Delay = 1.64> <CoreInst = "Mul_DSP">   --->   Core 5 'Mul_DSP' <Latency = 2> <II = 1> <Delay = 1.64> <FuncUnit> <Opcode : 'mul'> <InPorts = 2> <OutPorts = 1>
ST_3 : Operation 29 [3/3] (1.64ns)   --->   "%mul_ln574_55 = mul i42 %sext_ln574_68, i42 %sext_ln574_66" [../src/fp_math_hls.cpp:574->../src/vehicle_model_hls.cpp:504]   --->   Operation 29 'mul' 'mul_ln574_55' <Predicate = true> <Delay = 1.64> <CoreInst = "Mul_DSP">   --->   Core 5 'Mul_DSP' <Latency = 2> <II = 1> <Delay = 1.64> <FuncUnit> <Opcode : 'mul'> <InPorts = 2> <OutPorts = 1>

State 4 <SV = 3> <Delay = 1.64>
ST_4 : Operation 30 [3/3] (1.64ns)   --->   "%mul_ln574 = mul i42 %sext_ln574_66, i42 %sext_ln574" [../src/fp_math_hls.cpp:574->../src/vehicle_model_hls.cpp:498]   --->   Operation 30 'mul' 'mul_ln574' <Predicate = (use_front_raw)> <Delay = 1.64> <CoreInst = "Mul_DSP">   --->   Core 5 'Mul_DSP' <Latency = 2> <II = 1> <Delay = 1.64> <FuncUnit> <Opcode : 'mul'> <InPorts = 2> <OutPorts = 1>
ST_4 : Operation 31 [1/3] (1.64ns)   --->   "%mul_ln574_54 = mul i42 %sext_ln574_69, i42 %sext_ln574_67" [../src/fp_math_hls.cpp:574->../src/vehicle_model_hls.cpp:503]   --->   Operation 31 'mul' 'mul_ln574_54' <Predicate = true> <Delay = 1.64> <CoreInst = "Mul_DSP">   --->   Core 5 'Mul_DSP' <Latency = 2> <II = 1> <Delay = 1.64> <FuncUnit> <Opcode : 'mul'> <InPorts = 2> <OutPorts = 1>
ST_4 : Operation 32 [1/1] (0.00ns)   --->   "%specfucore_ln576 = specfucore void @_ssdm_op_SpecFUCore, i42 %mul_ln574_54, i64 12, i64 3, i64 2, i1 0" [../src/fp_math_hls.cpp:576->../src/vehicle_model_hls.cpp:503]   --->   Operation 32 'specfucore' 'specfucore_ln576' <Predicate = true> <Delay = 0.00>
ST_4 : Operation 33 [1/1] (0.00ns)   --->   "%product_q_105 = partselect i21 @_ssdm_op_PartSelect.i21.i42.i32.i32, i42 %mul_ln574_54, i32 12, i32 32" [../src/fp_math_hls.cpp:577->../src/vehicle_model_hls.cpp:503]   --->   Operation 33 'partselect' 'product_q_105' <Predicate = true> <Delay = 0.00>
ST_4 : Operation 34 [2/3] (1.64ns)   --->   "%mul_ln574_55 = mul i42 %sext_ln574_68, i42 %sext_ln574_66" [../src/fp_math_hls.cpp:574->../src/vehicle_model_hls.cpp:504]   --->   Operation 34 'mul' 'mul_ln574_55' <Predicate = true> <Delay = 1.64> <CoreInst = "Mul_DSP">   --->   Core 5 'Mul_DSP' <Latency = 2> <II = 1> <Delay = 1.64> <FuncUnit> <Opcode : 'mul'> <InPorts = 2> <OutPorts = 1>

State 5 <SV = 4> <Delay = 4.20>
ST_5 : Operation 35 [2/3] (1.64ns)   --->   "%mul_ln574 = mul i42 %sext_ln574_66, i42 %sext_ln574" [../src/fp_math_hls.cpp:574->../src/vehicle_model_hls.cpp:498]   --->   Operation 35 'mul' 'mul_ln574' <Predicate = (use_front_raw)> <Delay = 1.64> <CoreInst = "Mul_DSP">   --->   Core 5 'Mul_DSP' <Latency = 2> <II = 1> <Delay = 1.64> <FuncUnit> <Opcode : 'mul'> <InPorts = 2> <OutPorts = 1>
ST_5 : Operation 36 [3/3] (1.64ns)   --->   "%mul_ln574_51 = mul i42 %sext_ln574_67, i42 %sext_ln574_66" [../src/fp_math_hls.cpp:574->../src/vehicle_model_hls.cpp:499]   --->   Operation 36 'mul' 'mul_ln574_51' <Predicate = (!use_front_raw)> <Delay = 1.64> <CoreInst = "Mul_DSP">   --->   Core 5 'Mul_DSP' <Latency = 2> <II = 1> <Delay = 1.64> <FuncUnit> <Opcode : 'mul'> <InPorts = 2> <OutPorts = 1>
ST_5 : Operation 37 [1/3] (1.64ns)   --->   "%mul_ln574_55 = mul i42 %sext_ln574_68, i42 %sext_ln574_66" [../src/fp_math_hls.cpp:574->../src/vehicle_model_hls.cpp:504]   --->   Operation 37 'mul' 'mul_ln574_55' <Predicate = true> <Delay = 1.64> <CoreInst = "Mul_DSP">   --->   Core 5 'Mul_DSP' <Latency = 2> <II = 1> <Delay = 1.64> <FuncUnit> <Opcode : 'mul'> <InPorts = 2> <OutPorts = 1>
ST_5 : Operation 38 [1/1] (0.00ns)   --->   "%specfucore_ln576 = specfucore void @_ssdm_op_SpecFUCore, i42 %mul_ln574_55, i64 12, i64 3, i64 2, i1 0" [../src/fp_math_hls.cpp:576->../src/vehicle_model_hls.cpp:504]   --->   Operation 38 'specfucore' 'specfucore_ln576' <Predicate = true> <Delay = 0.00>
ST_5 : Operation 39 [1/1] (0.00ns)   --->   "%product_q_106 = partselect i21 @_ssdm_op_PartSelect.i21.i42.i32.i32, i42 %mul_ln574_55, i32 12, i32 32" [../src/fp_math_hls.cpp:577->../src/vehicle_model_hls.cpp:504]   --->   Operation 39 'partselect' 'product_q_106' <Predicate = true> <Delay = 0.00>
ST_5 : Operation 40 [1/1] (0.00ns)   --->   "%sext_ln591 = sext i21 %product_q_106" [../src/fp_math_hls.cpp:591->../src/vehicle_model_hls.cpp:506]   --->   Operation 40 'sext' 'sext_ln591' <Predicate = true> <Delay = 0.00>
ST_5 : Operation 41 [1/1] (2.56ns)   --->   "%product = mul i28 %sext_ln591, i28 37" [../src/fp_math_hls.cpp:591->../src/vehicle_model_hls.cpp:506]   --->   Operation 41 'mul' 'product' <Predicate = true> <Delay = 2.56> <CoreInst = "Multiplier">   --->   Core 3 'Multiplier' <Latency = 0> <II = 1> <Delay = 2.56> <FuncUnit> <Opcode : 'mul'> <InPorts = 2> <OutPorts = 1>
ST_5 : Operation 42 [1/1] (0.00ns)   --->   "%product_q_107 = partselect i16 @_ssdm_op_PartSelect.i16.i28.i32.i32, i28 %product, i32 12, i32 27" [../src/fp_math_hls.cpp:593->../src/vehicle_model_hls.cpp:506]   --->   Operation 42 'partselect' 'product_q_107' <Predicate = true> <Delay = 0.00>

State 6 <SV = 5> <Delay = 3.76>
ST_6 : Operation 43 [1/3] (1.64ns)   --->   "%mul_ln574 = mul i42 %sext_ln574_66, i42 %sext_ln574" [../src/fp_math_hls.cpp:574->../src/vehicle_model_hls.cpp:498]   --->   Operation 43 'mul' 'mul_ln574' <Predicate = (use_front_raw)> <Delay = 1.64> <CoreInst = "Mul_DSP">   --->   Core 5 'Mul_DSP' <Latency = 2> <II = 1> <Delay = 1.64> <FuncUnit> <Opcode : 'mul'> <InPorts = 2> <OutPorts = 1>
ST_6 : Operation 44 [1/1] (0.00ns)   --->   "%specfucore_ln576 = specfucore void @_ssdm_op_SpecFUCore, i42 %mul_ln574, i64 12, i64 3, i64 2, i1 0" [../src/fp_math_hls.cpp:576->../src/vehicle_model_hls.cpp:498]   --->   Operation 44 'specfucore' 'specfucore_ln576' <Predicate = true> <Delay = 0.00>
ST_6 : Operation 45 [2/3] (1.64ns)   --->   "%mul_ln574_51 = mul i42 %sext_ln574_67, i42 %sext_ln574_66" [../src/fp_math_hls.cpp:574->../src/vehicle_model_hls.cpp:499]   --->   Operation 45 'mul' 'mul_ln574_51' <Predicate = (!use_front_raw)> <Delay = 1.64> <CoreInst = "Mul_DSP">   --->   Core 5 'Mul_DSP' <Latency = 2> <II = 1> <Delay = 1.64> <FuncUnit> <Opcode : 'mul'> <InPorts = 2> <OutPorts = 1>
ST_6 : Operation 46 [3/3] (1.64ns)   --->   "%mul_ln574_52 = mul i42 %sext_ln574_69, i42 %sext_ln574_68" [../src/fp_math_hls.cpp:574->../src/vehicle_model_hls.cpp:500]   --->   Operation 46 'mul' 'mul_ln574_52' <Predicate = true> <Delay = 1.64> <CoreInst = "Mul_DSP">   --->   Core 5 'Mul_DSP' <Latency = 2> <II = 1> <Delay = 1.64> <FuncUnit> <Opcode : 'mul'> <InPorts = 2> <OutPorts = 1>
ST_6 : Operation 47 [1/1] (0.00ns)   --->   "%sext_ln593 = sext i16 %product_q_107" [../src/fp_math_hls.cpp:593->../src/vehicle_model_hls.cpp:506]   --->   Operation 47 'sext' 'sext_ln593' <Predicate = true> <Delay = 0.00>
ST_6 : Operation 48 [1/1] (0.35ns)   --->   "%select_ln518 = select i1 %use_front_raw, i21 %product_q_104, i21 %product_q_105" [../src/vehicle_model_hls.cpp:518]   --->   Operation 48 'select' 'select_ln518' <Predicate = true> <Delay = 0.35> <CoreInst = "Sel">   --->   Core 73 'Sel' <Latency = 0> <II = 1> <Delay = 0.35> <FuncUnit> <Opcode : 'select'> <InPorts = 3> <OutPorts = 1>
ST_6 : Operation 49 [1/1] (0.00ns)   --->   "%sext_ln518 = sext i21 %select_ln518" [../src/vehicle_model_hls.cpp:518]   --->   Operation 49 'sext' 'sext_ln518' <Predicate = true> <Delay = 0.00>
ST_6 : Operation 50 [1/1] (2.56ns)   --->   "%mul_ln518 = mul i28 %sext_ln518, i28 37" [../src/vehicle_model_hls.cpp:518]   --->   Operation 50 'mul' 'mul_ln518' <Predicate = true> <Delay = 2.56> <CoreInst = "Multiplier">   --->   Core 3 'Multiplier' <Latency = 0> <II = 1> <Delay = 2.56> <FuncUnit> <Opcode : 'mul'> <InPorts = 2> <OutPorts = 1>
ST_6 : Operation 51 [1/1] (0.00ns)   --->   "%trunc_ln = partselect i16 @_ssdm_op_PartSelect.i16.i28.i32.i32, i28 %mul_ln518, i32 12, i32 27" [../src/vehicle_model_hls.cpp:518]   --->   Operation 51 'partselect' 'trunc_ln' <Predicate = true> <Delay = 0.00>
ST_6 : Operation 52 [1/1] (0.00ns)   --->   "%sext_ln518_1 = sext i16 %trunc_ln" [../src/vehicle_model_hls.cpp:518]   --->   Operation 52 'sext' 'sext_ln518_1' <Predicate = true> <Delay = 0.00>
ST_6 : Operation 53 [1/1] (0.85ns)   --->   "%sub_ln518 = sub i17 %sext_ln518_1, i17 %sext_ln593" [../src/vehicle_model_hls.cpp:518]   --->   Operation 53 'sub' 'sub_ln518' <Predicate = true> <Delay = 0.85> <CoreInst = "Adder">   --->   Core 1 'Adder' <Latency = 0> <II = 1> <Delay = 0.85> <FuncUnit> <Opcode : 'add' 'sub'> <InPorts = 2> <OutPorts = 1>
ST_6 : Operation 54 [1/1] (0.90ns)   --->   "%value = sub i21 %product_q_104, i21 %product_q_106" [../src/vehicle_model_hls.cpp:521]   --->   Operation 54 'sub' 'value' <Predicate = (use_front_raw)> <Delay = 0.90> <CoreInst = "Adder">   --->   Core 1 'Adder' <Latency = 0> <II = 1> <Delay = 0.90> <FuncUnit> <Opcode : 'add' 'sub'> <InPorts = 2> <OutPorts = 1>
ST_6 : Operation 55 [1/1] (0.90ns)   --->   "%value_214 = sub i21 %product_q_105, i21 %product_q_106" [../src/vehicle_model_hls.cpp:523]   --->   Operation 55 'sub' 'value_214' <Predicate = (!use_front_raw)> <Delay = 0.90> <CoreInst = "Adder">   --->   Core 1 'Adder' <Latency = 0> <II = 1> <Delay = 0.90> <FuncUnit> <Opcode : 'add' 'sub'> <InPorts = 2> <OutPorts = 1>

State 7 <SV = 6> <Delay = 1.64>
ST_7 : Operation 56 [1/3] (1.64ns)   --->   "%mul_ln574_51 = mul i42 %sext_ln574_67, i42 %sext_ln574_66" [../src/fp_math_hls.cpp:574->../src/vehicle_model_hls.cpp:499]   --->   Operation 56 'mul' 'mul_ln574_51' <Predicate = (!use_front_raw)> <Delay = 1.64> <CoreInst = "Mul_DSP">   --->   Core 5 'Mul_DSP' <Latency = 2> <II = 1> <Delay = 1.64> <FuncUnit> <Opcode : 'mul'> <InPorts = 2> <OutPorts = 1>
ST_7 : Operation 57 [1/1] (0.00ns)   --->   "%specfucore_ln576 = specfucore void @_ssdm_op_SpecFUCore, i42 %mul_ln574_51, i64 12, i64 3, i64 2, i1 0" [../src/fp_math_hls.cpp:576->../src/vehicle_model_hls.cpp:499]   --->   Operation 57 'specfucore' 'specfucore_ln576' <Predicate = true> <Delay = 0.00>
ST_7 : Operation 58 [2/3] (1.64ns)   --->   "%mul_ln574_52 = mul i42 %sext_ln574_69, i42 %sext_ln574_68" [../src/fp_math_hls.cpp:574->../src/vehicle_model_hls.cpp:500]   --->   Operation 58 'mul' 'mul_ln574_52' <Predicate = true> <Delay = 1.64> <CoreInst = "Mul_DSP">   --->   Core 5 'Mul_DSP' <Latency = 2> <II = 1> <Delay = 1.64> <FuncUnit> <Opcode : 'mul'> <InPorts = 2> <OutPorts = 1>
ST_7 : Operation 59 [1/1] (0.00ns)   --->   "%sext_ln574_70 = sext i21 %value" [../src/fp_math_hls.cpp:574->../src/vehicle_model_hls.cpp:521]   --->   Operation 59 'sext' 'sext_ln574_70' <Predicate = (use_front_raw)> <Delay = 0.00>
ST_7 : Operation 60 [3/3] (1.64ns)   --->   "%mul_ln574_56 = mul i32 %sext_ln574_70, i32 581" [../src/fp_math_hls.cpp:574->../src/vehicle_model_hls.cpp:521]   --->   Operation 60 'mul' 'mul_ln574_56' <Predicate = (use_front_raw)> <Delay = 1.64> <CoreInst = "Mul_DSP">   --->   Core 5 'Mul_DSP' <Latency = 2> <II = 1> <Delay = 1.64> <FuncUnit> <Opcode : 'mul'> <InPorts = 2> <OutPorts = 1>

State 8 <SV = 7> <Delay = 2.55>
ST_8 : Operation 61 [1/3] (1.64ns)   --->   "%mul_ln574_52 = mul i42 %sext_ln574_69, i42 %sext_ln574_68" [../src/fp_math_hls.cpp:574->../src/vehicle_model_hls.cpp:500]   --->   Operation 61 'mul' 'mul_ln574_52' <Predicate = true> <Delay = 1.64> <CoreInst = "Mul_DSP">   --->   Core 5 'Mul_DSP' <Latency = 2> <II = 1> <Delay = 1.64> <FuncUnit> <Opcode : 'mul'> <InPorts = 2> <OutPorts = 1>
ST_8 : Operation 62 [1/1] (0.00ns)   --->   "%specfucore_ln576 = specfucore void @_ssdm_op_SpecFUCore, i42 %mul_ln574_52, i64 12, i64 3, i64 2, i1 0" [../src/fp_math_hls.cpp:576->../src/vehicle_model_hls.cpp:500]   --->   Operation 62 'specfucore' 'specfucore_ln576' <Predicate = true> <Delay = 0.00>
ST_8 : Operation 63 [1/1] (0.00ns) (grouped into LUT with out node add_ln512)   --->   "%product_q = partselect i21 @_ssdm_op_PartSelect.i21.i42.i32.i32, i42 %mul_ln574_52, i32 12, i32 32" [../src/fp_math_hls.cpp:577->../src/vehicle_model_hls.cpp:500]   --->   Operation 63 'partselect' 'product_q' <Predicate = true> <Delay = 0.00>
ST_8 : Operation 64 [1/1] (0.00ns) (grouped into LUT with out node add_ln512)   --->   "%tmp = partselect i21 @_ssdm_op_PartSelect.i21.i42.i32.i32, i42 %mul_ln574, i32 12, i32 32" [../src/vehicle_model_hls.cpp:512]   --->   Operation 64 'partselect' 'tmp' <Predicate = (use_front_raw)> <Delay = 0.00>
ST_8 : Operation 65 [1/1] (0.00ns) (grouped into LUT with out node add_ln512)   --->   "%tmp_s = partselect i21 @_ssdm_op_PartSelect.i21.i42.i32.i32, i42 %mul_ln574_51, i32 12, i32 32" [../src/vehicle_model_hls.cpp:512]   --->   Operation 65 'partselect' 'tmp_s' <Predicate = (!use_front_raw)> <Delay = 0.00>
ST_8 : Operation 66 [1/1] (0.00ns) (grouped into LUT with out node add_ln512)   --->   "%select_ln512 = select i1 %use_front_raw, i21 %tmp, i21 %tmp_s" [../src/vehicle_model_hls.cpp:512]   --->   Operation 66 'select' 'select_ln512' <Predicate = true> <Delay = 0.00> <CoreInst = "Sel">   --->   Core 73 'Sel' <Latency = 0> <II = 1> <Delay = 0.35> <FuncUnit> <Opcode : 'select'> <InPorts = 3> <OutPorts = 1>
ST_8 : Operation 67 [1/1] (0.90ns) (out node of the LUT)   --->   "%add_ln512 = add i21 %product_q, i21 %select_ln512" [../src/vehicle_model_hls.cpp:512]   --->   Operation 67 'add' 'add_ln512' <Predicate = true> <Delay = 0.90> <CoreInst = "Adder">   --->   Core 1 'Adder' <Latency = 0> <II = 1> <Delay = 0.90> <FuncUnit> <Opcode : 'add' 'sub'> <InPorts = 2> <OutPorts = 1>
ST_8 : Operation 68 [2/3] (1.64ns)   --->   "%mul_ln574_56 = mul i32 %sext_ln574_70, i32 581" [../src/fp_math_hls.cpp:574->../src/vehicle_model_hls.cpp:521]   --->   Operation 68 'mul' 'mul_ln574_56' <Predicate = (use_front_raw)> <Delay = 1.64> <CoreInst = "Mul_DSP">   --->   Core 5 'Mul_DSP' <Latency = 2> <II = 1> <Delay = 1.64> <FuncUnit> <Opcode : 'mul'> <InPorts = 2> <OutPorts = 1>
ST_8 : Operation 69 [1/1] (0.00ns)   --->   "%sext_ln574_71 = sext i21 %value_214" [../src/fp_math_hls.cpp:574->../src/vehicle_model_hls.cpp:523]   --->   Operation 69 'sext' 'sext_ln574_71' <Predicate = (!use_front_raw)> <Delay = 0.00>
ST_8 : Operation 70 [3/3] (1.64ns)   --->   "%mul_ln574_57 = mul i32 %sext_ln574_71, i32 581" [../src/fp_math_hls.cpp:574->../src/vehicle_model_hls.cpp:523]   --->   Operation 70 'mul' 'mul_ln574_57' <Predicate = (!use_front_raw)> <Delay = 1.64> <CoreInst = "Mul_DSP">   --->   Core 5 'Mul_DSP' <Latency = 2> <II = 1> <Delay = 1.64> <FuncUnit> <Opcode : 'mul'> <InPorts = 2> <OutPorts = 1>

State 9 <SV = 8> <Delay = 2.56>
ST_9 : Operation 71 [1/1] (0.00ns)   --->   "%sext_ln512 = sext i21 %add_ln512" [../src/vehicle_model_hls.cpp:512]   --->   Operation 71 'sext' 'sext_ln512' <Predicate = true> <Delay = 0.00>
ST_9 : Operation 72 [1/1] (2.56ns)   --->   "%mul_ln512 = mul i28 %sext_ln512, i28 268435418" [../src/vehicle_model_hls.cpp:512]   --->   Operation 72 'mul' 'mul_ln512' <Predicate = true> <Delay = 2.56> <CoreInst = "Multiplier">   --->   Core 3 'Multiplier' <Latency = 0> <II = 1> <Delay = 2.56> <FuncUnit> <Opcode : 'mul'> <InPorts = 2> <OutPorts = 1>
ST_9 : Operation 73 [1/1] (0.00ns)   --->   "%trunc_ln512_2 = partselect i16 @_ssdm_op_PartSelect.i16.i28.i32.i32, i28 %mul_ln512, i32 12, i32 27" [../src/vehicle_model_hls.cpp:512]   --->   Operation 73 'partselect' 'trunc_ln512_2' <Predicate = true> <Delay = 0.00>
ST_9 : Operation 74 [1/3] (1.64ns)   --->   "%mul_ln574_56 = mul i32 %sext_ln574_70, i32 581" [../src/fp_math_hls.cpp:574->../src/vehicle_model_hls.cpp:521]   --->   Operation 74 'mul' 'mul_ln574_56' <Predicate = (use_front_raw)> <Delay = 1.64> <CoreInst = "Mul_DSP">   --->   Core 5 'Mul_DSP' <Latency = 2> <II = 1> <Delay = 1.64> <FuncUnit> <Opcode : 'mul'> <InPorts = 2> <OutPorts = 1>
ST_9 : Operation 75 [1/1] (0.00ns)   --->   "%specfucore_ln576 = specfucore void @_ssdm_op_SpecFUCore, i32 %mul_ln574_56, i64 12, i64 3, i64 2, i1 0" [../src/fp_math_hls.cpp:576->../src/vehicle_model_hls.cpp:521]   --->   Operation 75 'specfucore' 'specfucore_ln576' <Predicate = true> <Delay = 0.00>
ST_9 : Operation 76 [2/3] (1.64ns)   --->   "%mul_ln574_57 = mul i32 %sext_ln574_71, i32 581" [../src/fp_math_hls.cpp:574->../src/vehicle_model_hls.cpp:523]   --->   Operation 76 'mul' 'mul_ln574_57' <Predicate = (!use_front_raw)> <Delay = 1.64> <CoreInst = "Mul_DSP">   --->   Core 5 'Mul_DSP' <Latency = 2> <II = 1> <Delay = 1.64> <FuncUnit> <Opcode : 'mul'> <InPorts = 2> <OutPorts = 1>
ST_9 : Operation 77 [1/1] (0.00ns)   --->   "%tmp_15 = partselect i19 @_ssdm_op_PartSelect.i19.i32.i32.i32, i32 %mul_ln574_56, i32 12, i32 30" [../src/vehicle_model_hls.cpp:524]   --->   Operation 77 'partselect' 'tmp_15' <Predicate = (use_front_raw)> <Delay = 0.00>

State 10 <SV = 9> <Delay = 2.01>
ST_10 : Operation 78 [1/1] (0.00ns)   --->   "%rbegin19 = specregionbegin i32 @_ssdm_op_SpecRegionBegin, void @empty_215" [../src/fp_math_hls.cpp:574->../src/vehicle_model_hls.cpp:498]   --->   Operation 78 'specregionbegin' 'rbegin19' <Predicate = true> <Delay = 0.00>
ST_10 : Operation 79 [1/1] (0.00ns)   --->   "%rend20 = specregionend i32 @_ssdm_op_SpecRegionEnd, void @empty_215, i32 %rbegin19" [../src/fp_math_hls.cpp:574->../src/vehicle_model_hls.cpp:498]   --->   Operation 79 'specregionend' 'rend20' <Predicate = true> <Delay = 0.00>
ST_10 : Operation 80 [1/1] (0.00ns)   --->   "%rbegin17 = specregionbegin i32 @_ssdm_op_SpecRegionBegin, void @empty_225" [../src/fp_math_hls.cpp:574->../src/vehicle_model_hls.cpp:499]   --->   Operation 80 'specregionbegin' 'rbegin17' <Predicate = true> <Delay = 0.00>
ST_10 : Operation 81 [1/1] (0.00ns)   --->   "%rend18 = specregionend i32 @_ssdm_op_SpecRegionEnd, void @empty_225, i32 %rbegin17" [../src/fp_math_hls.cpp:574->../src/vehicle_model_hls.cpp:499]   --->   Operation 81 'specregionend' 'rend18' <Predicate = true> <Delay = 0.00>
ST_10 : Operation 82 [1/1] (0.00ns)   --->   "%rbegin15 = specregionbegin i32 @_ssdm_op_SpecRegionBegin, void @empty_463" [../src/fp_math_hls.cpp:574->../src/vehicle_model_hls.cpp:500]   --->   Operation 82 'specregionbegin' 'rbegin15' <Predicate = true> <Delay = 0.00>
ST_10 : Operation 83 [1/1] (0.00ns)   --->   "%rend16 = specregionend i32 @_ssdm_op_SpecRegionEnd, void @empty_463, i32 %rbegin15" [../src/fp_math_hls.cpp:574->../src/vehicle_model_hls.cpp:500]   --->   Operation 83 'specregionend' 'rend16' <Predicate = true> <Delay = 0.00>
ST_10 : Operation 84 [1/1] (0.00ns)   --->   "%rbegin13 = specregionbegin i32 @_ssdm_op_SpecRegionBegin, void @empty_1" [../src/fp_math_hls.cpp:574->../src/vehicle_model_hls.cpp:502]   --->   Operation 84 'specregionbegin' 'rbegin13' <Predicate = true> <Delay = 0.00>
ST_10 : Operation 85 [1/1] (0.00ns)   --->   "%rend14 = specregionend i32 @_ssdm_op_SpecRegionEnd, void @empty_1, i32 %rbegin13" [../src/fp_math_hls.cpp:574->../src/vehicle_model_hls.cpp:502]   --->   Operation 85 'specregionend' 'rend14' <Predicate = true> <Delay = 0.00>
ST_10 : Operation 86 [1/1] (0.00ns)   --->   "%rbegin11 = specregionbegin i32 @_ssdm_op_SpecRegionBegin, void @empty_226" [../src/fp_math_hls.cpp:574->../src/vehicle_model_hls.cpp:503]   --->   Operation 86 'specregionbegin' 'rbegin11' <Predicate = true> <Delay = 0.00>
ST_10 : Operation 87 [1/1] (0.00ns)   --->   "%rend12 = specregionend i32 @_ssdm_op_SpecRegionEnd, void @empty_226, i32 %rbegin11" [../src/fp_math_hls.cpp:574->../src/vehicle_model_hls.cpp:503]   --->   Operation 87 'specregionend' 'rend12' <Predicate = true> <Delay = 0.00>
ST_10 : Operation 88 [1/1] (0.00ns)   --->   "%rbegin9 = specregionbegin i32 @_ssdm_op_SpecRegionBegin, void @empty_3" [../src/fp_math_hls.cpp:574->../src/vehicle_model_hls.cpp:504]   --->   Operation 88 'specregionbegin' 'rbegin9' <Predicate = true> <Delay = 0.00>
ST_10 : Operation 89 [1/1] (0.00ns)   --->   "%rend10 = specregionend i32 @_ssdm_op_SpecRegionEnd, void @empty_3, i32 %rbegin9" [../src/fp_math_hls.cpp:574->../src/vehicle_model_hls.cpp:504]   --->   Operation 89 'specregionend' 'rend10' <Predicate = true> <Delay = 0.00>
ST_10 : Operation 90 [1/1] (0.00ns)   --->   "%sext_ln512_1 = sext i16 %trunc_ln512_2" [../src/vehicle_model_hls.cpp:512]   --->   Operation 90 'sext' 'sext_ln512_1' <Predicate = true> <Delay = 0.00>
ST_10 : Operation 91 [1/1] (0.00ns)   --->   "%sext_ln521 = sext i17 %sub_ln518" [../src/vehicle_model_hls.cpp:521]   --->   Operation 91 'sext' 'sext_ln521' <Predicate = true> <Delay = 0.00>
ST_10 : Operation 92 [1/1] (0.00ns)   --->   "%rbegin7 = specregionbegin i32 @_ssdm_op_SpecRegionBegin, void @empty_80" [../src/fp_math_hls.cpp:574->../src/vehicle_model_hls.cpp:521]   --->   Operation 92 'specregionbegin' 'rbegin7' <Predicate = true> <Delay = 0.00>
ST_10 : Operation 93 [1/1] (0.00ns)   --->   "%rend8 = specregionend i32 @_ssdm_op_SpecRegionEnd, void @empty_80, i32 %rbegin7" [../src/fp_math_hls.cpp:574->../src/vehicle_model_hls.cpp:521]   --->   Operation 93 'specregionend' 'rend8' <Predicate = true> <Delay = 0.00>
ST_10 : Operation 94 [1/1] (0.00ns)   --->   "%rbegin = specregionbegin i32 @_ssdm_op_SpecRegionBegin, void @empty_44" [../src/fp_math_hls.cpp:574->../src/vehicle_model_hls.cpp:523]   --->   Operation 94 'specregionbegin' 'rbegin' <Predicate = true> <Delay = 0.00>
ST_10 : Operation 95 [1/3] (1.64ns)   --->   "%mul_ln574_57 = mul i32 %sext_ln574_71, i32 581" [../src/fp_math_hls.cpp:574->../src/vehicle_model_hls.cpp:523]   --->   Operation 95 'mul' 'mul_ln574_57' <Predicate = (!use_front_raw)> <Delay = 1.64> <CoreInst = "Mul_DSP">   --->   Core 5 'Mul_DSP' <Latency = 2> <II = 1> <Delay = 1.64> <FuncUnit> <Opcode : 'mul'> <InPorts = 2> <OutPorts = 1>
ST_10 : Operation 96 [1/1] (0.00ns)   --->   "%specfucore_ln576 = specfucore void @_ssdm_op_SpecFUCore, i32 %mul_ln574_57, i64 12, i64 3, i64 2, i1 0" [../src/fp_math_hls.cpp:576->../src/vehicle_model_hls.cpp:523]   --->   Operation 96 'specfucore' 'specfucore_ln576' <Predicate = true> <Delay = 0.00>
ST_10 : Operation 97 [1/1] (0.00ns)   --->   "%rend = specregionend i32 @_ssdm_op_SpecRegionEnd, void @empty_44, i32 %rbegin" [../src/fp_math_hls.cpp:574->../src/vehicle_model_hls.cpp:523]   --->   Operation 97 'specregionend' 'rend' <Predicate = true> <Delay = 0.00>
ST_10 : Operation 98 [1/1] (0.00ns)   --->   "%tmp_16 = partselect i19 @_ssdm_op_PartSelect.i19.i32.i32.i32, i32 %mul_ln574_57, i32 12, i32 30" [../src/vehicle_model_hls.cpp:524]   --->   Operation 98 'partselect' 'tmp_16' <Predicate = (!use_front_raw)> <Delay = 0.00>
ST_10 : Operation 99 [1/1] (0.36ns)   --->   "%select_ln524 = select i1 %use_front_raw, i19 %tmp_15, i19 %tmp_16" [../src/vehicle_model_hls.cpp:524]   --->   Operation 99 'select' 'select_ln524' <Predicate = true> <Delay = 0.36> <CoreInst = "Sel">   --->   Core 73 'Sel' <Latency = 0> <II = 1> <Delay = 0.36> <FuncUnit> <Opcode : 'select'> <InPorts = 3> <OutPorts = 1>
ST_10 : Operation 100 [1/1] (0.00ns)   --->   "%sext_ln524 = sext i19 %select_ln524" [../src/vehicle_model_hls.cpp:524]   --->   Operation 100 'sext' 'sext_ln524' <Predicate = true> <Delay = 0.00>
ST_10 : Operation 101 [1/1] (0.00ns)   --->   "%mrv = insertvalue i63 <undef>, i21 %sext_ln512_1" [../src/vehicle_model_hls.cpp:525]   --->   Operation 101 'insertvalue' 'mrv' <Predicate = true> <Delay = 0.00>
ST_10 : Operation 102 [1/1] (0.00ns)   --->   "%mrv_1 = insertvalue i63 %mrv, i21 %sext_ln521" [../src/vehicle_model_hls.cpp:525]   --->   Operation 102 'insertvalue' 'mrv_1' <Predicate = true> <Delay = 0.00>
ST_10 : Operation 103 [1/1] (0.00ns)   --->   "%mrv_2 = insertvalue i63 %mrv_1, i21 %sext_ln524" [../src/vehicle_model_hls.cpp:525]   --->   Operation 103 'insertvalue' 'mrv_2' <Predicate = true> <Delay = 0.00>
ST_10 : Operation 104 [1/1] (0.00ns)   --->   "%ret_ln525 = ret i63 %mrv_2" [../src/vehicle_model_hls.cpp:525]   --->   Operation 104 'ret' 'ret_ln525' <Predicate = true> <Delay = 0.00>


============================================================
+ Verbose Summary: Timing violations
============================================================
Target clock period: 5.000ns, clock uncertainty: 0.500ns.

 <State 1>: 1.650ns
The critical path consists of the following:
	wire read operation ('tr_cos_delta_val_read', ../src/vehicle_model_hls.cpp:496) on port 'tr_cos_delta_val' (../src/vehicle_model_hls.cpp:496) [6]  (0.000 ns)
	'mul' operation 42 bit ('mul_ln574_53', ../src/fp_math_hls.cpp:574->../src/vehicle_model_hls.cpp:502) [31]  (1.650 ns)

 <State 2>: 1.650ns
The critical path consists of the following:
	'mul' operation 42 bit ('mul_ln574_53', ../src/fp_math_hls.cpp:574->../src/vehicle_model_hls.cpp:502) [31]  (1.650 ns)

 <State 3>: 1.650ns
The critical path consists of the following:
	'mul' operation 42 bit ('mul_ln574_53', ../src/fp_math_hls.cpp:574->../src/vehicle_model_hls.cpp:502) [31]  (1.650 ns)

 <State 4>: 1.650ns
The critical path consists of the following:
	'mul' operation 42 bit ('mul_ln574', ../src/fp_math_hls.cpp:574->../src/vehicle_model_hls.cpp:498) [15]  (1.650 ns)

 <State 5>: 4.210ns
The critical path consists of the following:
	'mul' operation 42 bit ('mul_ln574_55', ../src/fp_math_hls.cpp:574->../src/vehicle_model_hls.cpp:504) [41]  (1.650 ns)
	'mul' operation 28 bit ('product', ../src/fp_math_hls.cpp:591->../src/vehicle_model_hls.cpp:506) [46]  (2.560 ns)

 <State 6>: 3.766ns
The critical path consists of the following:
	'select' operation 21 bit ('select_ln518', ../src/vehicle_model_hls.cpp:518) [57]  (0.352 ns)
	'mul' operation 28 bit ('mul_ln518', ../src/vehicle_model_hls.cpp:518) [59]  (2.560 ns)
	'sub' operation 17 bit ('B30', ../src/vehicle_model_hls.cpp:518) [62]  (0.853 ns)

 <State 7>: 1.650ns
The critical path consists of the following:
	'mul' operation 42 bit ('mul_ln574_51', ../src/fp_math_hls.cpp:574->../src/vehicle_model_hls.cpp:499) [20]  (1.650 ns)

 <State 8>: 2.554ns
The critical path consists of the following:
	'mul' operation 42 bit ('mul_ln574_52', ../src/fp_math_hls.cpp:574->../src/vehicle_model_hls.cpp:500) [26]  (1.650 ns)
	'add' operation 21 bit ('add_ln512', ../src/vehicle_model_hls.cpp:512) [52]  (0.904 ns)

 <State 9>: 2.560ns
The critical path consists of the following:
	'mul' operation 28 bit ('mul_ln512', ../src/vehicle_model_hls.cpp:512) [54]  (2.560 ns)

 <State 10>: 2.011ns
The critical path consists of the following:
	'mul' operation 32 bit ('mul_ln574_57', ../src/fp_math_hls.cpp:574->../src/vehicle_model_hls.cpp:523) [73]  (1.650 ns)
	'select' operation 19 bit ('B40', ../src/vehicle_model_hls.cpp:524) [78]  (0.361 ns)


============================================================
+ Verbose Summary: Binding
============================================================
N/A
* FSMD analyzer results:
  - Output states:
 - Input state : 
  - Chain level:
	State 1
	State 2
	State 3
	State 4
	State 5
	State 6
	State 7
	State 8
	State 9
	State 10


============================================================
+ Verbose Summary: Datapath Resource usage 
============================================================
N/A
