

================================================================
== Vitis HLS Report for 'fp_atan_lut'
================================================================
* Date:           Thu May 21 15:23:03 2026

* Version:        2025.2 (Build 6295257 on Nov 14 2025)
* Project:        mpc_fpga_top_opencl
* Solution:       hls (Vitis Kernel Flow Target)
* Product family: zynquplus
* Target device:  xck26-sfvc784-2LV-c


================================================================
== Performance Estimates
================================================================
+ Timing: 
    * Summary: 
    +--------+---------+----------+------------+
    |  Clock |  Target | Estimated| Uncertainty|
    +--------+---------+----------+------------+
    |ap_clk  |  5.00 ns|  4.412 ns|     0.50 ns|
    +--------+---------+----------+------------+

+ Latency: 
    * Summary: 
    +---------+---------+-----------+-----------+-----+-----+---------+
    |  Latency (cycles) |   Latency (absolute)  |  Interval | Pipeline|
    |   min   |   max   |    min    |    max    | min | max |   Type  |
    +---------+---------+-----------+-----------+-----+-----+---------+
    |        6|        6|  30.000 ns|  30.000 ns|    7|    7|      yes|
    +---------+---------+-----------+-----------+-----+-----+---------+

    + Detail: 
        * Instance: 
        N/A

        * Loop: 
        N/A

============================================================
+ Verbose Summary: Synthesis Manager
============================================================
InlineROM: 1
ExposeGlobal: 0
============================================================
+ Verbose Summary: CDFG Model
============================================================
IsTopModel: 0
ResetActiveHigh: 1
IsCombinational: 0
IsDatapathOnly: 0
HasWiredReturn: 1
HasMFsm: 2
HasVarLatency: 0
IsPipeline: 1
IsRtlPipelined: 0
IsInstanceOverlapped: 0
IsDontTouch: 0
HasImplIP: 0
IsGatedGlobalClock: 0

+ Individual pipeline summary: 
  * Pipeline-0: initiation interval (II) = 7, depth = 7


============================================================
+ Verbose Summary: Schedule
============================================================
* Number of FSM states : 7
* Pipeline : 1
  Pipeline-0 : II = 7, D = 7, States = { 1 2 3 4 5 6 7 }
* Dataflow Pipeline: 0

* FSM state transitions: 
1 --> 2 
2 --> 3 
3 --> 4 
4 --> 5 
5 --> 6 
6 --> 7 
7 --> 

* FSM state operations: 

State 1 <SV = 0> <Delay = 4.25>
ST_1 : Operation 8 [1/1] (0.00ns)   --->   "%x_read = read i32 @_ssdm_op_Read.ap_auto.i32, i32 %x" [../src/fp_math_hls.cpp:632]   --->   Operation 8 'read' 'x_read' <Predicate = true> <Delay = 0.00>
ST_1 : Operation 9 [1/1] (0.00ns)   --->   "%neg = bitselect i1 @_ssdm_op_BitSelect.i1.i32.i32, i32 %x_read, i32 31" [../src/fp_math_hls.cpp:641]   --->   Operation 9 'bitselect' 'neg' <Predicate = true> <Delay = 0.00>
ST_1 : Operation 10 [1/1] (1.01ns)   --->   "%abs_x = sub i32 0, i32 %x_read" [../src/../include/fp_math_hls.h:118->../src/fp_math_hls.cpp:642]   --->   Operation 10 'sub' 'abs_x' <Predicate = true> <Delay = 1.01> <CoreInst = "Adder">   --->   Core 1 'Adder' <Latency = 0> <II = 1> <Delay = 1.01> <FuncUnit> <Opcode : 'add' 'sub'> <InPorts = 2> <OutPorts = 1>
ST_1 : Operation 11 [1/1] (0.44ns)   --->   "%abs_x_4 = select i1 %neg, i32 %abs_x, i32 %x_read" [../src/../include/fp_math_hls.h:118->../src/fp_math_hls.cpp:642]   --->   Operation 11 'select' 'abs_x_4' <Predicate = true> <Delay = 0.44> <CoreInst = "Sel">   --->   Core 73 'Sel' <Latency = 0> <II = 1> <Delay = 0.44> <FuncUnit> <Opcode : 'select'> <InPorts = 3> <OutPorts = 1>
ST_1 : Operation 12 [1/1] (0.00ns) (grouped into LUT with out node frac_raw)   --->   "%shl_ln645 = shl i32 %abs_x_4, i32 7" [../src/fp_math_hls.cpp:645]   --->   Operation 12 'shl' 'shl_ln645' <Predicate = true> <Delay = 0.00>
ST_1 : Operation 13 [1/1] (0.00ns)   --->   "%trunc_ln646_1 = partselect i20 @_ssdm_op_PartSelect.i20.i32.i32.i32, i32 %abs_x_4, i32 11, i32 30" [../src/fp_math_hls.cpp:646]   --->   Operation 13 'partselect' 'trunc_ln646_1' <Predicate = true> <Delay = 0.00>
ST_1 : Operation 14 [1/1] (0.00ns)   --->   "%tmp = bitselect i1 @_ssdm_op_BitSelect.i1.i32.i32, i32 %abs_x_4, i32 31" [../src/fp_math_hls.cpp:647]   --->   Operation 14 'bitselect' 'tmp' <Predicate = true> <Delay = 0.00>
ST_1 : Operation 15 [1/1] (0.36ns)   --->   "%idx = select i1 %tmp, i20 0, i20 %trunc_ln646_1" [../src/fp_math_hls.cpp:647]   --->   Operation 15 'select' 'idx' <Predicate = true> <Delay = 0.36> <CoreInst = "Sel">   --->   Core 73 'Sel' <Latency = 0> <II = 1> <Delay = 0.36> <FuncUnit> <Opcode : 'select'> <InPorts = 3> <OutPorts = 1>
ST_1 : Operation 16 [1/1] (0.00ns)   --->   "%trunc_ln646 = trunc i20 %idx" [../src/fp_math_hls.cpp:646]   --->   Operation 16 'trunc' 'trunc_ln646' <Predicate = true> <Delay = 0.00>
ST_1 : Operation 17 [1/1] (0.00ns)   --->   "%tmp_106 = partselect i10 @_ssdm_op_PartSelect.i10.i20.i32.i32, i20 %idx, i32 10, i32 19" [../src/fp_math_hls.cpp:649]   --->   Operation 17 'partselect' 'tmp_106' <Predicate = true> <Delay = 0.00>
ST_1 : Operation 18 [1/1] (0.78ns)   --->   "%icmp_ln649 = icmp_ne  i10 %tmp_106, i10 0" [../src/fp_math_hls.cpp:649]   --->   Operation 18 'icmp' 'icmp_ln649' <Predicate = true> <Delay = 0.78> <CoreInst = "Cmp">   --->   Core 9 'Cmp' <Latency = 0> <II = 1> <Delay = 0.78> <FuncUnit> <Opcode : 'seteq' 'setne' 'setle' 'setge' 'setlt' 'setgt'> <InPorts = 2> <OutPorts = 1>
ST_1 : Operation 19 [1/1] (0.40ns)   --->   "%idx_4 = select i1 %icmp_ln649, i10 1023, i10 %trunc_ln646" [../src/fp_math_hls.cpp:649]   --->   Operation 19 'select' 'idx_4' <Predicate = true> <Delay = 0.40> <CoreInst = "Sel">   --->   Core 73 'Sel' <Latency = 0> <II = 1> <Delay = 0.40> <FuncUnit> <Opcode : 'select'> <InPorts = 3> <OutPorts = 1>
ST_1 : Operation 20 [1/1] (0.00ns) (grouped into LUT with out node frac_raw)   --->   "%shl_ln6 = bitconcatenate i28 @_ssdm_op_BitConcatenate.i28.i10.i18, i10 %idx_4, i18 0" [../src/fp_math_hls.cpp:652]   --->   Operation 20 'bitconcatenate' 'shl_ln6' <Predicate = true> <Delay = 0.00>
ST_1 : Operation 21 [1/1] (0.00ns) (grouped into LUT with out node frac_raw)   --->   "%zext_ln652 = zext i28 %shl_ln6" [../src/fp_math_hls.cpp:652]   --->   Operation 21 'zext' 'zext_ln652' <Predicate = true> <Delay = 0.00>
ST_1 : Operation 22 [1/1] (1.01ns) (out node of the LUT)   --->   "%frac_raw = sub i32 %shl_ln645, i32 %zext_ln652" [../src/fp_math_hls.cpp:652]   --->   Operation 22 'sub' 'frac_raw' <Predicate = true> <Delay = 1.01> <CoreInst = "Adder">   --->   Core 1 'Adder' <Latency = 0> <II = 1> <Delay = 1.01> <FuncUnit> <Opcode : 'add' 'sub'> <InPorts = 2> <OutPorts = 1>
ST_1 : Operation 23 [1/1] (0.00ns)   --->   "%zext_ln653 = zext i10 %idx_4" [../src/fp_math_hls.cpp:653]   --->   Operation 23 'zext' 'zext_ln653' <Predicate = true> <Delay = 0.00>
ST_1 : Operation 24 [1/1] (0.00ns)   --->   "%atan_lut_addr = getelementptr i19 %atan_lut, i64 0, i64 %zext_ln653" [../src/fp_math_hls.cpp:653]   --->   Operation 24 'getelementptr' 'atan_lut_addr' <Predicate = true> <Delay = 0.00>
ST_1 : Operation 25 [2/2] (1.23ns)   --->   "%value = load i11 %atan_lut_addr" [../src/fp_math_hls.cpp:653]   --->   Operation 25 'load' 'value' <Predicate = true> <Delay = 1.23> <CoreInst = "ROM_2P_BRAM">   --->   Core 106 'ROM_2P_BRAM' <Latency = 1> <II = 1> <Delay = 1.23> <Storage> <Opcode : 'load'> <Ports = 2> <Width = 19> <Depth = 1025> <ROM>

State 2 <SV = 1> <Delay = 2.02>
ST_2 : Operation 26 [1/1] (0.00ns)   --->   "%zext_ln646 = zext i10 %idx_4" [../src/fp_math_hls.cpp:646]   --->   Operation 26 'zext' 'zext_ln646' <Predicate = true> <Delay = 0.00>
ST_2 : Operation 27 [1/2] ( I:1.23ns O:1.23ns )   --->   "%value = load i11 %atan_lut_addr" [../src/fp_math_hls.cpp:653]   --->   Operation 27 'load' 'value' <Predicate = true> <Delay = 1.23> <CoreInst = "ROM_2P_BRAM">   --->   Core 106 'ROM_2P_BRAM' <Latency = 1> <II = 1> <Delay = 1.23> <Storage> <Opcode : 'load'> <Ports = 2> <Width = 19> <Depth = 1025> <ROM>
ST_2 : Operation 28 [1/1] (0.78ns)   --->   "%add_ln654 = add i11 %zext_ln646, i11 1" [../src/fp_math_hls.cpp:654]   --->   Operation 28 'add' 'add_ln654' <Predicate = true> <Delay = 0.78> <CoreInst = "Adder">   --->   Core 1 'Adder' <Latency = 0> <II = 1> <Delay = 0.78> <FuncUnit> <Opcode : 'add' 'sub'> <InPorts = 2> <OutPorts = 1>
ST_2 : Operation 29 [1/1] (0.00ns)   --->   "%zext_ln654 = zext i11 %add_ln654" [../src/fp_math_hls.cpp:654]   --->   Operation 29 'zext' 'zext_ln654' <Predicate = true> <Delay = 0.00>
ST_2 : Operation 30 [1/1] (0.00ns)   --->   "%atan_lut_addr_1 = getelementptr i19 %atan_lut, i64 0, i64 %zext_ln654" [../src/fp_math_hls.cpp:654]   --->   Operation 30 'getelementptr' 'atan_lut_addr_1' <Predicate = true> <Delay = 0.00>
ST_2 : Operation 31 [2/2] (1.23ns)   --->   "%value_203 = load i11 %atan_lut_addr_1" [../src/fp_math_hls.cpp:654]   --->   Operation 31 'load' 'value_203' <Predicate = true> <Delay = 1.23> <CoreInst = "ROM_2P_BRAM">   --->   Core 106 'ROM_2P_BRAM' <Latency = 1> <II = 1> <Delay = 1.23> <Storage> <Opcode : 'load'> <Ports = 2> <Width = 19> <Depth = 1025> <ROM>

State 3 <SV = 2> <Delay = 4.41>
ST_3 : Operation 32 [1/1] (0.00ns)   --->   "%zext_ln523_1 = zext i19 %value" [include/fp_types_hls.hpp:523->../src/fp_math_hls.cpp:653]   --->   Operation 32 'zext' 'zext_ln523_1' <Predicate = true> <Delay = 0.00>
ST_3 : Operation 33 [1/2] ( I:1.23ns O:1.23ns )   --->   "%value_203 = load i11 %atan_lut_addr_1" [../src/fp_math_hls.cpp:654]   --->   Operation 33 'load' 'value_203' <Predicate = true> <Delay = 1.23> <CoreInst = "ROM_2P_BRAM">   --->   Core 106 'ROM_2P_BRAM' <Latency = 1> <II = 1> <Delay = 1.23> <Storage> <Opcode : 'load'> <Ports = 2> <Width = 19> <Depth = 1025> <ROM>
ST_3 : Operation 34 [1/1] (0.00ns)   --->   "%zext_ln523_2 = zext i19 %value_203" [include/fp_types_hls.hpp:523->../src/fp_math_hls.cpp:654]   --->   Operation 34 'zext' 'zext_ln523_2' <Predicate = true> <Delay = 0.00>
ST_3 : Operation 35 [1/1] (0.88ns)   --->   "%dv_raw = sub i20 %zext_ln523_2, i20 %zext_ln523_1" [../src/fp_math_hls.cpp:203->../src/fp_math_hls.cpp:655]   --->   Operation 35 'sub' 'dv_raw' <Predicate = true> <Delay = 0.88> <CoreInst = "Adder">   --->   Core 1 'Adder' <Latency = 0> <II = 1> <Delay = 0.88> <FuncUnit> <Opcode : 'add' 'sub'> <InPorts = 2> <OutPorts = 1>
ST_3 : Operation 36 [1/1] (0.00ns)   --->   "%sext_ln166 = sext i32 %frac_raw" [../src/fp_math_hls.cpp:166->../src/fp_math_hls.cpp:204->../src/fp_math_hls.cpp:655]   --->   Operation 36 'sext' 'sext_ln166' <Predicate = true> <Delay = 0.00>
ST_3 : Operation 37 [1/1] (0.00ns)   --->   "%sext_ln166_1 = sext i20 %dv_raw" [../src/fp_math_hls.cpp:166->../src/fp_math_hls.cpp:204->../src/fp_math_hls.cpp:655]   --->   Operation 37 'sext' 'sext_ln166_1' <Predicate = true> <Delay = 0.00>
ST_3 : Operation 38 [4/4] (2.29ns)   --->   "%mul_ln166 = mul i51 %sext_ln166, i51 %sext_ln166_1" [../src/fp_math_hls.cpp:166->../src/fp_math_hls.cpp:204->../src/fp_math_hls.cpp:655]   --->   Operation 38 'mul' 'mul_ln166' <Predicate = true> <Delay = 2.29> <CoreInst = "Mul_DSP">   --->   Core 5 'Mul_DSP' <Latency = 3> <II = 1> <Delay = 2.29> <FuncUnit> <Opcode : 'mul'> <InPorts = 2> <OutPorts = 1>

State 4 <SV = 3> <Delay = 2.29>
ST_4 : Operation 39 [3/4] (2.29ns)   --->   "%mul_ln166 = mul i51 %sext_ln166, i51 %sext_ln166_1" [../src/fp_math_hls.cpp:166->../src/fp_math_hls.cpp:204->../src/fp_math_hls.cpp:655]   --->   Operation 39 'mul' 'mul_ln166' <Predicate = true> <Delay = 2.29> <CoreInst = "Mul_DSP">   --->   Core 5 'Mul_DSP' <Latency = 3> <II = 1> <Delay = 2.29> <FuncUnit> <Opcode : 'mul'> <InPorts = 2> <OutPorts = 1>

State 5 <SV = 4> <Delay = 2.29>
ST_5 : Operation 40 [2/4] (2.29ns)   --->   "%mul_ln166 = mul i51 %sext_ln166, i51 %sext_ln166_1" [../src/fp_math_hls.cpp:166->../src/fp_math_hls.cpp:204->../src/fp_math_hls.cpp:655]   --->   Operation 40 'mul' 'mul_ln166' <Predicate = true> <Delay = 2.29> <CoreInst = "Mul_DSP">   --->   Core 5 'Mul_DSP' <Latency = 3> <II = 1> <Delay = 2.29> <FuncUnit> <Opcode : 'mul'> <InPorts = 2> <OutPorts = 1>

State 6 <SV = 5> <Delay = 3.30>
ST_6 : Operation 41 [1/1] (0.00ns)   --->   "%zext_ln523 = zext i19 %value" [include/fp_types_hls.hpp:523->../src/fp_math_hls.cpp:653]   --->   Operation 41 'zext' 'zext_ln523' <Predicate = true> <Delay = 0.00>
ST_6 : Operation 42 [1/4] (2.29ns)   --->   "%mul_ln166 = mul i51 %sext_ln166, i51 %sext_ln166_1" [../src/fp_math_hls.cpp:166->../src/fp_math_hls.cpp:204->../src/fp_math_hls.cpp:655]   --->   Operation 42 'mul' 'mul_ln166' <Predicate = true> <Delay = 2.29> <CoreInst = "Mul_DSP">   --->   Core 5 'Mul_DSP' <Latency = 3> <II = 1> <Delay = 2.29> <FuncUnit> <Opcode : 'mul'> <InPorts = 2> <OutPorts = 1>
ST_6 : Operation 43 [1/1] (0.00ns)   --->   "%specfucore_ln167 = specfucore void @_ssdm_op_SpecFUCore, i51 %mul_ln166, i64 12, i64 3, i64 3, i1 0" [../src/fp_math_hls.cpp:167->../src/fp_math_hls.cpp:204->../src/fp_math_hls.cpp:655]   --->   Operation 43 'specfucore' 'specfucore_ln167' <Predicate = true> <Delay = 0.00>
ST_6 : Operation 44 [1/1] (0.00ns)   --->   "%interp_raw = partselect i32 @_ssdm_op_PartSelect.i32.i51.i32.i32, i51 %mul_ln166, i32 18, i32 49" [include/fp_types_hls.hpp:650->../src/fp_math_hls.cpp:168->../src/fp_math_hls.cpp:204->../src/fp_math_hls.cpp:655]   --->   Operation 44 'partselect' 'interp_raw' <Predicate = true> <Delay = 0.00>
ST_6 : Operation 45 [1/1] (1.01ns)   --->   "%raw_33 = add i32 %zext_ln523, i32 %interp_raw" [../src/fp_math_hls.cpp:205->../src/fp_math_hls.cpp:655]   --->   Operation 45 'add' 'raw_33' <Predicate = true> <Delay = 1.01> <CoreInst = "Adder">   --->   Core 1 'Adder' <Latency = 0> <II = 1> <Delay = 1.01> <FuncUnit> <Opcode : 'add' 'sub'> <InPorts = 2> <OutPorts = 1>

State 7 <SV = 6> <Delay = 1.46>
ST_7 : Operation 46 [1/1] (0.00ns)   --->   "%specmemcore_ln634 = specmemcore void @_ssdm_op_SpecMemCore, i19 %atan_lut, i64 666, i64 36, i64 18446744073709551615, i1 0" [../src/fp_math_hls.cpp:634]   --->   Operation 46 'specmemcore' 'specmemcore_ln634' <Predicate = true> <Delay = 0.00>
ST_7 : Operation 47 [1/1] (0.00ns)   --->   "%rbegin = specregionbegin i32 @_ssdm_op_SpecRegionBegin, void @empty_41" [../src/fp_math_hls.cpp:166->../src/fp_math_hls.cpp:204->../src/fp_math_hls.cpp:655]   --->   Operation 47 'specregionbegin' 'rbegin' <Predicate = true> <Delay = 0.00>
ST_7 : Operation 48 [1/1] (0.00ns)   --->   "%rend = specregionend i32 @_ssdm_op_SpecRegionEnd, void @empty_41, i32 %rbegin" [../src/fp_math_hls.cpp:166->../src/fp_math_hls.cpp:204->../src/fp_math_hls.cpp:655]   --->   Operation 48 'specregionend' 'rend' <Predicate = true> <Delay = 0.00>
ST_7 : Operation 49 [1/1] (1.01ns)   --->   "%raw = sub i32 0, i32 %raw_33" [../src/fp_math_hls.cpp:656]   --->   Operation 49 'sub' 'raw' <Predicate = (neg)> <Delay = 1.01> <CoreInst = "Adder">   --->   Core 1 'Adder' <Latency = 0> <II = 1> <Delay = 1.01> <FuncUnit> <Opcode : 'add' 'sub'> <InPorts = 2> <OutPorts = 1>
ST_7 : Operation 50 [1/1] (0.44ns)   --->   "%raw_34 = select i1 %neg, i32 %raw, i32 %raw_33" [../src/fp_math_hls.cpp:656]   --->   Operation 50 'select' 'raw_34' <Predicate = true> <Delay = 0.44> <CoreInst = "Sel">   --->   Core 73 'Sel' <Latency = 0> <II = 1> <Delay = 0.44> <FuncUnit> <Opcode : 'select'> <InPorts = 3> <OutPorts = 1>
ST_7 : Operation 51 [1/1] (0.00ns)   --->   "%ret_ln658 = ret i32 %raw_34" [../src/fp_math_hls.cpp:658]   --->   Operation 51 'ret' 'ret_ln658' <Predicate = true> <Delay = 0.00>


============================================================
+ Verbose Summary: Binding
============================================================
STG Binding: 
---------------- STG Properties BEGIN ----------------
- Is combinational: 0
- Is one-state seq: 0
- Is datapath-only: 0
- Is pipelined: 1
- Is top level: 0
Port [ Return ] is wired: 1; IO mode=ap_ctrl_hs:ce=0
Port [ x]:  wired=1; compound=0; hidden=0; nouse=0; global=0; static=0; extern=0; dir=0; type=0; pingpong=0; private_global=0; IO mode=ap_none:ce=0
Port [ atan_lut]:  wired=0; compound=1; hidden=1; nouse=0; global=1; static=1; extern=0; dir=0; type=1; pingpong=0; private_global=1; MemPort=[13]; IO mode=ap_memory:ce=0
---------------- STG Properties END ------------------

---------------- Datapath Model BEGIN ----------------

<LifeTime>
<method=bitvector/>
x_read            (read           ) [ 00000000]
neg               (bitselect      ) [ 00111111]
abs_x             (sub            ) [ 00000000]
abs_x_4           (select         ) [ 00000000]
shl_ln645         (shl            ) [ 00000000]
trunc_ln646_1     (partselect     ) [ 00000000]
tmp               (bitselect      ) [ 00000000]
idx               (select         ) [ 00000000]
trunc_ln646       (trunc          ) [ 00000000]
tmp_106           (partselect     ) [ 00000000]
icmp_ln649        (icmp           ) [ 00000000]
idx_4             (select         ) [ 00100000]
shl_ln6           (bitconcatenate ) [ 00000000]
zext_ln652        (zext           ) [ 00000000]
frac_raw          (sub            ) [ 00110000]
zext_ln653        (zext           ) [ 00000000]
atan_lut_addr     (getelementptr  ) [ 00100000]
zext_ln646        (zext           ) [ 00000000]
value             (load           ) [ 00011110]
add_ln654         (add            ) [ 00000000]
zext_ln654        (zext           ) [ 00000000]
atan_lut_addr_1   (getelementptr  ) [ 00010000]
zext_ln523_1      (zext           ) [ 00000000]
value_203         (load           ) [ 00000000]
zext_ln523_2      (zext           ) [ 00000000]
dv_raw            (sub            ) [ 00000000]
sext_ln166        (sext           ) [ 00001110]
sext_ln166_1      (sext           ) [ 00001110]
zext_ln523        (zext           ) [ 00000000]
mul_ln166         (mul            ) [ 00000000]
specfucore_ln167  (specfucore     ) [ 00000000]
interp_raw        (partselect     ) [ 00000000]
raw_33            (add            ) [ 00000001]
specmemcore_ln634 (specmemcore    ) [ 00000000]
rbegin            (specregionbegin) [ 00000000]
rend              (specregionend  ) [ 00000000]
raw               (sub            ) [ 00000000]
raw_34            (select         ) [ 00000000]
ret_ln658         (ret            ) [ 00000000]
</LifeTime>

<model>

<comp_list>
<comp id="0" class="1000" name="x">
<pin_list>
<pin id="1" dir="1" index="0" bw="1" slack="0"/>
</pin_list>
<bind>
<StgValue><ssdm name="x"/></StgValue>
</bind>
</comp>

<comp id="2" class="1000" name="atan_lut">
<pin_list>
<pin id="3" dir="1" index="0" bw="1" slack="0"/>
</pin_list>
<bind>
<StgValue><ssdm name="atan_lut"/><MemPortTyVec>1 3 </MemPortTyVec>
</StgValue>
</bind>
</comp>

<comp id="4" class="1001" name="const_4">
<pin_list>
<pin id="5" dir="1" index="0" bw="1" slack="0"/>
</pin_list>
<bind>
<StgValue><ssdm name="_ssdm_op_Read.ap_auto.i32"/></StgValue>
</bind>
</comp>

<comp id="6" class="1001" name="const_6">
<pin_list>
<pin id="7" dir="1" index="0" bw="1" slack="0"/>
</pin_list>
<bind>
<StgValue><ssdm name="_ssdm_op_BitSelect.i1.i32.i32"/></StgValue>
</bind>
</comp>

<comp id="8" class="1001" name="const_8">
<pin_list>
<pin id="9" dir="1" index="0" bw="1" slack="0"/>
</pin_list>
<bind>
<StgValue><ssdm name=""/></StgValue>
</bind>
</comp>

<comp id="10" class="1001" name="const_10">
<pin_list>
<pin id="11" dir="1" index="0" bw="1" slack="0"/>
</pin_list>
<bind>
<StgValue><ssdm name=""/></StgValue>
</bind>
</comp>

<comp id="12" class="1001" name="const_12">
<pin_list>
<pin id="13" dir="1" index="0" bw="1" slack="0"/>
</pin_list>
<bind>
<StgValue><ssdm name=""/></StgValue>
</bind>
</comp>

<comp id="14" class="1001" name="const_14">
<pin_list>
<pin id="15" dir="1" index="0" bw="1" slack="0"/>
</pin_list>
<bind>
<StgValue><ssdm name="_ssdm_op_PartSelect.i20.i32.i32.i32"/></StgValue>
</bind>
</comp>

<comp id="16" class="1001" name="const_16">
<pin_list>
<pin id="17" dir="1" index="0" bw="1" slack="0"/>
</pin_list>
<bind>
<StgValue><ssdm name=""/></StgValue>
</bind>
</comp>

<comp id="18" class="1001" name="const_18">
<pin_list>
<pin id="19" dir="1" index="0" bw="1" slack="0"/>
</pin_list>
<bind>
<StgValue><ssdm name=""/></StgValue>
</bind>
</comp>

<comp id="20" class="1001" name="const_20">
<pin_list>
<pin id="21" dir="1" index="0" bw="1" slack="0"/>
</pin_list>
<bind>
<StgValue><ssdm name=""/></StgValue>
</bind>
</comp>

<comp id="22" class="1001" name="const_22">
<pin_list>
<pin id="23" dir="1" index="0" bw="1" slack="0"/>
</pin_list>
<bind>
<StgValue><ssdm name="_ssdm_op_PartSelect.i10.i20.i32.i32"/></StgValue>
</bind>
</comp>

<comp id="24" class="1001" name="const_24">
<pin_list>
<pin id="25" dir="1" index="0" bw="1" slack="0"/>
</pin_list>
<bind>
<StgValue><ssdm name=""/></StgValue>
</bind>
</comp>

<comp id="26" class="1001" name="const_26">
<pin_list>
<pin id="27" dir="1" index="0" bw="1" slack="0"/>
</pin_list>
<bind>
<StgValue><ssdm name=""/></StgValue>
</bind>
</comp>

<comp id="28" class="1001" name="const_28">
<pin_list>
<pin id="29" dir="1" index="0" bw="1" slack="0"/>
</pin_list>
<bind>
<StgValue><ssdm name=""/></StgValue>
</bind>
</comp>

<comp id="30" class="1001" name="const_30">
<pin_list>
<pin id="31" dir="1" index="0" bw="1" slack="0"/>
</pin_list>
<bind>
<StgValue><ssdm name=""/></StgValue>
</bind>
</comp>

<comp id="32" class="1001" name="const_32">
<pin_list>
<pin id="33" dir="1" index="0" bw="1" slack="0"/>
</pin_list>
<bind>
<StgValue><ssdm name="_ssdm_op_BitConcatenate.i28.i10.i18"/></StgValue>
</bind>
</comp>

<comp id="34" class="1001" name="const_34">
<pin_list>
<pin id="35" dir="1" index="0" bw="1" slack="0"/>
</pin_list>
<bind>
<StgValue><ssdm name=""/></StgValue>
</bind>
</comp>

<comp id="36" class="1001" name="const_36">
<pin_list>
<pin id="37" dir="1" index="0" bw="1" slack="0"/>
</pin_list>
<bind>
<StgValue><ssdm name=""/></StgValue>
</bind>
</comp>

<comp id="38" class="1001" name="const_38">
<pin_list>
<pin id="39" dir="1" index="0" bw="1" slack="0"/>
</pin_list>
<bind>
<StgValue><ssdm name=""/></StgValue>
</bind>
</comp>

<comp id="40" class="1001" name="const_40">
<pin_list>
<pin id="41" dir="1" index="0" bw="1" slack="2147483647"/>
</pin_list>
<bind>
<StgValue><ssdm name="_ssdm_op_SpecFUCore"/></StgValue>
</bind>
</comp>

<comp id="42" class="1001" name="const_42">
<pin_list>
<pin id="43" dir="1" index="0" bw="1" slack="2147483647"/>
</pin_list>
<bind>
<StgValue><ssdm name=""/></StgValue>
</bind>
</comp>

<comp id="44" class="1001" name="const_44">
<pin_list>
<pin id="45" dir="1" index="0" bw="1" slack="2147483647"/>
</pin_list>
<bind>
<StgValue><ssdm name=""/></StgValue>
</bind>
</comp>

<comp id="46" class="1001" name="const_46">
<pin_list>
<pin id="47" dir="1" index="0" bw="1" slack="2147483647"/>
</pin_list>
<bind>
<StgValue><ssdm name=""/></StgValue>
</bind>
</comp>

<comp id="48" class="1001" name="const_48">
<pin_list>
<pin id="49" dir="1" index="0" bw="1" slack="0"/>
</pin_list>
<bind>
<StgValue><ssdm name="_ssdm_op_PartSelect.i32.i51.i32.i32"/></StgValue>
</bind>
</comp>

<comp id="50" class="1001" name="const_50">
<pin_list>
<pin id="51" dir="1" index="0" bw="1" slack="0"/>
</pin_list>
<bind>
<StgValue><ssdm name=""/></StgValue>
</bind>
</comp>

<comp id="52" class="1001" name="const_52">
<pin_list>
<pin id="53" dir="1" index="0" bw="1" slack="0"/>
</pin_list>
<bind>
<StgValue><ssdm name=""/></StgValue>
</bind>
</comp>

<comp id="54" class="1001" name="const_54">
<pin_list>
<pin id="55" dir="1" index="0" bw="1" slack="2147483647"/>
</pin_list>
<bind>
<StgValue><ssdm name="_ssdm_op_SpecMemCore"/></StgValue>
</bind>
</comp>

<comp id="56" class="1001" name="const_56">
<pin_list>
<pin id="57" dir="1" index="0" bw="1" slack="2147483647"/>
</pin_list>
<bind>
<StgValue><ssdm name=""/></StgValue>
</bind>
</comp>

<comp id="58" class="1001" name="const_58">
<pin_list>
<pin id="59" dir="1" index="0" bw="1" slack="2147483647"/>
</pin_list>
<bind>
<StgValue><ssdm name=""/></StgValue>
</bind>
</comp>

<comp id="60" class="1001" name="const_60">
<pin_list>
<pin id="61" dir="1" index="0" bw="1" slack="2147483647"/>
</pin_list>
<bind>
<StgValue><ssdm name=""/></StgValue>
</bind>
</comp>

<comp id="62" class="1001" name="const_62">
<pin_list>
<pin id="63" dir="1" index="0" bw="1" slack="2147483647"/>
</pin_list>
<bind>
<StgValue><ssdm name="_ssdm_op_SpecRegionBegin"/></StgValue>
</bind>
</comp>

<comp id="64" class="1001" name="const_64">
<pin_list>
<pin id="65" dir="1" index="0" bw="1" slack="2147483647"/>
</pin_list>
<bind>
<StgValue><ssdm name="empty_41"/></StgValue>
</bind>
</comp>

<comp id="66" class="1001" name="const_66">
<pin_list>
<pin id="67" dir="1" index="0" bw="1" slack="2147483647"/>
</pin_list>
<bind>
<StgValue><ssdm name="_ssdm_op_SpecRegionEnd"/></StgValue>
</bind>
</comp>

<comp id="68" class="1004" name="x_read_read_fu_68">
<pin_list>
<pin id="69" dir="0" index="0" bw="32" slack="0"/>
<pin id="70" dir="0" index="1" bw="32" slack="0"/>
<pin id="71" dir="1" index="2" bw="32" slack="0"/>
</pin_list>
<bind>
<opcode="read(1150) " fcode="read"/>
<opset="x_read/1 "/>
</bind>
</comp>

<comp id="74" class="1004" name="atan_lut_addr_gep_fu_74">
<pin_list>
<pin id="75" dir="0" index="0" bw="19" slack="0"/>
<pin id="76" dir="0" index="1" bw="1" slack="0"/>
<pin id="77" dir="0" index="2" bw="10" slack="0"/>
<pin id="78" dir="1" index="3" bw="11" slack="0"/>
</pin_list>
<bind>
<opcode="getelementptr(29) " fcode="getelementptr"/>
<opset="atan_lut_addr/1 "/>
</bind>
</comp>

<comp id="81" class="1004" name="grp_access_fu_81">
<pin_list>
<pin id="82" dir="0" index="0" bw="11" slack="0"/>
<pin id="83" dir="0" index="1" bw="19" slack="2147483647"/>
<pin id="84" dir="0" index="2" bw="0" slack="2147483647"/>
<pin id="85" dir="1" index="3" bw="19" slack="0"/>
</pin_list>
<bind>
<opcode="load(27) " fcode="load"/>
<opset="value/1 value_203/2 "/>
</bind>
</comp>

<comp id="87" class="1004" name="atan_lut_addr_1_gep_fu_87">
<pin_list>
<pin id="88" dir="0" index="0" bw="19" slack="0"/>
<pin id="89" dir="0" index="1" bw="1" slack="0"/>
<pin id="90" dir="0" index="2" bw="11" slack="0"/>
<pin id="91" dir="1" index="3" bw="11" slack="0"/>
</pin_list>
<bind>
<opcode="getelementptr(29) " fcode="getelementptr"/>
<opset="atan_lut_addr_1/2 "/>
</bind>
</comp>

<comp id="95" class="1004" name="grp_fu_95">
<pin_list>
<pin id="96" dir="0" index="0" bw="32" slack="0"/>
<pin id="97" dir="0" index="1" bw="20" slack="0"/>
<pin id="98" dir="1" index="2" bw="51" slack="0"/>
</pin_list>
<bind>
<opcode="mul(12) " fcode="mul"/>
<opset="mul_ln166/3 "/>
</bind>
</comp>

<comp id="99" class="1004" name="neg_fu_99">
<pin_list>
<pin id="100" dir="0" index="0" bw="1" slack="0"/>
<pin id="101" dir="0" index="1" bw="32" slack="0"/>
<pin id="102" dir="0" index="2" bw="6" slack="0"/>
<pin id="103" dir="1" index="3" bw="1" slack="0"/>
</pin_list>
<bind>
<opcode="bitselect(1000) " fcode="bitselect"/>
<opset="neg/1 "/>
</bind>
</comp>

<comp id="107" class="1004" name="abs_x_fu_107">
<pin_list>
<pin id="108" dir="0" index="0" bw="1" slack="0"/>
<pin id="109" dir="0" index="1" bw="32" slack="0"/>
<pin id="110" dir="1" index="2" bw="32" slack="0"/>
</pin_list>
<bind>
<opcode="sub(10) " fcode="sub"/>
<opset="abs_x/1 "/>
</bind>
</comp>

<comp id="113" class="1004" name="abs_x_4_fu_113">
<pin_list>
<pin id="114" dir="0" index="0" bw="1" slack="0"/>
<pin id="115" dir="0" index="1" bw="32" slack="0"/>
<pin id="116" dir="0" index="2" bw="32" slack="0"/>
<pin id="117" dir="1" index="3" bw="32" slack="0"/>
</pin_list>
<bind>
<opcode="select(49) " fcode="select"/>
<opset="abs_x_4/1 "/>
</bind>
</comp>

<comp id="121" class="1004" name="shl_ln645_fu_121">
<pin_list>
<pin id="122" dir="0" index="0" bw="32" slack="0"/>
<pin id="123" dir="0" index="1" bw="4" slack="0"/>
<pin id="124" dir="1" index="2" bw="32" slack="0"/>
</pin_list>
<bind>
<opcode="shl(20) " fcode="shl"/>
<opset="shl_ln645/1 "/>
</bind>
</comp>

<comp id="127" class="1004" name="trunc_ln646_1_fu_127">
<pin_list>
<pin id="128" dir="0" index="0" bw="20" slack="0"/>
<pin id="129" dir="0" index="1" bw="32" slack="0"/>
<pin id="130" dir="0" index="2" bw="5" slack="0"/>
<pin id="131" dir="0" index="3" bw="6" slack="0"/>
<pin id="132" dir="1" index="4" bw="20" slack="0"/>
</pin_list>
<bind>
<opcode="partselect(1002) " fcode="partselect"/>
<opset="trunc_ln646_1/1 "/>
</bind>
</comp>

<comp id="137" class="1004" name="tmp_fu_137">
<pin_list>
<pin id="138" dir="0" index="0" bw="1" slack="0"/>
<pin id="139" dir="0" index="1" bw="32" slack="0"/>
<pin id="140" dir="0" index="2" bw="6" slack="0"/>
<pin id="141" dir="1" index="3" bw="1" slack="0"/>
</pin_list>
<bind>
<opcode="bitselect(1000) " fcode="bitselect"/>
<opset="tmp/1 "/>
</bind>
</comp>

<comp id="145" class="1004" name="idx_fu_145">
<pin_list>
<pin id="146" dir="0" index="0" bw="1" slack="0"/>
<pin id="147" dir="0" index="1" bw="1" slack="0"/>
<pin id="148" dir="0" index="2" bw="20" slack="0"/>
<pin id="149" dir="1" index="3" bw="20" slack="0"/>
</pin_list>
<bind>
<opcode="select(49) " fcode="select"/>
<opset="idx/1 "/>
</bind>
</comp>

<comp id="153" class="1004" name="trunc_ln646_fu_153">
<pin_list>
<pin id="154" dir="0" index="0" bw="20" slack="0"/>
<pin id="155" dir="1" index="1" bw="10" slack="0"/>
</pin_list>
<bind>
<opcode="trunc(33) " fcode="trunc"/>
<opset="trunc_ln646/1 "/>
</bind>
</comp>

<comp id="157" class="1004" name="tmp_106_fu_157">
<pin_list>
<pin id="158" dir="0" index="0" bw="10" slack="0"/>
<pin id="159" dir="0" index="1" bw="20" slack="0"/>
<pin id="160" dir="0" index="2" bw="5" slack="0"/>
<pin id="161" dir="0" index="3" bw="6" slack="0"/>
<pin id="162" dir="1" index="4" bw="10" slack="0"/>
</pin_list>
<bind>
<opcode="partselect(1002) " fcode="partselect"/>
<opset="tmp_106/1 "/>
</bind>
</comp>

<comp id="167" class="1004" name="icmp_ln649_fu_167">
<pin_list>
<pin id="168" dir="0" index="0" bw="10" slack="0"/>
<pin id="169" dir="0" index="1" bw="1" slack="0"/>
<pin id="170" dir="1" index="2" bw="1" slack="0"/>
</pin_list>
<bind>
<opcode="icmp(45) " fcode="icmp"/>
<opset="icmp_ln649/1 "/>
</bind>
</comp>

<comp id="173" class="1004" name="idx_4_fu_173">
<pin_list>
<pin id="174" dir="0" index="0" bw="1" slack="0"/>
<pin id="175" dir="0" index="1" bw="1" slack="0"/>
<pin id="176" dir="0" index="2" bw="10" slack="0"/>
<pin id="177" dir="1" index="3" bw="10" slack="0"/>
</pin_list>
<bind>
<opcode="select(49) " fcode="select"/>
<opset="idx_4/1 "/>
</bind>
</comp>

<comp id="181" class="1004" name="shl_ln6_fu_181">
<pin_list>
<pin id="182" dir="0" index="0" bw="28" slack="0"/>
<pin id="183" dir="0" index="1" bw="10" slack="0"/>
<pin id="184" dir="0" index="2" bw="1" slack="0"/>
<pin id="185" dir="1" index="3" bw="28" slack="0"/>
</pin_list>
<bind>
<opcode="bitconcatenate(1004) " fcode="bitconcatenate"/>
<opset="shl_ln6/1 "/>
</bind>
</comp>

<comp id="189" class="1004" name="zext_ln652_fu_189">
<pin_list>
<pin id="190" dir="0" index="0" bw="28" slack="0"/>
<pin id="191" dir="1" index="1" bw="32" slack="0"/>
</pin_list>
<bind>
<opcode="zext(34) " fcode="zext"/>
<opset="zext_ln652/1 "/>
</bind>
</comp>

<comp id="193" class="1004" name="frac_raw_fu_193">
<pin_list>
<pin id="194" dir="0" index="0" bw="32" slack="0"/>
<pin id="195" dir="0" index="1" bw="28" slack="0"/>
<pin id="196" dir="1" index="2" bw="32" slack="2"/>
</pin_list>
<bind>
<opcode="sub(10) " fcode="sub"/>
<opset="frac_raw/1 "/>
</bind>
</comp>

<comp id="199" class="1004" name="zext_ln653_fu_199">
<pin_list>
<pin id="200" dir="0" index="0" bw="10" slack="0"/>
<pin id="201" dir="1" index="1" bw="64" slack="0"/>
</pin_list>
<bind>
<opcode="zext(34) " fcode="zext"/>
<opset="zext_ln653/1 "/>
</bind>
</comp>

<comp id="204" class="1004" name="zext_ln646_fu_204">
<pin_list>
<pin id="205" dir="0" index="0" bw="10" slack="1"/>
<pin id="206" dir="1" index="1" bw="11" slack="0"/>
</pin_list>
<bind>
<opcode="zext(34) " fcode="zext"/>
<opset="zext_ln646/2 "/>
</bind>
</comp>

<comp id="207" class="1004" name="add_ln654_fu_207">
<pin_list>
<pin id="208" dir="0" index="0" bw="10" slack="0"/>
<pin id="209" dir="0" index="1" bw="1" slack="0"/>
<pin id="210" dir="1" index="2" bw="11" slack="0"/>
</pin_list>
<bind>
<opcode="add(8) " fcode="add"/>
<opset="add_ln654/2 "/>
</bind>
</comp>

<comp id="213" class="1004" name="zext_ln654_fu_213">
<pin_list>
<pin id="214" dir="0" index="0" bw="11" slack="0"/>
<pin id="215" dir="1" index="1" bw="64" slack="0"/>
</pin_list>
<bind>
<opcode="zext(34) " fcode="zext"/>
<opset="zext_ln654/2 "/>
</bind>
</comp>

<comp id="218" class="1004" name="zext_ln523_1_fu_218">
<pin_list>
<pin id="219" dir="0" index="0" bw="19" slack="1"/>
<pin id="220" dir="1" index="1" bw="20" slack="0"/>
</pin_list>
<bind>
<opcode="zext(34) " fcode="zext"/>
<opset="zext_ln523_1/3 "/>
</bind>
</comp>

<comp id="221" class="1004" name="zext_ln523_2_fu_221">
<pin_list>
<pin id="222" dir="0" index="0" bw="19" slack="0"/>
<pin id="223" dir="1" index="1" bw="20" slack="0"/>
</pin_list>
<bind>
<opcode="zext(34) " fcode="zext"/>
<opset="zext_ln523_2/3 "/>
</bind>
</comp>

<comp id="225" class="1004" name="dv_raw_fu_225">
<pin_list>
<pin id="226" dir="0" index="0" bw="19" slack="0"/>
<pin id="227" dir="0" index="1" bw="19" slack="0"/>
<pin id="228" dir="1" index="2" bw="20" slack="0"/>
</pin_list>
<bind>
<opcode="sub(10) " fcode="sub"/>
<opset="dv_raw/3 "/>
</bind>
</comp>

<comp id="231" class="1004" name="sext_ln166_fu_231">
<pin_list>
<pin id="232" dir="0" index="0" bw="32" slack="2"/>
<pin id="233" dir="1" index="1" bw="51" slack="0"/>
</pin_list>
<bind>
<opcode="sext(35) " fcode="sext"/>
<opset="sext_ln166/3 "/>
</bind>
</comp>

<comp id="235" class="1004" name="sext_ln166_1_fu_235">
<pin_list>
<pin id="236" dir="0" index="0" bw="20" slack="0"/>
<pin id="237" dir="1" index="1" bw="51" slack="0"/>
</pin_list>
<bind>
<opcode="sext(35) " fcode="sext"/>
<opset="sext_ln166_1/3 "/>
</bind>
</comp>

<comp id="240" class="1004" name="zext_ln523_fu_240">
<pin_list>
<pin id="241" dir="0" index="0" bw="19" slack="4"/>
<pin id="242" dir="1" index="1" bw="32" slack="0"/>
</pin_list>
<bind>
<opcode="zext(34) " fcode="zext"/>
<opset="zext_ln523/6 "/>
</bind>
</comp>

<comp id="243" class="1004" name="interp_raw_fu_243">
<pin_list>
<pin id="244" dir="0" index="0" bw="32" slack="0"/>
<pin id="245" dir="0" index="1" bw="51" slack="0"/>
<pin id="246" dir="0" index="2" bw="6" slack="0"/>
<pin id="247" dir="0" index="3" bw="7" slack="0"/>
<pin id="248" dir="1" index="4" bw="32" slack="0"/>
</pin_list>
<bind>
<opcode="partselect(1002) " fcode="partselect"/>
<opset="interp_raw/6 "/>
</bind>
</comp>

<comp id="253" class="1004" name="raw_33_fu_253">
<pin_list>
<pin id="254" dir="0" index="0" bw="19" slack="0"/>
<pin id="255" dir="0" index="1" bw="32" slack="0"/>
<pin id="256" dir="1" index="2" bw="32" slack="1"/>
</pin_list>
<bind>
<opcode="add(8) " fcode="add"/>
<opset="raw_33/6 "/>
</bind>
</comp>

<comp id="259" class="1004" name="raw_fu_259">
<pin_list>
<pin id="260" dir="0" index="0" bw="1" slack="0"/>
<pin id="261" dir="0" index="1" bw="32" slack="1"/>
<pin id="262" dir="1" index="2" bw="32" slack="0"/>
</pin_list>
<bind>
<opcode="sub(10) " fcode="sub"/>
<opset="raw/7 "/>
</bind>
</comp>

<comp id="264" class="1004" name="raw_34_fu_264">
<pin_list>
<pin id="265" dir="0" index="0" bw="1" slack="6"/>
<pin id="266" dir="0" index="1" bw="32" slack="0"/>
<pin id="267" dir="0" index="2" bw="32" slack="1"/>
<pin id="268" dir="1" index="3" bw="32" slack="2147483647"/>
</pin_list>
<bind>
<opcode="select(49) " fcode="select"/>
<opset="raw_34/7 "/>
</bind>
</comp>

<comp id="270" class="1005" name="neg_reg_270">
<pin_list>
<pin id="271" dir="0" index="0" bw="1" slack="6"/>
<pin id="272" dir="1" index="1" bw="1" slack="6"/>
</pin_list>
<bind>
<opset="neg "/>
</bind>
</comp>

<comp id="275" class="1005" name="idx_4_reg_275">
<pin_list>
<pin id="276" dir="0" index="0" bw="10" slack="1"/>
<pin id="277" dir="1" index="1" bw="10" slack="1"/>
</pin_list>
<bind>
<opset="idx_4 "/>
</bind>
</comp>

<comp id="280" class="1005" name="frac_raw_reg_280">
<pin_list>
<pin id="281" dir="0" index="0" bw="32" slack="2"/>
<pin id="282" dir="1" index="1" bw="32" slack="2"/>
</pin_list>
<bind>
<opset="frac_raw "/>
</bind>
</comp>

<comp id="285" class="1005" name="atan_lut_addr_reg_285">
<pin_list>
<pin id="286" dir="0" index="0" bw="11" slack="1"/>
<pin id="287" dir="1" index="1" bw="11" slack="1"/>
</pin_list>
<bind>
<opset="atan_lut_addr "/>
</bind>
</comp>

<comp id="290" class="1005" name="value_reg_290">
<pin_list>
<pin id="291" dir="0" index="0" bw="19" slack="1"/>
<pin id="292" dir="1" index="1" bw="19" slack="1"/>
</pin_list>
<bind>
<opset="value "/>
</bind>
</comp>

<comp id="296" class="1005" name="atan_lut_addr_1_reg_296">
<pin_list>
<pin id="297" dir="0" index="0" bw="11" slack="1"/>
<pin id="298" dir="1" index="1" bw="11" slack="1"/>
</pin_list>
<bind>
<opset="atan_lut_addr_1 "/>
</bind>
</comp>

<comp id="301" class="1005" name="sext_ln166_reg_301">
<pin_list>
<pin id="302" dir="0" index="0" bw="51" slack="1"/>
<pin id="303" dir="1" index="1" bw="51" slack="1"/>
</pin_list>
<bind>
<opset="sext_ln166 "/>
</bind>
</comp>

<comp id="306" class="1005" name="sext_ln166_1_reg_306">
<pin_list>
<pin id="307" dir="0" index="0" bw="51" slack="1"/>
<pin id="308" dir="1" index="1" bw="51" slack="1"/>
</pin_list>
<bind>
<opset="sext_ln166_1 "/>
</bind>
</comp>

<comp id="311" class="1005" name="raw_33_reg_311">
<pin_list>
<pin id="312" dir="0" index="0" bw="32" slack="1"/>
<pin id="313" dir="1" index="1" bw="32" slack="1"/>
</pin_list>
<bind>
<opset="raw_33 "/>
</bind>
</comp>

</comp_list>

<net_list>
<net id="72"><net_src comp="4" pin="0"/><net_sink comp="68" pin=0"/></net>

<net id="73"><net_src comp="0" pin="0"/><net_sink comp="68" pin=1"/></net>

<net id="79"><net_src comp="2" pin="0"/><net_sink comp="74" pin=0"/></net>

<net id="80"><net_src comp="36" pin="0"/><net_sink comp="74" pin=1"/></net>

<net id="86"><net_src comp="74" pin="3"/><net_sink comp="81" pin=0"/></net>

<net id="92"><net_src comp="2" pin="0"/><net_sink comp="87" pin=0"/></net>

<net id="93"><net_src comp="36" pin="0"/><net_sink comp="87" pin=1"/></net>

<net id="94"><net_src comp="87" pin="3"/><net_sink comp="81" pin=0"/></net>

<net id="104"><net_src comp="6" pin="0"/><net_sink comp="99" pin=0"/></net>

<net id="105"><net_src comp="68" pin="2"/><net_sink comp="99" pin=1"/></net>

<net id="106"><net_src comp="8" pin="0"/><net_sink comp="99" pin=2"/></net>

<net id="111"><net_src comp="10" pin="0"/><net_sink comp="107" pin=0"/></net>

<net id="112"><net_src comp="68" pin="2"/><net_sink comp="107" pin=1"/></net>

<net id="118"><net_src comp="99" pin="3"/><net_sink comp="113" pin=0"/></net>

<net id="119"><net_src comp="107" pin="2"/><net_sink comp="113" pin=1"/></net>

<net id="120"><net_src comp="68" pin="2"/><net_sink comp="113" pin=2"/></net>

<net id="125"><net_src comp="113" pin="3"/><net_sink comp="121" pin=0"/></net>

<net id="126"><net_src comp="12" pin="0"/><net_sink comp="121" pin=1"/></net>

<net id="133"><net_src comp="14" pin="0"/><net_sink comp="127" pin=0"/></net>

<net id="134"><net_src comp="113" pin="3"/><net_sink comp="127" pin=1"/></net>

<net id="135"><net_src comp="16" pin="0"/><net_sink comp="127" pin=2"/></net>

<net id="136"><net_src comp="18" pin="0"/><net_sink comp="127" pin=3"/></net>

<net id="142"><net_src comp="6" pin="0"/><net_sink comp="137" pin=0"/></net>

<net id="143"><net_src comp="113" pin="3"/><net_sink comp="137" pin=1"/></net>

<net id="144"><net_src comp="8" pin="0"/><net_sink comp="137" pin=2"/></net>

<net id="150"><net_src comp="137" pin="3"/><net_sink comp="145" pin=0"/></net>

<net id="151"><net_src comp="20" pin="0"/><net_sink comp="145" pin=1"/></net>

<net id="152"><net_src comp="127" pin="4"/><net_sink comp="145" pin=2"/></net>

<net id="156"><net_src comp="145" pin="3"/><net_sink comp="153" pin=0"/></net>

<net id="163"><net_src comp="22" pin="0"/><net_sink comp="157" pin=0"/></net>

<net id="164"><net_src comp="145" pin="3"/><net_sink comp="157" pin=1"/></net>

<net id="165"><net_src comp="24" pin="0"/><net_sink comp="157" pin=2"/></net>

<net id="166"><net_src comp="26" pin="0"/><net_sink comp="157" pin=3"/></net>

<net id="171"><net_src comp="157" pin="4"/><net_sink comp="167" pin=0"/></net>

<net id="172"><net_src comp="28" pin="0"/><net_sink comp="167" pin=1"/></net>

<net id="178"><net_src comp="167" pin="2"/><net_sink comp="173" pin=0"/></net>

<net id="179"><net_src comp="30" pin="0"/><net_sink comp="173" pin=1"/></net>

<net id="180"><net_src comp="153" pin="1"/><net_sink comp="173" pin=2"/></net>

<net id="186"><net_src comp="32" pin="0"/><net_sink comp="181" pin=0"/></net>

<net id="187"><net_src comp="173" pin="3"/><net_sink comp="181" pin=1"/></net>

<net id="188"><net_src comp="34" pin="0"/><net_sink comp="181" pin=2"/></net>

<net id="192"><net_src comp="181" pin="3"/><net_sink comp="189" pin=0"/></net>

<net id="197"><net_src comp="121" pin="2"/><net_sink comp="193" pin=0"/></net>

<net id="198"><net_src comp="189" pin="1"/><net_sink comp="193" pin=1"/></net>

<net id="202"><net_src comp="173" pin="3"/><net_sink comp="199" pin=0"/></net>

<net id="203"><net_src comp="199" pin="1"/><net_sink comp="74" pin=2"/></net>

<net id="211"><net_src comp="204" pin="1"/><net_sink comp="207" pin=0"/></net>

<net id="212"><net_src comp="38" pin="0"/><net_sink comp="207" pin=1"/></net>

<net id="216"><net_src comp="207" pin="2"/><net_sink comp="213" pin=0"/></net>

<net id="217"><net_src comp="213" pin="1"/><net_sink comp="87" pin=2"/></net>

<net id="224"><net_src comp="81" pin="3"/><net_sink comp="221" pin=0"/></net>

<net id="229"><net_src comp="221" pin="1"/><net_sink comp="225" pin=0"/></net>

<net id="230"><net_src comp="218" pin="1"/><net_sink comp="225" pin=1"/></net>

<net id="234"><net_src comp="231" pin="1"/><net_sink comp="95" pin=0"/></net>

<net id="238"><net_src comp="225" pin="2"/><net_sink comp="235" pin=0"/></net>

<net id="239"><net_src comp="235" pin="1"/><net_sink comp="95" pin=1"/></net>

<net id="249"><net_src comp="48" pin="0"/><net_sink comp="243" pin=0"/></net>

<net id="250"><net_src comp="95" pin="2"/><net_sink comp="243" pin=1"/></net>

<net id="251"><net_src comp="50" pin="0"/><net_sink comp="243" pin=2"/></net>

<net id="252"><net_src comp="52" pin="0"/><net_sink comp="243" pin=3"/></net>

<net id="257"><net_src comp="240" pin="1"/><net_sink comp="253" pin=0"/></net>

<net id="258"><net_src comp="243" pin="4"/><net_sink comp="253" pin=1"/></net>

<net id="263"><net_src comp="10" pin="0"/><net_sink comp="259" pin=0"/></net>

<net id="269"><net_src comp="259" pin="2"/><net_sink comp="264" pin=1"/></net>

<net id="273"><net_src comp="99" pin="3"/><net_sink comp="270" pin=0"/></net>

<net id="274"><net_src comp="270" pin="1"/><net_sink comp="264" pin=0"/></net>

<net id="278"><net_src comp="173" pin="3"/><net_sink comp="275" pin=0"/></net>

<net id="279"><net_src comp="275" pin="1"/><net_sink comp="204" pin=0"/></net>

<net id="283"><net_src comp="193" pin="2"/><net_sink comp="280" pin=0"/></net>

<net id="284"><net_src comp="280" pin="1"/><net_sink comp="231" pin=0"/></net>

<net id="288"><net_src comp="74" pin="3"/><net_sink comp="285" pin=0"/></net>

<net id="289"><net_src comp="285" pin="1"/><net_sink comp="81" pin=0"/></net>

<net id="293"><net_src comp="81" pin="3"/><net_sink comp="290" pin=0"/></net>

<net id="294"><net_src comp="290" pin="1"/><net_sink comp="218" pin=0"/></net>

<net id="295"><net_src comp="290" pin="1"/><net_sink comp="240" pin=0"/></net>

<net id="299"><net_src comp="87" pin="3"/><net_sink comp="296" pin=0"/></net>

<net id="300"><net_src comp="296" pin="1"/><net_sink comp="81" pin=0"/></net>

<net id="304"><net_src comp="231" pin="1"/><net_sink comp="301" pin=0"/></net>

<net id="305"><net_src comp="301" pin="1"/><net_sink comp="95" pin=0"/></net>

<net id="309"><net_src comp="235" pin="1"/><net_sink comp="306" pin=0"/></net>

<net id="310"><net_src comp="306" pin="1"/><net_sink comp="95" pin=1"/></net>

<net id="314"><net_src comp="253" pin="2"/><net_sink comp="311" pin=0"/></net>

<net id="315"><net_src comp="311" pin="1"/><net_sink comp="259" pin=1"/></net>

<net id="316"><net_src comp="311" pin="1"/><net_sink comp="264" pin=2"/></net>

</net_list>

</model> 
---------------- Datapath Model END ------------------

* FSMD analyzer results:
  - Output states:
 - Input state : 
	Port: fp_atan_lut : x | {1 }
	Port: fp_atan_lut : atan_lut | {1 2 3 }
  - Chain level:
	State 1
		abs_x_4 : 1
		shl_ln645 : 2
		trunc_ln646_1 : 2
		tmp : 2
		idx : 3
		trunc_ln646 : 4
		tmp_106 : 4
		icmp_ln649 : 5
		idx_4 : 6
		shl_ln6 : 7
		zext_ln652 : 8
		frac_raw : 9
		zext_ln653 : 7
		atan_lut_addr : 8
		value : 9
	State 2
		add_ln654 : 1
		zext_ln654 : 2
		atan_lut_addr_1 : 3
		value_203 : 4
	State 3
		zext_ln523_2 : 1
		dv_raw : 2
		sext_ln166_1 : 3
		mul_ln166 : 4
	State 4
	State 5
	State 6
		specfucore_ln167 : 1
		interp_raw : 1
		raw_33 : 2
	State 7
		rend : 1
		raw_34 : 1
		ret_ln658 : 2


============================================================
+ Verbose Summary: Datapath Resource usage 
============================================================

* Functional unit list:
|----------|----------------------|---------|---------|---------|
| Operation|    Functional Unit   |   DSP   |    FF   |   LUT   |
|----------|----------------------|---------|---------|---------|
|    mul   |       grp_fu_95      |    2    |    98   |    47   |
|----------|----------------------|---------|---------|---------|
|          |     abs_x_fu_107     |    0    |    0    |    39   |
|    sub   |    frac_raw_fu_193   |    0    |    0    |    39   |
|          |     dv_raw_fu_225    |    0    |    0    |    26   |
|          |      raw_fu_259      |    0    |    0    |    39   |
|----------|----------------------|---------|---------|---------|
|          |    abs_x_4_fu_113    |    0    |    0    |    32   |
|  select  |      idx_fu_145      |    0    |    0    |    19   |
|          |     idx_4_fu_173     |    0    |    0    |    10   |
|          |     raw_34_fu_264    |    0    |    0    |    32   |
|----------|----------------------|---------|---------|---------|
|    add   |   add_ln654_fu_207   |    0    |    0    |    17   |
|          |     raw_33_fu_253    |    0    |    0    |    39   |
|----------|----------------------|---------|---------|---------|
|   icmp   |   icmp_ln649_fu_167  |    0    |    0    |    17   |
|----------|----------------------|---------|---------|---------|
|   read   |   x_read_read_fu_68  |    0    |    0    |    0    |
|----------|----------------------|---------|---------|---------|
| bitselect|       neg_fu_99      |    0    |    0    |    0    |
|          |      tmp_fu_137      |    0    |    0    |    0    |
|----------|----------------------|---------|---------|---------|
|    shl   |   shl_ln645_fu_121   |    0    |    0    |    0    |
|----------|----------------------|---------|---------|---------|
|          | trunc_ln646_1_fu_127 |    0    |    0    |    0    |
|partselect|    tmp_106_fu_157    |    0    |    0    |    0    |
|          |   interp_raw_fu_243  |    0    |    0    |    0    |
|----------|----------------------|---------|---------|---------|
|   trunc  |  trunc_ln646_fu_153  |    0    |    0    |    0    |
|----------|----------------------|---------|---------|---------|
|bitconcatenate|    shl_ln6_fu_181    |    0    |    0    |    0    |
|----------|----------------------|---------|---------|---------|
|          |   zext_ln652_fu_189  |    0    |    0    |    0    |
|          |   zext_ln653_fu_199  |    0    |    0    |    0    |
|          |   zext_ln646_fu_204  |    0    |    0    |    0    |
|   zext   |   zext_ln654_fu_213  |    0    |    0    |    0    |
|          |  zext_ln523_1_fu_218 |    0    |    0    |    0    |
|          |  zext_ln523_2_fu_221 |    0    |    0    |    0    |
|          |   zext_ln523_fu_240  |    0    |    0    |    0    |
|----------|----------------------|---------|---------|---------|
|   sext   |   sext_ln166_fu_231  |    0    |    0    |    0    |
|          |  sext_ln166_1_fu_235 |    0    |    0    |    0    |
|----------|----------------------|---------|---------|---------|
|   Total  |                      |    2    |    98   |   356   |
|----------|----------------------|---------|---------|---------|

Memories:
N/A

* Register list:
+-----------------------+--------+
|                       |   FF   |
+-----------------------+--------+
|atan_lut_addr_1_reg_296|   11   |
| atan_lut_addr_reg_285 |   11   |
|    frac_raw_reg_280   |   32   |
|     idx_4_reg_275     |   10   |
|      neg_reg_270      |    1   |
|     raw_33_reg_311    |   32   |
|  sext_ln166_1_reg_306 |   51   |
|   sext_ln166_reg_301  |   51   |
|     value_reg_290     |   19   |
+-----------------------+--------+
|         Total         |   218  |
+-----------------------+--------+

* Multiplexer (MUX) list: 
|------------------|------|------|------|--------||---------||---------||---------|
|       Comp       |  Pin | Size |  BW  | S x BW ||  Delay  ||    FF   ||   LUT   |
|------------------|------|------|------|--------||---------||---------||---------|
| grp_access_fu_81 |  p0  |   4  |  11  |   44   ||    0    ||    20   |
|     grp_fu_95    |  p0  |   2  |  32  |   64   ||    0    ||    9    |
|     grp_fu_95    |  p1  |   2  |  20  |   40   ||    0    ||    9    |
|------------------|------|------|------|--------||---------||---------||---------|
|       Total      |      |      |      |   148  ||  1.379  ||    0    ||    38   |
|------------------|------|------|------|--------||---------||---------||---------|



* Summary:
+-----------+--------+--------+--------+--------+
|           |   DSP  |  Delay |   FF   |   LUT  |
+-----------+--------+--------+--------+--------+
|  Function |    2   |    -   |   98   |   356  |
|   Memory  |    -   |    -   |    -   |    -   |
|Multiplexer|    -   |    1   |    0   |   38   |
|  Register |    -   |    -   |   218  |    -   |
+-----------+--------+--------+--------+--------+
|   Total   |    2   |    1   |   316  |   394  |
+-----------+--------+--------+--------+--------+
