

================================================================
== Vitis HLS Report for 'fp_atan_lut_fn'
================================================================
* Date:           Thu May 21 15:23:03 2026

* Version:        2025.2 (Build 6295257 on Nov 14 2025)
* Project:        mpc_fpga_top_opencl
* Solution:       hls (Vitis Kernel Flow Target)
* Product family: zynquplus
* Target device:  xck26-sfvc784-2LV-c


================================================================
== Performance Estimates
================================================================
+ Timing: 
    * Summary: 
    +--------+---------+----------+------------+
    |  Clock |  Target | Estimated| Uncertainty|
    +--------+---------+----------+------------+
    |ap_clk  |  5.00 ns|  4.014 ns|     0.50 ns|
    +--------+---------+----------+------------+

+ Latency: 
    * Summary: 
    +---------+---------+-----------+-----------+-----+-----+---------+
    |  Latency (cycles) |   Latency (absolute)  |  Interval | Pipeline|
    |   min   |   max   |    min    |    max    | min | max |   Type  |
    +---------+---------+-----------+-----------+-----+-----+---------+
    |        5|        5|  25.000 ns|  25.000 ns|    6|    6|      yes|
    +---------+---------+-----------+-----------+-----+-----+---------+

    + Detail: 
        * Instance: 
        N/A

        * Loop: 
        N/A

============================================================
+ Verbose Summary: Synthesis Manager
============================================================
InlineROM: 1
ExposeGlobal: 0
============================================================
+ Verbose Summary: CDFG Model
============================================================
IsTopModel: 0
ResetActiveHigh: 1
IsCombinational: 0
IsDatapathOnly: 0
HasWiredReturn: 1
HasMFsm: 2
HasVarLatency: 0
IsPipeline: 1
IsRtlPipelined: 0
IsInstanceOverlapped: 0
IsDontTouch: 0
HasImplIP: 0
IsGatedGlobalClock: 0

+ Individual pipeline summary: 
  * Pipeline-0: initiation interval (II) = 6, depth = 6


============================================================
+ Verbose Summary: Schedule
============================================================
* Number of FSM states : 6
* Pipeline : 1
  Pipeline-0 : II = 6, D = 6, States = { 1 2 3 4 5 6 }
* Dataflow Pipeline: 0

* FSM state transitions: 
1 --> 2 
2 --> 3 
3 --> 4 
4 --> 5 
5 --> 6 
6 --> 

* FSM state operations: 

State 1 <SV = 0> <Delay = 4.00>
ST_1 : Operation 7 [1/1] (0.00ns)   --->   "%x_read = read i26 @_ssdm_op_Read.ap_auto.i26, i26 %x" [../src/fp_math_hls.cpp:764]   --->   Operation 7 'read' 'x_read' <Predicate = true> <Delay = 0.00>
ST_1 : Operation 8 [1/1] (0.00ns)   --->   "%neg = bitselect i1 @_ssdm_op_BitSelect.i1.i26.i32, i26 %x_read, i32 25" [../src/fp_math_hls.cpp:773]   --->   Operation 8 'bitselect' 'neg' <Predicate = true> <Delay = 0.00>
ST_1 : Operation 9 [1/1] (0.95ns)   --->   "%abs_x = sub i26 0, i26 %x_read" [../src/fp_math_hls.cpp:774]   --->   Operation 9 'sub' 'abs_x' <Predicate = true> <Delay = 0.95> <CoreInst = "Adder">   --->   Core 1 'Adder' <Latency = 0> <II = 1> <Delay = 0.95> <FuncUnit> <Opcode : 'add' 'sub'> <InPorts = 2> <OutPorts = 1>
ST_1 : Operation 10 [1/1] (0.32ns)   --->   "%abs_x_2 = select i1 %neg, i26 %abs_x, i26 %x_read" [../src/fp_math_hls.cpp:774]   --->   Operation 10 'select' 'abs_x_2' <Predicate = true> <Delay = 0.32> <CoreInst = "Sel">   --->   Core 73 'Sel' <Latency = 0> <II = 1> <Delay = 0.32> <FuncUnit> <Opcode : 'select'> <InPorts = 3> <OutPorts = 1>
ST_1 : Operation 11 [1/1] (0.00ns) (grouped into LUT with out node frac_raw)   --->   "%scaled = shl i26 %abs_x_2, i26 7" [../src/fp_math_hls.cpp:778]   --->   Operation 11 'shl' 'scaled' <Predicate = true> <Delay = 0.00>
ST_1 : Operation 12 [1/1] (0.00ns)   --->   "%trunc_ln779_1 = partselect i15 @_ssdm_op_PartSelect.i15.i26.i32.i32, i26 %abs_x_2, i32 10, i32 24" [../src/fp_math_hls.cpp:779]   --->   Operation 12 'partselect' 'trunc_ln779_1' <Predicate = true> <Delay = 0.00>
ST_1 : Operation 13 [1/1] (0.00ns)   --->   "%tmp = bitselect i1 @_ssdm_op_BitSelect.i1.i26.i32, i26 %abs_x_2, i32 25" [../src/fp_math_hls.cpp:780]   --->   Operation 13 'bitselect' 'tmp' <Predicate = true> <Delay = 0.00>
ST_1 : Operation 14 [1/1] (0.29ns)   --->   "%idx = select i1 %tmp, i15 0, i15 %trunc_ln779_1" [../src/fp_math_hls.cpp:780]   --->   Operation 14 'select' 'idx' <Predicate = true> <Delay = 0.29> <CoreInst = "Sel">   --->   Core 73 'Sel' <Latency = 0> <II = 1> <Delay = 0.29> <FuncUnit> <Opcode : 'select'> <InPorts = 3> <OutPorts = 1>
ST_1 : Operation 15 [1/1] (0.00ns)   --->   "%trunc_ln779 = trunc i15 %idx" [../src/fp_math_hls.cpp:779]   --->   Operation 15 'trunc' 'trunc_ln779' <Predicate = true> <Delay = 0.00>
ST_1 : Operation 16 [1/1] (0.00ns)   --->   "%tmp_105 = partselect i5 @_ssdm_op_PartSelect.i5.i15.i32.i32, i15 %idx, i32 10, i32 14" [../src/fp_math_hls.cpp:782]   --->   Operation 16 'partselect' 'tmp_105' <Predicate = true> <Delay = 0.00>
ST_1 : Operation 17 [1/1] (0.78ns)   --->   "%icmp_ln782 = icmp_ne  i5 %tmp_105, i5 0" [../src/fp_math_hls.cpp:782]   --->   Operation 17 'icmp' 'icmp_ln782' <Predicate = true> <Delay = 0.78> <CoreInst = "Cmp">   --->   Core 9 'Cmp' <Latency = 0> <II = 1> <Delay = 0.78> <FuncUnit> <Opcode : 'seteq' 'setne' 'setle' 'setge' 'setlt' 'setgt'> <InPorts = 2> <OutPorts = 1>
ST_1 : Operation 18 [1/1] (0.40ns)   --->   "%idx_3 = select i1 %icmp_ln782, i10 1023, i10 %trunc_ln779" [../src/fp_math_hls.cpp:782]   --->   Operation 18 'select' 'idx_3' <Predicate = true> <Delay = 0.40> <CoreInst = "Sel">   --->   Core 73 'Sel' <Latency = 0> <II = 1> <Delay = 0.40> <FuncUnit> <Opcode : 'select'> <InPorts = 3> <OutPorts = 1>
ST_1 : Operation 19 [1/1] (0.00ns)   --->   "%zext_ln786 = zext i10 %idx_3" [../src/fp_math_hls.cpp:786]   --->   Operation 19 'zext' 'zext_ln786' <Predicate = true> <Delay = 0.00>
ST_1 : Operation 20 [1/1] (0.00ns) (grouped into LUT with out node frac_raw)   --->   "%trunc_ln786 = trunc i10 %idx_3" [../src/fp_math_hls.cpp:786]   --->   Operation 20 'trunc' 'trunc_ln786' <Predicate = true> <Delay = 0.00>
ST_1 : Operation 21 [1/1] (0.00ns) (grouped into LUT with out node frac_raw)   --->   "%shl_ln = bitconcatenate i26 @_ssdm_op_BitConcatenate.i26.i9.i17, i9 %trunc_ln786, i17 0" [../src/fp_math_hls.cpp:786]   --->   Operation 21 'bitconcatenate' 'shl_ln' <Predicate = true> <Delay = 0.00>
ST_1 : Operation 22 [1/1] (0.95ns) (out node of the LUT)   --->   "%frac_raw = sub i26 %scaled, i26 %shl_ln" [../src/fp_math_hls.cpp:786]   --->   Operation 22 'sub' 'frac_raw' <Predicate = true> <Delay = 0.95> <CoreInst = "Adder">   --->   Core 1 'Adder' <Latency = 0> <II = 1> <Delay = 0.95> <FuncUnit> <Opcode : 'add' 'sub'> <InPorts = 2> <OutPorts = 1>
ST_1 : Operation 23 [1/1] (0.00ns)   --->   "%atan_lut_fn_addr = getelementptr i18 %atan_lut_fn, i64 0, i64 %zext_ln786" [../src/fp_math_hls.cpp:787]   --->   Operation 23 'getelementptr' 'atan_lut_fn_addr' <Predicate = true> <Delay = 0.00>
ST_1 : Operation 24 [2/2] (1.23ns)   --->   "%value = load i11 %atan_lut_fn_addr" [../src/fp_math_hls.cpp:787]   --->   Operation 24 'load' 'value' <Predicate = true> <Delay = 1.23> <CoreInst = "ROM_2P_BRAM">   --->   Core 106 'ROM_2P_BRAM' <Latency = 1> <II = 1> <Delay = 1.23> <Storage> <Opcode : 'load'> <Ports = 2> <Width = 18> <Depth = 1025> <ROM>

State 2 <SV = 1> <Delay = 2.02>
ST_2 : Operation 25 [1/1] (0.00ns)   --->   "%zext_ln779 = zext i10 %idx_3" [../src/fp_math_hls.cpp:779]   --->   Operation 25 'zext' 'zext_ln779' <Predicate = true> <Delay = 0.00>
ST_2 : Operation 26 [1/2] ( I:1.23ns O:1.23ns )   --->   "%value = load i11 %atan_lut_fn_addr" [../src/fp_math_hls.cpp:787]   --->   Operation 26 'load' 'value' <Predicate = true> <Delay = 1.23> <CoreInst = "ROM_2P_BRAM">   --->   Core 106 'ROM_2P_BRAM' <Latency = 1> <II = 1> <Delay = 1.23> <Storage> <Opcode : 'load'> <Ports = 2> <Width = 18> <Depth = 1025> <ROM>
ST_2 : Operation 27 [1/1] (0.78ns)   --->   "%add_ln788 = add i11 %zext_ln779, i11 1" [../src/fp_math_hls.cpp:788]   --->   Operation 27 'add' 'add_ln788' <Predicate = true> <Delay = 0.78> <CoreInst = "Adder">   --->   Core 1 'Adder' <Latency = 0> <II = 1> <Delay = 0.78> <FuncUnit> <Opcode : 'add' 'sub'> <InPorts = 2> <OutPorts = 1>
ST_2 : Operation 28 [1/1] (0.00ns)   --->   "%zext_ln788 = zext i11 %add_ln788" [../src/fp_math_hls.cpp:788]   --->   Operation 28 'zext' 'zext_ln788' <Predicate = true> <Delay = 0.00>
ST_2 : Operation 29 [1/1] (0.00ns)   --->   "%atan_lut_fn_addr_1 = getelementptr i18 %atan_lut_fn, i64 0, i64 %zext_ln788" [../src/fp_math_hls.cpp:788]   --->   Operation 29 'getelementptr' 'atan_lut_fn_addr_1' <Predicate = true> <Delay = 0.00>
ST_2 : Operation 30 [2/2] (1.23ns)   --->   "%value_201 = load i11 %atan_lut_fn_addr_1" [../src/fp_math_hls.cpp:788]   --->   Operation 30 'load' 'value_201' <Predicate = true> <Delay = 1.23> <CoreInst = "ROM_2P_BRAM">   --->   Core 106 'ROM_2P_BRAM' <Latency = 1> <II = 1> <Delay = 1.23> <Storage> <Opcode : 'load'> <Ports = 2> <Width = 18> <Depth = 1025> <ROM>

State 3 <SV = 2> <Delay = 3.89>
ST_3 : Operation 31 [1/1] (0.00ns)   --->   "%zext_ln663_3 = zext i18 %value" [include/fp_types_hls.hpp:663->../src/fp_math_hls.cpp:787]   --->   Operation 31 'zext' 'zext_ln663_3' <Predicate = true> <Delay = 0.00>
ST_3 : Operation 32 [1/2] ( I:1.23ns O:1.23ns )   --->   "%value_201 = load i11 %atan_lut_fn_addr_1" [../src/fp_math_hls.cpp:788]   --->   Operation 32 'load' 'value_201' <Predicate = true> <Delay = 1.23> <CoreInst = "ROM_2P_BRAM">   --->   Core 106 'ROM_2P_BRAM' <Latency = 1> <II = 1> <Delay = 1.23> <Storage> <Opcode : 'load'> <Ports = 2> <Width = 18> <Depth = 1025> <ROM>
ST_3 : Operation 33 [1/1] (0.00ns)   --->   "%zext_ln663_4 = zext i18 %value_201" [include/fp_types_hls.hpp:663->../src/fp_math_hls.cpp:788]   --->   Operation 33 'zext' 'zext_ln663_4' <Predicate = true> <Delay = 0.00>
ST_3 : Operation 34 [1/1] (0.87ns)   --->   "%dv_raw = sub i19 %zext_ln663_4, i19 %zext_ln663_3" [../src/fp_math_hls.cpp:247->../src/fp_math_hls.cpp:789]   --->   Operation 34 'sub' 'dv_raw' <Predicate = true> <Delay = 0.87> <CoreInst = "Adder">   --->   Core 1 'Adder' <Latency = 0> <II = 1> <Delay = 0.87> <FuncUnit> <Opcode : 'add' 'sub'> <InPorts = 2> <OutPorts = 1>
ST_3 : Operation 35 [1/1] (0.00ns)   --->   "%sext_ln211 = sext i26 %frac_raw" [../src/fp_math_hls.cpp:211->../src/fp_math_hls.cpp:248->../src/fp_math_hls.cpp:789]   --->   Operation 35 'sext' 'sext_ln211' <Predicate = true> <Delay = 0.00>
ST_3 : Operation 36 [1/1] (0.00ns)   --->   "%sext_ln211_4 = sext i19 %dv_raw" [../src/fp_math_hls.cpp:211->../src/fp_math_hls.cpp:248->../src/fp_math_hls.cpp:789]   --->   Operation 36 'sext' 'sext_ln211_4' <Predicate = true> <Delay = 0.00>
ST_3 : Operation 37 [4/4] (1.78ns)   --->   "%mul_ln211 = mul i45 %sext_ln211, i45 %sext_ln211_4" [../src/fp_math_hls.cpp:211->../src/fp_math_hls.cpp:248->../src/fp_math_hls.cpp:789]   --->   Operation 37 'mul' 'mul_ln211' <Predicate = true> <Delay = 1.78> <CoreInst = "Mul_DSP">   --->   Core 5 'Mul_DSP' <Latency = 3> <II = 1> <Delay = 1.78> <FuncUnit> <Opcode : 'mul'> <InPorts = 2> <OutPorts = 1>

State 4 <SV = 3> <Delay = 1.78>
ST_4 : Operation 38 [3/4] (1.78ns)   --->   "%mul_ln211 = mul i45 %sext_ln211, i45 %sext_ln211_4" [../src/fp_math_hls.cpp:211->../src/fp_math_hls.cpp:248->../src/fp_math_hls.cpp:789]   --->   Operation 38 'mul' 'mul_ln211' <Predicate = true> <Delay = 1.78> <CoreInst = "Mul_DSP">   --->   Core 5 'Mul_DSP' <Latency = 3> <II = 1> <Delay = 1.78> <FuncUnit> <Opcode : 'mul'> <InPorts = 2> <OutPorts = 1>

State 5 <SV = 4> <Delay = 1.78>
ST_5 : Operation 39 [2/4] (1.78ns)   --->   "%mul_ln211 = mul i45 %sext_ln211, i45 %sext_ln211_4" [../src/fp_math_hls.cpp:211->../src/fp_math_hls.cpp:248->../src/fp_math_hls.cpp:789]   --->   Operation 39 'mul' 'mul_ln211' <Predicate = true> <Delay = 1.78> <CoreInst = "Mul_DSP">   --->   Core 5 'Mul_DSP' <Latency = 3> <II = 1> <Delay = 1.78> <FuncUnit> <Opcode : 'mul'> <InPorts = 2> <OutPorts = 1>

State 6 <SV = 5> <Delay = 4.01>
ST_6 : Operation 40 [1/1] (0.00ns)   --->   "%specmemcore_ln766 = specmemcore void @_ssdm_op_SpecMemCore, i18 %atan_lut_fn, i64 666, i64 36, i64 18446744073709551615, i1 0" [../src/fp_math_hls.cpp:766]   --->   Operation 40 'specmemcore' 'specmemcore_ln766' <Predicate = true> <Delay = 0.00>
ST_6 : Operation 41 [1/1] (0.00ns)   --->   "%zext_ln663 = zext i18 %value" [include/fp_types_hls.hpp:663->../src/fp_math_hls.cpp:787]   --->   Operation 41 'zext' 'zext_ln663' <Predicate = true> <Delay = 0.00>
ST_6 : Operation 42 [1/1] (0.00ns)   --->   "%rbegin = specregionbegin i32 @_ssdm_op_SpecRegionBegin, void @empty_96" [../src/fp_math_hls.cpp:211->../src/fp_math_hls.cpp:248->../src/fp_math_hls.cpp:789]   --->   Operation 42 'specregionbegin' 'rbegin' <Predicate = true> <Delay = 0.00>
ST_6 : Operation 43 [1/4] (1.78ns)   --->   "%mul_ln211 = mul i45 %sext_ln211, i45 %sext_ln211_4" [../src/fp_math_hls.cpp:211->../src/fp_math_hls.cpp:248->../src/fp_math_hls.cpp:789]   --->   Operation 43 'mul' 'mul_ln211' <Predicate = true> <Delay = 1.78> <CoreInst = "Mul_DSP">   --->   Core 5 'Mul_DSP' <Latency = 3> <II = 1> <Delay = 1.78> <FuncUnit> <Opcode : 'mul'> <InPorts = 2> <OutPorts = 1>
ST_6 : Operation 44 [1/1] (0.00ns)   --->   "%specfucore_ln212 = specfucore void @_ssdm_op_SpecFUCore, i45 %mul_ln211, i64 12, i64 3, i64 3, i1 0" [../src/fp_math_hls.cpp:212->../src/fp_math_hls.cpp:248->../src/fp_math_hls.cpp:789]   --->   Operation 44 'specfucore' 'specfucore_ln212' <Predicate = true> <Delay = 0.00>
ST_6 : Operation 45 [1/1] (0.00ns)   --->   "%rend = specregionend i32 @_ssdm_op_SpecRegionEnd, void @empty_96, i32 %rbegin" [../src/fp_math_hls.cpp:211->../src/fp_math_hls.cpp:248->../src/fp_math_hls.cpp:789]   --->   Operation 45 'specregionend' 'rend' <Predicate = true> <Delay = 0.00>
ST_6 : Operation 46 [1/1] (0.00ns)   --->   "%interp_raw = partselect i26 @_ssdm_op_PartSelect.i26.i45.i32.i32, i45 %mul_ln211, i32 17, i32 42" [../src/fp_math_hls.cpp:213->../src/fp_math_hls.cpp:248->../src/fp_math_hls.cpp:789]   --->   Operation 46 'partselect' 'interp_raw' <Predicate = true> <Delay = 0.00>
ST_6 : Operation 47 [1/1] (0.95ns)   --->   "%raw_29 = add i26 %zext_ln663, i26 %interp_raw" [../src/fp_math_hls.cpp:249->../src/fp_math_hls.cpp:789]   --->   Operation 47 'add' 'raw_29' <Predicate = true> <Delay = 0.95> <CoreInst = "Adder">   --->   Core 1 'Adder' <Latency = 0> <II = 1> <Delay = 0.95> <FuncUnit> <Opcode : 'add' 'sub'> <InPorts = 2> <OutPorts = 1>
ST_6 : Operation 48 [1/1] (0.95ns)   --->   "%raw = sub i26 0, i26 %raw_29" [../src/fp_math_hls.cpp:790]   --->   Operation 48 'sub' 'raw' <Predicate = (neg)> <Delay = 0.95> <CoreInst = "Adder">   --->   Core 1 'Adder' <Latency = 0> <II = 1> <Delay = 0.95> <FuncUnit> <Opcode : 'add' 'sub'> <InPorts = 2> <OutPorts = 1>
ST_6 : Operation 49 [1/1] (0.32ns)   --->   "%raw_30 = select i1 %neg, i26 %raw, i26 %raw_29" [../src/fp_math_hls.cpp:790]   --->   Operation 49 'select' 'raw_30' <Predicate = true> <Delay = 0.32> <CoreInst = "Sel">   --->   Core 73 'Sel' <Latency = 0> <II = 1> <Delay = 0.32> <FuncUnit> <Opcode : 'select'> <InPorts = 3> <OutPorts = 1>
ST_6 : Operation 50 [1/1] (0.00ns)   --->   "%ret_ln792 = ret i26 %raw_30" [../src/fp_math_hls.cpp:792]   --->   Operation 50 'ret' 'ret_ln792' <Predicate = true> <Delay = 0.00>


============================================================
+ Verbose Summary: Timing violations
============================================================
Target clock period: 5.000ns, clock uncertainty: 0.500ns.

 <State 1>: 4.001ns
The critical path consists of the following:
	wire read operation ('x_read', ../src/fp_math_hls.cpp:764) on port 'x' (../src/fp_math_hls.cpp:764) [3]  (0.000 ns)
	'sub' operation 26 bit ('abs_x', ../src/fp_math_hls.cpp:774) [6]  (0.955 ns)
	'select' operation 26 bit ('abs_x', ../src/fp_math_hls.cpp:774) [7]  (0.323 ns)
	'select' operation 15 bit ('idx', ../src/fp_math_hls.cpp:780) [11]  (0.294 ns)
	'icmp' operation 1 bit ('icmp_ln782', ../src/fp_math_hls.cpp:782) [14]  (0.789 ns)
	'select' operation 10 bit ('idx', ../src/fp_math_hls.cpp:782) [15]  (0.403 ns)
	'getelementptr' operation 11 bit ('atan_lut_fn_addr', ../src/fp_math_hls.cpp:787) [21]  (0.000 ns)
	'load' operation 18 bit ('value', ../src/fp_math_hls.cpp:787) on array 'atan_lut_fn' [22]  (1.237 ns)

 <State 2>: 2.024ns
The critical path consists of the following:
	'add' operation 11 bit ('add_ln788', ../src/fp_math_hls.cpp:788) [25]  (0.787 ns)
	'getelementptr' operation 11 bit ('atan_lut_fn_addr_1', ../src/fp_math_hls.cpp:788) [27]  (0.000 ns)
	'load' operation 18 bit ('value', ../src/fp_math_hls.cpp:788) on array 'atan_lut_fn' [28]  (1.237 ns)

 <State 3>: 3.892ns
The critical path consists of the following:
	'load' operation 18 bit ('value', ../src/fp_math_hls.cpp:788) on array 'atan_lut_fn' [28]  (1.237 ns)
	'sub' operation 19 bit ('dv_raw', ../src/fp_math_hls.cpp:247->../src/fp_math_hls.cpp:789) [30]  (0.873 ns)
	'mul' operation 45 bit ('mul_ln211', ../src/fp_math_hls.cpp:211->../src/fp_math_hls.cpp:248->../src/fp_math_hls.cpp:789) [34]  (1.781 ns)

 <State 4>: 1.781ns
The critical path consists of the following:
	'mul' operation 45 bit ('mul_ln211', ../src/fp_math_hls.cpp:211->../src/fp_math_hls.cpp:248->../src/fp_math_hls.cpp:789) [34]  (1.781 ns)

 <State 5>: 1.781ns
The critical path consists of the following:
	'mul' operation 45 bit ('mul_ln211', ../src/fp_math_hls.cpp:211->../src/fp_math_hls.cpp:248->../src/fp_math_hls.cpp:789) [34]  (1.781 ns)

 <State 6>: 4.014ns
The critical path consists of the following:
	'mul' operation 45 bit ('mul_ln211', ../src/fp_math_hls.cpp:211->../src/fp_math_hls.cpp:248->../src/fp_math_hls.cpp:789) [34]  (1.781 ns)
	'add' operation 26 bit ('raw', ../src/fp_math_hls.cpp:249->../src/fp_math_hls.cpp:789) [38]  (0.955 ns)
	'sub' operation 26 bit ('raw', ../src/fp_math_hls.cpp:790) [39]  (0.955 ns)
	'select' operation 26 bit ('raw', ../src/fp_math_hls.cpp:790) [40]  (0.323 ns)


============================================================
+ Verbose Summary: Binding
============================================================
N/A
* FSMD analyzer results:
  - Output states:
 - Input state : 
  - Chain level:
	State 1
	State 2
	State 3
	State 4
	State 5
	State 6


============================================================
+ Verbose Summary: Datapath Resource usage 
============================================================
N/A
