

================================================================
== Vitis HLS Report for 'fp_atan_lut_fn'
================================================================
* Date:           Thu May 21 15:23:03 2026

* Version:        2025.2 (Build 6295257 on Nov 14 2025)
* Project:        mpc_fpga_top_opencl
* Solution:       hls (Vitis Kernel Flow Target)
* Product family: zynquplus
* Target device:  xck26-sfvc784-2LV-c


================================================================
== Performance Estimates
================================================================
+ Timing: 
    * Summary: 
    +--------+---------+----------+------------+
    |  Clock |  Target | Estimated| Uncertainty|
    +--------+---------+----------+------------+
    |ap_clk  |  5.00 ns|  4.014 ns|     0.50 ns|
    +--------+---------+----------+------------+

+ Latency: 
    * Summary: 
    +---------+---------+-----------+-----------+-----+-----+---------+
    |  Latency (cycles) |   Latency (absolute)  |  Interval | Pipeline|
    |   min   |   max   |    min    |    max    | min | max |   Type  |
    +---------+---------+-----------+-----------+-----+-----+---------+
    |        5|        5|  25.000 ns|  25.000 ns|    6|    6|      yes|
    +---------+---------+-----------+-----------+-----+-----+---------+

    + Detail: 
        * Instance: 
        N/A

        * Loop: 
        N/A

============================================================
+ Verbose Summary: Synthesis Manager
============================================================
InlineROM: 1
ExposeGlobal: 0
============================================================
+ Verbose Summary: CDFG Model
============================================================
IsTopModel: 0
ResetActiveHigh: 1
IsCombinational: 0
IsDatapathOnly: 0
HasWiredReturn: 1
HasMFsm: 2
HasVarLatency: 0
IsPipeline: 1
IsRtlPipelined: 0
IsInstanceOverlapped: 0
IsDontTouch: 0
HasImplIP: 0
IsGatedGlobalClock: 0

+ Individual pipeline summary: 
  * Pipeline-0: initiation interval (II) = 6, depth = 6


============================================================
+ Verbose Summary: Schedule
============================================================
* Number of FSM states : 6
* Pipeline : 1
  Pipeline-0 : II = 6, D = 6, States = { 1 2 3 4 5 6 }
* Dataflow Pipeline: 0

* FSM state transitions: 
1 --> 2 
2 --> 3 
3 --> 4 
4 --> 5 
5 --> 6 
6 --> 

* FSM state operations: 

State 1 <SV = 0> <Delay = 4.00>
ST_1 : Operation 7 [1/1] (0.00ns)   --->   "%x_read = read i26 @_ssdm_op_Read.ap_auto.i26, i26 %x" [../src/fp_math_hls.cpp:764]   --->   Operation 7 'read' 'x_read' <Predicate = true> <Delay = 0.00>
ST_1 : Operation 8 [1/1] (0.00ns)   --->   "%neg = bitselect i1 @_ssdm_op_BitSelect.i1.i26.i32, i26 %x_read, i32 25" [../src/fp_math_hls.cpp:773]   --->   Operation 8 'bitselect' 'neg' <Predicate = true> <Delay = 0.00>
ST_1 : Operation 9 [1/1] (0.95ns)   --->   "%abs_x = sub i26 0, i26 %x_read" [../src/fp_math_hls.cpp:774]   --->   Operation 9 'sub' 'abs_x' <Predicate = true> <Delay = 0.95> <CoreInst = "Adder">   --->   Core 1 'Adder' <Latency = 0> <II = 1> <Delay = 0.95> <FuncUnit> <Opcode : 'add' 'sub'> <InPorts = 2> <OutPorts = 1>
ST_1 : Operation 10 [1/1] (0.32ns)   --->   "%abs_x_2 = select i1 %neg, i26 %abs_x, i26 %x_read" [../src/fp_math_hls.cpp:774]   --->   Operation 10 'select' 'abs_x_2' <Predicate = true> <Delay = 0.32> <CoreInst = "Sel">   --->   Core 73 'Sel' <Latency = 0> <II = 1> <Delay = 0.32> <FuncUnit> <Opcode : 'select'> <InPorts = 3> <OutPorts = 1>
ST_1 : Operation 11 [1/1] (0.00ns) (grouped into LUT with out node frac_raw)   --->   "%scaled = shl i26 %abs_x_2, i26 7" [../src/fp_math_hls.cpp:778]   --->   Operation 11 'shl' 'scaled' <Predicate = true> <Delay = 0.00>
ST_1 : Operation 12 [1/1] (0.00ns)   --->   "%trunc_ln779_1 = partselect i15 @_ssdm_op_PartSelect.i15.i26.i32.i32, i26 %abs_x_2, i32 10, i32 24" [../src/fp_math_hls.cpp:779]   --->   Operation 12 'partselect' 'trunc_ln779_1' <Predicate = true> <Delay = 0.00>
ST_1 : Operation 13 [1/1] (0.00ns)   --->   "%tmp = bitselect i1 @_ssdm_op_BitSelect.i1.i26.i32, i26 %abs_x_2, i32 25" [../src/fp_math_hls.cpp:780]   --->   Operation 13 'bitselect' 'tmp' <Predicate = true> <Delay = 0.00>
ST_1 : Operation 14 [1/1] (0.29ns)   --->   "%idx = select i1 %tmp, i15 0, i15 %trunc_ln779_1" [../src/fp_math_hls.cpp:780]   --->   Operation 14 'select' 'idx' <Predicate = true> <Delay = 0.29> <CoreInst = "Sel">   --->   Core 73 'Sel' <Latency = 0> <II = 1> <Delay = 0.29> <FuncUnit> <Opcode : 'select'> <InPorts = 3> <OutPorts = 1>
ST_1 : Operation 15 [1/1] (0.00ns)   --->   "%trunc_ln779 = trunc i15 %idx" [../src/fp_math_hls.cpp:779]   --->   Operation 15 'trunc' 'trunc_ln779' <Predicate = true> <Delay = 0.00>
ST_1 : Operation 16 [1/1] (0.00ns)   --->   "%tmp_105 = partselect i5 @_ssdm_op_PartSelect.i5.i15.i32.i32, i15 %idx, i32 10, i32 14" [../src/fp_math_hls.cpp:782]   --->   Operation 16 'partselect' 'tmp_105' <Predicate = true> <Delay = 0.00>
ST_1 : Operation 17 [1/1] (0.78ns)   --->   "%icmp_ln782 = icmp_ne  i5 %tmp_105, i5 0" [../src/fp_math_hls.cpp:782]   --->   Operation 17 'icmp' 'icmp_ln782' <Predicate = true> <Delay = 0.78> <CoreInst = "Cmp">   --->   Core 9 'Cmp' <Latency = 0> <II = 1> <Delay = 0.78> <FuncUnit> <Opcode : 'seteq' 'setne' 'setle' 'setge' 'setlt' 'setgt'> <InPorts = 2> <OutPorts = 1>
ST_1 : Operation 18 [1/1] (0.40ns)   --->   "%idx_3 = select i1 %icmp_ln782, i10 1023, i10 %trunc_ln779" [../src/fp_math_hls.cpp:782]   --->   Operation 18 'select' 'idx_3' <Predicate = true> <Delay = 0.40> <CoreInst = "Sel">   --->   Core 73 'Sel' <Latency = 0> <II = 1> <Delay = 0.40> <FuncUnit> <Opcode : 'select'> <InPorts = 3> <OutPorts = 1>
ST_1 : Operation 19 [1/1] (0.00ns)   --->   "%zext_ln786 = zext i10 %idx_3" [../src/fp_math_hls.cpp:786]   --->   Operation 19 'zext' 'zext_ln786' <Predicate = true> <Delay = 0.00>
ST_1 : Operation 20 [1/1] (0.00ns) (grouped into LUT with out node frac_raw)   --->   "%trunc_ln786 = trunc i10 %idx_3" [../src/fp_math_hls.cpp:786]   --->   Operation 20 'trunc' 'trunc_ln786' <Predicate = true> <Delay = 0.00>
ST_1 : Operation 21 [1/1] (0.00ns) (grouped into LUT with out node frac_raw)   --->   "%shl_ln = bitconcatenate i26 @_ssdm_op_BitConcatenate.i26.i9.i17, i9 %trunc_ln786, i17 0" [../src/fp_math_hls.cpp:786]   --->   Operation 21 'bitconcatenate' 'shl_ln' <Predicate = true> <Delay = 0.00>
ST_1 : Operation 22 [1/1] (0.95ns) (out node of the LUT)   --->   "%frac_raw = sub i26 %scaled, i26 %shl_ln" [../src/fp_math_hls.cpp:786]   --->   Operation 22 'sub' 'frac_raw' <Predicate = true> <Delay = 0.95> <CoreInst = "Adder">   --->   Core 1 'Adder' <Latency = 0> <II = 1> <Delay = 0.95> <FuncUnit> <Opcode : 'add' 'sub'> <InPorts = 2> <OutPorts = 1>
ST_1 : Operation 23 [1/1] (0.00ns)   --->   "%atan_lut_fn_addr = getelementptr i18 %atan_lut_fn, i64 0, i64 %zext_ln786" [../src/fp_math_hls.cpp:787]   --->   Operation 23 'getelementptr' 'atan_lut_fn_addr' <Predicate = true> <Delay = 0.00>
ST_1 : Operation 24 [2/2] (1.23ns)   --->   "%value = load i11 %atan_lut_fn_addr" [../src/fp_math_hls.cpp:787]   --->   Operation 24 'load' 'value' <Predicate = true> <Delay = 1.23> <CoreInst = "ROM_2P_BRAM">   --->   Core 106 'ROM_2P_BRAM' <Latency = 1> <II = 1> <Delay = 1.23> <Storage> <Opcode : 'load'> <Ports = 2> <Width = 18> <Depth = 1025> <ROM>

State 2 <SV = 1> <Delay = 2.02>
ST_2 : Operation 25 [1/1] (0.00ns)   --->   "%zext_ln779 = zext i10 %idx_3" [../src/fp_math_hls.cpp:779]   --->   Operation 25 'zext' 'zext_ln779' <Predicate = true> <Delay = 0.00>
ST_2 : Operation 26 [1/2] ( I:1.23ns O:1.23ns )   --->   "%value = load i11 %atan_lut_fn_addr" [../src/fp_math_hls.cpp:787]   --->   Operation 26 'load' 'value' <Predicate = true> <Delay = 1.23> <CoreInst = "ROM_2P_BRAM">   --->   Core 106 'ROM_2P_BRAM' <Latency = 1> <II = 1> <Delay = 1.23> <Storage> <Opcode : 'load'> <Ports = 2> <Width = 18> <Depth = 1025> <ROM>
ST_2 : Operation 27 [1/1] (0.78ns)   --->   "%add_ln788 = add i11 %zext_ln779, i11 1" [../src/fp_math_hls.cpp:788]   --->   Operation 27 'add' 'add_ln788' <Predicate = true> <Delay = 0.78> <CoreInst = "Adder">   --->   Core 1 'Adder' <Latency = 0> <II = 1> <Delay = 0.78> <FuncUnit> <Opcode : 'add' 'sub'> <InPorts = 2> <OutPorts = 1>
ST_2 : Operation 28 [1/1] (0.00ns)   --->   "%zext_ln788 = zext i11 %add_ln788" [../src/fp_math_hls.cpp:788]   --->   Operation 28 'zext' 'zext_ln788' <Predicate = true> <Delay = 0.00>
ST_2 : Operation 29 [1/1] (0.00ns)   --->   "%atan_lut_fn_addr_1 = getelementptr i18 %atan_lut_fn, i64 0, i64 %zext_ln788" [../src/fp_math_hls.cpp:788]   --->   Operation 29 'getelementptr' 'atan_lut_fn_addr_1' <Predicate = true> <Delay = 0.00>
ST_2 : Operation 30 [2/2] (1.23ns)   --->   "%value_201 = load i11 %atan_lut_fn_addr_1" [../src/fp_math_hls.cpp:788]   --->   Operation 30 'load' 'value_201' <Predicate = true> <Delay = 1.23> <CoreInst = "ROM_2P_BRAM">   --->   Core 106 'ROM_2P_BRAM' <Latency = 1> <II = 1> <Delay = 1.23> <Storage> <Opcode : 'load'> <Ports = 2> <Width = 18> <Depth = 1025> <ROM>

State 3 <SV = 2> <Delay = 3.89>
ST_3 : Operation 31 [1/1] (0.00ns)   --->   "%zext_ln663_3 = zext i18 %value" [include/fp_types_hls.hpp:663->../src/fp_math_hls.cpp:787]   --->   Operation 31 'zext' 'zext_ln663_3' <Predicate = true> <Delay = 0.00>
ST_3 : Operation 32 [1/2] ( I:1.23ns O:1.23ns )   --->   "%value_201 = load i11 %atan_lut_fn_addr_1" [../src/fp_math_hls.cpp:788]   --->   Operation 32 'load' 'value_201' <Predicate = true> <Delay = 1.23> <CoreInst = "ROM_2P_BRAM">   --->   Core 106 'ROM_2P_BRAM' <Latency = 1> <II = 1> <Delay = 1.23> <Storage> <Opcode : 'load'> <Ports = 2> <Width = 18> <Depth = 1025> <ROM>
ST_3 : Operation 33 [1/1] (0.00ns)   --->   "%zext_ln663_4 = zext i18 %value_201" [include/fp_types_hls.hpp:663->../src/fp_math_hls.cpp:788]   --->   Operation 33 'zext' 'zext_ln663_4' <Predicate = true> <Delay = 0.00>
ST_3 : Operation 34 [1/1] (0.87ns)   --->   "%dv_raw = sub i19 %zext_ln663_4, i19 %zext_ln663_3" [../src/fp_math_hls.cpp:247->../src/fp_math_hls.cpp:789]   --->   Operation 34 'sub' 'dv_raw' <Predicate = true> <Delay = 0.87> <CoreInst = "Adder">   --->   Core 1 'Adder' <Latency = 0> <II = 1> <Delay = 0.87> <FuncUnit> <Opcode : 'add' 'sub'> <InPorts = 2> <OutPorts = 1>
ST_3 : Operation 35 [1/1] (0.00ns)   --->   "%sext_ln211 = sext i26 %frac_raw" [../src/fp_math_hls.cpp:211->../src/fp_math_hls.cpp:248->../src/fp_math_hls.cpp:789]   --->   Operation 35 'sext' 'sext_ln211' <Predicate = true> <Delay = 0.00>
ST_3 : Operation 36 [1/1] (0.00ns)   --->   "%sext_ln211_4 = sext i19 %dv_raw" [../src/fp_math_hls.cpp:211->../src/fp_math_hls.cpp:248->../src/fp_math_hls.cpp:789]   --->   Operation 36 'sext' 'sext_ln211_4' <Predicate = true> <Delay = 0.00>
ST_3 : Operation 37 [4/4] (1.78ns)   --->   "%mul_ln211 = mul i45 %sext_ln211, i45 %sext_ln211_4" [../src/fp_math_hls.cpp:211->../src/fp_math_hls.cpp:248->../src/fp_math_hls.cpp:789]   --->   Operation 37 'mul' 'mul_ln211' <Predicate = true> <Delay = 1.78> <CoreInst = "Mul_DSP">   --->   Core 5 'Mul_DSP' <Latency = 3> <II = 1> <Delay = 1.78> <FuncUnit> <Opcode : 'mul'> <InPorts = 2> <OutPorts = 1>

State 4 <SV = 3> <Delay = 1.78>
ST_4 : Operation 38 [3/4] (1.78ns)   --->   "%mul_ln211 = mul i45 %sext_ln211, i45 %sext_ln211_4" [../src/fp_math_hls.cpp:211->../src/fp_math_hls.cpp:248->../src/fp_math_hls.cpp:789]   --->   Operation 38 'mul' 'mul_ln211' <Predicate = true> <Delay = 1.78> <CoreInst = "Mul_DSP">   --->   Core 5 'Mul_DSP' <Latency = 3> <II = 1> <Delay = 1.78> <FuncUnit> <Opcode : 'mul'> <InPorts = 2> <OutPorts = 1>

State 5 <SV = 4> <Delay = 1.78>
ST_5 : Operation 39 [2/4] (1.78ns)   --->   "%mul_ln211 = mul i45 %sext_ln211, i45 %sext_ln211_4" [../src/fp_math_hls.cpp:211->../src/fp_math_hls.cpp:248->../src/fp_math_hls.cpp:789]   --->   Operation 39 'mul' 'mul_ln211' <Predicate = true> <Delay = 1.78> <CoreInst = "Mul_DSP">   --->   Core 5 'Mul_DSP' <Latency = 3> <II = 1> <Delay = 1.78> <FuncUnit> <Opcode : 'mul'> <InPorts = 2> <OutPorts = 1>

State 6 <SV = 5> <Delay = 4.01>
ST_6 : Operation 40 [1/1] (0.00ns)   --->   "%specmemcore_ln766 = specmemcore void @_ssdm_op_SpecMemCore, i18 %atan_lut_fn, i64 666, i64 36, i64 18446744073709551615, i1 0" [../src/fp_math_hls.cpp:766]   --->   Operation 40 'specmemcore' 'specmemcore_ln766' <Predicate = true> <Delay = 0.00>
ST_6 : Operation 41 [1/1] (0.00ns)   --->   "%zext_ln663 = zext i18 %value" [include/fp_types_hls.hpp:663->../src/fp_math_hls.cpp:787]   --->   Operation 41 'zext' 'zext_ln663' <Predicate = true> <Delay = 0.00>
ST_6 : Operation 42 [1/1] (0.00ns)   --->   "%rbegin = specregionbegin i32 @_ssdm_op_SpecRegionBegin, void @empty_96" [../src/fp_math_hls.cpp:211->../src/fp_math_hls.cpp:248->../src/fp_math_hls.cpp:789]   --->   Operation 42 'specregionbegin' 'rbegin' <Predicate = true> <Delay = 0.00>
ST_6 : Operation 43 [1/4] (1.78ns)   --->   "%mul_ln211 = mul i45 %sext_ln211, i45 %sext_ln211_4" [../src/fp_math_hls.cpp:211->../src/fp_math_hls.cpp:248->../src/fp_math_hls.cpp:789]   --->   Operation 43 'mul' 'mul_ln211' <Predicate = true> <Delay = 1.78> <CoreInst = "Mul_DSP">   --->   Core 5 'Mul_DSP' <Latency = 3> <II = 1> <Delay = 1.78> <FuncUnit> <Opcode : 'mul'> <InPorts = 2> <OutPorts = 1>
ST_6 : Operation 44 [1/1] (0.00ns)   --->   "%specfucore_ln212 = specfucore void @_ssdm_op_SpecFUCore, i45 %mul_ln211, i64 12, i64 3, i64 3, i1 0" [../src/fp_math_hls.cpp:212->../src/fp_math_hls.cpp:248->../src/fp_math_hls.cpp:789]   --->   Operation 44 'specfucore' 'specfucore_ln212' <Predicate = true> <Delay = 0.00>
ST_6 : Operation 45 [1/1] (0.00ns)   --->   "%rend = specregionend i32 @_ssdm_op_SpecRegionEnd, void @empty_96, i32 %rbegin" [../src/fp_math_hls.cpp:211->../src/fp_math_hls.cpp:248->../src/fp_math_hls.cpp:789]   --->   Operation 45 'specregionend' 'rend' <Predicate = true> <Delay = 0.00>
ST_6 : Operation 46 [1/1] (0.00ns)   --->   "%interp_raw = partselect i26 @_ssdm_op_PartSelect.i26.i45.i32.i32, i45 %mul_ln211, i32 17, i32 42" [../src/fp_math_hls.cpp:213->../src/fp_math_hls.cpp:248->../src/fp_math_hls.cpp:789]   --->   Operation 46 'partselect' 'interp_raw' <Predicate = true> <Delay = 0.00>
ST_6 : Operation 47 [1/1] (0.95ns)   --->   "%raw_29 = add i26 %zext_ln663, i26 %interp_raw" [../src/fp_math_hls.cpp:249->../src/fp_math_hls.cpp:789]   --->   Operation 47 'add' 'raw_29' <Predicate = true> <Delay = 0.95> <CoreInst = "Adder">   --->   Core 1 'Adder' <Latency = 0> <II = 1> <Delay = 0.95> <FuncUnit> <Opcode : 'add' 'sub'> <InPorts = 2> <OutPorts = 1>
ST_6 : Operation 48 [1/1] (0.95ns)   --->   "%raw = sub i26 0, i26 %raw_29" [../src/fp_math_hls.cpp:790]   --->   Operation 48 'sub' 'raw' <Predicate = (neg)> <Delay = 0.95> <CoreInst = "Adder">   --->   Core 1 'Adder' <Latency = 0> <II = 1> <Delay = 0.95> <FuncUnit> <Opcode : 'add' 'sub'> <InPorts = 2> <OutPorts = 1>
ST_6 : Operation 49 [1/1] (0.32ns)   --->   "%raw_30 = select i1 %neg, i26 %raw, i26 %raw_29" [../src/fp_math_hls.cpp:790]   --->   Operation 49 'select' 'raw_30' <Predicate = true> <Delay = 0.32> <CoreInst = "Sel">   --->   Core 73 'Sel' <Latency = 0> <II = 1> <Delay = 0.32> <FuncUnit> <Opcode : 'select'> <InPorts = 3> <OutPorts = 1>
ST_6 : Operation 50 [1/1] (0.00ns)   --->   "%ret_ln792 = ret i26 %raw_30" [../src/fp_math_hls.cpp:792]   --->   Operation 50 'ret' 'ret_ln792' <Predicate = true> <Delay = 0.00>


============================================================
+ Verbose Summary: Binding
============================================================
STG Binding: 
---------------- STG Properties BEGIN ----------------
- Is combinational: 0
- Is one-state seq: 0
- Is datapath-only: 0
- Is pipelined: 1
- Is top level: 0
Port [ Return ] is wired: 1; IO mode=ap_ctrl_hs:ce=0
Port [ x]:  wired=1; compound=0; hidden=0; nouse=0; global=0; static=0; extern=0; dir=0; type=0; pingpong=0; private_global=0; IO mode=ap_none:ce=0
Port [ atan_lut_fn]:  wired=0; compound=1; hidden=1; nouse=0; global=1; static=1; extern=0; dir=0; type=1; pingpong=0; private_global=0; MemPort=[13]; IO mode=ap_memory:ce=0
---------------- STG Properties END ------------------

---------------- Datapath Model BEGIN ----------------

<LifeTime>
<method=bitvector/>
x_read             (read           ) [ 0000000]
neg                (bitselect      ) [ 0011111]
abs_x              (sub            ) [ 0000000]
abs_x_2            (select         ) [ 0000000]
scaled             (shl            ) [ 0000000]
trunc_ln779_1      (partselect     ) [ 0000000]
tmp                (bitselect      ) [ 0000000]
idx                (select         ) [ 0000000]
trunc_ln779        (trunc          ) [ 0000000]
tmp_105            (partselect     ) [ 0000000]
icmp_ln782         (icmp           ) [ 0000000]
idx_3              (select         ) [ 0010000]
zext_ln786         (zext           ) [ 0000000]
trunc_ln786        (trunc          ) [ 0000000]
shl_ln             (bitconcatenate ) [ 0000000]
frac_raw           (sub            ) [ 0011000]
atan_lut_fn_addr   (getelementptr  ) [ 0010000]
zext_ln779         (zext           ) [ 0000000]
value              (load           ) [ 0001111]
add_ln788          (add            ) [ 0000000]
zext_ln788         (zext           ) [ 0000000]
atan_lut_fn_addr_1 (getelementptr  ) [ 0001000]
zext_ln663_3       (zext           ) [ 0000000]
value_201          (load           ) [ 0000000]
zext_ln663_4       (zext           ) [ 0000000]
dv_raw             (sub            ) [ 0000000]
sext_ln211         (sext           ) [ 0000111]
sext_ln211_4       (sext           ) [ 0000111]
specmemcore_ln766  (specmemcore    ) [ 0000000]
zext_ln663         (zext           ) [ 0000000]
rbegin             (specregionbegin) [ 0000000]
mul_ln211          (mul            ) [ 0000000]
specfucore_ln212   (specfucore     ) [ 0000000]
rend               (specregionend  ) [ 0000000]
interp_raw         (partselect     ) [ 0000000]
raw_29             (add            ) [ 0000000]
raw                (sub            ) [ 0000000]
raw_30             (select         ) [ 0000000]
ret_ln792          (ret            ) [ 0000000]
</LifeTime>

<model>

<comp_list>
<comp id="0" class="1000" name="x">
<pin_list>
<pin id="1" dir="1" index="0" bw="1" slack="0"/>
</pin_list>
<bind>
<StgValue><ssdm name="x"/></StgValue>
</bind>
</comp>

<comp id="2" class="1000" name="atan_lut_fn">
<pin_list>
<pin id="3" dir="1" index="0" bw="1" slack="0"/>
</pin_list>
<bind>
<StgValue><ssdm name="atan_lut_fn"/><MemPortTyVec>1 3 </MemPortTyVec>
</StgValue>
</bind>
</comp>

<comp id="4" class="1001" name="const_4">
<pin_list>
<pin id="5" dir="1" index="0" bw="1" slack="0"/>
</pin_list>
<bind>
<StgValue><ssdm name="_ssdm_op_Read.ap_auto.i26"/></StgValue>
</bind>
</comp>

<comp id="6" class="1001" name="const_6">
<pin_list>
<pin id="7" dir="1" index="0" bw="1" slack="0"/>
</pin_list>
<bind>
<StgValue><ssdm name="_ssdm_op_BitSelect.i1.i26.i32"/></StgValue>
</bind>
</comp>

<comp id="8" class="1001" name="const_8">
<pin_list>
<pin id="9" dir="1" index="0" bw="1" slack="0"/>
</pin_list>
<bind>
<StgValue><ssdm name=""/></StgValue>
</bind>
</comp>

<comp id="10" class="1001" name="const_10">
<pin_list>
<pin id="11" dir="1" index="0" bw="1" slack="0"/>
</pin_list>
<bind>
<StgValue><ssdm name=""/></StgValue>
</bind>
</comp>

<comp id="12" class="1001" name="const_12">
<pin_list>
<pin id="13" dir="1" index="0" bw="1" slack="0"/>
</pin_list>
<bind>
<StgValue><ssdm name=""/></StgValue>
</bind>
</comp>

<comp id="14" class="1001" name="const_14">
<pin_list>
<pin id="15" dir="1" index="0" bw="1" slack="0"/>
</pin_list>
<bind>
<StgValue><ssdm name="_ssdm_op_PartSelect.i15.i26.i32.i32"/></StgValue>
</bind>
</comp>

<comp id="16" class="1001" name="const_16">
<pin_list>
<pin id="17" dir="1" index="0" bw="1" slack="0"/>
</pin_list>
<bind>
<StgValue><ssdm name=""/></StgValue>
</bind>
</comp>

<comp id="18" class="1001" name="const_18">
<pin_list>
<pin id="19" dir="1" index="0" bw="1" slack="0"/>
</pin_list>
<bind>
<StgValue><ssdm name=""/></StgValue>
</bind>
</comp>

<comp id="20" class="1001" name="const_20">
<pin_list>
<pin id="21" dir="1" index="0" bw="1" slack="0"/>
</pin_list>
<bind>
<StgValue><ssdm name=""/></StgValue>
</bind>
</comp>

<comp id="22" class="1001" name="const_22">
<pin_list>
<pin id="23" dir="1" index="0" bw="1" slack="0"/>
</pin_list>
<bind>
<StgValue><ssdm name="_ssdm_op_PartSelect.i5.i15.i32.i32"/></StgValue>
</bind>
</comp>

<comp id="24" class="1001" name="const_24">
<pin_list>
<pin id="25" dir="1" index="0" bw="1" slack="0"/>
</pin_list>
<bind>
<StgValue><ssdm name=""/></StgValue>
</bind>
</comp>

<comp id="26" class="1001" name="const_26">
<pin_list>
<pin id="27" dir="1" index="0" bw="1" slack="0"/>
</pin_list>
<bind>
<StgValue><ssdm name=""/></StgValue>
</bind>
</comp>

<comp id="28" class="1001" name="const_28">
<pin_list>
<pin id="29" dir="1" index="0" bw="1" slack="0"/>
</pin_list>
<bind>
<StgValue><ssdm name=""/></StgValue>
</bind>
</comp>

<comp id="30" class="1001" name="const_30">
<pin_list>
<pin id="31" dir="1" index="0" bw="1" slack="0"/>
</pin_list>
<bind>
<StgValue><ssdm name="_ssdm_op_BitConcatenate.i26.i9.i17"/></StgValue>
</bind>
</comp>

<comp id="32" class="1001" name="const_32">
<pin_list>
<pin id="33" dir="1" index="0" bw="1" slack="0"/>
</pin_list>
<bind>
<StgValue><ssdm name=""/></StgValue>
</bind>
</comp>

<comp id="34" class="1001" name="const_34">
<pin_list>
<pin id="35" dir="1" index="0" bw="1" slack="0"/>
</pin_list>
<bind>
<StgValue><ssdm name=""/></StgValue>
</bind>
</comp>

<comp id="36" class="1001" name="const_36">
<pin_list>
<pin id="37" dir="1" index="0" bw="1" slack="0"/>
</pin_list>
<bind>
<StgValue><ssdm name=""/></StgValue>
</bind>
</comp>

<comp id="38" class="1001" name="const_38">
<pin_list>
<pin id="39" dir="1" index="0" bw="1" slack="2147483647"/>
</pin_list>
<bind>
<StgValue><ssdm name="_ssdm_op_SpecMemCore"/></StgValue>
</bind>
</comp>

<comp id="40" class="1001" name="const_40">
<pin_list>
<pin id="41" dir="1" index="0" bw="1" slack="2147483647"/>
</pin_list>
<bind>
<StgValue><ssdm name=""/></StgValue>
</bind>
</comp>

<comp id="42" class="1001" name="const_42">
<pin_list>
<pin id="43" dir="1" index="0" bw="1" slack="2147483647"/>
</pin_list>
<bind>
<StgValue><ssdm name=""/></StgValue>
</bind>
</comp>

<comp id="44" class="1001" name="const_44">
<pin_list>
<pin id="45" dir="1" index="0" bw="1" slack="2147483647"/>
</pin_list>
<bind>
<StgValue><ssdm name=""/></StgValue>
</bind>
</comp>

<comp id="46" class="1001" name="const_46">
<pin_list>
<pin id="47" dir="1" index="0" bw="1" slack="2147483647"/>
</pin_list>
<bind>
<StgValue><ssdm name=""/></StgValue>
</bind>
</comp>

<comp id="48" class="1001" name="const_48">
<pin_list>
<pin id="49" dir="1" index="0" bw="1" slack="2147483647"/>
</pin_list>
<bind>
<StgValue><ssdm name="_ssdm_op_SpecRegionBegin"/></StgValue>
</bind>
</comp>

<comp id="50" class="1001" name="const_50">
<pin_list>
<pin id="51" dir="1" index="0" bw="1" slack="2147483647"/>
</pin_list>
<bind>
<StgValue><ssdm name="empty_96"/></StgValue>
</bind>
</comp>

<comp id="52" class="1001" name="const_52">
<pin_list>
<pin id="53" dir="1" index="0" bw="1" slack="2147483647"/>
</pin_list>
<bind>
<StgValue><ssdm name="_ssdm_op_SpecFUCore"/></StgValue>
</bind>
</comp>

<comp id="54" class="1001" name="const_54">
<pin_list>
<pin id="55" dir="1" index="0" bw="1" slack="2147483647"/>
</pin_list>
<bind>
<StgValue><ssdm name=""/></StgValue>
</bind>
</comp>

<comp id="56" class="1001" name="const_56">
<pin_list>
<pin id="57" dir="1" index="0" bw="1" slack="2147483647"/>
</pin_list>
<bind>
<StgValue><ssdm name=""/></StgValue>
</bind>
</comp>

<comp id="58" class="1001" name="const_58">
<pin_list>
<pin id="59" dir="1" index="0" bw="1" slack="2147483647"/>
</pin_list>
<bind>
<StgValue><ssdm name="_ssdm_op_SpecRegionEnd"/></StgValue>
</bind>
</comp>

<comp id="60" class="1001" name="const_60">
<pin_list>
<pin id="61" dir="1" index="0" bw="1" slack="0"/>
</pin_list>
<bind>
<StgValue><ssdm name="_ssdm_op_PartSelect.i26.i45.i32.i32"/></StgValue>
</bind>
</comp>

<comp id="62" class="1001" name="const_62">
<pin_list>
<pin id="63" dir="1" index="0" bw="1" slack="0"/>
</pin_list>
<bind>
<StgValue><ssdm name=""/></StgValue>
</bind>
</comp>

<comp id="64" class="1001" name="const_64">
<pin_list>
<pin id="65" dir="1" index="0" bw="1" slack="0"/>
</pin_list>
<bind>
<StgValue><ssdm name=""/></StgValue>
</bind>
</comp>

<comp id="66" class="1004" name="x_read_read_fu_66">
<pin_list>
<pin id="67" dir="0" index="0" bw="26" slack="0"/>
<pin id="68" dir="0" index="1" bw="26" slack="0"/>
<pin id="69" dir="1" index="2" bw="26" slack="0"/>
</pin_list>
<bind>
<opcode="read(1150) " fcode="read"/>
<opset="x_read/1 "/>
</bind>
</comp>

<comp id="72" class="1004" name="atan_lut_fn_addr_gep_fu_72">
<pin_list>
<pin id="73" dir="0" index="0" bw="18" slack="0"/>
<pin id="74" dir="0" index="1" bw="1" slack="0"/>
<pin id="75" dir="0" index="2" bw="10" slack="0"/>
<pin id="76" dir="1" index="3" bw="11" slack="0"/>
</pin_list>
<bind>
<opcode="getelementptr(29) " fcode="getelementptr"/>
<opset="atan_lut_fn_addr/1 "/>
</bind>
</comp>

<comp id="79" class="1004" name="grp_access_fu_79">
<pin_list>
<pin id="80" dir="0" index="0" bw="11" slack="0"/>
<pin id="81" dir="0" index="1" bw="18" slack="2147483647"/>
<pin id="82" dir="0" index="2" bw="0" slack="2147483647"/>
<pin id="83" dir="1" index="3" bw="18" slack="0"/>
</pin_list>
<bind>
<opcode="load(27) " fcode="load"/>
<opset="value/1 value_201/2 "/>
</bind>
</comp>

<comp id="85" class="1004" name="atan_lut_fn_addr_1_gep_fu_85">
<pin_list>
<pin id="86" dir="0" index="0" bw="18" slack="0"/>
<pin id="87" dir="0" index="1" bw="1" slack="0"/>
<pin id="88" dir="0" index="2" bw="11" slack="0"/>
<pin id="89" dir="1" index="3" bw="11" slack="0"/>
</pin_list>
<bind>
<opcode="getelementptr(29) " fcode="getelementptr"/>
<opset="atan_lut_fn_addr_1/2 "/>
</bind>
</comp>

<comp id="93" class="1004" name="neg_fu_93">
<pin_list>
<pin id="94" dir="0" index="0" bw="1" slack="0"/>
<pin id="95" dir="0" index="1" bw="26" slack="0"/>
<pin id="96" dir="0" index="2" bw="6" slack="0"/>
<pin id="97" dir="1" index="3" bw="1" slack="0"/>
</pin_list>
<bind>
<opcode="bitselect(1000) " fcode="bitselect"/>
<opset="neg/1 "/>
</bind>
</comp>

<comp id="101" class="1004" name="abs_x_fu_101">
<pin_list>
<pin id="102" dir="0" index="0" bw="1" slack="0"/>
<pin id="103" dir="0" index="1" bw="26" slack="0"/>
<pin id="104" dir="1" index="2" bw="26" slack="0"/>
</pin_list>
<bind>
<opcode="sub(10) " fcode="sub"/>
<opset="abs_x/1 "/>
</bind>
</comp>

<comp id="107" class="1004" name="abs_x_2_fu_107">
<pin_list>
<pin id="108" dir="0" index="0" bw="1" slack="0"/>
<pin id="109" dir="0" index="1" bw="26" slack="0"/>
<pin id="110" dir="0" index="2" bw="26" slack="0"/>
<pin id="111" dir="1" index="3" bw="26" slack="0"/>
</pin_list>
<bind>
<opcode="select(49) " fcode="select"/>
<opset="abs_x_2/1 "/>
</bind>
</comp>

<comp id="115" class="1004" name="scaled_fu_115">
<pin_list>
<pin id="116" dir="0" index="0" bw="26" slack="0"/>
<pin id="117" dir="0" index="1" bw="4" slack="0"/>
<pin id="118" dir="1" index="2" bw="26" slack="0"/>
</pin_list>
<bind>
<opcode="shl(20) " fcode="shl"/>
<opset="scaled/1 "/>
</bind>
</comp>

<comp id="121" class="1004" name="trunc_ln779_1_fu_121">
<pin_list>
<pin id="122" dir="0" index="0" bw="15" slack="0"/>
<pin id="123" dir="0" index="1" bw="26" slack="0"/>
<pin id="124" dir="0" index="2" bw="5" slack="0"/>
<pin id="125" dir="0" index="3" bw="6" slack="0"/>
<pin id="126" dir="1" index="4" bw="15" slack="0"/>
</pin_list>
<bind>
<opcode="partselect(1002) " fcode="partselect"/>
<opset="trunc_ln779_1/1 "/>
</bind>
</comp>

<comp id="131" class="1004" name="tmp_fu_131">
<pin_list>
<pin id="132" dir="0" index="0" bw="1" slack="0"/>
<pin id="133" dir="0" index="1" bw="26" slack="0"/>
<pin id="134" dir="0" index="2" bw="6" slack="0"/>
<pin id="135" dir="1" index="3" bw="1" slack="0"/>
</pin_list>
<bind>
<opcode="bitselect(1000) " fcode="bitselect"/>
<opset="tmp/1 "/>
</bind>
</comp>

<comp id="139" class="1004" name="idx_fu_139">
<pin_list>
<pin id="140" dir="0" index="0" bw="1" slack="0"/>
<pin id="141" dir="0" index="1" bw="1" slack="0"/>
<pin id="142" dir="0" index="2" bw="15" slack="0"/>
<pin id="143" dir="1" index="3" bw="15" slack="0"/>
</pin_list>
<bind>
<opcode="select(49) " fcode="select"/>
<opset="idx/1 "/>
</bind>
</comp>

<comp id="147" class="1004" name="trunc_ln779_fu_147">
<pin_list>
<pin id="148" dir="0" index="0" bw="15" slack="0"/>
<pin id="149" dir="1" index="1" bw="10" slack="0"/>
</pin_list>
<bind>
<opcode="trunc(33) " fcode="trunc"/>
<opset="trunc_ln779/1 "/>
</bind>
</comp>

<comp id="151" class="1004" name="tmp_105_fu_151">
<pin_list>
<pin id="152" dir="0" index="0" bw="5" slack="0"/>
<pin id="153" dir="0" index="1" bw="15" slack="0"/>
<pin id="154" dir="0" index="2" bw="5" slack="0"/>
<pin id="155" dir="0" index="3" bw="5" slack="0"/>
<pin id="156" dir="1" index="4" bw="5" slack="0"/>
</pin_list>
<bind>
<opcode="partselect(1002) " fcode="partselect"/>
<opset="tmp_105/1 "/>
</bind>
</comp>

<comp id="161" class="1004" name="icmp_ln782_fu_161">
<pin_list>
<pin id="162" dir="0" index="0" bw="5" slack="0"/>
<pin id="163" dir="0" index="1" bw="1" slack="0"/>
<pin id="164" dir="1" index="2" bw="1" slack="0"/>
</pin_list>
<bind>
<opcode="icmp(45) " fcode="icmp"/>
<opset="icmp_ln782/1 "/>
</bind>
</comp>

<comp id="167" class="1004" name="idx_3_fu_167">
<pin_list>
<pin id="168" dir="0" index="0" bw="1" slack="0"/>
<pin id="169" dir="0" index="1" bw="1" slack="0"/>
<pin id="170" dir="0" index="2" bw="10" slack="0"/>
<pin id="171" dir="1" index="3" bw="10" slack="0"/>
</pin_list>
<bind>
<opcode="select(49) " fcode="select"/>
<opset="idx_3/1 "/>
</bind>
</comp>

<comp id="175" class="1004" name="zext_ln786_fu_175">
<pin_list>
<pin id="176" dir="0" index="0" bw="10" slack="0"/>
<pin id="177" dir="1" index="1" bw="64" slack="0"/>
</pin_list>
<bind>
<opcode="zext(34) " fcode="zext"/>
<opset="zext_ln786/1 "/>
</bind>
</comp>

<comp id="180" class="1004" name="trunc_ln786_fu_180">
<pin_list>
<pin id="181" dir="0" index="0" bw="10" slack="0"/>
<pin id="182" dir="1" index="1" bw="9" slack="0"/>
</pin_list>
<bind>
<opcode="trunc(33) " fcode="trunc"/>
<opset="trunc_ln786/1 "/>
</bind>
</comp>

<comp id="184" class="1004" name="shl_ln_fu_184">
<pin_list>
<pin id="185" dir="0" index="0" bw="26" slack="0"/>
<pin id="186" dir="0" index="1" bw="9" slack="0"/>
<pin id="187" dir="0" index="2" bw="1" slack="0"/>
<pin id="188" dir="1" index="3" bw="26" slack="0"/>
</pin_list>
<bind>
<opcode="bitconcatenate(1004) " fcode="bitconcatenate"/>
<opset="shl_ln/1 "/>
</bind>
</comp>

<comp id="192" class="1004" name="frac_raw_fu_192">
<pin_list>
<pin id="193" dir="0" index="0" bw="26" slack="0"/>
<pin id="194" dir="0" index="1" bw="26" slack="0"/>
<pin id="195" dir="1" index="2" bw="26" slack="2"/>
</pin_list>
<bind>
<opcode="sub(10) " fcode="sub"/>
<opset="frac_raw/1 "/>
</bind>
</comp>

<comp id="198" class="1004" name="zext_ln779_fu_198">
<pin_list>
<pin id="199" dir="0" index="0" bw="10" slack="1"/>
<pin id="200" dir="1" index="1" bw="11" slack="0"/>
</pin_list>
<bind>
<opcode="zext(34) " fcode="zext"/>
<opset="zext_ln779/2 "/>
</bind>
</comp>

<comp id="201" class="1004" name="add_ln788_fu_201">
<pin_list>
<pin id="202" dir="0" index="0" bw="10" slack="0"/>
<pin id="203" dir="0" index="1" bw="1" slack="0"/>
<pin id="204" dir="1" index="2" bw="11" slack="0"/>
</pin_list>
<bind>
<opcode="add(8) " fcode="add"/>
<opset="add_ln788/2 "/>
</bind>
</comp>

<comp id="207" class="1004" name="zext_ln788_fu_207">
<pin_list>
<pin id="208" dir="0" index="0" bw="11" slack="0"/>
<pin id="209" dir="1" index="1" bw="64" slack="0"/>
</pin_list>
<bind>
<opcode="zext(34) " fcode="zext"/>
<opset="zext_ln788/2 "/>
</bind>
</comp>

<comp id="212" class="1004" name="zext_ln663_3_fu_212">
<pin_list>
<pin id="213" dir="0" index="0" bw="18" slack="1"/>
<pin id="214" dir="1" index="1" bw="19" slack="0"/>
</pin_list>
<bind>
<opcode="zext(34) " fcode="zext"/>
<opset="zext_ln663_3/3 "/>
</bind>
</comp>

<comp id="215" class="1004" name="zext_ln663_4_fu_215">
<pin_list>
<pin id="216" dir="0" index="0" bw="18" slack="0"/>
<pin id="217" dir="1" index="1" bw="19" slack="0"/>
</pin_list>
<bind>
<opcode="zext(34) " fcode="zext"/>
<opset="zext_ln663_4/3 "/>
</bind>
</comp>

<comp id="219" class="1004" name="dv_raw_fu_219">
<pin_list>
<pin id="220" dir="0" index="0" bw="18" slack="0"/>
<pin id="221" dir="0" index="1" bw="18" slack="0"/>
<pin id="222" dir="1" index="2" bw="19" slack="0"/>
</pin_list>
<bind>
<opcode="sub(10) " fcode="sub"/>
<opset="dv_raw/3 "/>
</bind>
</comp>

<comp id="225" class="1004" name="sext_ln211_fu_225">
<pin_list>
<pin id="226" dir="0" index="0" bw="26" slack="2"/>
<pin id="227" dir="1" index="1" bw="45" slack="0"/>
</pin_list>
<bind>
<opcode="sext(35) " fcode="sext"/>
<opset="sext_ln211/3 "/>
</bind>
</comp>

<comp id="228" class="1004" name="sext_ln211_4_fu_228">
<pin_list>
<pin id="229" dir="0" index="0" bw="19" slack="0"/>
<pin id="230" dir="1" index="1" bw="45" slack="0"/>
</pin_list>
<bind>
<opcode="sext(35) " fcode="sext"/>
<opset="sext_ln211_4/3 "/>
</bind>
</comp>

<comp id="232" class="1004" name="grp_fu_232">
<pin_list>
<pin id="233" dir="0" index="0" bw="26" slack="0"/>
<pin id="234" dir="0" index="1" bw="19" slack="0"/>
<pin id="235" dir="1" index="2" bw="45" slack="0"/>
</pin_list>
<bind>
<opcode="mul(12) " fcode="mul"/>
<opset="mul_ln211/3 "/>
</bind>
</comp>

<comp id="238" class="1004" name="zext_ln663_fu_238">
<pin_list>
<pin id="239" dir="0" index="0" bw="18" slack="4"/>
<pin id="240" dir="1" index="1" bw="26" slack="0"/>
</pin_list>
<bind>
<opcode="zext(34) " fcode="zext"/>
<opset="zext_ln663/6 "/>
</bind>
</comp>

<comp id="241" class="1004" name="interp_raw_fu_241">
<pin_list>
<pin id="242" dir="0" index="0" bw="26" slack="0"/>
<pin id="243" dir="0" index="1" bw="45" slack="0"/>
<pin id="244" dir="0" index="2" bw="6" slack="0"/>
<pin id="245" dir="0" index="3" bw="7" slack="0"/>
<pin id="246" dir="1" index="4" bw="26" slack="0"/>
</pin_list>
<bind>
<opcode="partselect(1002) " fcode="partselect"/>
<opset="interp_raw/6 "/>
</bind>
</comp>

<comp id="251" class="1004" name="raw_29_fu_251">
<pin_list>
<pin id="252" dir="0" index="0" bw="18" slack="0"/>
<pin id="253" dir="0" index="1" bw="26" slack="0"/>
<pin id="254" dir="1" index="2" bw="26" slack="0"/>
</pin_list>
<bind>
<opcode="add(8) " fcode="add"/>
<opset="raw_29/6 "/>
</bind>
</comp>

<comp id="257" class="1004" name="raw_fu_257">
<pin_list>
<pin id="258" dir="0" index="0" bw="1" slack="0"/>
<pin id="259" dir="0" index="1" bw="26" slack="0"/>
<pin id="260" dir="1" index="2" bw="26" slack="0"/>
</pin_list>
<bind>
<opcode="sub(10) " fcode="sub"/>
<opset="raw/6 "/>
</bind>
</comp>

<comp id="263" class="1004" name="raw_30_fu_263">
<pin_list>
<pin id="264" dir="0" index="0" bw="1" slack="5"/>
<pin id="265" dir="0" index="1" bw="26" slack="0"/>
<pin id="266" dir="0" index="2" bw="26" slack="0"/>
<pin id="267" dir="1" index="3" bw="26" slack="2147483647"/>
</pin_list>
<bind>
<opcode="select(49) " fcode="select"/>
<opset="raw_30/6 "/>
</bind>
</comp>

<comp id="270" class="1005" name="neg_reg_270">
<pin_list>
<pin id="271" dir="0" index="0" bw="1" slack="5"/>
<pin id="272" dir="1" index="1" bw="1" slack="5"/>
</pin_list>
<bind>
<opset="neg "/>
</bind>
</comp>

<comp id="275" class="1005" name="idx_3_reg_275">
<pin_list>
<pin id="276" dir="0" index="0" bw="10" slack="1"/>
<pin id="277" dir="1" index="1" bw="10" slack="1"/>
</pin_list>
<bind>
<opset="idx_3 "/>
</bind>
</comp>

<comp id="280" class="1005" name="frac_raw_reg_280">
<pin_list>
<pin id="281" dir="0" index="0" bw="26" slack="2"/>
<pin id="282" dir="1" index="1" bw="26" slack="2"/>
</pin_list>
<bind>
<opset="frac_raw "/>
</bind>
</comp>

<comp id="285" class="1005" name="atan_lut_fn_addr_reg_285">
<pin_list>
<pin id="286" dir="0" index="0" bw="11" slack="1"/>
<pin id="287" dir="1" index="1" bw="11" slack="1"/>
</pin_list>
<bind>
<opset="atan_lut_fn_addr "/>
</bind>
</comp>

<comp id="290" class="1005" name="value_reg_290">
<pin_list>
<pin id="291" dir="0" index="0" bw="18" slack="1"/>
<pin id="292" dir="1" index="1" bw="18" slack="1"/>
</pin_list>
<bind>
<opset="value "/>
</bind>
</comp>

<comp id="296" class="1005" name="atan_lut_fn_addr_1_reg_296">
<pin_list>
<pin id="297" dir="0" index="0" bw="11" slack="1"/>
<pin id="298" dir="1" index="1" bw="11" slack="1"/>
</pin_list>
<bind>
<opset="atan_lut_fn_addr_1 "/>
</bind>
</comp>

<comp id="301" class="1005" name="sext_ln211_reg_301">
<pin_list>
<pin id="302" dir="0" index="0" bw="45" slack="1"/>
<pin id="303" dir="1" index="1" bw="45" slack="1"/>
</pin_list>
<bind>
<opset="sext_ln211 "/>
</bind>
</comp>

<comp id="306" class="1005" name="sext_ln211_4_reg_306">
<pin_list>
<pin id="307" dir="0" index="0" bw="45" slack="1"/>
<pin id="308" dir="1" index="1" bw="45" slack="1"/>
</pin_list>
<bind>
<opset="sext_ln211_4 "/>
</bind>
</comp>

</comp_list>

<net_list>
<net id="70"><net_src comp="4" pin="0"/><net_sink comp="66" pin=0"/></net>

<net id="71"><net_src comp="0" pin="0"/><net_sink comp="66" pin=1"/></net>

<net id="77"><net_src comp="2" pin="0"/><net_sink comp="72" pin=0"/></net>

<net id="78"><net_src comp="34" pin="0"/><net_sink comp="72" pin=1"/></net>

<net id="84"><net_src comp="72" pin="3"/><net_sink comp="79" pin=0"/></net>

<net id="90"><net_src comp="2" pin="0"/><net_sink comp="85" pin=0"/></net>

<net id="91"><net_src comp="34" pin="0"/><net_sink comp="85" pin=1"/></net>

<net id="92"><net_src comp="85" pin="3"/><net_sink comp="79" pin=0"/></net>

<net id="98"><net_src comp="6" pin="0"/><net_sink comp="93" pin=0"/></net>

<net id="99"><net_src comp="66" pin="2"/><net_sink comp="93" pin=1"/></net>

<net id="100"><net_src comp="8" pin="0"/><net_sink comp="93" pin=2"/></net>

<net id="105"><net_src comp="10" pin="0"/><net_sink comp="101" pin=0"/></net>

<net id="106"><net_src comp="66" pin="2"/><net_sink comp="101" pin=1"/></net>

<net id="112"><net_src comp="93" pin="3"/><net_sink comp="107" pin=0"/></net>

<net id="113"><net_src comp="101" pin="2"/><net_sink comp="107" pin=1"/></net>

<net id="114"><net_src comp="66" pin="2"/><net_sink comp="107" pin=2"/></net>

<net id="119"><net_src comp="107" pin="3"/><net_sink comp="115" pin=0"/></net>

<net id="120"><net_src comp="12" pin="0"/><net_sink comp="115" pin=1"/></net>

<net id="127"><net_src comp="14" pin="0"/><net_sink comp="121" pin=0"/></net>

<net id="128"><net_src comp="107" pin="3"/><net_sink comp="121" pin=1"/></net>

<net id="129"><net_src comp="16" pin="0"/><net_sink comp="121" pin=2"/></net>

<net id="130"><net_src comp="18" pin="0"/><net_sink comp="121" pin=3"/></net>

<net id="136"><net_src comp="6" pin="0"/><net_sink comp="131" pin=0"/></net>

<net id="137"><net_src comp="107" pin="3"/><net_sink comp="131" pin=1"/></net>

<net id="138"><net_src comp="8" pin="0"/><net_sink comp="131" pin=2"/></net>

<net id="144"><net_src comp="131" pin="3"/><net_sink comp="139" pin=0"/></net>

<net id="145"><net_src comp="20" pin="0"/><net_sink comp="139" pin=1"/></net>

<net id="146"><net_src comp="121" pin="4"/><net_sink comp="139" pin=2"/></net>

<net id="150"><net_src comp="139" pin="3"/><net_sink comp="147" pin=0"/></net>

<net id="157"><net_src comp="22" pin="0"/><net_sink comp="151" pin=0"/></net>

<net id="158"><net_src comp="139" pin="3"/><net_sink comp="151" pin=1"/></net>

<net id="159"><net_src comp="16" pin="0"/><net_sink comp="151" pin=2"/></net>

<net id="160"><net_src comp="24" pin="0"/><net_sink comp="151" pin=3"/></net>

<net id="165"><net_src comp="151" pin="4"/><net_sink comp="161" pin=0"/></net>

<net id="166"><net_src comp="26" pin="0"/><net_sink comp="161" pin=1"/></net>

<net id="172"><net_src comp="161" pin="2"/><net_sink comp="167" pin=0"/></net>

<net id="173"><net_src comp="28" pin="0"/><net_sink comp="167" pin=1"/></net>

<net id="174"><net_src comp="147" pin="1"/><net_sink comp="167" pin=2"/></net>

<net id="178"><net_src comp="167" pin="3"/><net_sink comp="175" pin=0"/></net>

<net id="179"><net_src comp="175" pin="1"/><net_sink comp="72" pin=2"/></net>

<net id="183"><net_src comp="167" pin="3"/><net_sink comp="180" pin=0"/></net>

<net id="189"><net_src comp="30" pin="0"/><net_sink comp="184" pin=0"/></net>

<net id="190"><net_src comp="180" pin="1"/><net_sink comp="184" pin=1"/></net>

<net id="191"><net_src comp="32" pin="0"/><net_sink comp="184" pin=2"/></net>

<net id="196"><net_src comp="115" pin="2"/><net_sink comp="192" pin=0"/></net>

<net id="197"><net_src comp="184" pin="3"/><net_sink comp="192" pin=1"/></net>

<net id="205"><net_src comp="198" pin="1"/><net_sink comp="201" pin=0"/></net>

<net id="206"><net_src comp="36" pin="0"/><net_sink comp="201" pin=1"/></net>

<net id="210"><net_src comp="201" pin="2"/><net_sink comp="207" pin=0"/></net>

<net id="211"><net_src comp="207" pin="1"/><net_sink comp="85" pin=2"/></net>

<net id="218"><net_src comp="79" pin="3"/><net_sink comp="215" pin=0"/></net>

<net id="223"><net_src comp="215" pin="1"/><net_sink comp="219" pin=0"/></net>

<net id="224"><net_src comp="212" pin="1"/><net_sink comp="219" pin=1"/></net>

<net id="231"><net_src comp="219" pin="2"/><net_sink comp="228" pin=0"/></net>

<net id="236"><net_src comp="225" pin="1"/><net_sink comp="232" pin=0"/></net>

<net id="237"><net_src comp="228" pin="1"/><net_sink comp="232" pin=1"/></net>

<net id="247"><net_src comp="60" pin="0"/><net_sink comp="241" pin=0"/></net>

<net id="248"><net_src comp="232" pin="2"/><net_sink comp="241" pin=1"/></net>

<net id="249"><net_src comp="62" pin="0"/><net_sink comp="241" pin=2"/></net>

<net id="250"><net_src comp="64" pin="0"/><net_sink comp="241" pin=3"/></net>

<net id="255"><net_src comp="238" pin="1"/><net_sink comp="251" pin=0"/></net>

<net id="256"><net_src comp="241" pin="4"/><net_sink comp="251" pin=1"/></net>

<net id="261"><net_src comp="10" pin="0"/><net_sink comp="257" pin=0"/></net>

<net id="262"><net_src comp="251" pin="2"/><net_sink comp="257" pin=1"/></net>

<net id="268"><net_src comp="257" pin="2"/><net_sink comp="263" pin=1"/></net>

<net id="269"><net_src comp="251" pin="2"/><net_sink comp="263" pin=2"/></net>

<net id="273"><net_src comp="93" pin="3"/><net_sink comp="270" pin=0"/></net>

<net id="274"><net_src comp="270" pin="1"/><net_sink comp="263" pin=0"/></net>

<net id="278"><net_src comp="167" pin="3"/><net_sink comp="275" pin=0"/></net>

<net id="279"><net_src comp="275" pin="1"/><net_sink comp="198" pin=0"/></net>

<net id="283"><net_src comp="192" pin="2"/><net_sink comp="280" pin=0"/></net>

<net id="284"><net_src comp="280" pin="1"/><net_sink comp="225" pin=0"/></net>

<net id="288"><net_src comp="72" pin="3"/><net_sink comp="285" pin=0"/></net>

<net id="289"><net_src comp="285" pin="1"/><net_sink comp="79" pin=0"/></net>

<net id="293"><net_src comp="79" pin="3"/><net_sink comp="290" pin=0"/></net>

<net id="294"><net_src comp="290" pin="1"/><net_sink comp="212" pin=0"/></net>

<net id="295"><net_src comp="290" pin="1"/><net_sink comp="238" pin=0"/></net>

<net id="299"><net_src comp="85" pin="3"/><net_sink comp="296" pin=0"/></net>

<net id="300"><net_src comp="296" pin="1"/><net_sink comp="79" pin=0"/></net>

<net id="304"><net_src comp="225" pin="1"/><net_sink comp="301" pin=0"/></net>

<net id="305"><net_src comp="301" pin="1"/><net_sink comp="232" pin=0"/></net>

<net id="309"><net_src comp="228" pin="1"/><net_sink comp="306" pin=0"/></net>

<net id="310"><net_src comp="306" pin="1"/><net_sink comp="232" pin=1"/></net>

</net_list>

</model> 
---------------- Datapath Model END ------------------

* FSMD analyzer results:
  - Output states:
 - Input state : 
	Port: fp_atan_lut_fn : x | {1 }
	Port: fp_atan_lut_fn : atan_lut_fn | {1 2 3 }
  - Chain level:
	State 1
		abs_x_2 : 1
		scaled : 2
		trunc_ln779_1 : 2
		tmp : 2
		idx : 3
		trunc_ln779 : 4
		tmp_105 : 4
		icmp_ln782 : 5
		idx_3 : 6
		zext_ln786 : 7
		trunc_ln786 : 7
		shl_ln : 8
		frac_raw : 9
		atan_lut_fn_addr : 8
		value : 9
	State 2
		add_ln788 : 1
		zext_ln788 : 2
		atan_lut_fn_addr_1 : 3
		value_201 : 4
	State 3
		zext_ln663_4 : 1
		dv_raw : 2
		sext_ln211_4 : 3
		mul_ln211 : 4
	State 4
	State 5
	State 6
		specfucore_ln212 : 1
		rend : 1
		interp_raw : 1
		raw_29 : 2
		raw : 3
		raw_30 : 4
		ret_ln792 : 5


============================================================
+ Verbose Summary: Datapath Resource usage 
============================================================

* Functional unit list:
|----------|----------------------|---------|---------|---------|
| Operation|    Functional Unit   |   DSP   |    FF   |   LUT   |
|----------|----------------------|---------|---------|---------|
|          |     abs_x_fu_101     |    0    |    0    |    33   |
|    sub   |    frac_raw_fu_192   |    0    |    0    |    33   |
|          |     dv_raw_fu_219    |    0    |    0    |    25   |
|          |      raw_fu_257      |    0    |    0    |    33   |
|----------|----------------------|---------|---------|---------|
|    mul   |      grp_fu_232      |    1    |    61   |    29   |
|----------|----------------------|---------|---------|---------|
|          |    abs_x_2_fu_107    |    0    |    0    |    26   |
|  select  |      idx_fu_139      |    0    |    0    |    15   |
|          |     idx_3_fu_167     |    0    |    0    |    10   |
|          |     raw_30_fu_263    |    0    |    0    |    26   |
|----------|----------------------|---------|---------|---------|
|    add   |   add_ln788_fu_201   |    0    |    0    |    17   |
|          |     raw_29_fu_251    |    0    |    0    |    33   |
|----------|----------------------|---------|---------|---------|
|   icmp   |   icmp_ln782_fu_161  |    0    |    0    |    12   |
|----------|----------------------|---------|---------|---------|
|   read   |   x_read_read_fu_66  |    0    |    0    |    0    |
|----------|----------------------|---------|---------|---------|
| bitselect|       neg_fu_93      |    0    |    0    |    0    |
|          |      tmp_fu_131      |    0    |    0    |    0    |
|----------|----------------------|---------|---------|---------|
|    shl   |     scaled_fu_115    |    0    |    0    |    0    |
|----------|----------------------|---------|---------|---------|
|          | trunc_ln779_1_fu_121 |    0    |    0    |    0    |
|partselect|    tmp_105_fu_151    |    0    |    0    |    0    |
|          |   interp_raw_fu_241  |    0    |    0    |    0    |
|----------|----------------------|---------|---------|---------|
|   trunc  |  trunc_ln779_fu_147  |    0    |    0    |    0    |
|          |  trunc_ln786_fu_180  |    0    |    0    |    0    |
|----------|----------------------|---------|---------|---------|
|          |   zext_ln786_fu_175  |    0    |    0    |    0    |
|          |   zext_ln779_fu_198  |    0    |    0    |    0    |
|   zext   |   zext_ln788_fu_207  |    0    |    0    |    0    |
|          |  zext_ln663_3_fu_212 |    0    |    0    |    0    |
|          |  zext_ln663_4_fu_215 |    0    |    0    |    0    |
|          |   zext_ln663_fu_238  |    0    |    0    |    0    |
|----------|----------------------|---------|---------|---------|
|bitconcatenate|     shl_ln_fu_184    |    0    |    0    |    0    |
|----------|----------------------|---------|---------|---------|
|   sext   |   sext_ln211_fu_225  |    0    |    0    |    0    |
|          |  sext_ln211_4_fu_228 |    0    |    0    |    0    |
|----------|----------------------|---------|---------|---------|
|   Total  |                      |    1    |    61   |   292   |
|----------|----------------------|---------|---------|---------|

Memories:
N/A

* Register list:
+--------------------------+--------+
|                          |   FF   |
+--------------------------+--------+
|atan_lut_fn_addr_1_reg_296|   11   |
| atan_lut_fn_addr_reg_285 |   11   |
|     frac_raw_reg_280     |   26   |
|       idx_3_reg_275      |   10   |
|        neg_reg_270       |    1   |
|   sext_ln211_4_reg_306   |   45   |
|    sext_ln211_reg_301    |   45   |
|       value_reg_290      |   18   |
+--------------------------+--------+
|           Total          |   167  |
+--------------------------+--------+

* Multiplexer (MUX) list: 
|------------------|------|------|------|--------||---------||---------||---------|
|       Comp       |  Pin | Size |  BW  | S x BW ||  Delay  ||    FF   ||   LUT   |
|------------------|------|------|------|--------||---------||---------||---------|
| grp_access_fu_79 |  p0  |   4  |  11  |   44   ||    0    ||    20   |
|    grp_fu_232    |  p0  |   2  |  26  |   52   ||    0    ||    9    |
|    grp_fu_232    |  p1  |   2  |  19  |   38   ||    0    ||    9    |
|------------------|------|------|------|--------||---------||---------||---------|
|       Total      |      |      |      |   134  ||  1.379  ||    0    ||    38   |
|------------------|------|------|------|--------||---------||---------||---------|



* Summary:
+-----------+--------+--------+--------+--------+
|           |   DSP  |  Delay |   FF   |   LUT  |
+-----------+--------+--------+--------+--------+
|  Function |    1   |    -   |   61   |   292  |
|   Memory  |    -   |    -   |    -   |    -   |
|Multiplexer|    -   |    1   |    0   |   38   |
|  Register |    -   |    -   |   167  |    -   |
+-----------+--------+--------+--------+--------+
|   Total   |    1   |    1   |   228  |   330  |
+-----------+--------+--------+--------+--------+
