

================================================================
== Vitis HLS Report for 'fp_frenet_recip'
================================================================
* Date:           Thu May 21 15:23:09 2026

* Version:        2025.2 (Build 6295257 on Nov 14 2025)
* Project:        mpc_fpga_top_opencl
* Solution:       hls (Vitis Kernel Flow Target)
* Product family: zynquplus
* Target device:  xck26-sfvc784-2LV-c


================================================================
== Performance Estimates
================================================================
+ Timing: 
    * Summary: 
    +--------+---------+----------+------------+
    |  Clock |  Target | Estimated| Uncertainty|
    +--------+---------+----------+------------+
    |ap_clk  |  5.00 ns|  4.351 ns|     0.50 ns|
    +--------+---------+----------+------------+

+ Latency: 
    * Summary: 
    +---------+---------+-----------+-----------+-----+-----+---------+
    |  Latency (cycles) |   Latency (absolute)  |  Interval | Pipeline|
    |   min   |   max   |    min    |    max    | min | max |   Type  |
    +---------+---------+-----------+-----------+-----+-----+---------+
    |       12|       12|  60.000 ns|  60.000 ns|   13|   13|      yes|
    +---------+---------+-----------+-----------+-----+-----+---------+

    + Detail: 
        * Instance: 
        +-----------------------+-------------+---------+---------+-----------+-----------+-----+-----+---------+
        |                       |             |  Latency (cycles) |   Latency (absolute)  |  Interval | Pipeline|
        |        Instance       |    Module   |   min   |   max   |    min    |    max    | min | max |   Type  |
        +-----------------------+-------------+---------+---------+-----------+-----------+-----+-----+---------+
        |grp_fp_recip_fn_fu_54  |fp_recip_fn  |        6|        6|  30.000 ns|  30.000 ns|    1|    1|      yes|
        +-----------------------+-------------+---------+---------+-----------+-----------+-----+-----+---------+

        * Loop: 
        N/A



================================================================
== Utilization Estimates
================================================================
* Summary: 
+-----------------+---------+------+--------+--------+-----+
|       Name      | BRAM_18K|  DSP |   FF   |   LUT  | URAM|
+-----------------+---------+------+--------+--------+-----+
|DSP              |        -|     -|       -|       -|    -|
|Expression       |        -|     -|       0|     160|    -|
|FIFO             |        -|     -|       -|       -|    -|
|Instance         |        1|     3|    2094|    2739|    -|
|Memory           |        -|     -|       -|       -|    -|
|Multiplexer      |        -|     -|       0|      65|    -|
|Register         |        -|     -|      65|       -|    -|
+-----------------+---------+------+--------+--------+-----+
|Total            |        1|     3|    2159|    2964|    0|
+-----------------+---------+------+--------+--------+-----+
|Available        |      288|  1248|  234240|  117120|   64|
+-----------------+---------+------+--------+--------+-----+
|Utilization (%)  |       ~0|    ~0|      ~0|       2|    0|
+-----------------+---------+------+--------+--------+-----+

+ Detail: 
    * Instance: 
    +---------------------------+----------------------+---------+----+------+------+-----+
    |          Instance         |        Module        | BRAM_18K| DSP|  FF  |  LUT | URAM|
    +---------------------------+----------------------+---------+----+------+------+-----+
    |grp_fp_recip_fn_fu_54      |fp_recip_fn           |        1|   1|  2033|  2710|    0|
    |mul_26s_26s_43_4_1_x_U405  |mul_26s_26s_43_4_1_x  |        0|   2|    61|    29|    0|
    +---------------------------+----------------------+---------+----+------+------+-----+
    |Total                      |                      |        1|   3|  2094|  2739|    0|
    +---------------------------+----------------------+---------+----+------+------+-----+

    * DSP: 
    N/A

    * Memory: 
    N/A

    * FIFO: 
    N/A

    * Expression: 
    +-----------------------+----------+----+---+----+------------+------------+
    |     Variable Name     | Operation| DSP| FF| LUT| Bitwidth P0| Bitwidth P1|
    +-----------------------+----------+----+---+----+------------+------------+
    |denom_2_fu_85_p2       |         -|   0|  0|  33|          18|          26|
    |sub_ln408_fu_98_p2     |         -|   0|  0|  33|           1|          26|
    |icmp_ln73_fu_112_p2    |      icmp|   0|  0|  33|          26|           8|
    |a_126_fu_104_p3        |    select|   0|  0|  26|           1|          26|
    |denom_fu_126_p3        |    select|   0|  0|  26|           1|          26|
    |select_ln73_fu_118_p3  |    select|   0|  0|   9|           1|           9|
    +-----------------------+----------+----+---+----+------------+------------+
    |Total                  |          |   0|  0| 160|          48|         121|
    +-----------------------+----------+----+---+----+------------+------------+

    * Multiplexer: 
    +-----------+----+-----------+-----+-----------+
    |    Name   | LUT| Input Size| Bits| Total Bits|
    +-----------+----+-----------+-----+-----------+
    |ap_NS_fsm  |  65|         14|    1|         14|
    +-----------+----+-----------+-----+-----------+
    |Total      |  65|         14|    1|         14|
    +-----------+----+-----------+-----+-----------+

    * Register: 
    +-------------------+----+----+-----+-----------+
    |        Name       | FF | LUT| Bits| Const Bits|
    +-------------------+----+----+-----+-----------+
    |ap_CS_fsm          |  13|   0|   13|          0|
    |denom_reg_149      |  26|   0|   26|          0|
    |product_q_reg_144  |  26|   0|   26|          0|
    +-------------------+----+----+-----+-----------+
    |Total              |  65|   0|   65|          0|
    +-------------------+----+----+-----+-----------+



================================================================
== Interface
================================================================
* Summary: 
+-----------+-----+-----+------------+-----------------+--------------+
| RTL Ports | Dir | Bits|  Protocol  |  Source Object  |    C Type    |
+-----------+-----+-----+------------+-----------------+--------------+
|ap_clk     |   in|    1|  ap_ctrl_hs|  fp_frenet_recip|  return value|
|ap_rst     |   in|    1|  ap_ctrl_hs|  fp_frenet_recip|  return value|
|ap_start   |   in|    1|  ap_ctrl_hs|  fp_frenet_recip|  return value|
|ap_done    |  out|    1|  ap_ctrl_hs|  fp_frenet_recip|  return value|
|ap_idle    |  out|    1|  ap_ctrl_hs|  fp_frenet_recip|  return value|
|ap_ready   |  out|    1|  ap_ctrl_hs|  fp_frenet_recip|  return value|
|ap_return  |  out|   23|  ap_ctrl_hs|  fp_frenet_recip|  return value|
|kappa      |   in|   26|     ap_none|            kappa|        scalar|
|ey         |   in|   26|     ap_none|               ey|        scalar|
+-----------+-----+-----+------------+-----------------+--------------+

============================================================
+ Verbose Summary: Synthesis Manager
============================================================
InlineROM: 1
ExposeGlobal: 0
============================================================
+ Verbose Summary: CDFG Model
============================================================
IsTopModel: 0
ResetActiveHigh: 1
IsCombinational: 2
IsDatapathOnly: 2
HasWiredReturn: 1
HasMFsm: 2
HasVarLatency: 0
IsPipeline: 1
IsRtlPipelined: 0
IsInstanceOverlapped: 0
IsDontTouch: 0
HasImplIP: 0
IsGatedGlobalClock: 0

+ Individual pipeline summary: 
  * Pipeline-0: initiation interval (II) = 13, depth = 13


============================================================
+ Verbose Summary: Schedule
============================================================
* Number of FSM states : 13
* Pipeline : 1
  Pipeline-0 : II = 13, D = 13, States = { 1 2 3 4 5 6 7 8 9 10 11 12 13 }
* Dataflow Pipeline: 0

* FSM state transitions: 
1 --> 2 
2 --> 3 
3 --> 4 
4 --> 5 
5 --> 6 
6 --> 7 
7 --> 8 
8 --> 9 
9 --> 10 
10 --> 11 
11 --> 12 
12 --> 13 
13 --> 

* FSM state operations: 

State 1 <SV = 0> <Delay = 1.78>
ST_1 : Operation 14 [1/1] (0.00ns)   --->   "%ey_read = read i26 @_ssdm_op_Read.ap_auto.i26, i26 %ey" [../src/vehicle_model_hls.cpp:70]   --->   Operation 14 'read' 'ey_read' <Predicate = true> <Delay = 0.00>
ST_1 : Operation 15 [1/1] (0.00ns)   --->   "%kappa_read = read i26 @_ssdm_op_Read.ap_auto.i26, i26 %kappa" [../src/vehicle_model_hls.cpp:70]   --->   Operation 15 'read' 'kappa_read' <Predicate = true> <Delay = 0.00>
ST_1 : Operation 16 [1/1] (0.00ns)   --->   "%sext_ln671 = sext i26 %kappa_read" [../src/fp_math_hls.cpp:671->../src/vehicle_model_hls.cpp:72]   --->   Operation 16 'sext' 'sext_ln671' <Predicate = true> <Delay = 0.00>
ST_1 : Operation 17 [1/1] (0.00ns)   --->   "%sext_ln671_65 = sext i26 %ey_read" [../src/fp_math_hls.cpp:671->../src/vehicle_model_hls.cpp:72]   --->   Operation 17 'sext' 'sext_ln671_65' <Predicate = true> <Delay = 0.00>
ST_1 : Operation 18 [4/4] (1.78ns)   --->   "%product = mul i43 %sext_ln671_65, i43 %sext_ln671" [../src/fp_math_hls.cpp:671->../src/vehicle_model_hls.cpp:72]   --->   Operation 18 'mul' 'product' <Predicate = true> <Delay = 1.78> <CoreInst = "Mul_DSP">   --->   Core 5 'Mul_DSP' <Latency = 3> <II = 1> <Delay = 1.78> <FuncUnit> <Opcode : 'mul'> <InPorts = 2> <OutPorts = 1>

State 2 <SV = 1> <Delay = 1.78>
ST_2 : Operation 19 [3/4] (1.78ns)   --->   "%product = mul i43 %sext_ln671_65, i43 %sext_ln671" [../src/fp_math_hls.cpp:671->../src/vehicle_model_hls.cpp:72]   --->   Operation 19 'mul' 'product' <Predicate = true> <Delay = 1.78> <CoreInst = "Mul_DSP">   --->   Core 5 'Mul_DSP' <Latency = 3> <II = 1> <Delay = 1.78> <FuncUnit> <Opcode : 'mul'> <InPorts = 2> <OutPorts = 1>

State 3 <SV = 2> <Delay = 1.78>
ST_3 : Operation 20 [2/4] (1.78ns)   --->   "%product = mul i43 %sext_ln671_65, i43 %sext_ln671" [../src/fp_math_hls.cpp:671->../src/vehicle_model_hls.cpp:72]   --->   Operation 20 'mul' 'product' <Predicate = true> <Delay = 1.78> <CoreInst = "Mul_DSP">   --->   Core 5 'Mul_DSP' <Latency = 3> <II = 1> <Delay = 1.78> <FuncUnit> <Opcode : 'mul'> <InPorts = 2> <OutPorts = 1>

State 4 <SV = 3> <Delay = 1.78>
ST_4 : Operation 21 [1/4] (1.78ns)   --->   "%product = mul i43 %sext_ln671_65, i43 %sext_ln671" [../src/fp_math_hls.cpp:671->../src/vehicle_model_hls.cpp:72]   --->   Operation 21 'mul' 'product' <Predicate = true> <Delay = 1.78> <CoreInst = "Mul_DSP">   --->   Core 5 'Mul_DSP' <Latency = 3> <II = 1> <Delay = 1.78> <FuncUnit> <Opcode : 'mul'> <InPorts = 2> <OutPorts = 1>
ST_4 : Operation 22 [1/1] (0.00ns)   --->   "%specfucore_ln673 = specfucore void @_ssdm_op_SpecFUCore, i43 %product, i64 12, i64 3, i64 3, i1 0" [../src/fp_math_hls.cpp:673->../src/vehicle_model_hls.cpp:72]   --->   Operation 22 'specfucore' 'specfucore_ln673' <Predicate = true> <Delay = 0.00>
ST_4 : Operation 23 [1/1] (0.00ns)   --->   "%product_q = partselect i26 @_ssdm_op_PartSelect.i26.i43.i32.i32, i43 %product, i32 17, i32 42" [../src/fp_math_hls.cpp:674->../src/vehicle_model_hls.cpp:72]   --->   Operation 23 'partselect' 'product_q' <Predicate = true> <Delay = 0.00>

State 5 <SV = 4> <Delay = 3.26>
ST_5 : Operation 24 [1/1] (0.95ns)   --->   "%denom_2 = sub i26 131072, i26 %product_q" [../src/vehicle_model_hls.cpp:72]   --->   Operation 24 'sub' 'denom_2' <Predicate = true> <Delay = 0.95> <CoreInst = "Adder">   --->   Core 1 'Adder' <Latency = 0> <II = 1> <Delay = 0.95> <FuncUnit> <Opcode : 'add' 'sub'> <InPorts = 2> <OutPorts = 1>
ST_5 : Operation 25 [1/1] (0.00ns)   --->   "%tmp = bitselect i1 @_ssdm_op_BitSelect.i1.i26.i32, i26 %denom_2, i32 25" [../src/../include/fp_math_hls.h:408->../src/vehicle_model_hls.cpp:73]   --->   Operation 25 'bitselect' 'tmp' <Predicate = true> <Delay = 0.00>
ST_5 : Operation 26 [1/1] (0.95ns)   --->   "%sub_ln408 = sub i26 0, i26 %denom_2" [../src/../include/fp_math_hls.h:408->../src/vehicle_model_hls.cpp:73]   --->   Operation 26 'sub' 'sub_ln408' <Predicate = true> <Delay = 0.95> <CoreInst = "Adder">   --->   Core 1 'Adder' <Latency = 0> <II = 1> <Delay = 0.95> <FuncUnit> <Opcode : 'add' 'sub'> <InPorts = 2> <OutPorts = 1>
ST_5 : Operation 27 [1/1] (0.00ns) (grouped into LUT with out node icmp_ln73)   --->   "%a_126 = select i1 %tmp, i26 %sub_ln408, i26 %denom_2" [../src/../include/fp_math_hls.h:408->../src/vehicle_model_hls.cpp:73]   --->   Operation 27 'select' 'a_126' <Predicate = true> <Delay = 0.00> <CoreInst = "Sel">   --->   Core 73 'Sel' <Latency = 0> <II = 1> <Delay = 0.32> <FuncUnit> <Opcode : 'select'> <InPorts = 3> <OutPorts = 1>
ST_5 : Operation 28 [1/1] (0.95ns) (out node of the LUT)   --->   "%icmp_ln73 = icmp_slt  i26 %a_126, i26 131" [../src/vehicle_model_hls.cpp:73]   --->   Operation 28 'icmp' 'icmp_ln73' <Predicate = true> <Delay = 0.95> <CoreInst = "Cmp">   --->   Core 9 'Cmp' <Latency = 0> <II = 1> <Delay = 0.95> <FuncUnit> <Opcode : 'seteq' 'setne' 'setle' 'setge' 'setlt' 'setgt'> <InPorts = 2> <OutPorts = 1>
ST_5 : Operation 29 [1/1] (0.00ns) (grouped into LUT with out node denom)   --->   "%select_ln73 = select i1 %tmp, i26 67108733, i26 131" [../src/vehicle_model_hls.cpp:73]   --->   Operation 29 'select' 'select_ln73' <Predicate = true> <Delay = 0.00> <CoreInst = "Sel">   --->   Core 73 'Sel' <Latency = 0> <II = 1> <Delay = 0.39> <FuncUnit> <Opcode : 'select'> <InPorts = 3> <OutPorts = 1>
ST_5 : Operation 30 [1/1] (0.39ns) (out node of the LUT)   --->   "%denom = select i1 %icmp_ln73, i26 %select_ln73, i26 %denom_2" [../src/vehicle_model_hls.cpp:73]   --->   Operation 30 'select' 'denom' <Predicate = true> <Delay = 0.39> <CoreInst = "Sel">   --->   Core 73 'Sel' <Latency = 0> <II = 1> <Delay = 0.32> <FuncUnit> <Opcode : 'select'> <InPorts = 3> <OutPorts = 1>

State 6 <SV = 5> <Delay = 3.38>
ST_6 : Operation 31 [8/8] (3.38ns)   --->   "%agg_result = call i23 @fp_recip_fn, i26 %denom, i19 %recip_lut_fn" [../src/vehicle_model_hls.cpp:79]   --->   Operation 31 'call' 'agg_result' <Predicate = true> <Delay = 3.38> <CoreType = "Generic">   --->   Generic Core

State 7 <SV = 6> <Delay = 4.35>
ST_7 : Operation 32 [7/8] (4.35ns)   --->   "%agg_result = call i23 @fp_recip_fn, i26 %denom, i19 %recip_lut_fn" [../src/vehicle_model_hls.cpp:79]   --->   Operation 32 'call' 'agg_result' <Predicate = true> <Delay = 4.35> <CoreType = "Generic">   --->   Generic Core

State 8 <SV = 7> <Delay = 4.35>
ST_8 : Operation 33 [6/8] (4.35ns)   --->   "%agg_result = call i23 @fp_recip_fn, i26 %denom, i19 %recip_lut_fn" [../src/vehicle_model_hls.cpp:79]   --->   Operation 33 'call' 'agg_result' <Predicate = true> <Delay = 4.35> <CoreType = "Generic">   --->   Generic Core

State 9 <SV = 8> <Delay = 4.35>
ST_9 : Operation 34 [5/8] (4.35ns)   --->   "%agg_result = call i23 @fp_recip_fn, i26 %denom, i19 %recip_lut_fn" [../src/vehicle_model_hls.cpp:79]   --->   Operation 34 'call' 'agg_result' <Predicate = true> <Delay = 4.35> <CoreType = "Generic">   --->   Generic Core

State 10 <SV = 9> <Delay = 4.35>
ST_10 : Operation 35 [4/8] (4.35ns)   --->   "%agg_result = call i23 @fp_recip_fn, i26 %denom, i19 %recip_lut_fn" [../src/vehicle_model_hls.cpp:79]   --->   Operation 35 'call' 'agg_result' <Predicate = true> <Delay = 4.35> <CoreType = "Generic">   --->   Generic Core

State 11 <SV = 10> <Delay = 4.35>
ST_11 : Operation 36 [3/8] (4.35ns)   --->   "%agg_result = call i23 @fp_recip_fn, i26 %denom, i19 %recip_lut_fn" [../src/vehicle_model_hls.cpp:79]   --->   Operation 36 'call' 'agg_result' <Predicate = true> <Delay = 4.35> <CoreType = "Generic">   --->   Generic Core

State 12 <SV = 11> <Delay = 4.35>
ST_12 : Operation 37 [2/8] (4.35ns)   --->   "%agg_result = call i23 @fp_recip_fn, i26 %denom, i19 %recip_lut_fn" [../src/vehicle_model_hls.cpp:79]   --->   Operation 37 'call' 'agg_result' <Predicate = true> <Delay = 4.35> <CoreType = "Generic">   --->   Generic Core

State 13 <SV = 12> <Delay = 4.10>
ST_13 : Operation 38 [1/1] (0.00ns)   --->   "%rbegin = specregionbegin i32 @_ssdm_op_SpecRegionBegin, void @empty_43" [../src/fp_math_hls.cpp:671->../src/vehicle_model_hls.cpp:72]   --->   Operation 38 'specregionbegin' 'rbegin' <Predicate = true> <Delay = 0.00>
ST_13 : Operation 39 [1/1] (0.00ns)   --->   "%rend = specregionend i32 @_ssdm_op_SpecRegionEnd, void @empty_43, i32 %rbegin" [../src/fp_math_hls.cpp:671->../src/vehicle_model_hls.cpp:72]   --->   Operation 39 'specregionend' 'rend' <Predicate = true> <Delay = 0.00>
ST_13 : Operation 40 [1/8] (4.10ns)   --->   "%agg_result = call i23 @fp_recip_fn, i26 %denom, i19 %recip_lut_fn" [../src/vehicle_model_hls.cpp:79]   --->   Operation 40 'call' 'agg_result' <Predicate = true> <Delay = 4.10> <CoreType = "Generic">   --->   Generic Core
ST_13 : Operation 41 [1/1] (0.00ns)   --->   "%ret_ln80 = ret i23 %agg_result" [../src/vehicle_model_hls.cpp:80]   --->   Operation 41 'ret' 'ret_ln80' <Predicate = true> <Delay = 0.00>


============================================================
+ Verbose Summary: Binding
============================================================
STG Binding: 
---------------- STG Properties BEGIN ----------------
- Is combinational: 0
- Is one-state seq: 0
- Is datapath-only: 0
- Is pipelined: 1
- Is top level: 0
Port [ Return ] is wired: 1; IO mode=ap_ctrl_hs:ce=0
Port [ kappa]:  wired=1; compound=0; hidden=0; nouse=0; global=0; static=0; extern=0; dir=0; type=0; pingpong=0; private_global=0; IO mode=ap_none:ce=0
Port [ ey]:  wired=1; compound=0; hidden=0; nouse=0; global=0; static=0; extern=0; dir=0; type=0; pingpong=0; private_global=0; IO mode=ap_none:ce=0
Port [ recip_lut_fn]:  wired=0; compound=1; hidden=1; nouse=1; global=1; static=1; extern=0; dir=0; type=1; pingpong=0; private_global=0; MemPort=[11]; IO mode=ap_memory:ce=0
---------------- STG Properties END ------------------

---------------- Datapath Model BEGIN ----------------

<LifeTime>
<method=bitvector/>
ey_read          (read           ) [ 00000000000000]
kappa_read       (read           ) [ 00000000000000]
sext_ln671       (sext           ) [ 00111000000000]
sext_ln671_65    (sext           ) [ 00111000000000]
product          (mul            ) [ 00000000000000]
specfucore_ln673 (specfucore     ) [ 00000000000000]
product_q        (partselect     ) [ 00000100000000]
denom_2          (sub            ) [ 00000000000000]
tmp              (bitselect      ) [ 00000000000000]
sub_ln408        (sub            ) [ 00000000000000]
a_126            (select         ) [ 00000000000000]
icmp_ln73        (icmp           ) [ 00000000000000]
select_ln73      (select         ) [ 00000000000000]
denom            (select         ) [ 00000011111111]
rbegin           (specregionbegin) [ 00000000000000]
rend             (specregionend  ) [ 00000000000000]
agg_result       (call           ) [ 00000000000000]
ret_ln80         (ret            ) [ 00000000000000]
</LifeTime>

<model>

<comp_list>
<comp id="0" class="1000" name="kappa">
<pin_list>
<pin id="1" dir="1" index="0" bw="1" slack="0"/>
</pin_list>
<bind>
<StgValue><ssdm name="kappa"/></StgValue>
</bind>
</comp>

<comp id="2" class="1000" name="ey">
<pin_list>
<pin id="3" dir="1" index="0" bw="1" slack="0"/>
</pin_list>
<bind>
<StgValue><ssdm name="ey"/></StgValue>
</bind>
</comp>

<comp id="4" class="1000" name="recip_lut_fn">
<pin_list>
<pin id="5" dir="1" index="0" bw="1" slack="0"/>
</pin_list>
<bind>
<StgValue><ssdm name="recip_lut_fn"/><MemPortTyVec>1 1 </MemPortTyVec>
</StgValue>
</bind>
</comp>

<comp id="6" class="1001" name="const_6">
<pin_list>
<pin id="7" dir="1" index="0" bw="1" slack="0"/>
</pin_list>
<bind>
<StgValue><ssdm name="_ssdm_op_Read.ap_auto.i26"/></StgValue>
</bind>
</comp>

<comp id="8" class="1001" name="const_8">
<pin_list>
<pin id="9" dir="1" index="0" bw="1" slack="2147483647"/>
</pin_list>
<bind>
<StgValue><ssdm name="_ssdm_op_SpecFUCore"/></StgValue>
</bind>
</comp>

<comp id="10" class="1001" name="const_10">
<pin_list>
<pin id="11" dir="1" index="0" bw="1" slack="2147483647"/>
</pin_list>
<bind>
<StgValue><ssdm name=""/></StgValue>
</bind>
</comp>

<comp id="12" class="1001" name="const_12">
<pin_list>
<pin id="13" dir="1" index="0" bw="1" slack="2147483647"/>
</pin_list>
<bind>
<StgValue><ssdm name=""/></StgValue>
</bind>
</comp>

<comp id="14" class="1001" name="const_14">
<pin_list>
<pin id="15" dir="1" index="0" bw="1" slack="2147483647"/>
</pin_list>
<bind>
<StgValue><ssdm name=""/></StgValue>
</bind>
</comp>

<comp id="16" class="1001" name="const_16">
<pin_list>
<pin id="17" dir="1" index="0" bw="1" slack="0"/>
</pin_list>
<bind>
<StgValue><ssdm name="_ssdm_op_PartSelect.i26.i43.i32.i32"/></StgValue>
</bind>
</comp>

<comp id="18" class="1001" name="const_18">
<pin_list>
<pin id="19" dir="1" index="0" bw="1" slack="0"/>
</pin_list>
<bind>
<StgValue><ssdm name=""/></StgValue>
</bind>
</comp>

<comp id="20" class="1001" name="const_20">
<pin_list>
<pin id="21" dir="1" index="0" bw="1" slack="0"/>
</pin_list>
<bind>
<StgValue><ssdm name=""/></StgValue>
</bind>
</comp>

<comp id="22" class="1001" name="const_22">
<pin_list>
<pin id="23" dir="1" index="0" bw="1" slack="0"/>
</pin_list>
<bind>
<StgValue><ssdm name=""/></StgValue>
</bind>
</comp>

<comp id="24" class="1001" name="const_24">
<pin_list>
<pin id="25" dir="1" index="0" bw="1" slack="0"/>
</pin_list>
<bind>
<StgValue><ssdm name="_ssdm_op_BitSelect.i1.i26.i32"/></StgValue>
</bind>
</comp>

<comp id="26" class="1001" name="const_26">
<pin_list>
<pin id="27" dir="1" index="0" bw="1" slack="0"/>
</pin_list>
<bind>
<StgValue><ssdm name=""/></StgValue>
</bind>
</comp>

<comp id="28" class="1001" name="const_28">
<pin_list>
<pin id="29" dir="1" index="0" bw="1" slack="0"/>
</pin_list>
<bind>
<StgValue><ssdm name=""/></StgValue>
</bind>
</comp>

<comp id="30" class="1001" name="const_30">
<pin_list>
<pin id="31" dir="1" index="0" bw="1" slack="0"/>
</pin_list>
<bind>
<StgValue><ssdm name=""/></StgValue>
</bind>
</comp>

<comp id="32" class="1001" name="const_32">
<pin_list>
<pin id="33" dir="1" index="0" bw="1" slack="0"/>
</pin_list>
<bind>
<StgValue><ssdm name=""/></StgValue>
</bind>
</comp>

<comp id="34" class="1001" name="const_34">
<pin_list>
<pin id="35" dir="1" index="0" bw="1" slack="0"/>
</pin_list>
<bind>
<StgValue><ssdm name="fp_recip_fn"/></StgValue>
</bind>
</comp>

<comp id="36" class="1001" name="const_36">
<pin_list>
<pin id="37" dir="1" index="0" bw="1" slack="2147483647"/>
</pin_list>
<bind>
<StgValue><ssdm name="_ssdm_op_SpecRegionBegin"/></StgValue>
</bind>
</comp>

<comp id="38" class="1001" name="const_38">
<pin_list>
<pin id="39" dir="1" index="0" bw="1" slack="2147483647"/>
</pin_list>
<bind>
<StgValue><ssdm name="empty_43"/></StgValue>
</bind>
</comp>

<comp id="40" class="1001" name="const_40">
<pin_list>
<pin id="41" dir="1" index="0" bw="1" slack="2147483647"/>
</pin_list>
<bind>
<StgValue><ssdm name="_ssdm_op_SpecRegionEnd"/></StgValue>
</bind>
</comp>

<comp id="42" class="1004" name="ey_read_read_fu_42">
<pin_list>
<pin id="43" dir="0" index="0" bw="26" slack="0"/>
<pin id="44" dir="0" index="1" bw="26" slack="0"/>
<pin id="45" dir="1" index="2" bw="26" slack="0"/>
</pin_list>
<bind>
<opcode="read(1150) " fcode="read"/>
<opset="ey_read/1 "/>
</bind>
</comp>

<comp id="48" class="1004" name="kappa_read_read_fu_48">
<pin_list>
<pin id="49" dir="0" index="0" bw="26" slack="0"/>
<pin id="50" dir="0" index="1" bw="26" slack="0"/>
<pin id="51" dir="1" index="2" bw="26" slack="0"/>
</pin_list>
<bind>
<opcode="read(1150) " fcode="read"/>
<opset="kappa_read/1 "/>
</bind>
</comp>

<comp id="54" class="1004" name="grp_fp_recip_fn_fu_54">
<pin_list>
<pin id="55" dir="0" index="0" bw="23" slack="0"/>
<pin id="56" dir="0" index="1" bw="26" slack="1"/>
<pin id="57" dir="0" index="2" bw="19" slack="0"/>
<pin id="58" dir="1" index="3" bw="23" slack="2147483647"/>
</pin_list>
<bind>
<opcode="call(48) " fcode="call"/>
<opset="agg_result/6 "/>
</bind>
</comp>

<comp id="61" class="1004" name="grp_fu_61">
<pin_list>
<pin id="62" dir="0" index="0" bw="26" slack="0"/>
<pin id="63" dir="0" index="1" bw="26" slack="0"/>
<pin id="64" dir="1" index="2" bw="43" slack="0"/>
</pin_list>
<bind>
<opcode="mul(12) " fcode="mul"/>
<opset="product/1 "/>
</bind>
</comp>

<comp id="65" class="1004" name="sext_ln671_fu_65">
<pin_list>
<pin id="66" dir="0" index="0" bw="26" slack="0"/>
<pin id="67" dir="1" index="1" bw="43" slack="0"/>
</pin_list>
<bind>
<opcode="sext(35) " fcode="sext"/>
<opset="sext_ln671/1 "/>
</bind>
</comp>

<comp id="70" class="1004" name="sext_ln671_65_fu_70">
<pin_list>
<pin id="71" dir="0" index="0" bw="26" slack="0"/>
<pin id="72" dir="1" index="1" bw="43" slack="0"/>
</pin_list>
<bind>
<opcode="sext(35) " fcode="sext"/>
<opset="sext_ln671_65/1 "/>
</bind>
</comp>

<comp id="75" class="1004" name="product_q_fu_75">
<pin_list>
<pin id="76" dir="0" index="0" bw="26" slack="0"/>
<pin id="77" dir="0" index="1" bw="43" slack="0"/>
<pin id="78" dir="0" index="2" bw="6" slack="0"/>
<pin id="79" dir="0" index="3" bw="7" slack="0"/>
<pin id="80" dir="1" index="4" bw="26" slack="1"/>
</pin_list>
<bind>
<opcode="partselect(1002) " fcode="partselect"/>
<opset="product_q/4 "/>
</bind>
</comp>

<comp id="85" class="1004" name="denom_2_fu_85">
<pin_list>
<pin id="86" dir="0" index="0" bw="19" slack="0"/>
<pin id="87" dir="0" index="1" bw="26" slack="1"/>
<pin id="88" dir="1" index="2" bw="26" slack="0"/>
</pin_list>
<bind>
<opcode="sub(10) " fcode="sub"/>
<opset="denom_2/5 "/>
</bind>
</comp>

<comp id="90" class="1004" name="tmp_fu_90">
<pin_list>
<pin id="91" dir="0" index="0" bw="1" slack="0"/>
<pin id="92" dir="0" index="1" bw="26" slack="0"/>
<pin id="93" dir="0" index="2" bw="6" slack="0"/>
<pin id="94" dir="1" index="3" bw="1" slack="0"/>
</pin_list>
<bind>
<opcode="bitselect(1000) " fcode="bitselect"/>
<opset="tmp/5 "/>
</bind>
</comp>

<comp id="98" class="1004" name="sub_ln408_fu_98">
<pin_list>
<pin id="99" dir="0" index="0" bw="1" slack="0"/>
<pin id="100" dir="0" index="1" bw="26" slack="0"/>
<pin id="101" dir="1" index="2" bw="26" slack="0"/>
</pin_list>
<bind>
<opcode="sub(10) " fcode="sub"/>
<opset="sub_ln408/5 "/>
</bind>
</comp>

<comp id="104" class="1004" name="a_126_fu_104">
<pin_list>
<pin id="105" dir="0" index="0" bw="1" slack="0"/>
<pin id="106" dir="0" index="1" bw="26" slack="0"/>
<pin id="107" dir="0" index="2" bw="26" slack="0"/>
<pin id="108" dir="1" index="3" bw="26" slack="0"/>
</pin_list>
<bind>
<opcode="select(49) " fcode="select"/>
<opset="a_126/5 "/>
</bind>
</comp>

<comp id="112" class="1004" name="icmp_ln73_fu_112">
<pin_list>
<pin id="113" dir="0" index="0" bw="26" slack="0"/>
<pin id="114" dir="0" index="1" bw="26" slack="0"/>
<pin id="115" dir="1" index="2" bw="1" slack="0"/>
</pin_list>
<bind>
<opcode="icmp(45) " fcode="icmp"/>
<opset="icmp_ln73/5 "/>
</bind>
</comp>

<comp id="118" class="1004" name="select_ln73_fu_118">
<pin_list>
<pin id="119" dir="0" index="0" bw="1" slack="0"/>
<pin id="120" dir="0" index="1" bw="26" slack="0"/>
<pin id="121" dir="0" index="2" bw="26" slack="0"/>
<pin id="122" dir="1" index="3" bw="26" slack="0"/>
</pin_list>
<bind>
<opcode="select(49) " fcode="select"/>
<opset="select_ln73/5 "/>
</bind>
</comp>

<comp id="126" class="1004" name="denom_fu_126">
<pin_list>
<pin id="127" dir="0" index="0" bw="1" slack="0"/>
<pin id="128" dir="0" index="1" bw="26" slack="0"/>
<pin id="129" dir="0" index="2" bw="26" slack="0"/>
<pin id="130" dir="1" index="3" bw="26" slack="1"/>
</pin_list>
<bind>
<opcode="select(49) " fcode="select"/>
<opset="denom/5 "/>
</bind>
</comp>

<comp id="134" class="1005" name="sext_ln671_reg_134">
<pin_list>
<pin id="135" dir="0" index="0" bw="43" slack="1"/>
<pin id="136" dir="1" index="1" bw="43" slack="1"/>
</pin_list>
<bind>
<opset="sext_ln671 "/>
</bind>
</comp>

<comp id="139" class="1005" name="sext_ln671_65_reg_139">
<pin_list>
<pin id="140" dir="0" index="0" bw="43" slack="1"/>
<pin id="141" dir="1" index="1" bw="43" slack="1"/>
</pin_list>
<bind>
<opset="sext_ln671_65 "/>
</bind>
</comp>

<comp id="144" class="1005" name="product_q_reg_144">
<pin_list>
<pin id="145" dir="0" index="0" bw="26" slack="1"/>
<pin id="146" dir="1" index="1" bw="26" slack="1"/>
</pin_list>
<bind>
<opset="product_q "/>
</bind>
</comp>

<comp id="149" class="1005" name="denom_reg_149">
<pin_list>
<pin id="150" dir="0" index="0" bw="26" slack="1"/>
<pin id="151" dir="1" index="1" bw="26" slack="1"/>
</pin_list>
<bind>
<opset="denom "/>
</bind>
</comp>

</comp_list>

<net_list>
<net id="46"><net_src comp="6" pin="0"/><net_sink comp="42" pin=0"/></net>

<net id="47"><net_src comp="2" pin="0"/><net_sink comp="42" pin=1"/></net>

<net id="52"><net_src comp="6" pin="0"/><net_sink comp="48" pin=0"/></net>

<net id="53"><net_src comp="0" pin="0"/><net_sink comp="48" pin=1"/></net>

<net id="59"><net_src comp="34" pin="0"/><net_sink comp="54" pin=0"/></net>

<net id="60"><net_src comp="4" pin="0"/><net_sink comp="54" pin=2"/></net>

<net id="68"><net_src comp="48" pin="2"/><net_sink comp="65" pin=0"/></net>

<net id="69"><net_src comp="65" pin="1"/><net_sink comp="61" pin=1"/></net>

<net id="73"><net_src comp="42" pin="2"/><net_sink comp="70" pin=0"/></net>

<net id="74"><net_src comp="70" pin="1"/><net_sink comp="61" pin=0"/></net>

<net id="81"><net_src comp="16" pin="0"/><net_sink comp="75" pin=0"/></net>

<net id="82"><net_src comp="61" pin="2"/><net_sink comp="75" pin=1"/></net>

<net id="83"><net_src comp="18" pin="0"/><net_sink comp="75" pin=2"/></net>

<net id="84"><net_src comp="20" pin="0"/><net_sink comp="75" pin=3"/></net>

<net id="89"><net_src comp="22" pin="0"/><net_sink comp="85" pin=0"/></net>

<net id="95"><net_src comp="24" pin="0"/><net_sink comp="90" pin=0"/></net>

<net id="96"><net_src comp="85" pin="2"/><net_sink comp="90" pin=1"/></net>

<net id="97"><net_src comp="26" pin="0"/><net_sink comp="90" pin=2"/></net>

<net id="102"><net_src comp="28" pin="0"/><net_sink comp="98" pin=0"/></net>

<net id="103"><net_src comp="85" pin="2"/><net_sink comp="98" pin=1"/></net>

<net id="109"><net_src comp="90" pin="3"/><net_sink comp="104" pin=0"/></net>

<net id="110"><net_src comp="98" pin="2"/><net_sink comp="104" pin=1"/></net>

<net id="111"><net_src comp="85" pin="2"/><net_sink comp="104" pin=2"/></net>

<net id="116"><net_src comp="104" pin="3"/><net_sink comp="112" pin=0"/></net>

<net id="117"><net_src comp="30" pin="0"/><net_sink comp="112" pin=1"/></net>

<net id="123"><net_src comp="90" pin="3"/><net_sink comp="118" pin=0"/></net>

<net id="124"><net_src comp="32" pin="0"/><net_sink comp="118" pin=1"/></net>

<net id="125"><net_src comp="30" pin="0"/><net_sink comp="118" pin=2"/></net>

<net id="131"><net_src comp="112" pin="2"/><net_sink comp="126" pin=0"/></net>

<net id="132"><net_src comp="118" pin="3"/><net_sink comp="126" pin=1"/></net>

<net id="133"><net_src comp="85" pin="2"/><net_sink comp="126" pin=2"/></net>

<net id="137"><net_src comp="65" pin="1"/><net_sink comp="134" pin=0"/></net>

<net id="138"><net_src comp="134" pin="1"/><net_sink comp="61" pin=1"/></net>

<net id="142"><net_src comp="70" pin="1"/><net_sink comp="139" pin=0"/></net>

<net id="143"><net_src comp="139" pin="1"/><net_sink comp="61" pin=0"/></net>

<net id="147"><net_src comp="75" pin="4"/><net_sink comp="144" pin=0"/></net>

<net id="148"><net_src comp="144" pin="1"/><net_sink comp="85" pin=1"/></net>

<net id="152"><net_src comp="126" pin="3"/><net_sink comp="149" pin=0"/></net>

<net id="153"><net_src comp="149" pin="1"/><net_sink comp="54" pin=1"/></net>

</net_list>

</model> 
---------------- Datapath Model END ------------------

* FSMD analyzer results:
  - Output states:
	Port: kappa | {}
	Port: ey | {}
	Port: recip_lut_fn | {}
 - Input state : 
	Port: fp_frenet_recip : kappa | {1 }
	Port: fp_frenet_recip : ey | {1 }
	Port: fp_frenet_recip : recip_lut_fn | {9 10 }
  - Chain level:
	State 1
		product : 1
	State 2
	State 3
	State 4
		specfucore_ln673 : 1
		product_q : 1
	State 5
		tmp : 1
		sub_ln408 : 1
		a_126 : 2
		icmp_ln73 : 3
		select_ln73 : 2
		denom : 4
	State 6
	State 7
	State 8
	State 9
	State 10
	State 11
	State 12
	State 13
		rend : 1
		ret_ln80 : 1


============================================================
+ Verbose Summary: Datapath Resource usage 
============================================================

* Functional unit list:
|----------|-----------------------|---------|---------|---------|---------|
| Operation|    Functional Unit    |   DSP   |  Delay  |    FF   |   LUT   |
|----------|-----------------------|---------|---------|---------|---------|
|   call   | grp_fp_recip_fn_fu_54 |    1    |  0.854  |   164   |   1811  |
|----------|-----------------------|---------|---------|---------|---------|
|    mul   |       grp_fu_61       |    2    |    0    |    61   |    29   |
|----------|-----------------------|---------|---------|---------|---------|
|          |      a_126_fu_104     |    0    |    0    |    0    |    26   |
|  select  |   select_ln73_fu_118  |    0    |    0    |    0    |    26   |
|          |      denom_fu_126     |    0    |    0    |    0    |    26   |
|----------|-----------------------|---------|---------|---------|---------|
|    sub   |     denom_2_fu_85     |    0    |    0    |    0    |    33   |
|          |    sub_ln408_fu_98    |    0    |    0    |    0    |    33   |
|----------|-----------------------|---------|---------|---------|---------|
|   icmp   |    icmp_ln73_fu_112   |    0    |    0    |    0    |    33   |
|----------|-----------------------|---------|---------|---------|---------|
|   read   |   ey_read_read_fu_42  |    0    |    0    |    0    |    0    |
|          | kappa_read_read_fu_48 |    0    |    0    |    0    |    0    |
|----------|-----------------------|---------|---------|---------|---------|
|   sext   |    sext_ln671_fu_65   |    0    |    0    |    0    |    0    |
|          |  sext_ln671_65_fu_70  |    0    |    0    |    0    |    0    |
|----------|-----------------------|---------|---------|---------|---------|
|partselect|    product_q_fu_75    |    0    |    0    |    0    |    0    |
|----------|-----------------------|---------|---------|---------|---------|
| bitselect|       tmp_fu_90       |    0    |    0    |    0    |    0    |
|----------|-----------------------|---------|---------|---------|---------|
|   Total  |                       |    3    |  0.854  |   225   |   2017  |
|----------|-----------------------|---------|---------|---------|---------|

Memories:
N/A

* Register list:
+---------------------+--------+
|                     |   FF   |
+---------------------+--------+
|    denom_reg_149    |   26   |
|  product_q_reg_144  |   26   |
|sext_ln671_65_reg_139|   43   |
|  sext_ln671_reg_134 |   43   |
+---------------------+--------+
|        Total        |   138  |
+---------------------+--------+

* Multiplexer (MUX) list: 
|-----------|------|------|------|--------||---------||---------||---------|
|    Comp   |  Pin | Size |  BW  | S x BW ||  Delay  ||    FF   ||   LUT   |
|-----------|------|------|------|--------||---------||---------||---------|
| grp_fu_61 |  p0  |   2  |  26  |   52   ||    0    ||    9    |
| grp_fu_61 |  p1  |   2  |  26  |   52   ||    0    ||    9    |
|-----------|------|------|------|--------||---------||---------||---------|
|   Total   |      |      |      |   104  ||  0.854  ||    0    ||    18   |
|-----------|------|------|------|--------||---------||---------||---------|



* Summary:
+-----------+--------+--------+--------+--------+
|           |   DSP  |  Delay |   FF   |   LUT  |
+-----------+--------+--------+--------+--------+
|  Function |    3   |    0   |   225  |  2017  |
|   Memory  |    -   |    -   |    -   |    -   |
|Multiplexer|    -   |    0   |    0   |   18   |
|  Register |    -   |    -   |   138  |    -   |
+-----------+--------+--------+--------+--------+
|   Total   |    3   |    1   |   363  |  2035  |
+-----------+--------+--------+--------+--------+
