

================================================================
== Vitis HLS Report for 'fp_frenet_recip'
================================================================
* Date:           Thu Jun 11 16:06:49 2026

* Version:        2025.2 (Build 6295257 on Nov 14 2025)
* Project:        mpc_fpga_top_opencl
* Solution:       hls (Vitis Kernel Flow Target)
* Product family: zynquplus
* Target device:  xck26-sfvc784-2LV-c


================================================================
== Performance Estimates
================================================================
+ Timing: 
    * Summary: 
    +--------+---------+----------+------------+
    |  Clock |  Target | Estimated| Uncertainty|
    +--------+---------+----------+------------+
    |ap_clk  |  5.00 ns|  4.376 ns|     0.50 ns|
    +--------+---------+----------+------------+

+ Latency: 
    * Summary: 
    +---------+---------+-----------+-----------+-----+-----+---------+
    |  Latency (cycles) |   Latency (absolute)  |  Interval | Pipeline|
    |   min   |   max   |    min    |    max    | min | max |   Type  |
    +---------+---------+-----------+-----------+-----+-----+---------+
    |        9|        9|  45.000 ns|  45.000 ns|   10|   10|      yes|
    +---------+---------+-----------+-----------+-----+-----+---------+

    + Detail: 
        * Instance: 
        +-----------------------+-------------+---------+---------+-----------+-----------+-----+-----+---------+
        |                       |             |  Latency (cycles) |   Latency (absolute)  |  Interval | Pipeline|
        |        Instance       |    Module   |   min   |   max   |    min    |    max    | min | max |   Type  |
        +-----------------------+-------------+---------+---------+-----------+-----------+-----+-----+---------+
        |grp_fp_recip_fn_fu_62  |fp_recip_fn  |        5|        5|  25.000 ns|  25.000 ns|    1|    1|      yes|
        +-----------------------+-------------+---------+---------+-----------+-----------+-----+-----+---------+

        * Loop: 
        N/A

============================================================
+ Verbose Summary: Synthesis Manager
============================================================
InlineROM: 1
ExposeGlobal: 0
============================================================
+ Verbose Summary: CDFG Model
============================================================
IsTopModel: 0
ResetActiveHigh: 1
IsCombinational: 0
IsDatapathOnly: 0
HasWiredReturn: 1
HasMFsm: 2
HasVarLatency: 0
IsPipeline: 1
IsRtlPipelined: 0
IsInstanceOverlapped: 0
IsDontTouch: 0
HasImplIP: 0
IsGatedGlobalClock: 0

+ Individual pipeline summary: 
  * Pipeline-0: initiation interval (II) = 10, depth = 10


============================================================
+ Verbose Summary: Schedule
============================================================
* Number of FSM states : 10
* Pipeline : 1
  Pipeline-0 : II = 10, D = 10, States = { 1 2 3 4 5 6 7 8 9 10 }
* Dataflow Pipeline: 0

* FSM state transitions: 
1 --> 2 
2 --> 3 
3 --> 4 
4 --> 5 
5 --> 6 
6 --> 7 
7 --> 8 
8 --> 9 
9 --> 10 
10 --> 

* FSM state operations: 

State 1 <SV = 0> <Delay = 1.64>
ST_1 : Operation 11 [1/1] (0.00ns)   --->   "%ey_read = read i21 @_ssdm_op_Read.ap_auto.i21, i21 %ey" [../src/vehicle_model_hls.cpp:70]   --->   Operation 11 'read' 'ey_read' <Predicate = true> <Delay = 0.00>
ST_1 : Operation 12 [1/1] (0.00ns)   --->   "%kappa_read = read i21 @_ssdm_op_Read.ap_auto.i21, i21 %kappa" [../src/vehicle_model_hls.cpp:70]   --->   Operation 12 'read' 'kappa_read' <Predicate = true> <Delay = 0.00>
ST_1 : Operation 13 [1/1] (0.00ns)   --->   "%sext_ln574 = sext i21 %kappa_read" [../src/fp_math_hls.cpp:574->../src/vehicle_model_hls.cpp:72]   --->   Operation 13 'sext' 'sext_ln574' <Predicate = true> <Delay = 0.00>
ST_1 : Operation 14 [1/1] (0.00ns)   --->   "%sext_ln574_55 = sext i21 %ey_read" [../src/fp_math_hls.cpp:574->../src/vehicle_model_hls.cpp:72]   --->   Operation 14 'sext' 'sext_ln574_55' <Predicate = true> <Delay = 0.00>
ST_1 : Operation 15 [3/3] (1.64ns)   --->   "%mul_ln574 = mul i42 %sext_ln574_55, i42 %sext_ln574" [../src/fp_math_hls.cpp:574->../src/vehicle_model_hls.cpp:72]   --->   Operation 15 'mul' 'mul_ln574' <Predicate = true> <Delay = 1.64> <CoreInst = "Mul_DSP">   --->   Core 5 'Mul_DSP' <Latency = 2> <II = 1> <Delay = 1.64> <FuncUnit> <Opcode : 'mul'> <InPorts = 2> <OutPorts = 1>

State 2 <SV = 1> <Delay = 1.64>
ST_2 : Operation 16 [2/3] (1.64ns)   --->   "%mul_ln574 = mul i42 %sext_ln574_55, i42 %sext_ln574" [../src/fp_math_hls.cpp:574->../src/vehicle_model_hls.cpp:72]   --->   Operation 16 'mul' 'mul_ln574' <Predicate = true> <Delay = 1.64> <CoreInst = "Mul_DSP">   --->   Core 5 'Mul_DSP' <Latency = 2> <II = 1> <Delay = 1.64> <FuncUnit> <Opcode : 'mul'> <InPorts = 2> <OutPorts = 1>

State 3 <SV = 2> <Delay = 4.34>
ST_3 : Operation 17 [1/3] (1.64ns)   --->   "%mul_ln574 = mul i42 %sext_ln574_55, i42 %sext_ln574" [../src/fp_math_hls.cpp:574->../src/vehicle_model_hls.cpp:72]   --->   Operation 17 'mul' 'mul_ln574' <Predicate = true> <Delay = 1.64> <CoreInst = "Mul_DSP">   --->   Core 5 'Mul_DSP' <Latency = 2> <II = 1> <Delay = 1.64> <FuncUnit> <Opcode : 'mul'> <InPorts = 2> <OutPorts = 1>
ST_3 : Operation 18 [1/1] (0.00ns)   --->   "%specfucore_ln576 = specfucore void @_ssdm_op_SpecFUCore, i42 %mul_ln574, i64 12, i64 3, i64 2, i1 0" [../src/fp_math_hls.cpp:576->../src/vehicle_model_hls.cpp:72]   --->   Operation 18 'specfucore' 'specfucore_ln576' <Predicate = true> <Delay = 0.00>
ST_3 : Operation 19 [1/1] (0.00ns)   --->   "%product_q = partselect i21 @_ssdm_op_PartSelect.i21.i42.i32.i32, i42 %mul_ln574, i32 12, i32 32" [../src/fp_math_hls.cpp:577->../src/vehicle_model_hls.cpp:72]   --->   Operation 19 'partselect' 'product_q' <Predicate = true> <Delay = 0.00>
ST_3 : Operation 20 [1/1] (0.90ns)   --->   "%denom_2 = sub i21 4096, i21 %product_q" [../src/vehicle_model_hls.cpp:72]   --->   Operation 20 'sub' 'denom_2' <Predicate = true> <Delay = 0.90> <CoreInst = "Adder">   --->   Core 1 'Adder' <Latency = 0> <II = 1> <Delay = 0.90> <FuncUnit> <Opcode : 'add' 'sub'> <InPorts = 2> <OutPorts = 1>
ST_3 : Operation 21 [1/1] (0.00ns)   --->   "%tmp = bitselect i1 @_ssdm_op_BitSelect.i1.i21.i32, i21 %denom_2, i32 20" [../src/../include/fp_math_hls.h:380->../src/vehicle_model_hls.cpp:73]   --->   Operation 21 'bitselect' 'tmp' <Predicate = true> <Delay = 0.00>
ST_3 : Operation 22 [1/1] (0.90ns)   --->   "%sub_ln380 = sub i21 0, i21 %denom_2" [../src/../include/fp_math_hls.h:380->../src/vehicle_model_hls.cpp:73]   --->   Operation 22 'sub' 'sub_ln380' <Predicate = true> <Delay = 0.90> <CoreInst = "Adder">   --->   Core 1 'Adder' <Latency = 0> <II = 1> <Delay = 0.90> <FuncUnit> <Opcode : 'add' 'sub'> <InPorts = 2> <OutPorts = 1>
ST_3 : Operation 23 [1/1] (0.00ns) (grouped into LUT with out node icmp_ln73)   --->   "%tmp_103 = partselect i19 @_ssdm_op_PartSelect.i19.i21.i32.i32, i21 %sub_ln380, i32 2, i32 20" [../src/vehicle_model_hls.cpp:73]   --->   Operation 23 'partselect' 'tmp_103' <Predicate = true> <Delay = 0.00>
ST_3 : Operation 24 [1/1] (0.00ns) (grouped into LUT with out node icmp_ln73)   --->   "%tmp_104 = partselect i19 @_ssdm_op_PartSelect.i19.i21.i32.i32, i21 %denom_2, i32 2, i32 20" [../src/vehicle_model_hls.cpp:73]   --->   Operation 24 'partselect' 'tmp_104' <Predicate = true> <Delay = 0.00>
ST_3 : Operation 25 [1/1] (0.00ns) (grouped into LUT with out node icmp_ln73)   --->   "%select_ln380 = select i1 %tmp, i19 %tmp_103, i19 %tmp_104" [../src/../include/fp_math_hls.h:380->../src/vehicle_model_hls.cpp:73]   --->   Operation 25 'select' 'select_ln380' <Predicate = true> <Delay = 0.00> <CoreInst = "Sel">   --->   Core 73 'Sel' <Latency = 0> <II = 1> <Delay = 0.36> <FuncUnit> <Opcode : 'select'> <InPorts = 3> <OutPorts = 1>
ST_3 : Operation 26 [1/1] (0.88ns) (out node of the LUT)   --->   "%icmp_ln73 = icmp_slt  i19 %select_ln380, i19 1" [../src/vehicle_model_hls.cpp:73]   --->   Operation 26 'icmp' 'icmp_ln73' <Predicate = true> <Delay = 0.88> <CoreInst = "Cmp">   --->   Core 9 'Cmp' <Latency = 0> <II = 1> <Delay = 0.88> <FuncUnit> <Opcode : 'seteq' 'setne' 'setle' 'setge' 'setlt' 'setgt'> <InPorts = 2> <OutPorts = 1>

State 4 <SV = 3> <Delay = 3.71>
ST_4 : Operation 27 [1/1] (0.00ns) (grouped into LUT with out node denom)   --->   "%select_ln73 = select i1 %tmp, i21 2097148, i21 4" [../src/vehicle_model_hls.cpp:73]   --->   Operation 27 'select' 'select_ln73' <Predicate = (icmp_ln73)> <Delay = 0.00> <CoreInst = "Sel">   --->   Core 73 'Sel' <Latency = 0> <II = 1> <Delay = 0.39> <FuncUnit> <Opcode : 'select'> <InPorts = 3> <OutPorts = 1>
ST_4 : Operation 28 [1/1] (0.39ns) (out node of the LUT)   --->   "%denom = select i1 %icmp_ln73, i21 %select_ln73, i21 %denom_2" [../src/vehicle_model_hls.cpp:73]   --->   Operation 28 'select' 'denom' <Predicate = true> <Delay = 0.39> <CoreInst = "Sel">   --->   Core 73 'Sel' <Latency = 0> <II = 1> <Delay = 0.35> <FuncUnit> <Opcode : 'select'> <InPorts = 3> <OutPorts = 1>
ST_4 : Operation 29 [7/7] (3.32ns)   --->   "%agg_result = call i20 @fp_recip_fn, i21 %denom, i14 %recip_lut_fn" [../src/vehicle_model_hls.cpp:79]   --->   Operation 29 'call' 'agg_result' <Predicate = true> <Delay = 3.32> <CoreType = "Generic">   --->   Generic Core

State 5 <SV = 4> <Delay = 4.37>
ST_5 : Operation 30 [6/7] (4.37ns)   --->   "%agg_result = call i20 @fp_recip_fn, i21 %denom, i14 %recip_lut_fn" [../src/vehicle_model_hls.cpp:79]   --->   Operation 30 'call' 'agg_result' <Predicate = true> <Delay = 4.37> <CoreType = "Generic">   --->   Generic Core

State 6 <SV = 5> <Delay = 4.37>
ST_6 : Operation 31 [5/7] (4.37ns)   --->   "%agg_result = call i20 @fp_recip_fn, i21 %denom, i14 %recip_lut_fn" [../src/vehicle_model_hls.cpp:79]   --->   Operation 31 'call' 'agg_result' <Predicate = true> <Delay = 4.37> <CoreType = "Generic">   --->   Generic Core

State 7 <SV = 6> <Delay = 4.37>
ST_7 : Operation 32 [4/7] (4.37ns)   --->   "%agg_result = call i20 @fp_recip_fn, i21 %denom, i14 %recip_lut_fn" [../src/vehicle_model_hls.cpp:79]   --->   Operation 32 'call' 'agg_result' <Predicate = true> <Delay = 4.37> <CoreType = "Generic">   --->   Generic Core

State 8 <SV = 7> <Delay = 4.37>
ST_8 : Operation 33 [3/7] (4.37ns)   --->   "%agg_result = call i20 @fp_recip_fn, i21 %denom, i14 %recip_lut_fn" [../src/vehicle_model_hls.cpp:79]   --->   Operation 33 'call' 'agg_result' <Predicate = true> <Delay = 4.37> <CoreType = "Generic">   --->   Generic Core

State 9 <SV = 8> <Delay = 4.37>
ST_9 : Operation 34 [2/7] (4.37ns)   --->   "%agg_result = call i20 @fp_recip_fn, i21 %denom, i14 %recip_lut_fn" [../src/vehicle_model_hls.cpp:79]   --->   Operation 34 'call' 'agg_result' <Predicate = true> <Delay = 4.37> <CoreType = "Generic">   --->   Generic Core

State 10 <SV = 9> <Delay = 3.94>
ST_10 : Operation 35 [1/1] (0.00ns)   --->   "%rbegin = specregionbegin i32 @_ssdm_op_SpecRegionBegin, void @empty_9" [../src/fp_math_hls.cpp:574->../src/vehicle_model_hls.cpp:72]   --->   Operation 35 'specregionbegin' 'rbegin' <Predicate = true> <Delay = 0.00>
ST_10 : Operation 36 [1/1] (0.00ns)   --->   "%rend = specregionend i32 @_ssdm_op_SpecRegionEnd, void @empty_9, i32 %rbegin" [../src/fp_math_hls.cpp:574->../src/vehicle_model_hls.cpp:72]   --->   Operation 36 'specregionend' 'rend' <Predicate = true> <Delay = 0.00>
ST_10 : Operation 37 [1/7] (3.94ns)   --->   "%agg_result = call i20 @fp_recip_fn, i21 %denom, i14 %recip_lut_fn" [../src/vehicle_model_hls.cpp:79]   --->   Operation 37 'call' 'agg_result' <Predicate = true> <Delay = 3.94> <CoreType = "Generic">   --->   Generic Core
ST_10 : Operation 38 [1/1] (0.00ns)   --->   "%ret_ln80 = ret i20 %agg_result" [../src/vehicle_model_hls.cpp:80]   --->   Operation 38 'ret' 'ret_ln80' <Predicate = true> <Delay = 0.00>


============================================================
+ Verbose Summary: Binding
============================================================
STG Binding: 
---------------- STG Properties BEGIN ----------------
- Is combinational: 0
- Is one-state seq: 0
- Is datapath-only: 0
- Is pipelined: 1
- Is top level: 0
Port [ Return ] is wired: 1; IO mode=ap_ctrl_hs:ce=0
Port [ kappa]:  wired=1; compound=0; hidden=0; nouse=0; global=0; static=0; extern=0; dir=0; type=0; pingpong=0; private_global=0; IO mode=ap_none:ce=0
Port [ ey]:  wired=1; compound=0; hidden=0; nouse=0; global=0; static=0; extern=0; dir=0; type=0; pingpong=0; private_global=0; IO mode=ap_none:ce=0
Port [ recip_lut_fn]:  wired=0; compound=1; hidden=1; nouse=1; global=1; static=1; extern=0; dir=0; type=1; pingpong=0; private_global=0; MemPort=[11]; IO mode=ap_memory:ce=0
---------------- STG Properties END ------------------

---------------- Datapath Model BEGIN ----------------

<LifeTime>
<method=bitvector/>
ey_read          (read           ) [ 00000000000]
kappa_read       (read           ) [ 00000000000]
sext_ln574       (sext           ) [ 00110000000]
sext_ln574_55    (sext           ) [ 00110000000]
mul_ln574        (mul            ) [ 00000000000]
specfucore_ln576 (specfucore     ) [ 00000000000]
product_q        (partselect     ) [ 00000000000]
denom_2          (sub            ) [ 00001000000]
tmp              (bitselect      ) [ 00001000000]
sub_ln380        (sub            ) [ 00000000000]
tmp_103          (partselect     ) [ 00000000000]
tmp_104          (partselect     ) [ 00000000000]
select_ln380     (select         ) [ 00000000000]
icmp_ln73        (icmp           ) [ 00001000000]
select_ln73      (select         ) [ 00000000000]
denom            (select         ) [ 00000111111]
rbegin           (specregionbegin) [ 00000000000]
rend             (specregionend  ) [ 00000000000]
agg_result       (call           ) [ 00000000000]
ret_ln80         (ret            ) [ 00000000000]
</LifeTime>

<model>

<comp_list>
<comp id="0" class="1000" name="kappa">
<pin_list>
<pin id="1" dir="1" index="0" bw="1" slack="0"/>
</pin_list>
<bind>
<StgValue><ssdm name="kappa"/></StgValue>
</bind>
</comp>

<comp id="2" class="1000" name="ey">
<pin_list>
<pin id="3" dir="1" index="0" bw="1" slack="0"/>
</pin_list>
<bind>
<StgValue><ssdm name="ey"/></StgValue>
</bind>
</comp>

<comp id="4" class="1000" name="recip_lut_fn">
<pin_list>
<pin id="5" dir="1" index="0" bw="1" slack="0"/>
</pin_list>
<bind>
<StgValue><ssdm name="recip_lut_fn"/><MemPortTyVec>1 1 </MemPortTyVec>
</StgValue>
</bind>
</comp>

<comp id="6" class="1001" name="const_6">
<pin_list>
<pin id="7" dir="1" index="0" bw="1" slack="0"/>
</pin_list>
<bind>
<StgValue><ssdm name="_ssdm_op_Read.ap_auto.i21"/></StgValue>
</bind>
</comp>

<comp id="8" class="1001" name="const_8">
<pin_list>
<pin id="9" dir="1" index="0" bw="1" slack="2147483647"/>
</pin_list>
<bind>
<StgValue><ssdm name="_ssdm_op_SpecFUCore"/></StgValue>
</bind>
</comp>

<comp id="10" class="1001" name="const_10">
<pin_list>
<pin id="11" dir="1" index="0" bw="1" slack="2147483647"/>
</pin_list>
<bind>
<StgValue><ssdm name=""/></StgValue>
</bind>
</comp>

<comp id="12" class="1001" name="const_12">
<pin_list>
<pin id="13" dir="1" index="0" bw="1" slack="2147483647"/>
</pin_list>
<bind>
<StgValue><ssdm name=""/></StgValue>
</bind>
</comp>

<comp id="14" class="1001" name="const_14">
<pin_list>
<pin id="15" dir="1" index="0" bw="1" slack="2147483647"/>
</pin_list>
<bind>
<StgValue><ssdm name=""/></StgValue>
</bind>
</comp>

<comp id="16" class="1001" name="const_16">
<pin_list>
<pin id="17" dir="1" index="0" bw="1" slack="2147483647"/>
</pin_list>
<bind>
<StgValue><ssdm name=""/></StgValue>
</bind>
</comp>

<comp id="18" class="1001" name="const_18">
<pin_list>
<pin id="19" dir="1" index="0" bw="1" slack="0"/>
</pin_list>
<bind>
<StgValue><ssdm name="_ssdm_op_PartSelect.i21.i42.i32.i32"/></StgValue>
</bind>
</comp>

<comp id="20" class="1001" name="const_20">
<pin_list>
<pin id="21" dir="1" index="0" bw="1" slack="0"/>
</pin_list>
<bind>
<StgValue><ssdm name=""/></StgValue>
</bind>
</comp>

<comp id="22" class="1001" name="const_22">
<pin_list>
<pin id="23" dir="1" index="0" bw="1" slack="0"/>
</pin_list>
<bind>
<StgValue><ssdm name=""/></StgValue>
</bind>
</comp>

<comp id="24" class="1001" name="const_24">
<pin_list>
<pin id="25" dir="1" index="0" bw="1" slack="0"/>
</pin_list>
<bind>
<StgValue><ssdm name=""/></StgValue>
</bind>
</comp>

<comp id="26" class="1001" name="const_26">
<pin_list>
<pin id="27" dir="1" index="0" bw="1" slack="0"/>
</pin_list>
<bind>
<StgValue><ssdm name="_ssdm_op_BitSelect.i1.i21.i32"/></StgValue>
</bind>
</comp>

<comp id="28" class="1001" name="const_28">
<pin_list>
<pin id="29" dir="1" index="0" bw="1" slack="0"/>
</pin_list>
<bind>
<StgValue><ssdm name=""/></StgValue>
</bind>
</comp>

<comp id="30" class="1001" name="const_30">
<pin_list>
<pin id="31" dir="1" index="0" bw="1" slack="0"/>
</pin_list>
<bind>
<StgValue><ssdm name=""/></StgValue>
</bind>
</comp>

<comp id="32" class="1001" name="const_32">
<pin_list>
<pin id="33" dir="1" index="0" bw="1" slack="0"/>
</pin_list>
<bind>
<StgValue><ssdm name="_ssdm_op_PartSelect.i19.i21.i32.i32"/></StgValue>
</bind>
</comp>

<comp id="34" class="1001" name="const_34">
<pin_list>
<pin id="35" dir="1" index="0" bw="1" slack="0"/>
</pin_list>
<bind>
<StgValue><ssdm name=""/></StgValue>
</bind>
</comp>

<comp id="36" class="1001" name="const_36">
<pin_list>
<pin id="37" dir="1" index="0" bw="1" slack="0"/>
</pin_list>
<bind>
<StgValue><ssdm name=""/></StgValue>
</bind>
</comp>

<comp id="38" class="1001" name="const_38">
<pin_list>
<pin id="39" dir="1" index="0" bw="1" slack="0"/>
</pin_list>
<bind>
<StgValue><ssdm name=""/></StgValue>
</bind>
</comp>

<comp id="40" class="1001" name="const_40">
<pin_list>
<pin id="41" dir="1" index="0" bw="1" slack="0"/>
</pin_list>
<bind>
<StgValue><ssdm name=""/></StgValue>
</bind>
</comp>

<comp id="42" class="1001" name="const_42">
<pin_list>
<pin id="43" dir="1" index="0" bw="1" slack="0"/>
</pin_list>
<bind>
<StgValue><ssdm name="fp_recip_fn"/></StgValue>
</bind>
</comp>

<comp id="44" class="1001" name="const_44">
<pin_list>
<pin id="45" dir="1" index="0" bw="1" slack="2147483647"/>
</pin_list>
<bind>
<StgValue><ssdm name="_ssdm_op_SpecRegionBegin"/></StgValue>
</bind>
</comp>

<comp id="46" class="1001" name="const_46">
<pin_list>
<pin id="47" dir="1" index="0" bw="1" slack="2147483647"/>
</pin_list>
<bind>
<StgValue><ssdm name="empty_9"/></StgValue>
</bind>
</comp>

<comp id="48" class="1001" name="const_48">
<pin_list>
<pin id="49" dir="1" index="0" bw="1" slack="2147483647"/>
</pin_list>
<bind>
<StgValue><ssdm name="_ssdm_op_SpecRegionEnd"/></StgValue>
</bind>
</comp>

<comp id="50" class="1004" name="ey_read_read_fu_50">
<pin_list>
<pin id="51" dir="0" index="0" bw="21" slack="0"/>
<pin id="52" dir="0" index="1" bw="21" slack="0"/>
<pin id="53" dir="1" index="2" bw="21" slack="0"/>
</pin_list>
<bind>
<opcode="read(1150) " fcode="read"/>
<opset="ey_read/1 "/>
</bind>
</comp>

<comp id="56" class="1004" name="kappa_read_read_fu_56">
<pin_list>
<pin id="57" dir="0" index="0" bw="21" slack="0"/>
<pin id="58" dir="0" index="1" bw="21" slack="0"/>
<pin id="59" dir="1" index="2" bw="21" slack="0"/>
</pin_list>
<bind>
<opcode="read(1150) " fcode="read"/>
<opset="kappa_read/1 "/>
</bind>
</comp>

<comp id="62" class="1004" name="grp_fp_recip_fn_fu_62">
<pin_list>
<pin id="63" dir="0" index="0" bw="20" slack="0"/>
<pin id="64" dir="0" index="1" bw="21" slack="0"/>
<pin id="65" dir="0" index="2" bw="14" slack="0"/>
<pin id="66" dir="1" index="3" bw="20" slack="2147483647"/>
</pin_list>
<bind>
<opcode="call(48) " fcode="call"/>
<opset="agg_result/4 "/>
</bind>
</comp>

<comp id="69" class="1004" name="grp_fu_69">
<pin_list>
<pin id="70" dir="0" index="0" bw="21" slack="0"/>
<pin id="71" dir="0" index="1" bw="21" slack="0"/>
<pin id="72" dir="1" index="2" bw="42" slack="0"/>
</pin_list>
<bind>
<opcode="mul(12) " fcode="mul"/>
<opset="mul_ln574/1 "/>
</bind>
</comp>

<comp id="73" class="1004" name="sext_ln574_fu_73">
<pin_list>
<pin id="74" dir="0" index="0" bw="21" slack="0"/>
<pin id="75" dir="1" index="1" bw="42" slack="0"/>
</pin_list>
<bind>
<opcode="sext(35) " fcode="sext"/>
<opset="sext_ln574/1 "/>
</bind>
</comp>

<comp id="78" class="1004" name="sext_ln574_55_fu_78">
<pin_list>
<pin id="79" dir="0" index="0" bw="21" slack="0"/>
<pin id="80" dir="1" index="1" bw="42" slack="0"/>
</pin_list>
<bind>
<opcode="sext(35) " fcode="sext"/>
<opset="sext_ln574_55/1 "/>
</bind>
</comp>

<comp id="83" class="1004" name="product_q_fu_83">
<pin_list>
<pin id="84" dir="0" index="0" bw="21" slack="0"/>
<pin id="85" dir="0" index="1" bw="42" slack="0"/>
<pin id="86" dir="0" index="2" bw="5" slack="0"/>
<pin id="87" dir="0" index="3" bw="7" slack="0"/>
<pin id="88" dir="1" index="4" bw="21" slack="0"/>
</pin_list>
<bind>
<opcode="partselect(1002) " fcode="partselect"/>
<opset="product_q/3 "/>
</bind>
</comp>

<comp id="93" class="1004" name="denom_2_fu_93">
<pin_list>
<pin id="94" dir="0" index="0" bw="14" slack="0"/>
<pin id="95" dir="0" index="1" bw="21" slack="0"/>
<pin id="96" dir="1" index="2" bw="21" slack="0"/>
</pin_list>
<bind>
<opcode="sub(10) " fcode="sub"/>
<opset="denom_2/3 "/>
</bind>
</comp>

<comp id="99" class="1004" name="tmp_fu_99">
<pin_list>
<pin id="100" dir="0" index="0" bw="1" slack="0"/>
<pin id="101" dir="0" index="1" bw="21" slack="0"/>
<pin id="102" dir="0" index="2" bw="6" slack="0"/>
<pin id="103" dir="1" index="3" bw="1" slack="0"/>
</pin_list>
<bind>
<opcode="bitselect(1000) " fcode="bitselect"/>
<opset="tmp/3 "/>
</bind>
</comp>

<comp id="107" class="1004" name="sub_ln380_fu_107">
<pin_list>
<pin id="108" dir="0" index="0" bw="1" slack="0"/>
<pin id="109" dir="0" index="1" bw="21" slack="0"/>
<pin id="110" dir="1" index="2" bw="21" slack="0"/>
</pin_list>
<bind>
<opcode="sub(10) " fcode="sub"/>
<opset="sub_ln380/3 "/>
</bind>
</comp>

<comp id="113" class="1004" name="tmp_103_fu_113">
<pin_list>
<pin id="114" dir="0" index="0" bw="19" slack="0"/>
<pin id="115" dir="0" index="1" bw="21" slack="0"/>
<pin id="116" dir="0" index="2" bw="3" slack="0"/>
<pin id="117" dir="0" index="3" bw="6" slack="0"/>
<pin id="118" dir="1" index="4" bw="19" slack="0"/>
</pin_list>
<bind>
<opcode="partselect(1002) " fcode="partselect"/>
<opset="tmp_103/3 "/>
</bind>
</comp>

<comp id="123" class="1004" name="tmp_104_fu_123">
<pin_list>
<pin id="124" dir="0" index="0" bw="19" slack="0"/>
<pin id="125" dir="0" index="1" bw="21" slack="0"/>
<pin id="126" dir="0" index="2" bw="3" slack="0"/>
<pin id="127" dir="0" index="3" bw="6" slack="0"/>
<pin id="128" dir="1" index="4" bw="19" slack="0"/>
</pin_list>
<bind>
<opcode="partselect(1002) " fcode="partselect"/>
<opset="tmp_104/3 "/>
</bind>
</comp>

<comp id="133" class="1004" name="select_ln380_fu_133">
<pin_list>
<pin id="134" dir="0" index="0" bw="1" slack="0"/>
<pin id="135" dir="0" index="1" bw="19" slack="0"/>
<pin id="136" dir="0" index="2" bw="19" slack="0"/>
<pin id="137" dir="1" index="3" bw="19" slack="0"/>
</pin_list>
<bind>
<opcode="select(49) " fcode="select"/>
<opset="select_ln380/3 "/>
</bind>
</comp>

<comp id="141" class="1004" name="icmp_ln73_fu_141">
<pin_list>
<pin id="142" dir="0" index="0" bw="19" slack="0"/>
<pin id="143" dir="0" index="1" bw="1" slack="0"/>
<pin id="144" dir="1" index="2" bw="1" slack="1"/>
</pin_list>
<bind>
<opcode="icmp(45) " fcode="icmp"/>
<opset="icmp_ln73/3 "/>
</bind>
</comp>

<comp id="147" class="1004" name="select_ln73_fu_147">
<pin_list>
<pin id="148" dir="0" index="0" bw="1" slack="1"/>
<pin id="149" dir="0" index="1" bw="3" slack="0"/>
<pin id="150" dir="0" index="2" bw="4" slack="0"/>
<pin id="151" dir="1" index="3" bw="21" slack="0"/>
</pin_list>
<bind>
<opcode="select(49) " fcode="select"/>
<opset="select_ln73/4 "/>
</bind>
</comp>

<comp id="154" class="1004" name="denom_fu_154">
<pin_list>
<pin id="155" dir="0" index="0" bw="1" slack="1"/>
<pin id="156" dir="0" index="1" bw="4" slack="0"/>
<pin id="157" dir="0" index="2" bw="21" slack="1"/>
<pin id="158" dir="1" index="3" bw="21" slack="0"/>
</pin_list>
<bind>
<opcode="select(49) " fcode="select"/>
<opset="denom/4 "/>
</bind>
</comp>

<comp id="161" class="1005" name="sext_ln574_reg_161">
<pin_list>
<pin id="162" dir="0" index="0" bw="42" slack="1"/>
<pin id="163" dir="1" index="1" bw="42" slack="1"/>
</pin_list>
<bind>
<opset="sext_ln574 "/>
</bind>
</comp>

<comp id="166" class="1005" name="sext_ln574_55_reg_166">
<pin_list>
<pin id="167" dir="0" index="0" bw="42" slack="1"/>
<pin id="168" dir="1" index="1" bw="42" slack="1"/>
</pin_list>
<bind>
<opset="sext_ln574_55 "/>
</bind>
</comp>

<comp id="171" class="1005" name="denom_2_reg_171">
<pin_list>
<pin id="172" dir="0" index="0" bw="21" slack="1"/>
<pin id="173" dir="1" index="1" bw="21" slack="1"/>
</pin_list>
<bind>
<opset="denom_2 "/>
</bind>
</comp>

<comp id="176" class="1005" name="tmp_reg_176">
<pin_list>
<pin id="177" dir="0" index="0" bw="1" slack="1"/>
<pin id="178" dir="1" index="1" bw="1" slack="1"/>
</pin_list>
<bind>
<opset="tmp "/>
</bind>
</comp>

<comp id="181" class="1005" name="icmp_ln73_reg_181">
<pin_list>
<pin id="182" dir="0" index="0" bw="1" slack="1"/>
<pin id="183" dir="1" index="1" bw="1" slack="1"/>
</pin_list>
<bind>
<opset="icmp_ln73 "/>
</bind>
</comp>

<comp id="186" class="1005" name="denom_reg_186">
<pin_list>
<pin id="187" dir="0" index="0" bw="21" slack="1"/>
<pin id="188" dir="1" index="1" bw="21" slack="1"/>
</pin_list>
<bind>
<opset="denom "/>
</bind>
</comp>

</comp_list>

<net_list>
<net id="54"><net_src comp="6" pin="0"/><net_sink comp="50" pin=0"/></net>

<net id="55"><net_src comp="2" pin="0"/><net_sink comp="50" pin=1"/></net>

<net id="60"><net_src comp="6" pin="0"/><net_sink comp="56" pin=0"/></net>

<net id="61"><net_src comp="0" pin="0"/><net_sink comp="56" pin=1"/></net>

<net id="67"><net_src comp="42" pin="0"/><net_sink comp="62" pin=0"/></net>

<net id="68"><net_src comp="4" pin="0"/><net_sink comp="62" pin=2"/></net>

<net id="76"><net_src comp="56" pin="2"/><net_sink comp="73" pin=0"/></net>

<net id="77"><net_src comp="73" pin="1"/><net_sink comp="69" pin=1"/></net>

<net id="81"><net_src comp="50" pin="2"/><net_sink comp="78" pin=0"/></net>

<net id="82"><net_src comp="78" pin="1"/><net_sink comp="69" pin=0"/></net>

<net id="89"><net_src comp="18" pin="0"/><net_sink comp="83" pin=0"/></net>

<net id="90"><net_src comp="69" pin="2"/><net_sink comp="83" pin=1"/></net>

<net id="91"><net_src comp="20" pin="0"/><net_sink comp="83" pin=2"/></net>

<net id="92"><net_src comp="22" pin="0"/><net_sink comp="83" pin=3"/></net>

<net id="97"><net_src comp="24" pin="0"/><net_sink comp="93" pin=0"/></net>

<net id="98"><net_src comp="83" pin="4"/><net_sink comp="93" pin=1"/></net>

<net id="104"><net_src comp="26" pin="0"/><net_sink comp="99" pin=0"/></net>

<net id="105"><net_src comp="93" pin="2"/><net_sink comp="99" pin=1"/></net>

<net id="106"><net_src comp="28" pin="0"/><net_sink comp="99" pin=2"/></net>

<net id="111"><net_src comp="30" pin="0"/><net_sink comp="107" pin=0"/></net>

<net id="112"><net_src comp="93" pin="2"/><net_sink comp="107" pin=1"/></net>

<net id="119"><net_src comp="32" pin="0"/><net_sink comp="113" pin=0"/></net>

<net id="120"><net_src comp="107" pin="2"/><net_sink comp="113" pin=1"/></net>

<net id="121"><net_src comp="34" pin="0"/><net_sink comp="113" pin=2"/></net>

<net id="122"><net_src comp="28" pin="0"/><net_sink comp="113" pin=3"/></net>

<net id="129"><net_src comp="32" pin="0"/><net_sink comp="123" pin=0"/></net>

<net id="130"><net_src comp="93" pin="2"/><net_sink comp="123" pin=1"/></net>

<net id="131"><net_src comp="34" pin="0"/><net_sink comp="123" pin=2"/></net>

<net id="132"><net_src comp="28" pin="0"/><net_sink comp="123" pin=3"/></net>

<net id="138"><net_src comp="99" pin="3"/><net_sink comp="133" pin=0"/></net>

<net id="139"><net_src comp="113" pin="4"/><net_sink comp="133" pin=1"/></net>

<net id="140"><net_src comp="123" pin="4"/><net_sink comp="133" pin=2"/></net>

<net id="145"><net_src comp="133" pin="3"/><net_sink comp="141" pin=0"/></net>

<net id="146"><net_src comp="36" pin="0"/><net_sink comp="141" pin=1"/></net>

<net id="152"><net_src comp="38" pin="0"/><net_sink comp="147" pin=1"/></net>

<net id="153"><net_src comp="40" pin="0"/><net_sink comp="147" pin=2"/></net>

<net id="159"><net_src comp="147" pin="3"/><net_sink comp="154" pin=1"/></net>

<net id="160"><net_src comp="154" pin="3"/><net_sink comp="62" pin=1"/></net>

<net id="164"><net_src comp="73" pin="1"/><net_sink comp="161" pin=0"/></net>

<net id="165"><net_src comp="161" pin="1"/><net_sink comp="69" pin=1"/></net>

<net id="169"><net_src comp="78" pin="1"/><net_sink comp="166" pin=0"/></net>

<net id="170"><net_src comp="166" pin="1"/><net_sink comp="69" pin=0"/></net>

<net id="174"><net_src comp="93" pin="2"/><net_sink comp="171" pin=0"/></net>

<net id="175"><net_src comp="171" pin="1"/><net_sink comp="154" pin=2"/></net>

<net id="179"><net_src comp="99" pin="3"/><net_sink comp="176" pin=0"/></net>

<net id="180"><net_src comp="176" pin="1"/><net_sink comp="147" pin=0"/></net>

<net id="184"><net_src comp="141" pin="2"/><net_sink comp="181" pin=0"/></net>

<net id="185"><net_src comp="181" pin="1"/><net_sink comp="154" pin=0"/></net>

<net id="189"><net_src comp="154" pin="3"/><net_sink comp="186" pin=0"/></net>

<net id="190"><net_src comp="186" pin="1"/><net_sink comp="62" pin=1"/></net>

</net_list>

</model> 
---------------- Datapath Model END ------------------

* FSMD analyzer results:
  - Output states:
 - Input state : 
	Port: fp_frenet_recip : kappa | {1 }
	Port: fp_frenet_recip : ey | {1 }
	Port: fp_frenet_recip : recip_lut_fn | {7 8 }
  - Chain level:
	State 1
		mul_ln574 : 1
	State 2
	State 3
		specfucore_ln576 : 1
		product_q : 1
		denom_2 : 2
		tmp : 3
		sub_ln380 : 3
		tmp_103 : 4
		tmp_104 : 3
		select_ln380 : 5
		icmp_ln73 : 6
	State 4
		denom : 1
		agg_result : 2
	State 5
	State 6
	State 7
	State 8
	State 9
	State 10
		rend : 1
		ret_ln80 : 1


============================================================
+ Verbose Summary: Datapath Resource usage 
============================================================

* Functional unit list:
|----------|-----------------------|---------|---------|---------|---------|
| Operation|    Functional Unit    |   DSP   |  Delay  |    FF   |   LUT   |
|----------|-----------------------|---------|---------|---------|---------|
|   call   | grp_fp_recip_fn_fu_62 |    0    |  0.854  |   117   |   1350  |
|----------|-----------------------|---------|---------|---------|---------|
|    sub   |     denom_2_fu_93     |    0    |    0    |    0    |    28   |
|          |    sub_ln380_fu_107   |    0    |    0    |    0    |    28   |
|----------|-----------------------|---------|---------|---------|---------|
|          |  select_ln380_fu_133  |    0    |    0    |    0    |    18   |
|  select  |   select_ln73_fu_147  |    0    |    0    |    0    |    4    |
|          |      denom_fu_154     |    0    |    0    |    0    |    20   |
|----------|-----------------------|---------|---------|---------|---------|
|    mul   |       grp_fu_69       |    2    |    0    |    10   |    14   |
|----------|-----------------------|---------|---------|---------|---------|
|   icmp   |    icmp_ln73_fu_141   |    0    |    0    |    0    |    26   |
|----------|-----------------------|---------|---------|---------|---------|
|   read   |   ey_read_read_fu_50  |    0    |    0    |    0    |    0    |
|          | kappa_read_read_fu_56 |    0    |    0    |    0    |    0    |
|----------|-----------------------|---------|---------|---------|---------|
|   sext   |    sext_ln574_fu_73   |    0    |    0    |    0    |    0    |
|          |  sext_ln574_55_fu_78  |    0    |    0    |    0    |    0    |
|----------|-----------------------|---------|---------|---------|---------|
|          |    product_q_fu_83    |    0    |    0    |    0    |    0    |
|partselect|     tmp_103_fu_113    |    0    |    0    |    0    |    0    |
|          |     tmp_104_fu_123    |    0    |    0    |    0    |    0    |
|----------|-----------------------|---------|---------|---------|---------|
| bitselect|       tmp_fu_99       |    0    |    0    |    0    |    0    |
|----------|-----------------------|---------|---------|---------|---------|
|   Total  |                       |    2    |  0.854  |   127   |   1488  |
|----------|-----------------------|---------|---------|---------|---------|

Memories:
N/A

* Register list:
+---------------------+--------+
|                     |   FF   |
+---------------------+--------+
|   denom_2_reg_171   |   21   |
|    denom_reg_186    |   21   |
|  icmp_ln73_reg_181  |    1   |
|sext_ln574_55_reg_166|   42   |
|  sext_ln574_reg_161 |   42   |
|     tmp_reg_176     |    1   |
+---------------------+--------+
|        Total        |   128  |
+---------------------+--------+

* Multiplexer (MUX) list: 
|-----------------------|------|------|------|--------||---------||---------||---------|
|          Comp         |  Pin | Size |  BW  | S x BW ||  Delay  ||    FF   ||   LUT   |
|-----------------------|------|------|------|--------||---------||---------||---------|
| grp_fp_recip_fn_fu_62 |  p1  |   2  |  21  |   42   ||    0    ||    9    |
|       grp_fu_69       |  p0  |   2  |  21  |   42   ||    0    ||    9    |
|       grp_fu_69       |  p1  |   2  |  21  |   42   ||    0    ||    9    |
|-----------------------|------|------|------|--------||---------||---------||---------|
|         Total         |      |      |      |   126  ||  1.281  ||    0    ||    27   |
|-----------------------|------|------|------|--------||---------||---------||---------|



* Summary:
+-----------+--------+--------+--------+--------+
|           |   DSP  |  Delay |   FF   |   LUT  |
+-----------+--------+--------+--------+--------+
|  Function |    2   |    0   |   127  |  1488  |
|   Memory  |    -   |    -   |    -   |    -   |
|Multiplexer|    -   |    1   |    0   |   27   |
|  Register |    -   |    -   |   128  |    -   |
+-----------+--------+--------+--------+--------+
|   Total   |    2   |    2   |   255  |  1515  |
+-----------+--------+--------+--------+--------+
