

================================================================
== Vitis HLS Report for 'fp_frenet_recip'
================================================================
* Date:           Thu May 21 15:23:04 2026

* Version:        2025.2 (Build 6295257 on Nov 14 2025)
* Project:        mpc_fpga_top_opencl
* Solution:       hls (Vitis Kernel Flow Target)
* Product family: zynquplus
* Target device:  xck26-sfvc784-2LV-c


================================================================
== Performance Estimates
================================================================
+ Timing: 
    * Summary: 
    +--------+---------+----------+------------+
    |  Clock |  Target | Estimated| Uncertainty|
    +--------+---------+----------+------------+
    |ap_clk  |  5.00 ns|  4.351 ns|     0.50 ns|
    +--------+---------+----------+------------+

+ Latency: 
    * Summary: 
    +---------+---------+-----------+-----------+-----+-----+---------+
    |  Latency (cycles) |   Latency (absolute)  |  Interval | Pipeline|
    |   min   |   max   |    min    |    max    | min | max |   Type  |
    +---------+---------+-----------+-----------+-----+-----+---------+
    |       12|       12|  60.000 ns|  60.000 ns|   13|   13|      yes|
    +---------+---------+-----------+-----------+-----+-----+---------+

    + Detail: 
        * Instance: 
        N/A

        * Loop: 
        N/A

============================================================
+ Verbose Summary: Synthesis Manager
============================================================
InlineROM: 1
ExposeGlobal: 0
============================================================
+ Verbose Summary: CDFG Model
============================================================
IsTopModel: 0
ResetActiveHigh: 1
IsCombinational: 0
IsDatapathOnly: 0
HasWiredReturn: 1
HasMFsm: 2
HasVarLatency: 0
IsPipeline: 1
IsRtlPipelined: 0
IsInstanceOverlapped: 0
IsDontTouch: 0
HasImplIP: 0
IsGatedGlobalClock: 0

+ Individual pipeline summary: 
  * Pipeline-0: initiation interval (II) = 13, depth = 13


============================================================
+ Verbose Summary: Schedule
============================================================
* Number of FSM states : 13
* Pipeline : 1
  Pipeline-0 : II = 13, D = 13, States = { 1 2 3 4 5 6 7 8 9 10 11 12 13 }
* Dataflow Pipeline: 0

* FSM state transitions: 
1 --> 2 
2 --> 3 
3 --> 4 
4 --> 5 
5 --> 6 
6 --> 7 
7 --> 8 
8 --> 9 
9 --> 10 
10 --> 11 
11 --> 12 
12 --> 13 
13 --> 

* FSM state operations: 

State 1 <SV = 0> <Delay = 1.78>
ST_1 : Operation 14 [1/1] (0.00ns)   --->   "%ey_read = read i26 @_ssdm_op_Read.ap_auto.i26, i26 %ey" [../src/vehicle_model_hls.cpp:70]   --->   Operation 14 'read' 'ey_read' <Predicate = true> <Delay = 0.00>
ST_1 : Operation 15 [1/1] (0.00ns)   --->   "%kappa_read = read i26 @_ssdm_op_Read.ap_auto.i26, i26 %kappa" [../src/vehicle_model_hls.cpp:70]   --->   Operation 15 'read' 'kappa_read' <Predicate = true> <Delay = 0.00>
ST_1 : Operation 16 [1/1] (0.00ns)   --->   "%sext_ln671 = sext i26 %kappa_read" [../src/fp_math_hls.cpp:671->../src/vehicle_model_hls.cpp:72]   --->   Operation 16 'sext' 'sext_ln671' <Predicate = true> <Delay = 0.00>
ST_1 : Operation 17 [1/1] (0.00ns)   --->   "%sext_ln671_65 = sext i26 %ey_read" [../src/fp_math_hls.cpp:671->../src/vehicle_model_hls.cpp:72]   --->   Operation 17 'sext' 'sext_ln671_65' <Predicate = true> <Delay = 0.00>
ST_1 : Operation 18 [4/4] (1.78ns)   --->   "%product = mul i43 %sext_ln671_65, i43 %sext_ln671" [../src/fp_math_hls.cpp:671->../src/vehicle_model_hls.cpp:72]   --->   Operation 18 'mul' 'product' <Predicate = true> <Delay = 1.78> <CoreInst = "Mul_DSP">   --->   Core 5 'Mul_DSP' <Latency = 3> <II = 1> <Delay = 1.78> <FuncUnit> <Opcode : 'mul'> <InPorts = 2> <OutPorts = 1>

State 2 <SV = 1> <Delay = 1.78>
ST_2 : Operation 19 [3/4] (1.78ns)   --->   "%product = mul i43 %sext_ln671_65, i43 %sext_ln671" [../src/fp_math_hls.cpp:671->../src/vehicle_model_hls.cpp:72]   --->   Operation 19 'mul' 'product' <Predicate = true> <Delay = 1.78> <CoreInst = "Mul_DSP">   --->   Core 5 'Mul_DSP' <Latency = 3> <II = 1> <Delay = 1.78> <FuncUnit> <Opcode : 'mul'> <InPorts = 2> <OutPorts = 1>

State 3 <SV = 2> <Delay = 1.78>
ST_3 : Operation 20 [2/4] (1.78ns)   --->   "%product = mul i43 %sext_ln671_65, i43 %sext_ln671" [../src/fp_math_hls.cpp:671->../src/vehicle_model_hls.cpp:72]   --->   Operation 20 'mul' 'product' <Predicate = true> <Delay = 1.78> <CoreInst = "Mul_DSP">   --->   Core 5 'Mul_DSP' <Latency = 3> <II = 1> <Delay = 1.78> <FuncUnit> <Opcode : 'mul'> <InPorts = 2> <OutPorts = 1>

State 4 <SV = 3> <Delay = 1.78>
ST_4 : Operation 21 [1/4] (1.78ns)   --->   "%product = mul i43 %sext_ln671_65, i43 %sext_ln671" [../src/fp_math_hls.cpp:671->../src/vehicle_model_hls.cpp:72]   --->   Operation 21 'mul' 'product' <Predicate = true> <Delay = 1.78> <CoreInst = "Mul_DSP">   --->   Core 5 'Mul_DSP' <Latency = 3> <II = 1> <Delay = 1.78> <FuncUnit> <Opcode : 'mul'> <InPorts = 2> <OutPorts = 1>
ST_4 : Operation 22 [1/1] (0.00ns)   --->   "%specfucore_ln673 = specfucore void @_ssdm_op_SpecFUCore, i43 %product, i64 12, i64 3, i64 3, i1 0" [../src/fp_math_hls.cpp:673->../src/vehicle_model_hls.cpp:72]   --->   Operation 22 'specfucore' 'specfucore_ln673' <Predicate = true> <Delay = 0.00>
ST_4 : Operation 23 [1/1] (0.00ns)   --->   "%product_q = partselect i26 @_ssdm_op_PartSelect.i26.i43.i32.i32, i43 %product, i32 17, i32 42" [../src/fp_math_hls.cpp:674->../src/vehicle_model_hls.cpp:72]   --->   Operation 23 'partselect' 'product_q' <Predicate = true> <Delay = 0.00>

State 5 <SV = 4> <Delay = 3.26>
ST_5 : Operation 24 [1/1] (0.95ns)   --->   "%denom_2 = sub i26 131072, i26 %product_q" [../src/vehicle_model_hls.cpp:72]   --->   Operation 24 'sub' 'denom_2' <Predicate = true> <Delay = 0.95> <CoreInst = "Adder">   --->   Core 1 'Adder' <Latency = 0> <II = 1> <Delay = 0.95> <FuncUnit> <Opcode : 'add' 'sub'> <InPorts = 2> <OutPorts = 1>
ST_5 : Operation 25 [1/1] (0.00ns)   --->   "%tmp = bitselect i1 @_ssdm_op_BitSelect.i1.i26.i32, i26 %denom_2, i32 25" [../src/../include/fp_math_hls.h:408->../src/vehicle_model_hls.cpp:73]   --->   Operation 25 'bitselect' 'tmp' <Predicate = true> <Delay = 0.00>
ST_5 : Operation 26 [1/1] (0.95ns)   --->   "%sub_ln408 = sub i26 0, i26 %denom_2" [../src/../include/fp_math_hls.h:408->../src/vehicle_model_hls.cpp:73]   --->   Operation 26 'sub' 'sub_ln408' <Predicate = true> <Delay = 0.95> <CoreInst = "Adder">   --->   Core 1 'Adder' <Latency = 0> <II = 1> <Delay = 0.95> <FuncUnit> <Opcode : 'add' 'sub'> <InPorts = 2> <OutPorts = 1>
ST_5 : Operation 27 [1/1] (0.00ns) (grouped into LUT with out node icmp_ln73)   --->   "%a_126 = select i1 %tmp, i26 %sub_ln408, i26 %denom_2" [../src/../include/fp_math_hls.h:408->../src/vehicle_model_hls.cpp:73]   --->   Operation 27 'select' 'a_126' <Predicate = true> <Delay = 0.00> <CoreInst = "Sel">   --->   Core 73 'Sel' <Latency = 0> <II = 1> <Delay = 0.32> <FuncUnit> <Opcode : 'select'> <InPorts = 3> <OutPorts = 1>
ST_5 : Operation 28 [1/1] (0.95ns) (out node of the LUT)   --->   "%icmp_ln73 = icmp_slt  i26 %a_126, i26 131" [../src/vehicle_model_hls.cpp:73]   --->   Operation 28 'icmp' 'icmp_ln73' <Predicate = true> <Delay = 0.95> <CoreInst = "Cmp">   --->   Core 9 'Cmp' <Latency = 0> <II = 1> <Delay = 0.95> <FuncUnit> <Opcode : 'seteq' 'setne' 'setle' 'setge' 'setlt' 'setgt'> <InPorts = 2> <OutPorts = 1>
ST_5 : Operation 29 [1/1] (0.00ns) (grouped into LUT with out node denom)   --->   "%select_ln73 = select i1 %tmp, i26 67108733, i26 131" [../src/vehicle_model_hls.cpp:73]   --->   Operation 29 'select' 'select_ln73' <Predicate = true> <Delay = 0.00> <CoreInst = "Sel">   --->   Core 73 'Sel' <Latency = 0> <II = 1> <Delay = 0.39> <FuncUnit> <Opcode : 'select'> <InPorts = 3> <OutPorts = 1>
ST_5 : Operation 30 [1/1] (0.39ns) (out node of the LUT)   --->   "%denom = select i1 %icmp_ln73, i26 %select_ln73, i26 %denom_2" [../src/vehicle_model_hls.cpp:73]   --->   Operation 30 'select' 'denom' <Predicate = true> <Delay = 0.39> <CoreInst = "Sel">   --->   Core 73 'Sel' <Latency = 0> <II = 1> <Delay = 0.32> <FuncUnit> <Opcode : 'select'> <InPorts = 3> <OutPorts = 1>

State 6 <SV = 5> <Delay = 3.38>
ST_6 : Operation 31 [8/8] (3.38ns)   --->   "%agg_result = call i23 @fp_recip_fn, i26 %denom, i19 %recip_lut_fn" [../src/vehicle_model_hls.cpp:79]   --->   Operation 31 'call' 'agg_result' <Predicate = true> <Delay = 3.38> <CoreType = "Generic">   --->   Generic Core

State 7 <SV = 6> <Delay = 4.35>
ST_7 : Operation 32 [7/8] (4.35ns)   --->   "%agg_result = call i23 @fp_recip_fn, i26 %denom, i19 %recip_lut_fn" [../src/vehicle_model_hls.cpp:79]   --->   Operation 32 'call' 'agg_result' <Predicate = true> <Delay = 4.35> <CoreType = "Generic">   --->   Generic Core

State 8 <SV = 7> <Delay = 4.35>
ST_8 : Operation 33 [6/8] (4.35ns)   --->   "%agg_result = call i23 @fp_recip_fn, i26 %denom, i19 %recip_lut_fn" [../src/vehicle_model_hls.cpp:79]   --->   Operation 33 'call' 'agg_result' <Predicate = true> <Delay = 4.35> <CoreType = "Generic">   --->   Generic Core

State 9 <SV = 8> <Delay = 4.35>
ST_9 : Operation 34 [5/8] (4.35ns)   --->   "%agg_result = call i23 @fp_recip_fn, i26 %denom, i19 %recip_lut_fn" [../src/vehicle_model_hls.cpp:79]   --->   Operation 34 'call' 'agg_result' <Predicate = true> <Delay = 4.35> <CoreType = "Generic">   --->   Generic Core

State 10 <SV = 9> <Delay = 4.35>
ST_10 : Operation 35 [4/8] (4.35ns)   --->   "%agg_result = call i23 @fp_recip_fn, i26 %denom, i19 %recip_lut_fn" [../src/vehicle_model_hls.cpp:79]   --->   Operation 35 'call' 'agg_result' <Predicate = true> <Delay = 4.35> <CoreType = "Generic">   --->   Generic Core

State 11 <SV = 10> <Delay = 4.35>
ST_11 : Operation 36 [3/8] (4.35ns)   --->   "%agg_result = call i23 @fp_recip_fn, i26 %denom, i19 %recip_lut_fn" [../src/vehicle_model_hls.cpp:79]   --->   Operation 36 'call' 'agg_result' <Predicate = true> <Delay = 4.35> <CoreType = "Generic">   --->   Generic Core

State 12 <SV = 11> <Delay = 4.35>
ST_12 : Operation 37 [2/8] (4.35ns)   --->   "%agg_result = call i23 @fp_recip_fn, i26 %denom, i19 %recip_lut_fn" [../src/vehicle_model_hls.cpp:79]   --->   Operation 37 'call' 'agg_result' <Predicate = true> <Delay = 4.35> <CoreType = "Generic">   --->   Generic Core

State 13 <SV = 12> <Delay = 4.10>
ST_13 : Operation 38 [1/1] (0.00ns)   --->   "%rbegin = specregionbegin i32 @_ssdm_op_SpecRegionBegin, void @empty_43" [../src/fp_math_hls.cpp:671->../src/vehicle_model_hls.cpp:72]   --->   Operation 38 'specregionbegin' 'rbegin' <Predicate = true> <Delay = 0.00>
ST_13 : Operation 39 [1/1] (0.00ns)   --->   "%rend = specregionend i32 @_ssdm_op_SpecRegionEnd, void @empty_43, i32 %rbegin" [../src/fp_math_hls.cpp:671->../src/vehicle_model_hls.cpp:72]   --->   Operation 39 'specregionend' 'rend' <Predicate = true> <Delay = 0.00>
ST_13 : Operation 40 [1/8] (4.10ns)   --->   "%agg_result = call i23 @fp_recip_fn, i26 %denom, i19 %recip_lut_fn" [../src/vehicle_model_hls.cpp:79]   --->   Operation 40 'call' 'agg_result' <Predicate = true> <Delay = 4.10> <CoreType = "Generic">   --->   Generic Core
ST_13 : Operation 41 [1/1] (0.00ns)   --->   "%ret_ln80 = ret i23 %agg_result" [../src/vehicle_model_hls.cpp:80]   --->   Operation 41 'ret' 'ret_ln80' <Predicate = true> <Delay = 0.00>


============================================================
+ Verbose Summary: Timing violations
============================================================
Target clock period: 5.000ns, clock uncertainty: 0.500ns.

 <State 1>: 1.781ns
The critical path consists of the following:
	wire read operation ('ey_read', ../src/vehicle_model_hls.cpp:70) on port 'ey' (../src/vehicle_model_hls.cpp:70) [4]  (0.000 ns)
	'mul' operation 43 bit ('product', ../src/fp_math_hls.cpp:671->../src/vehicle_model_hls.cpp:72) [9]  (1.781 ns)

 <State 2>: 1.781ns
The critical path consists of the following:
	'mul' operation 43 bit ('product', ../src/fp_math_hls.cpp:671->../src/vehicle_model_hls.cpp:72) [9]  (1.781 ns)

 <State 3>: 1.781ns
The critical path consists of the following:
	'mul' operation 43 bit ('product', ../src/fp_math_hls.cpp:671->../src/vehicle_model_hls.cpp:72) [9]  (1.781 ns)

 <State 4>: 1.781ns
The critical path consists of the following:
	'mul' operation 43 bit ('product', ../src/fp_math_hls.cpp:671->../src/vehicle_model_hls.cpp:72) [9]  (1.781 ns)

 <State 5>: 3.263ns
The critical path consists of the following:
	'sub' operation 26 bit ('denom', ../src/vehicle_model_hls.cpp:72) [13]  (0.955 ns)
	'sub' operation 26 bit ('sub_ln408', ../src/../include/fp_math_hls.h:408->../src/vehicle_model_hls.cpp:73) [15]  (0.955 ns)
	'select' operation 26 bit ('a', ../src/../include/fp_math_hls.h:408->../src/vehicle_model_hls.cpp:73) [16]  (0.000 ns)
	'icmp' operation 1 bit ('icmp_ln73', ../src/vehicle_model_hls.cpp:73) [17]  (0.955 ns)
	'select' operation 26 bit ('denom', ../src/vehicle_model_hls.cpp:73) [19]  (0.398 ns)

 <State 6>: 3.388ns
The critical path consists of the following:
	'call' operation 23 bit ('agg_result', ../src/vehicle_model_hls.cpp:79) to 'fp_recip_fn' [20]  (3.388 ns)

 <State 7>: 4.351ns
The critical path consists of the following:
	'call' operation 23 bit ('agg_result', ../src/vehicle_model_hls.cpp:79) to 'fp_recip_fn' [20]  (4.351 ns)

 <State 8>: 4.351ns
The critical path consists of the following:
	'call' operation 23 bit ('agg_result', ../src/vehicle_model_hls.cpp:79) to 'fp_recip_fn' [20]  (4.351 ns)

 <State 9>: 4.351ns
The critical path consists of the following:
	'call' operation 23 bit ('agg_result', ../src/vehicle_model_hls.cpp:79) to 'fp_recip_fn' [20]  (4.351 ns)

 <State 10>: 4.351ns
The critical path consists of the following:
	'call' operation 23 bit ('agg_result', ../src/vehicle_model_hls.cpp:79) to 'fp_recip_fn' [20]  (4.351 ns)

 <State 11>: 4.351ns
The critical path consists of the following:
	'call' operation 23 bit ('agg_result', ../src/vehicle_model_hls.cpp:79) to 'fp_recip_fn' [20]  (4.351 ns)

 <State 12>: 4.351ns
The critical path consists of the following:
	'call' operation 23 bit ('agg_result', ../src/vehicle_model_hls.cpp:79) to 'fp_recip_fn' [20]  (4.351 ns)

 <State 13>: 4.106ns
The critical path consists of the following:
	'call' operation 23 bit ('agg_result', ../src/vehicle_model_hls.cpp:79) to 'fp_recip_fn' [20]  (4.106 ns)


============================================================
+ Verbose Summary: Binding
============================================================
N/A
* FSMD analyzer results:
  - Output states:
 - Input state : 
  - Chain level:
	State 1
	State 2
	State 3
	State 4
	State 5
	State 6
	State 7
	State 8
	State 9
	State 10
	State 11
	State 12
	State 13


============================================================
+ Verbose Summary: Datapath Resource usage 
============================================================
N/A
