

================================================================
== Vitis HLS Report for 'fp_front_force_jacobians_fn'
================================================================
* Date:           Thu Jun 11 17:48:29 2026

* Version:        2025.2 (Build 6295257 on Nov 14 2025)
* Project:        mpc_fpga_top_opencl
* Solution:       hls (Vitis Kernel Flow Target)
* Product family: zynquplus
* Target device:  xck26-sfvc784-2LV-c


================================================================
== Performance Estimates
================================================================
+ Timing: 
    * Summary: 
    +--------+---------+----------+------------+
    |  Clock |  Target | Estimated| Uncertainty|
    +--------+---------+----------+------------+
    |ap_clk  |  5.00 ns|  3.300 ns|     0.50 ns|
    +--------+---------+----------+------------+

+ Latency: 
    * Summary: 
    +---------+---------+-----------+-----------+-----+-----+---------+
    |  Latency (cycles) |   Latency (absolute)  |  Interval | Pipeline|
    |   min   |   max   |    min    |    max    | min | max |   Type  |
    +---------+---------+-----------+-----------+-----+-----+---------+
    |        7|        7|  35.000 ns|  35.000 ns|    8|    8|      yes|
    +---------+---------+-----------+-----------+-----+-----+---------+

    + Detail: 
        * Instance: 
        N/A

        * Loop: 
        N/A

============================================================
+ Verbose Summary: Synthesis Manager
============================================================
InlineROM: 1
ExposeGlobal: 0
============================================================
+ Verbose Summary: CDFG Model
============================================================
IsTopModel: 0
ResetActiveHigh: 1
IsCombinational: 0
IsDatapathOnly: 0
HasWiredReturn: 1
HasMFsm: 2
HasVarLatency: 0
IsPipeline: 1
IsRtlPipelined: 0
IsInstanceOverlapped: 0
IsDontTouch: 0
HasImplIP: 0
IsGatedGlobalClock: 0

+ Individual pipeline summary: 
  * Pipeline-0: initiation interval (II) = 8, depth = 8


============================================================
+ Verbose Summary: Schedule
============================================================
* Number of FSM states : 8
* Pipeline : 1
  Pipeline-0 : II = 8, D = 8, States = { 1 2 3 4 5 6 7 8 }
* Dataflow Pipeline: 0

* FSM state transitions: 
1 --> 2 
2 --> 3 
3 --> 4 
4 --> 5 
5 --> 6 
6 --> 7 
7 --> 8 
8 --> 

* FSM state operations: 

State 1 <SV = 0> <Delay = 2.59>
ST_1 : Operation 9 [1/1] (0.00ns)   --->   "%inv_D_f_read = read i20 @_ssdm_op_Read.ap_auto.i20, i20 %inv_D_f" [../src/vehicle_model_hls.cpp:139]   --->   Operation 9 'read' 'inv_D_f_read' <Predicate = true> <Delay = 0.00>
ST_1 : Operation 10 [1/1] (0.00ns)   --->   "%vx_safe_read = read i20 @_ssdm_op_Read.ap_auto.i20, i20 %vx_safe" [../src/vehicle_model_hls.cpp:139]   --->   Operation 10 'read' 'vx_safe_read' <Predicate = true> <Delay = 0.00>
ST_1 : Operation 11 [1/1] (0.00ns)   --->   "%zext_ln761 = zext i20 %vx_safe_read" [include/fp_types_hls.hpp:761->../src/fp_math_hls.cpp:575->../src/vehicle_model_hls.cpp:140]   --->   Operation 11 'zext' 'zext_ln761' <Predicate = true> <Delay = 0.00>
ST_1 : Operation 12 [1/1] (0.00ns)   --->   "%zext_ln574 = zext i20 %vx_safe_read" [../src/fp_math_hls.cpp:574->../src/vehicle_model_hls.cpp:140]   --->   Operation 12 'zext' 'zext_ln574' <Predicate = true> <Delay = 0.00>
ST_1 : Operation 13 [1/1] (0.00ns)   --->   "%sext_ln574_32 = sext i20 %inv_D_f_read" [../src/fp_math_hls.cpp:574->../src/vehicle_model_hls.cpp:140]   --->   Operation 13 'sext' 'sext_ln574_32' <Predicate = true> <Delay = 0.00>
ST_1 : Operation 14 [3/3] (1.59ns)   --->   "%mul_ln574 = mul i40 %sext_ln574_32, i40 %zext_ln574" [../src/fp_math_hls.cpp:574->../src/vehicle_model_hls.cpp:140]   --->   Operation 14 'mul' 'mul_ln574' <Predicate = true> <Delay = 1.59> <CoreInst = "Mul_DSP">   --->   Core 5 'Mul_DSP' <Latency = 2> <II = 1> <Delay = 1.59> <FuncUnit> <Opcode : 'mul'> <InPorts = 2> <OutPorts = 1>
ST_1 : Operation 15 [1/1] (2.59ns)   --->   "%product = mul i30 %zext_ln761, i30 679" [../src/fp_math_hls.cpp:591->../src/vehicle_model_hls.cpp:143]   --->   Operation 15 'mul' 'product' <Predicate = true> <Delay = 2.59> <CoreInst = "Multiplier">   --->   Core 3 'Multiplier' <Latency = 0> <II = 1> <Delay = 2.59> <FuncUnit> <Opcode : 'mul'> <InPorts = 2> <OutPorts = 1>
ST_1 : Operation 16 [1/1] (0.00ns)   --->   "%product_q_s = partselect i18 @_ssdm_op_PartSelect.i18.i30.i32.i32, i30 %product, i32 12, i32 29" [../src/fp_math_hls.cpp:593->../src/vehicle_model_hls.cpp:143]   --->   Operation 16 'partselect' 'product_q_s' <Predicate = true> <Delay = 0.00>

State 2 <SV = 1> <Delay = 1.64>
ST_2 : Operation 17 [1/1] (0.00ns)   --->   "%front_num_read = read i21 @_ssdm_op_Read.ap_auto.i21, i21 %front_num" [../src/vehicle_model_hls.cpp:139]   --->   Operation 17 'read' 'front_num_read' <Predicate = true> <Delay = 0.00>
ST_2 : Operation 18 [1/1] (0.00ns)   --->   "%sext_ln574_31 = sext i20 %inv_D_f_read" [../src/fp_math_hls.cpp:574->../src/vehicle_model_hls.cpp:140]   --->   Operation 18 'sext' 'sext_ln574_31' <Predicate = true> <Delay = 0.00>
ST_2 : Operation 19 [2/3] (1.59ns)   --->   "%mul_ln574 = mul i40 %sext_ln574_32, i40 %zext_ln574" [../src/fp_math_hls.cpp:574->../src/vehicle_model_hls.cpp:140]   --->   Operation 19 'mul' 'mul_ln574' <Predicate = true> <Delay = 1.59> <CoreInst = "Mul_DSP">   --->   Core 5 'Mul_DSP' <Latency = 2> <II = 1> <Delay = 1.59> <FuncUnit> <Opcode : 'mul'> <InPorts = 2> <OutPorts = 1>
ST_2 : Operation 20 [1/1] (0.00ns)   --->   "%sext_ln574_33 = sext i21 %front_num_read" [../src/fp_math_hls.cpp:574->../src/vehicle_model_hls.cpp:141]   --->   Operation 20 'sext' 'sext_ln574_33' <Predicate = true> <Delay = 0.00>
ST_2 : Operation 21 [3/3] (1.64ns)   --->   "%mul_ln574_23 = mul i41 %sext_ln574_33, i41 %sext_ln574_31" [../src/fp_math_hls.cpp:574->../src/vehicle_model_hls.cpp:141]   --->   Operation 21 'mul' 'mul_ln574_23' <Predicate = true> <Delay = 1.64> <CoreInst = "Mul_DSP">   --->   Core 5 'Mul_DSP' <Latency = 2> <II = 1> <Delay = 1.64> <FuncUnit> <Opcode : 'mul'> <InPorts = 2> <OutPorts = 1>

State 3 <SV = 2> <Delay = 1.64>
ST_3 : Operation 22 [1/1] (0.00ns)   --->   "%sext_ln574 = sext i20 %inv_D_f_read" [../src/fp_math_hls.cpp:574->../src/vehicle_model_hls.cpp:140]   --->   Operation 22 'sext' 'sext_ln574' <Predicate = true> <Delay = 0.00>
ST_3 : Operation 23 [1/3] (1.59ns)   --->   "%mul_ln574 = mul i40 %sext_ln574_32, i40 %zext_ln574" [../src/fp_math_hls.cpp:574->../src/vehicle_model_hls.cpp:140]   --->   Operation 23 'mul' 'mul_ln574' <Predicate = true> <Delay = 1.59> <CoreInst = "Mul_DSP">   --->   Core 5 'Mul_DSP' <Latency = 2> <II = 1> <Delay = 1.59> <FuncUnit> <Opcode : 'mul'> <InPorts = 2> <OutPorts = 1>
ST_3 : Operation 24 [1/1] (0.00ns)   --->   "%specfucore_ln576 = specfucore void @_ssdm_op_SpecFUCore, i40 %mul_ln574, i64 12, i64 3, i64 2, i1 0" [../src/fp_math_hls.cpp:576->../src/vehicle_model_hls.cpp:140]   --->   Operation 24 'specfucore' 'specfucore_ln576' <Predicate = true> <Delay = 0.00>
ST_3 : Operation 25 [1/1] (0.00ns)   --->   "%product_q = partselect i21 @_ssdm_op_PartSelect.i21.i40.i32.i32, i40 %mul_ln574, i32 12, i32 32" [../src/fp_math_hls.cpp:577->../src/vehicle_model_hls.cpp:140]   --->   Operation 25 'partselect' 'product_q' <Predicate = true> <Delay = 0.00>
ST_3 : Operation 26 [2/3] (1.64ns)   --->   "%mul_ln574_23 = mul i41 %sext_ln574_33, i41 %sext_ln574_31" [../src/fp_math_hls.cpp:574->../src/vehicle_model_hls.cpp:141]   --->   Operation 26 'mul' 'mul_ln574_23' <Predicate = true> <Delay = 1.64> <CoreInst = "Mul_DSP">   --->   Core 5 'Mul_DSP' <Latency = 2> <II = 1> <Delay = 1.64> <FuncUnit> <Opcode : 'mul'> <InPorts = 2> <OutPorts = 1>
ST_3 : Operation 27 [1/1] (0.00ns)   --->   "%zext_ln574_1 = zext i18 %product_q_s" [../src/fp_math_hls.cpp:574->../src/vehicle_model_hls.cpp:144]   --->   Operation 27 'zext' 'zext_ln574_1' <Predicate = true> <Delay = 0.00>
ST_3 : Operation 28 [3/3] (1.59ns)   --->   "%mul_ln574_24 = mul i38 %zext_ln574_1, i38 %sext_ln574" [../src/fp_math_hls.cpp:574->../src/vehicle_model_hls.cpp:144]   --->   Operation 28 'mul' 'mul_ln574_24' <Predicate = true> <Delay = 1.59> <CoreInst = "Mul_DSP">   --->   Core 5 'Mul_DSP' <Latency = 2> <II = 1> <Delay = 1.59> <FuncUnit> <Opcode : 'mul'> <InPorts = 2> <OutPorts = 1>

State 4 <SV = 3> <Delay = 3.29>
ST_4 : Operation 29 [1/1] (0.00ns)   --->   "%C_eff_f_read = read i21 @_ssdm_op_Read.ap_auto.i21, i21 %C_eff_f" [../src/vehicle_model_hls.cpp:139]   --->   Operation 29 'read' 'C_eff_f_read' <Predicate = true> <Delay = 0.00>
ST_4 : Operation 30 [1/3] (1.64ns)   --->   "%mul_ln574_23 = mul i41 %sext_ln574_33, i41 %sext_ln574_31" [../src/fp_math_hls.cpp:574->../src/vehicle_model_hls.cpp:141]   --->   Operation 30 'mul' 'mul_ln574_23' <Predicate = true> <Delay = 1.64> <CoreInst = "Mul_DSP">   --->   Core 5 'Mul_DSP' <Latency = 2> <II = 1> <Delay = 1.64> <FuncUnit> <Opcode : 'mul'> <InPorts = 2> <OutPorts = 1>
ST_4 : Operation 31 [1/1] (0.00ns)   --->   "%specfucore_ln576 = specfucore void @_ssdm_op_SpecFUCore, i41 %mul_ln574_23, i64 12, i64 3, i64 2, i1 0" [../src/fp_math_hls.cpp:576->../src/vehicle_model_hls.cpp:141]   --->   Operation 31 'specfucore' 'specfucore_ln576' <Predicate = true> <Delay = 0.00>
ST_4 : Operation 32 [1/1] (0.00ns)   --->   "%product_q_50 = partselect i21 @_ssdm_op_PartSelect.i21.i41.i32.i32, i41 %mul_ln574_23, i32 12, i32 32" [../src/fp_math_hls.cpp:577->../src/vehicle_model_hls.cpp:141]   --->   Operation 32 'partselect' 'product_q_50' <Predicate = true> <Delay = 0.00>
ST_4 : Operation 33 [2/3] (1.59ns)   --->   "%mul_ln574_24 = mul i38 %zext_ln574_1, i38 %sext_ln574" [../src/fp_math_hls.cpp:574->../src/vehicle_model_hls.cpp:144]   --->   Operation 33 'mul' 'mul_ln574_24' <Predicate = true> <Delay = 1.59> <CoreInst = "Mul_DSP">   --->   Core 5 'Mul_DSP' <Latency = 2> <II = 1> <Delay = 1.59> <FuncUnit> <Opcode : 'mul'> <InPorts = 2> <OutPorts = 1>
ST_4 : Operation 34 [1/1] (0.00ns)   --->   "%sext_ln574_34 = sext i21 %C_eff_f_read" [../src/fp_math_hls.cpp:574->../src/vehicle_model_hls.cpp:145]   --->   Operation 34 'sext' 'sext_ln574_34' <Predicate = true> <Delay = 0.00>
ST_4 : Operation 35 [1/1] (0.00ns)   --->   "%sext_ln574_35 = sext i21 %product_q_50" [../src/fp_math_hls.cpp:574->../src/vehicle_model_hls.cpp:145]   --->   Operation 35 'sext' 'sext_ln574_35' <Predicate = true> <Delay = 0.00>
ST_4 : Operation 36 [3/3] (1.64ns)   --->   "%mul_ln574_25 = mul i42 %sext_ln574_35, i42 %sext_ln574_34" [../src/fp_math_hls.cpp:574->../src/vehicle_model_hls.cpp:145]   --->   Operation 36 'mul' 'mul_ln574_25' <Predicate = true> <Delay = 1.64> <CoreInst = "Mul_DSP">   --->   Core 5 'Mul_DSP' <Latency = 2> <II = 1> <Delay = 1.64> <FuncUnit> <Opcode : 'mul'> <InPorts = 2> <OutPorts = 1>

State 5 <SV = 4> <Delay = 2.55>
ST_5 : Operation 37 [1/1] (0.90ns)   --->   "%daf_dvy = sub i21 0, i21 %product_q" [../src/vehicle_model_hls.cpp:142]   --->   Operation 37 'sub' 'daf_dvy' <Predicate = true> <Delay = 0.90> <CoreInst = "Adder">   --->   Core 1 'Adder' <Latency = 0> <II = 1> <Delay = 0.90> <FuncUnit> <Opcode : 'add' 'sub'> <InPorts = 2> <OutPorts = 1>
ST_5 : Operation 38 [1/3] (1.59ns)   --->   "%mul_ln574_24 = mul i38 %zext_ln574_1, i38 %sext_ln574" [../src/fp_math_hls.cpp:574->../src/vehicle_model_hls.cpp:144]   --->   Operation 38 'mul' 'mul_ln574_24' <Predicate = true> <Delay = 1.59> <CoreInst = "Mul_DSP">   --->   Core 5 'Mul_DSP' <Latency = 2> <II = 1> <Delay = 1.59> <FuncUnit> <Opcode : 'mul'> <InPorts = 2> <OutPorts = 1>
ST_5 : Operation 39 [1/1] (0.00ns)   --->   "%specfucore_ln576 = specfucore void @_ssdm_op_SpecFUCore, i38 %mul_ln574_24, i64 12, i64 3, i64 2, i1 0" [../src/fp_math_hls.cpp:576->../src/vehicle_model_hls.cpp:144]   --->   Operation 39 'specfucore' 'specfucore_ln576' <Predicate = true> <Delay = 0.00>
ST_5 : Operation 40 [1/1] (0.00ns)   --->   "%product_q_51 = partselect i21 @_ssdm_op_PartSelect.i21.i38.i32.i32, i38 %mul_ln574_24, i32 12, i32 32" [../src/fp_math_hls.cpp:577->../src/vehicle_model_hls.cpp:144]   --->   Operation 40 'partselect' 'product_q_51' <Predicate = true> <Delay = 0.00>
ST_5 : Operation 41 [2/3] (1.64ns)   --->   "%mul_ln574_25 = mul i42 %sext_ln574_35, i42 %sext_ln574_34" [../src/fp_math_hls.cpp:574->../src/vehicle_model_hls.cpp:145]   --->   Operation 41 'mul' 'mul_ln574_25' <Predicate = true> <Delay = 1.64> <CoreInst = "Mul_DSP">   --->   Core 5 'Mul_DSP' <Latency = 2> <II = 1> <Delay = 1.64> <FuncUnit> <Opcode : 'mul'> <InPorts = 2> <OutPorts = 1>
ST_5 : Operation 42 [1/1] (0.00ns)   --->   "%sext_ln574_36 = sext i21 %daf_dvy" [../src/fp_math_hls.cpp:574->../src/vehicle_model_hls.cpp:146]   --->   Operation 42 'sext' 'sext_ln574_36' <Predicate = true> <Delay = 0.00>
ST_5 : Operation 43 [3/3] (1.64ns)   --->   "%mul_ln574_26 = mul i42 %sext_ln574_36, i42 %sext_ln574_34" [../src/fp_math_hls.cpp:574->../src/vehicle_model_hls.cpp:146]   --->   Operation 43 'mul' 'mul_ln574_26' <Predicate = true> <Delay = 1.64> <CoreInst = "Mul_DSP">   --->   Core 5 'Mul_DSP' <Latency = 2> <II = 1> <Delay = 1.64> <FuncUnit> <Opcode : 'mul'> <InPorts = 2> <OutPorts = 1>

State 6 <SV = 5> <Delay = 2.55>
ST_6 : Operation 44 [1/1] (0.90ns)   --->   "%daf_dom = sub i21 0, i21 %product_q_51" [../src/vehicle_model_hls.cpp:144]   --->   Operation 44 'sub' 'daf_dom' <Predicate = true> <Delay = 0.90> <CoreInst = "Adder">   --->   Core 1 'Adder' <Latency = 0> <II = 1> <Delay = 0.90> <FuncUnit> <Opcode : 'add' 'sub'> <InPorts = 2> <OutPorts = 1>
ST_6 : Operation 45 [1/3] (1.64ns)   --->   "%mul_ln574_25 = mul i42 %sext_ln574_35, i42 %sext_ln574_34" [../src/fp_math_hls.cpp:574->../src/vehicle_model_hls.cpp:145]   --->   Operation 45 'mul' 'mul_ln574_25' <Predicate = true> <Delay = 1.64> <CoreInst = "Mul_DSP">   --->   Core 5 'Mul_DSP' <Latency = 2> <II = 1> <Delay = 1.64> <FuncUnit> <Opcode : 'mul'> <InPorts = 2> <OutPorts = 1>
ST_6 : Operation 46 [1/1] (0.00ns)   --->   "%specfucore_ln576 = specfucore void @_ssdm_op_SpecFUCore, i42 %mul_ln574_25, i64 12, i64 3, i64 2, i1 0" [../src/fp_math_hls.cpp:576->../src/vehicle_model_hls.cpp:145]   --->   Operation 46 'specfucore' 'specfucore_ln576' <Predicate = true> <Delay = 0.00>
ST_6 : Operation 47 [1/1] (0.00ns)   --->   "%product_q_52 = partselect i21 @_ssdm_op_PartSelect.i21.i42.i32.i32, i42 %mul_ln574_25, i32 12, i32 32" [../src/fp_math_hls.cpp:577->../src/vehicle_model_hls.cpp:145]   --->   Operation 47 'partselect' 'product_q_52' <Predicate = true> <Delay = 0.00>
ST_6 : Operation 48 [2/3] (1.64ns)   --->   "%mul_ln574_26 = mul i42 %sext_ln574_36, i42 %sext_ln574_34" [../src/fp_math_hls.cpp:574->../src/vehicle_model_hls.cpp:146]   --->   Operation 48 'mul' 'mul_ln574_26' <Predicate = true> <Delay = 1.64> <CoreInst = "Mul_DSP">   --->   Core 5 'Mul_DSP' <Latency = 2> <II = 1> <Delay = 1.64> <FuncUnit> <Opcode : 'mul'> <InPorts = 2> <OutPorts = 1>
ST_6 : Operation 49 [1/1] (0.00ns)   --->   "%sext_ln574_37 = sext i21 %daf_dom" [../src/fp_math_hls.cpp:574->../src/vehicle_model_hls.cpp:147]   --->   Operation 49 'sext' 'sext_ln574_37' <Predicate = true> <Delay = 0.00>
ST_6 : Operation 50 [3/3] (1.64ns)   --->   "%mul_ln574_27 = mul i42 %sext_ln574_37, i42 %sext_ln574_34" [../src/fp_math_hls.cpp:574->../src/vehicle_model_hls.cpp:147]   --->   Operation 50 'mul' 'mul_ln574_27' <Predicate = true> <Delay = 1.64> <CoreInst = "Mul_DSP">   --->   Core 5 'Mul_DSP' <Latency = 2> <II = 1> <Delay = 1.64> <FuncUnit> <Opcode : 'mul'> <InPorts = 2> <OutPorts = 1>

State 7 <SV = 6> <Delay = 1.64>
ST_7 : Operation 51 [1/3] (1.64ns)   --->   "%mul_ln574_26 = mul i42 %sext_ln574_36, i42 %sext_ln574_34" [../src/fp_math_hls.cpp:574->../src/vehicle_model_hls.cpp:146]   --->   Operation 51 'mul' 'mul_ln574_26' <Predicate = true> <Delay = 1.64> <CoreInst = "Mul_DSP">   --->   Core 5 'Mul_DSP' <Latency = 2> <II = 1> <Delay = 1.64> <FuncUnit> <Opcode : 'mul'> <InPorts = 2> <OutPorts = 1>
ST_7 : Operation 52 [1/1] (0.00ns)   --->   "%specfucore_ln576 = specfucore void @_ssdm_op_SpecFUCore, i42 %mul_ln574_26, i64 12, i64 3, i64 2, i1 0" [../src/fp_math_hls.cpp:576->../src/vehicle_model_hls.cpp:146]   --->   Operation 52 'specfucore' 'specfucore_ln576' <Predicate = true> <Delay = 0.00>
ST_7 : Operation 53 [1/1] (0.00ns)   --->   "%product_q_53 = partselect i21 @_ssdm_op_PartSelect.i21.i42.i32.i32, i42 %mul_ln574_26, i32 12, i32 32" [../src/fp_math_hls.cpp:577->../src/vehicle_model_hls.cpp:146]   --->   Operation 53 'partselect' 'product_q_53' <Predicate = true> <Delay = 0.00>
ST_7 : Operation 54 [2/3] (1.64ns)   --->   "%mul_ln574_27 = mul i42 %sext_ln574_37, i42 %sext_ln574_34" [../src/fp_math_hls.cpp:574->../src/vehicle_model_hls.cpp:147]   --->   Operation 54 'mul' 'mul_ln574_27' <Predicate = true> <Delay = 1.64> <CoreInst = "Mul_DSP">   --->   Core 5 'Mul_DSP' <Latency = 2> <II = 1> <Delay = 1.64> <FuncUnit> <Opcode : 'mul'> <InPorts = 2> <OutPorts = 1>

State 8 <SV = 7> <Delay = 1.64>
ST_8 : Operation 55 [1/1] (0.00ns)   --->   "%rbegin10 = specregionbegin i32 @_ssdm_op_SpecRegionBegin, void @empty_76" [../src/fp_math_hls.cpp:574->../src/vehicle_model_hls.cpp:140]   --->   Operation 55 'specregionbegin' 'rbegin10' <Predicate = true> <Delay = 0.00>
ST_8 : Operation 56 [1/1] (0.00ns)   --->   "%rend11 = specregionend i32 @_ssdm_op_SpecRegionEnd, void @empty_76, i32 %rbegin10" [../src/fp_math_hls.cpp:574->../src/vehicle_model_hls.cpp:140]   --->   Operation 56 'specregionend' 'rend11' <Predicate = true> <Delay = 0.00>
ST_8 : Operation 57 [1/1] (0.00ns)   --->   "%rbegin8 = specregionbegin i32 @_ssdm_op_SpecRegionBegin, void @empty_77" [../src/fp_math_hls.cpp:574->../src/vehicle_model_hls.cpp:141]   --->   Operation 57 'specregionbegin' 'rbegin8' <Predicate = true> <Delay = 0.00>
ST_8 : Operation 58 [1/1] (0.00ns)   --->   "%rend9 = specregionend i32 @_ssdm_op_SpecRegionEnd, void @empty_77, i32 %rbegin8" [../src/fp_math_hls.cpp:574->../src/vehicle_model_hls.cpp:141]   --->   Operation 58 'specregionend' 'rend9' <Predicate = true> <Delay = 0.00>
ST_8 : Operation 59 [1/1] (0.00ns)   --->   "%rbegin6 = specregionbegin i32 @_ssdm_op_SpecRegionBegin, void @empty_269" [../src/fp_math_hls.cpp:574->../src/vehicle_model_hls.cpp:144]   --->   Operation 59 'specregionbegin' 'rbegin6' <Predicate = true> <Delay = 0.00>
ST_8 : Operation 60 [1/1] (0.00ns)   --->   "%rend7 = specregionend i32 @_ssdm_op_SpecRegionEnd, void @empty_269, i32 %rbegin6" [../src/fp_math_hls.cpp:574->../src/vehicle_model_hls.cpp:144]   --->   Operation 60 'specregionend' 'rend7' <Predicate = true> <Delay = 0.00>
ST_8 : Operation 61 [1/1] (0.00ns)   --->   "%rbegin4 = specregionbegin i32 @_ssdm_op_SpecRegionBegin, void @empty_102" [../src/fp_math_hls.cpp:574->../src/vehicle_model_hls.cpp:145]   --->   Operation 61 'specregionbegin' 'rbegin4' <Predicate = true> <Delay = 0.00>
ST_8 : Operation 62 [1/1] (0.00ns)   --->   "%rend5 = specregionend i32 @_ssdm_op_SpecRegionEnd, void @empty_102, i32 %rbegin4" [../src/fp_math_hls.cpp:574->../src/vehicle_model_hls.cpp:145]   --->   Operation 62 'specregionend' 'rend5' <Predicate = true> <Delay = 0.00>
ST_8 : Operation 63 [1/1] (0.00ns)   --->   "%rbegin2 = specregionbegin i32 @_ssdm_op_SpecRegionBegin, void @empty_38" [../src/fp_math_hls.cpp:574->../src/vehicle_model_hls.cpp:146]   --->   Operation 63 'specregionbegin' 'rbegin2' <Predicate = true> <Delay = 0.00>
ST_8 : Operation 64 [1/1] (0.00ns)   --->   "%rend3 = specregionend i32 @_ssdm_op_SpecRegionEnd, void @empty_38, i32 %rbegin2" [../src/fp_math_hls.cpp:574->../src/vehicle_model_hls.cpp:146]   --->   Operation 64 'specregionend' 'rend3' <Predicate = true> <Delay = 0.00>
ST_8 : Operation 65 [1/1] (0.00ns)   --->   "%rbegin = specregionbegin i32 @_ssdm_op_SpecRegionBegin, void @empty_63" [../src/fp_math_hls.cpp:574->../src/vehicle_model_hls.cpp:147]   --->   Operation 65 'specregionbegin' 'rbegin' <Predicate = true> <Delay = 0.00>
ST_8 : Operation 66 [1/3] (1.64ns)   --->   "%mul_ln574_27 = mul i42 %sext_ln574_37, i42 %sext_ln574_34" [../src/fp_math_hls.cpp:574->../src/vehicle_model_hls.cpp:147]   --->   Operation 66 'mul' 'mul_ln574_27' <Predicate = true> <Delay = 1.64> <CoreInst = "Mul_DSP">   --->   Core 5 'Mul_DSP' <Latency = 2> <II = 1> <Delay = 1.64> <FuncUnit> <Opcode : 'mul'> <InPorts = 2> <OutPorts = 1>
ST_8 : Operation 67 [1/1] (0.00ns)   --->   "%specfucore_ln576 = specfucore void @_ssdm_op_SpecFUCore, i42 %mul_ln574_27, i64 12, i64 3, i64 2, i1 0" [../src/fp_math_hls.cpp:576->../src/vehicle_model_hls.cpp:147]   --->   Operation 67 'specfucore' 'specfucore_ln576' <Predicate = true> <Delay = 0.00>
ST_8 : Operation 68 [1/1] (0.00ns)   --->   "%rend = specregionend i32 @_ssdm_op_SpecRegionEnd, void @empty_63, i32 %rbegin" [../src/fp_math_hls.cpp:574->../src/vehicle_model_hls.cpp:147]   --->   Operation 68 'specregionend' 'rend' <Predicate = true> <Delay = 0.00>
ST_8 : Operation 69 [1/1] (0.00ns)   --->   "%product_q_54 = partselect i21 @_ssdm_op_PartSelect.i21.i42.i32.i32, i42 %mul_ln574_27, i32 12, i32 32" [../src/fp_math_hls.cpp:577->../src/vehicle_model_hls.cpp:147]   --->   Operation 69 'partselect' 'product_q_54' <Predicate = true> <Delay = 0.00>
ST_8 : Operation 70 [1/1] (0.00ns)   --->   "%mrv = insertvalue i63 <undef>, i21 %product_q_52" [../src/vehicle_model_hls.cpp:148]   --->   Operation 70 'insertvalue' 'mrv' <Predicate = true> <Delay = 0.00>
ST_8 : Operation 71 [1/1] (0.00ns)   --->   "%mrv_1 = insertvalue i63 %mrv, i21 %product_q_53" [../src/vehicle_model_hls.cpp:148]   --->   Operation 71 'insertvalue' 'mrv_1' <Predicate = true> <Delay = 0.00>
ST_8 : Operation 72 [1/1] (0.00ns)   --->   "%mrv_2 = insertvalue i63 %mrv_1, i21 %product_q_54" [../src/vehicle_model_hls.cpp:148]   --->   Operation 72 'insertvalue' 'mrv_2' <Predicate = true> <Delay = 0.00>
ST_8 : Operation 73 [1/1] (0.00ns)   --->   "%ret_ln148 = ret i63 %mrv_2" [../src/vehicle_model_hls.cpp:148]   --->   Operation 73 'ret' 'ret_ln148' <Predicate = true> <Delay = 0.00>


============================================================
+ Verbose Summary: Timing violations
============================================================
Target clock period: 5.000ns, clock uncertainty: 0.500ns.

 <State 1>: 2.590ns
The critical path consists of the following:
	wire read operation ('vx_safe_read', ../src/vehicle_model_hls.cpp:139) on port 'vx_safe' (../src/vehicle_model_hls.cpp:139) [6]  (0.000 ns)
	'mul' operation 30 bit ('product', ../src/fp_math_hls.cpp:591->../src/vehicle_model_hls.cpp:143) [26]  (2.590 ns)

 <State 2>: 1.650ns
The critical path consists of the following:
	wire read operation ('front_num_read', ../src/vehicle_model_hls.cpp:139) on port 'front_num' (../src/vehicle_model_hls.cpp:139) [7]  (0.000 ns)
	'mul' operation 41 bit ('mul_ln574_23', ../src/fp_math_hls.cpp:574->../src/vehicle_model_hls.cpp:141) [21]  (1.650 ns)

 <State 3>: 1.650ns
The critical path consists of the following:
	'mul' operation 41 bit ('mul_ln574_23', ../src/fp_math_hls.cpp:574->../src/vehicle_model_hls.cpp:141) [21]  (1.650 ns)

 <State 4>: 3.300ns
The critical path consists of the following:
	'mul' operation 41 bit ('mul_ln574_23', ../src/fp_math_hls.cpp:574->../src/vehicle_model_hls.cpp:141) [21]  (1.650 ns)
	'mul' operation 42 bit ('mul_ln574_25', ../src/fp_math_hls.cpp:574->../src/vehicle_model_hls.cpp:145) [38]  (1.650 ns)

 <State 5>: 2.554ns
The critical path consists of the following:
	'sub' operation 21 bit ('daf_dvy', ../src/vehicle_model_hls.cpp:142) [25]  (0.904 ns)
	'mul' operation 42 bit ('mul_ln574_26', ../src/fp_math_hls.cpp:574->../src/vehicle_model_hls.cpp:146) [44]  (1.650 ns)

 <State 6>: 2.554ns
The critical path consists of the following:
	'sub' operation 21 bit ('daf_dom', ../src/vehicle_model_hls.cpp:144) [34]  (0.904 ns)
	'mul' operation 42 bit ('mul_ln574_27', ../src/fp_math_hls.cpp:574->../src/vehicle_model_hls.cpp:147) [50]  (1.650 ns)

 <State 7>: 1.650ns
The critical path consists of the following:
	'mul' operation 42 bit ('mul_ln574_26', ../src/fp_math_hls.cpp:574->../src/vehicle_model_hls.cpp:146) [44]  (1.650 ns)

 <State 8>: 1.650ns
The critical path consists of the following:
	'mul' operation 42 bit ('mul_ln574_27', ../src/fp_math_hls.cpp:574->../src/vehicle_model_hls.cpp:147) [50]  (1.650 ns)


============================================================
+ Verbose Summary: Binding
============================================================
N/A
* FSMD analyzer results:
  - Output states:
 - Input state : 
  - Chain level:
	State 1
	State 2
	State 3
	State 4
	State 5
	State 6
	State 7
	State 8


============================================================
+ Verbose Summary: Datapath Resource usage 
============================================================
N/A
