

================================================================
== Vitis HLS Report for 'fp_pacejka_ceff'
================================================================
* Date:           Thu Jun 11 17:48:34 2026

* Version:        2025.2 (Build 6295257 on Nov 14 2025)
* Project:        mpc_fpga_top_opencl
* Solution:       hls (Vitis Kernel Flow Target)
* Product family: zynquplus
* Target device:  xck26-sfvc784-2LV-c


================================================================
== Performance Estimates
================================================================
+ Timing: 
    * Summary: 
    +--------+---------+----------+------------+
    |  Clock |  Target | Estimated| Uncertainty|
    +--------+---------+----------+------------+
    |ap_clk  |  5.00 ns|  3.300 ns|     0.50 ns|
    +--------+---------+----------+------------+

+ Latency: 
    * Summary: 
    +---------+---------+-----------+-----------+-----+-----+---------+
    |  Latency (cycles) |   Latency (absolute)  |  Interval | Pipeline|
    |   min   |   max   |    min    |    max    | min | max |   Type  |
    +---------+---------+-----------+-----------+-----+-----+---------+
    |        4|        4|  20.000 ns|  20.000 ns|    5|    5|      yes|
    +---------+---------+-----------+-----------+-----+-----+---------+

    + Detail: 
        * Instance: 
        N/A

        * Loop: 
        N/A



================================================================
== Utilization Estimates
================================================================
* Summary: 
+-----------------+---------+------+--------+--------+-----+
|       Name      | BRAM_18K|  DSP |   FF   |   LUT  | URAM|
+-----------------+---------+------+--------+--------+-----+
|DSP              |        -|     -|       -|       -|    -|
|Expression       |        -|     -|       -|       -|    -|
|FIFO             |        -|     -|       -|       -|    -|
|Instance         |        -|     4|      20|      28|    -|
|Memory           |        -|     -|       -|       -|    -|
|Multiplexer      |        -|     -|       0|      31|    -|
|Register         |        -|     -|      26|       -|    -|
+-----------------+---------+------+--------+--------+-----+
|Total            |        0|     4|      46|      59|    0|
+-----------------+---------+------+--------+--------+-----+
|Available        |      288|  1248|  234240|  117120|   64|
+-----------------+---------+------+--------+--------+-----+
|Utilization (%)  |        0|    ~0|      ~0|      ~0|    0|
+-----------------+---------+------+--------+--------+-----+

+ Detail: 
    * Instance: 
    +---------------------------+----------------------+---------+----+----+----+-----+
    |          Instance         |        Module        | BRAM_18K| DSP| FF | LUT| URAM|
    +---------------------------+----------------------+---------+----+----+----+-----+
    |mul_20s_21s_41_3_1_x_U332  |mul_20s_21s_41_3_1_x  |        0|   2|  10|  14|    0|
    |mul_21s_21s_42_3_1_U333    |mul_21s_21s_42_3_1    |        0|   2|  10|  14|    0|
    +---------------------------+----------------------+---------+----+----+----+-----+
    |Total                      |                      |        0|   4|  20|  28|    0|
    +---------------------------+----------------------+---------+----+----+----+-----+

    * DSP: 
    N/A

    * Memory: 
    N/A

    * FIFO: 
    N/A

    * Expression: 
    N/A

    * Multiplexer: 
    +-----------+----+-----------+-----+-----------+
    |    Name   | LUT| Input Size| Bits| Total Bits|
    +-----------+----+-----------+-----+-----------+
    |ap_NS_fsm  |  31|          6|    1|          6|
    +-----------+----+-----------+-----+-----------+
    |Total      |  31|          6|    1|          6|
    +-----------+----+-----------+-----+-----------+

    * Register: 
    +------------------+----+----+-----+-----------+
    |       Name       | FF | LUT| Bits| Const Bits|
    +------------------+----+----+-----+-----------+
    |ap_CS_fsm         |   5|   0|    5|          0|
    |ap_port_reg_D_cb  |  21|   0|   21|          0|
    +------------------+----+----+-----+-----------+
    |Total             |  26|   0|   26|          0|
    +------------------+----+----+-----+-----------+



================================================================
== Interface
================================================================
* Summary: 
+-----------+-----+-----+------------+-----------------+--------------+
| RTL Ports | Dir | Bits|  Protocol  |  Source Object  |    C Type    |
+-----------+-----+-----+------------+-----------------+--------------+
|ap_clk     |   in|    1|  ap_ctrl_hs|  fp_pacejka_ceff|  return value|
|ap_rst     |   in|    1|  ap_ctrl_hs|  fp_pacejka_ceff|  return value|
|ap_start   |   in|    1|  ap_ctrl_hs|  fp_pacejka_ceff|  return value|
|ap_done    |  out|    1|  ap_ctrl_hs|  fp_pacejka_ceff|  return value|
|ap_idle    |  out|    1|  ap_ctrl_hs|  fp_pacejka_ceff|  return value|
|ap_ready   |  out|    1|  ap_ctrl_hs|  fp_pacejka_ceff|  return value|
|ap_return  |  out|   21|  ap_ctrl_hs|  fp_pacejka_ceff|  return value|
|cos_inner  |   in|   21|     ap_none|        cos_inner|        scalar|
|inv_denom  |   in|   20|     ap_none|        inv_denom|        scalar|
|D_cb       |   in|   21|     ap_none|             D_cb|        scalar|
+-----------+-----+-----+------------+-----------------+--------------+

============================================================
+ Verbose Summary: Synthesis Manager
============================================================
InlineROM: 1
ExposeGlobal: 0
============================================================
+ Verbose Summary: CDFG Model
============================================================
IsTopModel: 0
ResetActiveHigh: 1
IsCombinational: 2
IsDatapathOnly: 2
HasWiredReturn: 1
HasMFsm: 2
HasVarLatency: 0
IsPipeline: 1
IsRtlPipelined: 0
IsInstanceOverlapped: 0
IsDontTouch: 0
HasImplIP: 0
IsGatedGlobalClock: 0

+ Individual pipeline summary: 
  * Pipeline-0: initiation interval (II) = 5, depth = 5


============================================================
+ Verbose Summary: Schedule
============================================================
* Number of FSM states : 5
* Pipeline : 1
  Pipeline-0 : II = 5, D = 5, States = { 1 2 3 4 5 }
* Dataflow Pipeline: 0

* FSM state transitions: 
1 --> 2 
2 --> 3 
3 --> 4 
4 --> 5 
5 --> 

* FSM state operations: 

State 1 <SV = 0> <Delay = 1.64>
ST_1 : Operation 6 [1/1] (0.00ns)   --->   "%inv_denom_read = read i20 @_ssdm_op_Read.ap_auto.i20, i20 %inv_denom" [../src/vehicle_model_hls.cpp:59]   --->   Operation 6 'read' 'inv_denom_read' <Predicate = true> <Delay = 0.00>
ST_1 : Operation 7 [1/1] (0.00ns)   --->   "%cos_inner_read = read i21 @_ssdm_op_Read.ap_auto.i21, i21 %cos_inner" [../src/vehicle_model_hls.cpp:59]   --->   Operation 7 'read' 'cos_inner_read' <Predicate = true> <Delay = 0.00>
ST_1 : Operation 8 [1/1] (0.00ns)   --->   "%sext_ln574 = sext i21 %cos_inner_read" [../src/fp_math_hls.cpp:574->../src/vehicle_model_hls.cpp:61]   --->   Operation 8 'sext' 'sext_ln574' <Predicate = true> <Delay = 0.00>
ST_1 : Operation 9 [1/1] (0.00ns)   --->   "%sext_ln574_28 = sext i20 %inv_denom_read" [../src/fp_math_hls.cpp:574->../src/vehicle_model_hls.cpp:61]   --->   Operation 9 'sext' 'sext_ln574_28' <Predicate = true> <Delay = 0.00>
ST_1 : Operation 10 [3/3] (1.64ns)   --->   "%mul_ln574 = mul i41 %sext_ln574_28, i41 %sext_ln574" [../src/fp_math_hls.cpp:574->../src/vehicle_model_hls.cpp:61]   --->   Operation 10 'mul' 'mul_ln574' <Predicate = true> <Delay = 1.64> <CoreInst = "Mul_DSP">   --->   Core 5 'Mul_DSP' <Latency = 2> <II = 1> <Delay = 1.64> <FuncUnit> <Opcode : 'mul'> <InPorts = 2> <OutPorts = 1>

State 2 <SV = 1> <Delay = 1.64>
ST_2 : Operation 11 [2/3] (1.64ns)   --->   "%mul_ln574 = mul i41 %sext_ln574_28, i41 %sext_ln574" [../src/fp_math_hls.cpp:574->../src/vehicle_model_hls.cpp:61]   --->   Operation 11 'mul' 'mul_ln574' <Predicate = true> <Delay = 1.64> <CoreInst = "Mul_DSP">   --->   Core 5 'Mul_DSP' <Latency = 2> <II = 1> <Delay = 1.64> <FuncUnit> <Opcode : 'mul'> <InPorts = 2> <OutPorts = 1>

State 3 <SV = 2> <Delay = 3.29>
ST_3 : Operation 12 [1/1] (0.00ns)   --->   "%D_cb_read = read i21 @_ssdm_op_Read.ap_auto.i21, i21 %D_cb" [../src/vehicle_model_hls.cpp:59]   --->   Operation 12 'read' 'D_cb_read' <Predicate = true> <Delay = 0.00>
ST_3 : Operation 13 [1/3] (1.64ns)   --->   "%mul_ln574 = mul i41 %sext_ln574_28, i41 %sext_ln574" [../src/fp_math_hls.cpp:574->../src/vehicle_model_hls.cpp:61]   --->   Operation 13 'mul' 'mul_ln574' <Predicate = true> <Delay = 1.64> <CoreInst = "Mul_DSP">   --->   Core 5 'Mul_DSP' <Latency = 2> <II = 1> <Delay = 1.64> <FuncUnit> <Opcode : 'mul'> <InPorts = 2> <OutPorts = 1>
ST_3 : Operation 14 [1/1] (0.00ns)   --->   "%specfucore_ln576 = specfucore void @_ssdm_op_SpecFUCore, i41 %mul_ln574, i64 12, i64 3, i64 2, i1 0" [../src/fp_math_hls.cpp:576->../src/vehicle_model_hls.cpp:61]   --->   Operation 14 'specfucore' 'specfucore_ln576' <Predicate = true> <Delay = 0.00>
ST_3 : Operation 15 [1/1] (0.00ns)   --->   "%product_q = partselect i21 @_ssdm_op_PartSelect.i21.i41.i32.i32, i41 %mul_ln574, i32 12, i32 32" [../src/fp_math_hls.cpp:577->../src/vehicle_model_hls.cpp:61]   --->   Operation 15 'partselect' 'product_q' <Predicate = true> <Delay = 0.00>
ST_3 : Operation 16 [1/1] (0.00ns)   --->   "%sext_ln574_29 = sext i21 %D_cb_read" [../src/fp_math_hls.cpp:574->../src/vehicle_model_hls.cpp:62]   --->   Operation 16 'sext' 'sext_ln574_29' <Predicate = true> <Delay = 0.00>
ST_3 : Operation 17 [1/1] (0.00ns)   --->   "%sext_ln574_30 = sext i21 %product_q" [../src/fp_math_hls.cpp:574->../src/vehicle_model_hls.cpp:62]   --->   Operation 17 'sext' 'sext_ln574_30' <Predicate = true> <Delay = 0.00>
ST_3 : Operation 18 [3/3] (1.64ns)   --->   "%mul_ln574_22 = mul i42 %sext_ln574_30, i42 %sext_ln574_29" [../src/fp_math_hls.cpp:574->../src/vehicle_model_hls.cpp:62]   --->   Operation 18 'mul' 'mul_ln574_22' <Predicate = true> <Delay = 1.64> <CoreInst = "Mul_DSP">   --->   Core 5 'Mul_DSP' <Latency = 2> <II = 1> <Delay = 1.64> <FuncUnit> <Opcode : 'mul'> <InPorts = 2> <OutPorts = 1>

State 4 <SV = 3> <Delay = 1.64>
ST_4 : Operation 19 [2/3] (1.64ns)   --->   "%mul_ln574_22 = mul i42 %sext_ln574_30, i42 %sext_ln574_29" [../src/fp_math_hls.cpp:574->../src/vehicle_model_hls.cpp:62]   --->   Operation 19 'mul' 'mul_ln574_22' <Predicate = true> <Delay = 1.64> <CoreInst = "Mul_DSP">   --->   Core 5 'Mul_DSP' <Latency = 2> <II = 1> <Delay = 1.64> <FuncUnit> <Opcode : 'mul'> <InPorts = 2> <OutPorts = 1>

State 5 <SV = 4> <Delay = 1.64>
ST_5 : Operation 20 [1/1] (0.00ns)   --->   "%rbegin1 = specregionbegin i32 @_ssdm_op_SpecRegionBegin, void @empty_466" [../src/fp_math_hls.cpp:574->../src/vehicle_model_hls.cpp:61]   --->   Operation 20 'specregionbegin' 'rbegin1' <Predicate = true> <Delay = 0.00>
ST_5 : Operation 21 [1/1] (0.00ns)   --->   "%rend2 = specregionend i32 @_ssdm_op_SpecRegionEnd, void @empty_466, i32 %rbegin1" [../src/fp_math_hls.cpp:574->../src/vehicle_model_hls.cpp:61]   --->   Operation 21 'specregionend' 'rend2' <Predicate = true> <Delay = 0.00>
ST_5 : Operation 22 [1/1] (0.00ns)   --->   "%rbegin = specregionbegin i32 @_ssdm_op_SpecRegionBegin, void @empty_74" [../src/fp_math_hls.cpp:574->../src/vehicle_model_hls.cpp:62]   --->   Operation 22 'specregionbegin' 'rbegin' <Predicate = true> <Delay = 0.00>
ST_5 : Operation 23 [1/3] (1.64ns)   --->   "%mul_ln574_22 = mul i42 %sext_ln574_30, i42 %sext_ln574_29" [../src/fp_math_hls.cpp:574->../src/vehicle_model_hls.cpp:62]   --->   Operation 23 'mul' 'mul_ln574_22' <Predicate = true> <Delay = 1.64> <CoreInst = "Mul_DSP">   --->   Core 5 'Mul_DSP' <Latency = 2> <II = 1> <Delay = 1.64> <FuncUnit> <Opcode : 'mul'> <InPorts = 2> <OutPorts = 1>
ST_5 : Operation 24 [1/1] (0.00ns)   --->   "%specfucore_ln576 = specfucore void @_ssdm_op_SpecFUCore, i42 %mul_ln574_22, i64 12, i64 3, i64 2, i1 0" [../src/fp_math_hls.cpp:576->../src/vehicle_model_hls.cpp:62]   --->   Operation 24 'specfucore' 'specfucore_ln576' <Predicate = true> <Delay = 0.00>
ST_5 : Operation 25 [1/1] (0.00ns)   --->   "%rend = specregionend i32 @_ssdm_op_SpecRegionEnd, void @empty_74, i32 %rbegin" [../src/fp_math_hls.cpp:574->../src/vehicle_model_hls.cpp:62]   --->   Operation 25 'specregionend' 'rend' <Predicate = true> <Delay = 0.00>
ST_5 : Operation 26 [1/1] (0.00ns)   --->   "%product_q_49 = partselect i21 @_ssdm_op_PartSelect.i21.i42.i32.i32, i42 %mul_ln574_22, i32 12, i32 32" [../src/fp_math_hls.cpp:577->../src/vehicle_model_hls.cpp:62]   --->   Operation 26 'partselect' 'product_q_49' <Predicate = true> <Delay = 0.00>
ST_5 : Operation 27 [1/1] (0.00ns)   --->   "%ret_ln63 = ret i21 %product_q_49" [../src/vehicle_model_hls.cpp:63]   --->   Operation 27 'ret' 'ret_ln63' <Predicate = true> <Delay = 0.00>


============================================================
+ Verbose Summary: Binding
============================================================
STG Binding: 
---------------- STG Properties BEGIN ----------------
- Is combinational: 0
- Is one-state seq: 0
- Is datapath-only: 0
- Is pipelined: 1
- Is top level: 0
Port [ Return ] is wired: 1; IO mode=ap_ctrl_hs:ce=0
Port [ cos_inner]:  wired=1; compound=0; hidden=0; nouse=0; global=0; static=0; extern=0; dir=0; type=0; pingpong=0; private_global=0; IO mode=ap_none:ce=0
Port [ inv_denom]:  wired=1; compound=0; hidden=0; nouse=0; global=0; static=0; extern=0; dir=0; type=0; pingpong=0; private_global=0; IO mode=ap_none:ce=0
Port [ D_cb]:  wired=1; compound=0; hidden=0; nouse=0; global=0; static=0; extern=0; dir=0; type=0; pingpong=0; private_global=0; IO mode=ap_none:ce=0
---------------- STG Properties END ------------------

---------------- Datapath Model BEGIN ----------------

<LifeTime>
<method=bitvector/>
inv_denom_read   (read           ) [ 000000]
cos_inner_read   (read           ) [ 000000]
sext_ln574       (sext           ) [ 001100]
sext_ln574_28    (sext           ) [ 001100]
D_cb_read        (read           ) [ 000000]
mul_ln574        (mul            ) [ 000000]
specfucore_ln576 (specfucore     ) [ 000000]
product_q        (partselect     ) [ 000000]
sext_ln574_29    (sext           ) [ 000011]
sext_ln574_30    (sext           ) [ 000011]
rbegin1          (specregionbegin) [ 000000]
rend2            (specregionend  ) [ 000000]
rbegin           (specregionbegin) [ 000000]
mul_ln574_22     (mul            ) [ 000000]
specfucore_ln576 (specfucore     ) [ 000000]
rend             (specregionend  ) [ 000000]
product_q_49     (partselect     ) [ 000000]
ret_ln63         (ret            ) [ 000000]
</LifeTime>

<model>

<comp_list>
<comp id="0" class="1000" name="cos_inner">
<pin_list>
<pin id="1" dir="1" index="0" bw="1" slack="0"/>
</pin_list>
<bind>
<StgValue><ssdm name="cos_inner"/></StgValue>
</bind>
</comp>

<comp id="2" class="1000" name="inv_denom">
<pin_list>
<pin id="3" dir="1" index="0" bw="1" slack="0"/>
</pin_list>
<bind>
<StgValue><ssdm name="inv_denom"/></StgValue>
</bind>
</comp>

<comp id="4" class="1000" name="D_cb">
<pin_list>
<pin id="5" dir="1" index="0" bw="1" slack="0"/>
</pin_list>
<bind>
<StgValue><ssdm name="D_cb"/></StgValue>
</bind>
</comp>

<comp id="6" class="1001" name="const_6">
<pin_list>
<pin id="7" dir="1" index="0" bw="1" slack="0"/>
</pin_list>
<bind>
<StgValue><ssdm name="_ssdm_op_Read.ap_auto.i20"/></StgValue>
</bind>
</comp>

<comp id="8" class="1001" name="const_8">
<pin_list>
<pin id="9" dir="1" index="0" bw="1" slack="0"/>
</pin_list>
<bind>
<StgValue><ssdm name="_ssdm_op_Read.ap_auto.i21"/></StgValue>
</bind>
</comp>

<comp id="10" class="1001" name="const_10">
<pin_list>
<pin id="11" dir="1" index="0" bw="1" slack="2147483647"/>
</pin_list>
<bind>
<StgValue><ssdm name="_ssdm_op_SpecFUCore"/></StgValue>
</bind>
</comp>

<comp id="12" class="1001" name="const_12">
<pin_list>
<pin id="13" dir="1" index="0" bw="1" slack="2147483647"/>
</pin_list>
<bind>
<StgValue><ssdm name=""/></StgValue>
</bind>
</comp>

<comp id="14" class="1001" name="const_14">
<pin_list>
<pin id="15" dir="1" index="0" bw="1" slack="2147483647"/>
</pin_list>
<bind>
<StgValue><ssdm name=""/></StgValue>
</bind>
</comp>

<comp id="16" class="1001" name="const_16">
<pin_list>
<pin id="17" dir="1" index="0" bw="1" slack="2147483647"/>
</pin_list>
<bind>
<StgValue><ssdm name=""/></StgValue>
</bind>
</comp>

<comp id="18" class="1001" name="const_18">
<pin_list>
<pin id="19" dir="1" index="0" bw="1" slack="2147483647"/>
</pin_list>
<bind>
<StgValue><ssdm name=""/></StgValue>
</bind>
</comp>

<comp id="20" class="1001" name="const_20">
<pin_list>
<pin id="21" dir="1" index="0" bw="1" slack="0"/>
</pin_list>
<bind>
<StgValue><ssdm name="_ssdm_op_PartSelect.i21.i41.i32.i32"/></StgValue>
</bind>
</comp>

<comp id="22" class="1001" name="const_22">
<pin_list>
<pin id="23" dir="1" index="0" bw="1" slack="0"/>
</pin_list>
<bind>
<StgValue><ssdm name=""/></StgValue>
</bind>
</comp>

<comp id="24" class="1001" name="const_24">
<pin_list>
<pin id="25" dir="1" index="0" bw="1" slack="0"/>
</pin_list>
<bind>
<StgValue><ssdm name=""/></StgValue>
</bind>
</comp>

<comp id="26" class="1001" name="const_26">
<pin_list>
<pin id="27" dir="1" index="0" bw="1" slack="2147483647"/>
</pin_list>
<bind>
<StgValue><ssdm name="_ssdm_op_SpecRegionBegin"/></StgValue>
</bind>
</comp>

<comp id="28" class="1001" name="const_28">
<pin_list>
<pin id="29" dir="1" index="0" bw="1" slack="2147483647"/>
</pin_list>
<bind>
<StgValue><ssdm name="empty_466"/></StgValue>
</bind>
</comp>

<comp id="30" class="1001" name="const_30">
<pin_list>
<pin id="31" dir="1" index="0" bw="1" slack="2147483647"/>
</pin_list>
<bind>
<StgValue><ssdm name="_ssdm_op_SpecRegionEnd"/></StgValue>
</bind>
</comp>

<comp id="32" class="1001" name="const_32">
<pin_list>
<pin id="33" dir="1" index="0" bw="1" slack="2147483647"/>
</pin_list>
<bind>
<StgValue><ssdm name="empty_74"/></StgValue>
</bind>
</comp>

<comp id="34" class="1001" name="const_34">
<pin_list>
<pin id="35" dir="1" index="0" bw="1" slack="0"/>
</pin_list>
<bind>
<StgValue><ssdm name="_ssdm_op_PartSelect.i21.i42.i32.i32"/></StgValue>
</bind>
</comp>

<comp id="36" class="1004" name="inv_denom_read_read_fu_36">
<pin_list>
<pin id="37" dir="0" index="0" bw="20" slack="0"/>
<pin id="38" dir="0" index="1" bw="20" slack="0"/>
<pin id="39" dir="1" index="2" bw="20" slack="0"/>
</pin_list>
<bind>
<opcode="read(1150) " fcode="read"/>
<opset="inv_denom_read/1 "/>
</bind>
</comp>

<comp id="42" class="1004" name="cos_inner_read_read_fu_42">
<pin_list>
<pin id="43" dir="0" index="0" bw="21" slack="0"/>
<pin id="44" dir="0" index="1" bw="21" slack="0"/>
<pin id="45" dir="1" index="2" bw="21" slack="0"/>
</pin_list>
<bind>
<opcode="read(1150) " fcode="read"/>
<opset="cos_inner_read/1 "/>
</bind>
</comp>

<comp id="48" class="1004" name="D_cb_read_read_fu_48">
<pin_list>
<pin id="49" dir="0" index="0" bw="21" slack="0"/>
<pin id="50" dir="0" index="1" bw="21" slack="0"/>
<pin id="51" dir="1" index="2" bw="21" slack="0"/>
</pin_list>
<bind>
<opcode="read(1150) " fcode="read"/>
<opset="D_cb_read/3 "/>
</bind>
</comp>

<comp id="54" class="1004" name="grp_fu_54">
<pin_list>
<pin id="55" dir="0" index="0" bw="20" slack="0"/>
<pin id="56" dir="0" index="1" bw="21" slack="0"/>
<pin id="57" dir="1" index="2" bw="41" slack="0"/>
</pin_list>
<bind>
<opcode="mul(12) " fcode="mul"/>
<opset="mul_ln574/1 "/>
</bind>
</comp>

<comp id="58" class="1004" name="grp_fu_58">
<pin_list>
<pin id="59" dir="0" index="0" bw="21" slack="0"/>
<pin id="60" dir="0" index="1" bw="21" slack="0"/>
<pin id="61" dir="1" index="2" bw="42" slack="0"/>
</pin_list>
<bind>
<opcode="mul(12) " fcode="mul"/>
<opset="mul_ln574_22/3 "/>
</bind>
</comp>

<comp id="62" class="1004" name="sext_ln574_fu_62">
<pin_list>
<pin id="63" dir="0" index="0" bw="21" slack="0"/>
<pin id="64" dir="1" index="1" bw="41" slack="0"/>
</pin_list>
<bind>
<opcode="sext(35) " fcode="sext"/>
<opset="sext_ln574/1 "/>
</bind>
</comp>

<comp id="67" class="1004" name="sext_ln574_28_fu_67">
<pin_list>
<pin id="68" dir="0" index="0" bw="20" slack="0"/>
<pin id="69" dir="1" index="1" bw="41" slack="0"/>
</pin_list>
<bind>
<opcode="sext(35) " fcode="sext"/>
<opset="sext_ln574_28/1 "/>
</bind>
</comp>

<comp id="72" class="1004" name="product_q_fu_72">
<pin_list>
<pin id="73" dir="0" index="0" bw="21" slack="0"/>
<pin id="74" dir="0" index="1" bw="41" slack="0"/>
<pin id="75" dir="0" index="2" bw="5" slack="0"/>
<pin id="76" dir="0" index="3" bw="7" slack="0"/>
<pin id="77" dir="1" index="4" bw="21" slack="0"/>
</pin_list>
<bind>
<opcode="partselect(1002) " fcode="partselect"/>
<opset="product_q/3 "/>
</bind>
</comp>

<comp id="82" class="1004" name="sext_ln574_29_fu_82">
<pin_list>
<pin id="83" dir="0" index="0" bw="21" slack="0"/>
<pin id="84" dir="1" index="1" bw="42" slack="0"/>
</pin_list>
<bind>
<opcode="sext(35) " fcode="sext"/>
<opset="sext_ln574_29/3 "/>
</bind>
</comp>

<comp id="87" class="1004" name="sext_ln574_30_fu_87">
<pin_list>
<pin id="88" dir="0" index="0" bw="21" slack="0"/>
<pin id="89" dir="1" index="1" bw="42" slack="0"/>
</pin_list>
<bind>
<opcode="sext(35) " fcode="sext"/>
<opset="sext_ln574_30/3 "/>
</bind>
</comp>

<comp id="92" class="1004" name="product_q_49_fu_92">
<pin_list>
<pin id="93" dir="0" index="0" bw="21" slack="0"/>
<pin id="94" dir="0" index="1" bw="42" slack="0"/>
<pin id="95" dir="0" index="2" bw="5" slack="0"/>
<pin id="96" dir="0" index="3" bw="7" slack="0"/>
<pin id="97" dir="1" index="4" bw="21" slack="2147483647"/>
</pin_list>
<bind>
<opcode="partselect(1002) " fcode="partselect"/>
<opset="product_q_49/5 "/>
</bind>
</comp>

<comp id="102" class="1005" name="sext_ln574_reg_102">
<pin_list>
<pin id="103" dir="0" index="0" bw="41" slack="1"/>
<pin id="104" dir="1" index="1" bw="41" slack="1"/>
</pin_list>
<bind>
<opset="sext_ln574 "/>
</bind>
</comp>

<comp id="107" class="1005" name="sext_ln574_28_reg_107">
<pin_list>
<pin id="108" dir="0" index="0" bw="41" slack="1"/>
<pin id="109" dir="1" index="1" bw="41" slack="1"/>
</pin_list>
<bind>
<opset="sext_ln574_28 "/>
</bind>
</comp>

<comp id="112" class="1005" name="sext_ln574_29_reg_112">
<pin_list>
<pin id="113" dir="0" index="0" bw="42" slack="1"/>
<pin id="114" dir="1" index="1" bw="42" slack="1"/>
</pin_list>
<bind>
<opset="sext_ln574_29 "/>
</bind>
</comp>

<comp id="117" class="1005" name="sext_ln574_30_reg_117">
<pin_list>
<pin id="118" dir="0" index="0" bw="42" slack="1"/>
<pin id="119" dir="1" index="1" bw="42" slack="1"/>
</pin_list>
<bind>
<opset="sext_ln574_30 "/>
</bind>
</comp>

</comp_list>

<net_list>
<net id="40"><net_src comp="6" pin="0"/><net_sink comp="36" pin=0"/></net>

<net id="41"><net_src comp="2" pin="0"/><net_sink comp="36" pin=1"/></net>

<net id="46"><net_src comp="8" pin="0"/><net_sink comp="42" pin=0"/></net>

<net id="47"><net_src comp="0" pin="0"/><net_sink comp="42" pin=1"/></net>

<net id="52"><net_src comp="8" pin="0"/><net_sink comp="48" pin=0"/></net>

<net id="53"><net_src comp="4" pin="0"/><net_sink comp="48" pin=1"/></net>

<net id="65"><net_src comp="42" pin="2"/><net_sink comp="62" pin=0"/></net>

<net id="66"><net_src comp="62" pin="1"/><net_sink comp="54" pin=1"/></net>

<net id="70"><net_src comp="36" pin="2"/><net_sink comp="67" pin=0"/></net>

<net id="71"><net_src comp="67" pin="1"/><net_sink comp="54" pin=0"/></net>

<net id="78"><net_src comp="20" pin="0"/><net_sink comp="72" pin=0"/></net>

<net id="79"><net_src comp="54" pin="2"/><net_sink comp="72" pin=1"/></net>

<net id="80"><net_src comp="22" pin="0"/><net_sink comp="72" pin=2"/></net>

<net id="81"><net_src comp="24" pin="0"/><net_sink comp="72" pin=3"/></net>

<net id="85"><net_src comp="48" pin="2"/><net_sink comp="82" pin=0"/></net>

<net id="86"><net_src comp="82" pin="1"/><net_sink comp="58" pin=1"/></net>

<net id="90"><net_src comp="72" pin="4"/><net_sink comp="87" pin=0"/></net>

<net id="91"><net_src comp="87" pin="1"/><net_sink comp="58" pin=0"/></net>

<net id="98"><net_src comp="34" pin="0"/><net_sink comp="92" pin=0"/></net>

<net id="99"><net_src comp="58" pin="2"/><net_sink comp="92" pin=1"/></net>

<net id="100"><net_src comp="22" pin="0"/><net_sink comp="92" pin=2"/></net>

<net id="101"><net_src comp="24" pin="0"/><net_sink comp="92" pin=3"/></net>

<net id="105"><net_src comp="62" pin="1"/><net_sink comp="102" pin=0"/></net>

<net id="106"><net_src comp="102" pin="1"/><net_sink comp="54" pin=1"/></net>

<net id="110"><net_src comp="67" pin="1"/><net_sink comp="107" pin=0"/></net>

<net id="111"><net_src comp="107" pin="1"/><net_sink comp="54" pin=0"/></net>

<net id="115"><net_src comp="82" pin="1"/><net_sink comp="112" pin=0"/></net>

<net id="116"><net_src comp="112" pin="1"/><net_sink comp="58" pin=1"/></net>

<net id="120"><net_src comp="87" pin="1"/><net_sink comp="117" pin=0"/></net>

<net id="121"><net_src comp="117" pin="1"/><net_sink comp="58" pin=0"/></net>

</net_list>

</model> 
---------------- Datapath Model END ------------------

* FSMD analyzer results:
  - Output states:
	Port: cos_inner | {}
	Port: inv_denom | {}
	Port: D_cb | {}
 - Input state : 
	Port: fp_pacejka_ceff : cos_inner | {1 }
	Port: fp_pacejka_ceff : inv_denom | {1 }
	Port: fp_pacejka_ceff : D_cb | {3 }
  - Chain level:
	State 1
		mul_ln574 : 1
	State 2
	State 3
		specfucore_ln576 : 1
		product_q : 1
		sext_ln574_30 : 2
		mul_ln574_22 : 3
	State 4
	State 5
		rend2 : 1
		specfucore_ln576 : 1
		rend : 1
		product_q_49 : 1
		ret_ln63 : 2


============================================================
+ Verbose Summary: Datapath Resource usage 
============================================================

* Functional unit list:
|----------|---------------------------|---------|---------|---------|
| Operation|      Functional Unit      |   DSP   |    FF   |   LUT   |
|----------|---------------------------|---------|---------|---------|
|    mul   |         grp_fu_54         |    2    |    10   |    14   |
|          |         grp_fu_58         |    2    |    10   |    14   |
|----------|---------------------------|---------|---------|---------|
|          | inv_denom_read_read_fu_36 |    0    |    0    |    0    |
|   read   | cos_inner_read_read_fu_42 |    0    |    0    |    0    |
|          |    D_cb_read_read_fu_48   |    0    |    0    |    0    |
|----------|---------------------------|---------|---------|---------|
|          |      sext_ln574_fu_62     |    0    |    0    |    0    |
|   sext   |    sext_ln574_28_fu_67    |    0    |    0    |    0    |
|          |    sext_ln574_29_fu_82    |    0    |    0    |    0    |
|          |    sext_ln574_30_fu_87    |    0    |    0    |    0    |
|----------|---------------------------|---------|---------|---------|
|partselect|      product_q_fu_72      |    0    |    0    |    0    |
|          |     product_q_49_fu_92    |    0    |    0    |    0    |
|----------|---------------------------|---------|---------|---------|
|   Total  |                           |    4    |    20   |    28   |
|----------|---------------------------|---------|---------|---------|

Memories:
N/A

* Register list:
+---------------------+--------+
|                     |   FF   |
+---------------------+--------+
|sext_ln574_28_reg_107|   41   |
|sext_ln574_29_reg_112|   42   |
|sext_ln574_30_reg_117|   42   |
|  sext_ln574_reg_102 |   41   |
+---------------------+--------+
|        Total        |   166  |
+---------------------+--------+

* Multiplexer (MUX) list: 
|-----------|------|------|------|--------||---------||---------||---------|
|    Comp   |  Pin | Size |  BW  | S x BW ||  Delay  ||    FF   ||   LUT   |
|-----------|------|------|------|--------||---------||---------||---------|
| grp_fu_54 |  p0  |   2  |  20  |   40   ||    0    ||    9    |
| grp_fu_54 |  p1  |   2  |  21  |   42   ||    0    ||    9    |
| grp_fu_58 |  p0  |   2  |  21  |   42   ||    0    ||    9    |
| grp_fu_58 |  p1  |   2  |  21  |   42   ||    0    ||    9    |
|-----------|------|------|------|--------||---------||---------||---------|
|   Total   |      |      |      |   166  ||  1.708  ||    0    ||    36   |
|-----------|------|------|------|--------||---------||---------||---------|



* Summary:
+-----------+--------+--------+--------+--------+
|           |   DSP  |  Delay |   FF   |   LUT  |
+-----------+--------+--------+--------+--------+
|  Function |    4   |    -   |   20   |   28   |
|   Memory  |    -   |    -   |    -   |    -   |
|Multiplexer|    -   |    1   |    0   |   36   |
|  Register |    -   |    -   |   166  |    -   |
+-----------+--------+--------+--------+--------+
|   Total   |    4   |    1   |   186  |   64   |
+-----------+--------+--------+--------+--------+
