

================================================================
== Vitis HLS Report for 'fp_rear_force_jacobians_fn'
================================================================
* Date:           Thu Jun 11 16:06:59 2026

* Version:        2025.2 (Build 6295257 on Nov 14 2025)
* Project:        mpc_fpga_top_opencl
* Solution:       hls (Vitis Kernel Flow Target)
* Product family: zynquplus
* Target device:  xck26-sfvc784-2LV-c


================================================================
== Performance Estimates
================================================================
+ Timing: 
    * Summary: 
    +--------+---------+----------+------------+
    |  Clock |  Target | Estimated| Uncertainty|
    +--------+---------+----------+------------+
    |ap_clk  |  5.00 ns|  4.152 ns|     0.50 ns|
    +--------+---------+----------+------------+

+ Latency: 
    * Summary: 
    +---------+---------+-----------+-----------+-----+-----+---------+
    |  Latency (cycles) |   Latency (absolute)  |  Interval | Pipeline|
    |   min   |   max   |    min    |    max    | min | max |   Type  |
    +---------+---------+-----------+-----------+-----+-----+---------+
    |        6|        6|  30.000 ns|  30.000 ns|    7|    7|      yes|
    +---------+---------+-----------+-----------+-----+-----+---------+

    + Detail: 
        * Instance: 
        N/A

        * Loop: 
        N/A



================================================================
== Utilization Estimates
================================================================
* Summary: 
+-----------------+---------+------+--------+--------+-----+
|       Name      | BRAM_18K|  DSP |   FF   |   LUT  | URAM|
+-----------------+---------+------+--------+--------+-----+
|DSP              |        -|     -|       -|       -|    -|
|Expression       |        -|     -|       0|      28|    -|
|FIFO             |        -|     -|       -|       -|    -|
|Instance         |        -|     9|      38|      68|    -|
|Memory           |        -|     -|       -|       -|    -|
|Multiplexer      |        -|     -|       0|      71|    -|
|Register         |        -|     -|     194|       -|    -|
+-----------------+---------+------+--------+--------+-----+
|Total            |        0|     9|     232|     167|    0|
+-----------------+---------+------+--------+--------+-----+
|Available        |      288|  1248|  234240|  117120|   64|
+-----------------+---------+------+--------+--------+-----+
|Utilization (%)  |        0|    ~0|      ~0|      ~0|    0|
+-----------------+---------+------+--------+--------+-----+

+ Detail: 
    * Instance: 
    +---------------------------+----------------------+---------+----+----+----+-----+
    |          Instance         |        Module        | BRAM_18K| DSP| FF | LUT| URAM|
    +---------------------------+----------------------+---------+----+----+----+-----+
    |mul_20s_20ns_40_3_1_U368   |mul_20s_20ns_40_3_1   |        0|   2|   8|  11|    0|
    |mul_20s_21s_41_3_1_U369    |mul_20s_21s_41_3_1    |        0|   2|  10|  14|    0|
    |mul_21s_11ns_32_1_1_U372   |mul_21s_11ns_32_1_1   |        0|   1|   0|  15|    0|
    |mul_21s_20s_41_3_1_U370    |mul_21s_20s_41_3_1    |        0|   2|  10|  14|    0|
    |mul_21s_21s_42_3_1_x_U371  |mul_21s_21s_42_3_1_x  |        0|   2|  10|  14|    0|
    +---------------------------+----------------------+---------+----+----+----+-----+
    |Total                      |                      |        0|   9|  38|  68|    0|
    +---------------------------+----------------------+---------+----+----+----+-----+

    * DSP: 
    N/A

    * Memory: 
    N/A

    * FIFO: 
    N/A

    * Expression: 
    +-------------------+----------+----+---+----+------------+------------+
    |   Variable Name   | Operation| DSP| FF| LUT| Bitwidth P0| Bitwidth P1|
    +-------------------+----------+----+---+----+------------+------------+
    |dar_dvy_fu_135_p2  |         -|   0|  0|  28|           1|          21|
    +-------------------+----------+----+---+----+------------+------------+
    |Total              |          |   0|  0|  28|           1|          21|
    +-------------------+----------+----+---+----+------------+------------+

    * Multiplexer: 
    +--------------+----+-----------+-----+-----------+
    |     Name     | LUT| Input Size| Bits| Total Bits|
    +--------------+----+-----------+-----+-----------+
    |ap_NS_fsm     |  43|          8|    1|          8|
    |grp_fu_92_p0  |  14|          3|   21|         63|
    |grp_fu_92_p1  |  14|          3|   21|         63|
    +--------------+----+-----------+-----+-----------+
    |Total         |  71|         14|   43|        134|
    +--------------+----+-----------+-----+-----------+

    * Register: 
    +-----------------------+----+----+-----+-----------+
    |          Name         | FF | LUT| Bits| Const Bits|
    +-----------------------+----+----+-----+-----------+
    |C_eff_r_read_reg_245   |  21|   0|   21|          0|
    |ap_CS_fsm              |   7|   0|    7|          0|
    |ap_port_reg_C_eff_r    |  21|   0|   21|          0|
    |ap_port_reg_rear_num   |  21|   0|   21|          0|
    |inv_D_r_read_reg_220   |  20|   0|   20|          0|
    |product_q_46_reg_285   |  21|   0|   21|          0|
    |product_q_47_reg_275   |  21|   0|   21|          0|
    |sext_ln574_24_reg_255  |  42|   0|   42|          0|
    |trunc_ln_reg_250       |  20|   0|   20|          0|
    +-----------------------+----+----+-----+-----------+
    |Total                  | 194|   0|  194|          0|
    +-----------------------+----+----+-----+-----------+



================================================================
== Interface
================================================================
* Summary: 
+-------------+-----+-----+------------+----------------------------+--------------+
|  RTL Ports  | Dir | Bits|  Protocol  |        Source Object       |    C Type    |
+-------------+-----+-----+------------+----------------------------+--------------+
|ap_clk       |   in|    1|  ap_ctrl_hs|  fp_rear_force_jacobians_fn|  return value|
|ap_rst       |   in|    1|  ap_ctrl_hs|  fp_rear_force_jacobians_fn|  return value|
|ap_start     |   in|    1|  ap_ctrl_hs|  fp_rear_force_jacobians_fn|  return value|
|ap_done      |  out|    1|  ap_ctrl_hs|  fp_rear_force_jacobians_fn|  return value|
|ap_idle      |  out|    1|  ap_ctrl_hs|  fp_rear_force_jacobians_fn|  return value|
|ap_ready     |  out|    1|  ap_ctrl_hs|  fp_rear_force_jacobians_fn|  return value|
|ap_return_0  |  out|   21|  ap_ctrl_hs|  fp_rear_force_jacobians_fn|  return value|
|ap_return_1  |  out|   21|  ap_ctrl_hs|  fp_rear_force_jacobians_fn|  return value|
|ap_return_2  |  out|   21|  ap_ctrl_hs|  fp_rear_force_jacobians_fn|  return value|
|C_eff_r      |   in|   21|     ap_none|                     C_eff_r|        scalar|
|rear_num     |   in|   21|     ap_none|                    rear_num|        scalar|
|vx_safe      |   in|   20|     ap_none|                     vx_safe|        scalar|
|inv_D_r      |   in|   20|     ap_none|                     inv_D_r|        scalar|
+-------------+-----+-----+------------+----------------------------+--------------+

============================================================
+ Verbose Summary: Synthesis Manager
============================================================
InlineROM: 1
ExposeGlobal: 0
============================================================
+ Verbose Summary: CDFG Model
============================================================
IsTopModel: 0
ResetActiveHigh: 1
IsCombinational: 2
IsDatapathOnly: 2
HasWiredReturn: 1
HasMFsm: 2
HasVarLatency: 0
IsPipeline: 1
IsRtlPipelined: 0
IsInstanceOverlapped: 0
IsDontTouch: 0
HasImplIP: 0
IsGatedGlobalClock: 0

+ Individual pipeline summary: 
  * Pipeline-0: initiation interval (II) = 7, depth = 7


============================================================
+ Verbose Summary: Schedule
============================================================
* Number of FSM states : 7
* Pipeline : 1
  Pipeline-0 : II = 7, D = 7, States = { 1 2 3 4 5 6 7 }
* Dataflow Pipeline: 0

* FSM state transitions: 
1 --> 2 
2 --> 3 
3 --> 4 
4 --> 5 
5 --> 6 
6 --> 7 
7 --> 

* FSM state operations: 

State 1 <SV = 0> <Delay = 1.59>
ST_1 : Operation 8 [1/1] (0.00ns)   --->   "%inv_D_r_read = read i20 @_ssdm_op_Read.ap_auto.i20, i20 %inv_D_r" [../src/vehicle_model_hls.cpp:154]   --->   Operation 8 'read' 'inv_D_r_read' <Predicate = true> <Delay = 0.00>
ST_1 : Operation 9 [1/1] (0.00ns)   --->   "%vx_safe_read = read i20 @_ssdm_op_Read.ap_auto.i20, i20 %vx_safe" [../src/vehicle_model_hls.cpp:154]   --->   Operation 9 'read' 'vx_safe_read' <Predicate = true> <Delay = 0.00>
ST_1 : Operation 10 [1/1] (0.00ns)   --->   "%zext_ln574 = zext i20 %vx_safe_read" [../src/fp_math_hls.cpp:574->../src/vehicle_model_hls.cpp:155]   --->   Operation 10 'zext' 'zext_ln574' <Predicate = true> <Delay = 0.00>
ST_1 : Operation 11 [1/1] (0.00ns)   --->   "%sext_ln574_22 = sext i20 %inv_D_r_read" [../src/fp_math_hls.cpp:574->../src/vehicle_model_hls.cpp:155]   --->   Operation 11 'sext' 'sext_ln574_22' <Predicate = true> <Delay = 0.00>
ST_1 : Operation 12 [3/3] (1.59ns)   --->   "%mul_ln574 = mul i40 %sext_ln574_22, i40 %zext_ln574" [../src/fp_math_hls.cpp:574->../src/vehicle_model_hls.cpp:155]   --->   Operation 12 'mul' 'mul_ln574' <Predicate = true> <Delay = 1.59> <CoreInst = "Mul_DSP">   --->   Core 5 'Mul_DSP' <Latency = 2> <II = 1> <Delay = 1.59> <FuncUnit> <Opcode : 'mul'> <InPorts = 2> <OutPorts = 1>

State 2 <SV = 1> <Delay = 1.64>
ST_2 : Operation 13 [1/1] (0.00ns)   --->   "%rear_num_read = read i21 @_ssdm_op_Read.ap_auto.i21, i21 %rear_num" [../src/vehicle_model_hls.cpp:154]   --->   Operation 13 'read' 'rear_num_read' <Predicate = true> <Delay = 0.00>
ST_2 : Operation 14 [1/1] (0.00ns)   --->   "%sext_ln574 = sext i20 %inv_D_r_read" [../src/fp_math_hls.cpp:574->../src/vehicle_model_hls.cpp:155]   --->   Operation 14 'sext' 'sext_ln574' <Predicate = true> <Delay = 0.00>
ST_2 : Operation 15 [2/3] (1.59ns)   --->   "%mul_ln574 = mul i40 %sext_ln574_22, i40 %zext_ln574" [../src/fp_math_hls.cpp:574->../src/vehicle_model_hls.cpp:155]   --->   Operation 15 'mul' 'mul_ln574' <Predicate = true> <Delay = 1.59> <CoreInst = "Mul_DSP">   --->   Core 5 'Mul_DSP' <Latency = 2> <II = 1> <Delay = 1.59> <FuncUnit> <Opcode : 'mul'> <InPorts = 2> <OutPorts = 1>
ST_2 : Operation 16 [1/1] (0.00ns)   --->   "%sext_ln574_23 = sext i21 %rear_num_read" [../src/fp_math_hls.cpp:574->../src/vehicle_model_hls.cpp:156]   --->   Operation 16 'sext' 'sext_ln574_23' <Predicate = true> <Delay = 0.00>
ST_2 : Operation 17 [3/3] (1.64ns)   --->   "%mul_ln574_18 = mul i41 %sext_ln574_23, i41 %sext_ln574" [../src/fp_math_hls.cpp:574->../src/vehicle_model_hls.cpp:156]   --->   Operation 17 'mul' 'mul_ln574_18' <Predicate = true> <Delay = 1.64> <CoreInst = "Mul_DSP">   --->   Core 5 'Mul_DSP' <Latency = 2> <II = 1> <Delay = 1.64> <FuncUnit> <Opcode : 'mul'> <InPorts = 2> <OutPorts = 1>

State 3 <SV = 2> <Delay = 4.15>
ST_3 : Operation 18 [1/1] (0.00ns)   --->   "%C_eff_r_read = read i21 @_ssdm_op_Read.ap_auto.i21, i21 %C_eff_r" [../src/vehicle_model_hls.cpp:154]   --->   Operation 18 'read' 'C_eff_r_read' <Predicate = true> <Delay = 0.00>
ST_3 : Operation 19 [1/3] (1.59ns)   --->   "%mul_ln574 = mul i40 %sext_ln574_22, i40 %zext_ln574" [../src/fp_math_hls.cpp:574->../src/vehicle_model_hls.cpp:155]   --->   Operation 19 'mul' 'mul_ln574' <Predicate = true> <Delay = 1.59> <CoreInst = "Mul_DSP">   --->   Core 5 'Mul_DSP' <Latency = 2> <II = 1> <Delay = 1.59> <FuncUnit> <Opcode : 'mul'> <InPorts = 2> <OutPorts = 1>
ST_3 : Operation 20 [1/1] (0.00ns)   --->   "%specfucore_ln576 = specfucore void @_ssdm_op_SpecFUCore, i40 %mul_ln574, i64 12, i64 3, i64 2, i1 0" [../src/fp_math_hls.cpp:576->../src/vehicle_model_hls.cpp:155]   --->   Operation 20 'specfucore' 'specfucore_ln576' <Predicate = true> <Delay = 0.00>
ST_3 : Operation 21 [1/1] (0.00ns)   --->   "%product_q = partselect i21 @_ssdm_op_PartSelect.i21.i40.i32.i32, i40 %mul_ln574, i32 12, i32 32" [../src/fp_math_hls.cpp:577->../src/vehicle_model_hls.cpp:155]   --->   Operation 21 'partselect' 'product_q' <Predicate = true> <Delay = 0.00>
ST_3 : Operation 22 [2/3] (1.64ns)   --->   "%mul_ln574_18 = mul i41 %sext_ln574_23, i41 %sext_ln574" [../src/fp_math_hls.cpp:574->../src/vehicle_model_hls.cpp:156]   --->   Operation 22 'mul' 'mul_ln574_18' <Predicate = true> <Delay = 1.64> <CoreInst = "Mul_DSP">   --->   Core 5 'Mul_DSP' <Latency = 2> <II = 1> <Delay = 1.64> <FuncUnit> <Opcode : 'mul'> <InPorts = 2> <OutPorts = 1>
ST_3 : Operation 23 [1/1] (0.90ns)   --->   "%dar_dvy = sub i21 0, i21 %product_q" [../src/vehicle_model_hls.cpp:157]   --->   Operation 23 'sub' 'dar_dvy' <Predicate = true> <Delay = 0.90> <CoreInst = "Adder">   --->   Core 1 'Adder' <Latency = 0> <II = 1> <Delay = 0.90> <FuncUnit> <Opcode : 'add' 'sub'> <InPorts = 2> <OutPorts = 1>
ST_3 : Operation 24 [1/1] (0.00ns)   --->   "%sext_ln591 = sext i21 %product_q" [../src/fp_math_hls.cpp:591->../src/vehicle_model_hls.cpp:158]   --->   Operation 24 'sext' 'sext_ln591' <Predicate = true> <Delay = 0.00>
ST_3 : Operation 25 [1/1] (2.56ns)   --->   "%product = mul i32 %sext_ln591, i32 655" [../src/fp_math_hls.cpp:591->../src/vehicle_model_hls.cpp:158]   --->   Operation 25 'mul' 'product' <Predicate = true> <Delay = 2.56> <CoreInst = "Multiplier">   --->   Core 3 'Multiplier' <Latency = 0> <II = 1> <Delay = 2.56> <FuncUnit> <Opcode : 'mul'> <InPorts = 2> <OutPorts = 1>
ST_3 : Operation 26 [1/1] (0.00ns)   --->   "%trunc_ln = partselect i20 @_ssdm_op_PartSelect.i20.i32.i32.i32, i32 %product, i32 12, i32 31" [../src/fp_math_hls.cpp:593->../src/vehicle_model_hls.cpp:158]   --->   Operation 26 'partselect' 'trunc_ln' <Predicate = true> <Delay = 0.00>
ST_3 : Operation 27 [1/1] (0.00ns)   --->   "%sext_ln574_24 = sext i21 %C_eff_r_read" [../src/fp_math_hls.cpp:574->../src/vehicle_model_hls.cpp:159]   --->   Operation 27 'sext' 'sext_ln574_24' <Predicate = true> <Delay = 0.00>
ST_3 : Operation 28 [1/1] (0.00ns)   --->   "%sext_ln574_26 = sext i21 %dar_dvy" [../src/fp_math_hls.cpp:574->../src/vehicle_model_hls.cpp:160]   --->   Operation 28 'sext' 'sext_ln574_26' <Predicate = true> <Delay = 0.00>
ST_3 : Operation 29 [3/3] (1.64ns)   --->   "%mul_ln574_20 = mul i42 %sext_ln574_26, i42 %sext_ln574_24" [../src/fp_math_hls.cpp:574->../src/vehicle_model_hls.cpp:160]   --->   Operation 29 'mul' 'mul_ln574_20' <Predicate = true> <Delay = 1.64> <CoreInst = "Mul_DSP">   --->   Core 5 'Mul_DSP' <Latency = 2> <II = 1> <Delay = 1.64> <FuncUnit> <Opcode : 'mul'> <InPorts = 2> <OutPorts = 1>

State 4 <SV = 3> <Delay = 3.29>
ST_4 : Operation 30 [1/3] (1.64ns)   --->   "%mul_ln574_18 = mul i41 %sext_ln574_23, i41 %sext_ln574" [../src/fp_math_hls.cpp:574->../src/vehicle_model_hls.cpp:156]   --->   Operation 30 'mul' 'mul_ln574_18' <Predicate = true> <Delay = 1.64> <CoreInst = "Mul_DSP">   --->   Core 5 'Mul_DSP' <Latency = 2> <II = 1> <Delay = 1.64> <FuncUnit> <Opcode : 'mul'> <InPorts = 2> <OutPorts = 1>
ST_4 : Operation 31 [1/1] (0.00ns)   --->   "%specfucore_ln576 = specfucore void @_ssdm_op_SpecFUCore, i41 %mul_ln574_18, i64 12, i64 3, i64 2, i1 0" [../src/fp_math_hls.cpp:576->../src/vehicle_model_hls.cpp:156]   --->   Operation 31 'specfucore' 'specfucore_ln576' <Predicate = true> <Delay = 0.00>
ST_4 : Operation 32 [1/1] (0.00ns)   --->   "%product_q_45 = partselect i21 @_ssdm_op_PartSelect.i21.i41.i32.i32, i41 %mul_ln574_18, i32 12, i32 32" [../src/fp_math_hls.cpp:577->../src/vehicle_model_hls.cpp:156]   --->   Operation 32 'partselect' 'product_q_45' <Predicate = true> <Delay = 0.00>
ST_4 : Operation 33 [1/1] (0.00ns)   --->   "%sext_ln574_25 = sext i21 %product_q_45" [../src/fp_math_hls.cpp:574->../src/vehicle_model_hls.cpp:159]   --->   Operation 33 'sext' 'sext_ln574_25' <Predicate = true> <Delay = 0.00>
ST_4 : Operation 34 [3/3] (1.64ns)   --->   "%mul_ln574_19 = mul i42 %sext_ln574_25, i42 %sext_ln574_24" [../src/fp_math_hls.cpp:574->../src/vehicle_model_hls.cpp:159]   --->   Operation 34 'mul' 'mul_ln574_19' <Predicate = true> <Delay = 1.64> <CoreInst = "Mul_DSP">   --->   Core 5 'Mul_DSP' <Latency = 2> <II = 1> <Delay = 1.64> <FuncUnit> <Opcode : 'mul'> <InPorts = 2> <OutPorts = 1>
ST_4 : Operation 35 [2/3] (1.64ns)   --->   "%mul_ln574_20 = mul i42 %sext_ln574_26, i42 %sext_ln574_24" [../src/fp_math_hls.cpp:574->../src/vehicle_model_hls.cpp:160]   --->   Operation 35 'mul' 'mul_ln574_20' <Predicate = true> <Delay = 1.64> <CoreInst = "Mul_DSP">   --->   Core 5 'Mul_DSP' <Latency = 2> <II = 1> <Delay = 1.64> <FuncUnit> <Opcode : 'mul'> <InPorts = 2> <OutPorts = 1>

State 5 <SV = 4> <Delay = 1.64>
ST_5 : Operation 36 [1/1] (0.00ns)   --->   "%sext_ln574_27 = sext i21 %C_eff_r_read" [../src/fp_math_hls.cpp:574->../src/vehicle_model_hls.cpp:159]   --->   Operation 36 'sext' 'sext_ln574_27' <Predicate = true> <Delay = 0.00>
ST_5 : Operation 37 [2/3] (1.64ns)   --->   "%mul_ln574_19 = mul i42 %sext_ln574_25, i42 %sext_ln574_24" [../src/fp_math_hls.cpp:574->../src/vehicle_model_hls.cpp:159]   --->   Operation 37 'mul' 'mul_ln574_19' <Predicate = true> <Delay = 1.64> <CoreInst = "Mul_DSP">   --->   Core 5 'Mul_DSP' <Latency = 2> <II = 1> <Delay = 1.64> <FuncUnit> <Opcode : 'mul'> <InPorts = 2> <OutPorts = 1>
ST_5 : Operation 38 [1/3] (1.64ns)   --->   "%mul_ln574_20 = mul i42 %sext_ln574_26, i42 %sext_ln574_24" [../src/fp_math_hls.cpp:574->../src/vehicle_model_hls.cpp:160]   --->   Operation 38 'mul' 'mul_ln574_20' <Predicate = true> <Delay = 1.64> <CoreInst = "Mul_DSP">   --->   Core 5 'Mul_DSP' <Latency = 2> <II = 1> <Delay = 1.64> <FuncUnit> <Opcode : 'mul'> <InPorts = 2> <OutPorts = 1>
ST_5 : Operation 39 [1/1] (0.00ns)   --->   "%specfucore_ln576 = specfucore void @_ssdm_op_SpecFUCore, i42 %mul_ln574_20, i64 12, i64 3, i64 2, i1 0" [../src/fp_math_hls.cpp:576->../src/vehicle_model_hls.cpp:160]   --->   Operation 39 'specfucore' 'specfucore_ln576' <Predicate = true> <Delay = 0.00>
ST_5 : Operation 40 [1/1] (0.00ns)   --->   "%product_q_47 = partselect i21 @_ssdm_op_PartSelect.i21.i42.i32.i32, i42 %mul_ln574_20, i32 12, i32 32" [../src/fp_math_hls.cpp:577->../src/vehicle_model_hls.cpp:160]   --->   Operation 40 'partselect' 'product_q_47' <Predicate = true> <Delay = 0.00>
ST_5 : Operation 41 [1/1] (0.00ns)   --->   "%sext_ln574_28 = sext i20 %trunc_ln" [../src/fp_math_hls.cpp:574->../src/vehicle_model_hls.cpp:161]   --->   Operation 41 'sext' 'sext_ln574_28' <Predicate = true> <Delay = 0.00>
ST_5 : Operation 42 [3/3] (1.64ns)   --->   "%mul_ln574_21 = mul i41 %sext_ln574_28, i41 %sext_ln574_27" [../src/fp_math_hls.cpp:574->../src/vehicle_model_hls.cpp:161]   --->   Operation 42 'mul' 'mul_ln574_21' <Predicate = true> <Delay = 1.64> <CoreInst = "Mul_DSP">   --->   Core 5 'Mul_DSP' <Latency = 2> <II = 1> <Delay = 1.64> <FuncUnit> <Opcode : 'mul'> <InPorts = 2> <OutPorts = 1>

State 6 <SV = 5> <Delay = 1.64>
ST_6 : Operation 43 [1/3] (1.64ns)   --->   "%mul_ln574_19 = mul i42 %sext_ln574_25, i42 %sext_ln574_24" [../src/fp_math_hls.cpp:574->../src/vehicle_model_hls.cpp:159]   --->   Operation 43 'mul' 'mul_ln574_19' <Predicate = true> <Delay = 1.64> <CoreInst = "Mul_DSP">   --->   Core 5 'Mul_DSP' <Latency = 2> <II = 1> <Delay = 1.64> <FuncUnit> <Opcode : 'mul'> <InPorts = 2> <OutPorts = 1>
ST_6 : Operation 44 [1/1] (0.00ns)   --->   "%specfucore_ln576 = specfucore void @_ssdm_op_SpecFUCore, i42 %mul_ln574_19, i64 12, i64 3, i64 2, i1 0" [../src/fp_math_hls.cpp:576->../src/vehicle_model_hls.cpp:159]   --->   Operation 44 'specfucore' 'specfucore_ln576' <Predicate = true> <Delay = 0.00>
ST_6 : Operation 45 [1/1] (0.00ns)   --->   "%product_q_46 = partselect i21 @_ssdm_op_PartSelect.i21.i42.i32.i32, i42 %mul_ln574_19, i32 12, i32 32" [../src/fp_math_hls.cpp:577->../src/vehicle_model_hls.cpp:159]   --->   Operation 45 'partselect' 'product_q_46' <Predicate = true> <Delay = 0.00>
ST_6 : Operation 46 [2/3] (1.64ns)   --->   "%mul_ln574_21 = mul i41 %sext_ln574_28, i41 %sext_ln574_27" [../src/fp_math_hls.cpp:574->../src/vehicle_model_hls.cpp:161]   --->   Operation 46 'mul' 'mul_ln574_21' <Predicate = true> <Delay = 1.64> <CoreInst = "Mul_DSP">   --->   Core 5 'Mul_DSP' <Latency = 2> <II = 1> <Delay = 1.64> <FuncUnit> <Opcode : 'mul'> <InPorts = 2> <OutPorts = 1>

State 7 <SV = 6> <Delay = 1.64>
ST_7 : Operation 47 [1/1] (0.00ns)   --->   "%rbegin8 = specregionbegin i32 @_ssdm_op_SpecRegionBegin, void @empty_62" [../src/fp_math_hls.cpp:574->../src/vehicle_model_hls.cpp:155]   --->   Operation 47 'specregionbegin' 'rbegin8' <Predicate = true> <Delay = 0.00>
ST_7 : Operation 48 [1/1] (0.00ns)   --->   "%rend9 = specregionend i32 @_ssdm_op_SpecRegionEnd, void @empty_62, i32 %rbegin8" [../src/fp_math_hls.cpp:574->../src/vehicle_model_hls.cpp:155]   --->   Operation 48 'specregionend' 'rend9' <Predicate = true> <Delay = 0.00>
ST_7 : Operation 49 [1/1] (0.00ns)   --->   "%rbegin6 = specregionbegin i32 @_ssdm_op_SpecRegionBegin, void @empty_51" [../src/fp_math_hls.cpp:574->../src/vehicle_model_hls.cpp:156]   --->   Operation 49 'specregionbegin' 'rbegin6' <Predicate = true> <Delay = 0.00>
ST_7 : Operation 50 [1/1] (0.00ns)   --->   "%rend7 = specregionend i32 @_ssdm_op_SpecRegionEnd, void @empty_51, i32 %rbegin6" [../src/fp_math_hls.cpp:574->../src/vehicle_model_hls.cpp:156]   --->   Operation 50 'specregionend' 'rend7' <Predicate = true> <Delay = 0.00>
ST_7 : Operation 51 [1/1] (0.00ns)   --->   "%rbegin4 = specregionbegin i32 @_ssdm_op_SpecRegionBegin, void @empty_60" [../src/fp_math_hls.cpp:574->../src/vehicle_model_hls.cpp:159]   --->   Operation 51 'specregionbegin' 'rbegin4' <Predicate = true> <Delay = 0.00>
ST_7 : Operation 52 [1/1] (0.00ns)   --->   "%rend5 = specregionend i32 @_ssdm_op_SpecRegionEnd, void @empty_60, i32 %rbegin4" [../src/fp_math_hls.cpp:574->../src/vehicle_model_hls.cpp:159]   --->   Operation 52 'specregionend' 'rend5' <Predicate = true> <Delay = 0.00>
ST_7 : Operation 53 [1/1] (0.00ns)   --->   "%rbegin2 = specregionbegin i32 @_ssdm_op_SpecRegionBegin, void @empty_86" [../src/fp_math_hls.cpp:574->../src/vehicle_model_hls.cpp:160]   --->   Operation 53 'specregionbegin' 'rbegin2' <Predicate = true> <Delay = 0.00>
ST_7 : Operation 54 [1/1] (0.00ns)   --->   "%rend3 = specregionend i32 @_ssdm_op_SpecRegionEnd, void @empty_86, i32 %rbegin2" [../src/fp_math_hls.cpp:574->../src/vehicle_model_hls.cpp:160]   --->   Operation 54 'specregionend' 'rend3' <Predicate = true> <Delay = 0.00>
ST_7 : Operation 55 [1/1] (0.00ns)   --->   "%rbegin = specregionbegin i32 @_ssdm_op_SpecRegionBegin, void @empty_87" [../src/fp_math_hls.cpp:574->../src/vehicle_model_hls.cpp:161]   --->   Operation 55 'specregionbegin' 'rbegin' <Predicate = true> <Delay = 0.00>
ST_7 : Operation 56 [1/3] (1.64ns)   --->   "%mul_ln574_21 = mul i41 %sext_ln574_28, i41 %sext_ln574_27" [../src/fp_math_hls.cpp:574->../src/vehicle_model_hls.cpp:161]   --->   Operation 56 'mul' 'mul_ln574_21' <Predicate = true> <Delay = 1.64> <CoreInst = "Mul_DSP">   --->   Core 5 'Mul_DSP' <Latency = 2> <II = 1> <Delay = 1.64> <FuncUnit> <Opcode : 'mul'> <InPorts = 2> <OutPorts = 1>
ST_7 : Operation 57 [1/1] (0.00ns)   --->   "%specfucore_ln576 = specfucore void @_ssdm_op_SpecFUCore, i41 %mul_ln574_21, i64 12, i64 3, i64 2, i1 0" [../src/fp_math_hls.cpp:576->../src/vehicle_model_hls.cpp:161]   --->   Operation 57 'specfucore' 'specfucore_ln576' <Predicate = true> <Delay = 0.00>
ST_7 : Operation 58 [1/1] (0.00ns)   --->   "%rend = specregionend i32 @_ssdm_op_SpecRegionEnd, void @empty_87, i32 %rbegin" [../src/fp_math_hls.cpp:574->../src/vehicle_model_hls.cpp:161]   --->   Operation 58 'specregionend' 'rend' <Predicate = true> <Delay = 0.00>
ST_7 : Operation 59 [1/1] (0.00ns)   --->   "%product_q_48 = partselect i21 @_ssdm_op_PartSelect.i21.i41.i32.i32, i41 %mul_ln574_21, i32 12, i32 32" [../src/fp_math_hls.cpp:577->../src/vehicle_model_hls.cpp:161]   --->   Operation 59 'partselect' 'product_q_48' <Predicate = true> <Delay = 0.00>
ST_7 : Operation 60 [1/1] (0.00ns)   --->   "%mrv = insertvalue i63 <undef>, i21 %product_q_46" [../src/vehicle_model_hls.cpp:162]   --->   Operation 60 'insertvalue' 'mrv' <Predicate = true> <Delay = 0.00>
ST_7 : Operation 61 [1/1] (0.00ns)   --->   "%mrv_1 = insertvalue i63 %mrv, i21 %product_q_47" [../src/vehicle_model_hls.cpp:162]   --->   Operation 61 'insertvalue' 'mrv_1' <Predicate = true> <Delay = 0.00>
ST_7 : Operation 62 [1/1] (0.00ns)   --->   "%mrv_2 = insertvalue i63 %mrv_1, i21 %product_q_48" [../src/vehicle_model_hls.cpp:162]   --->   Operation 62 'insertvalue' 'mrv_2' <Predicate = true> <Delay = 0.00>
ST_7 : Operation 63 [1/1] (0.00ns)   --->   "%ret_ln162 = ret i63 %mrv_2" [../src/vehicle_model_hls.cpp:162]   --->   Operation 63 'ret' 'ret_ln162' <Predicate = true> <Delay = 0.00>


============================================================
+ Verbose Summary: Binding
============================================================
STG Binding: 
---------------- STG Properties BEGIN ----------------
- Is combinational: 0
- Is one-state seq: 0
- Is datapath-only: 0
- Is pipelined: 1
- Is top level: 0
Port [ Return ] is wired: 1; IO mode=ap_ctrl_hs:ce=0
Port [ C_eff_r]:  wired=1; compound=0; hidden=0; nouse=0; global=0; static=0; extern=0; dir=0; type=0; pingpong=0; private_global=0; IO mode=ap_none:ce=0
Port [ rear_num]:  wired=1; compound=0; hidden=0; nouse=0; global=0; static=0; extern=0; dir=0; type=0; pingpong=0; private_global=0; IO mode=ap_none:ce=0
Port [ vx_safe]:  wired=1; compound=0; hidden=0; nouse=0; global=0; static=0; extern=0; dir=0; type=0; pingpong=0; private_global=0; IO mode=ap_none:ce=0
Port [ inv_D_r]:  wired=1; compound=0; hidden=0; nouse=0; global=0; static=0; extern=0; dir=0; type=0; pingpong=0; private_global=0; IO mode=ap_none:ce=0
---------------- STG Properties END ------------------

---------------- Datapath Model BEGIN ----------------

<LifeTime>
<method=bitvector/>
inv_D_r_read     (read           ) [ 00100000]
vx_safe_read     (read           ) [ 00000000]
zext_ln574       (zext           ) [ 00110000]
sext_ln574_22    (sext           ) [ 00110000]
rear_num_read    (read           ) [ 00000000]
sext_ln574       (sext           ) [ 00011000]
sext_ln574_23    (sext           ) [ 00011000]
C_eff_r_read     (read           ) [ 00001100]
mul_ln574        (mul            ) [ 00000000]
specfucore_ln576 (specfucore     ) [ 00000000]
product_q        (partselect     ) [ 00000000]
dar_dvy          (sub            ) [ 00000000]
sext_ln591       (sext           ) [ 00000000]
product          (mul            ) [ 00000000]
trunc_ln         (partselect     ) [ 00001100]
sext_ln574_24    (sext           ) [ 00001110]
sext_ln574_26    (sext           ) [ 00001100]
mul_ln574_18     (mul            ) [ 00000000]
specfucore_ln576 (specfucore     ) [ 00000000]
product_q_45     (partselect     ) [ 00000000]
sext_ln574_25    (sext           ) [ 00000110]
sext_ln574_27    (sext           ) [ 00000011]
mul_ln574_20     (mul            ) [ 00000000]
specfucore_ln576 (specfucore     ) [ 00000000]
product_q_47     (partselect     ) [ 00000011]
sext_ln574_28    (sext           ) [ 00000011]
mul_ln574_19     (mul            ) [ 00000000]
specfucore_ln576 (specfucore     ) [ 00000000]
product_q_46     (partselect     ) [ 00000001]
rbegin8          (specregionbegin) [ 00000000]
rend9            (specregionend  ) [ 00000000]
rbegin6          (specregionbegin) [ 00000000]
rend7            (specregionend  ) [ 00000000]
rbegin4          (specregionbegin) [ 00000000]
rend5            (specregionend  ) [ 00000000]
rbegin2          (specregionbegin) [ 00000000]
rend3            (specregionend  ) [ 00000000]
rbegin           (specregionbegin) [ 00000000]
mul_ln574_21     (mul            ) [ 00000000]
specfucore_ln576 (specfucore     ) [ 00000000]
rend             (specregionend  ) [ 00000000]
product_q_48     (partselect     ) [ 00000000]
mrv              (insertvalue    ) [ 00000000]
mrv_1            (insertvalue    ) [ 00000000]
mrv_2            (insertvalue    ) [ 00000000]
ret_ln162        (ret            ) [ 00000000]
</LifeTime>

<model>

<comp_list>
<comp id="0" class="1000" name="C_eff_r">
<pin_list>
<pin id="1" dir="1" index="0" bw="1" slack="0"/>
</pin_list>
<bind>
<StgValue><ssdm name="C_eff_r"/></StgValue>
</bind>
</comp>

<comp id="2" class="1000" name="rear_num">
<pin_list>
<pin id="3" dir="1" index="0" bw="1" slack="0"/>
</pin_list>
<bind>
<StgValue><ssdm name="rear_num"/></StgValue>
</bind>
</comp>

<comp id="4" class="1000" name="vx_safe">
<pin_list>
<pin id="5" dir="1" index="0" bw="1" slack="0"/>
</pin_list>
<bind>
<StgValue><ssdm name="vx_safe"/></StgValue>
</bind>
</comp>

<comp id="6" class="1000" name="inv_D_r">
<pin_list>
<pin id="7" dir="1" index="0" bw="1" slack="0"/>
</pin_list>
<bind>
<StgValue><ssdm name="inv_D_r"/></StgValue>
</bind>
</comp>

<comp id="8" class="1001" name="const_8">
<pin_list>
<pin id="9" dir="1" index="0" bw="1" slack="0"/>
</pin_list>
<bind>
<StgValue><ssdm name="_ssdm_op_Read.ap_auto.i20"/></StgValue>
</bind>
</comp>

<comp id="10" class="1001" name="const_10">
<pin_list>
<pin id="11" dir="1" index="0" bw="1" slack="0"/>
</pin_list>
<bind>
<StgValue><ssdm name="_ssdm_op_Read.ap_auto.i21"/></StgValue>
</bind>
</comp>

<comp id="12" class="1001" name="const_12">
<pin_list>
<pin id="13" dir="1" index="0" bw="1" slack="2147483647"/>
</pin_list>
<bind>
<StgValue><ssdm name="_ssdm_op_SpecFUCore"/></StgValue>
</bind>
</comp>

<comp id="14" class="1001" name="const_14">
<pin_list>
<pin id="15" dir="1" index="0" bw="1" slack="2147483647"/>
</pin_list>
<bind>
<StgValue><ssdm name=""/></StgValue>
</bind>
</comp>

<comp id="16" class="1001" name="const_16">
<pin_list>
<pin id="17" dir="1" index="0" bw="1" slack="2147483647"/>
</pin_list>
<bind>
<StgValue><ssdm name=""/></StgValue>
</bind>
</comp>

<comp id="18" class="1001" name="const_18">
<pin_list>
<pin id="19" dir="1" index="0" bw="1" slack="2147483647"/>
</pin_list>
<bind>
<StgValue><ssdm name=""/></StgValue>
</bind>
</comp>

<comp id="20" class="1001" name="const_20">
<pin_list>
<pin id="21" dir="1" index="0" bw="1" slack="2147483647"/>
</pin_list>
<bind>
<StgValue><ssdm name=""/></StgValue>
</bind>
</comp>

<comp id="22" class="1001" name="const_22">
<pin_list>
<pin id="23" dir="1" index="0" bw="1" slack="0"/>
</pin_list>
<bind>
<StgValue><ssdm name="_ssdm_op_PartSelect.i21.i40.i32.i32"/></StgValue>
</bind>
</comp>

<comp id="24" class="1001" name="const_24">
<pin_list>
<pin id="25" dir="1" index="0" bw="1" slack="0"/>
</pin_list>
<bind>
<StgValue><ssdm name=""/></StgValue>
</bind>
</comp>

<comp id="26" class="1001" name="const_26">
<pin_list>
<pin id="27" dir="1" index="0" bw="1" slack="0"/>
</pin_list>
<bind>
<StgValue><ssdm name=""/></StgValue>
</bind>
</comp>

<comp id="28" class="1001" name="const_28">
<pin_list>
<pin id="29" dir="1" index="0" bw="1" slack="0"/>
</pin_list>
<bind>
<StgValue><ssdm name=""/></StgValue>
</bind>
</comp>

<comp id="30" class="1001" name="const_30">
<pin_list>
<pin id="31" dir="1" index="0" bw="1" slack="0"/>
</pin_list>
<bind>
<StgValue><ssdm name=""/></StgValue>
</bind>
</comp>

<comp id="32" class="1001" name="const_32">
<pin_list>
<pin id="33" dir="1" index="0" bw="1" slack="0"/>
</pin_list>
<bind>
<StgValue><ssdm name="_ssdm_op_PartSelect.i20.i32.i32.i32"/></StgValue>
</bind>
</comp>

<comp id="34" class="1001" name="const_34">
<pin_list>
<pin id="35" dir="1" index="0" bw="1" slack="0"/>
</pin_list>
<bind>
<StgValue><ssdm name=""/></StgValue>
</bind>
</comp>

<comp id="36" class="1001" name="const_36">
<pin_list>
<pin id="37" dir="1" index="0" bw="1" slack="0"/>
</pin_list>
<bind>
<StgValue><ssdm name="_ssdm_op_PartSelect.i21.i41.i32.i32"/></StgValue>
</bind>
</comp>

<comp id="38" class="1001" name="const_38">
<pin_list>
<pin id="39" dir="1" index="0" bw="1" slack="0"/>
</pin_list>
<bind>
<StgValue><ssdm name="_ssdm_op_PartSelect.i21.i42.i32.i32"/></StgValue>
</bind>
</comp>

<comp id="40" class="1001" name="const_40">
<pin_list>
<pin id="41" dir="1" index="0" bw="1" slack="2147483647"/>
</pin_list>
<bind>
<StgValue><ssdm name="_ssdm_op_SpecRegionBegin"/></StgValue>
</bind>
</comp>

<comp id="42" class="1001" name="const_42">
<pin_list>
<pin id="43" dir="1" index="0" bw="1" slack="2147483647"/>
</pin_list>
<bind>
<StgValue><ssdm name="empty_62"/></StgValue>
</bind>
</comp>

<comp id="44" class="1001" name="const_44">
<pin_list>
<pin id="45" dir="1" index="0" bw="1" slack="2147483647"/>
</pin_list>
<bind>
<StgValue><ssdm name="_ssdm_op_SpecRegionEnd"/></StgValue>
</bind>
</comp>

<comp id="46" class="1001" name="const_46">
<pin_list>
<pin id="47" dir="1" index="0" bw="1" slack="2147483647"/>
</pin_list>
<bind>
<StgValue><ssdm name="empty_51"/></StgValue>
</bind>
</comp>

<comp id="48" class="1001" name="const_48">
<pin_list>
<pin id="49" dir="1" index="0" bw="1" slack="2147483647"/>
</pin_list>
<bind>
<StgValue><ssdm name="empty_60"/></StgValue>
</bind>
</comp>

<comp id="50" class="1001" name="const_50">
<pin_list>
<pin id="51" dir="1" index="0" bw="1" slack="2147483647"/>
</pin_list>
<bind>
<StgValue><ssdm name="empty_86"/></StgValue>
</bind>
</comp>

<comp id="52" class="1001" name="const_52">
<pin_list>
<pin id="53" dir="1" index="0" bw="1" slack="2147483647"/>
</pin_list>
<bind>
<StgValue><ssdm name="empty_87"/></StgValue>
</bind>
</comp>

<comp id="54" class="1001" name="const_54">
<pin_list>
<pin id="55" dir="1" index="0" bw="1" slack="0"/>
</pin_list>
<bind>
<StgValue><ssdm name=""/></StgValue>
</bind>
</comp>

<comp id="56" class="1004" name="inv_D_r_read_read_fu_56">
<pin_list>
<pin id="57" dir="0" index="0" bw="20" slack="0"/>
<pin id="58" dir="0" index="1" bw="20" slack="0"/>
<pin id="59" dir="1" index="2" bw="20" slack="0"/>
</pin_list>
<bind>
<opcode="read(1150) " fcode="read"/>
<opset="inv_D_r_read/1 "/>
</bind>
</comp>

<comp id="62" class="1004" name="vx_safe_read_read_fu_62">
<pin_list>
<pin id="63" dir="0" index="0" bw="20" slack="0"/>
<pin id="64" dir="0" index="1" bw="20" slack="0"/>
<pin id="65" dir="1" index="2" bw="20" slack="0"/>
</pin_list>
<bind>
<opcode="read(1150) " fcode="read"/>
<opset="vx_safe_read/1 "/>
</bind>
</comp>

<comp id="68" class="1004" name="rear_num_read_read_fu_68">
<pin_list>
<pin id="69" dir="0" index="0" bw="21" slack="0"/>
<pin id="70" dir="0" index="1" bw="21" slack="0"/>
<pin id="71" dir="1" index="2" bw="21" slack="0"/>
</pin_list>
<bind>
<opcode="read(1150) " fcode="read"/>
<opset="rear_num_read/2 "/>
</bind>
</comp>

<comp id="74" class="1004" name="C_eff_r_read_read_fu_74">
<pin_list>
<pin id="75" dir="0" index="0" bw="21" slack="0"/>
<pin id="76" dir="0" index="1" bw="21" slack="0"/>
<pin id="77" dir="1" index="2" bw="21" slack="0"/>
</pin_list>
<bind>
<opcode="read(1150) " fcode="read"/>
<opset="C_eff_r_read/3 "/>
</bind>
</comp>

<comp id="80" class="1004" name="grp_fu_80">
<pin_list>
<pin id="81" dir="0" index="0" bw="20" slack="0"/>
<pin id="82" dir="0" index="1" bw="20" slack="0"/>
<pin id="83" dir="1" index="2" bw="40" slack="0"/>
</pin_list>
<bind>
<opcode="mul(12) " fcode="mul"/>
<opset="mul_ln574/1 "/>
</bind>
</comp>

<comp id="84" class="1004" name="grp_fu_84">
<pin_list>
<pin id="85" dir="0" index="0" bw="20" slack="0"/>
<pin id="86" dir="0" index="1" bw="21" slack="0"/>
<pin id="87" dir="1" index="2" bw="41" slack="0"/>
</pin_list>
<bind>
<opcode="mul(12) " fcode="mul"/>
<opset="mul_ln574_21/5 "/>
</bind>
</comp>

<comp id="88" class="1004" name="grp_fu_88">
<pin_list>
<pin id="89" dir="0" index="0" bw="21" slack="0"/>
<pin id="90" dir="0" index="1" bw="20" slack="0"/>
<pin id="91" dir="1" index="2" bw="41" slack="0"/>
</pin_list>
<bind>
<opcode="mul(12) " fcode="mul"/>
<opset="mul_ln574_18/2 "/>
</bind>
</comp>

<comp id="92" class="1004" name="grp_fu_92">
<pin_list>
<pin id="93" dir="0" index="0" bw="21" slack="0"/>
<pin id="94" dir="0" index="1" bw="21" slack="0"/>
<pin id="95" dir="1" index="2" bw="42" slack="0"/>
</pin_list>
<bind>
<opcode="mul(12) " fcode="mul"/>
<opset="mul_ln574_20/3 mul_ln574_19/4 "/>
</bind>
</comp>

<comp id="96" class="1004" name="grp_fu_96">
<pin_list>
<pin id="97" dir="0" index="0" bw="21" slack="0"/>
<pin id="98" dir="0" index="1" bw="42" slack="0"/>
<pin id="99" dir="0" index="2" bw="5" slack="0"/>
<pin id="100" dir="0" index="3" bw="7" slack="0"/>
<pin id="101" dir="1" index="4" bw="21" slack="1"/>
</pin_list>
<bind>
<opcode="partselect(1002) " fcode="partselect"/>
<opset="product_q_47/5 product_q_46/6 "/>
</bind>
</comp>

<comp id="106" class="1004" name="zext_ln574_fu_106">
<pin_list>
<pin id="107" dir="0" index="0" bw="20" slack="0"/>
<pin id="108" dir="1" index="1" bw="40" slack="0"/>
</pin_list>
<bind>
<opcode="zext(34) " fcode="zext"/>
<opset="zext_ln574/1 "/>
</bind>
</comp>

<comp id="111" class="1004" name="sext_ln574_22_fu_111">
<pin_list>
<pin id="112" dir="0" index="0" bw="20" slack="0"/>
<pin id="113" dir="1" index="1" bw="40" slack="0"/>
</pin_list>
<bind>
<opcode="sext(35) " fcode="sext"/>
<opset="sext_ln574_22/1 "/>
</bind>
</comp>

<comp id="116" class="1004" name="sext_ln574_fu_116">
<pin_list>
<pin id="117" dir="0" index="0" bw="20" slack="1"/>
<pin id="118" dir="1" index="1" bw="41" slack="0"/>
</pin_list>
<bind>
<opcode="sext(35) " fcode="sext"/>
<opset="sext_ln574/2 "/>
</bind>
</comp>

<comp id="120" class="1004" name="sext_ln574_23_fu_120">
<pin_list>
<pin id="121" dir="0" index="0" bw="21" slack="0"/>
<pin id="122" dir="1" index="1" bw="41" slack="0"/>
</pin_list>
<bind>
<opcode="sext(35) " fcode="sext"/>
<opset="sext_ln574_23/2 "/>
</bind>
</comp>

<comp id="125" class="1004" name="product_q_fu_125">
<pin_list>
<pin id="126" dir="0" index="0" bw="21" slack="0"/>
<pin id="127" dir="0" index="1" bw="40" slack="0"/>
<pin id="128" dir="0" index="2" bw="5" slack="0"/>
<pin id="129" dir="0" index="3" bw="7" slack="0"/>
<pin id="130" dir="1" index="4" bw="21" slack="0"/>
</pin_list>
<bind>
<opcode="partselect(1002) " fcode="partselect"/>
<opset="product_q/3 "/>
</bind>
</comp>

<comp id="135" class="1004" name="dar_dvy_fu_135">
<pin_list>
<pin id="136" dir="0" index="0" bw="1" slack="0"/>
<pin id="137" dir="0" index="1" bw="21" slack="0"/>
<pin id="138" dir="1" index="2" bw="21" slack="0"/>
</pin_list>
<bind>
<opcode="sub(10) " fcode="sub"/>
<opset="dar_dvy/3 "/>
</bind>
</comp>

<comp id="141" class="1004" name="sext_ln591_fu_141">
<pin_list>
<pin id="142" dir="0" index="0" bw="21" slack="0"/>
<pin id="143" dir="1" index="1" bw="32" slack="0"/>
</pin_list>
<bind>
<opcode="sext(35) " fcode="sext"/>
<opset="sext_ln591/3 "/>
</bind>
</comp>

<comp id="145" class="1004" name="product_fu_145">
<pin_list>
<pin id="146" dir="0" index="0" bw="21" slack="0"/>
<pin id="147" dir="0" index="1" bw="11" slack="0"/>
<pin id="148" dir="1" index="2" bw="32" slack="0"/>
</pin_list>
<bind>
<opcode="mul(12) " fcode="mul"/>
<opset="product/3 "/>
</bind>
</comp>

<comp id="151" class="1004" name="trunc_ln_fu_151">
<pin_list>
<pin id="152" dir="0" index="0" bw="20" slack="0"/>
<pin id="153" dir="0" index="1" bw="32" slack="0"/>
<pin id="154" dir="0" index="2" bw="5" slack="0"/>
<pin id="155" dir="0" index="3" bw="6" slack="0"/>
<pin id="156" dir="1" index="4" bw="20" slack="2"/>
</pin_list>
<bind>
<opcode="partselect(1002) " fcode="partselect"/>
<opset="trunc_ln/3 "/>
</bind>
</comp>

<comp id="161" class="1004" name="sext_ln574_24_fu_161">
<pin_list>
<pin id="162" dir="0" index="0" bw="21" slack="0"/>
<pin id="163" dir="1" index="1" bw="42" slack="0"/>
</pin_list>
<bind>
<opcode="sext(35) " fcode="sext"/>
<opset="sext_ln574_24/3 "/>
</bind>
</comp>

<comp id="166" class="1004" name="sext_ln574_26_fu_166">
<pin_list>
<pin id="167" dir="0" index="0" bw="21" slack="0"/>
<pin id="168" dir="1" index="1" bw="42" slack="0"/>
</pin_list>
<bind>
<opcode="sext(35) " fcode="sext"/>
<opset="sext_ln574_26/3 "/>
</bind>
</comp>

<comp id="171" class="1004" name="product_q_45_fu_171">
<pin_list>
<pin id="172" dir="0" index="0" bw="21" slack="0"/>
<pin id="173" dir="0" index="1" bw="41" slack="0"/>
<pin id="174" dir="0" index="2" bw="5" slack="0"/>
<pin id="175" dir="0" index="3" bw="7" slack="0"/>
<pin id="176" dir="1" index="4" bw="21" slack="0"/>
</pin_list>
<bind>
<opcode="partselect(1002) " fcode="partselect"/>
<opset="product_q_45/4 "/>
</bind>
</comp>

<comp id="181" class="1004" name="sext_ln574_25_fu_181">
<pin_list>
<pin id="182" dir="0" index="0" bw="21" slack="0"/>
<pin id="183" dir="1" index="1" bw="42" slack="0"/>
</pin_list>
<bind>
<opcode="sext(35) " fcode="sext"/>
<opset="sext_ln574_25/4 "/>
</bind>
</comp>

<comp id="186" class="1004" name="sext_ln574_27_fu_186">
<pin_list>
<pin id="187" dir="0" index="0" bw="21" slack="2"/>
<pin id="188" dir="1" index="1" bw="41" slack="0"/>
</pin_list>
<bind>
<opcode="sext(35) " fcode="sext"/>
<opset="sext_ln574_27/5 "/>
</bind>
</comp>

<comp id="190" class="1004" name="sext_ln574_28_fu_190">
<pin_list>
<pin id="191" dir="0" index="0" bw="20" slack="2"/>
<pin id="192" dir="1" index="1" bw="41" slack="0"/>
</pin_list>
<bind>
<opcode="sext(35) " fcode="sext"/>
<opset="sext_ln574_28/5 "/>
</bind>
</comp>

<comp id="194" class="1004" name="product_q_48_fu_194">
<pin_list>
<pin id="195" dir="0" index="0" bw="21" slack="0"/>
<pin id="196" dir="0" index="1" bw="41" slack="0"/>
<pin id="197" dir="0" index="2" bw="5" slack="0"/>
<pin id="198" dir="0" index="3" bw="7" slack="0"/>
<pin id="199" dir="1" index="4" bw="21" slack="0"/>
</pin_list>
<bind>
<opcode="partselect(1002) " fcode="partselect"/>
<opset="product_q_48/7 "/>
</bind>
</comp>

<comp id="204" class="1004" name="mrv_fu_204">
<pin_list>
<pin id="205" dir="0" index="0" bw="63" slack="0"/>
<pin id="206" dir="0" index="1" bw="21" slack="1"/>
<pin id="207" dir="1" index="2" bw="63" slack="0"/>
</pin_list>
<bind>
<opcode="insertvalue(57) " fcode="insertvalue"/>
<opset="mrv/7 "/>
</bind>
</comp>

<comp id="209" class="1004" name="mrv_1_fu_209">
<pin_list>
<pin id="210" dir="0" index="0" bw="63" slack="0"/>
<pin id="211" dir="0" index="1" bw="21" slack="2"/>
<pin id="212" dir="1" index="2" bw="63" slack="0"/>
</pin_list>
<bind>
<opcode="insertvalue(57) " fcode="insertvalue"/>
<opset="mrv_1/7 "/>
</bind>
</comp>

<comp id="214" class="1004" name="mrv_2_fu_214">
<pin_list>
<pin id="215" dir="0" index="0" bw="63" slack="0"/>
<pin id="216" dir="0" index="1" bw="21" slack="0"/>
<pin id="217" dir="1" index="2" bw="63" slack="2147483647"/>
</pin_list>
<bind>
<opcode="insertvalue(57) " fcode="insertvalue"/>
<opset="mrv_2/7 "/>
</bind>
</comp>

<comp id="220" class="1005" name="inv_D_r_read_reg_220">
<pin_list>
<pin id="221" dir="0" index="0" bw="20" slack="1"/>
<pin id="222" dir="1" index="1" bw="20" slack="1"/>
</pin_list>
<bind>
<opset="inv_D_r_read "/>
</bind>
</comp>

<comp id="225" class="1005" name="zext_ln574_reg_225">
<pin_list>
<pin id="226" dir="0" index="0" bw="40" slack="1"/>
<pin id="227" dir="1" index="1" bw="40" slack="1"/>
</pin_list>
<bind>
<opset="zext_ln574 "/>
</bind>
</comp>

<comp id="230" class="1005" name="sext_ln574_22_reg_230">
<pin_list>
<pin id="231" dir="0" index="0" bw="40" slack="1"/>
<pin id="232" dir="1" index="1" bw="40" slack="1"/>
</pin_list>
<bind>
<opset="sext_ln574_22 "/>
</bind>
</comp>

<comp id="235" class="1005" name="sext_ln574_reg_235">
<pin_list>
<pin id="236" dir="0" index="0" bw="41" slack="1"/>
<pin id="237" dir="1" index="1" bw="41" slack="1"/>
</pin_list>
<bind>
<opset="sext_ln574 "/>
</bind>
</comp>

<comp id="240" class="1005" name="sext_ln574_23_reg_240">
<pin_list>
<pin id="241" dir="0" index="0" bw="41" slack="1"/>
<pin id="242" dir="1" index="1" bw="41" slack="1"/>
</pin_list>
<bind>
<opset="sext_ln574_23 "/>
</bind>
</comp>

<comp id="245" class="1005" name="C_eff_r_read_reg_245">
<pin_list>
<pin id="246" dir="0" index="0" bw="21" slack="2"/>
<pin id="247" dir="1" index="1" bw="21" slack="2"/>
</pin_list>
<bind>
<opset="C_eff_r_read "/>
</bind>
</comp>

<comp id="250" class="1005" name="trunc_ln_reg_250">
<pin_list>
<pin id="251" dir="0" index="0" bw="20" slack="2"/>
<pin id="252" dir="1" index="1" bw="20" slack="2"/>
</pin_list>
<bind>
<opset="trunc_ln "/>
</bind>
</comp>

<comp id="255" class="1005" name="sext_ln574_24_reg_255">
<pin_list>
<pin id="256" dir="0" index="0" bw="42" slack="1"/>
<pin id="257" dir="1" index="1" bw="42" slack="1"/>
</pin_list>
<bind>
<opset="sext_ln574_24 "/>
</bind>
</comp>

<comp id="260" class="1005" name="sext_ln574_26_reg_260">
<pin_list>
<pin id="261" dir="0" index="0" bw="42" slack="1"/>
<pin id="262" dir="1" index="1" bw="42" slack="1"/>
</pin_list>
<bind>
<opset="sext_ln574_26 "/>
</bind>
</comp>

<comp id="265" class="1005" name="sext_ln574_25_reg_265">
<pin_list>
<pin id="266" dir="0" index="0" bw="42" slack="1"/>
<pin id="267" dir="1" index="1" bw="42" slack="1"/>
</pin_list>
<bind>
<opset="sext_ln574_25 "/>
</bind>
</comp>

<comp id="270" class="1005" name="sext_ln574_27_reg_270">
<pin_list>
<pin id="271" dir="0" index="0" bw="41" slack="1"/>
<pin id="272" dir="1" index="1" bw="41" slack="1"/>
</pin_list>
<bind>
<opset="sext_ln574_27 "/>
</bind>
</comp>

<comp id="275" class="1005" name="product_q_47_reg_275">
<pin_list>
<pin id="276" dir="0" index="0" bw="21" slack="2"/>
<pin id="277" dir="1" index="1" bw="21" slack="2"/>
</pin_list>
<bind>
<opset="product_q_47 "/>
</bind>
</comp>

<comp id="280" class="1005" name="sext_ln574_28_reg_280">
<pin_list>
<pin id="281" dir="0" index="0" bw="41" slack="1"/>
<pin id="282" dir="1" index="1" bw="41" slack="1"/>
</pin_list>
<bind>
<opset="sext_ln574_28 "/>
</bind>
</comp>

<comp id="285" class="1005" name="product_q_46_reg_285">
<pin_list>
<pin id="286" dir="0" index="0" bw="21" slack="1"/>
<pin id="287" dir="1" index="1" bw="21" slack="1"/>
</pin_list>
<bind>
<opset="product_q_46 "/>
</bind>
</comp>

</comp_list>

<net_list>
<net id="60"><net_src comp="8" pin="0"/><net_sink comp="56" pin=0"/></net>

<net id="61"><net_src comp="6" pin="0"/><net_sink comp="56" pin=1"/></net>

<net id="66"><net_src comp="8" pin="0"/><net_sink comp="62" pin=0"/></net>

<net id="67"><net_src comp="4" pin="0"/><net_sink comp="62" pin=1"/></net>

<net id="72"><net_src comp="10" pin="0"/><net_sink comp="68" pin=0"/></net>

<net id="73"><net_src comp="2" pin="0"/><net_sink comp="68" pin=1"/></net>

<net id="78"><net_src comp="10" pin="0"/><net_sink comp="74" pin=0"/></net>

<net id="79"><net_src comp="0" pin="0"/><net_sink comp="74" pin=1"/></net>

<net id="102"><net_src comp="38" pin="0"/><net_sink comp="96" pin=0"/></net>

<net id="103"><net_src comp="92" pin="2"/><net_sink comp="96" pin=1"/></net>

<net id="104"><net_src comp="24" pin="0"/><net_sink comp="96" pin=2"/></net>

<net id="105"><net_src comp="26" pin="0"/><net_sink comp="96" pin=3"/></net>

<net id="109"><net_src comp="62" pin="2"/><net_sink comp="106" pin=0"/></net>

<net id="110"><net_src comp="106" pin="1"/><net_sink comp="80" pin=1"/></net>

<net id="114"><net_src comp="56" pin="2"/><net_sink comp="111" pin=0"/></net>

<net id="115"><net_src comp="111" pin="1"/><net_sink comp="80" pin=0"/></net>

<net id="119"><net_src comp="116" pin="1"/><net_sink comp="88" pin=1"/></net>

<net id="123"><net_src comp="68" pin="2"/><net_sink comp="120" pin=0"/></net>

<net id="124"><net_src comp="120" pin="1"/><net_sink comp="88" pin=0"/></net>

<net id="131"><net_src comp="22" pin="0"/><net_sink comp="125" pin=0"/></net>

<net id="132"><net_src comp="80" pin="2"/><net_sink comp="125" pin=1"/></net>

<net id="133"><net_src comp="24" pin="0"/><net_sink comp="125" pin=2"/></net>

<net id="134"><net_src comp="26" pin="0"/><net_sink comp="125" pin=3"/></net>

<net id="139"><net_src comp="28" pin="0"/><net_sink comp="135" pin=0"/></net>

<net id="140"><net_src comp="125" pin="4"/><net_sink comp="135" pin=1"/></net>

<net id="144"><net_src comp="125" pin="4"/><net_sink comp="141" pin=0"/></net>

<net id="149"><net_src comp="141" pin="1"/><net_sink comp="145" pin=0"/></net>

<net id="150"><net_src comp="30" pin="0"/><net_sink comp="145" pin=1"/></net>

<net id="157"><net_src comp="32" pin="0"/><net_sink comp="151" pin=0"/></net>

<net id="158"><net_src comp="145" pin="2"/><net_sink comp="151" pin=1"/></net>

<net id="159"><net_src comp="24" pin="0"/><net_sink comp="151" pin=2"/></net>

<net id="160"><net_src comp="34" pin="0"/><net_sink comp="151" pin=3"/></net>

<net id="164"><net_src comp="74" pin="2"/><net_sink comp="161" pin=0"/></net>

<net id="165"><net_src comp="161" pin="1"/><net_sink comp="92" pin=1"/></net>

<net id="169"><net_src comp="135" pin="2"/><net_sink comp="166" pin=0"/></net>

<net id="170"><net_src comp="166" pin="1"/><net_sink comp="92" pin=0"/></net>

<net id="177"><net_src comp="36" pin="0"/><net_sink comp="171" pin=0"/></net>

<net id="178"><net_src comp="88" pin="2"/><net_sink comp="171" pin=1"/></net>

<net id="179"><net_src comp="24" pin="0"/><net_sink comp="171" pin=2"/></net>

<net id="180"><net_src comp="26" pin="0"/><net_sink comp="171" pin=3"/></net>

<net id="184"><net_src comp="171" pin="4"/><net_sink comp="181" pin=0"/></net>

<net id="185"><net_src comp="181" pin="1"/><net_sink comp="92" pin=0"/></net>

<net id="189"><net_src comp="186" pin="1"/><net_sink comp="84" pin=1"/></net>

<net id="193"><net_src comp="190" pin="1"/><net_sink comp="84" pin=0"/></net>

<net id="200"><net_src comp="36" pin="0"/><net_sink comp="194" pin=0"/></net>

<net id="201"><net_src comp="84" pin="2"/><net_sink comp="194" pin=1"/></net>

<net id="202"><net_src comp="24" pin="0"/><net_sink comp="194" pin=2"/></net>

<net id="203"><net_src comp="26" pin="0"/><net_sink comp="194" pin=3"/></net>

<net id="208"><net_src comp="54" pin="0"/><net_sink comp="204" pin=0"/></net>

<net id="213"><net_src comp="204" pin="2"/><net_sink comp="209" pin=0"/></net>

<net id="218"><net_src comp="209" pin="2"/><net_sink comp="214" pin=0"/></net>

<net id="219"><net_src comp="194" pin="4"/><net_sink comp="214" pin=1"/></net>

<net id="223"><net_src comp="56" pin="2"/><net_sink comp="220" pin=0"/></net>

<net id="224"><net_src comp="220" pin="1"/><net_sink comp="116" pin=0"/></net>

<net id="228"><net_src comp="106" pin="1"/><net_sink comp="225" pin=0"/></net>

<net id="229"><net_src comp="225" pin="1"/><net_sink comp="80" pin=1"/></net>

<net id="233"><net_src comp="111" pin="1"/><net_sink comp="230" pin=0"/></net>

<net id="234"><net_src comp="230" pin="1"/><net_sink comp="80" pin=0"/></net>

<net id="238"><net_src comp="116" pin="1"/><net_sink comp="235" pin=0"/></net>

<net id="239"><net_src comp="235" pin="1"/><net_sink comp="88" pin=1"/></net>

<net id="243"><net_src comp="120" pin="1"/><net_sink comp="240" pin=0"/></net>

<net id="244"><net_src comp="240" pin="1"/><net_sink comp="88" pin=0"/></net>

<net id="248"><net_src comp="74" pin="2"/><net_sink comp="245" pin=0"/></net>

<net id="249"><net_src comp="245" pin="1"/><net_sink comp="186" pin=0"/></net>

<net id="253"><net_src comp="151" pin="4"/><net_sink comp="250" pin=0"/></net>

<net id="254"><net_src comp="250" pin="1"/><net_sink comp="190" pin=0"/></net>

<net id="258"><net_src comp="161" pin="1"/><net_sink comp="255" pin=0"/></net>

<net id="259"><net_src comp="255" pin="1"/><net_sink comp="92" pin=1"/></net>

<net id="263"><net_src comp="166" pin="1"/><net_sink comp="260" pin=0"/></net>

<net id="264"><net_src comp="260" pin="1"/><net_sink comp="92" pin=0"/></net>

<net id="268"><net_src comp="181" pin="1"/><net_sink comp="265" pin=0"/></net>

<net id="269"><net_src comp="265" pin="1"/><net_sink comp="92" pin=0"/></net>

<net id="273"><net_src comp="186" pin="1"/><net_sink comp="270" pin=0"/></net>

<net id="274"><net_src comp="270" pin="1"/><net_sink comp="84" pin=1"/></net>

<net id="278"><net_src comp="96" pin="4"/><net_sink comp="275" pin=0"/></net>

<net id="279"><net_src comp="275" pin="1"/><net_sink comp="209" pin=1"/></net>

<net id="283"><net_src comp="190" pin="1"/><net_sink comp="280" pin=0"/></net>

<net id="284"><net_src comp="280" pin="1"/><net_sink comp="84" pin=0"/></net>

<net id="288"><net_src comp="96" pin="4"/><net_sink comp="285" pin=0"/></net>

<net id="289"><net_src comp="285" pin="1"/><net_sink comp="204" pin=1"/></net>

</net_list>

</model> 
---------------- Datapath Model END ------------------

* FSMD analyzer results:
  - Output states:
	Port: C_eff_r | {}
	Port: rear_num | {}
	Port: vx_safe | {}
	Port: inv_D_r | {}
 - Input state : 
	Port: fp_rear_force_jacobians_fn : C_eff_r | {3 }
	Port: fp_rear_force_jacobians_fn : rear_num | {2 }
	Port: fp_rear_force_jacobians_fn : vx_safe | {1 }
	Port: fp_rear_force_jacobians_fn : inv_D_r | {1 }
  - Chain level:
	State 1
		mul_ln574 : 1
	State 2
		mul_ln574_18 : 1
	State 3
		specfucore_ln576 : 1
		product_q : 1
		dar_dvy : 2
		sext_ln591 : 2
		product : 3
		trunc_ln : 4
		sext_ln574_26 : 3
		mul_ln574_20 : 4
	State 4
		specfucore_ln576 : 1
		product_q_45 : 1
		sext_ln574_25 : 2
		mul_ln574_19 : 3
	State 5
		specfucore_ln576 : 1
		product_q_47 : 1
		mul_ln574_21 : 1
	State 6
		specfucore_ln576 : 1
		product_q_46 : 1
	State 7
		rend9 : 1
		rend7 : 1
		rend5 : 1
		rend3 : 1
		specfucore_ln576 : 1
		rend : 1
		product_q_48 : 1
		mrv_1 : 1
		mrv_2 : 2
		ret_ln162 : 3


============================================================
+ Verbose Summary: Datapath Resource usage 
============================================================

* Functional unit list:
|----------|--------------------------|---------|---------|---------|
| Operation|      Functional Unit     |   DSP   |    FF   |   LUT   |
|----------|--------------------------|---------|---------|---------|
|          |         grp_fu_80        |    2    |    8    |    11   |
|          |         grp_fu_84        |    2    |    10   |    14   |
|    mul   |         grp_fu_88        |    2    |    10   |    14   |
|          |         grp_fu_92        |    2    |    10   |    14   |
|          |      product_fu_145      |    1    |    0    |    15   |
|----------|--------------------------|---------|---------|---------|
|    sub   |      dar_dvy_fu_135      |    0    |    0    |    28   |
|----------|--------------------------|---------|---------|---------|
|          |  inv_D_r_read_read_fu_56 |    0    |    0    |    0    |
|   read   |  vx_safe_read_read_fu_62 |    0    |    0    |    0    |
|          | rear_num_read_read_fu_68 |    0    |    0    |    0    |
|          |  C_eff_r_read_read_fu_74 |    0    |    0    |    0    |
|----------|--------------------------|---------|---------|---------|
|          |         grp_fu_96        |    0    |    0    |    0    |
|          |     product_q_fu_125     |    0    |    0    |    0    |
|partselect|      trunc_ln_fu_151     |    0    |    0    |    0    |
|          |    product_q_45_fu_171   |    0    |    0    |    0    |
|          |    product_q_48_fu_194   |    0    |    0    |    0    |
|----------|--------------------------|---------|---------|---------|
|   zext   |     zext_ln574_fu_106    |    0    |    0    |    0    |
|----------|--------------------------|---------|---------|---------|
|          |   sext_ln574_22_fu_111   |    0    |    0    |    0    |
|          |     sext_ln574_fu_116    |    0    |    0    |    0    |
|          |   sext_ln574_23_fu_120   |    0    |    0    |    0    |
|          |     sext_ln591_fu_141    |    0    |    0    |    0    |
|   sext   |   sext_ln574_24_fu_161   |    0    |    0    |    0    |
|          |   sext_ln574_26_fu_166   |    0    |    0    |    0    |
|          |   sext_ln574_25_fu_181   |    0    |    0    |    0    |
|          |   sext_ln574_27_fu_186   |    0    |    0    |    0    |
|          |   sext_ln574_28_fu_190   |    0    |    0    |    0    |
|----------|--------------------------|---------|---------|---------|
|          |        mrv_fu_204        |    0    |    0    |    0    |
|insertvalue|       mrv_1_fu_209       |    0    |    0    |    0    |
|          |       mrv_2_fu_214       |    0    |    0    |    0    |
|----------|--------------------------|---------|---------|---------|
|   Total  |                          |    9    |    38   |    96   |
|----------|--------------------------|---------|---------|---------|

Memories:
N/A

* Register list:
+---------------------+--------+
|                     |   FF   |
+---------------------+--------+
| C_eff_r_read_reg_245|   21   |
| inv_D_r_read_reg_220|   20   |
| product_q_46_reg_285|   21   |
| product_q_47_reg_275|   21   |
|sext_ln574_22_reg_230|   40   |
|sext_ln574_23_reg_240|   41   |
|sext_ln574_24_reg_255|   42   |
|sext_ln574_25_reg_265|   42   |
|sext_ln574_26_reg_260|   42   |
|sext_ln574_27_reg_270|   41   |
|sext_ln574_28_reg_280|   41   |
|  sext_ln574_reg_235 |   41   |
|   trunc_ln_reg_250  |   20   |
|  zext_ln574_reg_225 |   40   |
+---------------------+--------+
|        Total        |   473  |
+---------------------+--------+

* Multiplexer (MUX) list: 
|-----------|------|------|------|--------||---------||---------||---------|
|    Comp   |  Pin | Size |  BW  | S x BW ||  Delay  ||    FF   ||   LUT   |
|-----------|------|------|------|--------||---------||---------||---------|
| grp_fu_80 |  p0  |   2  |  20  |   40   ||    0    ||    9    |
| grp_fu_80 |  p1  |   2  |  20  |   40   ||    0    ||    9    |
| grp_fu_84 |  p0  |   2  |  20  |   40   ||    0    ||    9    |
| grp_fu_84 |  p1  |   2  |  21  |   42   ||    0    ||    9    |
| grp_fu_88 |  p0  |   2  |  21  |   42   ||    0    ||    9    |
| grp_fu_88 |  p1  |   2  |  20  |   40   ||    0    ||    9    |
| grp_fu_92 |  p0  |   4  |  21  |   84   ||    0    ||    20   |
| grp_fu_92 |  p1  |   2  |  21  |   42   ||    0    ||    9    |
|-----------|------|------|------|--------||---------||---------||---------|
|   Total   |      |      |      |   370  ||  3.514  ||    0    ||    83   |
|-----------|------|------|------|--------||---------||---------||---------|



* Summary:
+-----------+--------+--------+--------+--------+
|           |   DSP  |  Delay |   FF   |   LUT  |
+-----------+--------+--------+--------+--------+
|  Function |    9   |    -   |   38   |   96   |
|   Memory  |    -   |    -   |    -   |    -   |
|Multiplexer|    -   |    3   |    0   |   83   |
|  Register |    -   |    -   |   473  |    -   |
+-----------+--------+--------+--------+--------+
|   Total   |    9   |    3   |   511  |   179  |
+-----------+--------+--------+--------+--------+
