

================================================================
== Vitis HLS Report for 'fp_recip_fn'
================================================================
* Date:           Thu Jun 11 16:06:48 2026

* Version:        2025.2 (Build 6295257 on Nov 14 2025)
* Project:        mpc_fpga_top_opencl
* Solution:       hls (Vitis Kernel Flow Target)
* Product family: zynquplus
* Target device:  xck26-sfvc784-2LV-c


================================================================
== Performance Estimates
================================================================
+ Timing: 
    * Summary: 
    +--------+---------+----------+------------+
    |  Clock |  Target | Estimated| Uncertainty|
    +--------+---------+----------+------------+
    |ap_clk  |  5.00 ns|  4.376 ns|     0.50 ns|
    +--------+---------+----------+------------+

+ Latency: 
    * Summary: 
    +---------+---------+-----------+-----------+-----+-----+---------+
    |  Latency (cycles) |   Latency (absolute)  |  Interval | Pipeline|
    |   min   |   max   |    min    |    max    | min | max |   Type  |
    +---------+---------+-----------+-----------+-----+-----+---------+
    |        5|        5|  25.000 ns|  25.000 ns|    1|    1|      yes|
    +---------+---------+-----------+-----------+-----+-----+---------+

    + Detail: 
        * Instance: 
        N/A

        * Loop: 
        N/A

============================================================
+ Verbose Summary: Synthesis Manager
============================================================
InlineROM: 1
ExposeGlobal: 0
============================================================
+ Verbose Summary: CDFG Model
============================================================
IsTopModel: 0
ResetActiveHigh: 1
IsCombinational: 0
IsDatapathOnly: 0
HasWiredReturn: 1
HasMFsm: 2
HasVarLatency: 0
IsPipeline: 1
IsRtlPipelined: 1
IsInstanceOverlapped: 0
IsDontTouch: 0
HasImplIP: 0
IsGatedGlobalClock: 0

+ Individual pipeline summary: 
  * Pipeline-0: initiation interval (II) = 1, depth = 6


============================================================
+ Verbose Summary: Schedule
============================================================
* Number of FSM states : 6
* Pipeline : 1
  Pipeline-0 : II = 1, D = 6, States = { 1 2 3 4 5 6 }
* Dataflow Pipeline: 0

* FSM state transitions: 
1 --> 2 
2 --> 3 
3 --> 4 
4 --> 5 
5 --> 6 
6 --> 

* FSM state operations: 

State 1 <SV = 0> <Delay = 3.32>
ST_1 : Operation 7 [1/1] (0.00ns)   --->   "%x_read = read i21 @_ssdm_op_Read.ap_auto.i21, i21 %x" [../src/fp_math_hls.cpp:657]   --->   Operation 7 'read' 'x_read' <Predicate = true> <Delay = 0.00>
ST_1 : Operation 8 [1/1] (0.90ns)   --->   "%icmp_ln667 = icmp_eq  i21 %x_read, i21 0" [../src/fp_math_hls.cpp:667]   --->   Operation 8 'icmp' 'icmp_ln667' <Predicate = true> <Delay = 0.90> <CoreInst = "Cmp">   --->   Core 9 'Cmp' <Latency = 0> <II = 1> <Delay = 0.90> <FuncUnit> <Opcode : 'seteq' 'setne' 'setle' 'setge' 'setlt' 'setgt'> <InPorts = 2> <OutPorts = 1>
ST_1 : Operation 9 [1/1] (0.00ns)   --->   "%neg = bitselect i1 @_ssdm_op_BitSelect.i1.i21.i32, i21 %x_read, i32 20" [../src/fp_math_hls.cpp:670]   --->   Operation 9 'bitselect' 'neg' <Predicate = true> <Delay = 0.00>
ST_1 : Operation 10 [1/1] (0.90ns)   --->   "%abs_raw_signed = sub i21 0, i21 %x_read" [../src/fp_math_hls.cpp:672]   --->   Operation 10 'sub' 'abs_raw_signed' <Predicate = true> <Delay = 0.90> <CoreInst = "Adder">   --->   Core 1 'Adder' <Latency = 0> <II = 1> <Delay = 0.90> <FuncUnit> <Opcode : 'add' 'sub'> <InPorts = 2> <OutPorts = 1>
ST_1 : Operation 11 [1/1] (0.35ns)   --->   "%abs_raw_signed_2 = select i1 %neg, i21 %abs_raw_signed, i21 %x_read" [../src/fp_math_hls.cpp:672]   --->   Operation 11 'select' 'abs_raw_signed_2' <Predicate = true> <Delay = 0.35> <CoreInst = "Sel">   --->   Core 73 'Sel' <Latency = 0> <II = 1> <Delay = 0.35> <FuncUnit> <Opcode : 'select'> <InPorts = 3> <OutPorts = 1>
ST_1 : Operation 12 [1/1] (0.49ns)   --->   "%clz = ctlz i21 @llvm.ctlz.i21, i21 %abs_raw_signed_2, i1 0" [../src/fp_math_hls.cpp:679]   --->   Operation 12 'ctlz' 'clz' <Predicate = true> <Delay = 0.49> <CoreInst = "ctlz">   --->   Core 145 'ctlz' <Latency = 0> <II = 1> <Delay = 0.49> <FuncUnit> <Opcode : 'ctlz'> <InPorts = 1> <OutPorts = 1>
ST_1 : Operation 13 [1/1] (0.00ns)   --->   "%trunc_ln679 = trunc i21 %clz" [../src/fp_math_hls.cpp:679]   --->   Operation 13 'trunc' 'trunc_ln679' <Predicate = true> <Delay = 0.00>
ST_1 : Operation 14 [1/1] (0.78ns)   --->   "%msb = sub i6 20, i6 %trunc_ln679" [../src/fp_math_hls.cpp:680]   --->   Operation 14 'sub' 'msb' <Predicate = true> <Delay = 0.78> <CoreInst = "Adder">   --->   Core 1 'Adder' <Latency = 0> <II = 1> <Delay = 0.78> <FuncUnit> <Opcode : 'add' 'sub'> <InPorts = 2> <OutPorts = 1>
ST_1 : Operation 15 [1/1] (0.00ns)   --->   "%trunc_ln680 = trunc i6 %msb" [../src/fp_math_hls.cpp:680]   --->   Operation 15 'trunc' 'trunc_ln680' <Predicate = true> <Delay = 0.00>
ST_1 : Operation 16 [1/1] (0.78ns)   --->   "%icmp_ln682 = icmp_sgt  i6 %msb, i6 12" [../src/fp_math_hls.cpp:682]   --->   Operation 16 'icmp' 'icmp_ln682' <Predicate = true> <Delay = 0.78> <CoreInst = "Cmp">   --->   Core 9 'Cmp' <Latency = 0> <II = 1> <Delay = 0.78> <FuncUnit> <Opcode : 'seteq' 'setne' 'setle' 'setge' 'setlt' 'setgt'> <InPorts = 2> <OutPorts = 1>
ST_1 : Operation 17 [1/1] (0.78ns)   --->   "%shift = add i5 %trunc_ln680, i5 20" [../src/fp_math_hls.cpp:683]   --->   Operation 17 'add' 'shift' <Predicate = true> <Delay = 0.78> <CoreInst = "Adder">   --->   Core 1 'Adder' <Latency = 0> <II = 1> <Delay = 0.78> <FuncUnit> <Opcode : 'add' 'sub'> <InPorts = 2> <OutPorts = 1>
ST_1 : Operation 18 [1/1] (0.78ns)   --->   "%icmp_ln684 = icmp_slt  i6 %msb, i6 11" [../src/fp_math_hls.cpp:684]   --->   Operation 18 'icmp' 'icmp_ln684' <Predicate = true> <Delay = 0.78> <CoreInst = "Cmp">   --->   Core 9 'Cmp' <Latency = 0> <II = 1> <Delay = 0.78> <FuncUnit> <Opcode : 'seteq' 'setne' 'setle' 'setge' 'setlt' 'setgt'> <InPorts = 2> <OutPorts = 1>
ST_1 : Operation 19 [1/1] (0.78ns)   --->   "%add_ln685 = add i5 %trunc_ln680, i5 21" [../src/fp_math_hls.cpp:685]   --->   Operation 19 'add' 'add_ln685' <Predicate = true> <Delay = 0.78> <CoreInst = "Adder">   --->   Core 1 'Adder' <Latency = 0> <II = 1> <Delay = 0.78> <FuncUnit> <Opcode : 'add' 'sub'> <InPorts = 2> <OutPorts = 1>

State 2 <SV = 1> <Delay = 4.37>
ST_2 : Operation 20 [1/1] (0.00ns) (grouped into LUT with out node shift_1)   --->   "%spec_select = select i1 %icmp_ln684, i5 %add_ln685, i5 0" [../src/fp_math_hls.cpp:684]   --->   Operation 20 'select' 'spec_select' <Predicate = (!icmp_ln682)> <Delay = 0.00> <CoreInst = "Sel">   --->   Core 73 'Sel' <Latency = 0> <II = 1> <Delay = 0.41> <FuncUnit> <Opcode : 'select'> <InPorts = 3> <OutPorts = 1>
ST_2 : Operation 21 [1/1] (0.41ns) (out node of the LUT)   --->   "%shift_1 = select i1 %icmp_ln682, i5 %shift, i5 %spec_select" [../src/fp_math_hls.cpp:682]   --->   Operation 21 'select' 'shift_1' <Predicate = true> <Delay = 0.41> <CoreInst = "Sel">   --->   Core 73 'Sel' <Latency = 0> <II = 1> <Delay = 0.41> <FuncUnit> <Opcode : 'select'> <InPorts = 3> <OutPorts = 1>
ST_2 : Operation 22 [1/1] (0.00ns) (grouped into LUT with out node shift_4)   --->   "%tmp = bitselect i1 @_ssdm_op_BitSelect.i1.i5.i32, i5 %shift_1, i32 4" [../src/fp_math_hls.cpp:688]   --->   Operation 22 'bitselect' 'tmp' <Predicate = true> <Delay = 0.00>
ST_2 : Operation 23 [1/1] (0.78ns)   --->   "%icmp_ln692 = icmp_eq  i5 %shift_1, i5 1" [../src/fp_math_hls.cpp:692]   --->   Operation 23 'icmp' 'icmp_ln692' <Predicate = true> <Delay = 0.78> <CoreInst = "Cmp">   --->   Core 9 'Cmp' <Latency = 0> <II = 1> <Delay = 0.78> <FuncUnit> <Opcode : 'seteq' 'setne' 'setle' 'setge' 'setlt' 'setgt'> <InPorts = 2> <OutPorts = 1>
ST_2 : Operation 24 [1/1] (0.78ns)   --->   "%icmp_ln692_1 = icmp_eq  i5 %shift_1, i5 2" [../src/fp_math_hls.cpp:692]   --->   Operation 24 'icmp' 'icmp_ln692_1' <Predicate = true> <Delay = 0.78> <CoreInst = "Cmp">   --->   Core 9 'Cmp' <Latency = 0> <II = 1> <Delay = 0.78> <FuncUnit> <Opcode : 'seteq' 'setne' 'setle' 'setge' 'setlt' 'setgt'> <InPorts = 2> <OutPorts = 1>
ST_2 : Operation 25 [1/1] (0.78ns)   --->   "%icmp_ln692_2 = icmp_eq  i5 %shift_1, i5 3" [../src/fp_math_hls.cpp:692]   --->   Operation 25 'icmp' 'icmp_ln692_2' <Predicate = true> <Delay = 0.78> <CoreInst = "Cmp">   --->   Core 9 'Cmp' <Latency = 0> <II = 1> <Delay = 0.78> <FuncUnit> <Opcode : 'seteq' 'setne' 'setle' 'setge' 'setlt' 'setgt'> <InPorts = 2> <OutPorts = 1>
ST_2 : Operation 26 [1/1] (0.78ns)   --->   "%icmp_ln692_3 = icmp_eq  i5 %shift_1, i5 4" [../src/fp_math_hls.cpp:692]   --->   Operation 26 'icmp' 'icmp_ln692_3' <Predicate = true> <Delay = 0.78> <CoreInst = "Cmp">   --->   Core 9 'Cmp' <Latency = 0> <II = 1> <Delay = 0.78> <FuncUnit> <Opcode : 'seteq' 'setne' 'setle' 'setge' 'setlt' 'setgt'> <InPorts = 2> <OutPorts = 1>
ST_2 : Operation 27 [1/1] (0.78ns)   --->   "%icmp_ln692_4 = icmp_eq  i5 %shift_1, i5 5" [../src/fp_math_hls.cpp:692]   --->   Operation 27 'icmp' 'icmp_ln692_4' <Predicate = true> <Delay = 0.78> <CoreInst = "Cmp">   --->   Core 9 'Cmp' <Latency = 0> <II = 1> <Delay = 0.78> <FuncUnit> <Opcode : 'seteq' 'setne' 'setle' 'setge' 'setlt' 'setgt'> <InPorts = 2> <OutPorts = 1>
ST_2 : Operation 28 [1/1] (0.78ns)   --->   "%icmp_ln692_5 = icmp_eq  i5 %shift_1, i5 6" [../src/fp_math_hls.cpp:692]   --->   Operation 28 'icmp' 'icmp_ln692_5' <Predicate = true> <Delay = 0.78> <CoreInst = "Cmp">   --->   Core 9 'Cmp' <Latency = 0> <II = 1> <Delay = 0.78> <FuncUnit> <Opcode : 'seteq' 'setne' 'setle' 'setge' 'setlt' 'setgt'> <InPorts = 2> <OutPorts = 1>
ST_2 : Operation 29 [1/1] (0.78ns)   --->   "%icmp_ln692_6 = icmp_eq  i5 %shift_1, i5 7" [../src/fp_math_hls.cpp:692]   --->   Operation 29 'icmp' 'icmp_ln692_6' <Predicate = true> <Delay = 0.78> <CoreInst = "Cmp">   --->   Core 9 'Cmp' <Latency = 0> <II = 1> <Delay = 0.78> <FuncUnit> <Opcode : 'seteq' 'setne' 'setle' 'setge' 'setlt' 'setgt'> <InPorts = 2> <OutPorts = 1>
ST_2 : Operation 30 [1/1] (0.78ns)   --->   "%icmp_ln692_7 = icmp_eq  i5 %shift_1, i5 8" [../src/fp_math_hls.cpp:692]   --->   Operation 30 'icmp' 'icmp_ln692_7' <Predicate = true> <Delay = 0.78> <CoreInst = "Cmp">   --->   Core 9 'Cmp' <Latency = 0> <II = 1> <Delay = 0.78> <FuncUnit> <Opcode : 'seteq' 'setne' 'setle' 'setge' 'setlt' 'setgt'> <InPorts = 2> <OutPorts = 1>
ST_2 : Operation 31 [1/1] (0.00ns) (grouped into LUT with out node icmp_ln697)   --->   "%tmp_59 = bitselect i1 @_ssdm_op_BitSelect.i1.i21.i32, i21 %abs_raw_signed_2, i32 20" [../src/fp_math_hls.cpp:697]   --->   Operation 31 'bitselect' 'tmp_59' <Predicate = true> <Delay = 0.00>
ST_2 : Operation 32 [1/1] (0.00ns) (grouped into LUT with out node icmp_ln697)   --->   "%zext_ln697 = zext i1 %tmp_59" [../src/fp_math_hls.cpp:697]   --->   Operation 32 'zext' 'zext_ln697' <Predicate = true> <Delay = 0.00>
ST_2 : Operation 33 [1/1] (0.00ns) (grouped into LUT with out node icmp_ln697)   --->   "%tmp_60 = partselect i2 @_ssdm_op_PartSelect.i2.i21.i32.i32, i21 %abs_raw_signed_2, i32 19, i32 20" [../src/fp_math_hls.cpp:697]   --->   Operation 33 'partselect' 'tmp_60' <Predicate = true> <Delay = 0.00>
ST_2 : Operation 34 [1/1] (0.00ns) (grouped into LUT with out node icmp_ln697)   --->   "%zext_ln697_1 = zext i2 %tmp_60" [../src/fp_math_hls.cpp:697]   --->   Operation 34 'zext' 'zext_ln697_1' <Predicate = true> <Delay = 0.00>
ST_2 : Operation 35 [1/1] (0.00ns) (grouped into LUT with out node select_ln692_5)   --->   "%tmp_61 = partselect i3 @_ssdm_op_PartSelect.i3.i21.i32.i32, i21 %abs_raw_signed_2, i32 18, i32 20" [../src/fp_math_hls.cpp:697]   --->   Operation 35 'partselect' 'tmp_61' <Predicate = true> <Delay = 0.00>
ST_2 : Operation 36 [1/1] (0.00ns) (grouped into LUT with out node select_ln692_5)   --->   "%zext_ln697_2 = zext i3 %tmp_61" [../src/fp_math_hls.cpp:697]   --->   Operation 36 'zext' 'zext_ln697_2' <Predicate = true> <Delay = 0.00>
ST_2 : Operation 37 [1/1] (0.00ns) (grouped into LUT with out node select_ln692_5)   --->   "%tmp_62 = partselect i4 @_ssdm_op_PartSelect.i4.i21.i32.i32, i21 %abs_raw_signed_2, i32 17, i32 20" [../src/fp_math_hls.cpp:697]   --->   Operation 37 'partselect' 'tmp_62' <Predicate = true> <Delay = 0.00>
ST_2 : Operation 38 [1/1] (0.00ns) (grouped into LUT with out node select_ln692_5)   --->   "%zext_ln697_3 = zext i4 %tmp_62" [../src/fp_math_hls.cpp:697]   --->   Operation 38 'zext' 'zext_ln697_3' <Predicate = true> <Delay = 0.00>
ST_2 : Operation 39 [1/1] (0.00ns) (grouped into LUT with out node select_ln692_3)   --->   "%tmp_63 = partselect i5 @_ssdm_op_PartSelect.i5.i21.i32.i32, i21 %abs_raw_signed_2, i32 16, i32 20" [../src/fp_math_hls.cpp:697]   --->   Operation 39 'partselect' 'tmp_63' <Predicate = true> <Delay = 0.00>
ST_2 : Operation 40 [1/1] (0.00ns) (grouped into LUT with out node select_ln692_3)   --->   "%zext_ln697_4 = zext i5 %tmp_63" [../src/fp_math_hls.cpp:697]   --->   Operation 40 'zext' 'zext_ln697_4' <Predicate = true> <Delay = 0.00>
ST_2 : Operation 41 [1/1] (0.00ns) (grouped into LUT with out node select_ln692_3)   --->   "%tmp_64 = partselect i6 @_ssdm_op_PartSelect.i6.i21.i32.i32, i21 %abs_raw_signed_2, i32 15, i32 20" [../src/fp_math_hls.cpp:697]   --->   Operation 41 'partselect' 'tmp_64' <Predicate = true> <Delay = 0.00>
ST_2 : Operation 42 [1/1] (0.00ns) (grouped into LUT with out node select_ln692_3)   --->   "%zext_ln697_5 = zext i6 %tmp_64" [../src/fp_math_hls.cpp:697]   --->   Operation 42 'zext' 'zext_ln697_5' <Predicate = true> <Delay = 0.00>
ST_2 : Operation 43 [1/1] (0.00ns) (grouped into LUT with out node select_ln692_1)   --->   "%tmp_65 = partselect i7 @_ssdm_op_PartSelect.i7.i21.i32.i32, i21 %abs_raw_signed_2, i32 14, i32 20" [../src/fp_math_hls.cpp:697]   --->   Operation 43 'partselect' 'tmp_65' <Predicate = true> <Delay = 0.00>
ST_2 : Operation 44 [1/1] (0.00ns) (grouped into LUT with out node select_ln692_1)   --->   "%zext_ln697_6 = zext i7 %tmp_65" [../src/fp_math_hls.cpp:697]   --->   Operation 44 'zext' 'zext_ln697_6' <Predicate = true> <Delay = 0.00>
ST_2 : Operation 45 [1/1] (0.00ns) (grouped into LUT with out node select_ln692_1)   --->   "%tmp_66 = partselect i8 @_ssdm_op_PartSelect.i8.i21.i32.i32, i21 %abs_raw_signed_2, i32 13, i32 20" [../src/fp_math_hls.cpp:697]   --->   Operation 45 'partselect' 'tmp_66' <Predicate = true> <Delay = 0.00>
ST_2 : Operation 46 [1/1] (0.00ns) (grouped into LUT with out node select_ln692_1)   --->   "%zext_ln697_7 = zext i8 %tmp_66" [../src/fp_math_hls.cpp:697]   --->   Operation 46 'zext' 'zext_ln697_7' <Predicate = true> <Delay = 0.00>
ST_2 : Operation 47 [1/1] (0.00ns) (grouped into LUT with out node select_ln692_1)   --->   "%tmp_67 = partselect i9 @_ssdm_op_PartSelect.i9.i21.i32.i32, i21 %abs_raw_signed_2, i32 12, i32 20" [../src/fp_math_hls.cpp:697]   --->   Operation 47 'partselect' 'tmp_67' <Predicate = true> <Delay = 0.00>
ST_2 : Operation 48 [1/1] (0.00ns) (grouped into LUT with out node select_ln692_1)   --->   "%select_ln692 = select i1 %icmp_ln692, i9 %zext_ln697_7, i9 %tmp_67" [../src/fp_math_hls.cpp:692]   --->   Operation 48 'select' 'select_ln692' <Predicate = true> <Delay = 0.00> <CoreInst = "Sel">   --->   Core 73 'Sel' <Latency = 0> <II = 1> <Delay = 0.39> <FuncUnit> <Opcode : 'select'> <InPorts = 3> <OutPorts = 1>
ST_2 : Operation 49 [1/1] (0.39ns) (out node of the LUT)   --->   "%select_ln692_1 = select i1 %icmp_ln692_1, i9 %zext_ln697_6, i9 %select_ln692" [../src/fp_math_hls.cpp:692]   --->   Operation 49 'select' 'select_ln692_1' <Predicate = true> <Delay = 0.39> <CoreInst = "Sel">   --->   Core 73 'Sel' <Latency = 0> <II = 1> <Delay = 0.39> <FuncUnit> <Opcode : 'select'> <InPorts = 3> <OutPorts = 1>
ST_2 : Operation 50 [1/1] (0.00ns) (grouped into LUT with out node select_ln692_3)   --->   "%select_ln692_2 = select i1 %icmp_ln692_2, i9 %zext_ln697_5, i9 %select_ln692_1" [../src/fp_math_hls.cpp:692]   --->   Operation 50 'select' 'select_ln692_2' <Predicate = true> <Delay = 0.00> <CoreInst = "Sel">   --->   Core 73 'Sel' <Latency = 0> <II = 1> <Delay = 0.39> <FuncUnit> <Opcode : 'select'> <InPorts = 3> <OutPorts = 1>
ST_2 : Operation 51 [1/1] (0.39ns) (out node of the LUT)   --->   "%select_ln692_3 = select i1 %icmp_ln692_3, i9 %zext_ln697_4, i9 %select_ln692_2" [../src/fp_math_hls.cpp:692]   --->   Operation 51 'select' 'select_ln692_3' <Predicate = true> <Delay = 0.39> <CoreInst = "Sel">   --->   Core 73 'Sel' <Latency = 0> <II = 1> <Delay = 0.39> <FuncUnit> <Opcode : 'select'> <InPorts = 3> <OutPorts = 1>
ST_2 : Operation 52 [1/1] (0.00ns) (grouped into LUT with out node select_ln692_5)   --->   "%select_ln692_4 = select i1 %icmp_ln692_4, i9 %zext_ln697_3, i9 %select_ln692_3" [../src/fp_math_hls.cpp:692]   --->   Operation 52 'select' 'select_ln692_4' <Predicate = true> <Delay = 0.00> <CoreInst = "Sel">   --->   Core 73 'Sel' <Latency = 0> <II = 1> <Delay = 0.39> <FuncUnit> <Opcode : 'select'> <InPorts = 3> <OutPorts = 1>
ST_2 : Operation 53 [1/1] (0.39ns) (out node of the LUT)   --->   "%select_ln692_5 = select i1 %icmp_ln692_5, i9 %zext_ln697_2, i9 %select_ln692_4" [../src/fp_math_hls.cpp:692]   --->   Operation 53 'select' 'select_ln692_5' <Predicate = true> <Delay = 0.39> <CoreInst = "Sel">   --->   Core 73 'Sel' <Latency = 0> <II = 1> <Delay = 0.39> <FuncUnit> <Opcode : 'select'> <InPorts = 3> <OutPorts = 1>
ST_2 : Operation 54 [1/1] (0.00ns) (grouped into LUT with out node icmp_ln697)   --->   "%select_ln692_6 = select i1 %icmp_ln692_6, i9 %zext_ln697_1, i9 %select_ln692_5" [../src/fp_math_hls.cpp:692]   --->   Operation 54 'select' 'select_ln692_6' <Predicate = true> <Delay = 0.00> <CoreInst = "Sel">   --->   Core 73 'Sel' <Latency = 0> <II = 1> <Delay = 0.39> <FuncUnit> <Opcode : 'select'> <InPorts = 3> <OutPorts = 1>
ST_2 : Operation 55 [1/1] (0.00ns) (grouped into LUT with out node icmp_ln697)   --->   "%select_ln692_7 = select i1 %icmp_ln692_7, i9 %zext_ln697, i9 %select_ln692_6" [../src/fp_math_hls.cpp:692]   --->   Operation 55 'select' 'select_ln692_7' <Predicate = true> <Delay = 0.00> <CoreInst = "Sel">   --->   Core 73 'Sel' <Latency = 0> <II = 1> <Delay = 0.39> <FuncUnit> <Opcode : 'select'> <InPorts = 3> <OutPorts = 1>
ST_2 : Operation 56 [1/1] (0.77ns) (out node of the LUT)   --->   "%icmp_ln697 = icmp_ne  i9 %select_ln692_7, i9 0" [../src/fp_math_hls.cpp:697]   --->   Operation 56 'icmp' 'icmp_ln697' <Predicate = true> <Delay = 0.77> <CoreInst = "Cmp">   --->   Core 9 'Cmp' <Latency = 0> <II = 1> <Delay = 0.77> <FuncUnit> <Opcode : 'seteq' 'setne' 'setle' 'setge' 'setlt' 'setgt'> <InPorts = 2> <OutPorts = 1>
ST_2 : Operation 57 [1/1] (0.78ns)   --->   "%shift_2 = add i5 %shift_1, i5 1" [../src/fp_math_hls.cpp:698]   --->   Operation 57 'add' 'shift_2' <Predicate = true> <Delay = 0.78> <CoreInst = "Adder">   --->   Core 1 'Adder' <Latency = 0> <II = 1> <Delay = 0.78> <FuncUnit> <Opcode : 'add' 'sub'> <InPorts = 2> <OutPorts = 1>
ST_2 : Operation 58 [1/1] (0.00ns) (grouped into LUT with out node shift_4)   --->   "%shift_3 = select i1 %icmp_ln697, i5 %shift_2, i5 %shift_1" [../src/fp_math_hls.cpp:697]   --->   Operation 58 'select' 'shift_3' <Predicate = true> <Delay = 0.00> <CoreInst = "Sel">   --->   Core 73 'Sel' <Latency = 0> <II = 1> <Delay = 0.41> <FuncUnit> <Opcode : 'select'> <InPorts = 3> <OutPorts = 1>
ST_2 : Operation 59 [1/1] (0.41ns) (out node of the LUT)   --->   "%shift_4 = select i1 %tmp, i5 %shift_1, i5 %shift_3" [../src/fp_math_hls.cpp:688]   --->   Operation 59 'select' 'shift_4' <Predicate = true> <Delay = 0.41> <CoreInst = "Sel">   --->   Core 73 'Sel' <Latency = 0> <II = 1> <Delay = 0.41> <FuncUnit> <Opcode : 'select'> <InPorts = 3> <OutPorts = 1>
ST_2 : Operation 60 [1/1] (0.78ns)   --->   "%icmp_ln218 = icmp_eq  i5 %shift_4, i5 1" [../src/fp_math_hls.cpp:218->../src/fp_math_hls.cpp:707]   --->   Operation 60 'icmp' 'icmp_ln218' <Predicate = true> <Delay = 0.78> <CoreInst = "Cmp">   --->   Core 9 'Cmp' <Latency = 0> <II = 1> <Delay = 0.78> <FuncUnit> <Opcode : 'seteq' 'setne' 'setle' 'setge' 'setlt' 'setgt'> <InPorts = 2> <OutPorts = 1>
ST_2 : Operation 61 [1/1] (0.78ns)   --->   "%icmp_ln220 = icmp_eq  i5 %shift_4, i5 31" [../src/fp_math_hls.cpp:220->../src/fp_math_hls.cpp:707]   --->   Operation 61 'icmp' 'icmp_ln220' <Predicate = true> <Delay = 0.78> <CoreInst = "Cmp">   --->   Core 9 'Cmp' <Latency = 0> <II = 1> <Delay = 0.78> <FuncUnit> <Opcode : 'seteq' 'setne' 'setle' 'setge' 'setlt' 'setgt'> <InPorts = 2> <OutPorts = 1>

State 3 <SV = 2> <Delay = 4.29>
ST_3 : Operation 62 [1/1] (0.00ns) (grouped into LUT with out node x_norm_raw_40)   --->   "%trunc_ln672 = trunc i21 %abs_raw_signed_2" [../src/fp_math_hls.cpp:672]   --->   Operation 62 'trunc' 'trunc_ln672' <Predicate = (!icmp_ln220 & !icmp_ln218)> <Delay = 0.00>
ST_3 : Operation 63 [1/1] (0.00ns) (grouped into LUT with out node x_norm_raw_40)   --->   "%shifted_53 = partselect i11 @_ssdm_op_PartSelect.i11.i21.i32.i32, i21 %abs_raw_signed_2, i32 1, i32 11" [../src/fp_math_hls.cpp:219->../src/fp_math_hls.cpp:707]   --->   Operation 63 'partselect' 'shifted_53' <Predicate = (!icmp_ln220 & icmp_ln218)> <Delay = 0.00>
ST_3 : Operation 64 [1/1] (0.00ns) (grouped into LUT with out node x_norm_raw_40)   --->   "%x_norm_raw_39 = select i1 %icmp_ln218, i11 %shifted_53, i11 %trunc_ln672" [../src/fp_math_hls.cpp:218->../src/fp_math_hls.cpp:707]   --->   Operation 64 'select' 'x_norm_raw_39' <Predicate = (!icmp_ln220)> <Delay = 0.00> <CoreInst = "Sel">   --->   Core 73 'Sel' <Latency = 0> <II = 1> <Delay = 0.38> <FuncUnit> <Opcode : 'select'> <InPorts = 3> <OutPorts = 1>
ST_3 : Operation 65 [1/1] (0.00ns) (grouped into LUT with out node x_norm_raw_40)   --->   "%trunc_ln221 = trunc i21 %abs_raw_signed_2" [../src/fp_math_hls.cpp:221->../src/fp_math_hls.cpp:707]   --->   Operation 65 'trunc' 'trunc_ln221' <Predicate = (icmp_ln220)> <Delay = 0.00>
ST_3 : Operation 66 [1/1] (0.00ns) (grouped into LUT with out node x_norm_raw_40)   --->   "%shifted_54 = bitconcatenate i11 @_ssdm_op_BitConcatenate.i11.i10.i1, i10 %trunc_ln221, i1 0" [../src/fp_math_hls.cpp:221->../src/fp_math_hls.cpp:707]   --->   Operation 66 'bitconcatenate' 'shifted_54' <Predicate = (icmp_ln220)> <Delay = 0.00>
ST_3 : Operation 67 [1/1] (0.38ns) (out node of the LUT)   --->   "%x_norm_raw_40 = select i1 %icmp_ln220, i11 %shifted_54, i11 %x_norm_raw_39" [../src/fp_math_hls.cpp:220->../src/fp_math_hls.cpp:707]   --->   Operation 67 'select' 'x_norm_raw_40' <Predicate = true> <Delay = 0.38> <CoreInst = "Sel">   --->   Core 73 'Sel' <Latency = 0> <II = 1> <Delay = 0.38> <FuncUnit> <Opcode : 'select'> <InPorts = 3> <OutPorts = 1>
ST_3 : Operation 68 [1/1] (0.78ns)   --->   "%icmp_ln218_1 = icmp_eq  i5 %shift_4, i5 2" [../src/fp_math_hls.cpp:218->../src/fp_math_hls.cpp:707]   --->   Operation 68 'icmp' 'icmp_ln218_1' <Predicate = true> <Delay = 0.78> <CoreInst = "Cmp">   --->   Core 9 'Cmp' <Latency = 0> <II = 1> <Delay = 0.78> <FuncUnit> <Opcode : 'seteq' 'setne' 'setle' 'setge' 'setlt' 'setgt'> <InPorts = 2> <OutPorts = 1>
ST_3 : Operation 69 [1/1] (0.00ns) (grouped into LUT with out node x_norm_raw_42)   --->   "%shifted_55 = partselect i11 @_ssdm_op_PartSelect.i11.i21.i32.i32, i21 %abs_raw_signed_2, i32 2, i32 12" [../src/fp_math_hls.cpp:219->../src/fp_math_hls.cpp:707]   --->   Operation 69 'partselect' 'shifted_55' <Predicate = true> <Delay = 0.00>
ST_3 : Operation 70 [1/1] (0.00ns) (grouped into LUT with out node x_norm_raw_42)   --->   "%x_norm_raw_41 = select i1 %icmp_ln218_1, i11 %shifted_55, i11 %x_norm_raw_40" [../src/fp_math_hls.cpp:218->../src/fp_math_hls.cpp:707]   --->   Operation 70 'select' 'x_norm_raw_41' <Predicate = true> <Delay = 0.00> <CoreInst = "Sel">   --->   Core 73 'Sel' <Latency = 0> <II = 1> <Delay = 0.38> <FuncUnit> <Opcode : 'select'> <InPorts = 3> <OutPorts = 1>
ST_3 : Operation 71 [1/1] (0.78ns)   --->   "%icmp_ln220_1 = icmp_eq  i5 %shift_4, i5 30" [../src/fp_math_hls.cpp:220->../src/fp_math_hls.cpp:707]   --->   Operation 71 'icmp' 'icmp_ln220_1' <Predicate = true> <Delay = 0.78> <CoreInst = "Cmp">   --->   Core 9 'Cmp' <Latency = 0> <II = 1> <Delay = 0.78> <FuncUnit> <Opcode : 'seteq' 'setne' 'setle' 'setge' 'setlt' 'setgt'> <InPorts = 2> <OutPorts = 1>
ST_3 : Operation 72 [1/1] (0.00ns) (grouped into LUT with out node x_norm_raw_42)   --->   "%trunc_ln221_1 = trunc i21 %abs_raw_signed_2" [../src/fp_math_hls.cpp:221->../src/fp_math_hls.cpp:707]   --->   Operation 72 'trunc' 'trunc_ln221_1' <Predicate = true> <Delay = 0.00>
ST_3 : Operation 73 [1/1] (0.00ns) (grouped into LUT with out node x_norm_raw_42)   --->   "%shifted_56 = bitconcatenate i11 @_ssdm_op_BitConcatenate.i11.i9.i2, i9 %trunc_ln221_1, i2 0" [../src/fp_math_hls.cpp:221->../src/fp_math_hls.cpp:707]   --->   Operation 73 'bitconcatenate' 'shifted_56' <Predicate = true> <Delay = 0.00>
ST_3 : Operation 74 [1/1] (0.38ns) (out node of the LUT)   --->   "%x_norm_raw_42 = select i1 %icmp_ln220_1, i11 %shifted_56, i11 %x_norm_raw_41" [../src/fp_math_hls.cpp:220->../src/fp_math_hls.cpp:707]   --->   Operation 74 'select' 'x_norm_raw_42' <Predicate = true> <Delay = 0.38> <CoreInst = "Sel">   --->   Core 73 'Sel' <Latency = 0> <II = 1> <Delay = 0.38> <FuncUnit> <Opcode : 'select'> <InPorts = 3> <OutPorts = 1>
ST_3 : Operation 75 [1/1] (0.78ns)   --->   "%icmp_ln218_2 = icmp_eq  i5 %shift_4, i5 3" [../src/fp_math_hls.cpp:218->../src/fp_math_hls.cpp:707]   --->   Operation 75 'icmp' 'icmp_ln218_2' <Predicate = true> <Delay = 0.78> <CoreInst = "Cmp">   --->   Core 9 'Cmp' <Latency = 0> <II = 1> <Delay = 0.78> <FuncUnit> <Opcode : 'seteq' 'setne' 'setle' 'setge' 'setlt' 'setgt'> <InPorts = 2> <OutPorts = 1>
ST_3 : Operation 76 [1/1] (0.00ns) (grouped into LUT with out node x_norm_raw_44)   --->   "%shifted_57 = partselect i11 @_ssdm_op_PartSelect.i11.i21.i32.i32, i21 %abs_raw_signed_2, i32 3, i32 13" [../src/fp_math_hls.cpp:219->../src/fp_math_hls.cpp:707]   --->   Operation 76 'partselect' 'shifted_57' <Predicate = true> <Delay = 0.00>
ST_3 : Operation 77 [1/1] (0.00ns) (grouped into LUT with out node x_norm_raw_44)   --->   "%x_norm_raw_43 = select i1 %icmp_ln218_2, i11 %shifted_57, i11 %x_norm_raw_42" [../src/fp_math_hls.cpp:218->../src/fp_math_hls.cpp:707]   --->   Operation 77 'select' 'x_norm_raw_43' <Predicate = true> <Delay = 0.00> <CoreInst = "Sel">   --->   Core 73 'Sel' <Latency = 0> <II = 1> <Delay = 0.38> <FuncUnit> <Opcode : 'select'> <InPorts = 3> <OutPorts = 1>
ST_3 : Operation 78 [1/1] (0.78ns)   --->   "%icmp_ln220_2 = icmp_eq  i5 %shift_4, i5 29" [../src/fp_math_hls.cpp:220->../src/fp_math_hls.cpp:707]   --->   Operation 78 'icmp' 'icmp_ln220_2' <Predicate = true> <Delay = 0.78> <CoreInst = "Cmp">   --->   Core 9 'Cmp' <Latency = 0> <II = 1> <Delay = 0.78> <FuncUnit> <Opcode : 'seteq' 'setne' 'setle' 'setge' 'setlt' 'setgt'> <InPorts = 2> <OutPorts = 1>
ST_3 : Operation 79 [1/1] (0.00ns) (grouped into LUT with out node x_norm_raw_44)   --->   "%trunc_ln221_2 = trunc i21 %abs_raw_signed_2" [../src/fp_math_hls.cpp:221->../src/fp_math_hls.cpp:707]   --->   Operation 79 'trunc' 'trunc_ln221_2' <Predicate = true> <Delay = 0.00>
ST_3 : Operation 80 [1/1] (0.00ns) (grouped into LUT with out node x_norm_raw_44)   --->   "%shifted_58 = bitconcatenate i11 @_ssdm_op_BitConcatenate.i11.i8.i3, i8 %trunc_ln221_2, i3 0" [../src/fp_math_hls.cpp:221->../src/fp_math_hls.cpp:707]   --->   Operation 80 'bitconcatenate' 'shifted_58' <Predicate = true> <Delay = 0.00>
ST_3 : Operation 81 [1/1] (0.38ns) (out node of the LUT)   --->   "%x_norm_raw_44 = select i1 %icmp_ln220_2, i11 %shifted_58, i11 %x_norm_raw_43" [../src/fp_math_hls.cpp:220->../src/fp_math_hls.cpp:707]   --->   Operation 81 'select' 'x_norm_raw_44' <Predicate = true> <Delay = 0.38> <CoreInst = "Sel">   --->   Core 73 'Sel' <Latency = 0> <II = 1> <Delay = 0.38> <FuncUnit> <Opcode : 'select'> <InPorts = 3> <OutPorts = 1>
ST_3 : Operation 82 [1/1] (0.78ns)   --->   "%icmp_ln218_3 = icmp_eq  i5 %shift_4, i5 4" [../src/fp_math_hls.cpp:218->../src/fp_math_hls.cpp:707]   --->   Operation 82 'icmp' 'icmp_ln218_3' <Predicate = true> <Delay = 0.78> <CoreInst = "Cmp">   --->   Core 9 'Cmp' <Latency = 0> <II = 1> <Delay = 0.78> <FuncUnit> <Opcode : 'seteq' 'setne' 'setle' 'setge' 'setlt' 'setgt'> <InPorts = 2> <OutPorts = 1>
ST_3 : Operation 83 [1/1] (0.00ns) (grouped into LUT with out node x_norm_raw)   --->   "%shifted_59 = partselect i11 @_ssdm_op_PartSelect.i11.i21.i32.i32, i21 %abs_raw_signed_2, i32 4, i32 14" [../src/fp_math_hls.cpp:219->../src/fp_math_hls.cpp:707]   --->   Operation 83 'partselect' 'shifted_59' <Predicate = true> <Delay = 0.00>
ST_3 : Operation 84 [1/1] (0.00ns) (grouped into LUT with out node x_norm_raw)   --->   "%x_norm_raw_45 = select i1 %icmp_ln218_3, i11 %shifted_59, i11 %x_norm_raw_44" [../src/fp_math_hls.cpp:218->../src/fp_math_hls.cpp:707]   --->   Operation 84 'select' 'x_norm_raw_45' <Predicate = true> <Delay = 0.00> <CoreInst = "Sel">   --->   Core 73 'Sel' <Latency = 0> <II = 1> <Delay = 0.38> <FuncUnit> <Opcode : 'select'> <InPorts = 3> <OutPorts = 1>
ST_3 : Operation 85 [1/1] (0.78ns)   --->   "%icmp_ln220_3 = icmp_eq  i5 %shift_4, i5 28" [../src/fp_math_hls.cpp:220->../src/fp_math_hls.cpp:707]   --->   Operation 85 'icmp' 'icmp_ln220_3' <Predicate = true> <Delay = 0.78> <CoreInst = "Cmp">   --->   Core 9 'Cmp' <Latency = 0> <II = 1> <Delay = 0.78> <FuncUnit> <Opcode : 'seteq' 'setne' 'setle' 'setge' 'setlt' 'setgt'> <InPorts = 2> <OutPorts = 1>
ST_3 : Operation 86 [1/1] (0.00ns) (grouped into LUT with out node x_norm_raw)   --->   "%trunc_ln221_3 = trunc i21 %abs_raw_signed_2" [../src/fp_math_hls.cpp:221->../src/fp_math_hls.cpp:707]   --->   Operation 86 'trunc' 'trunc_ln221_3' <Predicate = true> <Delay = 0.00>
ST_3 : Operation 87 [1/1] (0.00ns) (grouped into LUT with out node x_norm_raw)   --->   "%shifted_60 = bitconcatenate i11 @_ssdm_op_BitConcatenate.i11.i7.i4, i7 %trunc_ln221_3, i4 0" [../src/fp_math_hls.cpp:221->../src/fp_math_hls.cpp:707]   --->   Operation 87 'bitconcatenate' 'shifted_60' <Predicate = true> <Delay = 0.00>
ST_3 : Operation 88 [1/1] (0.38ns) (out node of the LUT)   --->   "%x_norm_raw = select i1 %icmp_ln220_3, i11 %shifted_60, i11 %x_norm_raw_45" [../src/fp_math_hls.cpp:220->../src/fp_math_hls.cpp:707]   --->   Operation 88 'select' 'x_norm_raw' <Predicate = true> <Delay = 0.38> <CoreInst = "Sel">   --->   Core 73 'Sel' <Latency = 0> <II = 1> <Delay = 0.38> <FuncUnit> <Opcode : 'select'> <InPorts = 3> <OutPorts = 1>
ST_3 : Operation 89 [1/1] (0.78ns)   --->   "%icmp_ln218_4 = icmp_eq  i5 %shift_4, i5 5" [../src/fp_math_hls.cpp:218->../src/fp_math_hls.cpp:707]   --->   Operation 89 'icmp' 'icmp_ln218_4' <Predicate = true> <Delay = 0.78> <CoreInst = "Cmp">   --->   Core 9 'Cmp' <Latency = 0> <II = 1> <Delay = 0.78> <FuncUnit> <Opcode : 'seteq' 'setne' 'setle' 'setge' 'setlt' 'setgt'> <InPorts = 2> <OutPorts = 1>
ST_3 : Operation 90 [1/1] (0.00ns) (grouped into LUT with out node x_norm_raw_47)   --->   "%shifted = partselect i11 @_ssdm_op_PartSelect.i11.i21.i32.i32, i21 %abs_raw_signed_2, i32 5, i32 15" [../src/fp_math_hls.cpp:219->../src/fp_math_hls.cpp:707]   --->   Operation 90 'partselect' 'shifted' <Predicate = true> <Delay = 0.00>
ST_3 : Operation 91 [1/1] (0.00ns) (grouped into LUT with out node x_norm_raw_47)   --->   "%x_norm_raw_46 = select i1 %icmp_ln218_4, i11 %shifted, i11 %x_norm_raw" [../src/fp_math_hls.cpp:218->../src/fp_math_hls.cpp:707]   --->   Operation 91 'select' 'x_norm_raw_46' <Predicate = true> <Delay = 0.00> <CoreInst = "Sel">   --->   Core 73 'Sel' <Latency = 0> <II = 1> <Delay = 0.38> <FuncUnit> <Opcode : 'select'> <InPorts = 3> <OutPorts = 1>
ST_3 : Operation 92 [1/1] (0.78ns)   --->   "%icmp_ln220_4 = icmp_eq  i5 %shift_4, i5 27" [../src/fp_math_hls.cpp:220->../src/fp_math_hls.cpp:707]   --->   Operation 92 'icmp' 'icmp_ln220_4' <Predicate = true> <Delay = 0.78> <CoreInst = "Cmp">   --->   Core 9 'Cmp' <Latency = 0> <II = 1> <Delay = 0.78> <FuncUnit> <Opcode : 'seteq' 'setne' 'setle' 'setge' 'setlt' 'setgt'> <InPorts = 2> <OutPorts = 1>
ST_3 : Operation 93 [1/1] (0.00ns) (grouped into LUT with out node x_norm_raw_47)   --->   "%trunc_ln221_4 = trunc i21 %abs_raw_signed_2" [../src/fp_math_hls.cpp:221->../src/fp_math_hls.cpp:707]   --->   Operation 93 'trunc' 'trunc_ln221_4' <Predicate = true> <Delay = 0.00>
ST_3 : Operation 94 [1/1] (0.00ns) (grouped into LUT with out node x_norm_raw_47)   --->   "%shifted_61 = bitconcatenate i11 @_ssdm_op_BitConcatenate.i11.i6.i5, i6 %trunc_ln221_4, i5 0" [../src/fp_math_hls.cpp:221->../src/fp_math_hls.cpp:707]   --->   Operation 94 'bitconcatenate' 'shifted_61' <Predicate = true> <Delay = 0.00>
ST_3 : Operation 95 [1/1] (0.38ns) (out node of the LUT)   --->   "%x_norm_raw_47 = select i1 %icmp_ln220_4, i11 %shifted_61, i11 %x_norm_raw_46" [../src/fp_math_hls.cpp:220->../src/fp_math_hls.cpp:707]   --->   Operation 95 'select' 'x_norm_raw_47' <Predicate = true> <Delay = 0.38> <CoreInst = "Sel">   --->   Core 73 'Sel' <Latency = 0> <II = 1> <Delay = 0.38> <FuncUnit> <Opcode : 'select'> <InPorts = 3> <OutPorts = 1>
ST_3 : Operation 96 [1/1] (0.78ns)   --->   "%icmp_ln218_5 = icmp_eq  i5 %shift_4, i5 6" [../src/fp_math_hls.cpp:218->../src/fp_math_hls.cpp:707]   --->   Operation 96 'icmp' 'icmp_ln218_5' <Predicate = true> <Delay = 0.78> <CoreInst = "Cmp">   --->   Core 9 'Cmp' <Latency = 0> <II = 1> <Delay = 0.78> <FuncUnit> <Opcode : 'seteq' 'setne' 'setle' 'setge' 'setlt' 'setgt'> <InPorts = 2> <OutPorts = 1>
ST_3 : Operation 97 [1/1] (0.00ns) (grouped into LUT with out node x_norm_raw_49)   --->   "%shifted_62 = partselect i11 @_ssdm_op_PartSelect.i11.i21.i32.i32, i21 %abs_raw_signed_2, i32 6, i32 16" [../src/fp_math_hls.cpp:219->../src/fp_math_hls.cpp:707]   --->   Operation 97 'partselect' 'shifted_62' <Predicate = true> <Delay = 0.00>
ST_3 : Operation 98 [1/1] (0.00ns) (grouped into LUT with out node x_norm_raw_49)   --->   "%x_norm_raw_48 = select i1 %icmp_ln218_5, i11 %shifted_62, i11 %x_norm_raw_47" [../src/fp_math_hls.cpp:218->../src/fp_math_hls.cpp:707]   --->   Operation 98 'select' 'x_norm_raw_48' <Predicate = true> <Delay = 0.00> <CoreInst = "Sel">   --->   Core 73 'Sel' <Latency = 0> <II = 1> <Delay = 0.38> <FuncUnit> <Opcode : 'select'> <InPorts = 3> <OutPorts = 1>
ST_3 : Operation 99 [1/1] (0.78ns)   --->   "%icmp_ln220_5 = icmp_eq  i5 %shift_4, i5 26" [../src/fp_math_hls.cpp:220->../src/fp_math_hls.cpp:707]   --->   Operation 99 'icmp' 'icmp_ln220_5' <Predicate = true> <Delay = 0.78> <CoreInst = "Cmp">   --->   Core 9 'Cmp' <Latency = 0> <II = 1> <Delay = 0.78> <FuncUnit> <Opcode : 'seteq' 'setne' 'setle' 'setge' 'setlt' 'setgt'> <InPorts = 2> <OutPorts = 1>
ST_3 : Operation 100 [1/1] (0.00ns) (grouped into LUT with out node x_norm_raw_49)   --->   "%trunc_ln221_5 = trunc i21 %abs_raw_signed_2" [../src/fp_math_hls.cpp:221->../src/fp_math_hls.cpp:707]   --->   Operation 100 'trunc' 'trunc_ln221_5' <Predicate = true> <Delay = 0.00>
ST_3 : Operation 101 [1/1] (0.00ns) (grouped into LUT with out node x_norm_raw_49)   --->   "%shifted_63 = bitconcatenate i11 @_ssdm_op_BitConcatenate.i11.i5.i6, i5 %trunc_ln221_5, i6 0" [../src/fp_math_hls.cpp:221->../src/fp_math_hls.cpp:707]   --->   Operation 101 'bitconcatenate' 'shifted_63' <Predicate = true> <Delay = 0.00>
ST_3 : Operation 102 [1/1] (0.38ns) (out node of the LUT)   --->   "%x_norm_raw_49 = select i1 %icmp_ln220_5, i11 %shifted_63, i11 %x_norm_raw_48" [../src/fp_math_hls.cpp:220->../src/fp_math_hls.cpp:707]   --->   Operation 102 'select' 'x_norm_raw_49' <Predicate = true> <Delay = 0.38> <CoreInst = "Sel">   --->   Core 73 'Sel' <Latency = 0> <II = 1> <Delay = 0.38> <FuncUnit> <Opcode : 'select'> <InPorts = 3> <OutPorts = 1>
ST_3 : Operation 103 [1/1] (0.78ns)   --->   "%icmp_ln218_6 = icmp_eq  i5 %shift_4, i5 7" [../src/fp_math_hls.cpp:218->../src/fp_math_hls.cpp:707]   --->   Operation 103 'icmp' 'icmp_ln218_6' <Predicate = true> <Delay = 0.78> <CoreInst = "Cmp">   --->   Core 9 'Cmp' <Latency = 0> <II = 1> <Delay = 0.78> <FuncUnit> <Opcode : 'seteq' 'setne' 'setle' 'setge' 'setlt' 'setgt'> <InPorts = 2> <OutPorts = 1>
ST_3 : Operation 104 [1/1] (0.00ns) (grouped into LUT with out node x_norm_raw_51)   --->   "%shifted_64 = partselect i11 @_ssdm_op_PartSelect.i11.i21.i32.i32, i21 %abs_raw_signed_2, i32 7, i32 17" [../src/fp_math_hls.cpp:219->../src/fp_math_hls.cpp:707]   --->   Operation 104 'partselect' 'shifted_64' <Predicate = true> <Delay = 0.00>
ST_3 : Operation 105 [1/1] (0.00ns) (grouped into LUT with out node x_norm_raw_51)   --->   "%x_norm_raw_50 = select i1 %icmp_ln218_6, i11 %shifted_64, i11 %x_norm_raw_49" [../src/fp_math_hls.cpp:218->../src/fp_math_hls.cpp:707]   --->   Operation 105 'select' 'x_norm_raw_50' <Predicate = true> <Delay = 0.00> <CoreInst = "Sel">   --->   Core 73 'Sel' <Latency = 0> <II = 1> <Delay = 0.38> <FuncUnit> <Opcode : 'select'> <InPorts = 3> <OutPorts = 1>
ST_3 : Operation 106 [1/1] (0.78ns)   --->   "%icmp_ln220_6 = icmp_eq  i5 %shift_4, i5 25" [../src/fp_math_hls.cpp:220->../src/fp_math_hls.cpp:707]   --->   Operation 106 'icmp' 'icmp_ln220_6' <Predicate = true> <Delay = 0.78> <CoreInst = "Cmp">   --->   Core 9 'Cmp' <Latency = 0> <II = 1> <Delay = 0.78> <FuncUnit> <Opcode : 'seteq' 'setne' 'setle' 'setge' 'setlt' 'setgt'> <InPorts = 2> <OutPorts = 1>
ST_3 : Operation 107 [1/1] (0.00ns) (grouped into LUT with out node x_norm_raw_51)   --->   "%trunc_ln221_6 = trunc i21 %abs_raw_signed_2" [../src/fp_math_hls.cpp:221->../src/fp_math_hls.cpp:707]   --->   Operation 107 'trunc' 'trunc_ln221_6' <Predicate = true> <Delay = 0.00>
ST_3 : Operation 108 [1/1] (0.00ns) (grouped into LUT with out node x_norm_raw_51)   --->   "%shifted_65 = bitconcatenate i11 @_ssdm_op_BitConcatenate.i11.i4.i7, i4 %trunc_ln221_6, i7 0" [../src/fp_math_hls.cpp:221->../src/fp_math_hls.cpp:707]   --->   Operation 108 'bitconcatenate' 'shifted_65' <Predicate = true> <Delay = 0.00>
ST_3 : Operation 109 [1/1] (0.38ns) (out node of the LUT)   --->   "%x_norm_raw_51 = select i1 %icmp_ln220_6, i11 %shifted_65, i11 %x_norm_raw_50" [../src/fp_math_hls.cpp:220->../src/fp_math_hls.cpp:707]   --->   Operation 109 'select' 'x_norm_raw_51' <Predicate = true> <Delay = 0.38> <CoreInst = "Sel">   --->   Core 73 'Sel' <Latency = 0> <II = 1> <Delay = 0.38> <FuncUnit> <Opcode : 'select'> <InPorts = 3> <OutPorts = 1>
ST_3 : Operation 110 [1/1] (0.78ns)   --->   "%icmp_ln218_7 = icmp_eq  i5 %shift_4, i5 8" [../src/fp_math_hls.cpp:218->../src/fp_math_hls.cpp:707]   --->   Operation 110 'icmp' 'icmp_ln218_7' <Predicate = true> <Delay = 0.78> <CoreInst = "Cmp">   --->   Core 9 'Cmp' <Latency = 0> <II = 1> <Delay = 0.78> <FuncUnit> <Opcode : 'seteq' 'setne' 'setle' 'setge' 'setlt' 'setgt'> <InPorts = 2> <OutPorts = 1>
ST_3 : Operation 111 [1/1] (0.00ns) (grouped into LUT with out node x_norm_raw_53)   --->   "%shifted_66 = partselect i11 @_ssdm_op_PartSelect.i11.i21.i32.i32, i21 %abs_raw_signed_2, i32 8, i32 18" [../src/fp_math_hls.cpp:219->../src/fp_math_hls.cpp:707]   --->   Operation 111 'partselect' 'shifted_66' <Predicate = true> <Delay = 0.00>
ST_3 : Operation 112 [1/1] (0.00ns) (grouped into LUT with out node x_norm_raw_53)   --->   "%x_norm_raw_52 = select i1 %icmp_ln218_7, i11 %shifted_66, i11 %x_norm_raw_51" [../src/fp_math_hls.cpp:218->../src/fp_math_hls.cpp:707]   --->   Operation 112 'select' 'x_norm_raw_52' <Predicate = true> <Delay = 0.00> <CoreInst = "Sel">   --->   Core 73 'Sel' <Latency = 0> <II = 1> <Delay = 0.38> <FuncUnit> <Opcode : 'select'> <InPorts = 3> <OutPorts = 1>
ST_3 : Operation 113 [1/1] (0.78ns)   --->   "%icmp_ln220_7 = icmp_eq  i5 %shift_4, i5 24" [../src/fp_math_hls.cpp:220->../src/fp_math_hls.cpp:707]   --->   Operation 113 'icmp' 'icmp_ln220_7' <Predicate = true> <Delay = 0.78> <CoreInst = "Cmp">   --->   Core 9 'Cmp' <Latency = 0> <II = 1> <Delay = 0.78> <FuncUnit> <Opcode : 'seteq' 'setne' 'setle' 'setge' 'setlt' 'setgt'> <InPorts = 2> <OutPorts = 1>
ST_3 : Operation 114 [1/1] (0.00ns) (grouped into LUT with out node x_norm_raw_53)   --->   "%trunc_ln221_7 = trunc i21 %abs_raw_signed_2" [../src/fp_math_hls.cpp:221->../src/fp_math_hls.cpp:707]   --->   Operation 114 'trunc' 'trunc_ln221_7' <Predicate = true> <Delay = 0.00>
ST_3 : Operation 115 [1/1] (0.00ns) (grouped into LUT with out node x_norm_raw_53)   --->   "%shifted_67 = bitconcatenate i11 @_ssdm_op_BitConcatenate.i11.i3.i8, i3 %trunc_ln221_7, i8 0" [../src/fp_math_hls.cpp:221->../src/fp_math_hls.cpp:707]   --->   Operation 115 'bitconcatenate' 'shifted_67' <Predicate = true> <Delay = 0.00>
ST_3 : Operation 116 [1/1] (0.38ns) (out node of the LUT)   --->   "%x_norm_raw_53 = select i1 %icmp_ln220_7, i11 %shifted_67, i11 %x_norm_raw_52" [../src/fp_math_hls.cpp:220->../src/fp_math_hls.cpp:707]   --->   Operation 116 'select' 'x_norm_raw_53' <Predicate = true> <Delay = 0.38> <CoreInst = "Sel">   --->   Core 73 'Sel' <Latency = 0> <II = 1> <Delay = 0.38> <FuncUnit> <Opcode : 'select'> <InPorts = 3> <OutPorts = 1>
ST_3 : Operation 117 [1/1] (0.78ns)   --->   "%icmp_ln218_8 = icmp_eq  i5 %shift_4, i5 9" [../src/fp_math_hls.cpp:218->../src/fp_math_hls.cpp:707]   --->   Operation 117 'icmp' 'icmp_ln218_8' <Predicate = true> <Delay = 0.78> <CoreInst = "Cmp">   --->   Core 9 'Cmp' <Latency = 0> <II = 1> <Delay = 0.78> <FuncUnit> <Opcode : 'seteq' 'setne' 'setle' 'setge' 'setlt' 'setgt'> <InPorts = 2> <OutPorts = 1>
ST_3 : Operation 118 [1/1] (0.00ns) (grouped into LUT with out node x_norm_raw_55)   --->   "%shifted_68 = partselect i11 @_ssdm_op_PartSelect.i11.i21.i32.i32, i21 %abs_raw_signed_2, i32 9, i32 19" [../src/fp_math_hls.cpp:219->../src/fp_math_hls.cpp:707]   --->   Operation 118 'partselect' 'shifted_68' <Predicate = true> <Delay = 0.00>
ST_3 : Operation 119 [1/1] (0.00ns) (grouped into LUT with out node x_norm_raw_55)   --->   "%x_norm_raw_54 = select i1 %icmp_ln218_8, i11 %shifted_68, i11 %x_norm_raw_53" [../src/fp_math_hls.cpp:218->../src/fp_math_hls.cpp:707]   --->   Operation 119 'select' 'x_norm_raw_54' <Predicate = true> <Delay = 0.00> <CoreInst = "Sel">   --->   Core 73 'Sel' <Latency = 0> <II = 1> <Delay = 0.38> <FuncUnit> <Opcode : 'select'> <InPorts = 3> <OutPorts = 1>
ST_3 : Operation 120 [1/1] (0.78ns)   --->   "%icmp_ln220_8 = icmp_eq  i5 %shift_4, i5 23" [../src/fp_math_hls.cpp:220->../src/fp_math_hls.cpp:707]   --->   Operation 120 'icmp' 'icmp_ln220_8' <Predicate = true> <Delay = 0.78> <CoreInst = "Cmp">   --->   Core 9 'Cmp' <Latency = 0> <II = 1> <Delay = 0.78> <FuncUnit> <Opcode : 'seteq' 'setne' 'setle' 'setge' 'setlt' 'setgt'> <InPorts = 2> <OutPorts = 1>
ST_3 : Operation 121 [1/1] (0.00ns) (grouped into LUT with out node x_norm_raw_55)   --->   "%trunc_ln221_8 = trunc i21 %abs_raw_signed_2" [../src/fp_math_hls.cpp:221->../src/fp_math_hls.cpp:707]   --->   Operation 121 'trunc' 'trunc_ln221_8' <Predicate = true> <Delay = 0.00>
ST_3 : Operation 122 [1/1] (0.00ns) (grouped into LUT with out node x_norm_raw_55)   --->   "%shifted_69 = bitconcatenate i11 @_ssdm_op_BitConcatenate.i11.i2.i9, i2 %trunc_ln221_8, i9 0" [../src/fp_math_hls.cpp:221->../src/fp_math_hls.cpp:707]   --->   Operation 122 'bitconcatenate' 'shifted_69' <Predicate = true> <Delay = 0.00>
ST_3 : Operation 123 [1/1] (0.38ns) (out node of the LUT)   --->   "%x_norm_raw_55 = select i1 %icmp_ln220_8, i11 %shifted_69, i11 %x_norm_raw_54" [../src/fp_math_hls.cpp:220->../src/fp_math_hls.cpp:707]   --->   Operation 123 'select' 'x_norm_raw_55' <Predicate = true> <Delay = 0.38> <CoreInst = "Sel">   --->   Core 73 'Sel' <Latency = 0> <II = 1> <Delay = 0.38> <FuncUnit> <Opcode : 'select'> <InPorts = 3> <OutPorts = 1>
ST_3 : Operation 124 [1/1] (0.78ns)   --->   "%icmp_ln220_9 = icmp_eq  i5 %shift_4, i5 22" [../src/fp_math_hls.cpp:220->../src/fp_math_hls.cpp:707]   --->   Operation 124 'icmp' 'icmp_ln220_9' <Predicate = true> <Delay = 0.78> <CoreInst = "Cmp">   --->   Core 9 'Cmp' <Latency = 0> <II = 1> <Delay = 0.78> <FuncUnit> <Opcode : 'seteq' 'setne' 'setle' 'setge' 'setlt' 'setgt'> <InPorts = 2> <OutPorts = 1>
ST_3 : Operation 125 [1/1] (0.00ns) (grouped into LUT with out node x_norm_raw_57)   --->   "%trunc_ln221_9 = trunc i21 %abs_raw_signed_2" [../src/fp_math_hls.cpp:221->../src/fp_math_hls.cpp:707]   --->   Operation 125 'trunc' 'trunc_ln221_9' <Predicate = true> <Delay = 0.00>
ST_3 : Operation 126 [1/1] (0.00ns) (grouped into LUT with out node x_norm_raw_57)   --->   "%shifted_70 = bitconcatenate i11 @_ssdm_op_BitConcatenate.i11.i1.i10, i1 %trunc_ln221_9, i10 0" [../src/fp_math_hls.cpp:221->../src/fp_math_hls.cpp:707]   --->   Operation 126 'bitconcatenate' 'shifted_70' <Predicate = true> <Delay = 0.00>
ST_3 : Operation 127 [1/1] (0.00ns) (grouped into LUT with out node x_norm_raw_57)   --->   "%x_norm_raw_56 = select i1 %icmp_ln220_9, i11 %shifted_70, i11 %x_norm_raw_55" [../src/fp_math_hls.cpp:220->../src/fp_math_hls.cpp:707]   --->   Operation 127 'select' 'x_norm_raw_56' <Predicate = true> <Delay = 0.00> <CoreInst = "Sel">   --->   Core 73 'Sel' <Latency = 0> <II = 1> <Delay = 0.38> <FuncUnit> <Opcode : 'select'> <InPorts = 3> <OutPorts = 1>
ST_3 : Operation 128 [1/1] (0.78ns)   --->   "%icmp_ln220_10 = icmp_eq  i5 %shift_4, i5 21" [../src/fp_math_hls.cpp:220->../src/fp_math_hls.cpp:707]   --->   Operation 128 'icmp' 'icmp_ln220_10' <Predicate = true> <Delay = 0.78> <CoreInst = "Cmp">   --->   Core 9 'Cmp' <Latency = 0> <II = 1> <Delay = 0.78> <FuncUnit> <Opcode : 'seteq' 'setne' 'setle' 'setge' 'setlt' 'setgt'> <InPorts = 2> <OutPorts = 1>
ST_3 : Operation 129 [1/1] (0.38ns) (out node of the LUT)   --->   "%x_norm_raw_57 = select i1 %icmp_ln220_10, i11 0, i11 %x_norm_raw_56" [../src/fp_math_hls.cpp:220->../src/fp_math_hls.cpp:707]   --->   Operation 129 'select' 'x_norm_raw_57' <Predicate = true> <Delay = 0.38> <CoreInst = "Sel">   --->   Core 73 'Sel' <Latency = 0> <II = 1> <Delay = 0.38> <FuncUnit> <Opcode : 'select'> <InPorts = 3> <OutPorts = 1>
ST_3 : Operation 130 [1/1] (0.00ns)   --->   "%lut_idx = partselect i8 @_ssdm_op_PartSelect.i8.i11.i32.i32, i11 %x_norm_raw_57, i32 3, i32 10" [../src/fp_math_hls.cpp:711]   --->   Operation 130 'partselect' 'lut_idx' <Predicate = true> <Delay = 0.00>
ST_3 : Operation 131 [1/1] (0.00ns)   --->   "%trunc_ln721 = trunc i11 %x_norm_raw_57" [../src/fp_math_hls.cpp:721]   --->   Operation 131 'trunc' 'trunc_ln721' <Predicate = true> <Delay = 0.00>

State 4 <SV = 3> <Delay = 2.00>
ST_4 : Operation 132 [1/1] (0.00ns)   --->   "%zext_ln711 = zext i8 %lut_idx" [../src/fp_math_hls.cpp:711]   --->   Operation 132 'zext' 'zext_ln711' <Predicate = true> <Delay = 0.00>
ST_4 : Operation 133 [1/1] (0.00ns)   --->   "%zext_ln722 = zext i8 %lut_idx" [../src/fp_math_hls.cpp:722]   --->   Operation 133 'zext' 'zext_ln722' <Predicate = true> <Delay = 0.00>
ST_4 : Operation 134 [1/1] (0.00ns)   --->   "%recip_lut_fn_addr = getelementptr i14 %recip_lut_fn, i64 0, i64 %zext_ln722" [../src/fp_math_hls.cpp:722]   --->   Operation 134 'getelementptr' 'recip_lut_fn_addr' <Predicate = true> <Delay = 0.00>
ST_4 : Operation 135 [2/2] (1.23ns)   --->   "%v0 = load i9 %recip_lut_fn_addr" [../src/fp_math_hls.cpp:722]   --->   Operation 135 'load' 'v0' <Predicate = true> <Delay = 1.23> <CoreInst = "ROM_2P_BRAM">   --->   Core 106 'ROM_2P_BRAM' <Latency = 1> <II = 1> <Delay = 1.23> <Storage> <Opcode : 'load'> <Ports = 2> <Width = 14> <Depth = 257> <ROM>
ST_4 : Operation 136 [1/1] (0.76ns)   --->   "%add_ln723 = add i9 %zext_ln711, i9 1" [../src/fp_math_hls.cpp:723]   --->   Operation 136 'add' 'add_ln723' <Predicate = true> <Delay = 0.76> <CoreInst = "Adder">   --->   Core 1 'Adder' <Latency = 0> <II = 1> <Delay = 0.76> <FuncUnit> <Opcode : 'add' 'sub'> <InPorts = 2> <OutPorts = 1>
ST_4 : Operation 137 [1/1] (0.00ns)   --->   "%zext_ln723 = zext i9 %add_ln723" [../src/fp_math_hls.cpp:723]   --->   Operation 137 'zext' 'zext_ln723' <Predicate = true> <Delay = 0.00>
ST_4 : Operation 138 [1/1] (0.00ns)   --->   "%recip_lut_fn_addr_1 = getelementptr i14 %recip_lut_fn, i64 0, i64 %zext_ln723" [../src/fp_math_hls.cpp:723]   --->   Operation 138 'getelementptr' 'recip_lut_fn_addr_1' <Predicate = true> <Delay = 0.00>
ST_4 : Operation 139 [2/2] (1.23ns)   --->   "%v1 = load i9 %recip_lut_fn_addr_1" [../src/fp_math_hls.cpp:723]   --->   Operation 139 'load' 'v1' <Predicate = true> <Delay = 1.23> <CoreInst = "ROM_2P_BRAM">   --->   Core 106 'ROM_2P_BRAM' <Latency = 1> <II = 1> <Delay = 1.23> <Storage> <Opcode : 'load'> <Ports = 2> <Width = 14> <Depth = 257> <ROM>

State 5 <SV = 4> <Delay = 4.35>
ST_5 : Operation 140 [1/2] ( I:1.23ns O:1.23ns )   --->   "%v0 = load i9 %recip_lut_fn_addr" [../src/fp_math_hls.cpp:722]   --->   Operation 140 'load' 'v0' <Predicate = true> <Delay = 1.23> <CoreInst = "ROM_2P_BRAM">   --->   Core 106 'ROM_2P_BRAM' <Latency = 1> <II = 1> <Delay = 1.23> <Storage> <Opcode : 'load'> <Ports = 2> <Width = 14> <Depth = 257> <ROM>
ST_5 : Operation 141 [1/2] ( I:1.23ns O:1.23ns )   --->   "%v1 = load i9 %recip_lut_fn_addr_1" [../src/fp_math_hls.cpp:723]   --->   Operation 141 'load' 'v1' <Predicate = true> <Delay = 1.23> <CoreInst = "ROM_2P_BRAM">   --->   Core 106 'ROM_2P_BRAM' <Latency = 1> <II = 1> <Delay = 1.23> <Storage> <Opcode : 'load'> <Ports = 2> <Width = 14> <Depth = 257> <ROM>
ST_5 : Operation 142 [1/1] (0.83ns)   --->   "%sub_ln725 = sub i14 %v1, i14 %v0" [../src/fp_math_hls.cpp:725]   --->   Operation 142 'sub' 'sub_ln725' <Predicate = true> <Delay = 0.83> <CoreInst = "Adder">   --->   Core 1 'Adder' <Latency = 0> <II = 1> <Delay = 0.83> <FuncUnit> <Opcode : 'add' 'sub'> <InPorts = 2> <OutPorts = 1>
ST_5 : Operation 143 [1/1] (0.00ns)   --->   "%sext_ln725 = sext i14 %sub_ln725" [../src/fp_math_hls.cpp:725]   --->   Operation 143 'sext' 'sext_ln725' <Predicate = true> <Delay = 0.00>
ST_5 : Operation 144 [1/1] (0.00ns)   --->   "%zext_ln725 = zext i3 %trunc_ln721" [../src/fp_math_hls.cpp:725]   --->   Operation 144 'zext' 'zext_ln725' <Predicate = true> <Delay = 0.00>
ST_5 : Operation 145 [1/1] (2.28ns)   --->   "%mul_ln725 = mul i17 %sext_ln725, i17 %zext_ln725" [../src/fp_math_hls.cpp:725]   --->   Operation 145 'mul' 'mul_ln725' <Predicate = true> <Delay = 2.28> <CoreInst = "Multiplier">   --->   Core 3 'Multiplier' <Latency = 0> <II = 1> <Delay = 2.28> <FuncUnit> <Opcode : 'mul'> <InPorts = 2> <OutPorts = 1>
ST_5 : Operation 146 [1/1] (0.00ns)   --->   "%trunc_ln = partselect i14 @_ssdm_op_PartSelect.i14.i17.i32.i32, i17 %mul_ln725, i32 3, i32 16" [../src/fp_math_hls.cpp:725]   --->   Operation 146 'partselect' 'trunc_ln' <Predicate = true> <Delay = 0.00>

State 6 <SV = 5> <Delay = 3.94>
ST_6 : Operation 147 [1/1] (0.00ns)   --->   "%specpipeline_ln663 = specpipeline void @_ssdm_op_SpecPipeline, i32 1, i32 0, i32 0, i32 0, i32 4294967295, void @empty_524" [../src/fp_math_hls.cpp:663]   --->   Operation 147 'specpipeline' 'specpipeline_ln663' <Predicate = true> <Delay = 0.00>
ST_6 : Operation 148 [1/1] (0.00ns)   --->   "%specmemcore_ln666 = specmemcore void @_ssdm_op_SpecMemCore, i14 %recip_lut_fn, i64 666, i64 36, i64 18446744073709551615, i1 0" [../src/fp_math_hls.cpp:666]   --->   Operation 148 'specmemcore' 'specmemcore_ln666' <Predicate = true> <Delay = 0.00>
ST_6 : Operation 149 [1/1] (0.00ns)   --->   "%zext_ln722_1 = zext i14 %v0" [../src/fp_math_hls.cpp:722]   --->   Operation 149 'zext' 'zext_ln722_1' <Predicate = true> <Delay = 0.00>
ST_6 : Operation 150 [1/1] (0.00ns)   --->   "%sext_ln725_1 = sext i14 %trunc_ln" [../src/fp_math_hls.cpp:725]   --->   Operation 150 'sext' 'sext_ln725_1' <Predicate = true> <Delay = 0.00>
ST_6 : Operation 151 [1/1] (0.83ns)   --->   "%add_ln725 = add i14 %trunc_ln, i14 %v0" [../src/fp_math_hls.cpp:725]   --->   Operation 151 'add' 'add_ln725' <Predicate = true> <Delay = 0.83> <CoreInst = "Adder">   --->   Core 1 'Adder' <Latency = 0> <II = 1> <Delay = 0.83> <FuncUnit> <Opcode : 'add' 'sub'> <InPorts = 2> <OutPorts = 1>
ST_6 : Operation 152 [1/1] (0.83ns)   --->   "%est_raw = add i15 %sext_ln725_1, i15 %zext_ln722_1" [../src/fp_math_hls.cpp:234->../src/fp_math_hls.cpp:727]   --->   Operation 152 'add' 'est_raw' <Predicate = true> <Delay = 0.83> <CoreInst = "Adder">   --->   Core 1 'Adder' <Latency = 0> <II = 1> <Delay = 0.83> <FuncUnit> <Opcode : 'add' 'sub'> <InPorts = 2> <OutPorts = 1>
ST_6 : Operation 153 [1/1] (0.00ns) (grouped into LUT with out node select_ln233_17)   --->   "%sext_ln228 = sext i15 %est_raw" [../src/fp_math_hls.cpp:228->../src/fp_math_hls.cpp:727]   --->   Operation 153 'sext' 'sext_ln228' <Predicate = true> <Delay = 0.00>
ST_6 : Operation 154 [1/1] (0.00ns) (grouped into LUT with out node select_ln233_9)   --->   "%tmp_68 = partselect i14 @_ssdm_op_PartSelect.i14.i15.i32.i32, i15 %est_raw, i32 1, i32 14" [../src/fp_math_hls.cpp:232->../src/fp_math_hls.cpp:727]   --->   Operation 154 'partselect' 'tmp_68' <Predicate = (!icmp_ln220)> <Delay = 0.00>
ST_6 : Operation 155 [1/1] (0.00ns) (grouped into LUT with out node select_ln233_9)   --->   "%shifted_40 = sext i14 %tmp_68" [../src/fp_math_hls.cpp:232->../src/fp_math_hls.cpp:727]   --->   Operation 155 'sext' 'shifted_40' <Predicate = (!icmp_ln220)> <Delay = 0.00>
ST_6 : Operation 156 [1/1] (0.00ns) (grouped into LUT with out node select_ln233_9)   --->   "%shifted_41 = bitconcatenate i16 @_ssdm_op_BitConcatenate.i16.i15.i1, i15 %est_raw, i1 0" [../src/fp_math_hls.cpp:234->../src/fp_math_hls.cpp:727]   --->   Operation 156 'bitconcatenate' 'shifted_41' <Predicate = (icmp_ln220)> <Delay = 0.00>
ST_6 : Operation 157 [1/1] (0.00ns) (grouped into LUT with out node select_ln233_9)   --->   "%sext_ln228_1 = sext i16 %shifted_41" [../src/fp_math_hls.cpp:228->../src/fp_math_hls.cpp:727]   --->   Operation 157 'sext' 'sext_ln228_1' <Predicate = (icmp_ln220)> <Delay = 0.00>
ST_6 : Operation 158 [1/1] (0.00ns) (grouped into LUT with out node select_ln233_14)   --->   "%tmp_69 = partselect i13 @_ssdm_op_PartSelect.i13.i15.i32.i32, i15 %est_raw, i32 2, i32 14" [../src/fp_math_hls.cpp:232->../src/fp_math_hls.cpp:727]   --->   Operation 158 'partselect' 'tmp_69' <Predicate = (!icmp_ln220_1)> <Delay = 0.00>
ST_6 : Operation 159 [1/1] (0.00ns) (grouped into LUT with out node select_ln233_14)   --->   "%shifted_42 = sext i13 %tmp_69" [../src/fp_math_hls.cpp:232->../src/fp_math_hls.cpp:727]   --->   Operation 159 'sext' 'shifted_42' <Predicate = (!icmp_ln220_1)> <Delay = 0.00>
ST_6 : Operation 160 [1/1] (0.00ns) (grouped into LUT with out node select_ln233_14)   --->   "%shifted_43 = bitconcatenate i17 @_ssdm_op_BitConcatenate.i17.i15.i2, i15 %est_raw, i2 0" [../src/fp_math_hls.cpp:234->../src/fp_math_hls.cpp:727]   --->   Operation 160 'bitconcatenate' 'shifted_43' <Predicate = (icmp_ln220_1)> <Delay = 0.00>
ST_6 : Operation 161 [1/1] (0.00ns) (grouped into LUT with out node select_ln233_14)   --->   "%sext_ln228_2 = sext i17 %shifted_43" [../src/fp_math_hls.cpp:228->../src/fp_math_hls.cpp:727]   --->   Operation 161 'sext' 'sext_ln228_2' <Predicate = (icmp_ln220_1)> <Delay = 0.00>
ST_6 : Operation 162 [1/1] (0.00ns) (grouped into LUT with out node select_ln233_7)   --->   "%tmp_70 = partselect i12 @_ssdm_op_PartSelect.i12.i15.i32.i32, i15 %est_raw, i32 3, i32 14" [../src/fp_math_hls.cpp:232->../src/fp_math_hls.cpp:727]   --->   Operation 162 'partselect' 'tmp_70' <Predicate = (!icmp_ln220_2)> <Delay = 0.00>
ST_6 : Operation 163 [1/1] (0.00ns) (grouped into LUT with out node select_ln233_7)   --->   "%shifted_44 = sext i12 %tmp_70" [../src/fp_math_hls.cpp:232->../src/fp_math_hls.cpp:727]   --->   Operation 163 'sext' 'shifted_44' <Predicate = (!icmp_ln220_2)> <Delay = 0.00>
ST_6 : Operation 164 [1/1] (0.00ns) (grouped into LUT with out node select_ln233_7)   --->   "%shifted_45 = bitconcatenate i18 @_ssdm_op_BitConcatenate.i18.i15.i3, i15 %est_raw, i3 0" [../src/fp_math_hls.cpp:234->../src/fp_math_hls.cpp:727]   --->   Operation 164 'bitconcatenate' 'shifted_45' <Predicate = (icmp_ln220_2)> <Delay = 0.00>
ST_6 : Operation 165 [1/1] (0.00ns) (grouped into LUT with out node select_ln233_13)   --->   "%tmp_71 = partselect i11 @_ssdm_op_PartSelect.i11.i15.i32.i32, i15 %est_raw, i32 4, i32 14" [../src/fp_math_hls.cpp:232->../src/fp_math_hls.cpp:727]   --->   Operation 165 'partselect' 'tmp_71' <Predicate = (!icmp_ln220_3)> <Delay = 0.00>
ST_6 : Operation 166 [1/1] (0.00ns) (grouped into LUT with out node select_ln233_13)   --->   "%sext_ln232 = sext i11 %tmp_71" [../src/fp_math_hls.cpp:232->../src/fp_math_hls.cpp:727]   --->   Operation 166 'sext' 'sext_ln232' <Predicate = (!icmp_ln220_3)> <Delay = 0.00>
ST_6 : Operation 167 [1/1] (0.00ns) (grouped into LUT with out node select_ln233_13)   --->   "%shifted_46 = bitconcatenate i19 @_ssdm_op_BitConcatenate.i19.i15.i4, i15 %est_raw, i4 0" [../src/fp_math_hls.cpp:234->../src/fp_math_hls.cpp:727]   --->   Operation 167 'bitconcatenate' 'shifted_46' <Predicate = (icmp_ln220_3)> <Delay = 0.00>
ST_6 : Operation 168 [1/1] (0.00ns) (grouped into LUT with out node select_ln233_5)   --->   "%tmp_72 = partselect i10 @_ssdm_op_PartSelect.i10.i15.i32.i32, i15 %est_raw, i32 5, i32 14" [../src/fp_math_hls.cpp:232->../src/fp_math_hls.cpp:727]   --->   Operation 168 'partselect' 'tmp_72' <Predicate = (!icmp_ln220_4)> <Delay = 0.00>
ST_6 : Operation 169 [1/1] (0.00ns) (grouped into LUT with out node select_ln233_5)   --->   "%sext_ln232_1 = sext i10 %tmp_72" [../src/fp_math_hls.cpp:232->../src/fp_math_hls.cpp:727]   --->   Operation 169 'sext' 'sext_ln232_1' <Predicate = (!icmp_ln220_4)> <Delay = 0.00>
ST_6 : Operation 170 [1/1] (0.00ns) (grouped into LUT with out node select_ln233_5)   --->   "%shifted_47 = bitconcatenate i19 @_ssdm_op_BitConcatenate.i19.i14.i5, i14 %add_ln725, i5 0" [../src/fp_math_hls.cpp:234->../src/fp_math_hls.cpp:727]   --->   Operation 170 'bitconcatenate' 'shifted_47' <Predicate = (icmp_ln220_4)> <Delay = 0.00>
ST_6 : Operation 171 [1/1] (0.00ns) (grouped into LUT with out node select_ln233_12)   --->   "%tmp_73 = partselect i9 @_ssdm_op_PartSelect.i9.i15.i32.i32, i15 %est_raw, i32 6, i32 14" [../src/fp_math_hls.cpp:232->../src/fp_math_hls.cpp:727]   --->   Operation 171 'partselect' 'tmp_73' <Predicate = (!icmp_ln220_5)> <Delay = 0.00>
ST_6 : Operation 172 [1/1] (0.00ns) (grouped into LUT with out node select_ln233_12)   --->   "%sext_ln232_2 = sext i9 %tmp_73" [../src/fp_math_hls.cpp:232->../src/fp_math_hls.cpp:727]   --->   Operation 172 'sext' 'sext_ln232_2' <Predicate = (!icmp_ln220_5)> <Delay = 0.00>
ST_6 : Operation 173 [1/1] (0.00ns) (grouped into LUT with out node select_ln233_12)   --->   "%trunc_ln234 = trunc i14 %add_ln725" [../src/fp_math_hls.cpp:234->../src/fp_math_hls.cpp:727]   --->   Operation 173 'trunc' 'trunc_ln234' <Predicate = (icmp_ln220_5)> <Delay = 0.00>
ST_6 : Operation 174 [1/1] (0.00ns) (grouped into LUT with out node select_ln233_12)   --->   "%shifted_48 = bitconcatenate i19 @_ssdm_op_BitConcatenate.i19.i13.i6, i13 %trunc_ln234, i6 0" [../src/fp_math_hls.cpp:234->../src/fp_math_hls.cpp:727]   --->   Operation 174 'bitconcatenate' 'shifted_48' <Predicate = (icmp_ln220_5)> <Delay = 0.00>
ST_6 : Operation 175 [1/1] (0.00ns) (grouped into LUT with out node select_ln233_3)   --->   "%tmp_74 = partselect i8 @_ssdm_op_PartSelect.i8.i15.i32.i32, i15 %est_raw, i32 7, i32 14" [../src/fp_math_hls.cpp:232->../src/fp_math_hls.cpp:727]   --->   Operation 175 'partselect' 'tmp_74' <Predicate = (!icmp_ln220_6)> <Delay = 0.00>
ST_6 : Operation 176 [1/1] (0.00ns) (grouped into LUT with out node select_ln233_3)   --->   "%sext_ln232_3 = sext i8 %tmp_74" [../src/fp_math_hls.cpp:232->../src/fp_math_hls.cpp:727]   --->   Operation 176 'sext' 'sext_ln232_3' <Predicate = (!icmp_ln220_6)> <Delay = 0.00>
ST_6 : Operation 177 [1/1] (0.00ns) (grouped into LUT with out node select_ln233_3)   --->   "%trunc_ln234_1 = trunc i14 %add_ln725" [../src/fp_math_hls.cpp:234->../src/fp_math_hls.cpp:727]   --->   Operation 177 'trunc' 'trunc_ln234_1' <Predicate = (icmp_ln220_6)> <Delay = 0.00>
ST_6 : Operation 178 [1/1] (0.00ns) (grouped into LUT with out node select_ln233_3)   --->   "%shifted_49 = bitconcatenate i19 @_ssdm_op_BitConcatenate.i19.i12.i7, i12 %trunc_ln234_1, i7 0" [../src/fp_math_hls.cpp:234->../src/fp_math_hls.cpp:727]   --->   Operation 178 'bitconcatenate' 'shifted_49' <Predicate = (icmp_ln220_6)> <Delay = 0.00>
ST_6 : Operation 179 [1/1] (0.00ns) (grouped into LUT with out node select_ln233_11)   --->   "%tmp_75 = partselect i7 @_ssdm_op_PartSelect.i7.i15.i32.i32, i15 %est_raw, i32 8, i32 14" [../src/fp_math_hls.cpp:232->../src/fp_math_hls.cpp:727]   --->   Operation 179 'partselect' 'tmp_75' <Predicate = (!icmp_ln220_7)> <Delay = 0.00>
ST_6 : Operation 180 [1/1] (0.00ns) (grouped into LUT with out node select_ln233_11)   --->   "%sext_ln232_4 = sext i7 %tmp_75" [../src/fp_math_hls.cpp:232->../src/fp_math_hls.cpp:727]   --->   Operation 180 'sext' 'sext_ln232_4' <Predicate = (!icmp_ln220_7)> <Delay = 0.00>
ST_6 : Operation 181 [1/1] (0.00ns) (grouped into LUT with out node select_ln233_11)   --->   "%trunc_ln234_2 = trunc i14 %add_ln725" [../src/fp_math_hls.cpp:234->../src/fp_math_hls.cpp:727]   --->   Operation 181 'trunc' 'trunc_ln234_2' <Predicate = (icmp_ln220_7)> <Delay = 0.00>
ST_6 : Operation 182 [1/1] (0.00ns) (grouped into LUT with out node select_ln233_11)   --->   "%shifted_50 = bitconcatenate i19 @_ssdm_op_BitConcatenate.i19.i11.i8, i11 %trunc_ln234_2, i8 0" [../src/fp_math_hls.cpp:234->../src/fp_math_hls.cpp:727]   --->   Operation 182 'bitconcatenate' 'shifted_50' <Predicate = (icmp_ln220_7)> <Delay = 0.00>
ST_6 : Operation 183 [1/1] (0.00ns) (grouped into LUT with out node select_ln233_1)   --->   "%tmp_76 = partselect i6 @_ssdm_op_PartSelect.i6.i15.i32.i32, i15 %est_raw, i32 9, i32 14" [../src/fp_math_hls.cpp:232->../src/fp_math_hls.cpp:727]   --->   Operation 183 'partselect' 'tmp_76' <Predicate = (!icmp_ln220_8)> <Delay = 0.00>
ST_6 : Operation 184 [1/1] (0.00ns) (grouped into LUT with out node select_ln233_1)   --->   "%sext_ln232_5 = sext i6 %tmp_76" [../src/fp_math_hls.cpp:232->../src/fp_math_hls.cpp:727]   --->   Operation 184 'sext' 'sext_ln232_5' <Predicate = (!icmp_ln220_8)> <Delay = 0.00>
ST_6 : Operation 185 [1/1] (0.00ns) (grouped into LUT with out node select_ln233_1)   --->   "%trunc_ln234_3 = trunc i14 %add_ln725" [../src/fp_math_hls.cpp:234->../src/fp_math_hls.cpp:727]   --->   Operation 185 'trunc' 'trunc_ln234_3' <Predicate = (icmp_ln220_8)> <Delay = 0.00>
ST_6 : Operation 186 [1/1] (0.00ns) (grouped into LUT with out node select_ln233_1)   --->   "%shifted_51 = bitconcatenate i19 @_ssdm_op_BitConcatenate.i19.i10.i9, i10 %trunc_ln234_3, i9 0" [../src/fp_math_hls.cpp:234->../src/fp_math_hls.cpp:727]   --->   Operation 186 'bitconcatenate' 'shifted_51' <Predicate = (icmp_ln220_8)> <Delay = 0.00>
ST_6 : Operation 187 [1/1] (0.00ns) (grouped into LUT with out node select_ln233_10)   --->   "%trunc_ln233 = trunc i14 %add_ln725" [../src/fp_math_hls.cpp:233->../src/fp_math_hls.cpp:727]   --->   Operation 187 'trunc' 'trunc_ln233' <Predicate = (icmp_ln220_10)> <Delay = 0.00>
ST_6 : Operation 188 [1/1] (0.00ns) (grouped into LUT with out node select_ln233_10)   --->   "%st = bitconcatenate i19 @_ssdm_op_BitConcatenate.i19.i8.i11, i8 %trunc_ln233, i11 0" [../src/fp_math_hls.cpp:233->../src/fp_math_hls.cpp:727]   --->   Operation 188 'bitconcatenate' 'st' <Predicate = (icmp_ln220_10)> <Delay = 0.00>
ST_6 : Operation 189 [1/1] (0.00ns) (grouped into LUT with out node select_ln233_10)   --->   "%trunc_ln233_1 = trunc i14 %add_ln725" [../src/fp_math_hls.cpp:233->../src/fp_math_hls.cpp:727]   --->   Operation 189 'trunc' 'trunc_ln233_1' <Predicate = (!icmp_ln220_10)> <Delay = 0.00>
ST_6 : Operation 190 [1/1] (0.00ns) (grouped into LUT with out node select_ln233_10)   --->   "%sf = bitconcatenate i19 @_ssdm_op_BitConcatenate.i19.i9.i10, i9 %trunc_ln233_1, i10 0" [../src/fp_math_hls.cpp:233->../src/fp_math_hls.cpp:727]   --->   Operation 190 'bitconcatenate' 'sf' <Predicate = (!icmp_ln220_10)> <Delay = 0.00>
ST_6 : Operation 191 [1/1] (0.00ns) (grouped into LUT with out node select_ln233_10)   --->   "%select_ln233 = select i1 %icmp_ln220_10, i19 %st, i19 %sf" [../src/fp_math_hls.cpp:233->../src/fp_math_hls.cpp:727]   --->   Operation 191 'select' 'select_ln233' <Predicate = true> <Delay = 0.00> <CoreInst = "Sel">   --->   Core 73 'Sel' <Latency = 0> <II = 1> <Delay = 0.36> <FuncUnit> <Opcode : 'select'> <InPorts = 3> <OutPorts = 1>
ST_6 : Operation 192 [1/1] (0.28ns)   --->   "%or_ln233 = or i1 %icmp_ln220_10, i1 %icmp_ln220_9" [../src/fp_math_hls.cpp:233->../src/fp_math_hls.cpp:727]   --->   Operation 192 'or' 'or_ln233' <Predicate = true> <Delay = 0.28> <CoreInst = "LogicGate">   --->   Core 74 'LogicGate' <Latency = 0> <II = 1> <Delay = 0.28> <FuncUnit> <Opcode : 'and' 'or' 'xor'> <InPorts = 2> <OutPorts = 1>
ST_6 : Operation 193 [1/1] (0.36ns) (out node of the LUT)   --->   "%select_ln233_1 = select i1 %icmp_ln220_8, i19 %shifted_51, i19 %sext_ln232_5" [../src/fp_math_hls.cpp:233->../src/fp_math_hls.cpp:727]   --->   Operation 193 'select' 'select_ln233_1' <Predicate = true> <Delay = 0.36> <CoreInst = "Sel">   --->   Core 73 'Sel' <Latency = 0> <II = 1> <Delay = 0.36> <FuncUnit> <Opcode : 'select'> <InPorts = 3> <OutPorts = 1>
ST_6 : Operation 194 [1/1] (0.00ns) (grouped into LUT with out node or_ln233_10)   --->   "%or_ln233_1 = or i1 %icmp_ln220_8, i1 %icmp_ln218_8" [../src/fp_math_hls.cpp:233->../src/fp_math_hls.cpp:727]   --->   Operation 194 'or' 'or_ln233_1' <Predicate = true> <Delay = 0.00> <CoreInst = "LogicGate">   --->   Core 74 'LogicGate' <Latency = 0> <II = 1> <Delay = 0.28> <FuncUnit> <Opcode : 'and' 'or' 'xor'> <InPorts = 2> <OutPorts = 1>
ST_6 : Operation 195 [1/1] (0.00ns) (grouped into LUT with out node select_ln233_11)   --->   "%select_ln233_2 = select i1 %icmp_ln220_7, i19 %shifted_50, i19 %sext_ln232_4" [../src/fp_math_hls.cpp:233->../src/fp_math_hls.cpp:727]   --->   Operation 195 'select' 'select_ln233_2' <Predicate = true> <Delay = 0.00> <CoreInst = "Sel">   --->   Core 73 'Sel' <Latency = 0> <II = 1> <Delay = 0.36> <FuncUnit> <Opcode : 'select'> <InPorts = 3> <OutPorts = 1>
ST_6 : Operation 196 [1/1] (0.28ns)   --->   "%or_ln233_2 = or i1 %icmp_ln220_7, i1 %icmp_ln218_7" [../src/fp_math_hls.cpp:233->../src/fp_math_hls.cpp:727]   --->   Operation 196 'or' 'or_ln233_2' <Predicate = true> <Delay = 0.28> <CoreInst = "LogicGate">   --->   Core 74 'LogicGate' <Latency = 0> <II = 1> <Delay = 0.28> <FuncUnit> <Opcode : 'and' 'or' 'xor'> <InPorts = 2> <OutPorts = 1>
ST_6 : Operation 197 [1/1] (0.36ns) (out node of the LUT)   --->   "%select_ln233_3 = select i1 %icmp_ln220_6, i19 %shifted_49, i19 %sext_ln232_3" [../src/fp_math_hls.cpp:233->../src/fp_math_hls.cpp:727]   --->   Operation 197 'select' 'select_ln233_3' <Predicate = true> <Delay = 0.36> <CoreInst = "Sel">   --->   Core 73 'Sel' <Latency = 0> <II = 1> <Delay = 0.36> <FuncUnit> <Opcode : 'select'> <InPorts = 3> <OutPorts = 1>
ST_6 : Operation 198 [1/1] (0.00ns) (grouped into LUT with out node or_ln233_15)   --->   "%or_ln233_3 = or i1 %icmp_ln220_6, i1 %icmp_ln218_6" [../src/fp_math_hls.cpp:233->../src/fp_math_hls.cpp:727]   --->   Operation 198 'or' 'or_ln233_3' <Predicate = true> <Delay = 0.00> <CoreInst = "LogicGate">   --->   Core 74 'LogicGate' <Latency = 0> <II = 1> <Delay = 0.28> <FuncUnit> <Opcode : 'and' 'or' 'xor'> <InPorts = 2> <OutPorts = 1>
ST_6 : Operation 199 [1/1] (0.00ns) (grouped into LUT with out node select_ln233_12)   --->   "%select_ln233_4 = select i1 %icmp_ln220_5, i19 %shifted_48, i19 %sext_ln232_2" [../src/fp_math_hls.cpp:233->../src/fp_math_hls.cpp:727]   --->   Operation 199 'select' 'select_ln233_4' <Predicate = true> <Delay = 0.00> <CoreInst = "Sel">   --->   Core 73 'Sel' <Latency = 0> <II = 1> <Delay = 0.36> <FuncUnit> <Opcode : 'select'> <InPorts = 3> <OutPorts = 1>
ST_6 : Operation 200 [1/1] (0.28ns)   --->   "%or_ln233_4 = or i1 %icmp_ln220_5, i1 %icmp_ln218_5" [../src/fp_math_hls.cpp:233->../src/fp_math_hls.cpp:727]   --->   Operation 200 'or' 'or_ln233_4' <Predicate = true> <Delay = 0.28> <CoreInst = "LogicGate">   --->   Core 74 'LogicGate' <Latency = 0> <II = 1> <Delay = 0.28> <FuncUnit> <Opcode : 'and' 'or' 'xor'> <InPorts = 2> <OutPorts = 1>
ST_6 : Operation 201 [1/1] (0.36ns) (out node of the LUT)   --->   "%select_ln233_5 = select i1 %icmp_ln220_4, i19 %shifted_47, i19 %sext_ln232_1" [../src/fp_math_hls.cpp:233->../src/fp_math_hls.cpp:727]   --->   Operation 201 'select' 'select_ln233_5' <Predicate = true> <Delay = 0.36> <CoreInst = "Sel">   --->   Core 73 'Sel' <Latency = 0> <II = 1> <Delay = 0.36> <FuncUnit> <Opcode : 'select'> <InPorts = 3> <OutPorts = 1>
ST_6 : Operation 202 [1/1] (0.00ns) (grouped into LUT with out node or_ln233_12)   --->   "%or_ln233_5 = or i1 %icmp_ln220_4, i1 %icmp_ln218_4" [../src/fp_math_hls.cpp:233->../src/fp_math_hls.cpp:727]   --->   Operation 202 'or' 'or_ln233_5' <Predicate = true> <Delay = 0.00> <CoreInst = "LogicGate">   --->   Core 74 'LogicGate' <Latency = 0> <II = 1> <Delay = 0.28> <FuncUnit> <Opcode : 'and' 'or' 'xor'> <InPorts = 2> <OutPorts = 1>
ST_6 : Operation 203 [1/1] (0.00ns) (grouped into LUT with out node select_ln233_13)   --->   "%select_ln233_6 = select i1 %icmp_ln220_3, i19 %shifted_46, i19 %sext_ln232" [../src/fp_math_hls.cpp:233->../src/fp_math_hls.cpp:727]   --->   Operation 203 'select' 'select_ln233_6' <Predicate = true> <Delay = 0.00> <CoreInst = "Sel">   --->   Core 73 'Sel' <Latency = 0> <II = 1> <Delay = 0.36> <FuncUnit> <Opcode : 'select'> <InPorts = 3> <OutPorts = 1>
ST_6 : Operation 204 [1/1] (0.28ns)   --->   "%or_ln233_6 = or i1 %icmp_ln220_3, i1 %icmp_ln218_3" [../src/fp_math_hls.cpp:233->../src/fp_math_hls.cpp:727]   --->   Operation 204 'or' 'or_ln233_6' <Predicate = true> <Delay = 0.28> <CoreInst = "LogicGate">   --->   Core 74 'LogicGate' <Latency = 0> <II = 1> <Delay = 0.28> <FuncUnit> <Opcode : 'and' 'or' 'xor'> <InPorts = 2> <OutPorts = 1>
ST_6 : Operation 205 [1/1] (0.36ns) (out node of the LUT)   --->   "%select_ln233_7 = select i1 %icmp_ln220_2, i18 %shifted_45, i18 %shifted_44" [../src/fp_math_hls.cpp:233->../src/fp_math_hls.cpp:727]   --->   Operation 205 'select' 'select_ln233_7' <Predicate = true> <Delay = 0.36> <CoreInst = "Sel">   --->   Core 73 'Sel' <Latency = 0> <II = 1> <Delay = 0.36> <FuncUnit> <Opcode : 'select'> <InPorts = 3> <OutPorts = 1>
ST_6 : Operation 206 [1/1] (0.00ns) (grouped into LUT with out node select_ln233_13)   --->   "%sext_ln233 = sext i18 %select_ln233_7" [../src/fp_math_hls.cpp:233->../src/fp_math_hls.cpp:727]   --->   Operation 206 'sext' 'sext_ln233' <Predicate = true> <Delay = 0.00>
ST_6 : Operation 207 [1/1] (0.00ns) (grouped into LUT with out node or_ln233_17)   --->   "%or_ln233_7 = or i1 %icmp_ln220_2, i1 %icmp_ln218_2" [../src/fp_math_hls.cpp:233->../src/fp_math_hls.cpp:727]   --->   Operation 207 'or' 'or_ln233_7' <Predicate = true> <Delay = 0.00> <CoreInst = "LogicGate">   --->   Core 74 'LogicGate' <Latency = 0> <II = 1> <Delay = 0.28> <FuncUnit> <Opcode : 'and' 'or' 'xor'> <InPorts = 2> <OutPorts = 1>
ST_6 : Operation 208 [1/1] (0.00ns) (grouped into LUT with out node select_ln233_14)   --->   "%select_ln233_8 = select i1 %icmp_ln220_1, i19 %sext_ln228_2, i19 %shifted_42" [../src/fp_math_hls.cpp:233->../src/fp_math_hls.cpp:727]   --->   Operation 208 'select' 'select_ln233_8' <Predicate = true> <Delay = 0.00> <CoreInst = "Sel">   --->   Core 73 'Sel' <Latency = 0> <II = 1> <Delay = 0.35> <FuncUnit> <Opcode : 'select'> <InPorts = 3> <OutPorts = 1>
ST_6 : Operation 209 [1/1] (0.28ns)   --->   "%or_ln233_8 = or i1 %icmp_ln220_1, i1 %icmp_ln218_1" [../src/fp_math_hls.cpp:233->../src/fp_math_hls.cpp:727]   --->   Operation 209 'or' 'or_ln233_8' <Predicate = true> <Delay = 0.28> <CoreInst = "LogicGate">   --->   Core 74 'LogicGate' <Latency = 0> <II = 1> <Delay = 0.28> <FuncUnit> <Opcode : 'and' 'or' 'xor'> <InPorts = 2> <OutPorts = 1>
ST_6 : Operation 210 [1/1] (0.35ns) (out node of the LUT)   --->   "%select_ln233_9 = select i1 %icmp_ln220, i19 %sext_ln228_1, i19 %shifted_40" [../src/fp_math_hls.cpp:233->../src/fp_math_hls.cpp:727]   --->   Operation 210 'select' 'select_ln233_9' <Predicate = true> <Delay = 0.35> <CoreInst = "Sel">   --->   Core 73 'Sel' <Latency = 0> <II = 1> <Delay = 0.35> <FuncUnit> <Opcode : 'select'> <InPorts = 3> <OutPorts = 1>
ST_6 : Operation 211 [1/1] (0.00ns) (grouped into LUT with out node select_ln233_17)   --->   "%or_ln233_9 = or i1 %icmp_ln220, i1 %icmp_ln218" [../src/fp_math_hls.cpp:233->../src/fp_math_hls.cpp:727]   --->   Operation 211 'or' 'or_ln233_9' <Predicate = true> <Delay = 0.00> <CoreInst = "LogicGate">   --->   Core 74 'LogicGate' <Latency = 0> <II = 1> <Delay = 0.28> <FuncUnit> <Opcode : 'and' 'or' 'xor'> <InPorts = 2> <OutPorts = 1>
ST_6 : Operation 212 [1/1] (0.36ns) (out node of the LUT)   --->   "%select_ln233_10 = select i1 %or_ln233, i19 %select_ln233, i19 %select_ln233_1" [../src/fp_math_hls.cpp:233->../src/fp_math_hls.cpp:727]   --->   Operation 212 'select' 'select_ln233_10' <Predicate = true> <Delay = 0.36> <CoreInst = "Sel">   --->   Core 73 'Sel' <Latency = 0> <II = 1> <Delay = 0.36> <FuncUnit> <Opcode : 'select'> <InPorts = 3> <OutPorts = 1>
ST_6 : Operation 213 [1/1] (0.28ns) (out node of the LUT)   --->   "%or_ln233_10 = or i1 %or_ln233, i1 %or_ln233_1" [../src/fp_math_hls.cpp:233->../src/fp_math_hls.cpp:727]   --->   Operation 213 'or' 'or_ln233_10' <Predicate = true> <Delay = 0.28> <CoreInst = "LogicGate">   --->   Core 74 'LogicGate' <Latency = 0> <II = 1> <Delay = 0.28> <FuncUnit> <Opcode : 'and' 'or' 'xor'> <InPorts = 2> <OutPorts = 1>
ST_6 : Operation 214 [1/1] (0.36ns) (out node of the LUT)   --->   "%select_ln233_11 = select i1 %or_ln233_2, i19 %select_ln233_2, i19 %select_ln233_3" [../src/fp_math_hls.cpp:233->../src/fp_math_hls.cpp:727]   --->   Operation 214 'select' 'select_ln233_11' <Predicate = true> <Delay = 0.36> <CoreInst = "Sel">   --->   Core 73 'Sel' <Latency = 0> <II = 1> <Delay = 0.36> <FuncUnit> <Opcode : 'select'> <InPorts = 3> <OutPorts = 1>
ST_6 : Operation 215 [1/1] (0.00ns) (grouped into LUT with out node or_ln233_15)   --->   "%or_ln233_11 = or i1 %or_ln233_2, i1 %or_ln233_3" [../src/fp_math_hls.cpp:233->../src/fp_math_hls.cpp:727]   --->   Operation 215 'or' 'or_ln233_11' <Predicate = true> <Delay = 0.00> <CoreInst = "LogicGate">   --->   Core 74 'LogicGate' <Latency = 0> <II = 1> <Delay = 0.28> <FuncUnit> <Opcode : 'and' 'or' 'xor'> <InPorts = 2> <OutPorts = 1>
ST_6 : Operation 216 [1/1] (0.36ns) (out node of the LUT)   --->   "%select_ln233_12 = select i1 %or_ln233_4, i19 %select_ln233_4, i19 %select_ln233_5" [../src/fp_math_hls.cpp:233->../src/fp_math_hls.cpp:727]   --->   Operation 216 'select' 'select_ln233_12' <Predicate = true> <Delay = 0.36> <CoreInst = "Sel">   --->   Core 73 'Sel' <Latency = 0> <II = 1> <Delay = 0.36> <FuncUnit> <Opcode : 'select'> <InPorts = 3> <OutPorts = 1>
ST_6 : Operation 217 [1/1] (0.28ns) (out node of the LUT)   --->   "%or_ln233_12 = or i1 %or_ln233_4, i1 %or_ln233_5" [../src/fp_math_hls.cpp:233->../src/fp_math_hls.cpp:727]   --->   Operation 217 'or' 'or_ln233_12' <Predicate = true> <Delay = 0.28> <CoreInst = "LogicGate">   --->   Core 74 'LogicGate' <Latency = 0> <II = 1> <Delay = 0.28> <FuncUnit> <Opcode : 'and' 'or' 'xor'> <InPorts = 2> <OutPorts = 1>
ST_6 : Operation 218 [1/1] (0.36ns) (out node of the LUT)   --->   "%select_ln233_13 = select i1 %or_ln233_6, i19 %select_ln233_6, i19 %sext_ln233" [../src/fp_math_hls.cpp:233->../src/fp_math_hls.cpp:727]   --->   Operation 218 'select' 'select_ln233_13' <Predicate = true> <Delay = 0.36> <CoreInst = "Sel">   --->   Core 73 'Sel' <Latency = 0> <II = 1> <Delay = 0.36> <FuncUnit> <Opcode : 'select'> <InPorts = 3> <OutPorts = 1>
ST_6 : Operation 219 [1/1] (0.00ns) (grouped into LUT with out node or_ln233_17)   --->   "%or_ln233_13 = or i1 %or_ln233_6, i1 %or_ln233_7" [../src/fp_math_hls.cpp:233->../src/fp_math_hls.cpp:727]   --->   Operation 219 'or' 'or_ln233_13' <Predicate = true> <Delay = 0.00> <CoreInst = "LogicGate">   --->   Core 74 'LogicGate' <Latency = 0> <II = 1> <Delay = 0.28> <FuncUnit> <Opcode : 'and' 'or' 'xor'> <InPorts = 2> <OutPorts = 1>
ST_6 : Operation 220 [1/1] (0.35ns) (out node of the LUT)   --->   "%select_ln233_14 = select i1 %or_ln233_8, i19 %select_ln233_8, i19 %select_ln233_9" [../src/fp_math_hls.cpp:233->../src/fp_math_hls.cpp:727]   --->   Operation 220 'select' 'select_ln233_14' <Predicate = true> <Delay = 0.35> <CoreInst = "Sel">   --->   Core 73 'Sel' <Latency = 0> <II = 1> <Delay = 0.35> <FuncUnit> <Opcode : 'select'> <InPorts = 3> <OutPorts = 1>
ST_6 : Operation 221 [1/1] (0.00ns) (grouped into LUT with out node select_ln233_17)   --->   "%or_ln233_14 = or i1 %or_ln233_8, i1 %or_ln233_9" [../src/fp_math_hls.cpp:233->../src/fp_math_hls.cpp:727]   --->   Operation 221 'or' 'or_ln233_14' <Predicate = true> <Delay = 0.00> <CoreInst = "LogicGate">   --->   Core 74 'LogicGate' <Latency = 0> <II = 1> <Delay = 0.28> <FuncUnit> <Opcode : 'and' 'or' 'xor'> <InPorts = 2> <OutPorts = 1>
ST_6 : Operation 222 [1/1] (0.00ns) (grouped into LUT with out node select_ln233_18)   --->   "%select_ln233_15 = select i1 %or_ln233_10, i19 %select_ln233_10, i19 %select_ln233_11" [../src/fp_math_hls.cpp:233->../src/fp_math_hls.cpp:727]   --->   Operation 222 'select' 'select_ln233_15' <Predicate = true> <Delay = 0.00> <CoreInst = "Sel">   --->   Core 73 'Sel' <Latency = 0> <II = 1> <Delay = 0.36> <FuncUnit> <Opcode : 'select'> <InPorts = 3> <OutPorts = 1>
ST_6 : Operation 223 [1/1] (0.28ns) (out node of the LUT)   --->   "%or_ln233_15 = or i1 %or_ln233_10, i1 %or_ln233_11" [../src/fp_math_hls.cpp:233->../src/fp_math_hls.cpp:727]   --->   Operation 223 'or' 'or_ln233_15' <Predicate = true> <Delay = 0.28> <CoreInst = "LogicGate">   --->   Core 74 'LogicGate' <Latency = 0> <II = 1> <Delay = 0.28> <FuncUnit> <Opcode : 'and' 'or' 'xor'> <InPorts = 2> <OutPorts = 1>
ST_6 : Operation 224 [1/1] (0.36ns) (out node of the LUT)   --->   "%select_ln233_16 = select i1 %or_ln233_12, i19 %select_ln233_12, i19 %select_ln233_13" [../src/fp_math_hls.cpp:233->../src/fp_math_hls.cpp:727]   --->   Operation 224 'select' 'select_ln233_16' <Predicate = true> <Delay = 0.36> <CoreInst = "Sel">   --->   Core 73 'Sel' <Latency = 0> <II = 1> <Delay = 0.36> <FuncUnit> <Opcode : 'select'> <InPorts = 3> <OutPorts = 1>
ST_6 : Operation 225 [1/1] (0.00ns) (grouped into LUT with out node or_ln233_17)   --->   "%or_ln233_16 = or i1 %or_ln233_12, i1 %or_ln233_13" [../src/fp_math_hls.cpp:233->../src/fp_math_hls.cpp:727]   --->   Operation 225 'or' 'or_ln233_16' <Predicate = true> <Delay = 0.00> <CoreInst = "LogicGate">   --->   Core 74 'LogicGate' <Latency = 0> <II = 1> <Delay = 0.28> <FuncUnit> <Opcode : 'and' 'or' 'xor'> <InPorts = 2> <OutPorts = 1>
ST_6 : Operation 226 [1/1] (0.35ns) (out node of the LUT)   --->   "%select_ln233_17 = select i1 %or_ln233_14, i19 %select_ln233_14, i19 %sext_ln228" [../src/fp_math_hls.cpp:233->../src/fp_math_hls.cpp:727]   --->   Operation 226 'select' 'select_ln233_17' <Predicate = true> <Delay = 0.35> <CoreInst = "Sel">   --->   Core 73 'Sel' <Latency = 0> <II = 1> <Delay = 0.35> <FuncUnit> <Opcode : 'select'> <InPorts = 3> <OutPorts = 1>
ST_6 : Operation 227 [1/1] (0.36ns) (out node of the LUT)   --->   "%select_ln233_18 = select i1 %or_ln233_15, i19 %select_ln233_15, i19 %select_ln233_16" [../src/fp_math_hls.cpp:233->../src/fp_math_hls.cpp:727]   --->   Operation 227 'select' 'select_ln233_18' <Predicate = true> <Delay = 0.36> <CoreInst = "Sel">   --->   Core 73 'Sel' <Latency = 0> <II = 1> <Delay = 0.36> <FuncUnit> <Opcode : 'select'> <InPorts = 3> <OutPorts = 1>
ST_6 : Operation 228 [1/1] (0.28ns) (out node of the LUT)   --->   "%or_ln233_17 = or i1 %or_ln233_15, i1 %or_ln233_16" [../src/fp_math_hls.cpp:233->../src/fp_math_hls.cpp:727]   --->   Operation 228 'or' 'or_ln233_17' <Predicate = true> <Delay = 0.28> <CoreInst = "LogicGate">   --->   Core 74 'LogicGate' <Latency = 0> <II = 1> <Delay = 0.28> <FuncUnit> <Opcode : 'and' 'or' 'xor'> <InPorts = 2> <OutPorts = 1>
ST_6 : Operation 229 [1/1] (0.36ns) (out node of the LUT)   --->   "%shifted_71 = select i1 %or_ln233_17, i19 %select_ln233_18, i19 %select_ln233_17" [../src/fp_math_hls.cpp:233->../src/fp_math_hls.cpp:727]   --->   Operation 229 'select' 'shifted_71' <Predicate = true> <Delay = 0.36> <CoreInst = "Sel">   --->   Core 73 'Sel' <Latency = 0> <II = 1> <Delay = 0.36> <FuncUnit> <Opcode : 'select'> <InPorts = 3> <OutPorts = 1>
ST_6 : Operation 230 [1/1] (0.00ns)   --->   "%sext_ln767 = sext i19 %shifted_71" [include/fp_types_hls.hpp:767->../src/fp_math_hls.cpp:729]   --->   Operation 230 'sext' 'sext_ln767' <Predicate = true> <Delay = 0.00>
ST_6 : Operation 231 [1/1] (0.88ns)   --->   "%raw = sub i20 0, i20 %sext_ln767" [../src/fp_math_hls.cpp:728]   --->   Operation 231 'sub' 'raw' <Predicate = true> <Delay = 0.88> <CoreInst = "Adder">   --->   Core 1 'Adder' <Latency = 0> <II = 1> <Delay = 0.88> <FuncUnit> <Opcode : 'add' 'sub'> <InPorts = 2> <OutPorts = 1>
ST_6 : Operation 232 [1/1] (0.00ns) (grouped into LUT with out node out)   --->   "%xor_ln667 = xor i1 %icmp_ln667, i1 1" [../src/fp_math_hls.cpp:667]   --->   Operation 232 'xor' 'xor_ln667' <Predicate = true> <Delay = 0.00> <CoreInst = "LogicGate">   --->   Core 74 'LogicGate' <Latency = 0> <II = 1> <Delay = 0.28> <FuncUnit> <Opcode : 'and' 'or' 'xor'> <InPorts = 2> <OutPorts = 1>
ST_6 : Operation 233 [1/1] (0.00ns) (grouped into LUT with out node out)   --->   "%and_ln670 = and i1 %neg, i1 %xor_ln667" [../src/fp_math_hls.cpp:670]   --->   Operation 233 'and' 'and_ln670' <Predicate = true> <Delay = 0.00> <CoreInst = "LogicGate">   --->   Core 74 'LogicGate' <Latency = 0> <II = 1> <Delay = 0.28> <FuncUnit> <Opcode : 'and' 'or' 'xor'> <InPorts = 2> <OutPorts = 1>
ST_6 : Operation 234 [1/1] (0.00ns) (grouped into LUT with out node out)   --->   "%sel_tmp2 = bitconcatenate i2 @_ssdm_op_BitConcatenate.i2.i1.i1, i1 %icmp_ln667, i1 %and_ln670" [../src/fp_math_hls.cpp:667]   --->   Operation 234 'bitconcatenate' 'sel_tmp2' <Predicate = true> <Delay = 0.00>
ST_6 : Operation 235 [1/1] (0.42ns) (out node of the LUT)   --->   "%out = sparsemux i20 @_ssdm_op_SparseMux.ap_auto.3i20.i20.i2, i2 2, i20 0, i2 1, i20 %raw, i2 0, i20 %sext_ln767, i20 0, i2 %sel_tmp2" [../src/fp_math_hls.cpp:728]   --->   Operation 235 'sparsemux' 'out' <Predicate = true> <Delay = 0.42> <CoreInst = "OneHotSparseMux_HasDef">   --->   Core 152 'OneHotSparseMux_HasDef' <Latency = 0> <II = 1> <Delay = 0.42> <FuncUnit> <Opcode : 'sparsemux'> <InPorts = 2> <OutPorts = 1>
ST_6 : Operation 236 [1/1] (0.00ns)   --->   "%ret_ln730 = ret i20 %out" [../src/fp_math_hls.cpp:730]   --->   Operation 236 'ret' 'ret_ln730' <Predicate = true> <Delay = 0.00>


============================================================
+ Verbose Summary: Timing violations
============================================================
Target clock period: 5.000ns, clock uncertainty: 0.500ns.

 <State 1>: 3.326ns
The critical path consists of the following:
	wire read operation ('x_read', ../src/fp_math_hls.cpp:657) on port 'x' (../src/fp_math_hls.cpp:657) [4]  (0.000 ns)
	'sub' operation 21 bit ('abs_raw_signed', ../src/fp_math_hls.cpp:672) [8]  (0.904 ns)
	'select' operation 21 bit ('abs_raw_signed', ../src/fp_math_hls.cpp:672) [9]  (0.352 ns)
	'ctlz' operation 21 bit ('clz', ../src/fp_math_hls.cpp:679) [11]  (0.500 ns)
	'sub' operation 6 bit ('msb', ../src/fp_math_hls.cpp:680) [13]  (0.781 ns)
	'add' operation 5 bit ('shift', ../src/fp_math_hls.cpp:683) [16]  (0.789 ns)

 <State 2>: 4.376ns
The critical path consists of the following:
	'select' operation 5 bit ('spec_select', ../src/fp_math_hls.cpp:684) [19]  (0.000 ns)
	'select' operation 5 bit ('shift', ../src/fp_math_hls.cpp:682) [20]  (0.414 ns)
	'icmp' operation 1 bit ('icmp_ln692', ../src/fp_math_hls.cpp:692) [22]  (0.789 ns)
	'select' operation 9 bit ('select_ln692', ../src/fp_math_hls.cpp:692) [47]  (0.000 ns)
	'select' operation 9 bit ('select_ln692_1', ../src/fp_math_hls.cpp:692) [48]  (0.398 ns)
	'select' operation 9 bit ('select_ln692_2', ../src/fp_math_hls.cpp:692) [49]  (0.000 ns)
	'select' operation 9 bit ('select_ln692_3', ../src/fp_math_hls.cpp:692) [50]  (0.398 ns)
	'select' operation 9 bit ('select_ln692_4', ../src/fp_math_hls.cpp:692) [51]  (0.000 ns)
	'select' operation 9 bit ('select_ln692_5', ../src/fp_math_hls.cpp:692) [52]  (0.398 ns)
	'select' operation 9 bit ('select_ln692_6', ../src/fp_math_hls.cpp:692) [53]  (0.000 ns)
	'select' operation 9 bit ('select_ln692_7', ../src/fp_math_hls.cpp:692) [54]  (0.000 ns)
	'icmp' operation 1 bit ('icmp_ln697', ../src/fp_math_hls.cpp:697) [55]  (0.776 ns)
	'select' operation 5 bit ('shift', ../src/fp_math_hls.cpp:697) [57]  (0.000 ns)
	'select' operation 5 bit ('shift', ../src/fp_math_hls.cpp:688) [58]  (0.414 ns)
	'icmp' operation 1 bit ('icmp_ln218', ../src/fp_math_hls.cpp:218->../src/fp_math_hls.cpp:707) [59]  (0.789 ns)

 <State 3>: 4.290ns
The critical path consists of the following:
	'icmp' operation 1 bit ('icmp_ln218_1', ../src/fp_math_hls.cpp:218->../src/fp_math_hls.cpp:707) [66]  (0.789 ns)
	'select' operation 11 bit ('x_norm_raw', ../src/fp_math_hls.cpp:218->../src/fp_math_hls.cpp:707) [68]  (0.000 ns)
	'select' operation 11 bit ('x_norm_raw', ../src/fp_math_hls.cpp:220->../src/fp_math_hls.cpp:707) [72]  (0.389 ns)
	'select' operation 11 bit ('x_norm_raw', ../src/fp_math_hls.cpp:218->../src/fp_math_hls.cpp:707) [75]  (0.000 ns)
	'select' operation 11 bit ('x_norm_raw', ../src/fp_math_hls.cpp:220->../src/fp_math_hls.cpp:707) [79]  (0.389 ns)
	'select' operation 11 bit ('x_norm_raw', ../src/fp_math_hls.cpp:218->../src/fp_math_hls.cpp:707) [82]  (0.000 ns)
	'select' operation 11 bit ('x_norm_raw', ../src/fp_math_hls.cpp:220->../src/fp_math_hls.cpp:707) [86]  (0.389 ns)
	'select' operation 11 bit ('x_norm_raw', ../src/fp_math_hls.cpp:218->../src/fp_math_hls.cpp:707) [89]  (0.000 ns)
	'select' operation 11 bit ('x_norm_raw', ../src/fp_math_hls.cpp:220->../src/fp_math_hls.cpp:707) [93]  (0.389 ns)
	'select' operation 11 bit ('x_norm_raw', ../src/fp_math_hls.cpp:218->../src/fp_math_hls.cpp:707) [96]  (0.000 ns)
	'select' operation 11 bit ('x_norm_raw', ../src/fp_math_hls.cpp:220->../src/fp_math_hls.cpp:707) [100]  (0.389 ns)
	'select' operation 11 bit ('x_norm_raw', ../src/fp_math_hls.cpp:218->../src/fp_math_hls.cpp:707) [103]  (0.000 ns)
	'select' operation 11 bit ('x_norm_raw', ../src/fp_math_hls.cpp:220->../src/fp_math_hls.cpp:707) [107]  (0.389 ns)
	'select' operation 11 bit ('x_norm_raw', ../src/fp_math_hls.cpp:218->../src/fp_math_hls.cpp:707) [110]  (0.000 ns)
	'select' operation 11 bit ('x_norm_raw', ../src/fp_math_hls.cpp:220->../src/fp_math_hls.cpp:707) [114]  (0.389 ns)
	'select' operation 11 bit ('x_norm_raw', ../src/fp_math_hls.cpp:218->../src/fp_math_hls.cpp:707) [117]  (0.000 ns)
	'select' operation 11 bit ('x_norm_raw', ../src/fp_math_hls.cpp:220->../src/fp_math_hls.cpp:707) [121]  (0.389 ns)
	'select' operation 11 bit ('x_norm_raw', ../src/fp_math_hls.cpp:220->../src/fp_math_hls.cpp:707) [125]  (0.000 ns)
	'select' operation 11 bit ('x_norm_raw', ../src/fp_math_hls.cpp:220->../src/fp_math_hls.cpp:707) [127]  (0.389 ns)

 <State 4>: 2.002ns
The critical path consists of the following:
	'add' operation 9 bit ('add_ln723', ../src/fp_math_hls.cpp:723) [135]  (0.765 ns)
	'getelementptr' operation 9 bit ('recip_lut_fn_addr_1', ../src/fp_math_hls.cpp:723) [137]  (0.000 ns)
	'load' operation 14 bit ('v1', ../src/fp_math_hls.cpp:723) on array 'recip_lut_fn' [138]  (1.237 ns)

 <State 5>: 4.352ns
The critical path consists of the following:
	'load' operation 14 bit ('v0', ../src/fp_math_hls.cpp:722) on array 'recip_lut_fn' [133]  (1.237 ns)
	'sub' operation 14 bit ('sub_ln725', ../src/fp_math_hls.cpp:725) [139]  (0.831 ns)
	'mul' operation 17 bit ('mul_ln725', ../src/fp_math_hls.cpp:725) [142]  (2.284 ns)

 <State 6>: 3.949ns
The critical path consists of the following:
	'add' operation 15 bit ('est_raw', ../src/fp_math_hls.cpp:234->../src/fp_math_hls.cpp:727) [146]  (0.831 ns)
	'select' operation 19 bit ('select_ln233_5', ../src/fp_math_hls.cpp:233->../src/fp_math_hls.cpp:727) [195]  (0.361 ns)
	'select' operation 19 bit ('select_ln233_12', ../src/fp_math_hls.cpp:233->../src/fp_math_hls.cpp:727) [210]  (0.361 ns)
	'select' operation 19 bit ('select_ln233_16', ../src/fp_math_hls.cpp:233->../src/fp_math_hls.cpp:727) [218]  (0.361 ns)
	'select' operation 19 bit ('select_ln233_18', ../src/fp_math_hls.cpp:233->../src/fp_math_hls.cpp:727) [221]  (0.361 ns)
	'select' operation 19 bit ('shifted', ../src/fp_math_hls.cpp:233->../src/fp_math_hls.cpp:727) [223]  (0.361 ns)
	'sub' operation 20 bit ('raw', ../src/fp_math_hls.cpp:728) [225]  (0.884 ns)
	'sparsemux' operation 20 bit ('out', ../src/fp_math_hls.cpp:728) [229]  (0.427 ns)


============================================================
+ Verbose Summary: Binding
============================================================
N/A
* FSMD analyzer results:
  - Output states:
 - Input state : 
  - Chain level:
	State 1
	State 2
	State 3
	State 4
	State 5
	State 6


============================================================
+ Verbose Summary: Datapath Resource usage 
============================================================
N/A
