

================================================================
== Vitis HLS Report for 'fp_rear_force_jacobians_fn'
================================================================
* Date:           Thu May 21 15:23:09 2026

* Version:        2025.2 (Build 6295257 on Nov 14 2025)
* Project:        mpc_fpga_top_opencl
* Solution:       hls (Vitis Kernel Flow Target)
* Product family: zynquplus
* Target device:  xck26-sfvc784-2LV-c


================================================================
== Performance Estimates
================================================================
+ Timing: 
    * Summary: 
    +--------+---------+----------+------------+
    |  Clock |  Target | Estimated| Uncertainty|
    +--------+---------+----------+------------+
    |ap_clk  |  5.00 ns|  3.563 ns|     0.50 ns|
    +--------+---------+----------+------------+

+ Latency: 
    * Summary: 
    +---------+---------+-----------+-----------+-----+-----+---------+
    |  Latency (cycles) |   Latency (absolute)  |  Interval | Pipeline|
    |   min   |   max   |    min    |    max    | min | max |   Type  |
    +---------+---------+-----------+-----------+-----+-----+---------+
    |        9|        9|  45.000 ns|  45.000 ns|   10|   10|      yes|
    +---------+---------+-----------+-----------+-----+-----+---------+

    + Detail: 
        * Instance: 
        N/A

        * Loop: 
        N/A



================================================================
== Utilization Estimates
================================================================
* Summary: 
+-----------------+---------+------+--------+--------+-----+
|       Name      | BRAM_18K|  DSP |   FF   |   LUT  | URAM|
+-----------------+---------+------+--------+--------+-----+
|DSP              |        -|     -|       -|       -|    -|
|Expression       |        -|     -|       0|      33|    -|
|FIFO             |        -|     -|       -|       -|    -|
|Instance         |        -|     9|     299|     142|    -|
|Memory           |        -|     -|       -|       -|    -|
|Multiplexer      |        -|     -|       0|      87|    -|
|Register         |        -|     -|     206|       -|    -|
+-----------------+---------+------+--------+--------+-----+
|Total            |        0|     9|     505|     262|    0|
+-----------------+---------+------+--------+--------+-----+
|Available        |      288|  1248|  234240|  117120|   64|
+-----------------+---------+------+--------+--------+-----+
|Utilization (%)  |        0|    ~0|      ~0|      ~0|    0|
+-----------------+---------+------+--------+--------+-----+

+ Detail: 
    * Instance: 
    +---------------------------+----------------------+---------+----+----+----+-----+
    |          Instance         |        Module        | BRAM_18K| DSP| FF | LUT| URAM|
    +---------------------------+----------------------+---------+----+----+----+-----+
    |mul_23s_25ns_48_4_1_U368   |mul_23s_25ns_48_4_1   |        0|   2|  55|  26|    0|
    |mul_25s_26s_43_4_1_U369    |mul_25s_26s_43_4_1    |        0|   2|  61|  29|    0|
    |mul_26s_16ns_42_4_1_U372   |mul_26s_16ns_42_4_1   |        0|   1|  61|  29|    0|
    |mul_26s_23s_49_4_1_U370    |mul_26s_23s_49_4_1    |        0|   2|  61|  29|    0|
    |mul_26s_26s_43_4_1_x_U371  |mul_26s_26s_43_4_1_x  |        0|   2|  61|  29|    0|
    +---------------------------+----------------------+---------+----+----+----+-----+
    |Total                      |                      |        0|   9| 299| 142|    0|
    +---------------------------+----------------------+---------+----+----+----+-----+

    * DSP: 
    N/A

    * Memory: 
    N/A

    * FIFO: 
    N/A

    * Expression: 
    +-------------------+----------+----+---+----+------------+------------+
    |   Variable Name   | Operation| DSP| FF| LUT| Bitwidth P0| Bitwidth P1|
    +-------------------+----------+----+---+----+------------+------------+
    |dar_dvy_fu_167_p2  |         -|   0|  0|  33|           1|          26|
    +-------------------+----------+----+---+----+------------+------------+
    |Total              |          |   0|  0|  33|           1|          26|
    +-------------------+----------+----+---+----+------------+------------+

    * Multiplexer: 
    +--------------+----+-----------+-----+-----------+
    |     Name     | LUT| Input Size| Bits| Total Bits|
    +--------------+----+-----------+-----+-----------+
    |ap_NS_fsm     |  59|         11|    1|         11|
    |grp_fu_94_p0  |  14|          3|   26|         78|
    |grp_fu_94_p1  |  14|          3|   26|         78|
    +--------------+----+-----------+-----+-----------+
    |Total         |  87|         17|   53|        167|
    +--------------+----+-----------+-----+-----------+

    * Register: 
    +-----------------------+----+----+-----+-----------+
    |          Name         | FF | LUT| Bits| Const Bits|
    +-----------------------+----+----+-----+-----------+
    |ap_CS_fsm              |  10|   0|   10|          0|
    |ap_port_reg_C_eff_r    |  26|   0|   26|          0|
    |ap_port_reg_rear_num   |  26|   0|   26|          0|
    |inv_D_r_read_reg_218   |  23|   0|   23|          0|
    |product_q_48_reg_274   |  26|   0|   26|          0|
    |product_q_49_reg_279   |  26|   0|   26|          0|
    |product_q_reg_243      |  26|   0|   26|          0|
    |sext_ln671_31_reg_253  |  43|   0|   43|          0|
    +-----------------------+----+----+-----+-----------+
    |Total                  | 206|   0|  206|          0|
    +-----------------------+----+----+-----+-----------+



================================================================
== Interface
================================================================
* Summary: 
+-------------+-----+-----+------------+----------------------------+--------------+
|  RTL Ports  | Dir | Bits|  Protocol  |        Source Object       |    C Type    |
+-------------+-----+-----+------------+----------------------------+--------------+
|ap_clk       |   in|    1|  ap_ctrl_hs|  fp_rear_force_jacobians_fn|  return value|
|ap_rst       |   in|    1|  ap_ctrl_hs|  fp_rear_force_jacobians_fn|  return value|
|ap_start     |   in|    1|  ap_ctrl_hs|  fp_rear_force_jacobians_fn|  return value|
|ap_done      |  out|    1|  ap_ctrl_hs|  fp_rear_force_jacobians_fn|  return value|
|ap_idle      |  out|    1|  ap_ctrl_hs|  fp_rear_force_jacobians_fn|  return value|
|ap_ready     |  out|    1|  ap_ctrl_hs|  fp_rear_force_jacobians_fn|  return value|
|ap_return_0  |  out|   26|  ap_ctrl_hs|  fp_rear_force_jacobians_fn|  return value|
|ap_return_1  |  out|   26|  ap_ctrl_hs|  fp_rear_force_jacobians_fn|  return value|
|ap_return_2  |  out|   26|  ap_ctrl_hs|  fp_rear_force_jacobians_fn|  return value|
|C_eff_r      |   in|   26|     ap_none|                     C_eff_r|        scalar|
|rear_num     |   in|   26|     ap_none|                    rear_num|        scalar|
|vx_safe      |   in|   25|     ap_none|                     vx_safe|        scalar|
|inv_D_r      |   in|   23|     ap_none|                     inv_D_r|        scalar|
+-------------+-----+-----+------------+----------------------------+--------------+

============================================================
+ Verbose Summary: Synthesis Manager
============================================================
InlineROM: 1
ExposeGlobal: 0
============================================================
+ Verbose Summary: CDFG Model
============================================================
IsTopModel: 0
ResetActiveHigh: 1
IsCombinational: 2
IsDatapathOnly: 2
HasWiredReturn: 1
HasMFsm: 2
HasVarLatency: 0
IsPipeline: 1
IsRtlPipelined: 0
IsInstanceOverlapped: 0
IsDontTouch: 0
HasImplIP: 0
IsGatedGlobalClock: 0

+ Individual pipeline summary: 
  * Pipeline-0: initiation interval (II) = 10, depth = 10


============================================================
+ Verbose Summary: Schedule
============================================================
* Number of FSM states : 10
* Pipeline : 1
  Pipeline-0 : II = 10, D = 10, States = { 1 2 3 4 5 6 7 8 9 10 }
* Dataflow Pipeline: 0

* FSM state transitions: 
1 --> 2 
2 --> 3 
3 --> 4 
4 --> 5 
5 --> 6 
6 --> 7 
7 --> 8 
8 --> 9 
9 --> 10 
10 --> 

* FSM state operations: 

State 1 <SV = 0> <Delay = 1.69>
ST_1 : Operation 11 [1/1] (0.00ns)   --->   "%inv_D_r_read = read i23 @_ssdm_op_Read.ap_auto.i23, i23 %inv_D_r" [../src/vehicle_model_hls.cpp:154]   --->   Operation 11 'read' 'inv_D_r_read' <Predicate = true> <Delay = 0.00>
ST_1 : Operation 12 [1/1] (0.00ns)   --->   "%vx_safe_read = read i25 @_ssdm_op_Read.ap_auto.i25, i25 %vx_safe" [../src/vehicle_model_hls.cpp:154]   --->   Operation 12 'read' 'vx_safe_read' <Predicate = true> <Delay = 0.00>
ST_1 : Operation 13 [1/1] (0.00ns)   --->   "%zext_ln671 = zext i25 %vx_safe_read" [../src/fp_math_hls.cpp:671->../src/vehicle_model_hls.cpp:155]   --->   Operation 13 'zext' 'zext_ln671' <Predicate = true> <Delay = 0.00>
ST_1 : Operation 14 [1/1] (0.00ns)   --->   "%sext_ln671_28 = sext i23 %inv_D_r_read" [../src/fp_math_hls.cpp:671->../src/vehicle_model_hls.cpp:155]   --->   Operation 14 'sext' 'sext_ln671_28' <Predicate = true> <Delay = 0.00>
ST_1 : Operation 15 [4/4] (1.69ns)   --->   "%mul_ln671 = mul i48 %sext_ln671_28, i48 %zext_ln671" [../src/fp_math_hls.cpp:671->../src/vehicle_model_hls.cpp:155]   --->   Operation 15 'mul' 'mul_ln671' <Predicate = true> <Delay = 1.69> <CoreInst = "Mul_DSP">   --->   Core 5 'Mul_DSP' <Latency = 3> <II = 1> <Delay = 1.69> <FuncUnit> <Opcode : 'mul'> <InPorts = 2> <OutPorts = 1>

State 2 <SV = 1> <Delay = 1.78>
ST_2 : Operation 16 [1/1] (0.00ns)   --->   "%rear_num_read = read i26 @_ssdm_op_Read.ap_auto.i26, i26 %rear_num" [../src/vehicle_model_hls.cpp:154]   --->   Operation 16 'read' 'rear_num_read' <Predicate = true> <Delay = 0.00>
ST_2 : Operation 17 [1/1] (0.00ns)   --->   "%sext_ln671 = sext i23 %inv_D_r_read" [../src/fp_math_hls.cpp:671->../src/vehicle_model_hls.cpp:155]   --->   Operation 17 'sext' 'sext_ln671' <Predicate = true> <Delay = 0.00>
ST_2 : Operation 18 [3/4] (1.69ns)   --->   "%mul_ln671 = mul i48 %sext_ln671_28, i48 %zext_ln671" [../src/fp_math_hls.cpp:671->../src/vehicle_model_hls.cpp:155]   --->   Operation 18 'mul' 'mul_ln671' <Predicate = true> <Delay = 1.69> <CoreInst = "Mul_DSP">   --->   Core 5 'Mul_DSP' <Latency = 3> <II = 1> <Delay = 1.69> <FuncUnit> <Opcode : 'mul'> <InPorts = 2> <OutPorts = 1>
ST_2 : Operation 19 [1/1] (0.00ns)   --->   "%sext_ln671_29 = sext i26 %rear_num_read" [../src/fp_math_hls.cpp:671->../src/vehicle_model_hls.cpp:156]   --->   Operation 19 'sext' 'sext_ln671_29' <Predicate = true> <Delay = 0.00>
ST_2 : Operation 20 [4/4] (1.78ns)   --->   "%mul_ln671_18 = mul i49 %sext_ln671_29, i49 %sext_ln671" [../src/fp_math_hls.cpp:671->../src/vehicle_model_hls.cpp:156]   --->   Operation 20 'mul' 'mul_ln671_18' <Predicate = true> <Delay = 1.78> <CoreInst = "Mul_DSP">   --->   Core 5 'Mul_DSP' <Latency = 3> <II = 1> <Delay = 1.78> <FuncUnit> <Opcode : 'mul'> <InPorts = 2> <OutPorts = 1>

State 3 <SV = 2> <Delay = 1.78>
ST_3 : Operation 21 [2/4] (1.69ns)   --->   "%mul_ln671 = mul i48 %sext_ln671_28, i48 %zext_ln671" [../src/fp_math_hls.cpp:671->../src/vehicle_model_hls.cpp:155]   --->   Operation 21 'mul' 'mul_ln671' <Predicate = true> <Delay = 1.69> <CoreInst = "Mul_DSP">   --->   Core 5 'Mul_DSP' <Latency = 3> <II = 1> <Delay = 1.69> <FuncUnit> <Opcode : 'mul'> <InPorts = 2> <OutPorts = 1>
ST_3 : Operation 22 [3/4] (1.78ns)   --->   "%mul_ln671_18 = mul i49 %sext_ln671_29, i49 %sext_ln671" [../src/fp_math_hls.cpp:671->../src/vehicle_model_hls.cpp:156]   --->   Operation 22 'mul' 'mul_ln671_18' <Predicate = true> <Delay = 1.78> <CoreInst = "Mul_DSP">   --->   Core 5 'Mul_DSP' <Latency = 3> <II = 1> <Delay = 1.78> <FuncUnit> <Opcode : 'mul'> <InPorts = 2> <OutPorts = 1>

State 4 <SV = 3> <Delay = 3.47>
ST_4 : Operation 23 [1/4] (1.69ns)   --->   "%mul_ln671 = mul i48 %sext_ln671_28, i48 %zext_ln671" [../src/fp_math_hls.cpp:671->../src/vehicle_model_hls.cpp:155]   --->   Operation 23 'mul' 'mul_ln671' <Predicate = true> <Delay = 1.69> <CoreInst = "Mul_DSP">   --->   Core 5 'Mul_DSP' <Latency = 3> <II = 1> <Delay = 1.69> <FuncUnit> <Opcode : 'mul'> <InPorts = 2> <OutPorts = 1>
ST_4 : Operation 24 [1/1] (0.00ns)   --->   "%specfucore_ln673 = specfucore void @_ssdm_op_SpecFUCore, i48 %mul_ln671, i64 12, i64 3, i64 3, i1 0" [../src/fp_math_hls.cpp:673->../src/vehicle_model_hls.cpp:155]   --->   Operation 24 'specfucore' 'specfucore_ln673' <Predicate = true> <Delay = 0.00>
ST_4 : Operation 25 [1/1] (0.00ns)   --->   "%product_q = partselect i26 @_ssdm_op_PartSelect.i26.i48.i32.i32, i48 %mul_ln671, i32 17, i32 42" [../src/fp_math_hls.cpp:674->../src/vehicle_model_hls.cpp:155]   --->   Operation 25 'partselect' 'product_q' <Predicate = true> <Delay = 0.00>
ST_4 : Operation 26 [2/4] (1.78ns)   --->   "%mul_ln671_18 = mul i49 %sext_ln671_29, i49 %sext_ln671" [../src/fp_math_hls.cpp:671->../src/vehicle_model_hls.cpp:156]   --->   Operation 26 'mul' 'mul_ln671_18' <Predicate = true> <Delay = 1.78> <CoreInst = "Mul_DSP">   --->   Core 5 'Mul_DSP' <Latency = 3> <II = 1> <Delay = 1.78> <FuncUnit> <Opcode : 'mul'> <InPorts = 2> <OutPorts = 1>
ST_4 : Operation 27 [1/1] (0.00ns)   --->   "%sext_ln671_30 = sext i26 %product_q" [../src/fp_math_hls.cpp:671->../src/vehicle_model_hls.cpp:158]   --->   Operation 27 'sext' 'sext_ln671_30' <Predicate = true> <Delay = 0.00>
ST_4 : Operation 28 [4/4] (1.78ns)   --->   "%product = mul i42 %sext_ln671_30, i42 20971" [../src/fp_math_hls.cpp:671->../src/vehicle_model_hls.cpp:158]   --->   Operation 28 'mul' 'product' <Predicate = true> <Delay = 1.78> <CoreInst = "Mul_DSP">   --->   Core 5 'Mul_DSP' <Latency = 3> <II = 1> <Delay = 1.78> <FuncUnit> <Opcode : 'mul'> <InPorts = 2> <OutPorts = 1>

State 5 <SV = 4> <Delay = 3.56>
ST_5 : Operation 29 [1/1] (0.00ns)   --->   "%C_eff_r_read = read i26 @_ssdm_op_Read.ap_auto.i26, i26 %C_eff_r" [../src/vehicle_model_hls.cpp:154]   --->   Operation 29 'read' 'C_eff_r_read' <Predicate = true> <Delay = 0.00>
ST_5 : Operation 30 [1/4] (1.78ns)   --->   "%mul_ln671_18 = mul i49 %sext_ln671_29, i49 %sext_ln671" [../src/fp_math_hls.cpp:671->../src/vehicle_model_hls.cpp:156]   --->   Operation 30 'mul' 'mul_ln671_18' <Predicate = true> <Delay = 1.78> <CoreInst = "Mul_DSP">   --->   Core 5 'Mul_DSP' <Latency = 3> <II = 1> <Delay = 1.78> <FuncUnit> <Opcode : 'mul'> <InPorts = 2> <OutPorts = 1>
ST_5 : Operation 31 [1/1] (0.00ns)   --->   "%specfucore_ln673 = specfucore void @_ssdm_op_SpecFUCore, i49 %mul_ln671_18, i64 12, i64 3, i64 3, i1 0" [../src/fp_math_hls.cpp:673->../src/vehicle_model_hls.cpp:156]   --->   Operation 31 'specfucore' 'specfucore_ln673' <Predicate = true> <Delay = 0.00>
ST_5 : Operation 32 [1/1] (0.00ns)   --->   "%product_q_47 = partselect i26 @_ssdm_op_PartSelect.i26.i49.i32.i32, i49 %mul_ln671_18, i32 17, i32 42" [../src/fp_math_hls.cpp:674->../src/vehicle_model_hls.cpp:156]   --->   Operation 32 'partselect' 'product_q_47' <Predicate = true> <Delay = 0.00>
ST_5 : Operation 33 [3/4] (1.78ns)   --->   "%product = mul i42 %sext_ln671_30, i42 20971" [../src/fp_math_hls.cpp:671->../src/vehicle_model_hls.cpp:158]   --->   Operation 33 'mul' 'product' <Predicate = true> <Delay = 1.78> <CoreInst = "Mul_DSP">   --->   Core 5 'Mul_DSP' <Latency = 3> <II = 1> <Delay = 1.78> <FuncUnit> <Opcode : 'mul'> <InPorts = 2> <OutPorts = 1>
ST_5 : Operation 34 [1/1] (0.00ns)   --->   "%sext_ln671_31 = sext i26 %C_eff_r_read" [../src/fp_math_hls.cpp:671->../src/vehicle_model_hls.cpp:159]   --->   Operation 34 'sext' 'sext_ln671_31' <Predicate = true> <Delay = 0.00>
ST_5 : Operation 35 [1/1] (0.00ns)   --->   "%sext_ln671_32 = sext i26 %product_q_47" [../src/fp_math_hls.cpp:671->../src/vehicle_model_hls.cpp:159]   --->   Operation 35 'sext' 'sext_ln671_32' <Predicate = true> <Delay = 0.00>
ST_5 : Operation 36 [4/4] (1.78ns)   --->   "%product_246 = mul i43 %sext_ln671_32, i43 %sext_ln671_31" [../src/fp_math_hls.cpp:671->../src/vehicle_model_hls.cpp:159]   --->   Operation 36 'mul' 'product_246' <Predicate = true> <Delay = 1.78> <CoreInst = "Mul_DSP">   --->   Core 5 'Mul_DSP' <Latency = 3> <II = 1> <Delay = 1.78> <FuncUnit> <Opcode : 'mul'> <InPorts = 2> <OutPorts = 1>

State 6 <SV = 5> <Delay = 2.73>
ST_6 : Operation 37 [1/1] (0.95ns)   --->   "%dar_dvy = sub i26 0, i26 %product_q" [../src/vehicle_model_hls.cpp:157]   --->   Operation 37 'sub' 'dar_dvy' <Predicate = true> <Delay = 0.95> <CoreInst = "Adder">   --->   Core 1 'Adder' <Latency = 0> <II = 1> <Delay = 0.95> <FuncUnit> <Opcode : 'add' 'sub'> <InPorts = 2> <OutPorts = 1>
ST_6 : Operation 38 [2/4] (1.78ns)   --->   "%product = mul i42 %sext_ln671_30, i42 20971" [../src/fp_math_hls.cpp:671->../src/vehicle_model_hls.cpp:158]   --->   Operation 38 'mul' 'product' <Predicate = true> <Delay = 1.78> <CoreInst = "Mul_DSP">   --->   Core 5 'Mul_DSP' <Latency = 3> <II = 1> <Delay = 1.78> <FuncUnit> <Opcode : 'mul'> <InPorts = 2> <OutPorts = 1>
ST_6 : Operation 39 [3/4] (1.78ns)   --->   "%product_246 = mul i43 %sext_ln671_32, i43 %sext_ln671_31" [../src/fp_math_hls.cpp:671->../src/vehicle_model_hls.cpp:159]   --->   Operation 39 'mul' 'product_246' <Predicate = true> <Delay = 1.78> <CoreInst = "Mul_DSP">   --->   Core 5 'Mul_DSP' <Latency = 3> <II = 1> <Delay = 1.78> <FuncUnit> <Opcode : 'mul'> <InPorts = 2> <OutPorts = 1>
ST_6 : Operation 40 [1/1] (0.00ns)   --->   "%sext_ln671_33 = sext i26 %dar_dvy" [../src/fp_math_hls.cpp:671->../src/vehicle_model_hls.cpp:160]   --->   Operation 40 'sext' 'sext_ln671_33' <Predicate = true> <Delay = 0.00>
ST_6 : Operation 41 [4/4] (1.78ns)   --->   "%product_247 = mul i43 %sext_ln671_33, i43 %sext_ln671_31" [../src/fp_math_hls.cpp:671->../src/vehicle_model_hls.cpp:160]   --->   Operation 41 'mul' 'product_247' <Predicate = true> <Delay = 1.78> <CoreInst = "Mul_DSP">   --->   Core 5 'Mul_DSP' <Latency = 3> <II = 1> <Delay = 1.78> <FuncUnit> <Opcode : 'mul'> <InPorts = 2> <OutPorts = 1>

State 7 <SV = 6> <Delay = 3.56>
ST_7 : Operation 42 [1/4] (1.78ns)   --->   "%product = mul i42 %sext_ln671_30, i42 20971" [../src/fp_math_hls.cpp:671->../src/vehicle_model_hls.cpp:158]   --->   Operation 42 'mul' 'product' <Predicate = true> <Delay = 1.78> <CoreInst = "Mul_DSP">   --->   Core 5 'Mul_DSP' <Latency = 3> <II = 1> <Delay = 1.78> <FuncUnit> <Opcode : 'mul'> <InPorts = 2> <OutPorts = 1>
ST_7 : Operation 43 [1/1] (0.00ns)   --->   "%specfucore_ln673 = specfucore void @_ssdm_op_SpecFUCore, i42 %product, i64 12, i64 3, i64 3, i1 0" [../src/fp_math_hls.cpp:673->../src/vehicle_model_hls.cpp:158]   --->   Operation 43 'specfucore' 'specfucore_ln673' <Predicate = true> <Delay = 0.00>
ST_7 : Operation 44 [1/1] (0.00ns)   --->   "%trunc_ln = partselect i25 @_ssdm_op_PartSelect.i25.i42.i32.i32, i42 %product, i32 17, i32 41" [../src/fp_math_hls.cpp:674->../src/vehicle_model_hls.cpp:158]   --->   Operation 44 'partselect' 'trunc_ln' <Predicate = true> <Delay = 0.00>
ST_7 : Operation 45 [2/4] (1.78ns)   --->   "%product_246 = mul i43 %sext_ln671_32, i43 %sext_ln671_31" [../src/fp_math_hls.cpp:671->../src/vehicle_model_hls.cpp:159]   --->   Operation 45 'mul' 'product_246' <Predicate = true> <Delay = 1.78> <CoreInst = "Mul_DSP">   --->   Core 5 'Mul_DSP' <Latency = 3> <II = 1> <Delay = 1.78> <FuncUnit> <Opcode : 'mul'> <InPorts = 2> <OutPorts = 1>
ST_7 : Operation 46 [3/4] (1.78ns)   --->   "%product_247 = mul i43 %sext_ln671_33, i43 %sext_ln671_31" [../src/fp_math_hls.cpp:671->../src/vehicle_model_hls.cpp:160]   --->   Operation 46 'mul' 'product_247' <Predicate = true> <Delay = 1.78> <CoreInst = "Mul_DSP">   --->   Core 5 'Mul_DSP' <Latency = 3> <II = 1> <Delay = 1.78> <FuncUnit> <Opcode : 'mul'> <InPorts = 2> <OutPorts = 1>
ST_7 : Operation 47 [1/1] (0.00ns)   --->   "%sext_ln671_34 = sext i25 %trunc_ln" [../src/fp_math_hls.cpp:671->../src/vehicle_model_hls.cpp:161]   --->   Operation 47 'sext' 'sext_ln671_34' <Predicate = true> <Delay = 0.00>
ST_7 : Operation 48 [4/4] (1.78ns)   --->   "%product_248 = mul i43 %sext_ln671_34, i43 %sext_ln671_31" [../src/fp_math_hls.cpp:671->../src/vehicle_model_hls.cpp:161]   --->   Operation 48 'mul' 'product_248' <Predicate = true> <Delay = 1.78> <CoreInst = "Mul_DSP">   --->   Core 5 'Mul_DSP' <Latency = 3> <II = 1> <Delay = 1.78> <FuncUnit> <Opcode : 'mul'> <InPorts = 2> <OutPorts = 1>

State 8 <SV = 7> <Delay = 1.78>
ST_8 : Operation 49 [1/4] (1.78ns)   --->   "%product_246 = mul i43 %sext_ln671_32, i43 %sext_ln671_31" [../src/fp_math_hls.cpp:671->../src/vehicle_model_hls.cpp:159]   --->   Operation 49 'mul' 'product_246' <Predicate = true> <Delay = 1.78> <CoreInst = "Mul_DSP">   --->   Core 5 'Mul_DSP' <Latency = 3> <II = 1> <Delay = 1.78> <FuncUnit> <Opcode : 'mul'> <InPorts = 2> <OutPorts = 1>
ST_8 : Operation 50 [1/1] (0.00ns)   --->   "%specfucore_ln673 = specfucore void @_ssdm_op_SpecFUCore, i43 %product_246, i64 12, i64 3, i64 3, i1 0" [../src/fp_math_hls.cpp:673->../src/vehicle_model_hls.cpp:159]   --->   Operation 50 'specfucore' 'specfucore_ln673' <Predicate = true> <Delay = 0.00>
ST_8 : Operation 51 [1/1] (0.00ns)   --->   "%product_q_48 = partselect i26 @_ssdm_op_PartSelect.i26.i43.i32.i32, i43 %product_246, i32 17, i32 42" [../src/fp_math_hls.cpp:674->../src/vehicle_model_hls.cpp:159]   --->   Operation 51 'partselect' 'product_q_48' <Predicate = true> <Delay = 0.00>
ST_8 : Operation 52 [2/4] (1.78ns)   --->   "%product_247 = mul i43 %sext_ln671_33, i43 %sext_ln671_31" [../src/fp_math_hls.cpp:671->../src/vehicle_model_hls.cpp:160]   --->   Operation 52 'mul' 'product_247' <Predicate = true> <Delay = 1.78> <CoreInst = "Mul_DSP">   --->   Core 5 'Mul_DSP' <Latency = 3> <II = 1> <Delay = 1.78> <FuncUnit> <Opcode : 'mul'> <InPorts = 2> <OutPorts = 1>
ST_8 : Operation 53 [3/4] (1.78ns)   --->   "%product_248 = mul i43 %sext_ln671_34, i43 %sext_ln671_31" [../src/fp_math_hls.cpp:671->../src/vehicle_model_hls.cpp:161]   --->   Operation 53 'mul' 'product_248' <Predicate = true> <Delay = 1.78> <CoreInst = "Mul_DSP">   --->   Core 5 'Mul_DSP' <Latency = 3> <II = 1> <Delay = 1.78> <FuncUnit> <Opcode : 'mul'> <InPorts = 2> <OutPorts = 1>

State 9 <SV = 8> <Delay = 1.78>
ST_9 : Operation 54 [1/4] (1.78ns)   --->   "%product_247 = mul i43 %sext_ln671_33, i43 %sext_ln671_31" [../src/fp_math_hls.cpp:671->../src/vehicle_model_hls.cpp:160]   --->   Operation 54 'mul' 'product_247' <Predicate = true> <Delay = 1.78> <CoreInst = "Mul_DSP">   --->   Core 5 'Mul_DSP' <Latency = 3> <II = 1> <Delay = 1.78> <FuncUnit> <Opcode : 'mul'> <InPorts = 2> <OutPorts = 1>
ST_9 : Operation 55 [1/1] (0.00ns)   --->   "%specfucore_ln673 = specfucore void @_ssdm_op_SpecFUCore, i43 %product_247, i64 12, i64 3, i64 3, i1 0" [../src/fp_math_hls.cpp:673->../src/vehicle_model_hls.cpp:160]   --->   Operation 55 'specfucore' 'specfucore_ln673' <Predicate = true> <Delay = 0.00>
ST_9 : Operation 56 [1/1] (0.00ns)   --->   "%product_q_49 = partselect i26 @_ssdm_op_PartSelect.i26.i43.i32.i32, i43 %product_247, i32 17, i32 42" [../src/fp_math_hls.cpp:674->../src/vehicle_model_hls.cpp:160]   --->   Operation 56 'partselect' 'product_q_49' <Predicate = true> <Delay = 0.00>
ST_9 : Operation 57 [2/4] (1.78ns)   --->   "%product_248 = mul i43 %sext_ln671_34, i43 %sext_ln671_31" [../src/fp_math_hls.cpp:671->../src/vehicle_model_hls.cpp:161]   --->   Operation 57 'mul' 'product_248' <Predicate = true> <Delay = 1.78> <CoreInst = "Mul_DSP">   --->   Core 5 'Mul_DSP' <Latency = 3> <II = 1> <Delay = 1.78> <FuncUnit> <Opcode : 'mul'> <InPorts = 2> <OutPorts = 1>

State 10 <SV = 9> <Delay = 1.78>
ST_10 : Operation 58 [1/1] (0.00ns)   --->   "%rbegin9 = specregionbegin i32 @_ssdm_op_SpecRegionBegin, void @empty_238" [../src/fp_math_hls.cpp:671->../src/vehicle_model_hls.cpp:155]   --->   Operation 58 'specregionbegin' 'rbegin9' <Predicate = true> <Delay = 0.00>
ST_10 : Operation 59 [1/1] (0.00ns)   --->   "%rend10 = specregionend i32 @_ssdm_op_SpecRegionEnd, void @empty_238, i32 %rbegin9" [../src/fp_math_hls.cpp:671->../src/vehicle_model_hls.cpp:155]   --->   Operation 59 'specregionend' 'rend10' <Predicate = true> <Delay = 0.00>
ST_10 : Operation 60 [1/1] (0.00ns)   --->   "%rbegin7 = specregionbegin i32 @_ssdm_op_SpecRegionBegin, void @empty_129" [../src/fp_math_hls.cpp:671->../src/vehicle_model_hls.cpp:156]   --->   Operation 60 'specregionbegin' 'rbegin7' <Predicate = true> <Delay = 0.00>
ST_10 : Operation 61 [1/1] (0.00ns)   --->   "%rend8 = specregionend i32 @_ssdm_op_SpecRegionEnd, void @empty_129, i32 %rbegin7" [../src/fp_math_hls.cpp:671->../src/vehicle_model_hls.cpp:156]   --->   Operation 61 'specregionend' 'rend8' <Predicate = true> <Delay = 0.00>
ST_10 : Operation 62 [1/1] (0.00ns)   --->   "%rbegin5 = specregionbegin i32 @_ssdm_op_SpecRegionBegin, void @empty_192" [../src/fp_math_hls.cpp:671->../src/vehicle_model_hls.cpp:158]   --->   Operation 62 'specregionbegin' 'rbegin5' <Predicate = true> <Delay = 0.00>
ST_10 : Operation 63 [1/1] (0.00ns)   --->   "%rend6 = specregionend i32 @_ssdm_op_SpecRegionEnd, void @empty_192, i32 %rbegin5" [../src/fp_math_hls.cpp:671->../src/vehicle_model_hls.cpp:158]   --->   Operation 63 'specregionend' 'rend6' <Predicate = true> <Delay = 0.00>
ST_10 : Operation 64 [1/1] (0.00ns)   --->   "%rbegin3 = specregionbegin i32 @_ssdm_op_SpecRegionBegin, void @empty_245" [../src/fp_math_hls.cpp:671->../src/vehicle_model_hls.cpp:159]   --->   Operation 64 'specregionbegin' 'rbegin3' <Predicate = true> <Delay = 0.00>
ST_10 : Operation 65 [1/1] (0.00ns)   --->   "%rend4 = specregionend i32 @_ssdm_op_SpecRegionEnd, void @empty_245, i32 %rbegin3" [../src/fp_math_hls.cpp:671->../src/vehicle_model_hls.cpp:159]   --->   Operation 65 'specregionend' 'rend4' <Predicate = true> <Delay = 0.00>
ST_10 : Operation 66 [1/1] (0.00ns)   --->   "%rbegin1 = specregionbegin i32 @_ssdm_op_SpecRegionBegin, void @empty_132" [../src/fp_math_hls.cpp:671->../src/vehicle_model_hls.cpp:160]   --->   Operation 66 'specregionbegin' 'rbegin1' <Predicate = true> <Delay = 0.00>
ST_10 : Operation 67 [1/1] (0.00ns)   --->   "%rend2 = specregionend i32 @_ssdm_op_SpecRegionEnd, void @empty_132, i32 %rbegin1" [../src/fp_math_hls.cpp:671->../src/vehicle_model_hls.cpp:160]   --->   Operation 67 'specregionend' 'rend2' <Predicate = true> <Delay = 0.00>
ST_10 : Operation 68 [1/1] (0.00ns)   --->   "%rbegin = specregionbegin i32 @_ssdm_op_SpecRegionBegin, void @empty_86" [../src/fp_math_hls.cpp:671->../src/vehicle_model_hls.cpp:161]   --->   Operation 68 'specregionbegin' 'rbegin' <Predicate = true> <Delay = 0.00>
ST_10 : Operation 69 [1/4] (1.78ns)   --->   "%product_248 = mul i43 %sext_ln671_34, i43 %sext_ln671_31" [../src/fp_math_hls.cpp:671->../src/vehicle_model_hls.cpp:161]   --->   Operation 69 'mul' 'product_248' <Predicate = true> <Delay = 1.78> <CoreInst = "Mul_DSP">   --->   Core 5 'Mul_DSP' <Latency = 3> <II = 1> <Delay = 1.78> <FuncUnit> <Opcode : 'mul'> <InPorts = 2> <OutPorts = 1>
ST_10 : Operation 70 [1/1] (0.00ns)   --->   "%specfucore_ln673 = specfucore void @_ssdm_op_SpecFUCore, i43 %product_248, i64 12, i64 3, i64 3, i1 0" [../src/fp_math_hls.cpp:673->../src/vehicle_model_hls.cpp:161]   --->   Operation 70 'specfucore' 'specfucore_ln673' <Predicate = true> <Delay = 0.00>
ST_10 : Operation 71 [1/1] (0.00ns)   --->   "%rend = specregionend i32 @_ssdm_op_SpecRegionEnd, void @empty_86, i32 %rbegin" [../src/fp_math_hls.cpp:671->../src/vehicle_model_hls.cpp:161]   --->   Operation 71 'specregionend' 'rend' <Predicate = true> <Delay = 0.00>
ST_10 : Operation 72 [1/1] (0.00ns)   --->   "%product_q_50 = partselect i26 @_ssdm_op_PartSelect.i26.i43.i32.i32, i43 %product_248, i32 17, i32 42" [../src/fp_math_hls.cpp:674->../src/vehicle_model_hls.cpp:161]   --->   Operation 72 'partselect' 'product_q_50' <Predicate = true> <Delay = 0.00>
ST_10 : Operation 73 [1/1] (0.00ns)   --->   "%mrv = insertvalue i78 <undef>, i26 %product_q_48" [../src/vehicle_model_hls.cpp:162]   --->   Operation 73 'insertvalue' 'mrv' <Predicate = true> <Delay = 0.00>
ST_10 : Operation 74 [1/1] (0.00ns)   --->   "%mrv_1 = insertvalue i78 %mrv, i26 %product_q_49" [../src/vehicle_model_hls.cpp:162]   --->   Operation 74 'insertvalue' 'mrv_1' <Predicate = true> <Delay = 0.00>
ST_10 : Operation 75 [1/1] (0.00ns)   --->   "%mrv_2 = insertvalue i78 %mrv_1, i26 %product_q_50" [../src/vehicle_model_hls.cpp:162]   --->   Operation 75 'insertvalue' 'mrv_2' <Predicate = true> <Delay = 0.00>
ST_10 : Operation 76 [1/1] (0.00ns)   --->   "%ret_ln162 = ret i78 %mrv_2" [../src/vehicle_model_hls.cpp:162]   --->   Operation 76 'ret' 'ret_ln162' <Predicate = true> <Delay = 0.00>


============================================================
+ Verbose Summary: Binding
============================================================
STG Binding: 
---------------- STG Properties BEGIN ----------------
- Is combinational: 0
- Is one-state seq: 0
- Is datapath-only: 0
- Is pipelined: 1
- Is top level: 0
Port [ Return ] is wired: 1; IO mode=ap_ctrl_hs:ce=0
Port [ C_eff_r]:  wired=1; compound=0; hidden=0; nouse=0; global=0; static=0; extern=0; dir=0; type=0; pingpong=0; private_global=0; IO mode=ap_none:ce=0
Port [ rear_num]:  wired=1; compound=0; hidden=0; nouse=0; global=0; static=0; extern=0; dir=0; type=0; pingpong=0; private_global=0; IO mode=ap_none:ce=0
Port [ vx_safe]:  wired=1; compound=0; hidden=0; nouse=0; global=0; static=0; extern=0; dir=0; type=0; pingpong=0; private_global=0; IO mode=ap_none:ce=0
Port [ inv_D_r]:  wired=1; compound=0; hidden=0; nouse=0; global=0; static=0; extern=0; dir=0; type=0; pingpong=0; private_global=0; IO mode=ap_none:ce=0
---------------- STG Properties END ------------------

---------------- Datapath Model BEGIN ----------------

<LifeTime>
<method=bitvector/>
inv_D_r_read     (read           ) [ 00100000000]
vx_safe_read     (read           ) [ 00000000000]
zext_ln671       (zext           ) [ 00111000000]
sext_ln671_28    (sext           ) [ 00111000000]
rear_num_read    (read           ) [ 00000000000]
sext_ln671       (sext           ) [ 00011100000]
sext_ln671_29    (sext           ) [ 00011100000]
mul_ln671        (mul            ) [ 00000000000]
specfucore_ln673 (specfucore     ) [ 00000000000]
product_q        (partselect     ) [ 00000110000]
sext_ln671_30    (sext           ) [ 00000111000]
C_eff_r_read     (read           ) [ 00000000000]
mul_ln671_18     (mul            ) [ 00000000000]
specfucore_ln673 (specfucore     ) [ 00000000000]
product_q_47     (partselect     ) [ 00000000000]
sext_ln671_31    (sext           ) [ 00000011111]
sext_ln671_32    (sext           ) [ 00000011100]
dar_dvy          (sub            ) [ 00000000000]
sext_ln671_33    (sext           ) [ 00000001110]
product          (mul            ) [ 00000000000]
specfucore_ln673 (specfucore     ) [ 00000000000]
trunc_ln         (partselect     ) [ 00000000000]
sext_ln671_34    (sext           ) [ 00000000111]
product_246      (mul            ) [ 00000000000]
specfucore_ln673 (specfucore     ) [ 00000000000]
product_q_48     (partselect     ) [ 00000000011]
product_247      (mul            ) [ 00000000000]
specfucore_ln673 (specfucore     ) [ 00000000000]
product_q_49     (partselect     ) [ 00000000001]
rbegin9          (specregionbegin) [ 00000000000]
rend10           (specregionend  ) [ 00000000000]
rbegin7          (specregionbegin) [ 00000000000]
rend8            (specregionend  ) [ 00000000000]
rbegin5          (specregionbegin) [ 00000000000]
rend6            (specregionend  ) [ 00000000000]
rbegin3          (specregionbegin) [ 00000000000]
rend4            (specregionend  ) [ 00000000000]
rbegin1          (specregionbegin) [ 00000000000]
rend2            (specregionend  ) [ 00000000000]
rbegin           (specregionbegin) [ 00000000000]
product_248      (mul            ) [ 00000000000]
specfucore_ln673 (specfucore     ) [ 00000000000]
rend             (specregionend  ) [ 00000000000]
product_q_50     (partselect     ) [ 00000000000]
mrv              (insertvalue    ) [ 00000000000]
mrv_1            (insertvalue    ) [ 00000000000]
mrv_2            (insertvalue    ) [ 00000000000]
ret_ln162        (ret            ) [ 00000000000]
</LifeTime>

<model>

<comp_list>
<comp id="0" class="1000" name="C_eff_r">
<pin_list>
<pin id="1" dir="1" index="0" bw="1" slack="0"/>
</pin_list>
<bind>
<StgValue><ssdm name="C_eff_r"/></StgValue>
</bind>
</comp>

<comp id="2" class="1000" name="rear_num">
<pin_list>
<pin id="3" dir="1" index="0" bw="1" slack="0"/>
</pin_list>
<bind>
<StgValue><ssdm name="rear_num"/></StgValue>
</bind>
</comp>

<comp id="4" class="1000" name="vx_safe">
<pin_list>
<pin id="5" dir="1" index="0" bw="1" slack="0"/>
</pin_list>
<bind>
<StgValue><ssdm name="vx_safe"/></StgValue>
</bind>
</comp>

<comp id="6" class="1000" name="inv_D_r">
<pin_list>
<pin id="7" dir="1" index="0" bw="1" slack="0"/>
</pin_list>
<bind>
<StgValue><ssdm name="inv_D_r"/></StgValue>
</bind>
</comp>

<comp id="8" class="1001" name="const_8">
<pin_list>
<pin id="9" dir="1" index="0" bw="1" slack="0"/>
</pin_list>
<bind>
<StgValue><ssdm name="_ssdm_op_Read.ap_auto.i23"/></StgValue>
</bind>
</comp>

<comp id="10" class="1001" name="const_10">
<pin_list>
<pin id="11" dir="1" index="0" bw="1" slack="0"/>
</pin_list>
<bind>
<StgValue><ssdm name="_ssdm_op_Read.ap_auto.i25"/></StgValue>
</bind>
</comp>

<comp id="12" class="1001" name="const_12">
<pin_list>
<pin id="13" dir="1" index="0" bw="1" slack="0"/>
</pin_list>
<bind>
<StgValue><ssdm name="_ssdm_op_Read.ap_auto.i26"/></StgValue>
</bind>
</comp>

<comp id="14" class="1001" name="const_14">
<pin_list>
<pin id="15" dir="1" index="0" bw="1" slack="2147483647"/>
</pin_list>
<bind>
<StgValue><ssdm name="_ssdm_op_SpecFUCore"/></StgValue>
</bind>
</comp>

<comp id="16" class="1001" name="const_16">
<pin_list>
<pin id="17" dir="1" index="0" bw="1" slack="2147483647"/>
</pin_list>
<bind>
<StgValue><ssdm name=""/></StgValue>
</bind>
</comp>

<comp id="18" class="1001" name="const_18">
<pin_list>
<pin id="19" dir="1" index="0" bw="1" slack="2147483647"/>
</pin_list>
<bind>
<StgValue><ssdm name=""/></StgValue>
</bind>
</comp>

<comp id="20" class="1001" name="const_20">
<pin_list>
<pin id="21" dir="1" index="0" bw="1" slack="2147483647"/>
</pin_list>
<bind>
<StgValue><ssdm name=""/></StgValue>
</bind>
</comp>

<comp id="22" class="1001" name="const_22">
<pin_list>
<pin id="23" dir="1" index="0" bw="1" slack="0"/>
</pin_list>
<bind>
<StgValue><ssdm name="_ssdm_op_PartSelect.i26.i48.i32.i32"/></StgValue>
</bind>
</comp>

<comp id="24" class="1001" name="const_24">
<pin_list>
<pin id="25" dir="1" index="0" bw="1" slack="0"/>
</pin_list>
<bind>
<StgValue><ssdm name=""/></StgValue>
</bind>
</comp>

<comp id="26" class="1001" name="const_26">
<pin_list>
<pin id="27" dir="1" index="0" bw="1" slack="0"/>
</pin_list>
<bind>
<StgValue><ssdm name=""/></StgValue>
</bind>
</comp>

<comp id="28" class="1001" name="const_28">
<pin_list>
<pin id="29" dir="1" index="0" bw="1" slack="0"/>
</pin_list>
<bind>
<StgValue><ssdm name=""/></StgValue>
</bind>
</comp>

<comp id="30" class="1001" name="const_30">
<pin_list>
<pin id="31" dir="1" index="0" bw="1" slack="0"/>
</pin_list>
<bind>
<StgValue><ssdm name="_ssdm_op_PartSelect.i26.i49.i32.i32"/></StgValue>
</bind>
</comp>

<comp id="32" class="1001" name="const_32">
<pin_list>
<pin id="33" dir="1" index="0" bw="1" slack="0"/>
</pin_list>
<bind>
<StgValue><ssdm name=""/></StgValue>
</bind>
</comp>

<comp id="34" class="1001" name="const_34">
<pin_list>
<pin id="35" dir="1" index="0" bw="1" slack="0"/>
</pin_list>
<bind>
<StgValue><ssdm name="_ssdm_op_PartSelect.i25.i42.i32.i32"/></StgValue>
</bind>
</comp>

<comp id="36" class="1001" name="const_36">
<pin_list>
<pin id="37" dir="1" index="0" bw="1" slack="0"/>
</pin_list>
<bind>
<StgValue><ssdm name=""/></StgValue>
</bind>
</comp>

<comp id="38" class="1001" name="const_38">
<pin_list>
<pin id="39" dir="1" index="0" bw="1" slack="0"/>
</pin_list>
<bind>
<StgValue><ssdm name="_ssdm_op_PartSelect.i26.i43.i32.i32"/></StgValue>
</bind>
</comp>

<comp id="40" class="1001" name="const_40">
<pin_list>
<pin id="41" dir="1" index="0" bw="1" slack="2147483647"/>
</pin_list>
<bind>
<StgValue><ssdm name="_ssdm_op_SpecRegionBegin"/></StgValue>
</bind>
</comp>

<comp id="42" class="1001" name="const_42">
<pin_list>
<pin id="43" dir="1" index="0" bw="1" slack="2147483647"/>
</pin_list>
<bind>
<StgValue><ssdm name="empty_238"/></StgValue>
</bind>
</comp>

<comp id="44" class="1001" name="const_44">
<pin_list>
<pin id="45" dir="1" index="0" bw="1" slack="2147483647"/>
</pin_list>
<bind>
<StgValue><ssdm name="_ssdm_op_SpecRegionEnd"/></StgValue>
</bind>
</comp>

<comp id="46" class="1001" name="const_46">
<pin_list>
<pin id="47" dir="1" index="0" bw="1" slack="2147483647"/>
</pin_list>
<bind>
<StgValue><ssdm name="empty_129"/></StgValue>
</bind>
</comp>

<comp id="48" class="1001" name="const_48">
<pin_list>
<pin id="49" dir="1" index="0" bw="1" slack="2147483647"/>
</pin_list>
<bind>
<StgValue><ssdm name="empty_192"/></StgValue>
</bind>
</comp>

<comp id="50" class="1001" name="const_50">
<pin_list>
<pin id="51" dir="1" index="0" bw="1" slack="2147483647"/>
</pin_list>
<bind>
<StgValue><ssdm name="empty_245"/></StgValue>
</bind>
</comp>

<comp id="52" class="1001" name="const_52">
<pin_list>
<pin id="53" dir="1" index="0" bw="1" slack="2147483647"/>
</pin_list>
<bind>
<StgValue><ssdm name="empty_132"/></StgValue>
</bind>
</comp>

<comp id="54" class="1001" name="const_54">
<pin_list>
<pin id="55" dir="1" index="0" bw="1" slack="2147483647"/>
</pin_list>
<bind>
<StgValue><ssdm name="empty_86"/></StgValue>
</bind>
</comp>

<comp id="56" class="1001" name="const_56">
<pin_list>
<pin id="57" dir="1" index="0" bw="1" slack="0"/>
</pin_list>
<bind>
<StgValue><ssdm name=""/></StgValue>
</bind>
</comp>

<comp id="58" class="1004" name="inv_D_r_read_read_fu_58">
<pin_list>
<pin id="59" dir="0" index="0" bw="23" slack="0"/>
<pin id="60" dir="0" index="1" bw="23" slack="0"/>
<pin id="61" dir="1" index="2" bw="23" slack="0"/>
</pin_list>
<bind>
<opcode="read(1150) " fcode="read"/>
<opset="inv_D_r_read/1 "/>
</bind>
</comp>

<comp id="64" class="1004" name="vx_safe_read_read_fu_64">
<pin_list>
<pin id="65" dir="0" index="0" bw="25" slack="0"/>
<pin id="66" dir="0" index="1" bw="25" slack="0"/>
<pin id="67" dir="1" index="2" bw="25" slack="0"/>
</pin_list>
<bind>
<opcode="read(1150) " fcode="read"/>
<opset="vx_safe_read/1 "/>
</bind>
</comp>

<comp id="70" class="1004" name="rear_num_read_read_fu_70">
<pin_list>
<pin id="71" dir="0" index="0" bw="26" slack="0"/>
<pin id="72" dir="0" index="1" bw="26" slack="0"/>
<pin id="73" dir="1" index="2" bw="26" slack="0"/>
</pin_list>
<bind>
<opcode="read(1150) " fcode="read"/>
<opset="rear_num_read/2 "/>
</bind>
</comp>

<comp id="76" class="1004" name="C_eff_r_read_read_fu_76">
<pin_list>
<pin id="77" dir="0" index="0" bw="26" slack="0"/>
<pin id="78" dir="0" index="1" bw="26" slack="0"/>
<pin id="79" dir="1" index="2" bw="26" slack="0"/>
</pin_list>
<bind>
<opcode="read(1150) " fcode="read"/>
<opset="C_eff_r_read/5 "/>
</bind>
</comp>

<comp id="82" class="1004" name="grp_fu_82">
<pin_list>
<pin id="83" dir="0" index="0" bw="23" slack="0"/>
<pin id="84" dir="0" index="1" bw="25" slack="0"/>
<pin id="85" dir="1" index="2" bw="48" slack="0"/>
</pin_list>
<bind>
<opcode="mul(12) " fcode="mul"/>
<opset="mul_ln671/1 "/>
</bind>
</comp>

<comp id="86" class="1004" name="grp_fu_86">
<pin_list>
<pin id="87" dir="0" index="0" bw="25" slack="0"/>
<pin id="88" dir="0" index="1" bw="26" slack="2"/>
<pin id="89" dir="1" index="2" bw="43" slack="0"/>
</pin_list>
<bind>
<opcode="mul(12) " fcode="mul"/>
<opset="product_248/7 "/>
</bind>
</comp>

<comp id="90" class="1004" name="grp_fu_90">
<pin_list>
<pin id="91" dir="0" index="0" bw="26" slack="0"/>
<pin id="92" dir="0" index="1" bw="23" slack="0"/>
<pin id="93" dir="1" index="2" bw="49" slack="0"/>
</pin_list>
<bind>
<opcode="mul(12) " fcode="mul"/>
<opset="mul_ln671_18/2 "/>
</bind>
</comp>

<comp id="94" class="1004" name="grp_fu_94">
<pin_list>
<pin id="95" dir="0" index="0" bw="26" slack="0"/>
<pin id="96" dir="0" index="1" bw="26" slack="0"/>
<pin id="97" dir="1" index="2" bw="43" slack="0"/>
</pin_list>
<bind>
<opcode="mul(12) " fcode="mul"/>
<opset="product_246/5 product_247/6 "/>
</bind>
</comp>

<comp id="98" class="1004" name="grp_fu_98">
<pin_list>
<pin id="99" dir="0" index="0" bw="26" slack="0"/>
<pin id="100" dir="0" index="1" bw="43" slack="0"/>
<pin id="101" dir="0" index="2" bw="6" slack="0"/>
<pin id="102" dir="0" index="3" bw="7" slack="0"/>
<pin id="103" dir="1" index="4" bw="26" slack="1"/>
</pin_list>
<bind>
<opcode="partselect(1002) " fcode="partselect"/>
<opset="product_q_48/8 product_q_49/9 "/>
</bind>
</comp>

<comp id="108" class="1004" name="zext_ln671_fu_108">
<pin_list>
<pin id="109" dir="0" index="0" bw="25" slack="0"/>
<pin id="110" dir="1" index="1" bw="48" slack="0"/>
</pin_list>
<bind>
<opcode="zext(34) " fcode="zext"/>
<opset="zext_ln671/1 "/>
</bind>
</comp>

<comp id="113" class="1004" name="sext_ln671_28_fu_113">
<pin_list>
<pin id="114" dir="0" index="0" bw="23" slack="0"/>
<pin id="115" dir="1" index="1" bw="48" slack="0"/>
</pin_list>
<bind>
<opcode="sext(35) " fcode="sext"/>
<opset="sext_ln671_28/1 "/>
</bind>
</comp>

<comp id="118" class="1004" name="sext_ln671_fu_118">
<pin_list>
<pin id="119" dir="0" index="0" bw="23" slack="1"/>
<pin id="120" dir="1" index="1" bw="49" slack="0"/>
</pin_list>
<bind>
<opcode="sext(35) " fcode="sext"/>
<opset="sext_ln671/2 "/>
</bind>
</comp>

<comp id="122" class="1004" name="sext_ln671_29_fu_122">
<pin_list>
<pin id="123" dir="0" index="0" bw="26" slack="0"/>
<pin id="124" dir="1" index="1" bw="49" slack="0"/>
</pin_list>
<bind>
<opcode="sext(35) " fcode="sext"/>
<opset="sext_ln671_29/2 "/>
</bind>
</comp>

<comp id="127" class="1004" name="product_q_fu_127">
<pin_list>
<pin id="128" dir="0" index="0" bw="26" slack="0"/>
<pin id="129" dir="0" index="1" bw="48" slack="0"/>
<pin id="130" dir="0" index="2" bw="6" slack="0"/>
<pin id="131" dir="0" index="3" bw="7" slack="0"/>
<pin id="132" dir="1" index="4" bw="26" slack="0"/>
</pin_list>
<bind>
<opcode="partselect(1002) " fcode="partselect"/>
<opset="product_q/4 "/>
</bind>
</comp>

<comp id="137" class="1004" name="sext_ln671_30_fu_137">
<pin_list>
<pin id="138" dir="0" index="0" bw="26" slack="0"/>
<pin id="139" dir="1" index="1" bw="42" slack="0"/>
</pin_list>
<bind>
<opcode="sext(35) " fcode="sext"/>
<opset="sext_ln671_30/4 "/>
</bind>
</comp>

<comp id="141" class="1004" name="grp_fu_141">
<pin_list>
<pin id="142" dir="0" index="0" bw="26" slack="0"/>
<pin id="143" dir="0" index="1" bw="16" slack="0"/>
<pin id="144" dir="1" index="2" bw="42" slack="0"/>
</pin_list>
<bind>
<opcode="mul(12) " fcode="mul"/>
<opset="product/4 "/>
</bind>
</comp>

<comp id="147" class="1004" name="product_q_47_fu_147">
<pin_list>
<pin id="148" dir="0" index="0" bw="26" slack="0"/>
<pin id="149" dir="0" index="1" bw="49" slack="0"/>
<pin id="150" dir="0" index="2" bw="6" slack="0"/>
<pin id="151" dir="0" index="3" bw="7" slack="0"/>
<pin id="152" dir="1" index="4" bw="26" slack="0"/>
</pin_list>
<bind>
<opcode="partselect(1002) " fcode="partselect"/>
<opset="product_q_47/5 "/>
</bind>
</comp>

<comp id="157" class="1004" name="sext_ln671_31_fu_157">
<pin_list>
<pin id="158" dir="0" index="0" bw="26" slack="0"/>
<pin id="159" dir="1" index="1" bw="43" slack="0"/>
</pin_list>
<bind>
<opcode="sext(35) " fcode="sext"/>
<opset="sext_ln671_31/5 "/>
</bind>
</comp>

<comp id="162" class="1004" name="sext_ln671_32_fu_162">
<pin_list>
<pin id="163" dir="0" index="0" bw="26" slack="0"/>
<pin id="164" dir="1" index="1" bw="43" slack="0"/>
</pin_list>
<bind>
<opcode="sext(35) " fcode="sext"/>
<opset="sext_ln671_32/5 "/>
</bind>
</comp>

<comp id="167" class="1004" name="dar_dvy_fu_167">
<pin_list>
<pin id="168" dir="0" index="0" bw="1" slack="0"/>
<pin id="169" dir="0" index="1" bw="26" slack="2"/>
<pin id="170" dir="1" index="2" bw="26" slack="0"/>
</pin_list>
<bind>
<opcode="sub(10) " fcode="sub"/>
<opset="dar_dvy/6 "/>
</bind>
</comp>

<comp id="172" class="1004" name="sext_ln671_33_fu_172">
<pin_list>
<pin id="173" dir="0" index="0" bw="26" slack="0"/>
<pin id="174" dir="1" index="1" bw="43" slack="0"/>
</pin_list>
<bind>
<opcode="sext(35) " fcode="sext"/>
<opset="sext_ln671_33/6 "/>
</bind>
</comp>

<comp id="177" class="1004" name="trunc_ln_fu_177">
<pin_list>
<pin id="178" dir="0" index="0" bw="25" slack="0"/>
<pin id="179" dir="0" index="1" bw="42" slack="0"/>
<pin id="180" dir="0" index="2" bw="6" slack="0"/>
<pin id="181" dir="0" index="3" bw="7" slack="0"/>
<pin id="182" dir="1" index="4" bw="25" slack="0"/>
</pin_list>
<bind>
<opcode="partselect(1002) " fcode="partselect"/>
<opset="trunc_ln/7 "/>
</bind>
</comp>

<comp id="187" class="1004" name="sext_ln671_34_fu_187">
<pin_list>
<pin id="188" dir="0" index="0" bw="25" slack="0"/>
<pin id="189" dir="1" index="1" bw="43" slack="0"/>
</pin_list>
<bind>
<opcode="sext(35) " fcode="sext"/>
<opset="sext_ln671_34/7 "/>
</bind>
</comp>

<comp id="192" class="1004" name="product_q_50_fu_192">
<pin_list>
<pin id="193" dir="0" index="0" bw="26" slack="0"/>
<pin id="194" dir="0" index="1" bw="43" slack="0"/>
<pin id="195" dir="0" index="2" bw="6" slack="0"/>
<pin id="196" dir="0" index="3" bw="7" slack="0"/>
<pin id="197" dir="1" index="4" bw="26" slack="0"/>
</pin_list>
<bind>
<opcode="partselect(1002) " fcode="partselect"/>
<opset="product_q_50/10 "/>
</bind>
</comp>

<comp id="202" class="1004" name="mrv_fu_202">
<pin_list>
<pin id="203" dir="0" index="0" bw="78" slack="0"/>
<pin id="204" dir="0" index="1" bw="26" slack="2"/>
<pin id="205" dir="1" index="2" bw="78" slack="0"/>
</pin_list>
<bind>
<opcode="insertvalue(57) " fcode="insertvalue"/>
<opset="mrv/10 "/>
</bind>
</comp>

<comp id="207" class="1004" name="mrv_1_fu_207">
<pin_list>
<pin id="208" dir="0" index="0" bw="78" slack="0"/>
<pin id="209" dir="0" index="1" bw="26" slack="1"/>
<pin id="210" dir="1" index="2" bw="78" slack="0"/>
</pin_list>
<bind>
<opcode="insertvalue(57) " fcode="insertvalue"/>
<opset="mrv_1/10 "/>
</bind>
</comp>

<comp id="212" class="1004" name="mrv_2_fu_212">
<pin_list>
<pin id="213" dir="0" index="0" bw="78" slack="0"/>
<pin id="214" dir="0" index="1" bw="26" slack="0"/>
<pin id="215" dir="1" index="2" bw="78" slack="2147483647"/>
</pin_list>
<bind>
<opcode="insertvalue(57) " fcode="insertvalue"/>
<opset="mrv_2/10 "/>
</bind>
</comp>

<comp id="218" class="1005" name="inv_D_r_read_reg_218">
<pin_list>
<pin id="219" dir="0" index="0" bw="23" slack="1"/>
<pin id="220" dir="1" index="1" bw="23" slack="1"/>
</pin_list>
<bind>
<opset="inv_D_r_read "/>
</bind>
</comp>

<comp id="223" class="1005" name="zext_ln671_reg_223">
<pin_list>
<pin id="224" dir="0" index="0" bw="48" slack="1"/>
<pin id="225" dir="1" index="1" bw="48" slack="1"/>
</pin_list>
<bind>
<opset="zext_ln671 "/>
</bind>
</comp>

<comp id="228" class="1005" name="sext_ln671_28_reg_228">
<pin_list>
<pin id="229" dir="0" index="0" bw="48" slack="1"/>
<pin id="230" dir="1" index="1" bw="48" slack="1"/>
</pin_list>
<bind>
<opset="sext_ln671_28 "/>
</bind>
</comp>

<comp id="233" class="1005" name="sext_ln671_reg_233">
<pin_list>
<pin id="234" dir="0" index="0" bw="49" slack="1"/>
<pin id="235" dir="1" index="1" bw="49" slack="1"/>
</pin_list>
<bind>
<opset="sext_ln671 "/>
</bind>
</comp>

<comp id="238" class="1005" name="sext_ln671_29_reg_238">
<pin_list>
<pin id="239" dir="0" index="0" bw="49" slack="1"/>
<pin id="240" dir="1" index="1" bw="49" slack="1"/>
</pin_list>
<bind>
<opset="sext_ln671_29 "/>
</bind>
</comp>

<comp id="243" class="1005" name="product_q_reg_243">
<pin_list>
<pin id="244" dir="0" index="0" bw="26" slack="2"/>
<pin id="245" dir="1" index="1" bw="26" slack="2"/>
</pin_list>
<bind>
<opset="product_q "/>
</bind>
</comp>

<comp id="248" class="1005" name="sext_ln671_30_reg_248">
<pin_list>
<pin id="249" dir="0" index="0" bw="42" slack="1"/>
<pin id="250" dir="1" index="1" bw="42" slack="1"/>
</pin_list>
<bind>
<opset="sext_ln671_30 "/>
</bind>
</comp>

<comp id="253" class="1005" name="sext_ln671_31_reg_253">
<pin_list>
<pin id="254" dir="0" index="0" bw="43" slack="1"/>
<pin id="255" dir="1" index="1" bw="43" slack="1"/>
</pin_list>
<bind>
<opset="sext_ln671_31 "/>
</bind>
</comp>

<comp id="259" class="1005" name="sext_ln671_32_reg_259">
<pin_list>
<pin id="260" dir="0" index="0" bw="43" slack="1"/>
<pin id="261" dir="1" index="1" bw="43" slack="1"/>
</pin_list>
<bind>
<opset="sext_ln671_32 "/>
</bind>
</comp>

<comp id="264" class="1005" name="sext_ln671_33_reg_264">
<pin_list>
<pin id="265" dir="0" index="0" bw="43" slack="1"/>
<pin id="266" dir="1" index="1" bw="43" slack="1"/>
</pin_list>
<bind>
<opset="sext_ln671_33 "/>
</bind>
</comp>

<comp id="269" class="1005" name="sext_ln671_34_reg_269">
<pin_list>
<pin id="270" dir="0" index="0" bw="43" slack="1"/>
<pin id="271" dir="1" index="1" bw="43" slack="1"/>
</pin_list>
<bind>
<opset="sext_ln671_34 "/>
</bind>
</comp>

<comp id="274" class="1005" name="product_q_48_reg_274">
<pin_list>
<pin id="275" dir="0" index="0" bw="26" slack="2"/>
<pin id="276" dir="1" index="1" bw="26" slack="2"/>
</pin_list>
<bind>
<opset="product_q_48 "/>
</bind>
</comp>

<comp id="279" class="1005" name="product_q_49_reg_279">
<pin_list>
<pin id="280" dir="0" index="0" bw="26" slack="1"/>
<pin id="281" dir="1" index="1" bw="26" slack="1"/>
</pin_list>
<bind>
<opset="product_q_49 "/>
</bind>
</comp>

</comp_list>

<net_list>
<net id="62"><net_src comp="8" pin="0"/><net_sink comp="58" pin=0"/></net>

<net id="63"><net_src comp="6" pin="0"/><net_sink comp="58" pin=1"/></net>

<net id="68"><net_src comp="10" pin="0"/><net_sink comp="64" pin=0"/></net>

<net id="69"><net_src comp="4" pin="0"/><net_sink comp="64" pin=1"/></net>

<net id="74"><net_src comp="12" pin="0"/><net_sink comp="70" pin=0"/></net>

<net id="75"><net_src comp="2" pin="0"/><net_sink comp="70" pin=1"/></net>

<net id="80"><net_src comp="12" pin="0"/><net_sink comp="76" pin=0"/></net>

<net id="81"><net_src comp="0" pin="0"/><net_sink comp="76" pin=1"/></net>

<net id="104"><net_src comp="38" pin="0"/><net_sink comp="98" pin=0"/></net>

<net id="105"><net_src comp="94" pin="2"/><net_sink comp="98" pin=1"/></net>

<net id="106"><net_src comp="24" pin="0"/><net_sink comp="98" pin=2"/></net>

<net id="107"><net_src comp="26" pin="0"/><net_sink comp="98" pin=3"/></net>

<net id="111"><net_src comp="64" pin="2"/><net_sink comp="108" pin=0"/></net>

<net id="112"><net_src comp="108" pin="1"/><net_sink comp="82" pin=1"/></net>

<net id="116"><net_src comp="58" pin="2"/><net_sink comp="113" pin=0"/></net>

<net id="117"><net_src comp="113" pin="1"/><net_sink comp="82" pin=0"/></net>

<net id="121"><net_src comp="118" pin="1"/><net_sink comp="90" pin=1"/></net>

<net id="125"><net_src comp="70" pin="2"/><net_sink comp="122" pin=0"/></net>

<net id="126"><net_src comp="122" pin="1"/><net_sink comp="90" pin=0"/></net>

<net id="133"><net_src comp="22" pin="0"/><net_sink comp="127" pin=0"/></net>

<net id="134"><net_src comp="82" pin="2"/><net_sink comp="127" pin=1"/></net>

<net id="135"><net_src comp="24" pin="0"/><net_sink comp="127" pin=2"/></net>

<net id="136"><net_src comp="26" pin="0"/><net_sink comp="127" pin=3"/></net>

<net id="140"><net_src comp="127" pin="4"/><net_sink comp="137" pin=0"/></net>

<net id="145"><net_src comp="137" pin="1"/><net_sink comp="141" pin=0"/></net>

<net id="146"><net_src comp="28" pin="0"/><net_sink comp="141" pin=1"/></net>

<net id="153"><net_src comp="30" pin="0"/><net_sink comp="147" pin=0"/></net>

<net id="154"><net_src comp="90" pin="2"/><net_sink comp="147" pin=1"/></net>

<net id="155"><net_src comp="24" pin="0"/><net_sink comp="147" pin=2"/></net>

<net id="156"><net_src comp="26" pin="0"/><net_sink comp="147" pin=3"/></net>

<net id="160"><net_src comp="76" pin="2"/><net_sink comp="157" pin=0"/></net>

<net id="161"><net_src comp="157" pin="1"/><net_sink comp="94" pin=1"/></net>

<net id="165"><net_src comp="147" pin="4"/><net_sink comp="162" pin=0"/></net>

<net id="166"><net_src comp="162" pin="1"/><net_sink comp="94" pin=0"/></net>

<net id="171"><net_src comp="32" pin="0"/><net_sink comp="167" pin=0"/></net>

<net id="175"><net_src comp="167" pin="2"/><net_sink comp="172" pin=0"/></net>

<net id="176"><net_src comp="172" pin="1"/><net_sink comp="94" pin=0"/></net>

<net id="183"><net_src comp="34" pin="0"/><net_sink comp="177" pin=0"/></net>

<net id="184"><net_src comp="141" pin="2"/><net_sink comp="177" pin=1"/></net>

<net id="185"><net_src comp="24" pin="0"/><net_sink comp="177" pin=2"/></net>

<net id="186"><net_src comp="36" pin="0"/><net_sink comp="177" pin=3"/></net>

<net id="190"><net_src comp="177" pin="4"/><net_sink comp="187" pin=0"/></net>

<net id="191"><net_src comp="187" pin="1"/><net_sink comp="86" pin=0"/></net>

<net id="198"><net_src comp="38" pin="0"/><net_sink comp="192" pin=0"/></net>

<net id="199"><net_src comp="86" pin="2"/><net_sink comp="192" pin=1"/></net>

<net id="200"><net_src comp="24" pin="0"/><net_sink comp="192" pin=2"/></net>

<net id="201"><net_src comp="26" pin="0"/><net_sink comp="192" pin=3"/></net>

<net id="206"><net_src comp="56" pin="0"/><net_sink comp="202" pin=0"/></net>

<net id="211"><net_src comp="202" pin="2"/><net_sink comp="207" pin=0"/></net>

<net id="216"><net_src comp="207" pin="2"/><net_sink comp="212" pin=0"/></net>

<net id="217"><net_src comp="192" pin="4"/><net_sink comp="212" pin=1"/></net>

<net id="221"><net_src comp="58" pin="2"/><net_sink comp="218" pin=0"/></net>

<net id="222"><net_src comp="218" pin="1"/><net_sink comp="118" pin=0"/></net>

<net id="226"><net_src comp="108" pin="1"/><net_sink comp="223" pin=0"/></net>

<net id="227"><net_src comp="223" pin="1"/><net_sink comp="82" pin=1"/></net>

<net id="231"><net_src comp="113" pin="1"/><net_sink comp="228" pin=0"/></net>

<net id="232"><net_src comp="228" pin="1"/><net_sink comp="82" pin=0"/></net>

<net id="236"><net_src comp="118" pin="1"/><net_sink comp="233" pin=0"/></net>

<net id="237"><net_src comp="233" pin="1"/><net_sink comp="90" pin=1"/></net>

<net id="241"><net_src comp="122" pin="1"/><net_sink comp="238" pin=0"/></net>

<net id="242"><net_src comp="238" pin="1"/><net_sink comp="90" pin=0"/></net>

<net id="246"><net_src comp="127" pin="4"/><net_sink comp="243" pin=0"/></net>

<net id="247"><net_src comp="243" pin="1"/><net_sink comp="167" pin=1"/></net>

<net id="251"><net_src comp="137" pin="1"/><net_sink comp="248" pin=0"/></net>

<net id="252"><net_src comp="248" pin="1"/><net_sink comp="141" pin=0"/></net>

<net id="256"><net_src comp="157" pin="1"/><net_sink comp="253" pin=0"/></net>

<net id="257"><net_src comp="253" pin="1"/><net_sink comp="94" pin=1"/></net>

<net id="258"><net_src comp="253" pin="1"/><net_sink comp="86" pin=1"/></net>

<net id="262"><net_src comp="162" pin="1"/><net_sink comp="259" pin=0"/></net>

<net id="263"><net_src comp="259" pin="1"/><net_sink comp="94" pin=0"/></net>

<net id="267"><net_src comp="172" pin="1"/><net_sink comp="264" pin=0"/></net>

<net id="268"><net_src comp="264" pin="1"/><net_sink comp="94" pin=0"/></net>

<net id="272"><net_src comp="187" pin="1"/><net_sink comp="269" pin=0"/></net>

<net id="273"><net_src comp="269" pin="1"/><net_sink comp="86" pin=0"/></net>

<net id="277"><net_src comp="98" pin="4"/><net_sink comp="274" pin=0"/></net>

<net id="278"><net_src comp="274" pin="1"/><net_sink comp="202" pin=1"/></net>

<net id="282"><net_src comp="98" pin="4"/><net_sink comp="279" pin=0"/></net>

<net id="283"><net_src comp="279" pin="1"/><net_sink comp="207" pin=1"/></net>

</net_list>

</model> 
---------------- Datapath Model END ------------------

* FSMD analyzer results:
  - Output states:
	Port: C_eff_r | {}
	Port: rear_num | {}
	Port: vx_safe | {}
	Port: inv_D_r | {}
 - Input state : 
	Port: fp_rear_force_jacobians_fn : C_eff_r | {5 }
	Port: fp_rear_force_jacobians_fn : rear_num | {2 }
	Port: fp_rear_force_jacobians_fn : vx_safe | {1 }
	Port: fp_rear_force_jacobians_fn : inv_D_r | {1 }
  - Chain level:
	State 1
		mul_ln671 : 1
	State 2
		mul_ln671_18 : 1
	State 3
	State 4
		specfucore_ln673 : 1
		product_q : 1
		sext_ln671_30 : 2
		product : 3
	State 5
		specfucore_ln673 : 1
		product_q_47 : 1
		sext_ln671_32 : 2
		product_246 : 3
	State 6
		sext_ln671_33 : 1
		product_247 : 2
	State 7
		specfucore_ln673 : 1
		trunc_ln : 1
		sext_ln671_34 : 2
		product_248 : 3
	State 8
		specfucore_ln673 : 1
		product_q_48 : 1
	State 9
		specfucore_ln673 : 1
		product_q_49 : 1
	State 10
		rend10 : 1
		rend8 : 1
		rend6 : 1
		rend4 : 1
		rend2 : 1
		specfucore_ln673 : 1
		rend : 1
		product_q_50 : 1
		mrv_1 : 1
		mrv_2 : 2
		ret_ln162 : 3


============================================================
+ Verbose Summary: Datapath Resource usage 
============================================================

* Functional unit list:
|----------|--------------------------|---------|---------|---------|
| Operation|      Functional Unit     |   DSP   |    FF   |   LUT   |
|----------|--------------------------|---------|---------|---------|
|          |         grp_fu_82        |    2    |    55   |    26   |
|          |         grp_fu_86        |    2    |    61   |    29   |
|    mul   |         grp_fu_90        |    2    |    61   |    29   |
|          |         grp_fu_94        |    2    |    61   |    29   |
|          |        grp_fu_141        |    1    |    61   |    29   |
|----------|--------------------------|---------|---------|---------|
|    sub   |      dar_dvy_fu_167      |    0    |    0    |    33   |
|----------|--------------------------|---------|---------|---------|
|          |  inv_D_r_read_read_fu_58 |    0    |    0    |    0    |
|   read   |  vx_safe_read_read_fu_64 |    0    |    0    |    0    |
|          | rear_num_read_read_fu_70 |    0    |    0    |    0    |
|          |  C_eff_r_read_read_fu_76 |    0    |    0    |    0    |
|----------|--------------------------|---------|---------|---------|
|          |         grp_fu_98        |    0    |    0    |    0    |
|          |     product_q_fu_127     |    0    |    0    |    0    |
|partselect|    product_q_47_fu_147   |    0    |    0    |    0    |
|          |      trunc_ln_fu_177     |    0    |    0    |    0    |
|          |    product_q_50_fu_192   |    0    |    0    |    0    |
|----------|--------------------------|---------|---------|---------|
|   zext   |     zext_ln671_fu_108    |    0    |    0    |    0    |
|----------|--------------------------|---------|---------|---------|
|          |   sext_ln671_28_fu_113   |    0    |    0    |    0    |
|          |     sext_ln671_fu_118    |    0    |    0    |    0    |
|          |   sext_ln671_29_fu_122   |    0    |    0    |    0    |
|   sext   |   sext_ln671_30_fu_137   |    0    |    0    |    0    |
|          |   sext_ln671_31_fu_157   |    0    |    0    |    0    |
|          |   sext_ln671_32_fu_162   |    0    |    0    |    0    |
|          |   sext_ln671_33_fu_172   |    0    |    0    |    0    |
|          |   sext_ln671_34_fu_187   |    0    |    0    |    0    |
|----------|--------------------------|---------|---------|---------|
|          |        mrv_fu_202        |    0    |    0    |    0    |
|insertvalue|       mrv_1_fu_207       |    0    |    0    |    0    |
|          |       mrv_2_fu_212       |    0    |    0    |    0    |
|----------|--------------------------|---------|---------|---------|
|   Total  |                          |    9    |   299   |   175   |
|----------|--------------------------|---------|---------|---------|

Memories:
N/A

* Register list:
+---------------------+--------+
|                     |   FF   |
+---------------------+--------+
| inv_D_r_read_reg_218|   23   |
| product_q_48_reg_274|   26   |
| product_q_49_reg_279|   26   |
|  product_q_reg_243  |   26   |
|sext_ln671_28_reg_228|   48   |
|sext_ln671_29_reg_238|   49   |
|sext_ln671_30_reg_248|   42   |
|sext_ln671_31_reg_253|   43   |
|sext_ln671_32_reg_259|   43   |
|sext_ln671_33_reg_264|   43   |
|sext_ln671_34_reg_269|   43   |
|  sext_ln671_reg_233 |   49   |
|  zext_ln671_reg_223 |   48   |
+---------------------+--------+
|        Total        |   509  |
+---------------------+--------+

* Multiplexer (MUX) list: 
|------------|------|------|------|--------||---------||---------||---------|
|    Comp    |  Pin | Size |  BW  | S x BW ||  Delay  ||    FF   ||   LUT   |
|------------|------|------|------|--------||---------||---------||---------|
|  grp_fu_82 |  p0  |   2  |  23  |   46   ||    0    ||    9    |
|  grp_fu_82 |  p1  |   2  |  25  |   50   ||    0    ||    9    |
|  grp_fu_86 |  p0  |   2  |  25  |   50   ||    0    ||    9    |
|  grp_fu_90 |  p0  |   2  |  26  |   52   ||    0    ||    9    |
|  grp_fu_90 |  p1  |   2  |  23  |   46   ||    0    ||    9    |
|  grp_fu_94 |  p0  |   4  |  26  |   104  ||    0    ||    20   |
|  grp_fu_94 |  p1  |   2  |  26  |   52   ||    0    ||    9    |
| grp_fu_141 |  p0  |   2  |  26  |   52   ||    0    ||    9    |
|------------|------|------|------|--------||---------||---------||---------|
|    Total   |      |      |      |   452  ||  3.514  ||    0    ||    83   |
|------------|------|------|------|--------||---------||---------||---------|



* Summary:
+-----------+--------+--------+--------+--------+
|           |   DSP  |  Delay |   FF   |   LUT  |
+-----------+--------+--------+--------+--------+
|  Function |    9   |    -   |   299  |   175  |
|   Memory  |    -   |    -   |    -   |    -   |
|Multiplexer|    -   |    3   |    0   |   83   |
|  Register |    -   |    -   |   509  |    -   |
+-----------+--------+--------+--------+--------+
|   Total   |    9   |    3   |   808  |   258  |
+-----------+--------+--------+--------+--------+
