

================================================================
== Vitis HLS Report for 'fp_rear_force_jacobians_fn'
================================================================
* Date:           Thu May 21 15:23:04 2026

* Version:        2025.2 (Build 6295257 on Nov 14 2025)
* Project:        mpc_fpga_top_opencl
* Solution:       hls (Vitis Kernel Flow Target)
* Product family: zynquplus
* Target device:  xck26-sfvc784-2LV-c


================================================================
== Performance Estimates
================================================================
+ Timing: 
    * Summary: 
    +--------+---------+----------+------------+
    |  Clock |  Target | Estimated| Uncertainty|
    +--------+---------+----------+------------+
    |ap_clk  |  5.00 ns|  3.563 ns|     0.50 ns|
    +--------+---------+----------+------------+

+ Latency: 
    * Summary: 
    +---------+---------+-----------+-----------+-----+-----+---------+
    |  Latency (cycles) |   Latency (absolute)  |  Interval | Pipeline|
    |   min   |   max   |    min    |    max    | min | max |   Type  |
    +---------+---------+-----------+-----------+-----+-----+---------+
    |        9|        9|  45.000 ns|  45.000 ns|   10|   10|      yes|
    +---------+---------+-----------+-----------+-----+-----+---------+

    + Detail: 
        * Instance: 
        N/A

        * Loop: 
        N/A

============================================================
+ Verbose Summary: Synthesis Manager
============================================================
InlineROM: 1
ExposeGlobal: 0
============================================================
+ Verbose Summary: CDFG Model
============================================================
IsTopModel: 0
ResetActiveHigh: 1
IsCombinational: 0
IsDatapathOnly: 0
HasWiredReturn: 1
HasMFsm: 2
HasVarLatency: 0
IsPipeline: 1
IsRtlPipelined: 0
IsInstanceOverlapped: 0
IsDontTouch: 0
HasImplIP: 0
IsGatedGlobalClock: 0

+ Individual pipeline summary: 
  * Pipeline-0: initiation interval (II) = 10, depth = 10


============================================================
+ Verbose Summary: Schedule
============================================================
* Number of FSM states : 10
* Pipeline : 1
  Pipeline-0 : II = 10, D = 10, States = { 1 2 3 4 5 6 7 8 9 10 }
* Dataflow Pipeline: 0

* FSM state transitions: 
1 --> 2 
2 --> 3 
3 --> 4 
4 --> 5 
5 --> 6 
6 --> 7 
7 --> 8 
8 --> 9 
9 --> 10 
10 --> 

* FSM state operations: 

State 1 <SV = 0> <Delay = 1.69>
ST_1 : Operation 11 [1/1] (0.00ns)   --->   "%inv_D_r_read = read i23 @_ssdm_op_Read.ap_auto.i23, i23 %inv_D_r" [../src/vehicle_model_hls.cpp:154]   --->   Operation 11 'read' 'inv_D_r_read' <Predicate = true> <Delay = 0.00>
ST_1 : Operation 12 [1/1] (0.00ns)   --->   "%vx_safe_read = read i25 @_ssdm_op_Read.ap_auto.i25, i25 %vx_safe" [../src/vehicle_model_hls.cpp:154]   --->   Operation 12 'read' 'vx_safe_read' <Predicate = true> <Delay = 0.00>
ST_1 : Operation 13 [1/1] (0.00ns)   --->   "%zext_ln671 = zext i25 %vx_safe_read" [../src/fp_math_hls.cpp:671->../src/vehicle_model_hls.cpp:155]   --->   Operation 13 'zext' 'zext_ln671' <Predicate = true> <Delay = 0.00>
ST_1 : Operation 14 [1/1] (0.00ns)   --->   "%sext_ln671_28 = sext i23 %inv_D_r_read" [../src/fp_math_hls.cpp:671->../src/vehicle_model_hls.cpp:155]   --->   Operation 14 'sext' 'sext_ln671_28' <Predicate = true> <Delay = 0.00>
ST_1 : Operation 15 [4/4] (1.69ns)   --->   "%mul_ln671 = mul i48 %sext_ln671_28, i48 %zext_ln671" [../src/fp_math_hls.cpp:671->../src/vehicle_model_hls.cpp:155]   --->   Operation 15 'mul' 'mul_ln671' <Predicate = true> <Delay = 1.69> <CoreInst = "Mul_DSP">   --->   Core 5 'Mul_DSP' <Latency = 3> <II = 1> <Delay = 1.69> <FuncUnit> <Opcode : 'mul'> <InPorts = 2> <OutPorts = 1>

State 2 <SV = 1> <Delay = 1.78>
ST_2 : Operation 16 [1/1] (0.00ns)   --->   "%rear_num_read = read i26 @_ssdm_op_Read.ap_auto.i26, i26 %rear_num" [../src/vehicle_model_hls.cpp:154]   --->   Operation 16 'read' 'rear_num_read' <Predicate = true> <Delay = 0.00>
ST_2 : Operation 17 [1/1] (0.00ns)   --->   "%sext_ln671 = sext i23 %inv_D_r_read" [../src/fp_math_hls.cpp:671->../src/vehicle_model_hls.cpp:155]   --->   Operation 17 'sext' 'sext_ln671' <Predicate = true> <Delay = 0.00>
ST_2 : Operation 18 [3/4] (1.69ns)   --->   "%mul_ln671 = mul i48 %sext_ln671_28, i48 %zext_ln671" [../src/fp_math_hls.cpp:671->../src/vehicle_model_hls.cpp:155]   --->   Operation 18 'mul' 'mul_ln671' <Predicate = true> <Delay = 1.69> <CoreInst = "Mul_DSP">   --->   Core 5 'Mul_DSP' <Latency = 3> <II = 1> <Delay = 1.69> <FuncUnit> <Opcode : 'mul'> <InPorts = 2> <OutPorts = 1>
ST_2 : Operation 19 [1/1] (0.00ns)   --->   "%sext_ln671_29 = sext i26 %rear_num_read" [../src/fp_math_hls.cpp:671->../src/vehicle_model_hls.cpp:156]   --->   Operation 19 'sext' 'sext_ln671_29' <Predicate = true> <Delay = 0.00>
ST_2 : Operation 20 [4/4] (1.78ns)   --->   "%mul_ln671_18 = mul i49 %sext_ln671_29, i49 %sext_ln671" [../src/fp_math_hls.cpp:671->../src/vehicle_model_hls.cpp:156]   --->   Operation 20 'mul' 'mul_ln671_18' <Predicate = true> <Delay = 1.78> <CoreInst = "Mul_DSP">   --->   Core 5 'Mul_DSP' <Latency = 3> <II = 1> <Delay = 1.78> <FuncUnit> <Opcode : 'mul'> <InPorts = 2> <OutPorts = 1>

State 3 <SV = 2> <Delay = 1.78>
ST_3 : Operation 21 [2/4] (1.69ns)   --->   "%mul_ln671 = mul i48 %sext_ln671_28, i48 %zext_ln671" [../src/fp_math_hls.cpp:671->../src/vehicle_model_hls.cpp:155]   --->   Operation 21 'mul' 'mul_ln671' <Predicate = true> <Delay = 1.69> <CoreInst = "Mul_DSP">   --->   Core 5 'Mul_DSP' <Latency = 3> <II = 1> <Delay = 1.69> <FuncUnit> <Opcode : 'mul'> <InPorts = 2> <OutPorts = 1>
ST_3 : Operation 22 [3/4] (1.78ns)   --->   "%mul_ln671_18 = mul i49 %sext_ln671_29, i49 %sext_ln671" [../src/fp_math_hls.cpp:671->../src/vehicle_model_hls.cpp:156]   --->   Operation 22 'mul' 'mul_ln671_18' <Predicate = true> <Delay = 1.78> <CoreInst = "Mul_DSP">   --->   Core 5 'Mul_DSP' <Latency = 3> <II = 1> <Delay = 1.78> <FuncUnit> <Opcode : 'mul'> <InPorts = 2> <OutPorts = 1>

State 4 <SV = 3> <Delay = 3.47>
ST_4 : Operation 23 [1/4] (1.69ns)   --->   "%mul_ln671 = mul i48 %sext_ln671_28, i48 %zext_ln671" [../src/fp_math_hls.cpp:671->../src/vehicle_model_hls.cpp:155]   --->   Operation 23 'mul' 'mul_ln671' <Predicate = true> <Delay = 1.69> <CoreInst = "Mul_DSP">   --->   Core 5 'Mul_DSP' <Latency = 3> <II = 1> <Delay = 1.69> <FuncUnit> <Opcode : 'mul'> <InPorts = 2> <OutPorts = 1>
ST_4 : Operation 24 [1/1] (0.00ns)   --->   "%specfucore_ln673 = specfucore void @_ssdm_op_SpecFUCore, i48 %mul_ln671, i64 12, i64 3, i64 3, i1 0" [../src/fp_math_hls.cpp:673->../src/vehicle_model_hls.cpp:155]   --->   Operation 24 'specfucore' 'specfucore_ln673' <Predicate = true> <Delay = 0.00>
ST_4 : Operation 25 [1/1] (0.00ns)   --->   "%product_q = partselect i26 @_ssdm_op_PartSelect.i26.i48.i32.i32, i48 %mul_ln671, i32 17, i32 42" [../src/fp_math_hls.cpp:674->../src/vehicle_model_hls.cpp:155]   --->   Operation 25 'partselect' 'product_q' <Predicate = true> <Delay = 0.00>
ST_4 : Operation 26 [2/4] (1.78ns)   --->   "%mul_ln671_18 = mul i49 %sext_ln671_29, i49 %sext_ln671" [../src/fp_math_hls.cpp:671->../src/vehicle_model_hls.cpp:156]   --->   Operation 26 'mul' 'mul_ln671_18' <Predicate = true> <Delay = 1.78> <CoreInst = "Mul_DSP">   --->   Core 5 'Mul_DSP' <Latency = 3> <II = 1> <Delay = 1.78> <FuncUnit> <Opcode : 'mul'> <InPorts = 2> <OutPorts = 1>
ST_4 : Operation 27 [1/1] (0.00ns)   --->   "%sext_ln671_30 = sext i26 %product_q" [../src/fp_math_hls.cpp:671->../src/vehicle_model_hls.cpp:158]   --->   Operation 27 'sext' 'sext_ln671_30' <Predicate = true> <Delay = 0.00>
ST_4 : Operation 28 [4/4] (1.78ns)   --->   "%product = mul i42 %sext_ln671_30, i42 20971" [../src/fp_math_hls.cpp:671->../src/vehicle_model_hls.cpp:158]   --->   Operation 28 'mul' 'product' <Predicate = true> <Delay = 1.78> <CoreInst = "Mul_DSP">   --->   Core 5 'Mul_DSP' <Latency = 3> <II = 1> <Delay = 1.78> <FuncUnit> <Opcode : 'mul'> <InPorts = 2> <OutPorts = 1>

State 5 <SV = 4> <Delay = 3.56>
ST_5 : Operation 29 [1/1] (0.00ns)   --->   "%C_eff_r_read = read i26 @_ssdm_op_Read.ap_auto.i26, i26 %C_eff_r" [../src/vehicle_model_hls.cpp:154]   --->   Operation 29 'read' 'C_eff_r_read' <Predicate = true> <Delay = 0.00>
ST_5 : Operation 30 [1/4] (1.78ns)   --->   "%mul_ln671_18 = mul i49 %sext_ln671_29, i49 %sext_ln671" [../src/fp_math_hls.cpp:671->../src/vehicle_model_hls.cpp:156]   --->   Operation 30 'mul' 'mul_ln671_18' <Predicate = true> <Delay = 1.78> <CoreInst = "Mul_DSP">   --->   Core 5 'Mul_DSP' <Latency = 3> <II = 1> <Delay = 1.78> <FuncUnit> <Opcode : 'mul'> <InPorts = 2> <OutPorts = 1>
ST_5 : Operation 31 [1/1] (0.00ns)   --->   "%specfucore_ln673 = specfucore void @_ssdm_op_SpecFUCore, i49 %mul_ln671_18, i64 12, i64 3, i64 3, i1 0" [../src/fp_math_hls.cpp:673->../src/vehicle_model_hls.cpp:156]   --->   Operation 31 'specfucore' 'specfucore_ln673' <Predicate = true> <Delay = 0.00>
ST_5 : Operation 32 [1/1] (0.00ns)   --->   "%product_q_47 = partselect i26 @_ssdm_op_PartSelect.i26.i49.i32.i32, i49 %mul_ln671_18, i32 17, i32 42" [../src/fp_math_hls.cpp:674->../src/vehicle_model_hls.cpp:156]   --->   Operation 32 'partselect' 'product_q_47' <Predicate = true> <Delay = 0.00>
ST_5 : Operation 33 [3/4] (1.78ns)   --->   "%product = mul i42 %sext_ln671_30, i42 20971" [../src/fp_math_hls.cpp:671->../src/vehicle_model_hls.cpp:158]   --->   Operation 33 'mul' 'product' <Predicate = true> <Delay = 1.78> <CoreInst = "Mul_DSP">   --->   Core 5 'Mul_DSP' <Latency = 3> <II = 1> <Delay = 1.78> <FuncUnit> <Opcode : 'mul'> <InPorts = 2> <OutPorts = 1>
ST_5 : Operation 34 [1/1] (0.00ns)   --->   "%sext_ln671_31 = sext i26 %C_eff_r_read" [../src/fp_math_hls.cpp:671->../src/vehicle_model_hls.cpp:159]   --->   Operation 34 'sext' 'sext_ln671_31' <Predicate = true> <Delay = 0.00>
ST_5 : Operation 35 [1/1] (0.00ns)   --->   "%sext_ln671_32 = sext i26 %product_q_47" [../src/fp_math_hls.cpp:671->../src/vehicle_model_hls.cpp:159]   --->   Operation 35 'sext' 'sext_ln671_32' <Predicate = true> <Delay = 0.00>
ST_5 : Operation 36 [4/4] (1.78ns)   --->   "%product_246 = mul i43 %sext_ln671_32, i43 %sext_ln671_31" [../src/fp_math_hls.cpp:671->../src/vehicle_model_hls.cpp:159]   --->   Operation 36 'mul' 'product_246' <Predicate = true> <Delay = 1.78> <CoreInst = "Mul_DSP">   --->   Core 5 'Mul_DSP' <Latency = 3> <II = 1> <Delay = 1.78> <FuncUnit> <Opcode : 'mul'> <InPorts = 2> <OutPorts = 1>

State 6 <SV = 5> <Delay = 2.73>
ST_6 : Operation 37 [1/1] (0.95ns)   --->   "%dar_dvy = sub i26 0, i26 %product_q" [../src/vehicle_model_hls.cpp:157]   --->   Operation 37 'sub' 'dar_dvy' <Predicate = true> <Delay = 0.95> <CoreInst = "Adder">   --->   Core 1 'Adder' <Latency = 0> <II = 1> <Delay = 0.95> <FuncUnit> <Opcode : 'add' 'sub'> <InPorts = 2> <OutPorts = 1>
ST_6 : Operation 38 [2/4] (1.78ns)   --->   "%product = mul i42 %sext_ln671_30, i42 20971" [../src/fp_math_hls.cpp:671->../src/vehicle_model_hls.cpp:158]   --->   Operation 38 'mul' 'product' <Predicate = true> <Delay = 1.78> <CoreInst = "Mul_DSP">   --->   Core 5 'Mul_DSP' <Latency = 3> <II = 1> <Delay = 1.78> <FuncUnit> <Opcode : 'mul'> <InPorts = 2> <OutPorts = 1>
ST_6 : Operation 39 [3/4] (1.78ns)   --->   "%product_246 = mul i43 %sext_ln671_32, i43 %sext_ln671_31" [../src/fp_math_hls.cpp:671->../src/vehicle_model_hls.cpp:159]   --->   Operation 39 'mul' 'product_246' <Predicate = true> <Delay = 1.78> <CoreInst = "Mul_DSP">   --->   Core 5 'Mul_DSP' <Latency = 3> <II = 1> <Delay = 1.78> <FuncUnit> <Opcode : 'mul'> <InPorts = 2> <OutPorts = 1>
ST_6 : Operation 40 [1/1] (0.00ns)   --->   "%sext_ln671_33 = sext i26 %dar_dvy" [../src/fp_math_hls.cpp:671->../src/vehicle_model_hls.cpp:160]   --->   Operation 40 'sext' 'sext_ln671_33' <Predicate = true> <Delay = 0.00>
ST_6 : Operation 41 [4/4] (1.78ns)   --->   "%product_247 = mul i43 %sext_ln671_33, i43 %sext_ln671_31" [../src/fp_math_hls.cpp:671->../src/vehicle_model_hls.cpp:160]   --->   Operation 41 'mul' 'product_247' <Predicate = true> <Delay = 1.78> <CoreInst = "Mul_DSP">   --->   Core 5 'Mul_DSP' <Latency = 3> <II = 1> <Delay = 1.78> <FuncUnit> <Opcode : 'mul'> <InPorts = 2> <OutPorts = 1>

State 7 <SV = 6> <Delay = 3.56>
ST_7 : Operation 42 [1/4] (1.78ns)   --->   "%product = mul i42 %sext_ln671_30, i42 20971" [../src/fp_math_hls.cpp:671->../src/vehicle_model_hls.cpp:158]   --->   Operation 42 'mul' 'product' <Predicate = true> <Delay = 1.78> <CoreInst = "Mul_DSP">   --->   Core 5 'Mul_DSP' <Latency = 3> <II = 1> <Delay = 1.78> <FuncUnit> <Opcode : 'mul'> <InPorts = 2> <OutPorts = 1>
ST_7 : Operation 43 [1/1] (0.00ns)   --->   "%specfucore_ln673 = specfucore void @_ssdm_op_SpecFUCore, i42 %product, i64 12, i64 3, i64 3, i1 0" [../src/fp_math_hls.cpp:673->../src/vehicle_model_hls.cpp:158]   --->   Operation 43 'specfucore' 'specfucore_ln673' <Predicate = true> <Delay = 0.00>
ST_7 : Operation 44 [1/1] (0.00ns)   --->   "%trunc_ln = partselect i25 @_ssdm_op_PartSelect.i25.i42.i32.i32, i42 %product, i32 17, i32 41" [../src/fp_math_hls.cpp:674->../src/vehicle_model_hls.cpp:158]   --->   Operation 44 'partselect' 'trunc_ln' <Predicate = true> <Delay = 0.00>
ST_7 : Operation 45 [2/4] (1.78ns)   --->   "%product_246 = mul i43 %sext_ln671_32, i43 %sext_ln671_31" [../src/fp_math_hls.cpp:671->../src/vehicle_model_hls.cpp:159]   --->   Operation 45 'mul' 'product_246' <Predicate = true> <Delay = 1.78> <CoreInst = "Mul_DSP">   --->   Core 5 'Mul_DSP' <Latency = 3> <II = 1> <Delay = 1.78> <FuncUnit> <Opcode : 'mul'> <InPorts = 2> <OutPorts = 1>
ST_7 : Operation 46 [3/4] (1.78ns)   --->   "%product_247 = mul i43 %sext_ln671_33, i43 %sext_ln671_31" [../src/fp_math_hls.cpp:671->../src/vehicle_model_hls.cpp:160]   --->   Operation 46 'mul' 'product_247' <Predicate = true> <Delay = 1.78> <CoreInst = "Mul_DSP">   --->   Core 5 'Mul_DSP' <Latency = 3> <II = 1> <Delay = 1.78> <FuncUnit> <Opcode : 'mul'> <InPorts = 2> <OutPorts = 1>
ST_7 : Operation 47 [1/1] (0.00ns)   --->   "%sext_ln671_34 = sext i25 %trunc_ln" [../src/fp_math_hls.cpp:671->../src/vehicle_model_hls.cpp:161]   --->   Operation 47 'sext' 'sext_ln671_34' <Predicate = true> <Delay = 0.00>
ST_7 : Operation 48 [4/4] (1.78ns)   --->   "%product_248 = mul i43 %sext_ln671_34, i43 %sext_ln671_31" [../src/fp_math_hls.cpp:671->../src/vehicle_model_hls.cpp:161]   --->   Operation 48 'mul' 'product_248' <Predicate = true> <Delay = 1.78> <CoreInst = "Mul_DSP">   --->   Core 5 'Mul_DSP' <Latency = 3> <II = 1> <Delay = 1.78> <FuncUnit> <Opcode : 'mul'> <InPorts = 2> <OutPorts = 1>

State 8 <SV = 7> <Delay = 1.78>
ST_8 : Operation 49 [1/4] (1.78ns)   --->   "%product_246 = mul i43 %sext_ln671_32, i43 %sext_ln671_31" [../src/fp_math_hls.cpp:671->../src/vehicle_model_hls.cpp:159]   --->   Operation 49 'mul' 'product_246' <Predicate = true> <Delay = 1.78> <CoreInst = "Mul_DSP">   --->   Core 5 'Mul_DSP' <Latency = 3> <II = 1> <Delay = 1.78> <FuncUnit> <Opcode : 'mul'> <InPorts = 2> <OutPorts = 1>
ST_8 : Operation 50 [1/1] (0.00ns)   --->   "%specfucore_ln673 = specfucore void @_ssdm_op_SpecFUCore, i43 %product_246, i64 12, i64 3, i64 3, i1 0" [../src/fp_math_hls.cpp:673->../src/vehicle_model_hls.cpp:159]   --->   Operation 50 'specfucore' 'specfucore_ln673' <Predicate = true> <Delay = 0.00>
ST_8 : Operation 51 [1/1] (0.00ns)   --->   "%product_q_48 = partselect i26 @_ssdm_op_PartSelect.i26.i43.i32.i32, i43 %product_246, i32 17, i32 42" [../src/fp_math_hls.cpp:674->../src/vehicle_model_hls.cpp:159]   --->   Operation 51 'partselect' 'product_q_48' <Predicate = true> <Delay = 0.00>
ST_8 : Operation 52 [2/4] (1.78ns)   --->   "%product_247 = mul i43 %sext_ln671_33, i43 %sext_ln671_31" [../src/fp_math_hls.cpp:671->../src/vehicle_model_hls.cpp:160]   --->   Operation 52 'mul' 'product_247' <Predicate = true> <Delay = 1.78> <CoreInst = "Mul_DSP">   --->   Core 5 'Mul_DSP' <Latency = 3> <II = 1> <Delay = 1.78> <FuncUnit> <Opcode : 'mul'> <InPorts = 2> <OutPorts = 1>
ST_8 : Operation 53 [3/4] (1.78ns)   --->   "%product_248 = mul i43 %sext_ln671_34, i43 %sext_ln671_31" [../src/fp_math_hls.cpp:671->../src/vehicle_model_hls.cpp:161]   --->   Operation 53 'mul' 'product_248' <Predicate = true> <Delay = 1.78> <CoreInst = "Mul_DSP">   --->   Core 5 'Mul_DSP' <Latency = 3> <II = 1> <Delay = 1.78> <FuncUnit> <Opcode : 'mul'> <InPorts = 2> <OutPorts = 1>

State 9 <SV = 8> <Delay = 1.78>
ST_9 : Operation 54 [1/4] (1.78ns)   --->   "%product_247 = mul i43 %sext_ln671_33, i43 %sext_ln671_31" [../src/fp_math_hls.cpp:671->../src/vehicle_model_hls.cpp:160]   --->   Operation 54 'mul' 'product_247' <Predicate = true> <Delay = 1.78> <CoreInst = "Mul_DSP">   --->   Core 5 'Mul_DSP' <Latency = 3> <II = 1> <Delay = 1.78> <FuncUnit> <Opcode : 'mul'> <InPorts = 2> <OutPorts = 1>
ST_9 : Operation 55 [1/1] (0.00ns)   --->   "%specfucore_ln673 = specfucore void @_ssdm_op_SpecFUCore, i43 %product_247, i64 12, i64 3, i64 3, i1 0" [../src/fp_math_hls.cpp:673->../src/vehicle_model_hls.cpp:160]   --->   Operation 55 'specfucore' 'specfucore_ln673' <Predicate = true> <Delay = 0.00>
ST_9 : Operation 56 [1/1] (0.00ns)   --->   "%product_q_49 = partselect i26 @_ssdm_op_PartSelect.i26.i43.i32.i32, i43 %product_247, i32 17, i32 42" [../src/fp_math_hls.cpp:674->../src/vehicle_model_hls.cpp:160]   --->   Operation 56 'partselect' 'product_q_49' <Predicate = true> <Delay = 0.00>
ST_9 : Operation 57 [2/4] (1.78ns)   --->   "%product_248 = mul i43 %sext_ln671_34, i43 %sext_ln671_31" [../src/fp_math_hls.cpp:671->../src/vehicle_model_hls.cpp:161]   --->   Operation 57 'mul' 'product_248' <Predicate = true> <Delay = 1.78> <CoreInst = "Mul_DSP">   --->   Core 5 'Mul_DSP' <Latency = 3> <II = 1> <Delay = 1.78> <FuncUnit> <Opcode : 'mul'> <InPorts = 2> <OutPorts = 1>

State 10 <SV = 9> <Delay = 1.78>
ST_10 : Operation 58 [1/1] (0.00ns)   --->   "%rbegin9 = specregionbegin i32 @_ssdm_op_SpecRegionBegin, void @empty_238" [../src/fp_math_hls.cpp:671->../src/vehicle_model_hls.cpp:155]   --->   Operation 58 'specregionbegin' 'rbegin9' <Predicate = true> <Delay = 0.00>
ST_10 : Operation 59 [1/1] (0.00ns)   --->   "%rend10 = specregionend i32 @_ssdm_op_SpecRegionEnd, void @empty_238, i32 %rbegin9" [../src/fp_math_hls.cpp:671->../src/vehicle_model_hls.cpp:155]   --->   Operation 59 'specregionend' 'rend10' <Predicate = true> <Delay = 0.00>
ST_10 : Operation 60 [1/1] (0.00ns)   --->   "%rbegin7 = specregionbegin i32 @_ssdm_op_SpecRegionBegin, void @empty_129" [../src/fp_math_hls.cpp:671->../src/vehicle_model_hls.cpp:156]   --->   Operation 60 'specregionbegin' 'rbegin7' <Predicate = true> <Delay = 0.00>
ST_10 : Operation 61 [1/1] (0.00ns)   --->   "%rend8 = specregionend i32 @_ssdm_op_SpecRegionEnd, void @empty_129, i32 %rbegin7" [../src/fp_math_hls.cpp:671->../src/vehicle_model_hls.cpp:156]   --->   Operation 61 'specregionend' 'rend8' <Predicate = true> <Delay = 0.00>
ST_10 : Operation 62 [1/1] (0.00ns)   --->   "%rbegin5 = specregionbegin i32 @_ssdm_op_SpecRegionBegin, void @empty_192" [../src/fp_math_hls.cpp:671->../src/vehicle_model_hls.cpp:158]   --->   Operation 62 'specregionbegin' 'rbegin5' <Predicate = true> <Delay = 0.00>
ST_10 : Operation 63 [1/1] (0.00ns)   --->   "%rend6 = specregionend i32 @_ssdm_op_SpecRegionEnd, void @empty_192, i32 %rbegin5" [../src/fp_math_hls.cpp:671->../src/vehicle_model_hls.cpp:158]   --->   Operation 63 'specregionend' 'rend6' <Predicate = true> <Delay = 0.00>
ST_10 : Operation 64 [1/1] (0.00ns)   --->   "%rbegin3 = specregionbegin i32 @_ssdm_op_SpecRegionBegin, void @empty_245" [../src/fp_math_hls.cpp:671->../src/vehicle_model_hls.cpp:159]   --->   Operation 64 'specregionbegin' 'rbegin3' <Predicate = true> <Delay = 0.00>
ST_10 : Operation 65 [1/1] (0.00ns)   --->   "%rend4 = specregionend i32 @_ssdm_op_SpecRegionEnd, void @empty_245, i32 %rbegin3" [../src/fp_math_hls.cpp:671->../src/vehicle_model_hls.cpp:159]   --->   Operation 65 'specregionend' 'rend4' <Predicate = true> <Delay = 0.00>
ST_10 : Operation 66 [1/1] (0.00ns)   --->   "%rbegin1 = specregionbegin i32 @_ssdm_op_SpecRegionBegin, void @empty_132" [../src/fp_math_hls.cpp:671->../src/vehicle_model_hls.cpp:160]   --->   Operation 66 'specregionbegin' 'rbegin1' <Predicate = true> <Delay = 0.00>
ST_10 : Operation 67 [1/1] (0.00ns)   --->   "%rend2 = specregionend i32 @_ssdm_op_SpecRegionEnd, void @empty_132, i32 %rbegin1" [../src/fp_math_hls.cpp:671->../src/vehicle_model_hls.cpp:160]   --->   Operation 67 'specregionend' 'rend2' <Predicate = true> <Delay = 0.00>
ST_10 : Operation 68 [1/1] (0.00ns)   --->   "%rbegin = specregionbegin i32 @_ssdm_op_SpecRegionBegin, void @empty_86" [../src/fp_math_hls.cpp:671->../src/vehicle_model_hls.cpp:161]   --->   Operation 68 'specregionbegin' 'rbegin' <Predicate = true> <Delay = 0.00>
ST_10 : Operation 69 [1/4] (1.78ns)   --->   "%product_248 = mul i43 %sext_ln671_34, i43 %sext_ln671_31" [../src/fp_math_hls.cpp:671->../src/vehicle_model_hls.cpp:161]   --->   Operation 69 'mul' 'product_248' <Predicate = true> <Delay = 1.78> <CoreInst = "Mul_DSP">   --->   Core 5 'Mul_DSP' <Latency = 3> <II = 1> <Delay = 1.78> <FuncUnit> <Opcode : 'mul'> <InPorts = 2> <OutPorts = 1>
ST_10 : Operation 70 [1/1] (0.00ns)   --->   "%specfucore_ln673 = specfucore void @_ssdm_op_SpecFUCore, i43 %product_248, i64 12, i64 3, i64 3, i1 0" [../src/fp_math_hls.cpp:673->../src/vehicle_model_hls.cpp:161]   --->   Operation 70 'specfucore' 'specfucore_ln673' <Predicate = true> <Delay = 0.00>
ST_10 : Operation 71 [1/1] (0.00ns)   --->   "%rend = specregionend i32 @_ssdm_op_SpecRegionEnd, void @empty_86, i32 %rbegin" [../src/fp_math_hls.cpp:671->../src/vehicle_model_hls.cpp:161]   --->   Operation 71 'specregionend' 'rend' <Predicate = true> <Delay = 0.00>
ST_10 : Operation 72 [1/1] (0.00ns)   --->   "%product_q_50 = partselect i26 @_ssdm_op_PartSelect.i26.i43.i32.i32, i43 %product_248, i32 17, i32 42" [../src/fp_math_hls.cpp:674->../src/vehicle_model_hls.cpp:161]   --->   Operation 72 'partselect' 'product_q_50' <Predicate = true> <Delay = 0.00>
ST_10 : Operation 73 [1/1] (0.00ns)   --->   "%mrv = insertvalue i78 <undef>, i26 %product_q_48" [../src/vehicle_model_hls.cpp:162]   --->   Operation 73 'insertvalue' 'mrv' <Predicate = true> <Delay = 0.00>
ST_10 : Operation 74 [1/1] (0.00ns)   --->   "%mrv_1 = insertvalue i78 %mrv, i26 %product_q_49" [../src/vehicle_model_hls.cpp:162]   --->   Operation 74 'insertvalue' 'mrv_1' <Predicate = true> <Delay = 0.00>
ST_10 : Operation 75 [1/1] (0.00ns)   --->   "%mrv_2 = insertvalue i78 %mrv_1, i26 %product_q_50" [../src/vehicle_model_hls.cpp:162]   --->   Operation 75 'insertvalue' 'mrv_2' <Predicate = true> <Delay = 0.00>
ST_10 : Operation 76 [1/1] (0.00ns)   --->   "%ret_ln162 = ret i78 %mrv_2" [../src/vehicle_model_hls.cpp:162]   --->   Operation 76 'ret' 'ret_ln162' <Predicate = true> <Delay = 0.00>


============================================================
+ Verbose Summary: Timing violations
============================================================
Target clock period: 5.000ns, clock uncertainty: 0.500ns.

 <State 1>: 1.696ns
The critical path consists of the following:
	wire read operation ('inv_D_r_read', ../src/vehicle_model_hls.cpp:154) on port 'inv_D_r' (../src/vehicle_model_hls.cpp:154) [5]  (0.000 ns)
	'mul' operation 48 bit ('mul_ln671', ../src/fp_math_hls.cpp:671->../src/vehicle_model_hls.cpp:155) [13]  (1.696 ns)

 <State 2>: 1.781ns
The critical path consists of the following:
	wire read operation ('rear_num_read', ../src/vehicle_model_hls.cpp:154) on port 'rear_num' (../src/vehicle_model_hls.cpp:154) [7]  (0.000 ns)
	'mul' operation 49 bit ('mul_ln671_18', ../src/fp_math_hls.cpp:671->../src/vehicle_model_hls.cpp:156) [19]  (1.781 ns)

 <State 3>: 1.781ns
The critical path consists of the following:
	'mul' operation 49 bit ('mul_ln671_18', ../src/fp_math_hls.cpp:671->../src/vehicle_model_hls.cpp:156) [19]  (1.781 ns)

 <State 4>: 3.478ns
The critical path consists of the following:
	'mul' operation 48 bit ('mul_ln671', ../src/fp_math_hls.cpp:671->../src/vehicle_model_hls.cpp:155) [13]  (1.696 ns)
	'mul' operation 42 bit ('product', ../src/fp_math_hls.cpp:671->../src/vehicle_model_hls.cpp:158) [26]  (1.781 ns)

 <State 5>: 3.563ns
The critical path consists of the following:
	'mul' operation 49 bit ('mul_ln671_18', ../src/fp_math_hls.cpp:671->../src/vehicle_model_hls.cpp:156) [19]  (1.781 ns)
	'mul' operation 43 bit ('product', ../src/fp_math_hls.cpp:671->../src/vehicle_model_hls.cpp:159) [33]  (1.781 ns)

 <State 6>: 2.736ns
The critical path consists of the following:
	'sub' operation 26 bit ('dar_dvy', ../src/vehicle_model_hls.cpp:157) [23]  (0.955 ns)
	'mul' operation 43 bit ('product', ../src/fp_math_hls.cpp:671->../src/vehicle_model_hls.cpp:160) [39]  (1.781 ns)

 <State 7>: 3.563ns
The critical path consists of the following:
	'mul' operation 42 bit ('product', ../src/fp_math_hls.cpp:671->../src/vehicle_model_hls.cpp:158) [26]  (1.781 ns)
	'mul' operation 43 bit ('product', ../src/fp_math_hls.cpp:671->../src/vehicle_model_hls.cpp:161) [45]  (1.781 ns)

 <State 8>: 1.781ns
The critical path consists of the following:
	'mul' operation 43 bit ('product', ../src/fp_math_hls.cpp:671->../src/vehicle_model_hls.cpp:159) [33]  (1.781 ns)

 <State 9>: 1.781ns
The critical path consists of the following:
	'mul' operation 43 bit ('product', ../src/fp_math_hls.cpp:671->../src/vehicle_model_hls.cpp:160) [39]  (1.781 ns)

 <State 10>: 1.781ns
The critical path consists of the following:
	'mul' operation 43 bit ('product', ../src/fp_math_hls.cpp:671->../src/vehicle_model_hls.cpp:161) [45]  (1.781 ns)


============================================================
+ Verbose Summary: Binding
============================================================
N/A
* FSMD analyzer results:
  - Output states:
 - Input state : 
  - Chain level:
	State 1
	State 2
	State 3
	State 4
	State 5
	State 6
	State 7
	State 8
	State 9
	State 10


============================================================
+ Verbose Summary: Datapath Resource usage 
============================================================
N/A
