

================================================================
== Vitis HLS Report for 'fp_slip_terms'
================================================================
* Date:           Thu Jun 11 16:06:48 2026

* Version:        2025.2 (Build 6295257 on Nov 14 2025)
* Project:        mpc_fpga_top_opencl
* Solution:       hls (Vitis Kernel Flow Target)
* Product family: zynquplus
* Target device:  xck26-sfvc784-2LV-c


================================================================
== Performance Estimates
================================================================
+ Timing: 
    * Summary: 
    +--------+---------+----------+------------+
    |  Clock |  Target | Estimated| Uncertainty|
    +--------+---------+----------+------------+
    |ap_clk  |  5.00 ns|  2.560 ns|     0.50 ns|
    +--------+---------+----------+------------+

+ Latency: 
    * Summary: 
    +---------+---------+-----------+-----------+-----+-----+---------+
    |  Latency (cycles) |   Latency (absolute)  |  Interval | Pipeline|
    |   min   |   max   |    min    |    max    | min | max |   Type  |
    +---------+---------+-----------+-----------+-----+-----+---------+
    |        4|        4|  20.000 ns|  20.000 ns|    5|    5|      yes|
    +---------+---------+-----------+-----------+-----+-----+---------+

    + Detail: 
        * Instance: 
        N/A

        * Loop: 
        N/A

============================================================
+ Verbose Summary: Synthesis Manager
============================================================
InlineROM: 1
ExposeGlobal: 0
============================================================
+ Verbose Summary: CDFG Model
============================================================
IsTopModel: 0
ResetActiveHigh: 1
IsCombinational: 0
IsDatapathOnly: 0
HasWiredReturn: 1
HasMFsm: 2
HasVarLatency: 0
IsPipeline: 1
IsRtlPipelined: 0
IsInstanceOverlapped: 0
IsDontTouch: 0
HasImplIP: 0
IsGatedGlobalClock: 0

+ Individual pipeline summary: 
  * Pipeline-0: initiation interval (II) = 5, depth = 5


============================================================
+ Verbose Summary: Schedule
============================================================
* Number of FSM states : 5
* Pipeline : 1
  Pipeline-0 : II = 5, D = 5, States = { 1 2 3 4 5 }
* Dataflow Pipeline: 0

* FSM state transitions: 
1 --> 2 
2 --> 3 
3 --> 4 
4 --> 5 
5 --> 

* FSM state operations: 

State 1 <SV = 0> <Delay = 2.56>
ST_1 : Operation 6 [1/1] (0.00ns)   --->   "%omega_read = read i21 @_ssdm_op_Read.ap_auto.i21, i21 %omega" [../src/vehicle_model_hls.cpp:117]   --->   Operation 6 'read' 'omega_read' <Predicate = true> <Delay = 0.00>
ST_1 : Operation 7 [1/1] (0.00ns)   --->   "%sext_ln591 = sext i21 %omega_read" [../src/fp_math_hls.cpp:591->../src/vehicle_model_hls.cpp:122]   --->   Operation 7 'sext' 'sext_ln591' <Predicate = true> <Delay = 0.00>
ST_1 : Operation 8 [1/1] (2.56ns)   --->   "%product = mul i32 %sext_ln591, i32 679" [../src/fp_math_hls.cpp:591->../src/vehicle_model_hls.cpp:122]   --->   Operation 8 'mul' 'product' <Predicate = true> <Delay = 2.56> <CoreInst = "Multiplier">   --->   Core 3 'Multiplier' <Latency = 0> <II = 1> <Delay = 2.56> <FuncUnit> <Opcode : 'mul'> <InPorts = 2> <OutPorts = 1>
ST_1 : Operation 9 [1/1] (0.00ns)   --->   "%product_q = partselect i20 @_ssdm_op_PartSelect.i20.i32.i32.i32, i32 %product, i32 12, i32 31" [../src/fp_math_hls.cpp:593->../src/vehicle_model_hls.cpp:122]   --->   Operation 9 'partselect' 'product_q' <Predicate = true> <Delay = 0.00>

State 2 <SV = 1> <Delay = 2.56>
ST_2 : Operation 10 [1/1] (0.00ns)   --->   "%inv_vx_read = read i20 @_ssdm_op_Read.ap_auto.i20, i20 %inv_vx" [../src/vehicle_model_hls.cpp:117]   --->   Operation 10 'read' 'inv_vx_read' <Predicate = true> <Delay = 0.00>
ST_2 : Operation 11 [1/1] (0.00ns)   --->   "%vy_read = read i21 @_ssdm_op_Read.ap_auto.i21, i21 %vy" [../src/vehicle_model_hls.cpp:117]   --->   Operation 11 'read' 'vy_read' <Predicate = true> <Delay = 0.00>
ST_2 : Operation 12 [1/1] (0.00ns)   --->   "%sext_ln593 = sext i20 %product_q" [../src/fp_math_hls.cpp:593->../src/vehicle_model_hls.cpp:122]   --->   Operation 12 'sext' 'sext_ln593' <Predicate = true> <Delay = 0.00>
ST_2 : Operation 13 [1/1] (2.56ns)   --->   "%product_341 = mul i32 %sext_ln591, i32 655" [../src/fp_math_hls.cpp:591->../src/vehicle_model_hls.cpp:123]   --->   Operation 13 'mul' 'product_341' <Predicate = true> <Delay = 2.56> <CoreInst = "Multiplier">   --->   Core 3 'Multiplier' <Latency = 0> <II = 1> <Delay = 2.56> <FuncUnit> <Opcode : 'mul'> <InPorts = 2> <OutPorts = 1>
ST_2 : Operation 14 [1/1] (0.00ns)   --->   "%product_q_21 = partselect i20 @_ssdm_op_PartSelect.i20.i32.i32.i32, i32 %product_341, i32 12, i32 31" [../src/fp_math_hls.cpp:593->../src/vehicle_model_hls.cpp:123]   --->   Operation 14 'partselect' 'product_q_21' <Predicate = true> <Delay = 0.00>
ST_2 : Operation 15 [1/1] (0.90ns)   --->   "%front_num_local = add i21 %sext_ln593, i21 %vy_read" [../src/vehicle_model_hls.cpp:124]   --->   Operation 15 'add' 'front_num_local' <Predicate = true> <Delay = 0.90> <CoreInst = "Adder">   --->   Core 1 'Adder' <Latency = 0> <II = 1> <Delay = 0.90> <FuncUnit> <Opcode : 'add' 'sub'> <InPorts = 2> <OutPorts = 1>
ST_2 : Operation 16 [1/1] (0.00ns)   --->   "%sext_ln574 = sext i21 %front_num_local" [../src/fp_math_hls.cpp:574->../src/vehicle_model_hls.cpp:131]   --->   Operation 16 'sext' 'sext_ln574' <Predicate = true> <Delay = 0.00>
ST_2 : Operation 17 [1/1] (0.00ns)   --->   "%sext_ln574_1 = sext i20 %inv_vx_read" [../src/fp_math_hls.cpp:574->../src/vehicle_model_hls.cpp:131]   --->   Operation 17 'sext' 'sext_ln574_1' <Predicate = true> <Delay = 0.00>
ST_2 : Operation 18 [3/3] (1.64ns)   --->   "%mul_ln574 = mul i41 %sext_ln574_1, i41 %sext_ln574" [../src/fp_math_hls.cpp:574->../src/vehicle_model_hls.cpp:131]   --->   Operation 18 'mul' 'mul_ln574' <Predicate = true> <Delay = 1.64> <CoreInst = "Mul_DSP">   --->   Core 5 'Mul_DSP' <Latency = 2> <II = 1> <Delay = 1.64> <FuncUnit> <Opcode : 'mul'> <InPorts = 2> <OutPorts = 1>

State 3 <SV = 2> <Delay = 2.55>
ST_3 : Operation 19 [1/1] (0.00ns)   --->   "%sext_ln593_1 = sext i20 %product_q_21" [../src/fp_math_hls.cpp:593->../src/vehicle_model_hls.cpp:123]   --->   Operation 19 'sext' 'sext_ln593_1' <Predicate = true> <Delay = 0.00>
ST_3 : Operation 20 [1/1] (0.90ns)   --->   "%rear_num_local = sub i21 %vy_read, i21 %sext_ln593_1" [../src/vehicle_model_hls.cpp:125]   --->   Operation 20 'sub' 'rear_num_local' <Predicate = true> <Delay = 0.90> <CoreInst = "Adder">   --->   Core 1 'Adder' <Latency = 0> <II = 1> <Delay = 0.90> <FuncUnit> <Opcode : 'add' 'sub'> <InPorts = 2> <OutPorts = 1>
ST_3 : Operation 21 [2/3] (1.64ns)   --->   "%mul_ln574 = mul i41 %sext_ln574_1, i41 %sext_ln574" [../src/fp_math_hls.cpp:574->../src/vehicle_model_hls.cpp:131]   --->   Operation 21 'mul' 'mul_ln574' <Predicate = true> <Delay = 1.64> <CoreInst = "Mul_DSP">   --->   Core 5 'Mul_DSP' <Latency = 2> <II = 1> <Delay = 1.64> <FuncUnit> <Opcode : 'mul'> <InPorts = 2> <OutPorts = 1>
ST_3 : Operation 22 [1/1] (0.00ns)   --->   "%sext_ln574_2 = sext i21 %rear_num_local" [../src/fp_math_hls.cpp:574->../src/vehicle_model_hls.cpp:132]   --->   Operation 22 'sext' 'sext_ln574_2' <Predicate = true> <Delay = 0.00>
ST_3 : Operation 23 [3/3] (1.64ns)   --->   "%mul_ln574_1 = mul i41 %sext_ln574_2, i41 %sext_ln574_1" [../src/fp_math_hls.cpp:574->../src/vehicle_model_hls.cpp:132]   --->   Operation 23 'mul' 'mul_ln574_1' <Predicate = true> <Delay = 1.64> <CoreInst = "Mul_DSP">   --->   Core 5 'Mul_DSP' <Latency = 2> <II = 1> <Delay = 1.64> <FuncUnit> <Opcode : 'mul'> <InPorts = 2> <OutPorts = 1>

State 4 <SV = 3> <Delay = 1.64>
ST_4 : Operation 24 [1/3] (1.64ns)   --->   "%mul_ln574 = mul i41 %sext_ln574_1, i41 %sext_ln574" [../src/fp_math_hls.cpp:574->../src/vehicle_model_hls.cpp:131]   --->   Operation 24 'mul' 'mul_ln574' <Predicate = true> <Delay = 1.64> <CoreInst = "Mul_DSP">   --->   Core 5 'Mul_DSP' <Latency = 2> <II = 1> <Delay = 1.64> <FuncUnit> <Opcode : 'mul'> <InPorts = 2> <OutPorts = 1>
ST_4 : Operation 25 [1/1] (0.00ns)   --->   "%specfucore_ln576 = specfucore void @_ssdm_op_SpecFUCore, i41 %mul_ln574, i64 12, i64 3, i64 2, i1 0" [../src/fp_math_hls.cpp:576->../src/vehicle_model_hls.cpp:131]   --->   Operation 25 'specfucore' 'specfucore_ln576' <Predicate = true> <Delay = 0.00>
ST_4 : Operation 26 [1/1] (0.00ns)   --->   "%product_q_22 = partselect i21 @_ssdm_op_PartSelect.i21.i41.i32.i32, i41 %mul_ln574, i32 12, i32 32" [../src/fp_math_hls.cpp:577->../src/vehicle_model_hls.cpp:131]   --->   Operation 26 'partselect' 'product_q_22' <Predicate = true> <Delay = 0.00>
ST_4 : Operation 27 [2/3] (1.64ns)   --->   "%mul_ln574_1 = mul i41 %sext_ln574_2, i41 %sext_ln574_1" [../src/fp_math_hls.cpp:574->../src/vehicle_model_hls.cpp:132]   --->   Operation 27 'mul' 'mul_ln574_1' <Predicate = true> <Delay = 1.64> <CoreInst = "Mul_DSP">   --->   Core 5 'Mul_DSP' <Latency = 2> <II = 1> <Delay = 1.64> <FuncUnit> <Opcode : 'mul'> <InPorts = 2> <OutPorts = 1>

State 5 <SV = 4> <Delay = 1.64>
ST_5 : Operation 28 [1/1] (0.00ns)   --->   "%rbegin3 = specregionbegin i32 @_ssdm_op_SpecRegionBegin, void @empty_108" [../src/fp_math_hls.cpp:574->../src/vehicle_model_hls.cpp:131]   --->   Operation 28 'specregionbegin' 'rbegin3' <Predicate = true> <Delay = 0.00>
ST_5 : Operation 29 [1/1] (0.00ns)   --->   "%rend4 = specregionend i32 @_ssdm_op_SpecRegionEnd, void @empty_108, i32 %rbegin3" [../src/fp_math_hls.cpp:574->../src/vehicle_model_hls.cpp:131]   --->   Operation 29 'specregionend' 'rend4' <Predicate = true> <Delay = 0.00>
ST_5 : Operation 30 [1/1] (0.00ns)   --->   "%rbegin = specregionbegin i32 @_ssdm_op_SpecRegionBegin, void @empty_61" [../src/fp_math_hls.cpp:574->../src/vehicle_model_hls.cpp:132]   --->   Operation 30 'specregionbegin' 'rbegin' <Predicate = true> <Delay = 0.00>
ST_5 : Operation 31 [1/3] (1.64ns)   --->   "%mul_ln574_1 = mul i41 %sext_ln574_2, i41 %sext_ln574_1" [../src/fp_math_hls.cpp:574->../src/vehicle_model_hls.cpp:132]   --->   Operation 31 'mul' 'mul_ln574_1' <Predicate = true> <Delay = 1.64> <CoreInst = "Mul_DSP">   --->   Core 5 'Mul_DSP' <Latency = 2> <II = 1> <Delay = 1.64> <FuncUnit> <Opcode : 'mul'> <InPorts = 2> <OutPorts = 1>
ST_5 : Operation 32 [1/1] (0.00ns)   --->   "%specfucore_ln576 = specfucore void @_ssdm_op_SpecFUCore, i41 %mul_ln574_1, i64 12, i64 3, i64 2, i1 0" [../src/fp_math_hls.cpp:576->../src/vehicle_model_hls.cpp:132]   --->   Operation 32 'specfucore' 'specfucore_ln576' <Predicate = true> <Delay = 0.00>
ST_5 : Operation 33 [1/1] (0.00ns)   --->   "%rend = specregionend i32 @_ssdm_op_SpecRegionEnd, void @empty_61, i32 %rbegin" [../src/fp_math_hls.cpp:574->../src/vehicle_model_hls.cpp:132]   --->   Operation 33 'specregionend' 'rend' <Predicate = true> <Delay = 0.00>
ST_5 : Operation 34 [1/1] (0.00ns)   --->   "%product_q_23 = partselect i21 @_ssdm_op_PartSelect.i21.i41.i32.i32, i41 %mul_ln574_1, i32 12, i32 32" [../src/fp_math_hls.cpp:577->../src/vehicle_model_hls.cpp:132]   --->   Operation 34 'partselect' 'product_q_23' <Predicate = true> <Delay = 0.00>
ST_5 : Operation 35 [1/1] (0.00ns)   --->   "%mrv = insertvalue i126 <undef>, i21 %sext_ln593" [../src/vehicle_model_hls.cpp:133]   --->   Operation 35 'insertvalue' 'mrv' <Predicate = true> <Delay = 0.00>
ST_5 : Operation 36 [1/1] (0.00ns)   --->   "%mrv_1 = insertvalue i126 %mrv, i21 %sext_ln593_1" [../src/vehicle_model_hls.cpp:133]   --->   Operation 36 'insertvalue' 'mrv_1' <Predicate = true> <Delay = 0.00>
ST_5 : Operation 37 [1/1] (0.00ns)   --->   "%mrv_2 = insertvalue i126 %mrv_1, i21 %front_num_local" [../src/vehicle_model_hls.cpp:133]   --->   Operation 37 'insertvalue' 'mrv_2' <Predicate = true> <Delay = 0.00>
ST_5 : Operation 38 [1/1] (0.00ns)   --->   "%mrv_3 = insertvalue i126 %mrv_2, i21 %rear_num_local" [../src/vehicle_model_hls.cpp:133]   --->   Operation 38 'insertvalue' 'mrv_3' <Predicate = true> <Delay = 0.00>
ST_5 : Operation 39 [1/1] (0.00ns)   --->   "%mrv_4 = insertvalue i126 %mrv_3, i21 %product_q_22" [../src/vehicle_model_hls.cpp:133]   --->   Operation 39 'insertvalue' 'mrv_4' <Predicate = true> <Delay = 0.00>
ST_5 : Operation 40 [1/1] (0.00ns)   --->   "%mrv_5 = insertvalue i126 %mrv_4, i21 %product_q_23" [../src/vehicle_model_hls.cpp:133]   --->   Operation 40 'insertvalue' 'mrv_5' <Predicate = true> <Delay = 0.00>
ST_5 : Operation 41 [1/1] (0.00ns)   --->   "%ret_ln133 = ret i126 %mrv_5" [../src/vehicle_model_hls.cpp:133]   --->   Operation 41 'ret' 'ret_ln133' <Predicate = true> <Delay = 0.00>


============================================================
+ Verbose Summary: Binding
============================================================
STG Binding: 
---------------- STG Properties BEGIN ----------------
- Is combinational: 0
- Is one-state seq: 0
- Is datapath-only: 0
- Is pipelined: 1
- Is top level: 0
Port [ Return ] is wired: 1; IO mode=ap_ctrl_hs:ce=0
Port [ vy]:  wired=1; compound=0; hidden=0; nouse=0; global=0; static=0; extern=0; dir=0; type=0; pingpong=0; private_global=0; IO mode=ap_none:ce=0
Port [ omega]:  wired=1; compound=0; hidden=0; nouse=0; global=0; static=0; extern=0; dir=0; type=0; pingpong=0; private_global=0; IO mode=ap_none:ce=0
Port [ inv_vx]:  wired=1; compound=0; hidden=0; nouse=0; global=0; static=0; extern=0; dir=0; type=0; pingpong=0; private_global=0; IO mode=ap_none:ce=0
---------------- STG Properties END ------------------

---------------- Datapath Model BEGIN ----------------

<LifeTime>
<method=bitvector/>
omega_read       (read           ) [ 000000]
sext_ln591       (sext           ) [ 001000]
product          (mul            ) [ 000000]
product_q        (partselect     ) [ 001000]
inv_vx_read      (read           ) [ 000000]
vy_read          (read           ) [ 000100]
sext_ln593       (sext           ) [ 000111]
product_341      (mul            ) [ 000000]
product_q_21     (partselect     ) [ 000100]
front_num_local  (add            ) [ 000111]
sext_ln574       (sext           ) [ 000110]
sext_ln574_1     (sext           ) [ 000111]
sext_ln593_1     (sext           ) [ 000011]
rear_num_local   (sub            ) [ 000011]
sext_ln574_2     (sext           ) [ 000011]
mul_ln574        (mul            ) [ 000000]
specfucore_ln576 (specfucore     ) [ 000000]
product_q_22     (partselect     ) [ 000001]
rbegin3          (specregionbegin) [ 000000]
rend4            (specregionend  ) [ 000000]
rbegin           (specregionbegin) [ 000000]
mul_ln574_1      (mul            ) [ 000000]
specfucore_ln576 (specfucore     ) [ 000000]
rend             (specregionend  ) [ 000000]
product_q_23     (partselect     ) [ 000000]
mrv              (insertvalue    ) [ 000000]
mrv_1            (insertvalue    ) [ 000000]
mrv_2            (insertvalue    ) [ 000000]
mrv_3            (insertvalue    ) [ 000000]
mrv_4            (insertvalue    ) [ 000000]
mrv_5            (insertvalue    ) [ 000000]
ret_ln133        (ret            ) [ 000000]
</LifeTime>

<model>

<comp_list>
<comp id="0" class="1000" name="vy">
<pin_list>
<pin id="1" dir="1" index="0" bw="1" slack="0"/>
</pin_list>
<bind>
<StgValue><ssdm name="vy"/></StgValue>
</bind>
</comp>

<comp id="2" class="1000" name="omega">
<pin_list>
<pin id="3" dir="1" index="0" bw="1" slack="0"/>
</pin_list>
<bind>
<StgValue><ssdm name="omega"/></StgValue>
</bind>
</comp>

<comp id="4" class="1000" name="inv_vx">
<pin_list>
<pin id="5" dir="1" index="0" bw="1" slack="0"/>
</pin_list>
<bind>
<StgValue><ssdm name="inv_vx"/></StgValue>
</bind>
</comp>

<comp id="6" class="1001" name="const_6">
<pin_list>
<pin id="7" dir="1" index="0" bw="1" slack="0"/>
</pin_list>
<bind>
<StgValue><ssdm name="_ssdm_op_Read.ap_auto.i21"/></StgValue>
</bind>
</comp>

<comp id="8" class="1001" name="const_8">
<pin_list>
<pin id="9" dir="1" index="0" bw="1" slack="0"/>
</pin_list>
<bind>
<StgValue><ssdm name=""/></StgValue>
</bind>
</comp>

<comp id="10" class="1001" name="const_10">
<pin_list>
<pin id="11" dir="1" index="0" bw="1" slack="0"/>
</pin_list>
<bind>
<StgValue><ssdm name="_ssdm_op_PartSelect.i20.i32.i32.i32"/></StgValue>
</bind>
</comp>

<comp id="12" class="1001" name="const_12">
<pin_list>
<pin id="13" dir="1" index="0" bw="1" slack="0"/>
</pin_list>
<bind>
<StgValue><ssdm name=""/></StgValue>
</bind>
</comp>

<comp id="14" class="1001" name="const_14">
<pin_list>
<pin id="15" dir="1" index="0" bw="1" slack="0"/>
</pin_list>
<bind>
<StgValue><ssdm name=""/></StgValue>
</bind>
</comp>

<comp id="16" class="1001" name="const_16">
<pin_list>
<pin id="17" dir="1" index="0" bw="1" slack="0"/>
</pin_list>
<bind>
<StgValue><ssdm name="_ssdm_op_Read.ap_auto.i20"/></StgValue>
</bind>
</comp>

<comp id="18" class="1001" name="const_18">
<pin_list>
<pin id="19" dir="1" index="0" bw="1" slack="0"/>
</pin_list>
<bind>
<StgValue><ssdm name=""/></StgValue>
</bind>
</comp>

<comp id="20" class="1001" name="const_20">
<pin_list>
<pin id="21" dir="1" index="0" bw="1" slack="2147483647"/>
</pin_list>
<bind>
<StgValue><ssdm name="_ssdm_op_SpecFUCore"/></StgValue>
</bind>
</comp>

<comp id="22" class="1001" name="const_22">
<pin_list>
<pin id="23" dir="1" index="0" bw="1" slack="2147483647"/>
</pin_list>
<bind>
<StgValue><ssdm name=""/></StgValue>
</bind>
</comp>

<comp id="24" class="1001" name="const_24">
<pin_list>
<pin id="25" dir="1" index="0" bw="1" slack="2147483647"/>
</pin_list>
<bind>
<StgValue><ssdm name=""/></StgValue>
</bind>
</comp>

<comp id="26" class="1001" name="const_26">
<pin_list>
<pin id="27" dir="1" index="0" bw="1" slack="2147483647"/>
</pin_list>
<bind>
<StgValue><ssdm name=""/></StgValue>
</bind>
</comp>

<comp id="28" class="1001" name="const_28">
<pin_list>
<pin id="29" dir="1" index="0" bw="1" slack="2147483647"/>
</pin_list>
<bind>
<StgValue><ssdm name=""/></StgValue>
</bind>
</comp>

<comp id="30" class="1001" name="const_30">
<pin_list>
<pin id="31" dir="1" index="0" bw="1" slack="0"/>
</pin_list>
<bind>
<StgValue><ssdm name="_ssdm_op_PartSelect.i21.i41.i32.i32"/></StgValue>
</bind>
</comp>

<comp id="32" class="1001" name="const_32">
<pin_list>
<pin id="33" dir="1" index="0" bw="1" slack="0"/>
</pin_list>
<bind>
<StgValue><ssdm name=""/></StgValue>
</bind>
</comp>

<comp id="34" class="1001" name="const_34">
<pin_list>
<pin id="35" dir="1" index="0" bw="1" slack="2147483647"/>
</pin_list>
<bind>
<StgValue><ssdm name="_ssdm_op_SpecRegionBegin"/></StgValue>
</bind>
</comp>

<comp id="36" class="1001" name="const_36">
<pin_list>
<pin id="37" dir="1" index="0" bw="1" slack="2147483647"/>
</pin_list>
<bind>
<StgValue><ssdm name="empty_108"/></StgValue>
</bind>
</comp>

<comp id="38" class="1001" name="const_38">
<pin_list>
<pin id="39" dir="1" index="0" bw="1" slack="2147483647"/>
</pin_list>
<bind>
<StgValue><ssdm name="_ssdm_op_SpecRegionEnd"/></StgValue>
</bind>
</comp>

<comp id="40" class="1001" name="const_40">
<pin_list>
<pin id="41" dir="1" index="0" bw="1" slack="2147483647"/>
</pin_list>
<bind>
<StgValue><ssdm name="empty_61"/></StgValue>
</bind>
</comp>

<comp id="42" class="1001" name="const_42">
<pin_list>
<pin id="43" dir="1" index="0" bw="1" slack="0"/>
</pin_list>
<bind>
<StgValue><ssdm name=""/></StgValue>
</bind>
</comp>

<comp id="44" class="1004" name="omega_read_read_fu_44">
<pin_list>
<pin id="45" dir="0" index="0" bw="21" slack="0"/>
<pin id="46" dir="0" index="1" bw="21" slack="0"/>
<pin id="47" dir="1" index="2" bw="21" slack="0"/>
</pin_list>
<bind>
<opcode="read(1150) " fcode="read"/>
<opset="omega_read/1 "/>
</bind>
</comp>

<comp id="50" class="1004" name="inv_vx_read_read_fu_50">
<pin_list>
<pin id="51" dir="0" index="0" bw="20" slack="0"/>
<pin id="52" dir="0" index="1" bw="20" slack="0"/>
<pin id="53" dir="1" index="2" bw="20" slack="0"/>
</pin_list>
<bind>
<opcode="read(1150) " fcode="read"/>
<opset="inv_vx_read/2 "/>
</bind>
</comp>

<comp id="56" class="1004" name="vy_read_read_fu_56">
<pin_list>
<pin id="57" dir="0" index="0" bw="21" slack="0"/>
<pin id="58" dir="0" index="1" bw="21" slack="0"/>
<pin id="59" dir="1" index="2" bw="21" slack="0"/>
</pin_list>
<bind>
<opcode="read(1150) " fcode="read"/>
<opset="vy_read/2 "/>
</bind>
</comp>

<comp id="62" class="1004" name="grp_fu_62">
<pin_list>
<pin id="63" dir="0" index="0" bw="20" slack="0"/>
<pin id="64" dir="0" index="1" bw="21" slack="0"/>
<pin id="65" dir="1" index="2" bw="41" slack="0"/>
</pin_list>
<bind>
<opcode="mul(12) " fcode="mul"/>
<opset="mul_ln574/2 "/>
</bind>
</comp>

<comp id="66" class="1004" name="grp_fu_66">
<pin_list>
<pin id="67" dir="0" index="0" bw="21" slack="0"/>
<pin id="68" dir="0" index="1" bw="20" slack="1"/>
<pin id="69" dir="1" index="2" bw="41" slack="0"/>
</pin_list>
<bind>
<opcode="mul(12) " fcode="mul"/>
<opset="mul_ln574_1/3 "/>
</bind>
</comp>

<comp id="70" class="1004" name="sext_ln591_fu_70">
<pin_list>
<pin id="71" dir="0" index="0" bw="21" slack="0"/>
<pin id="72" dir="1" index="1" bw="32" slack="0"/>
</pin_list>
<bind>
<opcode="sext(35) " fcode="sext"/>
<opset="sext_ln591/1 "/>
</bind>
</comp>

<comp id="74" class="1004" name="product_fu_74">
<pin_list>
<pin id="75" dir="0" index="0" bw="21" slack="0"/>
<pin id="76" dir="0" index="1" bw="11" slack="0"/>
<pin id="77" dir="1" index="2" bw="32" slack="0"/>
</pin_list>
<bind>
<opcode="mul(12) " fcode="mul"/>
<opset="product/1 "/>
</bind>
</comp>

<comp id="80" class="1004" name="product_q_fu_80">
<pin_list>
<pin id="81" dir="0" index="0" bw="20" slack="0"/>
<pin id="82" dir="0" index="1" bw="32" slack="0"/>
<pin id="83" dir="0" index="2" bw="5" slack="0"/>
<pin id="84" dir="0" index="3" bw="6" slack="0"/>
<pin id="85" dir="1" index="4" bw="20" slack="1"/>
</pin_list>
<bind>
<opcode="partselect(1002) " fcode="partselect"/>
<opset="product_q/1 "/>
</bind>
</comp>

<comp id="90" class="1004" name="sext_ln593_fu_90">
<pin_list>
<pin id="91" dir="0" index="0" bw="20" slack="1"/>
<pin id="92" dir="1" index="1" bw="21" slack="0"/>
</pin_list>
<bind>
<opcode="sext(35) " fcode="sext"/>
<opset="sext_ln593/2 "/>
</bind>
</comp>

<comp id="93" class="1004" name="product_341_fu_93">
<pin_list>
<pin id="94" dir="0" index="0" bw="21" slack="1"/>
<pin id="95" dir="0" index="1" bw="11" slack="0"/>
<pin id="96" dir="1" index="2" bw="32" slack="0"/>
</pin_list>
<bind>
<opcode="mul(12) " fcode="mul"/>
<opset="product_341/2 "/>
</bind>
</comp>

<comp id="98" class="1004" name="product_q_21_fu_98">
<pin_list>
<pin id="99" dir="0" index="0" bw="20" slack="0"/>
<pin id="100" dir="0" index="1" bw="32" slack="0"/>
<pin id="101" dir="0" index="2" bw="5" slack="0"/>
<pin id="102" dir="0" index="3" bw="6" slack="0"/>
<pin id="103" dir="1" index="4" bw="20" slack="1"/>
</pin_list>
<bind>
<opcode="partselect(1002) " fcode="partselect"/>
<opset="product_q_21/2 "/>
</bind>
</comp>

<comp id="108" class="1004" name="front_num_local_fu_108">
<pin_list>
<pin id="109" dir="0" index="0" bw="20" slack="0"/>
<pin id="110" dir="0" index="1" bw="21" slack="0"/>
<pin id="111" dir="1" index="2" bw="21" slack="0"/>
</pin_list>
<bind>
<opcode="add(8) " fcode="add"/>
<opset="front_num_local/2 "/>
</bind>
</comp>

<comp id="114" class="1004" name="sext_ln574_fu_114">
<pin_list>
<pin id="115" dir="0" index="0" bw="21" slack="0"/>
<pin id="116" dir="1" index="1" bw="41" slack="0"/>
</pin_list>
<bind>
<opcode="sext(35) " fcode="sext"/>
<opset="sext_ln574/2 "/>
</bind>
</comp>

<comp id="119" class="1004" name="sext_ln574_1_fu_119">
<pin_list>
<pin id="120" dir="0" index="0" bw="20" slack="0"/>
<pin id="121" dir="1" index="1" bw="41" slack="0"/>
</pin_list>
<bind>
<opcode="sext(35) " fcode="sext"/>
<opset="sext_ln574_1/2 "/>
</bind>
</comp>

<comp id="124" class="1004" name="sext_ln593_1_fu_124">
<pin_list>
<pin id="125" dir="0" index="0" bw="20" slack="1"/>
<pin id="126" dir="1" index="1" bw="21" slack="0"/>
</pin_list>
<bind>
<opcode="sext(35) " fcode="sext"/>
<opset="sext_ln593_1/3 "/>
</bind>
</comp>

<comp id="127" class="1004" name="rear_num_local_fu_127">
<pin_list>
<pin id="128" dir="0" index="0" bw="21" slack="1"/>
<pin id="129" dir="0" index="1" bw="20" slack="0"/>
<pin id="130" dir="1" index="2" bw="21" slack="0"/>
</pin_list>
<bind>
<opcode="sub(10) " fcode="sub"/>
<opset="rear_num_local/3 "/>
</bind>
</comp>

<comp id="132" class="1004" name="sext_ln574_2_fu_132">
<pin_list>
<pin id="133" dir="0" index="0" bw="21" slack="0"/>
<pin id="134" dir="1" index="1" bw="41" slack="0"/>
</pin_list>
<bind>
<opcode="sext(35) " fcode="sext"/>
<opset="sext_ln574_2/3 "/>
</bind>
</comp>

<comp id="137" class="1004" name="product_q_22_fu_137">
<pin_list>
<pin id="138" dir="0" index="0" bw="21" slack="0"/>
<pin id="139" dir="0" index="1" bw="41" slack="0"/>
<pin id="140" dir="0" index="2" bw="5" slack="0"/>
<pin id="141" dir="0" index="3" bw="7" slack="0"/>
<pin id="142" dir="1" index="4" bw="21" slack="1"/>
</pin_list>
<bind>
<opcode="partselect(1002) " fcode="partselect"/>
<opset="product_q_22/4 "/>
</bind>
</comp>

<comp id="147" class="1004" name="product_q_23_fu_147">
<pin_list>
<pin id="148" dir="0" index="0" bw="21" slack="0"/>
<pin id="149" dir="0" index="1" bw="41" slack="0"/>
<pin id="150" dir="0" index="2" bw="5" slack="0"/>
<pin id="151" dir="0" index="3" bw="7" slack="0"/>
<pin id="152" dir="1" index="4" bw="21" slack="0"/>
</pin_list>
<bind>
<opcode="partselect(1002) " fcode="partselect"/>
<opset="product_q_23/5 "/>
</bind>
</comp>

<comp id="157" class="1004" name="mrv_fu_157">
<pin_list>
<pin id="158" dir="0" index="0" bw="126" slack="0"/>
<pin id="159" dir="0" index="1" bw="20" slack="3"/>
<pin id="160" dir="1" index="2" bw="126" slack="0"/>
</pin_list>
<bind>
<opcode="insertvalue(57) " fcode="insertvalue"/>
<opset="mrv/5 "/>
</bind>
</comp>

<comp id="162" class="1004" name="mrv_1_fu_162">
<pin_list>
<pin id="163" dir="0" index="0" bw="126" slack="0"/>
<pin id="164" dir="0" index="1" bw="20" slack="2"/>
<pin id="165" dir="1" index="2" bw="126" slack="0"/>
</pin_list>
<bind>
<opcode="insertvalue(57) " fcode="insertvalue"/>
<opset="mrv_1/5 "/>
</bind>
</comp>

<comp id="167" class="1004" name="mrv_2_fu_167">
<pin_list>
<pin id="168" dir="0" index="0" bw="126" slack="0"/>
<pin id="169" dir="0" index="1" bw="21" slack="3"/>
<pin id="170" dir="1" index="2" bw="126" slack="0"/>
</pin_list>
<bind>
<opcode="insertvalue(57) " fcode="insertvalue"/>
<opset="mrv_2/5 "/>
</bind>
</comp>

<comp id="172" class="1004" name="mrv_3_fu_172">
<pin_list>
<pin id="173" dir="0" index="0" bw="126" slack="0"/>
<pin id="174" dir="0" index="1" bw="21" slack="2"/>
<pin id="175" dir="1" index="2" bw="126" slack="0"/>
</pin_list>
<bind>
<opcode="insertvalue(57) " fcode="insertvalue"/>
<opset="mrv_3/5 "/>
</bind>
</comp>

<comp id="177" class="1004" name="mrv_4_fu_177">
<pin_list>
<pin id="178" dir="0" index="0" bw="126" slack="0"/>
<pin id="179" dir="0" index="1" bw="21" slack="1"/>
<pin id="180" dir="1" index="2" bw="126" slack="0"/>
</pin_list>
<bind>
<opcode="insertvalue(57) " fcode="insertvalue"/>
<opset="mrv_4/5 "/>
</bind>
</comp>

<comp id="182" class="1004" name="mrv_5_fu_182">
<pin_list>
<pin id="183" dir="0" index="0" bw="126" slack="0"/>
<pin id="184" dir="0" index="1" bw="21" slack="0"/>
<pin id="185" dir="1" index="2" bw="126" slack="2147483647"/>
</pin_list>
<bind>
<opcode="insertvalue(57) " fcode="insertvalue"/>
<opset="mrv_5/5 "/>
</bind>
</comp>

<comp id="188" class="1005" name="sext_ln591_reg_188">
<pin_list>
<pin id="189" dir="0" index="0" bw="32" slack="1"/>
<pin id="190" dir="1" index="1" bw="32" slack="1"/>
</pin_list>
<bind>
<opset="sext_ln591 "/>
</bind>
</comp>

<comp id="193" class="1005" name="product_q_reg_193">
<pin_list>
<pin id="194" dir="0" index="0" bw="20" slack="1"/>
<pin id="195" dir="1" index="1" bw="20" slack="1"/>
</pin_list>
<bind>
<opset="product_q "/>
</bind>
</comp>

<comp id="198" class="1005" name="vy_read_reg_198">
<pin_list>
<pin id="199" dir="0" index="0" bw="21" slack="1"/>
<pin id="200" dir="1" index="1" bw="21" slack="1"/>
</pin_list>
<bind>
<opset="vy_read "/>
</bind>
</comp>

<comp id="203" class="1005" name="sext_ln593_reg_203">
<pin_list>
<pin id="204" dir="0" index="0" bw="21" slack="3"/>
<pin id="205" dir="1" index="1" bw="21" slack="3"/>
</pin_list>
<bind>
<opset="sext_ln593 "/>
</bind>
</comp>

<comp id="208" class="1005" name="product_q_21_reg_208">
<pin_list>
<pin id="209" dir="0" index="0" bw="20" slack="1"/>
<pin id="210" dir="1" index="1" bw="20" slack="1"/>
</pin_list>
<bind>
<opset="product_q_21 "/>
</bind>
</comp>

<comp id="213" class="1005" name="front_num_local_reg_213">
<pin_list>
<pin id="214" dir="0" index="0" bw="21" slack="3"/>
<pin id="215" dir="1" index="1" bw="21" slack="3"/>
</pin_list>
<bind>
<opset="front_num_local "/>
</bind>
</comp>

<comp id="218" class="1005" name="sext_ln574_reg_218">
<pin_list>
<pin id="219" dir="0" index="0" bw="41" slack="1"/>
<pin id="220" dir="1" index="1" bw="41" slack="1"/>
</pin_list>
<bind>
<opset="sext_ln574 "/>
</bind>
</comp>

<comp id="223" class="1005" name="sext_ln574_1_reg_223">
<pin_list>
<pin id="224" dir="0" index="0" bw="41" slack="1"/>
<pin id="225" dir="1" index="1" bw="41" slack="1"/>
</pin_list>
<bind>
<opset="sext_ln574_1 "/>
</bind>
</comp>

<comp id="229" class="1005" name="sext_ln593_1_reg_229">
<pin_list>
<pin id="230" dir="0" index="0" bw="21" slack="2"/>
<pin id="231" dir="1" index="1" bw="21" slack="2"/>
</pin_list>
<bind>
<opset="sext_ln593_1 "/>
</bind>
</comp>

<comp id="234" class="1005" name="rear_num_local_reg_234">
<pin_list>
<pin id="235" dir="0" index="0" bw="21" slack="2"/>
<pin id="236" dir="1" index="1" bw="21" slack="2"/>
</pin_list>
<bind>
<opset="rear_num_local "/>
</bind>
</comp>

<comp id="239" class="1005" name="sext_ln574_2_reg_239">
<pin_list>
<pin id="240" dir="0" index="0" bw="41" slack="1"/>
<pin id="241" dir="1" index="1" bw="41" slack="1"/>
</pin_list>
<bind>
<opset="sext_ln574_2 "/>
</bind>
</comp>

<comp id="244" class="1005" name="product_q_22_reg_244">
<pin_list>
<pin id="245" dir="0" index="0" bw="21" slack="1"/>
<pin id="246" dir="1" index="1" bw="21" slack="1"/>
</pin_list>
<bind>
<opset="product_q_22 "/>
</bind>
</comp>

</comp_list>

<net_list>
<net id="48"><net_src comp="6" pin="0"/><net_sink comp="44" pin=0"/></net>

<net id="49"><net_src comp="2" pin="0"/><net_sink comp="44" pin=1"/></net>

<net id="54"><net_src comp="16" pin="0"/><net_sink comp="50" pin=0"/></net>

<net id="55"><net_src comp="4" pin="0"/><net_sink comp="50" pin=1"/></net>

<net id="60"><net_src comp="6" pin="0"/><net_sink comp="56" pin=0"/></net>

<net id="61"><net_src comp="0" pin="0"/><net_sink comp="56" pin=1"/></net>

<net id="73"><net_src comp="44" pin="2"/><net_sink comp="70" pin=0"/></net>

<net id="78"><net_src comp="70" pin="1"/><net_sink comp="74" pin=0"/></net>

<net id="79"><net_src comp="8" pin="0"/><net_sink comp="74" pin=1"/></net>

<net id="86"><net_src comp="10" pin="0"/><net_sink comp="80" pin=0"/></net>

<net id="87"><net_src comp="74" pin="2"/><net_sink comp="80" pin=1"/></net>

<net id="88"><net_src comp="12" pin="0"/><net_sink comp="80" pin=2"/></net>

<net id="89"><net_src comp="14" pin="0"/><net_sink comp="80" pin=3"/></net>

<net id="97"><net_src comp="18" pin="0"/><net_sink comp="93" pin=1"/></net>

<net id="104"><net_src comp="10" pin="0"/><net_sink comp="98" pin=0"/></net>

<net id="105"><net_src comp="93" pin="2"/><net_sink comp="98" pin=1"/></net>

<net id="106"><net_src comp="12" pin="0"/><net_sink comp="98" pin=2"/></net>

<net id="107"><net_src comp="14" pin="0"/><net_sink comp="98" pin=3"/></net>

<net id="112"><net_src comp="90" pin="1"/><net_sink comp="108" pin=0"/></net>

<net id="113"><net_src comp="56" pin="2"/><net_sink comp="108" pin=1"/></net>

<net id="117"><net_src comp="108" pin="2"/><net_sink comp="114" pin=0"/></net>

<net id="118"><net_src comp="114" pin="1"/><net_sink comp="62" pin=1"/></net>

<net id="122"><net_src comp="50" pin="2"/><net_sink comp="119" pin=0"/></net>

<net id="123"><net_src comp="119" pin="1"/><net_sink comp="62" pin=0"/></net>

<net id="131"><net_src comp="124" pin="1"/><net_sink comp="127" pin=1"/></net>

<net id="135"><net_src comp="127" pin="2"/><net_sink comp="132" pin=0"/></net>

<net id="136"><net_src comp="132" pin="1"/><net_sink comp="66" pin=0"/></net>

<net id="143"><net_src comp="30" pin="0"/><net_sink comp="137" pin=0"/></net>

<net id="144"><net_src comp="62" pin="2"/><net_sink comp="137" pin=1"/></net>

<net id="145"><net_src comp="12" pin="0"/><net_sink comp="137" pin=2"/></net>

<net id="146"><net_src comp="32" pin="0"/><net_sink comp="137" pin=3"/></net>

<net id="153"><net_src comp="30" pin="0"/><net_sink comp="147" pin=0"/></net>

<net id="154"><net_src comp="66" pin="2"/><net_sink comp="147" pin=1"/></net>

<net id="155"><net_src comp="12" pin="0"/><net_sink comp="147" pin=2"/></net>

<net id="156"><net_src comp="32" pin="0"/><net_sink comp="147" pin=3"/></net>

<net id="161"><net_src comp="42" pin="0"/><net_sink comp="157" pin=0"/></net>

<net id="166"><net_src comp="157" pin="2"/><net_sink comp="162" pin=0"/></net>

<net id="171"><net_src comp="162" pin="2"/><net_sink comp="167" pin=0"/></net>

<net id="176"><net_src comp="167" pin="2"/><net_sink comp="172" pin=0"/></net>

<net id="181"><net_src comp="172" pin="2"/><net_sink comp="177" pin=0"/></net>

<net id="186"><net_src comp="177" pin="2"/><net_sink comp="182" pin=0"/></net>

<net id="187"><net_src comp="147" pin="4"/><net_sink comp="182" pin=1"/></net>

<net id="191"><net_src comp="70" pin="1"/><net_sink comp="188" pin=0"/></net>

<net id="192"><net_src comp="188" pin="1"/><net_sink comp="93" pin=0"/></net>

<net id="196"><net_src comp="80" pin="4"/><net_sink comp="193" pin=0"/></net>

<net id="197"><net_src comp="193" pin="1"/><net_sink comp="90" pin=0"/></net>

<net id="201"><net_src comp="56" pin="2"/><net_sink comp="198" pin=0"/></net>

<net id="202"><net_src comp="198" pin="1"/><net_sink comp="127" pin=0"/></net>

<net id="206"><net_src comp="90" pin="1"/><net_sink comp="203" pin=0"/></net>

<net id="207"><net_src comp="203" pin="1"/><net_sink comp="157" pin=1"/></net>

<net id="211"><net_src comp="98" pin="4"/><net_sink comp="208" pin=0"/></net>

<net id="212"><net_src comp="208" pin="1"/><net_sink comp="124" pin=0"/></net>

<net id="216"><net_src comp="108" pin="2"/><net_sink comp="213" pin=0"/></net>

<net id="217"><net_src comp="213" pin="1"/><net_sink comp="167" pin=1"/></net>

<net id="221"><net_src comp="114" pin="1"/><net_sink comp="218" pin=0"/></net>

<net id="222"><net_src comp="218" pin="1"/><net_sink comp="62" pin=1"/></net>

<net id="226"><net_src comp="119" pin="1"/><net_sink comp="223" pin=0"/></net>

<net id="227"><net_src comp="223" pin="1"/><net_sink comp="62" pin=0"/></net>

<net id="228"><net_src comp="223" pin="1"/><net_sink comp="66" pin=1"/></net>

<net id="232"><net_src comp="124" pin="1"/><net_sink comp="229" pin=0"/></net>

<net id="233"><net_src comp="229" pin="1"/><net_sink comp="162" pin=1"/></net>

<net id="237"><net_src comp="127" pin="2"/><net_sink comp="234" pin=0"/></net>

<net id="238"><net_src comp="234" pin="1"/><net_sink comp="172" pin=1"/></net>

<net id="242"><net_src comp="132" pin="1"/><net_sink comp="239" pin=0"/></net>

<net id="243"><net_src comp="239" pin="1"/><net_sink comp="66" pin=0"/></net>

<net id="247"><net_src comp="137" pin="4"/><net_sink comp="244" pin=0"/></net>

<net id="248"><net_src comp="244" pin="1"/><net_sink comp="177" pin=1"/></net>

</net_list>

</model> 
---------------- Datapath Model END ------------------

* FSMD analyzer results:
  - Output states:
 - Input state : 
	Port: fp_slip_terms : vy | {2 }
	Port: fp_slip_terms : omega | {1 }
	Port: fp_slip_terms : inv_vx | {2 }
  - Chain level:
	State 1
		product : 1
		product_q : 2
	State 2
		product_q_21 : 1
		front_num_local : 1
		sext_ln574 : 2
		mul_ln574 : 3
	State 3
		rear_num_local : 1
		sext_ln574_2 : 2
		mul_ln574_1 : 3
	State 4
		specfucore_ln576 : 1
		product_q_22 : 1
	State 5
		rend4 : 1
		specfucore_ln576 : 1
		rend : 1
		product_q_23 : 1
		mrv_1 : 1
		mrv_2 : 2
		mrv_3 : 3
		mrv_4 : 4
		mrv_5 : 5
		ret_ln133 : 6


============================================================
+ Verbose Summary: Datapath Resource usage 
============================================================

* Functional unit list:
|----------|------------------------|---------|---------|---------|
| Operation|     Functional Unit    |   DSP   |    FF   |   LUT   |
|----------|------------------------|---------|---------|---------|
|          |        grp_fu_62       |    2    |    10   |    14   |
|    mul   |        grp_fu_66       |    2    |    10   |    14   |
|          |      product_fu_74     |    1    |    0    |    15   |
|          |    product_341_fu_93   |    1    |    0    |    15   |
|----------|------------------------|---------|---------|---------|
|    add   | front_num_local_fu_108 |    0    |    0    |    28   |
|----------|------------------------|---------|---------|---------|
|    sub   |  rear_num_local_fu_127 |    0    |    0    |    28   |
|----------|------------------------|---------|---------|---------|
|          |  omega_read_read_fu_44 |    0    |    0    |    0    |
|   read   | inv_vx_read_read_fu_50 |    0    |    0    |    0    |
|          |   vy_read_read_fu_56   |    0    |    0    |    0    |
|----------|------------------------|---------|---------|---------|
|          |    sext_ln591_fu_70    |    0    |    0    |    0    |
|          |    sext_ln593_fu_90    |    0    |    0    |    0    |
|   sext   |    sext_ln574_fu_114   |    0    |    0    |    0    |
|          |   sext_ln574_1_fu_119  |    0    |    0    |    0    |
|          |   sext_ln593_1_fu_124  |    0    |    0    |    0    |
|          |   sext_ln574_2_fu_132  |    0    |    0    |    0    |
|----------|------------------------|---------|---------|---------|
|          |     product_q_fu_80    |    0    |    0    |    0    |
|partselect|   product_q_21_fu_98   |    0    |    0    |    0    |
|          |   product_q_22_fu_137  |    0    |    0    |    0    |
|          |   product_q_23_fu_147  |    0    |    0    |    0    |
|----------|------------------------|---------|---------|---------|
|          |       mrv_fu_157       |    0    |    0    |    0    |
|          |      mrv_1_fu_162      |    0    |    0    |    0    |
|insertvalue|      mrv_2_fu_167      |    0    |    0    |    0    |
|          |      mrv_3_fu_172      |    0    |    0    |    0    |
|          |      mrv_4_fu_177      |    0    |    0    |    0    |
|          |      mrv_5_fu_182      |    0    |    0    |    0    |
|----------|------------------------|---------|---------|---------|
|   Total  |                        |    6    |    20   |   114   |
|----------|------------------------|---------|---------|---------|

Memories:
N/A

* Register list:
+-----------------------+--------+
|                       |   FF   |
+-----------------------+--------+
|front_num_local_reg_213|   21   |
|  product_q_21_reg_208 |   20   |
|  product_q_22_reg_244 |   21   |
|   product_q_reg_193   |   20   |
| rear_num_local_reg_234|   21   |
|  sext_ln574_1_reg_223 |   41   |
|  sext_ln574_2_reg_239 |   41   |
|   sext_ln574_reg_218  |   41   |
|   sext_ln591_reg_188  |   32   |
|  sext_ln593_1_reg_229 |   21   |
|   sext_ln593_reg_203  |   21   |
|    vy_read_reg_198    |   21   |
+-----------------------+--------+
|         Total         |   321  |
+-----------------------+--------+

* Multiplexer (MUX) list: 
|-----------|------|------|------|--------||---------||---------||---------|
|    Comp   |  Pin | Size |  BW  | S x BW ||  Delay  ||    FF   ||   LUT   |
|-----------|------|------|------|--------||---------||---------||---------|
| grp_fu_62 |  p0  |   2  |  20  |   40   ||    0    ||    9    |
| grp_fu_62 |  p1  |   2  |  21  |   42   ||    0    ||    9    |
| grp_fu_66 |  p0  |   2  |  21  |   42   ||    0    ||    9    |
|-----------|------|------|------|--------||---------||---------||---------|
|   Total   |      |      |      |   124  ||  1.281  ||    0    ||    27   |
|-----------|------|------|------|--------||---------||---------||---------|



* Summary:
+-----------+--------+--------+--------+--------+
|           |   DSP  |  Delay |   FF   |   LUT  |
+-----------+--------+--------+--------+--------+
|  Function |    6   |    -   |   20   |   114  |
|   Memory  |    -   |    -   |    -   |    -   |
|Multiplexer|    -   |    1   |    0   |   27   |
|  Register |    -   |    -   |   321  |    -   |
+-----------+--------+--------+--------+--------+
|   Total   |    6   |    1   |   341  |   141  |
+-----------+--------+--------+--------+--------+
