

================================================================
== Vitis HLS Report for 'fp_trig_pair_fused_fn'
================================================================
* Date:           Thu May 21 15:23:03 2026

* Version:        2025.2 (Build 6295257 on Nov 14 2025)
* Project:        mpc_fpga_top_opencl
* Solution:       hls (Vitis Kernel Flow Target)
* Product family: zynquplus
* Target device:  xck26-sfvc784-2LV-c


================================================================
== Performance Estimates
================================================================
+ Timing: 
    * Summary: 
    +--------+---------+----------+------------+
    |  Clock |  Target | Estimated| Uncertainty|
    +--------+---------+----------+------------+
    |ap_clk  |  5.00 ns|  4.411 ns|     0.50 ns|
    +--------+---------+----------+------------+

+ Latency: 
    * Summary: 
    +---------+---------+-----------+-----------+-----+-----+---------+
    |  Latency (cycles) |   Latency (absolute)  |  Interval | Pipeline|
    |   min   |   max   |    min    |    max    | min | max |   Type  |
    +---------+---------+-----------+-----------+-----+-----+---------+
    |       10|       10|  50.000 ns|  50.000 ns|   11|   11|      yes|
    +---------+---------+-----------+-----------+-----+-----+---------+

    + Detail: 
        * Instance: 
        N/A

        * Loop: 
        N/A

============================================================
+ Verbose Summary: Synthesis Manager
============================================================
InlineROM: 1
ExposeGlobal: 0
============================================================
+ Verbose Summary: CDFG Model
============================================================
IsTopModel: 0
ResetActiveHigh: 1
IsCombinational: 0
IsDatapathOnly: 0
HasWiredReturn: 1
HasMFsm: 2
HasVarLatency: 0
IsPipeline: 1
IsRtlPipelined: 0
IsInstanceOverlapped: 0
IsDontTouch: 0
HasImplIP: 0
IsGatedGlobalClock: 0

+ Individual pipeline summary: 
  * Pipeline-0: initiation interval (II) = 11, depth = 11


============================================================
+ Verbose Summary: Schedule
============================================================
* Number of FSM states : 11
* Pipeline : 1
  Pipeline-0 : II = 11, D = 11, States = { 1 2 3 4 5 6 7 8 9 10 11 }
* Dataflow Pipeline: 0

* FSM state transitions: 
1 --> 2 
2 --> 3 
3 --> 4 
4 --> 5 
5 --> 6 
6 --> 7 
7 --> 8 
8 --> 9 
9 --> 10 
10 --> 11 
11 --> 

* FSM state operations: 

State 1 <SV = 0> <Delay = 3.83>
ST_1 : Operation 12 [1/1] (0.00ns)   --->   "%angle_read = read i26 @_ssdm_op_Read.ap_auto.i26, i26 %angle" [../src/fp_math_hls.cpp:734]   --->   Operation 12 'read' 'angle_read' <Predicate = true> <Delay = 0.00>
ST_1 : Operation 13 [1/1] (0.95ns)   --->   "%icmp_ln448 = icmp_sgt  i26 %angle_read, i26 411774" [../src/fp_math_hls.cpp:448->../src/fp_math_hls.cpp:738]   --->   Operation 13 'icmp' 'icmp_ln448' <Predicate = true> <Delay = 0.95> <CoreInst = "Cmp">   --->   Core 9 'Cmp' <Latency = 0> <II = 1> <Delay = 0.95> <FuncUnit> <Opcode : 'seteq' 'setne' 'setle' 'setge' 'setlt' 'setgt'> <InPorts = 2> <OutPorts = 1>
ST_1 : Operation 14 [1/1] (0.95ns)   --->   "%angle_9 = add i26 %angle_read, i26 66285315" [../src/fp_math_hls.cpp:449->../src/fp_math_hls.cpp:738]   --->   Operation 14 'add' 'angle_9' <Predicate = true> <Delay = 0.95> <CoreInst = "Adder">   --->   Core 1 'Adder' <Latency = 0> <II = 1> <Delay = 0.95> <FuncUnit> <Opcode : 'add' 'sub'> <InPorts = 2> <OutPorts = 1>
ST_1 : Operation 15 [1/1] (0.32ns)   --->   "%angle_10 = select i1 %icmp_ln448, i26 %angle_9, i26 %angle_read" [../src/fp_math_hls.cpp:448->../src/fp_math_hls.cpp:738]   --->   Operation 15 'select' 'angle_10' <Predicate = true> <Delay = 0.32> <CoreInst = "Sel">   --->   Core 73 'Sel' <Latency = 0> <II = 1> <Delay = 0.32> <FuncUnit> <Opcode : 'select'> <InPorts = 3> <OutPorts = 1>
ST_1 : Operation 16 [1/1] (0.95ns)   --->   "%icmp_ln450 = icmp_slt  i26 %angle_10, i26 66697090" [../src/fp_math_hls.cpp:450->../src/fp_math_hls.cpp:738]   --->   Operation 16 'icmp' 'icmp_ln450' <Predicate = true> <Delay = 0.95> <CoreInst = "Cmp">   --->   Core 9 'Cmp' <Latency = 0> <II = 1> <Delay = 0.95> <FuncUnit> <Opcode : 'seteq' 'setne' 'setle' 'setge' 'setlt' 'setgt'> <InPorts = 2> <OutPorts = 1>
ST_1 : Operation 17 [1/1] (0.95ns)   --->   "%angle_11 = add i26 %angle_10, i26 823549" [../src/fp_math_hls.cpp:451->../src/fp_math_hls.cpp:738]   --->   Operation 17 'add' 'angle_11' <Predicate = true> <Delay = 0.95> <CoreInst = "Adder">   --->   Core 1 'Adder' <Latency = 0> <II = 1> <Delay = 0.95> <FuncUnit> <Opcode : 'add' 'sub'> <InPorts = 2> <OutPorts = 1>
ST_1 : Operation 18 [1/1] (0.32ns)   --->   "%angle_12 = select i1 %icmp_ln450, i26 %angle_11, i26 %angle_10" [../src/fp_math_hls.cpp:450->../src/fp_math_hls.cpp:738]   --->   Operation 18 'select' 'angle_12' <Predicate = true> <Delay = 0.32> <CoreInst = "Sel">   --->   Core 73 'Sel' <Latency = 0> <II = 1> <Delay = 0.32> <FuncUnit> <Opcode : 'select'> <InPorts = 3> <OutPorts = 1>
ST_1 : Operation 19 [1/1] (0.95ns)   --->   "%icmp_ln448_1 = icmp_sgt  i26 %angle_12, i26 411774" [../src/fp_math_hls.cpp:448->../src/fp_math_hls.cpp:738]   --->   Operation 19 'icmp' 'icmp_ln448_1' <Predicate = true> <Delay = 0.95> <CoreInst = "Cmp">   --->   Core 9 'Cmp' <Latency = 0> <II = 1> <Delay = 0.95> <FuncUnit> <Opcode : 'seteq' 'setne' 'setle' 'setge' 'setlt' 'setgt'> <InPorts = 2> <OutPorts = 1>
ST_1 : Operation 20 [1/1] (0.95ns)   --->   "%angle_13 = add i26 %angle_12, i26 66285315" [../src/fp_math_hls.cpp:449->../src/fp_math_hls.cpp:738]   --->   Operation 20 'add' 'angle_13' <Predicate = true> <Delay = 0.95> <CoreInst = "Adder">   --->   Core 1 'Adder' <Latency = 0> <II = 1> <Delay = 0.95> <FuncUnit> <Opcode : 'add' 'sub'> <InPorts = 2> <OutPorts = 1>
ST_1 : Operation 21 [1/1] (0.32ns)   --->   "%angle_14 = select i1 %icmp_ln448_1, i26 %angle_13, i26 %angle_12" [../src/fp_math_hls.cpp:448->../src/fp_math_hls.cpp:738]   --->   Operation 21 'select' 'angle_14' <Predicate = true> <Delay = 0.32> <CoreInst = "Sel">   --->   Core 73 'Sel' <Latency = 0> <II = 1> <Delay = 0.32> <FuncUnit> <Opcode : 'select'> <InPorts = 3> <OutPorts = 1>

State 2 <SV = 1> <Delay = 4.41>
ST_2 : Operation 22 [1/1] (0.95ns)   --->   "%icmp_ln450_1 = icmp_slt  i26 %angle_14, i26 66697090" [../src/fp_math_hls.cpp:450->../src/fp_math_hls.cpp:738]   --->   Operation 22 'icmp' 'icmp_ln450_1' <Predicate = true> <Delay = 0.95> <CoreInst = "Cmp">   --->   Core 9 'Cmp' <Latency = 0> <II = 1> <Delay = 0.95> <FuncUnit> <Opcode : 'seteq' 'setne' 'setle' 'setge' 'setlt' 'setgt'> <InPorts = 2> <OutPorts = 1>
ST_2 : Operation 23 [1/1] (0.95ns)   --->   "%angle_15 = add i26 %angle_14, i26 823549" [../src/fp_math_hls.cpp:451->../src/fp_math_hls.cpp:738]   --->   Operation 23 'add' 'angle_15' <Predicate = true> <Delay = 0.95> <CoreInst = "Adder">   --->   Core 1 'Adder' <Latency = 0> <II = 1> <Delay = 0.95> <FuncUnit> <Opcode : 'add' 'sub'> <InPorts = 2> <OutPorts = 1>
ST_2 : Operation 24 [1/1] (0.32ns)   --->   "%angle_16 = select i1 %icmp_ln450_1, i26 %angle_15, i26 %angle_14" [../src/fp_math_hls.cpp:450->../src/fp_math_hls.cpp:738]   --->   Operation 24 'select' 'angle_16' <Predicate = true> <Delay = 0.32> <CoreInst = "Sel">   --->   Core 73 'Sel' <Latency = 0> <II = 1> <Delay = 0.32> <FuncUnit> <Opcode : 'select'> <InPorts = 3> <OutPorts = 1>
ST_2 : Operation 25 [1/1] (0.00ns)   --->   "%trunc_ln450 = trunc i26 %angle_16" [../src/fp_math_hls.cpp:450->../src/fp_math_hls.cpp:738]   --->   Operation 25 'trunc' 'trunc_ln450' <Predicate = true> <Delay = 0.00>
ST_2 : Operation 26 [1/1] (0.00ns)   --->   "%neg = bitselect i1 @_ssdm_op_BitSelect.i1.i26.i32, i26 %angle_16, i32 25" [../src/fp_math_hls.cpp:739]   --->   Operation 26 'bitselect' 'neg' <Predicate = true> <Delay = 0.00>
ST_2 : Operation 27 [1/1] (0.94ns)   --->   "%angle_u = sub i25 0, i25 %trunc_ln450" [../src/fp_math_hls.cpp:740]   --->   Operation 27 'sub' 'angle_u' <Predicate = true> <Delay = 0.94> <CoreInst = "Adder">   --->   Core 1 'Adder' <Latency = 0> <II = 1> <Delay = 0.94> <FuncUnit> <Opcode : 'add' 'sub'> <InPorts = 2> <OutPorts = 1>
ST_2 : Operation 28 [1/1] (0.32ns)   --->   "%angle_u_2 = select i1 %neg, i25 %angle_u, i25 %trunc_ln450" [../src/fp_math_hls.cpp:740]   --->   Operation 28 'select' 'angle_u_2' <Predicate = true> <Delay = 0.32> <CoreInst = "Sel">   --->   Core 73 'Sel' <Latency = 0> <II = 1> <Delay = 0.32> <FuncUnit> <Opcode : 'select'> <InPorts = 3> <OutPorts = 1>
ST_2 : Operation 29 [1/1] (0.00ns)   --->   "%zext_ln461 = zext i25 %angle_u_2" [../src/fp_math_hls.cpp:461->../src/fp_math_hls.cpp:742]   --->   Operation 29 'zext' 'zext_ln461' <Predicate = true> <Delay = 0.00>
ST_2 : Operation 30 [4/4] (1.86ns)   --->   "%mul_ln461 = mul i51 %zext_ln461, i51 42722830" [../src/fp_math_hls.cpp:461->../src/fp_math_hls.cpp:742]   --->   Operation 30 'mul' 'mul_ln461' <Predicate = true> <Delay = 1.86> <CoreInst = "Mul_DSP">   --->   Core 5 'Mul_DSP' <Latency = 3> <II = 1> <Delay = 1.86> <FuncUnit> <Opcode : 'mul'> <InPorts = 2> <OutPorts = 1>

State 3 <SV = 2> <Delay = 1.86>
ST_3 : Operation 31 [3/4] (1.86ns)   --->   "%mul_ln461 = mul i51 %zext_ln461, i51 42722830" [../src/fp_math_hls.cpp:461->../src/fp_math_hls.cpp:742]   --->   Operation 31 'mul' 'mul_ln461' <Predicate = true> <Delay = 1.86> <CoreInst = "Mul_DSP">   --->   Core 5 'Mul_DSP' <Latency = 3> <II = 1> <Delay = 1.86> <FuncUnit> <Opcode : 'mul'> <InPorts = 2> <OutPorts = 1>

State 4 <SV = 3> <Delay = 1.86>
ST_4 : Operation 32 [2/4] (1.86ns)   --->   "%mul_ln461 = mul i51 %zext_ln461, i51 42722830" [../src/fp_math_hls.cpp:461->../src/fp_math_hls.cpp:742]   --->   Operation 32 'mul' 'mul_ln461' <Predicate = true> <Delay = 1.86> <CoreInst = "Mul_DSP">   --->   Core 5 'Mul_DSP' <Latency = 3> <II = 1> <Delay = 1.86> <FuncUnit> <Opcode : 'mul'> <InPorts = 2> <OutPorts = 1>

State 5 <SV = 4> <Delay = 4.30>
ST_5 : Operation 33 [1/4] (1.86ns)   --->   "%mul_ln461 = mul i51 %zext_ln461, i51 42722830" [../src/fp_math_hls.cpp:461->../src/fp_math_hls.cpp:742]   --->   Operation 33 'mul' 'mul_ln461' <Predicate = true> <Delay = 1.86> <CoreInst = "Mul_DSP">   --->   Core 5 'Mul_DSP' <Latency = 3> <II = 1> <Delay = 1.86> <FuncUnit> <Opcode : 'mul'> <InPorts = 2> <OutPorts = 1>
ST_5 : Operation 34 [1/1] (0.00ns)   --->   "%specfucore_ln463 = specfucore void @_ssdm_op_SpecFUCore, i51 %mul_ln461, i64 12, i64 3, i64 3, i1 0" [../src/fp_math_hls.cpp:463->../src/fp_math_hls.cpp:742]   --->   Operation 34 'specfucore' 'specfucore_ln463' <Predicate = true> <Delay = 0.00>
ST_5 : Operation 35 [1/1] (0.00ns)   --->   "%idx = partselect i15 @_ssdm_op_PartSelect.i15.i51.i32.i32, i51 %mul_ln461, i32 34, i32 48" [../src/fp_math_hls.cpp:743]   --->   Operation 35 'partselect' 'idx' <Predicate = true> <Delay = 0.00>
ST_5 : Operation 36 [1/1] (0.00ns)   --->   "%tmp = partselect i5 @_ssdm_op_PartSelect.i5.i51.i32.i32, i51 %mul_ln461, i32 44, i32 48" [../src/fp_math_hls.cpp:744]   --->   Operation 36 'partselect' 'tmp' <Predicate = true> <Delay = 0.00>
ST_5 : Operation 37 [1/1] (0.78ns)   --->   "%icmp_ln744 = icmp_sgt  i5 %tmp, i5 0" [../src/fp_math_hls.cpp:744]   --->   Operation 37 'icmp' 'icmp_ln744' <Predicate = true> <Delay = 0.78> <CoreInst = "Cmp">   --->   Core 9 'Cmp' <Latency = 0> <II = 1> <Delay = 0.78> <FuncUnit> <Opcode : 'seteq' 'setne' 'setle' 'setge' 'setlt' 'setgt'> <InPorts = 2> <OutPorts = 1>
ST_5 : Operation 38 [1/1] (0.29ns)   --->   "%idx_1 = select i1 %icmp_ln744, i15 1023, i15 %idx" [../src/fp_math_hls.cpp:744]   --->   Operation 38 'select' 'idx_1' <Predicate = true> <Delay = 0.29> <CoreInst = "Sel">   --->   Core 73 'Sel' <Latency = 0> <II = 1> <Delay = 0.29> <FuncUnit> <Opcode : 'select'> <InPorts = 3> <OutPorts = 1>
ST_5 : Operation 39 [1/1] (0.00ns)   --->   "%trunc_ln743 = trunc i15 %idx_1" [../src/fp_math_hls.cpp:743]   --->   Operation 39 'trunc' 'trunc_ln743' <Predicate = true> <Delay = 0.00>
ST_5 : Operation 40 [1/1] (0.00ns)   --->   "%tmp_54 = bitselect i1 @_ssdm_op_BitSelect.i1.i15.i32, i15 %idx_1, i32 14" [../src/fp_math_hls.cpp:746]   --->   Operation 40 'bitselect' 'tmp_54' <Predicate = true> <Delay = 0.00>
ST_5 : Operation 41 [1/1] (0.40ns)   --->   "%idx_2 = select i1 %tmp_54, i10 0, i10 %trunc_ln743" [../src/fp_math_hls.cpp:746]   --->   Operation 41 'select' 'idx_2' <Predicate = true> <Delay = 0.40> <CoreInst = "Sel">   --->   Core 73 'Sel' <Latency = 0> <II = 1> <Delay = 0.40> <FuncUnit> <Opcode : 'select'> <InPorts = 3> <OutPorts = 1>
ST_5 : Operation 42 [1/1] (0.00ns)   --->   "%trunc_ln751_1 = partselect i26 @_ssdm_op_PartSelect.i26.i51.i32.i32, i51 %mul_ln461, i32 17, i32 42" [../src/fp_math_hls.cpp:751]   --->   Operation 42 'partselect' 'trunc_ln751_1' <Predicate = true> <Delay = 0.00>
ST_5 : Operation 43 [1/1] (0.00ns)   --->   "%trunc_ln751 = trunc i10 %idx_2" [../src/fp_math_hls.cpp:751]   --->   Operation 43 'trunc' 'trunc_ln751' <Predicate = true> <Delay = 0.00>
ST_5 : Operation 44 [1/1] (0.00ns)   --->   "%shl_ln = bitconcatenate i26 @_ssdm_op_BitConcatenate.i26.i9.i17, i9 %trunc_ln751, i17 0" [../src/fp_math_hls.cpp:751]   --->   Operation 44 'bitconcatenate' 'shl_ln' <Predicate = true> <Delay = 0.00>
ST_5 : Operation 45 [1/1] (0.95ns)   --->   "%frac_raw = sub i26 %trunc_ln751_1, i26 %shl_ln" [../src/fp_math_hls.cpp:751]   --->   Operation 45 'sub' 'frac_raw' <Predicate = true> <Delay = 0.95> <CoreInst = "Adder">   --->   Core 1 'Adder' <Latency = 0> <II = 1> <Delay = 0.95> <FuncUnit> <Opcode : 'add' 'sub'> <InPorts = 2> <OutPorts = 1>

State 6 <SV = 5> <Delay = 2.02>
ST_6 : Operation 46 [1/1] (0.00ns)   --->   "%zext_ln743 = zext i10 %idx_2" [../src/fp_math_hls.cpp:743]   --->   Operation 46 'zext' 'zext_ln743' <Predicate = true> <Delay = 0.00>
ST_6 : Operation 47 [1/1] (0.78ns)   --->   "%idx_next = add i11 %zext_ln743, i11 1" [../src/fp_math_hls.cpp:749]   --->   Operation 47 'add' 'idx_next' <Predicate = true> <Delay = 0.78> <CoreInst = "Adder">   --->   Core 1 'Adder' <Latency = 0> <II = 1> <Delay = 0.78> <FuncUnit> <Opcode : 'add' 'sub'> <InPorts = 2> <OutPorts = 1>
ST_6 : Operation 48 [1/1] (0.00ns)   --->   "%zext_ln753 = zext i10 %idx_2" [../src/fp_math_hls.cpp:753]   --->   Operation 48 'zext' 'zext_ln753' <Predicate = true> <Delay = 0.00>
ST_6 : Operation 49 [1/1] (0.00ns)   --->   "%sin_lut_fn_addr = getelementptr i18 %sin_lut_fn, i64 0, i64 %zext_ln753" [../src/fp_math_hls.cpp:753]   --->   Operation 49 'getelementptr' 'sin_lut_fn_addr' <Predicate = true> <Delay = 0.00>
ST_6 : Operation 50 [2/2] (1.23ns)   --->   "%value = load i11 %sin_lut_fn_addr" [../src/fp_math_hls.cpp:753]   --->   Operation 50 'load' 'value' <Predicate = true> <Delay = 1.23> <CoreInst = "ROM_2P_BRAM">   --->   Core 106 'ROM_2P_BRAM' <Latency = 1> <II = 1> <Delay = 1.23> <Storage> <Opcode : 'load'> <Ports = 2> <Width = 18> <Depth = 1025> <ROM>
ST_6 : Operation 51 [1/1] (0.00ns)   --->   "%zext_ln754 = zext i11 %idx_next" [../src/fp_math_hls.cpp:754]   --->   Operation 51 'zext' 'zext_ln754' <Predicate = true> <Delay = 0.00>
ST_6 : Operation 52 [1/1] (0.00ns)   --->   "%sin_lut_fn_addr_1 = getelementptr i18 %sin_lut_fn, i64 0, i64 %zext_ln754" [../src/fp_math_hls.cpp:754]   --->   Operation 52 'getelementptr' 'sin_lut_fn_addr_1' <Predicate = true> <Delay = 0.00>
ST_6 : Operation 53 [2/2] (1.23ns)   --->   "%value_189 = load i11 %sin_lut_fn_addr_1" [../src/fp_math_hls.cpp:754]   --->   Operation 53 'load' 'value_189' <Predicate = true> <Delay = 1.23> <CoreInst = "ROM_2P_BRAM">   --->   Core 106 'ROM_2P_BRAM' <Latency = 1> <II = 1> <Delay = 1.23> <Storage> <Opcode : 'load'> <Ports = 2> <Width = 18> <Depth = 1025> <ROM>
ST_6 : Operation 54 [1/1] (0.00ns)   --->   "%cos_lut_fn_addr = getelementptr i19 %cos_lut_fn, i64 0, i64 %zext_ln753" [../src/fp_math_hls.cpp:759]   --->   Operation 54 'getelementptr' 'cos_lut_fn_addr' <Predicate = true> <Delay = 0.00>
ST_6 : Operation 55 [2/2] (1.23ns)   --->   "%value_190 = load i11 %cos_lut_fn_addr" [../src/fp_math_hls.cpp:759]   --->   Operation 55 'load' 'value_190' <Predicate = true> <Delay = 1.23> <CoreInst = "ROM_2P_BRAM">   --->   Core 106 'ROM_2P_BRAM' <Latency = 1> <II = 1> <Delay = 1.23> <Storage> <Opcode : 'load'> <Ports = 2> <Width = 19> <Depth = 1025> <ROM>
ST_6 : Operation 56 [1/1] (0.00ns)   --->   "%cos_lut_fn_addr_1 = getelementptr i19 %cos_lut_fn, i64 0, i64 %zext_ln754" [../src/fp_math_hls.cpp:760]   --->   Operation 56 'getelementptr' 'cos_lut_fn_addr_1' <Predicate = true> <Delay = 0.00>
ST_6 : Operation 57 [2/2] (1.23ns)   --->   "%value_191 = load i11 %cos_lut_fn_addr_1" [../src/fp_math_hls.cpp:760]   --->   Operation 57 'load' 'value_191' <Predicate = true> <Delay = 1.23> <CoreInst = "ROM_2P_BRAM">   --->   Core 106 'ROM_2P_BRAM' <Latency = 1> <II = 1> <Delay = 1.23> <Storage> <Opcode : 'load'> <Ports = 2> <Width = 19> <Depth = 1025> <ROM>

State 7 <SV = 6> <Delay = 3.89>
ST_7 : Operation 58 [1/2] ( I:1.23ns O:1.23ns )   --->   "%value = load i11 %sin_lut_fn_addr" [../src/fp_math_hls.cpp:753]   --->   Operation 58 'load' 'value' <Predicate = true> <Delay = 1.23> <CoreInst = "ROM_2P_BRAM">   --->   Core 106 'ROM_2P_BRAM' <Latency = 1> <II = 1> <Delay = 1.23> <Storage> <Opcode : 'load'> <Ports = 2> <Width = 18> <Depth = 1025> <ROM>
ST_7 : Operation 59 [1/1] (0.00ns)   --->   "%zext_ln663_1 = zext i18 %value" [include/fp_types_hls.hpp:663->../src/fp_math_hls.cpp:753]   --->   Operation 59 'zext' 'zext_ln663_1' <Predicate = true> <Delay = 0.00>
ST_7 : Operation 60 [1/2] ( I:1.23ns O:1.23ns )   --->   "%value_189 = load i11 %sin_lut_fn_addr_1" [../src/fp_math_hls.cpp:754]   --->   Operation 60 'load' 'value_189' <Predicate = true> <Delay = 1.23> <CoreInst = "ROM_2P_BRAM">   --->   Core 106 'ROM_2P_BRAM' <Latency = 1> <II = 1> <Delay = 1.23> <Storage> <Opcode : 'load'> <Ports = 2> <Width = 18> <Depth = 1025> <ROM>
ST_7 : Operation 61 [1/1] (0.00ns)   --->   "%zext_ln663_2 = zext i18 %value_189" [include/fp_types_hls.hpp:663->../src/fp_math_hls.cpp:754]   --->   Operation 61 'zext' 'zext_ln663_2' <Predicate = true> <Delay = 0.00>
ST_7 : Operation 62 [1/1] (0.87ns)   --->   "%dv_raw = sub i19 %zext_ln663_2, i19 %zext_ln663_1" [../src/fp_math_hls.cpp:247->../src/fp_math_hls.cpp:755]   --->   Operation 62 'sub' 'dv_raw' <Predicate = true> <Delay = 0.87> <CoreInst = "Adder">   --->   Core 1 'Adder' <Latency = 0> <II = 1> <Delay = 0.87> <FuncUnit> <Opcode : 'add' 'sub'> <InPorts = 2> <OutPorts = 1>
ST_7 : Operation 63 [1/1] (0.00ns)   --->   "%sext_ln211_1 = sext i26 %frac_raw" [../src/fp_math_hls.cpp:211->../src/fp_math_hls.cpp:248->../src/fp_math_hls.cpp:755]   --->   Operation 63 'sext' 'sext_ln211_1' <Predicate = true> <Delay = 0.00>
ST_7 : Operation 64 [1/1] (0.00ns)   --->   "%sext_ln211_2 = sext i19 %dv_raw" [../src/fp_math_hls.cpp:211->../src/fp_math_hls.cpp:248->../src/fp_math_hls.cpp:755]   --->   Operation 64 'sext' 'sext_ln211_2' <Predicate = true> <Delay = 0.00>
ST_7 : Operation 65 [4/4] (1.78ns)   --->   "%mul_ln211 = mul i45 %sext_ln211_1, i45 %sext_ln211_2" [../src/fp_math_hls.cpp:211->../src/fp_math_hls.cpp:248->../src/fp_math_hls.cpp:755]   --->   Operation 65 'mul' 'mul_ln211' <Predicate = true> <Delay = 1.78> <CoreInst = "Mul_DSP">   --->   Core 5 'Mul_DSP' <Latency = 3> <II = 1> <Delay = 1.78> <FuncUnit> <Opcode : 'mul'> <InPorts = 2> <OutPorts = 1>
ST_7 : Operation 66 [1/2] ( I:1.23ns O:1.23ns )   --->   "%value_190 = load i11 %cos_lut_fn_addr" [../src/fp_math_hls.cpp:759]   --->   Operation 66 'load' 'value_190' <Predicate = true> <Delay = 1.23> <CoreInst = "ROM_2P_BRAM">   --->   Core 106 'ROM_2P_BRAM' <Latency = 1> <II = 1> <Delay = 1.23> <Storage> <Opcode : 'load'> <Ports = 2> <Width = 19> <Depth = 1025> <ROM>
ST_7 : Operation 67 [1/2] ( I:1.23ns O:1.23ns )   --->   "%value_191 = load i11 %cos_lut_fn_addr_1" [../src/fp_math_hls.cpp:760]   --->   Operation 67 'load' 'value_191' <Predicate = true> <Delay = 1.23> <CoreInst = "ROM_2P_BRAM">   --->   Core 106 'ROM_2P_BRAM' <Latency = 1> <II = 1> <Delay = 1.23> <Storage> <Opcode : 'load'> <Ports = 2> <Width = 19> <Depth = 1025> <ROM>

State 8 <SV = 7> <Delay = 2.66>
ST_8 : Operation 68 [1/1] (0.00ns)   --->   "%sext_ln211 = sext i26 %frac_raw" [../src/fp_math_hls.cpp:211->../src/fp_math_hls.cpp:248->../src/fp_math_hls.cpp:755]   --->   Operation 68 'sext' 'sext_ln211' <Predicate = true> <Delay = 0.00>
ST_8 : Operation 69 [3/4] (1.78ns)   --->   "%mul_ln211 = mul i45 %sext_ln211_1, i45 %sext_ln211_2" [../src/fp_math_hls.cpp:211->../src/fp_math_hls.cpp:248->../src/fp_math_hls.cpp:755]   --->   Operation 69 'mul' 'mul_ln211' <Predicate = true> <Delay = 1.78> <CoreInst = "Mul_DSP">   --->   Core 5 'Mul_DSP' <Latency = 3> <II = 1> <Delay = 1.78> <FuncUnit> <Opcode : 'mul'> <InPorts = 2> <OutPorts = 1>
ST_8 : Operation 70 [1/1] (0.00ns)   --->   "%sext_ln663_1 = sext i19 %value_190" [include/fp_types_hls.hpp:663->../src/fp_math_hls.cpp:759]   --->   Operation 70 'sext' 'sext_ln663_1' <Predicate = true> <Delay = 0.00>
ST_8 : Operation 71 [1/1] (0.00ns)   --->   "%sext_ln663_2 = sext i19 %value_191" [include/fp_types_hls.hpp:663->../src/fp_math_hls.cpp:760]   --->   Operation 71 'sext' 'sext_ln663_2' <Predicate = true> <Delay = 0.00>
ST_8 : Operation 72 [1/1] (0.88ns)   --->   "%dv_raw_1 = sub i20 %sext_ln663_2, i20 %sext_ln663_1" [../src/fp_math_hls.cpp:247->../src/fp_math_hls.cpp:761]   --->   Operation 72 'sub' 'dv_raw_1' <Predicate = true> <Delay = 0.88> <CoreInst = "Adder">   --->   Core 1 'Adder' <Latency = 0> <II = 1> <Delay = 0.88> <FuncUnit> <Opcode : 'add' 'sub'> <InPorts = 2> <OutPorts = 1>
ST_8 : Operation 73 [1/1] (0.00ns)   --->   "%sext_ln211_3 = sext i20 %dv_raw_1" [../src/fp_math_hls.cpp:211->../src/fp_math_hls.cpp:248->../src/fp_math_hls.cpp:761]   --->   Operation 73 'sext' 'sext_ln211_3' <Predicate = true> <Delay = 0.00>
ST_8 : Operation 74 [4/4] (1.78ns)   --->   "%mul_ln211_1 = mul i46 %sext_ln211_3, i46 %sext_ln211" [../src/fp_math_hls.cpp:211->../src/fp_math_hls.cpp:248->../src/fp_math_hls.cpp:761]   --->   Operation 74 'mul' 'mul_ln211_1' <Predicate = true> <Delay = 1.78> <CoreInst = "Mul_DSP">   --->   Core 5 'Mul_DSP' <Latency = 3> <II = 1> <Delay = 1.78> <FuncUnit> <Opcode : 'mul'> <InPorts = 2> <OutPorts = 1>

State 9 <SV = 8> <Delay = 1.78>
ST_9 : Operation 75 [2/4] (1.78ns)   --->   "%mul_ln211 = mul i45 %sext_ln211_1, i45 %sext_ln211_2" [../src/fp_math_hls.cpp:211->../src/fp_math_hls.cpp:248->../src/fp_math_hls.cpp:755]   --->   Operation 75 'mul' 'mul_ln211' <Predicate = true> <Delay = 1.78> <CoreInst = "Mul_DSP">   --->   Core 5 'Mul_DSP' <Latency = 3> <II = 1> <Delay = 1.78> <FuncUnit> <Opcode : 'mul'> <InPorts = 2> <OutPorts = 1>
ST_9 : Operation 76 [3/4] (1.78ns)   --->   "%mul_ln211_1 = mul i46 %sext_ln211_3, i46 %sext_ln211" [../src/fp_math_hls.cpp:211->../src/fp_math_hls.cpp:248->../src/fp_math_hls.cpp:761]   --->   Operation 76 'mul' 'mul_ln211_1' <Predicate = true> <Delay = 1.78> <CoreInst = "Mul_DSP">   --->   Core 5 'Mul_DSP' <Latency = 3> <II = 1> <Delay = 1.78> <FuncUnit> <Opcode : 'mul'> <InPorts = 2> <OutPorts = 1>

State 10 <SV = 9> <Delay = 4.01>
ST_10 : Operation 77 [1/1] (0.00ns)   --->   "%zext_ln663 = zext i18 %value" [include/fp_types_hls.hpp:663->../src/fp_math_hls.cpp:753]   --->   Operation 77 'zext' 'zext_ln663' <Predicate = true> <Delay = 0.00>
ST_10 : Operation 78 [1/4] (1.78ns)   --->   "%mul_ln211 = mul i45 %sext_ln211_1, i45 %sext_ln211_2" [../src/fp_math_hls.cpp:211->../src/fp_math_hls.cpp:248->../src/fp_math_hls.cpp:755]   --->   Operation 78 'mul' 'mul_ln211' <Predicate = true> <Delay = 1.78> <CoreInst = "Mul_DSP">   --->   Core 5 'Mul_DSP' <Latency = 3> <II = 1> <Delay = 1.78> <FuncUnit> <Opcode : 'mul'> <InPorts = 2> <OutPorts = 1>
ST_10 : Operation 79 [1/1] (0.00ns)   --->   "%specfucore_ln212 = specfucore void @_ssdm_op_SpecFUCore, i45 %mul_ln211, i64 12, i64 3, i64 3, i1 0" [../src/fp_math_hls.cpp:212->../src/fp_math_hls.cpp:248->../src/fp_math_hls.cpp:755]   --->   Operation 79 'specfucore' 'specfucore_ln212' <Predicate = true> <Delay = 0.00>
ST_10 : Operation 80 [1/1] (0.00ns)   --->   "%interp_raw = partselect i26 @_ssdm_op_PartSelect.i26.i45.i32.i32, i45 %mul_ln211, i32 17, i32 42" [../src/fp_math_hls.cpp:213->../src/fp_math_hls.cpp:248->../src/fp_math_hls.cpp:755]   --->   Operation 80 'partselect' 'interp_raw' <Predicate = true> <Delay = 0.00>
ST_10 : Operation 81 [1/1] (0.95ns)   --->   "%out = add i26 %zext_ln663, i26 %interp_raw" [../src/fp_math_hls.cpp:249->../src/fp_math_hls.cpp:755]   --->   Operation 81 'add' 'out' <Predicate = true> <Delay = 0.95> <CoreInst = "Adder">   --->   Core 1 'Adder' <Latency = 0> <II = 1> <Delay = 0.95> <FuncUnit> <Opcode : 'add' 'sub'> <InPorts = 2> <OutPorts = 1>
ST_10 : Operation 82 [1/1] (0.95ns)   --->   "%raw = sub i26 0, i26 %out" [../src/fp_math_hls.cpp:756]   --->   Operation 82 'sub' 'raw' <Predicate = (neg)> <Delay = 0.95> <CoreInst = "Adder">   --->   Core 1 'Adder' <Latency = 0> <II = 1> <Delay = 0.95> <FuncUnit> <Opcode : 'add' 'sub'> <InPorts = 2> <OutPorts = 1>
ST_10 : Operation 83 [1/1] (0.32ns)   --->   "%out_142 = select i1 %neg, i26 %raw, i26 %out" [../src/fp_math_hls.cpp:756]   --->   Operation 83 'select' 'out_142' <Predicate = true> <Delay = 0.32> <CoreInst = "Sel">   --->   Core 73 'Sel' <Latency = 0> <II = 1> <Delay = 0.32> <FuncUnit> <Opcode : 'select'> <InPorts = 3> <OutPorts = 1>
ST_10 : Operation 84 [2/4] (1.78ns)   --->   "%mul_ln211_1 = mul i46 %sext_ln211_3, i46 %sext_ln211" [../src/fp_math_hls.cpp:211->../src/fp_math_hls.cpp:248->../src/fp_math_hls.cpp:761]   --->   Operation 84 'mul' 'mul_ln211_1' <Predicate = true> <Delay = 1.78> <CoreInst = "Mul_DSP">   --->   Core 5 'Mul_DSP' <Latency = 3> <II = 1> <Delay = 1.78> <FuncUnit> <Opcode : 'mul'> <InPorts = 2> <OutPorts = 1>

State 11 <SV = 10> <Delay = 2.73>
ST_11 : Operation 85 [1/1] (0.00ns)   --->   "%specmemcore_ln736 = specmemcore void @_ssdm_op_SpecMemCore, i18 %sin_lut_fn, i64 666, i64 36, i64 18446744073709551615, i1 0" [../src/fp_math_hls.cpp:736]   --->   Operation 85 'specmemcore' 'specmemcore_ln736' <Predicate = true> <Delay = 0.00>
ST_11 : Operation 86 [1/1] (0.00ns)   --->   "%specmemcore_ln737 = specmemcore void @_ssdm_op_SpecMemCore, i19 %cos_lut_fn, i64 666, i64 36, i64 18446744073709551615, i1 0" [../src/fp_math_hls.cpp:737]   --->   Operation 86 'specmemcore' 'specmemcore_ln737' <Predicate = true> <Delay = 0.00>
ST_11 : Operation 87 [1/1] (0.00ns)   --->   "%rbegin1 = specregionbegin i32 @_ssdm_op_SpecRegionBegin, void @empty_99" [../src/fp_math_hls.cpp:460->../src/fp_math_hls.cpp:742]   --->   Operation 87 'specregionbegin' 'rbegin1' <Predicate = true> <Delay = 0.00>
ST_11 : Operation 88 [1/1] (0.00ns)   --->   "%rend2 = specregionend i32 @_ssdm_op_SpecRegionEnd, void @empty_99, i32 %rbegin1" [../src/fp_math_hls.cpp:460->../src/fp_math_hls.cpp:742]   --->   Operation 88 'specregionend' 'rend2' <Predicate = true> <Delay = 0.00>
ST_11 : Operation 89 [1/1] (0.00ns)   --->   "%rbegin = specregionbegin i32 @_ssdm_op_SpecRegionBegin, void @empty_98" [../src/fp_math_hls.cpp:211->../src/fp_math_hls.cpp:248->../src/fp_math_hls.cpp:755]   --->   Operation 89 'specregionbegin' 'rbegin' <Predicate = true> <Delay = 0.00>
ST_11 : Operation 90 [1/1] (0.00ns)   --->   "%rend = specregionend i32 @_ssdm_op_SpecRegionEnd, void @empty_98, i32 %rbegin" [../src/fp_math_hls.cpp:211->../src/fp_math_hls.cpp:248->../src/fp_math_hls.cpp:755]   --->   Operation 90 'specregionend' 'rend' <Predicate = true> <Delay = 0.00>
ST_11 : Operation 91 [1/1] (0.00ns)   --->   "%sext_ln663 = sext i19 %value_190" [include/fp_types_hls.hpp:663->../src/fp_math_hls.cpp:759]   --->   Operation 91 'sext' 'sext_ln663' <Predicate = true> <Delay = 0.00>
ST_11 : Operation 92 [1/1] (0.00ns)   --->   "%rbegin3 = specregionbegin i32 @_ssdm_op_SpecRegionBegin, void @empty_97" [../src/fp_math_hls.cpp:211->../src/fp_math_hls.cpp:248->../src/fp_math_hls.cpp:761]   --->   Operation 92 'specregionbegin' 'rbegin3' <Predicate = true> <Delay = 0.00>
ST_11 : Operation 93 [1/4] (1.78ns)   --->   "%mul_ln211_1 = mul i46 %sext_ln211_3, i46 %sext_ln211" [../src/fp_math_hls.cpp:211->../src/fp_math_hls.cpp:248->../src/fp_math_hls.cpp:761]   --->   Operation 93 'mul' 'mul_ln211_1' <Predicate = true> <Delay = 1.78> <CoreInst = "Mul_DSP">   --->   Core 5 'Mul_DSP' <Latency = 3> <II = 1> <Delay = 1.78> <FuncUnit> <Opcode : 'mul'> <InPorts = 2> <OutPorts = 1>
ST_11 : Operation 94 [1/1] (0.00ns)   --->   "%specfucore_ln212 = specfucore void @_ssdm_op_SpecFUCore, i46 %mul_ln211_1, i64 12, i64 3, i64 3, i1 0" [../src/fp_math_hls.cpp:212->../src/fp_math_hls.cpp:248->../src/fp_math_hls.cpp:761]   --->   Operation 94 'specfucore' 'specfucore_ln212' <Predicate = true> <Delay = 0.00>
ST_11 : Operation 95 [1/1] (0.00ns)   --->   "%rend4 = specregionend i32 @_ssdm_op_SpecRegionEnd, void @empty_97, i32 %rbegin3" [../src/fp_math_hls.cpp:211->../src/fp_math_hls.cpp:248->../src/fp_math_hls.cpp:761]   --->   Operation 95 'specregionend' 'rend4' <Predicate = true> <Delay = 0.00>
ST_11 : Operation 96 [1/1] (0.00ns)   --->   "%interp_raw_1 = partselect i26 @_ssdm_op_PartSelect.i26.i46.i32.i32, i46 %mul_ln211_1, i32 17, i32 42" [../src/fp_math_hls.cpp:213->../src/fp_math_hls.cpp:248->../src/fp_math_hls.cpp:761]   --->   Operation 96 'partselect' 'interp_raw_1' <Predicate = true> <Delay = 0.00>
ST_11 : Operation 97 [1/1] (0.95ns)   --->   "%raw_3 = add i26 %sext_ln663, i26 %interp_raw_1" [../src/fp_math_hls.cpp:249->../src/fp_math_hls.cpp:761]   --->   Operation 97 'add' 'raw_3' <Predicate = true> <Delay = 0.95> <CoreInst = "Adder">   --->   Core 1 'Adder' <Latency = 0> <II = 1> <Delay = 0.95> <FuncUnit> <Opcode : 'add' 'sub'> <InPorts = 2> <OutPorts = 1>
ST_11 : Operation 98 [1/1] (0.00ns)   --->   "%mrv = insertvalue i52 <undef>, i26 %out_142" [../src/fp_math_hls.cpp:762]   --->   Operation 98 'insertvalue' 'mrv' <Predicate = true> <Delay = 0.00>
ST_11 : Operation 99 [1/1] (0.00ns)   --->   "%mrv_1 = insertvalue i52 %mrv, i26 %raw_3" [../src/fp_math_hls.cpp:762]   --->   Operation 99 'insertvalue' 'mrv_1' <Predicate = true> <Delay = 0.00>
ST_11 : Operation 100 [1/1] (0.00ns)   --->   "%ret_ln762 = ret i52 %mrv_1" [../src/fp_math_hls.cpp:762]   --->   Operation 100 'ret' 'ret_ln762' <Predicate = true> <Delay = 0.00>


============================================================
+ Verbose Summary: Binding
============================================================
STG Binding: 
---------------- STG Properties BEGIN ----------------
- Is combinational: 0
- Is one-state seq: 0
- Is datapath-only: 0
- Is pipelined: 1
- Is top level: 0
Port [ Return ] is wired: 1; IO mode=ap_ctrl_hs:ce=0
Port [ angle]:  wired=1; compound=0; hidden=0; nouse=0; global=0; static=0; extern=0; dir=0; type=0; pingpong=0; private_global=0; IO mode=ap_none:ce=0
Port [ sin_lut_fn]:  wired=0; compound=1; hidden=1; nouse=0; global=1; static=1; extern=0; dir=0; type=1; pingpong=0; private_global=0; MemPort=[11]; IO mode=ap_memory:ce=0
Port [ cos_lut_fn]:  wired=0; compound=1; hidden=1; nouse=0; global=1; static=1; extern=0; dir=0; type=1; pingpong=0; private_global=0; MemPort=[11]; IO mode=ap_memory:ce=0
---------------- STG Properties END ------------------

---------------- Datapath Model BEGIN ----------------

<LifeTime>
<method=bitvector/>
angle_read        (read           ) [ 000000000000]
icmp_ln448        (icmp           ) [ 000000000000]
angle_9           (add            ) [ 000000000000]
angle_10          (select         ) [ 000000000000]
icmp_ln450        (icmp           ) [ 000000000000]
angle_11          (add            ) [ 000000000000]
angle_12          (select         ) [ 000000000000]
icmp_ln448_1      (icmp           ) [ 000000000000]
angle_13          (add            ) [ 000000000000]
angle_14          (select         ) [ 001000000000]
icmp_ln450_1      (icmp           ) [ 000000000000]
angle_15          (add            ) [ 000000000000]
angle_16          (select         ) [ 000000000000]
trunc_ln450       (trunc          ) [ 000000000000]
neg               (bitselect      ) [ 000111111110]
angle_u           (sub            ) [ 000000000000]
angle_u_2         (select         ) [ 000000000000]
zext_ln461        (zext           ) [ 000111000000]
mul_ln461         (mul            ) [ 000000000000]
specfucore_ln463  (specfucore     ) [ 000000000000]
idx               (partselect     ) [ 000000000000]
tmp               (partselect     ) [ 000000000000]
icmp_ln744        (icmp           ) [ 000000000000]
idx_1             (select         ) [ 000000000000]
trunc_ln743       (trunc          ) [ 000000000000]
tmp_54            (bitselect      ) [ 000000000000]
idx_2             (select         ) [ 000000100000]
trunc_ln751_1     (partselect     ) [ 000000000000]
trunc_ln751       (trunc          ) [ 000000000000]
shl_ln            (bitconcatenate ) [ 000000000000]
frac_raw          (sub            ) [ 000000111000]
zext_ln743        (zext           ) [ 000000000000]
idx_next          (add            ) [ 000000000000]
zext_ln753        (zext           ) [ 000000000000]
sin_lut_fn_addr   (getelementptr  ) [ 000000010000]
zext_ln754        (zext           ) [ 000000000000]
sin_lut_fn_addr_1 (getelementptr  ) [ 000000010000]
cos_lut_fn_addr   (getelementptr  ) [ 000000010000]
cos_lut_fn_addr_1 (getelementptr  ) [ 000000010000]
value             (load           ) [ 000000001110]
zext_ln663_1      (zext           ) [ 000000000000]
value_189         (load           ) [ 000000000000]
zext_ln663_2      (zext           ) [ 000000000000]
dv_raw            (sub            ) [ 000000000000]
sext_ln211_1      (sext           ) [ 000000001110]
sext_ln211_2      (sext           ) [ 000000001110]
value_190         (load           ) [ 000000001111]
value_191         (load           ) [ 000000001000]
sext_ln211        (sext           ) [ 000000000111]
sext_ln663_1      (sext           ) [ 000000000000]
sext_ln663_2      (sext           ) [ 000000000000]
dv_raw_1          (sub            ) [ 000000000000]
sext_ln211_3      (sext           ) [ 000000000111]
zext_ln663        (zext           ) [ 000000000000]
mul_ln211         (mul            ) [ 000000000000]
specfucore_ln212  (specfucore     ) [ 000000000000]
interp_raw        (partselect     ) [ 000000000000]
out               (add            ) [ 000000000000]
raw               (sub            ) [ 000000000000]
out_142           (select         ) [ 000000000001]
specmemcore_ln736 (specmemcore    ) [ 000000000000]
specmemcore_ln737 (specmemcore    ) [ 000000000000]
rbegin1           (specregionbegin) [ 000000000000]
rend2             (specregionend  ) [ 000000000000]
rbegin            (specregionbegin) [ 000000000000]
rend              (specregionend  ) [ 000000000000]
sext_ln663        (sext           ) [ 000000000000]
rbegin3           (specregionbegin) [ 000000000000]
mul_ln211_1       (mul            ) [ 000000000000]
specfucore_ln212  (specfucore     ) [ 000000000000]
rend4             (specregionend  ) [ 000000000000]
interp_raw_1      (partselect     ) [ 000000000000]
raw_3             (add            ) [ 000000000000]
mrv               (insertvalue    ) [ 000000000000]
mrv_1             (insertvalue    ) [ 000000000000]
ret_ln762         (ret            ) [ 000000000000]
</LifeTime>

<model>

<comp_list>
<comp id="0" class="1000" name="angle">
<pin_list>
<pin id="1" dir="1" index="0" bw="1" slack="0"/>
</pin_list>
<bind>
<StgValue><ssdm name="angle"/></StgValue>
</bind>
</comp>

<comp id="2" class="1000" name="sin_lut_fn">
<pin_list>
<pin id="3" dir="1" index="0" bw="1" slack="0"/>
</pin_list>
<bind>
<StgValue><ssdm name="sin_lut_fn"/><MemPortTyVec>1 1 </MemPortTyVec>
</StgValue>
</bind>
</comp>

<comp id="4" class="1000" name="cos_lut_fn">
<pin_list>
<pin id="5" dir="1" index="0" bw="1" slack="0"/>
</pin_list>
<bind>
<StgValue><ssdm name="cos_lut_fn"/><MemPortTyVec>1 1 </MemPortTyVec>
</StgValue>
</bind>
</comp>

<comp id="6" class="1001" name="const_6">
<pin_list>
<pin id="7" dir="1" index="0" bw="1" slack="0"/>
</pin_list>
<bind>
<StgValue><ssdm name="_ssdm_op_Read.ap_auto.i26"/></StgValue>
</bind>
</comp>

<comp id="8" class="1001" name="const_8">
<pin_list>
<pin id="9" dir="1" index="0" bw="1" slack="0"/>
</pin_list>
<bind>
<StgValue><ssdm name=""/></StgValue>
</bind>
</comp>

<comp id="10" class="1001" name="const_10">
<pin_list>
<pin id="11" dir="1" index="0" bw="1" slack="0"/>
</pin_list>
<bind>
<StgValue><ssdm name=""/></StgValue>
</bind>
</comp>

<comp id="12" class="1001" name="const_12">
<pin_list>
<pin id="13" dir="1" index="0" bw="1" slack="0"/>
</pin_list>
<bind>
<StgValue><ssdm name=""/></StgValue>
</bind>
</comp>

<comp id="14" class="1001" name="const_14">
<pin_list>
<pin id="15" dir="1" index="0" bw="1" slack="0"/>
</pin_list>
<bind>
<StgValue><ssdm name=""/></StgValue>
</bind>
</comp>

<comp id="16" class="1001" name="const_16">
<pin_list>
<pin id="17" dir="1" index="0" bw="1" slack="0"/>
</pin_list>
<bind>
<StgValue><ssdm name="_ssdm_op_BitSelect.i1.i26.i32"/></StgValue>
</bind>
</comp>

<comp id="18" class="1001" name="const_18">
<pin_list>
<pin id="19" dir="1" index="0" bw="1" slack="0"/>
</pin_list>
<bind>
<StgValue><ssdm name=""/></StgValue>
</bind>
</comp>

<comp id="20" class="1001" name="const_20">
<pin_list>
<pin id="21" dir="1" index="0" bw="1" slack="0"/>
</pin_list>
<bind>
<StgValue><ssdm name=""/></StgValue>
</bind>
</comp>

<comp id="22" class="1001" name="const_22">
<pin_list>
<pin id="23" dir="1" index="0" bw="1" slack="0"/>
</pin_list>
<bind>
<StgValue><ssdm name=""/></StgValue>
</bind>
</comp>

<comp id="24" class="1001" name="const_24">
<pin_list>
<pin id="25" dir="1" index="0" bw="1" slack="2147483647"/>
</pin_list>
<bind>
<StgValue><ssdm name="_ssdm_op_SpecFUCore"/></StgValue>
</bind>
</comp>

<comp id="26" class="1001" name="const_26">
<pin_list>
<pin id="27" dir="1" index="0" bw="1" slack="2147483647"/>
</pin_list>
<bind>
<StgValue><ssdm name=""/></StgValue>
</bind>
</comp>

<comp id="28" class="1001" name="const_28">
<pin_list>
<pin id="29" dir="1" index="0" bw="1" slack="2147483647"/>
</pin_list>
<bind>
<StgValue><ssdm name=""/></StgValue>
</bind>
</comp>

<comp id="30" class="1001" name="const_30">
<pin_list>
<pin id="31" dir="1" index="0" bw="1" slack="2147483647"/>
</pin_list>
<bind>
<StgValue><ssdm name=""/></StgValue>
</bind>
</comp>

<comp id="32" class="1001" name="const_32">
<pin_list>
<pin id="33" dir="1" index="0" bw="1" slack="0"/>
</pin_list>
<bind>
<StgValue><ssdm name="_ssdm_op_PartSelect.i15.i51.i32.i32"/></StgValue>
</bind>
</comp>

<comp id="34" class="1001" name="const_34">
<pin_list>
<pin id="35" dir="1" index="0" bw="1" slack="0"/>
</pin_list>
<bind>
<StgValue><ssdm name=""/></StgValue>
</bind>
</comp>

<comp id="36" class="1001" name="const_36">
<pin_list>
<pin id="37" dir="1" index="0" bw="1" slack="0"/>
</pin_list>
<bind>
<StgValue><ssdm name=""/></StgValue>
</bind>
</comp>

<comp id="38" class="1001" name="const_38">
<pin_list>
<pin id="39" dir="1" index="0" bw="1" slack="0"/>
</pin_list>
<bind>
<StgValue><ssdm name="_ssdm_op_PartSelect.i5.i51.i32.i32"/></StgValue>
</bind>
</comp>

<comp id="40" class="1001" name="const_40">
<pin_list>
<pin id="41" dir="1" index="0" bw="1" slack="0"/>
</pin_list>
<bind>
<StgValue><ssdm name=""/></StgValue>
</bind>
</comp>

<comp id="42" class="1001" name="const_42">
<pin_list>
<pin id="43" dir="1" index="0" bw="1" slack="0"/>
</pin_list>
<bind>
<StgValue><ssdm name=""/></StgValue>
</bind>
</comp>

<comp id="44" class="1001" name="const_44">
<pin_list>
<pin id="45" dir="1" index="0" bw="1" slack="0"/>
</pin_list>
<bind>
<StgValue><ssdm name=""/></StgValue>
</bind>
</comp>

<comp id="46" class="1001" name="const_46">
<pin_list>
<pin id="47" dir="1" index="0" bw="1" slack="0"/>
</pin_list>
<bind>
<StgValue><ssdm name="_ssdm_op_BitSelect.i1.i15.i32"/></StgValue>
</bind>
</comp>

<comp id="48" class="1001" name="const_48">
<pin_list>
<pin id="49" dir="1" index="0" bw="1" slack="0"/>
</pin_list>
<bind>
<StgValue><ssdm name=""/></StgValue>
</bind>
</comp>

<comp id="50" class="1001" name="const_50">
<pin_list>
<pin id="51" dir="1" index="0" bw="1" slack="0"/>
</pin_list>
<bind>
<StgValue><ssdm name=""/></StgValue>
</bind>
</comp>

<comp id="52" class="1001" name="const_52">
<pin_list>
<pin id="53" dir="1" index="0" bw="1" slack="0"/>
</pin_list>
<bind>
<StgValue><ssdm name="_ssdm_op_PartSelect.i26.i51.i32.i32"/></StgValue>
</bind>
</comp>

<comp id="54" class="1001" name="const_54">
<pin_list>
<pin id="55" dir="1" index="0" bw="1" slack="0"/>
</pin_list>
<bind>
<StgValue><ssdm name=""/></StgValue>
</bind>
</comp>

<comp id="56" class="1001" name="const_56">
<pin_list>
<pin id="57" dir="1" index="0" bw="1" slack="0"/>
</pin_list>
<bind>
<StgValue><ssdm name=""/></StgValue>
</bind>
</comp>

<comp id="58" class="1001" name="const_58">
<pin_list>
<pin id="59" dir="1" index="0" bw="1" slack="0"/>
</pin_list>
<bind>
<StgValue><ssdm name="_ssdm_op_BitConcatenate.i26.i9.i17"/></StgValue>
</bind>
</comp>

<comp id="60" class="1001" name="const_60">
<pin_list>
<pin id="61" dir="1" index="0" bw="1" slack="0"/>
</pin_list>
<bind>
<StgValue><ssdm name=""/></StgValue>
</bind>
</comp>

<comp id="62" class="1001" name="const_62">
<pin_list>
<pin id="63" dir="1" index="0" bw="1" slack="0"/>
</pin_list>
<bind>
<StgValue><ssdm name=""/></StgValue>
</bind>
</comp>

<comp id="64" class="1001" name="const_64">
<pin_list>
<pin id="65" dir="1" index="0" bw="1" slack="0"/>
</pin_list>
<bind>
<StgValue><ssdm name=""/></StgValue>
</bind>
</comp>

<comp id="66" class="1001" name="const_66">
<pin_list>
<pin id="67" dir="1" index="0" bw="1" slack="0"/>
</pin_list>
<bind>
<StgValue><ssdm name="_ssdm_op_PartSelect.i26.i45.i32.i32"/></StgValue>
</bind>
</comp>

<comp id="68" class="1001" name="const_68">
<pin_list>
<pin id="69" dir="1" index="0" bw="1" slack="0"/>
</pin_list>
<bind>
<StgValue><ssdm name=""/></StgValue>
</bind>
</comp>

<comp id="70" class="1001" name="const_70">
<pin_list>
<pin id="71" dir="1" index="0" bw="1" slack="2147483647"/>
</pin_list>
<bind>
<StgValue><ssdm name="_ssdm_op_SpecMemCore"/></StgValue>
</bind>
</comp>

<comp id="72" class="1001" name="const_72">
<pin_list>
<pin id="73" dir="1" index="0" bw="1" slack="2147483647"/>
</pin_list>
<bind>
<StgValue><ssdm name=""/></StgValue>
</bind>
</comp>

<comp id="74" class="1001" name="const_74">
<pin_list>
<pin id="75" dir="1" index="0" bw="1" slack="2147483647"/>
</pin_list>
<bind>
<StgValue><ssdm name=""/></StgValue>
</bind>
</comp>

<comp id="76" class="1001" name="const_76">
<pin_list>
<pin id="77" dir="1" index="0" bw="1" slack="2147483647"/>
</pin_list>
<bind>
<StgValue><ssdm name=""/></StgValue>
</bind>
</comp>

<comp id="78" class="1001" name="const_78">
<pin_list>
<pin id="79" dir="1" index="0" bw="1" slack="2147483647"/>
</pin_list>
<bind>
<StgValue><ssdm name="_ssdm_op_SpecRegionBegin"/></StgValue>
</bind>
</comp>

<comp id="80" class="1001" name="const_80">
<pin_list>
<pin id="81" dir="1" index="0" bw="1" slack="2147483647"/>
</pin_list>
<bind>
<StgValue><ssdm name="empty_99"/></StgValue>
</bind>
</comp>

<comp id="82" class="1001" name="const_82">
<pin_list>
<pin id="83" dir="1" index="0" bw="1" slack="2147483647"/>
</pin_list>
<bind>
<StgValue><ssdm name="_ssdm_op_SpecRegionEnd"/></StgValue>
</bind>
</comp>

<comp id="84" class="1001" name="const_84">
<pin_list>
<pin id="85" dir="1" index="0" bw="1" slack="2147483647"/>
</pin_list>
<bind>
<StgValue><ssdm name="empty_98"/></StgValue>
</bind>
</comp>

<comp id="86" class="1001" name="const_86">
<pin_list>
<pin id="87" dir="1" index="0" bw="1" slack="2147483647"/>
</pin_list>
<bind>
<StgValue><ssdm name="empty_97"/></StgValue>
</bind>
</comp>

<comp id="88" class="1001" name="const_88">
<pin_list>
<pin id="89" dir="1" index="0" bw="1" slack="0"/>
</pin_list>
<bind>
<StgValue><ssdm name="_ssdm_op_PartSelect.i26.i46.i32.i32"/></StgValue>
</bind>
</comp>

<comp id="90" class="1001" name="const_90">
<pin_list>
<pin id="91" dir="1" index="0" bw="1" slack="0"/>
</pin_list>
<bind>
<StgValue><ssdm name=""/></StgValue>
</bind>
</comp>

<comp id="92" class="1004" name="angle_read_read_fu_92">
<pin_list>
<pin id="93" dir="0" index="0" bw="26" slack="0"/>
<pin id="94" dir="0" index="1" bw="26" slack="0"/>
<pin id="95" dir="1" index="2" bw="26" slack="0"/>
</pin_list>
<bind>
<opcode="read(1150) " fcode="read"/>
<opset="angle_read/1 "/>
</bind>
</comp>

<comp id="98" class="1004" name="sin_lut_fn_addr_gep_fu_98">
<pin_list>
<pin id="99" dir="0" index="0" bw="18" slack="0"/>
<pin id="100" dir="0" index="1" bw="1" slack="0"/>
<pin id="101" dir="0" index="2" bw="10" slack="0"/>
<pin id="102" dir="1" index="3" bw="11" slack="0"/>
</pin_list>
<bind>
<opcode="getelementptr(29) " fcode="getelementptr"/>
<opset="sin_lut_fn_addr/6 "/>
</bind>
</comp>

<comp id="105" class="1004" name="grp_access_fu_105">
<pin_list>
<pin id="106" dir="0" index="0" bw="11" slack="0"/>
<pin id="107" dir="0" index="1" bw="18" slack="2147483647"/>
<pin id="108" dir="0" index="2" bw="0" slack="0"/>
<pin id="110" dir="0" index="4" bw="11" slack="2147483647"/>
<pin id="111" dir="0" index="5" bw="18" slack="2147483647"/>
<pin id="112" dir="0" index="6" bw="0" slack="2147483647"/>
<pin id="109" dir="1" index="3" bw="18" slack="0"/>
<pin id="113" dir="1" index="7" bw="18" slack="0"/>
</pin_list>
<bind>
<opcode="load(27) " fcode="load"/>
<opset="value/6 value_189/6 "/>
</bind>
</comp>

<comp id="115" class="1004" name="sin_lut_fn_addr_1_gep_fu_115">
<pin_list>
<pin id="116" dir="0" index="0" bw="18" slack="0"/>
<pin id="117" dir="0" index="1" bw="1" slack="0"/>
<pin id="118" dir="0" index="2" bw="11" slack="0"/>
<pin id="119" dir="1" index="3" bw="11" slack="0"/>
</pin_list>
<bind>
<opcode="getelementptr(29) " fcode="getelementptr"/>
<opset="sin_lut_fn_addr_1/6 "/>
</bind>
</comp>

<comp id="123" class="1004" name="cos_lut_fn_addr_gep_fu_123">
<pin_list>
<pin id="124" dir="0" index="0" bw="19" slack="0"/>
<pin id="125" dir="0" index="1" bw="1" slack="0"/>
<pin id="126" dir="0" index="2" bw="10" slack="0"/>
<pin id="127" dir="1" index="3" bw="11" slack="0"/>
</pin_list>
<bind>
<opcode="getelementptr(29) " fcode="getelementptr"/>
<opset="cos_lut_fn_addr/6 "/>
</bind>
</comp>

<comp id="130" class="1004" name="grp_access_fu_130">
<pin_list>
<pin id="131" dir="0" index="0" bw="11" slack="0"/>
<pin id="132" dir="0" index="1" bw="19" slack="2147483647"/>
<pin id="133" dir="0" index="2" bw="0" slack="0"/>
<pin id="135" dir="0" index="4" bw="11" slack="2147483647"/>
<pin id="136" dir="0" index="5" bw="19" slack="2147483647"/>
<pin id="137" dir="0" index="6" bw="0" slack="2147483647"/>
<pin id="134" dir="1" index="3" bw="19" slack="1"/>
<pin id="138" dir="1" index="7" bw="19" slack="1"/>
</pin_list>
<bind>
<opcode="load(27) " fcode="load"/>
<opset="value_190/6 value_191/6 "/>
</bind>
</comp>

<comp id="140" class="1004" name="cos_lut_fn_addr_1_gep_fu_140">
<pin_list>
<pin id="141" dir="0" index="0" bw="19" slack="0"/>
<pin id="142" dir="0" index="1" bw="1" slack="0"/>
<pin id="143" dir="0" index="2" bw="11" slack="0"/>
<pin id="144" dir="1" index="3" bw="11" slack="0"/>
</pin_list>
<bind>
<opcode="getelementptr(29) " fcode="getelementptr"/>
<opset="cos_lut_fn_addr_1/6 "/>
</bind>
</comp>

<comp id="148" class="1004" name="grp_fu_148">
<pin_list>
<pin id="149" dir="0" index="0" bw="20" slack="0"/>
<pin id="150" dir="0" index="1" bw="26" slack="0"/>
<pin id="151" dir="1" index="2" bw="46" slack="0"/>
</pin_list>
<bind>
<opcode="mul(12) " fcode="mul"/>
<opset="mul_ln211_1/8 "/>
</bind>
</comp>

<comp id="152" class="1004" name="grp_fu_152">
<pin_list>
<pin id="153" dir="0" index="0" bw="25" slack="0"/>
<pin id="154" dir="0" index="1" bw="27" slack="0"/>
<pin id="155" dir="1" index="2" bw="51" slack="0"/>
</pin_list>
<bind>
<opcode="mul(12) " fcode="mul"/>
<opset="mul_ln461/2 "/>
</bind>
</comp>

<comp id="157" class="1004" name="icmp_ln448_fu_157">
<pin_list>
<pin id="158" dir="0" index="0" bw="26" slack="0"/>
<pin id="159" dir="0" index="1" bw="20" slack="0"/>
<pin id="160" dir="1" index="2" bw="1" slack="0"/>
</pin_list>
<bind>
<opcode="icmp(45) " fcode="icmp"/>
<opset="icmp_ln448/1 "/>
</bind>
</comp>

<comp id="163" class="1004" name="angle_9_fu_163">
<pin_list>
<pin id="164" dir="0" index="0" bw="26" slack="0"/>
<pin id="165" dir="0" index="1" bw="21" slack="0"/>
<pin id="166" dir="1" index="2" bw="26" slack="0"/>
</pin_list>
<bind>
<opcode="add(8) " fcode="add"/>
<opset="angle_9/1 "/>
</bind>
</comp>

<comp id="169" class="1004" name="angle_10_fu_169">
<pin_list>
<pin id="170" dir="0" index="0" bw="1" slack="0"/>
<pin id="171" dir="0" index="1" bw="26" slack="0"/>
<pin id="172" dir="0" index="2" bw="26" slack="0"/>
<pin id="173" dir="1" index="3" bw="26" slack="0"/>
</pin_list>
<bind>
<opcode="select(49) " fcode="select"/>
<opset="angle_10/1 "/>
</bind>
</comp>

<comp id="177" class="1004" name="icmp_ln450_fu_177">
<pin_list>
<pin id="178" dir="0" index="0" bw="26" slack="0"/>
<pin id="179" dir="0" index="1" bw="20" slack="0"/>
<pin id="180" dir="1" index="2" bw="1" slack="0"/>
</pin_list>
<bind>
<opcode="icmp(45) " fcode="icmp"/>
<opset="icmp_ln450/1 "/>
</bind>
</comp>

<comp id="183" class="1004" name="angle_11_fu_183">
<pin_list>
<pin id="184" dir="0" index="0" bw="26" slack="0"/>
<pin id="185" dir="0" index="1" bw="21" slack="0"/>
<pin id="186" dir="1" index="2" bw="26" slack="0"/>
</pin_list>
<bind>
<opcode="add(8) " fcode="add"/>
<opset="angle_11/1 "/>
</bind>
</comp>

<comp id="189" class="1004" name="angle_12_fu_189">
<pin_list>
<pin id="190" dir="0" index="0" bw="1" slack="0"/>
<pin id="191" dir="0" index="1" bw="26" slack="0"/>
<pin id="192" dir="0" index="2" bw="26" slack="0"/>
<pin id="193" dir="1" index="3" bw="26" slack="0"/>
</pin_list>
<bind>
<opcode="select(49) " fcode="select"/>
<opset="angle_12/1 "/>
</bind>
</comp>

<comp id="197" class="1004" name="icmp_ln448_1_fu_197">
<pin_list>
<pin id="198" dir="0" index="0" bw="26" slack="0"/>
<pin id="199" dir="0" index="1" bw="20" slack="0"/>
<pin id="200" dir="1" index="2" bw="1" slack="0"/>
</pin_list>
<bind>
<opcode="icmp(45) " fcode="icmp"/>
<opset="icmp_ln448_1/1 "/>
</bind>
</comp>

<comp id="203" class="1004" name="angle_13_fu_203">
<pin_list>
<pin id="204" dir="0" index="0" bw="26" slack="0"/>
<pin id="205" dir="0" index="1" bw="21" slack="0"/>
<pin id="206" dir="1" index="2" bw="26" slack="0"/>
</pin_list>
<bind>
<opcode="add(8) " fcode="add"/>
<opset="angle_13/1 "/>
</bind>
</comp>

<comp id="209" class="1004" name="angle_14_fu_209">
<pin_list>
<pin id="210" dir="0" index="0" bw="1" slack="0"/>
<pin id="211" dir="0" index="1" bw="26" slack="0"/>
<pin id="212" dir="0" index="2" bw="26" slack="0"/>
<pin id="213" dir="1" index="3" bw="26" slack="1"/>
</pin_list>
<bind>
<opcode="select(49) " fcode="select"/>
<opset="angle_14/1 "/>
</bind>
</comp>

<comp id="217" class="1004" name="icmp_ln450_1_fu_217">
<pin_list>
<pin id="218" dir="0" index="0" bw="26" slack="1"/>
<pin id="219" dir="0" index="1" bw="20" slack="0"/>
<pin id="220" dir="1" index="2" bw="1" slack="0"/>
</pin_list>
<bind>
<opcode="icmp(45) " fcode="icmp"/>
<opset="icmp_ln450_1/2 "/>
</bind>
</comp>

<comp id="222" class="1004" name="angle_15_fu_222">
<pin_list>
<pin id="223" dir="0" index="0" bw="26" slack="1"/>
<pin id="224" dir="0" index="1" bw="21" slack="0"/>
<pin id="225" dir="1" index="2" bw="26" slack="0"/>
</pin_list>
<bind>
<opcode="add(8) " fcode="add"/>
<opset="angle_15/2 "/>
</bind>
</comp>

<comp id="227" class="1004" name="angle_16_fu_227">
<pin_list>
<pin id="228" dir="0" index="0" bw="1" slack="0"/>
<pin id="229" dir="0" index="1" bw="26" slack="0"/>
<pin id="230" dir="0" index="2" bw="26" slack="1"/>
<pin id="231" dir="1" index="3" bw="26" slack="0"/>
</pin_list>
<bind>
<opcode="select(49) " fcode="select"/>
<opset="angle_16/2 "/>
</bind>
</comp>

<comp id="234" class="1004" name="trunc_ln450_fu_234">
<pin_list>
<pin id="235" dir="0" index="0" bw="26" slack="0"/>
<pin id="236" dir="1" index="1" bw="25" slack="0"/>
</pin_list>
<bind>
<opcode="trunc(33) " fcode="trunc"/>
<opset="trunc_ln450/2 "/>
</bind>
</comp>

<comp id="238" class="1004" name="neg_fu_238">
<pin_list>
<pin id="239" dir="0" index="0" bw="1" slack="0"/>
<pin id="240" dir="0" index="1" bw="26" slack="0"/>
<pin id="241" dir="0" index="2" bw="6" slack="0"/>
<pin id="242" dir="1" index="3" bw="1" slack="0"/>
</pin_list>
<bind>
<opcode="bitselect(1000) " fcode="bitselect"/>
<opset="neg/2 "/>
</bind>
</comp>

<comp id="246" class="1004" name="angle_u_fu_246">
<pin_list>
<pin id="247" dir="0" index="0" bw="1" slack="0"/>
<pin id="248" dir="0" index="1" bw="25" slack="0"/>
<pin id="249" dir="1" index="2" bw="25" slack="0"/>
</pin_list>
<bind>
<opcode="sub(10) " fcode="sub"/>
<opset="angle_u/2 "/>
</bind>
</comp>

<comp id="252" class="1004" name="angle_u_2_fu_252">
<pin_list>
<pin id="253" dir="0" index="0" bw="1" slack="0"/>
<pin id="254" dir="0" index="1" bw="25" slack="0"/>
<pin id="255" dir="0" index="2" bw="25" slack="0"/>
<pin id="256" dir="1" index="3" bw="25" slack="0"/>
</pin_list>
<bind>
<opcode="select(49) " fcode="select"/>
<opset="angle_u_2/2 "/>
</bind>
</comp>

<comp id="260" class="1004" name="zext_ln461_fu_260">
<pin_list>
<pin id="261" dir="0" index="0" bw="25" slack="0"/>
<pin id="262" dir="1" index="1" bw="51" slack="0"/>
</pin_list>
<bind>
<opcode="zext(34) " fcode="zext"/>
<opset="zext_ln461/2 "/>
</bind>
</comp>

<comp id="265" class="1004" name="idx_fu_265">
<pin_list>
<pin id="266" dir="0" index="0" bw="15" slack="0"/>
<pin id="267" dir="0" index="1" bw="51" slack="0"/>
<pin id="268" dir="0" index="2" bw="7" slack="0"/>
<pin id="269" dir="0" index="3" bw="7" slack="0"/>
<pin id="270" dir="1" index="4" bw="15" slack="0"/>
</pin_list>
<bind>
<opcode="partselect(1002) " fcode="partselect"/>
<opset="idx/5 "/>
</bind>
</comp>

<comp id="275" class="1004" name="tmp_fu_275">
<pin_list>
<pin id="276" dir="0" index="0" bw="5" slack="0"/>
<pin id="277" dir="0" index="1" bw="51" slack="0"/>
<pin id="278" dir="0" index="2" bw="7" slack="0"/>
<pin id="279" dir="0" index="3" bw="7" slack="0"/>
<pin id="280" dir="1" index="4" bw="5" slack="0"/>
</pin_list>
<bind>
<opcode="partselect(1002) " fcode="partselect"/>
<opset="tmp/5 "/>
</bind>
</comp>

<comp id="285" class="1004" name="icmp_ln744_fu_285">
<pin_list>
<pin id="286" dir="0" index="0" bw="5" slack="0"/>
<pin id="287" dir="0" index="1" bw="1" slack="0"/>
<pin id="288" dir="1" index="2" bw="1" slack="0"/>
</pin_list>
<bind>
<opcode="icmp(45) " fcode="icmp"/>
<opset="icmp_ln744/5 "/>
</bind>
</comp>

<comp id="291" class="1004" name="idx_1_fu_291">
<pin_list>
<pin id="292" dir="0" index="0" bw="1" slack="0"/>
<pin id="293" dir="0" index="1" bw="11" slack="0"/>
<pin id="294" dir="0" index="2" bw="15" slack="0"/>
<pin id="295" dir="1" index="3" bw="15" slack="0"/>
</pin_list>
<bind>
<opcode="select(49) " fcode="select"/>
<opset="idx_1/5 "/>
</bind>
</comp>

<comp id="299" class="1004" name="trunc_ln743_fu_299">
<pin_list>
<pin id="300" dir="0" index="0" bw="15" slack="0"/>
<pin id="301" dir="1" index="1" bw="10" slack="0"/>
</pin_list>
<bind>
<opcode="trunc(33) " fcode="trunc"/>
<opset="trunc_ln743/5 "/>
</bind>
</comp>

<comp id="303" class="1004" name="tmp_54_fu_303">
<pin_list>
<pin id="304" dir="0" index="0" bw="1" slack="0"/>
<pin id="305" dir="0" index="1" bw="15" slack="0"/>
<pin id="306" dir="0" index="2" bw="5" slack="0"/>
<pin id="307" dir="1" index="3" bw="1" slack="0"/>
</pin_list>
<bind>
<opcode="bitselect(1000) " fcode="bitselect"/>
<opset="tmp_54/5 "/>
</bind>
</comp>

<comp id="311" class="1004" name="idx_2_fu_311">
<pin_list>
<pin id="312" dir="0" index="0" bw="1" slack="0"/>
<pin id="313" dir="0" index="1" bw="1" slack="0"/>
<pin id="314" dir="0" index="2" bw="10" slack="0"/>
<pin id="315" dir="1" index="3" bw="10" slack="0"/>
</pin_list>
<bind>
<opcode="select(49) " fcode="select"/>
<opset="idx_2/5 "/>
</bind>
</comp>

<comp id="319" class="1004" name="trunc_ln751_1_fu_319">
<pin_list>
<pin id="320" dir="0" index="0" bw="26" slack="0"/>
<pin id="321" dir="0" index="1" bw="51" slack="0"/>
<pin id="322" dir="0" index="2" bw="6" slack="0"/>
<pin id="323" dir="0" index="3" bw="7" slack="0"/>
<pin id="324" dir="1" index="4" bw="26" slack="0"/>
</pin_list>
<bind>
<opcode="partselect(1002) " fcode="partselect"/>
<opset="trunc_ln751_1/5 "/>
</bind>
</comp>

<comp id="329" class="1004" name="trunc_ln751_fu_329">
<pin_list>
<pin id="330" dir="0" index="0" bw="10" slack="0"/>
<pin id="331" dir="1" index="1" bw="9" slack="0"/>
</pin_list>
<bind>
<opcode="trunc(33) " fcode="trunc"/>
<opset="trunc_ln751/5 "/>
</bind>
</comp>

<comp id="333" class="1004" name="shl_ln_fu_333">
<pin_list>
<pin id="334" dir="0" index="0" bw="26" slack="0"/>
<pin id="335" dir="0" index="1" bw="9" slack="0"/>
<pin id="336" dir="0" index="2" bw="1" slack="0"/>
<pin id="337" dir="1" index="3" bw="26" slack="0"/>
</pin_list>
<bind>
<opcode="bitconcatenate(1004) " fcode="bitconcatenate"/>
<opset="shl_ln/5 "/>
</bind>
</comp>

<comp id="341" class="1004" name="frac_raw_fu_341">
<pin_list>
<pin id="342" dir="0" index="0" bw="26" slack="0"/>
<pin id="343" dir="0" index="1" bw="26" slack="0"/>
<pin id="344" dir="1" index="2" bw="26" slack="2"/>
</pin_list>
<bind>
<opcode="sub(10) " fcode="sub"/>
<opset="frac_raw/5 "/>
</bind>
</comp>

<comp id="347" class="1004" name="zext_ln743_fu_347">
<pin_list>
<pin id="348" dir="0" index="0" bw="10" slack="1"/>
<pin id="349" dir="1" index="1" bw="11" slack="0"/>
</pin_list>
<bind>
<opcode="zext(34) " fcode="zext"/>
<opset="zext_ln743/6 "/>
</bind>
</comp>

<comp id="350" class="1004" name="idx_next_fu_350">
<pin_list>
<pin id="351" dir="0" index="0" bw="10" slack="0"/>
<pin id="352" dir="0" index="1" bw="1" slack="0"/>
<pin id="353" dir="1" index="2" bw="11" slack="0"/>
</pin_list>
<bind>
<opcode="add(8) " fcode="add"/>
<opset="idx_next/6 "/>
</bind>
</comp>

<comp id="356" class="1004" name="zext_ln753_fu_356">
<pin_list>
<pin id="357" dir="0" index="0" bw="10" slack="1"/>
<pin id="358" dir="1" index="1" bw="64" slack="0"/>
</pin_list>
<bind>
<opcode="zext(34) " fcode="zext"/>
<opset="zext_ln753/6 "/>
</bind>
</comp>

<comp id="361" class="1004" name="zext_ln754_fu_361">
<pin_list>
<pin id="362" dir="0" index="0" bw="11" slack="0"/>
<pin id="363" dir="1" index="1" bw="64" slack="0"/>
</pin_list>
<bind>
<opcode="zext(34) " fcode="zext"/>
<opset="zext_ln754/6 "/>
</bind>
</comp>

<comp id="367" class="1004" name="zext_ln663_1_fu_367">
<pin_list>
<pin id="368" dir="0" index="0" bw="18" slack="0"/>
<pin id="369" dir="1" index="1" bw="19" slack="0"/>
</pin_list>
<bind>
<opcode="zext(34) " fcode="zext"/>
<opset="zext_ln663_1/7 "/>
</bind>
</comp>

<comp id="371" class="1004" name="zext_ln663_2_fu_371">
<pin_list>
<pin id="372" dir="0" index="0" bw="18" slack="0"/>
<pin id="373" dir="1" index="1" bw="19" slack="0"/>
</pin_list>
<bind>
<opcode="zext(34) " fcode="zext"/>
<opset="zext_ln663_2/7 "/>
</bind>
</comp>

<comp id="375" class="1004" name="dv_raw_fu_375">
<pin_list>
<pin id="376" dir="0" index="0" bw="18" slack="0"/>
<pin id="377" dir="0" index="1" bw="18" slack="0"/>
<pin id="378" dir="1" index="2" bw="19" slack="0"/>
</pin_list>
<bind>
<opcode="sub(10) " fcode="sub"/>
<opset="dv_raw/7 "/>
</bind>
</comp>

<comp id="381" class="1004" name="sext_ln211_1_fu_381">
<pin_list>
<pin id="382" dir="0" index="0" bw="26" slack="2"/>
<pin id="383" dir="1" index="1" bw="45" slack="0"/>
</pin_list>
<bind>
<opcode="sext(35) " fcode="sext"/>
<opset="sext_ln211_1/7 "/>
</bind>
</comp>

<comp id="384" class="1004" name="sext_ln211_2_fu_384">
<pin_list>
<pin id="385" dir="0" index="0" bw="19" slack="0"/>
<pin id="386" dir="1" index="1" bw="45" slack="0"/>
</pin_list>
<bind>
<opcode="sext(35) " fcode="sext"/>
<opset="sext_ln211_2/7 "/>
</bind>
</comp>

<comp id="388" class="1004" name="grp_fu_388">
<pin_list>
<pin id="389" dir="0" index="0" bw="26" slack="0"/>
<pin id="390" dir="0" index="1" bw="19" slack="0"/>
<pin id="391" dir="1" index="2" bw="45" slack="0"/>
</pin_list>
<bind>
<opcode="mul(12) " fcode="mul"/>
<opset="mul_ln211/7 "/>
</bind>
</comp>

<comp id="394" class="1004" name="sext_ln211_fu_394">
<pin_list>
<pin id="395" dir="0" index="0" bw="26" slack="3"/>
<pin id="396" dir="1" index="1" bw="46" slack="0"/>
</pin_list>
<bind>
<opcode="sext(35) " fcode="sext"/>
<opset="sext_ln211/8 "/>
</bind>
</comp>

<comp id="398" class="1004" name="sext_ln663_1_fu_398">
<pin_list>
<pin id="399" dir="0" index="0" bw="19" slack="1"/>
<pin id="400" dir="1" index="1" bw="20" slack="0"/>
</pin_list>
<bind>
<opcode="sext(35) " fcode="sext"/>
<opset="sext_ln663_1/8 "/>
</bind>
</comp>

<comp id="401" class="1004" name="sext_ln663_2_fu_401">
<pin_list>
<pin id="402" dir="0" index="0" bw="19" slack="1"/>
<pin id="403" dir="1" index="1" bw="20" slack="0"/>
</pin_list>
<bind>
<opcode="sext(35) " fcode="sext"/>
<opset="sext_ln663_2/8 "/>
</bind>
</comp>

<comp id="404" class="1004" name="dv_raw_1_fu_404">
<pin_list>
<pin id="405" dir="0" index="0" bw="19" slack="0"/>
<pin id="406" dir="0" index="1" bw="19" slack="0"/>
<pin id="407" dir="1" index="2" bw="20" slack="0"/>
</pin_list>
<bind>
<opcode="sub(10) " fcode="sub"/>
<opset="dv_raw_1/8 "/>
</bind>
</comp>

<comp id="410" class="1004" name="sext_ln211_3_fu_410">
<pin_list>
<pin id="411" dir="0" index="0" bw="20" slack="0"/>
<pin id="412" dir="1" index="1" bw="46" slack="0"/>
</pin_list>
<bind>
<opcode="sext(35) " fcode="sext"/>
<opset="sext_ln211_3/8 "/>
</bind>
</comp>

<comp id="415" class="1004" name="zext_ln663_fu_415">
<pin_list>
<pin id="416" dir="0" index="0" bw="18" slack="3"/>
<pin id="417" dir="1" index="1" bw="26" slack="0"/>
</pin_list>
<bind>
<opcode="zext(34) " fcode="zext"/>
<opset="zext_ln663/10 "/>
</bind>
</comp>

<comp id="418" class="1004" name="interp_raw_fu_418">
<pin_list>
<pin id="419" dir="0" index="0" bw="26" slack="0"/>
<pin id="420" dir="0" index="1" bw="45" slack="0"/>
<pin id="421" dir="0" index="2" bw="6" slack="0"/>
<pin id="422" dir="0" index="3" bw="7" slack="0"/>
<pin id="423" dir="1" index="4" bw="26" slack="0"/>
</pin_list>
<bind>
<opcode="partselect(1002) " fcode="partselect"/>
<opset="interp_raw/10 "/>
</bind>
</comp>

<comp id="428" class="1004" name="out_fu_428">
<pin_list>
<pin id="429" dir="0" index="0" bw="18" slack="0"/>
<pin id="430" dir="0" index="1" bw="26" slack="0"/>
<pin id="431" dir="1" index="2" bw="26" slack="0"/>
</pin_list>
<bind>
<opcode="add(8) " fcode="add"/>
<opset="out/10 "/>
</bind>
</comp>

<comp id="434" class="1004" name="raw_fu_434">
<pin_list>
<pin id="435" dir="0" index="0" bw="1" slack="0"/>
<pin id="436" dir="0" index="1" bw="26" slack="0"/>
<pin id="437" dir="1" index="2" bw="26" slack="0"/>
</pin_list>
<bind>
<opcode="sub(10) " fcode="sub"/>
<opset="raw/10 "/>
</bind>
</comp>

<comp id="440" class="1004" name="out_142_fu_440">
<pin_list>
<pin id="441" dir="0" index="0" bw="1" slack="8"/>
<pin id="442" dir="0" index="1" bw="26" slack="0"/>
<pin id="443" dir="0" index="2" bw="26" slack="0"/>
<pin id="444" dir="1" index="3" bw="26" slack="1"/>
</pin_list>
<bind>
<opcode="select(49) " fcode="select"/>
<opset="out_142/10 "/>
</bind>
</comp>

<comp id="447" class="1004" name="sext_ln663_fu_447">
<pin_list>
<pin id="448" dir="0" index="0" bw="19" slack="4"/>
<pin id="449" dir="1" index="1" bw="26" slack="0"/>
</pin_list>
<bind>
<opcode="sext(35) " fcode="sext"/>
<opset="sext_ln663/11 "/>
</bind>
</comp>

<comp id="450" class="1004" name="interp_raw_1_fu_450">
<pin_list>
<pin id="451" dir="0" index="0" bw="26" slack="0"/>
<pin id="452" dir="0" index="1" bw="46" slack="0"/>
<pin id="453" dir="0" index="2" bw="6" slack="0"/>
<pin id="454" dir="0" index="3" bw="7" slack="0"/>
<pin id="455" dir="1" index="4" bw="26" slack="0"/>
</pin_list>
<bind>
<opcode="partselect(1002) " fcode="partselect"/>
<opset="interp_raw_1/11 "/>
</bind>
</comp>

<comp id="460" class="1004" name="raw_3_fu_460">
<pin_list>
<pin id="461" dir="0" index="0" bw="19" slack="0"/>
<pin id="462" dir="0" index="1" bw="26" slack="0"/>
<pin id="463" dir="1" index="2" bw="26" slack="0"/>
</pin_list>
<bind>
<opcode="add(8) " fcode="add"/>
<opset="raw_3/11 "/>
</bind>
</comp>

<comp id="466" class="1004" name="mrv_fu_466">
<pin_list>
<pin id="467" dir="0" index="0" bw="52" slack="0"/>
<pin id="468" dir="0" index="1" bw="26" slack="1"/>
<pin id="469" dir="1" index="2" bw="52" slack="0"/>
</pin_list>
<bind>
<opcode="insertvalue(57) " fcode="insertvalue"/>
<opset="mrv/11 "/>
</bind>
</comp>

<comp id="471" class="1004" name="mrv_1_fu_471">
<pin_list>
<pin id="472" dir="0" index="0" bw="52" slack="0"/>
<pin id="473" dir="0" index="1" bw="26" slack="0"/>
<pin id="474" dir="1" index="2" bw="52" slack="2147483647"/>
</pin_list>
<bind>
<opcode="insertvalue(57) " fcode="insertvalue"/>
<opset="mrv_1/11 "/>
</bind>
</comp>

<comp id="477" class="1005" name="angle_14_reg_477">
<pin_list>
<pin id="478" dir="0" index="0" bw="26" slack="1"/>
<pin id="479" dir="1" index="1" bw="26" slack="1"/>
</pin_list>
<bind>
<opset="angle_14 "/>
</bind>
</comp>

<comp id="484" class="1005" name="neg_reg_484">
<pin_list>
<pin id="485" dir="0" index="0" bw="1" slack="8"/>
<pin id="486" dir="1" index="1" bw="1" slack="8"/>
</pin_list>
<bind>
<opset="neg "/>
</bind>
</comp>

<comp id="489" class="1005" name="zext_ln461_reg_489">
<pin_list>
<pin id="490" dir="0" index="0" bw="51" slack="1"/>
<pin id="491" dir="1" index="1" bw="51" slack="1"/>
</pin_list>
<bind>
<opset="zext_ln461 "/>
</bind>
</comp>

<comp id="494" class="1005" name="idx_2_reg_494">
<pin_list>
<pin id="495" dir="0" index="0" bw="10" slack="1"/>
<pin id="496" dir="1" index="1" bw="10" slack="1"/>
</pin_list>
<bind>
<opset="idx_2 "/>
</bind>
</comp>

<comp id="500" class="1005" name="frac_raw_reg_500">
<pin_list>
<pin id="501" dir="0" index="0" bw="26" slack="2"/>
<pin id="502" dir="1" index="1" bw="26" slack="2"/>
</pin_list>
<bind>
<opset="frac_raw "/>
</bind>
</comp>

<comp id="506" class="1005" name="sin_lut_fn_addr_reg_506">
<pin_list>
<pin id="507" dir="0" index="0" bw="11" slack="1"/>
<pin id="508" dir="1" index="1" bw="11" slack="1"/>
</pin_list>
<bind>
<opset="sin_lut_fn_addr "/>
</bind>
</comp>

<comp id="511" class="1005" name="sin_lut_fn_addr_1_reg_511">
<pin_list>
<pin id="512" dir="0" index="0" bw="11" slack="1"/>
<pin id="513" dir="1" index="1" bw="11" slack="1"/>
</pin_list>
<bind>
<opset="sin_lut_fn_addr_1 "/>
</bind>
</comp>

<comp id="516" class="1005" name="cos_lut_fn_addr_reg_516">
<pin_list>
<pin id="517" dir="0" index="0" bw="11" slack="1"/>
<pin id="518" dir="1" index="1" bw="11" slack="1"/>
</pin_list>
<bind>
<opset="cos_lut_fn_addr "/>
</bind>
</comp>

<comp id="521" class="1005" name="cos_lut_fn_addr_1_reg_521">
<pin_list>
<pin id="522" dir="0" index="0" bw="11" slack="1"/>
<pin id="523" dir="1" index="1" bw="11" slack="1"/>
</pin_list>
<bind>
<opset="cos_lut_fn_addr_1 "/>
</bind>
</comp>

<comp id="526" class="1005" name="value_reg_526">
<pin_list>
<pin id="527" dir="0" index="0" bw="18" slack="3"/>
<pin id="528" dir="1" index="1" bw="18" slack="3"/>
</pin_list>
<bind>
<opset="value "/>
</bind>
</comp>

<comp id="531" class="1005" name="sext_ln211_1_reg_531">
<pin_list>
<pin id="532" dir="0" index="0" bw="45" slack="1"/>
<pin id="533" dir="1" index="1" bw="45" slack="1"/>
</pin_list>
<bind>
<opset="sext_ln211_1 "/>
</bind>
</comp>

<comp id="536" class="1005" name="sext_ln211_2_reg_536">
<pin_list>
<pin id="537" dir="0" index="0" bw="45" slack="1"/>
<pin id="538" dir="1" index="1" bw="45" slack="1"/>
</pin_list>
<bind>
<opset="sext_ln211_2 "/>
</bind>
</comp>

<comp id="541" class="1005" name="value_190_reg_541">
<pin_list>
<pin id="542" dir="0" index="0" bw="19" slack="1"/>
<pin id="543" dir="1" index="1" bw="19" slack="1"/>
</pin_list>
<bind>
<opset="value_190 "/>
</bind>
</comp>

<comp id="547" class="1005" name="value_191_reg_547">
<pin_list>
<pin id="548" dir="0" index="0" bw="19" slack="1"/>
<pin id="549" dir="1" index="1" bw="19" slack="1"/>
</pin_list>
<bind>
<opset="value_191 "/>
</bind>
</comp>

<comp id="552" class="1005" name="sext_ln211_reg_552">
<pin_list>
<pin id="553" dir="0" index="0" bw="46" slack="1"/>
<pin id="554" dir="1" index="1" bw="46" slack="1"/>
</pin_list>
<bind>
<opset="sext_ln211 "/>
</bind>
</comp>

<comp id="557" class="1005" name="sext_ln211_3_reg_557">
<pin_list>
<pin id="558" dir="0" index="0" bw="46" slack="1"/>
<pin id="559" dir="1" index="1" bw="46" slack="1"/>
</pin_list>
<bind>
<opset="sext_ln211_3 "/>
</bind>
</comp>

<comp id="562" class="1005" name="out_142_reg_562">
<pin_list>
<pin id="563" dir="0" index="0" bw="26" slack="1"/>
<pin id="564" dir="1" index="1" bw="26" slack="1"/>
</pin_list>
<bind>
<opset="out_142 "/>
</bind>
</comp>

</comp_list>

<net_list>
<net id="96"><net_src comp="6" pin="0"/><net_sink comp="92" pin=0"/></net>

<net id="97"><net_src comp="0" pin="0"/><net_sink comp="92" pin=1"/></net>

<net id="103"><net_src comp="2" pin="0"/><net_sink comp="98" pin=0"/></net>

<net id="104"><net_src comp="64" pin="0"/><net_sink comp="98" pin=1"/></net>

<net id="114"><net_src comp="98" pin="3"/><net_sink comp="105" pin=2"/></net>

<net id="120"><net_src comp="2" pin="0"/><net_sink comp="115" pin=0"/></net>

<net id="121"><net_src comp="64" pin="0"/><net_sink comp="115" pin=1"/></net>

<net id="122"><net_src comp="115" pin="3"/><net_sink comp="105" pin=0"/></net>

<net id="128"><net_src comp="4" pin="0"/><net_sink comp="123" pin=0"/></net>

<net id="129"><net_src comp="64" pin="0"/><net_sink comp="123" pin=1"/></net>

<net id="139"><net_src comp="123" pin="3"/><net_sink comp="130" pin=2"/></net>

<net id="145"><net_src comp="4" pin="0"/><net_sink comp="140" pin=0"/></net>

<net id="146"><net_src comp="64" pin="0"/><net_sink comp="140" pin=1"/></net>

<net id="147"><net_src comp="140" pin="3"/><net_sink comp="130" pin=0"/></net>

<net id="156"><net_src comp="22" pin="0"/><net_sink comp="152" pin=1"/></net>

<net id="161"><net_src comp="92" pin="2"/><net_sink comp="157" pin=0"/></net>

<net id="162"><net_src comp="8" pin="0"/><net_sink comp="157" pin=1"/></net>

<net id="167"><net_src comp="92" pin="2"/><net_sink comp="163" pin=0"/></net>

<net id="168"><net_src comp="10" pin="0"/><net_sink comp="163" pin=1"/></net>

<net id="174"><net_src comp="157" pin="2"/><net_sink comp="169" pin=0"/></net>

<net id="175"><net_src comp="163" pin="2"/><net_sink comp="169" pin=1"/></net>

<net id="176"><net_src comp="92" pin="2"/><net_sink comp="169" pin=2"/></net>

<net id="181"><net_src comp="169" pin="3"/><net_sink comp="177" pin=0"/></net>

<net id="182"><net_src comp="12" pin="0"/><net_sink comp="177" pin=1"/></net>

<net id="187"><net_src comp="169" pin="3"/><net_sink comp="183" pin=0"/></net>

<net id="188"><net_src comp="14" pin="0"/><net_sink comp="183" pin=1"/></net>

<net id="194"><net_src comp="177" pin="2"/><net_sink comp="189" pin=0"/></net>

<net id="195"><net_src comp="183" pin="2"/><net_sink comp="189" pin=1"/></net>

<net id="196"><net_src comp="169" pin="3"/><net_sink comp="189" pin=2"/></net>

<net id="201"><net_src comp="189" pin="3"/><net_sink comp="197" pin=0"/></net>

<net id="202"><net_src comp="8" pin="0"/><net_sink comp="197" pin=1"/></net>

<net id="207"><net_src comp="189" pin="3"/><net_sink comp="203" pin=0"/></net>

<net id="208"><net_src comp="10" pin="0"/><net_sink comp="203" pin=1"/></net>

<net id="214"><net_src comp="197" pin="2"/><net_sink comp="209" pin=0"/></net>

<net id="215"><net_src comp="203" pin="2"/><net_sink comp="209" pin=1"/></net>

<net id="216"><net_src comp="189" pin="3"/><net_sink comp="209" pin=2"/></net>

<net id="221"><net_src comp="12" pin="0"/><net_sink comp="217" pin=1"/></net>

<net id="226"><net_src comp="14" pin="0"/><net_sink comp="222" pin=1"/></net>

<net id="232"><net_src comp="217" pin="2"/><net_sink comp="227" pin=0"/></net>

<net id="233"><net_src comp="222" pin="2"/><net_sink comp="227" pin=1"/></net>

<net id="237"><net_src comp="227" pin="3"/><net_sink comp="234" pin=0"/></net>

<net id="243"><net_src comp="16" pin="0"/><net_sink comp="238" pin=0"/></net>

<net id="244"><net_src comp="227" pin="3"/><net_sink comp="238" pin=1"/></net>

<net id="245"><net_src comp="18" pin="0"/><net_sink comp="238" pin=2"/></net>

<net id="250"><net_src comp="20" pin="0"/><net_sink comp="246" pin=0"/></net>

<net id="251"><net_src comp="234" pin="1"/><net_sink comp="246" pin=1"/></net>

<net id="257"><net_src comp="238" pin="3"/><net_sink comp="252" pin=0"/></net>

<net id="258"><net_src comp="246" pin="2"/><net_sink comp="252" pin=1"/></net>

<net id="259"><net_src comp="234" pin="1"/><net_sink comp="252" pin=2"/></net>

<net id="263"><net_src comp="252" pin="3"/><net_sink comp="260" pin=0"/></net>

<net id="264"><net_src comp="260" pin="1"/><net_sink comp="152" pin=0"/></net>

<net id="271"><net_src comp="32" pin="0"/><net_sink comp="265" pin=0"/></net>

<net id="272"><net_src comp="152" pin="2"/><net_sink comp="265" pin=1"/></net>

<net id="273"><net_src comp="34" pin="0"/><net_sink comp="265" pin=2"/></net>

<net id="274"><net_src comp="36" pin="0"/><net_sink comp="265" pin=3"/></net>

<net id="281"><net_src comp="38" pin="0"/><net_sink comp="275" pin=0"/></net>

<net id="282"><net_src comp="152" pin="2"/><net_sink comp="275" pin=1"/></net>

<net id="283"><net_src comp="40" pin="0"/><net_sink comp="275" pin=2"/></net>

<net id="284"><net_src comp="36" pin="0"/><net_sink comp="275" pin=3"/></net>

<net id="289"><net_src comp="275" pin="4"/><net_sink comp="285" pin=0"/></net>

<net id="290"><net_src comp="42" pin="0"/><net_sink comp="285" pin=1"/></net>

<net id="296"><net_src comp="285" pin="2"/><net_sink comp="291" pin=0"/></net>

<net id="297"><net_src comp="44" pin="0"/><net_sink comp="291" pin=1"/></net>

<net id="298"><net_src comp="265" pin="4"/><net_sink comp="291" pin=2"/></net>

<net id="302"><net_src comp="291" pin="3"/><net_sink comp="299" pin=0"/></net>

<net id="308"><net_src comp="46" pin="0"/><net_sink comp="303" pin=0"/></net>

<net id="309"><net_src comp="291" pin="3"/><net_sink comp="303" pin=1"/></net>

<net id="310"><net_src comp="48" pin="0"/><net_sink comp="303" pin=2"/></net>

<net id="316"><net_src comp="303" pin="3"/><net_sink comp="311" pin=0"/></net>

<net id="317"><net_src comp="50" pin="0"/><net_sink comp="311" pin=1"/></net>

<net id="318"><net_src comp="299" pin="1"/><net_sink comp="311" pin=2"/></net>

<net id="325"><net_src comp="52" pin="0"/><net_sink comp="319" pin=0"/></net>

<net id="326"><net_src comp="152" pin="2"/><net_sink comp="319" pin=1"/></net>

<net id="327"><net_src comp="54" pin="0"/><net_sink comp="319" pin=2"/></net>

<net id="328"><net_src comp="56" pin="0"/><net_sink comp="319" pin=3"/></net>

<net id="332"><net_src comp="311" pin="3"/><net_sink comp="329" pin=0"/></net>

<net id="338"><net_src comp="58" pin="0"/><net_sink comp="333" pin=0"/></net>

<net id="339"><net_src comp="329" pin="1"/><net_sink comp="333" pin=1"/></net>

<net id="340"><net_src comp="60" pin="0"/><net_sink comp="333" pin=2"/></net>

<net id="345"><net_src comp="319" pin="4"/><net_sink comp="341" pin=0"/></net>

<net id="346"><net_src comp="333" pin="3"/><net_sink comp="341" pin=1"/></net>

<net id="354"><net_src comp="347" pin="1"/><net_sink comp="350" pin=0"/></net>

<net id="355"><net_src comp="62" pin="0"/><net_sink comp="350" pin=1"/></net>

<net id="359"><net_src comp="356" pin="1"/><net_sink comp="98" pin=2"/></net>

<net id="360"><net_src comp="356" pin="1"/><net_sink comp="123" pin=2"/></net>

<net id="364"><net_src comp="350" pin="2"/><net_sink comp="361" pin=0"/></net>

<net id="365"><net_src comp="361" pin="1"/><net_sink comp="115" pin=2"/></net>

<net id="366"><net_src comp="361" pin="1"/><net_sink comp="140" pin=2"/></net>

<net id="370"><net_src comp="105" pin="7"/><net_sink comp="367" pin=0"/></net>

<net id="374"><net_src comp="105" pin="3"/><net_sink comp="371" pin=0"/></net>

<net id="379"><net_src comp="371" pin="1"/><net_sink comp="375" pin=0"/></net>

<net id="380"><net_src comp="367" pin="1"/><net_sink comp="375" pin=1"/></net>

<net id="387"><net_src comp="375" pin="2"/><net_sink comp="384" pin=0"/></net>

<net id="392"><net_src comp="381" pin="1"/><net_sink comp="388" pin=0"/></net>

<net id="393"><net_src comp="384" pin="1"/><net_sink comp="388" pin=1"/></net>

<net id="397"><net_src comp="394" pin="1"/><net_sink comp="148" pin=1"/></net>

<net id="408"><net_src comp="401" pin="1"/><net_sink comp="404" pin=0"/></net>

<net id="409"><net_src comp="398" pin="1"/><net_sink comp="404" pin=1"/></net>

<net id="413"><net_src comp="404" pin="2"/><net_sink comp="410" pin=0"/></net>

<net id="414"><net_src comp="410" pin="1"/><net_sink comp="148" pin=0"/></net>

<net id="424"><net_src comp="66" pin="0"/><net_sink comp="418" pin=0"/></net>

<net id="425"><net_src comp="388" pin="2"/><net_sink comp="418" pin=1"/></net>

<net id="426"><net_src comp="54" pin="0"/><net_sink comp="418" pin=2"/></net>

<net id="427"><net_src comp="56" pin="0"/><net_sink comp="418" pin=3"/></net>

<net id="432"><net_src comp="415" pin="1"/><net_sink comp="428" pin=0"/></net>

<net id="433"><net_src comp="418" pin="4"/><net_sink comp="428" pin=1"/></net>

<net id="438"><net_src comp="68" pin="0"/><net_sink comp="434" pin=0"/></net>

<net id="439"><net_src comp="428" pin="2"/><net_sink comp="434" pin=1"/></net>

<net id="445"><net_src comp="434" pin="2"/><net_sink comp="440" pin=1"/></net>

<net id="446"><net_src comp="428" pin="2"/><net_sink comp="440" pin=2"/></net>

<net id="456"><net_src comp="88" pin="0"/><net_sink comp="450" pin=0"/></net>

<net id="457"><net_src comp="148" pin="2"/><net_sink comp="450" pin=1"/></net>

<net id="458"><net_src comp="54" pin="0"/><net_sink comp="450" pin=2"/></net>

<net id="459"><net_src comp="56" pin="0"/><net_sink comp="450" pin=3"/></net>

<net id="464"><net_src comp="447" pin="1"/><net_sink comp="460" pin=0"/></net>

<net id="465"><net_src comp="450" pin="4"/><net_sink comp="460" pin=1"/></net>

<net id="470"><net_src comp="90" pin="0"/><net_sink comp="466" pin=0"/></net>

<net id="475"><net_src comp="466" pin="2"/><net_sink comp="471" pin=0"/></net>

<net id="476"><net_src comp="460" pin="2"/><net_sink comp="471" pin=1"/></net>

<net id="480"><net_src comp="209" pin="3"/><net_sink comp="477" pin=0"/></net>

<net id="481"><net_src comp="477" pin="1"/><net_sink comp="217" pin=0"/></net>

<net id="482"><net_src comp="477" pin="1"/><net_sink comp="222" pin=0"/></net>

<net id="483"><net_src comp="477" pin="1"/><net_sink comp="227" pin=2"/></net>

<net id="487"><net_src comp="238" pin="3"/><net_sink comp="484" pin=0"/></net>

<net id="488"><net_src comp="484" pin="1"/><net_sink comp="440" pin=0"/></net>

<net id="492"><net_src comp="260" pin="1"/><net_sink comp="489" pin=0"/></net>

<net id="493"><net_src comp="489" pin="1"/><net_sink comp="152" pin=0"/></net>

<net id="497"><net_src comp="311" pin="3"/><net_sink comp="494" pin=0"/></net>

<net id="498"><net_src comp="494" pin="1"/><net_sink comp="347" pin=0"/></net>

<net id="499"><net_src comp="494" pin="1"/><net_sink comp="356" pin=0"/></net>

<net id="503"><net_src comp="341" pin="2"/><net_sink comp="500" pin=0"/></net>

<net id="504"><net_src comp="500" pin="1"/><net_sink comp="381" pin=0"/></net>

<net id="505"><net_src comp="500" pin="1"/><net_sink comp="394" pin=0"/></net>

<net id="509"><net_src comp="98" pin="3"/><net_sink comp="506" pin=0"/></net>

<net id="510"><net_src comp="506" pin="1"/><net_sink comp="105" pin=2"/></net>

<net id="514"><net_src comp="115" pin="3"/><net_sink comp="511" pin=0"/></net>

<net id="515"><net_src comp="511" pin="1"/><net_sink comp="105" pin=0"/></net>

<net id="519"><net_src comp="123" pin="3"/><net_sink comp="516" pin=0"/></net>

<net id="520"><net_src comp="516" pin="1"/><net_sink comp="130" pin=2"/></net>

<net id="524"><net_src comp="140" pin="3"/><net_sink comp="521" pin=0"/></net>

<net id="525"><net_src comp="521" pin="1"/><net_sink comp="130" pin=0"/></net>

<net id="529"><net_src comp="105" pin="7"/><net_sink comp="526" pin=0"/></net>

<net id="530"><net_src comp="526" pin="1"/><net_sink comp="415" pin=0"/></net>

<net id="534"><net_src comp="381" pin="1"/><net_sink comp="531" pin=0"/></net>

<net id="535"><net_src comp="531" pin="1"/><net_sink comp="388" pin=0"/></net>

<net id="539"><net_src comp="384" pin="1"/><net_sink comp="536" pin=0"/></net>

<net id="540"><net_src comp="536" pin="1"/><net_sink comp="388" pin=1"/></net>

<net id="544"><net_src comp="130" pin="7"/><net_sink comp="541" pin=0"/></net>

<net id="545"><net_src comp="541" pin="1"/><net_sink comp="398" pin=0"/></net>

<net id="546"><net_src comp="541" pin="1"/><net_sink comp="447" pin=0"/></net>

<net id="550"><net_src comp="130" pin="3"/><net_sink comp="547" pin=0"/></net>

<net id="551"><net_src comp="547" pin="1"/><net_sink comp="401" pin=0"/></net>

<net id="555"><net_src comp="394" pin="1"/><net_sink comp="552" pin=0"/></net>

<net id="556"><net_src comp="552" pin="1"/><net_sink comp="148" pin=1"/></net>

<net id="560"><net_src comp="410" pin="1"/><net_sink comp="557" pin=0"/></net>

<net id="561"><net_src comp="557" pin="1"/><net_sink comp="148" pin=0"/></net>

<net id="565"><net_src comp="440" pin="3"/><net_sink comp="562" pin=0"/></net>

<net id="566"><net_src comp="562" pin="1"/><net_sink comp="466" pin=1"/></net>

</net_list>

</model> 
---------------- Datapath Model END ------------------

* FSMD analyzer results:
  - Output states:
 - Input state : 
	Port: fp_trig_pair_fused_fn : angle | {1 }
	Port: fp_trig_pair_fused_fn : sin_lut_fn | {6 7 }
	Port: fp_trig_pair_fused_fn : cos_lut_fn | {6 7 }
  - Chain level:
	State 1
		angle_10 : 1
		icmp_ln450 : 2
		angle_11 : 2
		angle_12 : 3
		icmp_ln448_1 : 4
		angle_13 : 4
		angle_14 : 5
	State 2
		angle_16 : 1
		trunc_ln450 : 2
		neg : 2
		angle_u : 3
		angle_u_2 : 4
		zext_ln461 : 5
		mul_ln461 : 6
	State 3
	State 4
	State 5
		specfucore_ln463 : 1
		idx : 1
		tmp : 1
		icmp_ln744 : 2
		idx_1 : 3
		trunc_ln743 : 4
		tmp_54 : 4
		idx_2 : 5
		trunc_ln751_1 : 1
		trunc_ln751 : 6
		shl_ln : 7
		frac_raw : 8
	State 6
		idx_next : 1
		sin_lut_fn_addr : 1
		value : 2
		zext_ln754 : 2
		sin_lut_fn_addr_1 : 3
		value_189 : 4
		cos_lut_fn_addr : 1
		value_190 : 2
		cos_lut_fn_addr_1 : 3
		value_191 : 4
	State 7
		zext_ln663_1 : 1
		zext_ln663_2 : 1
		dv_raw : 2
		sext_ln211_2 : 3
		mul_ln211 : 4
	State 8
		dv_raw_1 : 1
		sext_ln211_3 : 2
		mul_ln211_1 : 3
	State 9
	State 10
		specfucore_ln212 : 1
		interp_raw : 1
		out : 2
		raw : 3
		out_142 : 4
	State 11
		rend2 : 1
		rend : 1
		specfucore_ln212 : 1
		rend4 : 1
		interp_raw_1 : 1
		raw_3 : 2
		mrv_1 : 3
		ret_ln762 : 4


============================================================
+ Verbose Summary: Datapath Resource usage 
============================================================

* Functional unit list:
|----------|-----------------------|---------|---------|---------|
| Operation|    Functional Unit    |   DSP   |    FF   |   LUT   |
|----------|-----------------------|---------|---------|---------|
|          |       grp_fu_148      |    2    |    61   |    29   |
|    mul   |       grp_fu_152      |    2    |    67   |    32   |
|          |       grp_fu_388      |    1    |    61   |    29   |
|----------|-----------------------|---------|---------|---------|
|          |     angle_9_fu_163    |    0    |    0    |    33   |
|          |    angle_11_fu_183    |    0    |    0    |    33   |
|          |    angle_13_fu_203    |    0    |    0    |    33   |
|    add   |    angle_15_fu_222    |    0    |    0    |    33   |
|          |    idx_next_fu_350    |    0    |    0    |    17   |
|          |       out_fu_428      |    0    |    0    |    33   |
|          |      raw_3_fu_460     |    0    |    0    |    33   |
|----------|-----------------------|---------|---------|---------|
|          |    angle_10_fu_169    |    0    |    0    |    26   |
|          |    angle_12_fu_189    |    0    |    0    |    26   |
|          |    angle_14_fu_209    |    0    |    0    |    26   |
|  select  |    angle_16_fu_227    |    0    |    0    |    26   |
|          |    angle_u_2_fu_252   |    0    |    0    |    25   |
|          |      idx_1_fu_291     |    0    |    0    |    15   |
|          |      idx_2_fu_311     |    0    |    0    |    10   |
|          |     out_142_fu_440    |    0    |    0    |    26   |
|----------|-----------------------|---------|---------|---------|
|          |     angle_u_fu_246    |    0    |    0    |    32   |
|          |    frac_raw_fu_341    |    0    |    0    |    33   |
|    sub   |     dv_raw_fu_375     |    0    |    0    |    25   |
|          |    dv_raw_1_fu_404    |    0    |    0    |    26   |
|          |       raw_fu_434      |    0    |    0    |    33   |
|----------|-----------------------|---------|---------|---------|
|          |   icmp_ln448_fu_157   |    0    |    0    |    33   |
|          |   icmp_ln450_fu_177   |    0    |    0    |    33   |
|   icmp   |  icmp_ln448_1_fu_197  |    0    |    0    |    33   |
|          |  icmp_ln450_1_fu_217  |    0    |    0    |    33   |
|          |   icmp_ln744_fu_285   |    0    |    0    |    12   |
|----------|-----------------------|---------|---------|---------|
|   read   | angle_read_read_fu_92 |    0    |    0    |    0    |
|----------|-----------------------|---------|---------|---------|
|          |   trunc_ln450_fu_234  |    0    |    0    |    0    |
|   trunc  |   trunc_ln743_fu_299  |    0    |    0    |    0    |
|          |   trunc_ln751_fu_329  |    0    |    0    |    0    |
|----------|-----------------------|---------|---------|---------|
| bitselect|       neg_fu_238      |    0    |    0    |    0    |
|          |     tmp_54_fu_303     |    0    |    0    |    0    |
|----------|-----------------------|---------|---------|---------|
|          |   zext_ln461_fu_260   |    0    |    0    |    0    |
|          |   zext_ln743_fu_347   |    0    |    0    |    0    |
|          |   zext_ln753_fu_356   |    0    |    0    |    0    |
|   zext   |   zext_ln754_fu_361   |    0    |    0    |    0    |
|          |  zext_ln663_1_fu_367  |    0    |    0    |    0    |
|          |  zext_ln663_2_fu_371  |    0    |    0    |    0    |
|          |   zext_ln663_fu_415   |    0    |    0    |    0    |
|----------|-----------------------|---------|---------|---------|
|          |       idx_fu_265      |    0    |    0    |    0    |
|          |       tmp_fu_275      |    0    |    0    |    0    |
|partselect|  trunc_ln751_1_fu_319 |    0    |    0    |    0    |
|          |   interp_raw_fu_418   |    0    |    0    |    0    |
|          |  interp_raw_1_fu_450  |    0    |    0    |    0    |
|----------|-----------------------|---------|---------|---------|
|bitconcatenate|     shl_ln_fu_333     |    0    |    0    |    0    |
|----------|-----------------------|---------|---------|---------|
|          |  sext_ln211_1_fu_381  |    0    |    0    |    0    |
|          |  sext_ln211_2_fu_384  |    0    |    0    |    0    |
|          |   sext_ln211_fu_394   |    0    |    0    |    0    |
|   sext   |  sext_ln663_1_fu_398  |    0    |    0    |    0    |
|          |  sext_ln663_2_fu_401  |    0    |    0    |    0    |
|          |  sext_ln211_3_fu_410  |    0    |    0    |    0    |
|          |   sext_ln663_fu_447   |    0    |    0    |    0    |
|----------|-----------------------|---------|---------|---------|
|insertvalue|       mrv_fu_466      |    0    |    0    |    0    |
|          |      mrv_1_fu_471     |    0    |    0    |    0    |
|----------|-----------------------|---------|---------|---------|
|   Total  |                       |    5    |   189   |   778   |
|----------|-----------------------|---------|---------|---------|

Memories:
N/A

* Register list:
+-------------------------+--------+
|                         |   FF   |
+-------------------------+--------+
|     angle_14_reg_477    |   26   |
|cos_lut_fn_addr_1_reg_521|   11   |
| cos_lut_fn_addr_reg_516 |   11   |
|     frac_raw_reg_500    |   26   |
|      idx_2_reg_494      |   10   |
|       neg_reg_484       |    1   |
|     out_142_reg_562     |   26   |
|   sext_ln211_1_reg_531  |   45   |
|   sext_ln211_2_reg_536  |   45   |
|   sext_ln211_3_reg_557  |   46   |
|    sext_ln211_reg_552   |   46   |
|sin_lut_fn_addr_1_reg_511|   11   |
| sin_lut_fn_addr_reg_506 |   11   |
|    value_190_reg_541    |   19   |
|    value_191_reg_547    |   19   |
|      value_reg_526      |   18   |
|    zext_ln461_reg_489   |   51   |
+-------------------------+--------+
|          Total          |   422  |
+-------------------------+--------+

* Multiplexer (MUX) list: 
|-------------------|------|------|------|--------||---------||---------||---------|
|        Comp       |  Pin | Size |  BW  | S x BW ||  Delay  ||    FF   ||   LUT   |
|-------------------|------|------|------|--------||---------||---------||---------|
| grp_access_fu_105 |  p0  |   2  |  11  |   22   ||    0    ||    9    |
| grp_access_fu_105 |  p2  |   2  |   0  |    0   ||    0    ||    9    |
| grp_access_fu_130 |  p0  |   2  |  11  |   22   ||    0    ||    9    |
| grp_access_fu_130 |  p2  |   2  |   0  |    0   ||    0    ||    9    |
|     grp_fu_148    |  p0  |   2  |  20  |   40   ||    0    ||    9    |
|     grp_fu_148    |  p1  |   2  |  26  |   52   ||    0    ||    9    |
|     grp_fu_152    |  p0  |   2  |  25  |   50   ||    0    ||    9    |
|     grp_fu_388    |  p0  |   2  |  26  |   52   ||    0    ||    9    |
|     grp_fu_388    |  p1  |   2  |  19  |   38   ||    0    ||    9    |
|-------------------|------|------|------|--------||---------||---------||---------|
|       Total       |      |      |      |   276  ||  3.843  ||    0    ||    81   |
|-------------------|------|------|------|--------||---------||---------||---------|



* Summary:
+-----------+--------+--------+--------+--------+
|           |   DSP  |  Delay |   FF   |   LUT  |
+-----------+--------+--------+--------+--------+
|  Function |    5   |    -   |   189  |   778  |
|   Memory  |    -   |    -   |    -   |    -   |
|Multiplexer|    -   |    3   |    0   |   81   |
|  Register |    -   |    -   |   422  |    -   |
+-----------+--------+--------+--------+--------+
|   Total   |    5   |    3   |   611  |   859  |
+-----------+--------+--------+--------+--------+
