

================================================================
== Vitis HLS Report for 'fp_trig_pair_fused_fn'
================================================================
* Date:           Thu Jun 11 16:06:59 2026

* Version:        2025.2 (Build 6295257 on Nov 14 2025)
* Project:        mpc_fpga_top_opencl
* Solution:       hls (Vitis Kernel Flow Target)
* Product family: zynquplus
* Target device:  xck26-sfvc784-2LV-c


================================================================
== Performance Estimates
================================================================
+ Timing: 
    * Summary: 
    +--------+---------+----------+------------+
    |  Clock |  Target | Estimated| Uncertainty|
    +--------+---------+----------+------------+
    |ap_clk  |  5.00 ns|  4.221 ns|     0.50 ns|
    +--------+---------+----------+------------+

+ Latency: 
    * Summary: 
    +---------+---------+-----------+-----------+-----+-----+---------+
    |  Latency (cycles) |   Latency (absolute)  |  Interval | Pipeline|
    |   min   |   max   |    min    |    max    | min | max |   Type  |
    +---------+---------+-----------+-----------+-----+-----+---------+
    |        8|        8|  40.000 ns|  40.000 ns|    9|    9|      yes|
    +---------+---------+-----------+-----------+-----+-----+---------+

    + Detail: 
        * Instance: 
        N/A

        * Loop: 
        N/A



================================================================
== Utilization Estimates
================================================================
* Summary: 
+-----------------+---------+------+--------+--------+-----+
|       Name      | BRAM_18K|  DSP |   FF   |   LUT  | URAM|
+-----------------+---------+------+--------+--------+-----+
|DSP              |        -|     -|       -|       -|    -|
|Expression       |        -|     -|       0|     567|    -|
|FIFO             |        -|     -|       -|       -|    -|
|Instance         |        -|     4|      32|      45|    -|
|Memory           |        4|     -|       0|       0|    -|
|Multiplexer      |        -|     -|       0|      82|    -|
|Register         |        -|     -|     124|       -|    -|
+-----------------+---------+------+--------+--------+-----+
|Total            |        4|     4|     156|     694|    0|
+-----------------+---------+------+--------+--------+-----+
|Available        |      288|  1248|  234240|  117120|   64|
+-----------------+---------+------+--------+--------+-----+
|Utilization (%)  |        1|    ~0|      ~0|      ~0|    0|
+-----------------+---------+------+--------+--------+-----+

+ Detail: 
    * Instance: 
    +---------------------------+----------------------+---------+----+----+----+-----+
    |          Instance         |        Module        | BRAM_18K| DSP| FF | LUT| URAM|
    +---------------------------+----------------------+---------+----+----+----+-----+
    |mul_15s_21s_36_3_1_U312    |mul_15s_21s_36_3_1    |        0|   1|  10|  14|    0|
    |mul_20ns_22ns_41_3_1_U310  |mul_20ns_22ns_41_3_1  |        0|   2|  12|  17|    0|
    |mul_21s_14s_35_3_1_U311    |mul_21s_14s_35_3_1    |        0|   1|  10|  14|    0|
    +---------------------------+----------------------+---------+----+----+----+-----+
    |Total                      |                      |        0|   4|  32|  45|    0|
    +---------------------------+----------------------+---------+----+----+----+-----+

    * DSP: 
    N/A

    * Memory: 
    +--------------+-------------------------------------------------+---------+---+----+-----+------+-----+------+-------------+
    |    Memory    |                      Module                     | BRAM_18K| FF| LUT| URAM| Words| Bits| Banks| W*Bits*Banks|
    +--------------+-------------------------------------------------+---------+---+----+-----+------+-----+------+-------------+
    |cos_lut_fn_U  |fp_trig_pair_fused_fn_cos_lut_fn_ROM_2P_BRAM_1R  |        2|  0|   0|    0|  1025|   14|     1|        14350|
    |sin_lut_fn_U  |fp_trig_pair_fused_fn_sin_lut_fn_ROM_2P_BRAM_1R  |        2|  0|   0|    0|  1025|   13|     1|        13325|
    +--------------+-------------------------------------------------+---------+---+----+-----+------+-----+------+-------------+
    |Total         |                                                 |        4|  0|   0|    0|  2050|   27|     2|        27675|
    +--------------+-------------------------------------------------+---------+---+----+-----+------+-----+------+-------------+

    * FIFO: 
    N/A

    * Expression: 
    +------------------------+----------+----+---+----+------------+------------+
    |      Variable Name     | Operation| DSP| FF| LUT| Bitwidth P0| Bitwidth P1|
    +------------------------+----------+----+---+----+------------+------------+
    |angle_11_fu_169_p2      |         +|   0|  0|  28|          21|          15|
    |angle_13_fu_189_p2      |         +|   0|  0|  28|          21|          16|
    |angle_15_fu_208_p2      |         +|   0|  0|  28|          21|          15|
    |angle_9_fu_149_p2       |         +|   0|  0|  28|          21|          16|
    |idx_next_fu_322_p2      |         +|   0|  0|  18|          11|           1|
    |out_fu_398_p2           |         +|   0|  0|  28|          21|          21|
    |raw_7_fu_430_p2         |         +|   0|  0|  28|          21|          21|
    |angle_u_fu_232_p2       |         -|   0|  0|  27|           1|          20|
    |dv_raw_1_fu_369_p2      |         -|   0|  0|  22|          15|          15|
    |dv_raw_fu_341_p2        |         -|   0|  0|  21|          14|          14|
    |frac_raw_fu_307_p2      |         -|   0|  0|  28|          21|          21|
    |raw_fu_404_p2           |         -|   0|  0|  28|           1|          21|
    |icmp_ln428_1_fu_183_p2  |      icmp|   0|  0|  28|          21|          14|
    |icmp_ln428_fu_143_p2    |      icmp|   0|  0|  28|          21|          14|
    |icmp_ln430_1_fu_203_p2  |      icmp|   0|  0|  28|          21|          15|
    |icmp_ln430_fu_163_p2    |      icmp|   0|  0|  28|          21|          15|
    |icmp_ln607_fu_271_p2    |      icmp|   0|  0|  14|           7|           1|
    |angle_10_fu_155_p3      |    select|   0|  0|  20|           1|          21|
    |angle_12_fu_175_p3      |    select|   0|  0|  20|           1|          21|
    |angle_14_fu_195_p3      |    select|   0|  0|  20|           1|          21|
    |angle_16_fu_213_p3      |    select|   0|  0|  20|           1|          21|
    |angle_u_2_fu_238_p3     |    select|   0|  0|  19|           1|          20|
    |idx_fu_277_p3           |    select|   0|  0|  10|           1|           2|
    |out_119_fu_410_p3       |    select|   0|  0|  20|           1|          21|
    +------------------------+----------+----+---+----+------------+------------+
    |Total                   |          |   0|  0| 567|         287|         382|
    +------------------------+----------+----+---+----+------------+------------+

    * Multiplexer: 
    +---------------------------+----+-----------+-----+-----------+
    |            Name           | LUT| Input Size| Bits| Total Bits|
    +---------------------------+----+-----------+-----+-----------+
    |ap_NS_fsm                  |  54|         10|    1|         10|
    |cos_lut_fn_address0_local  |  14|          3|   11|         33|
    |sin_lut_fn_address0_local  |  14|          3|   11|         33|
    +---------------------------+----+-----------+-----+-----------+
    |Total                      |  82|         16|   23|         76|
    +---------------------------+----+-----------+-----+-----------+

    * Register: 
    +-------------------+----+----+-----+-----------+
    |        Name       | FF | LUT| Bits| Const Bits|
    +-------------------+----+----+-----+-----------+
    |angle_14_reg_447   |  21|   0|   21|          0|
    |ap_CS_fsm          |   9|   0|    9|          0|
    |frac_raw_reg_469   |  21|   0|   21|          0|
    |idx_reg_464        |  10|   0|   10|          0|
    |neg_reg_454        |   1|   0|    1|          0|
    |out_119_reg_532    |  21|   0|   21|          0|
    |value_158_reg_496  |  14|   0|   14|          0|
    |value_159_reg_517  |  14|   0|   14|          0|
    |value_reg_485      |  13|   0|   13|          0|
    +-------------------+----+----+-----+-----------+
    |Total              | 124|   0|  124|          0|
    +-------------------+----+----+-----+-----------+



================================================================
== Interface
================================================================
* Summary: 
+-------------+-----+-----+------------+-----------------------+--------------+
|  RTL Ports  | Dir | Bits|  Protocol  |     Source Object     |    C Type    |
+-------------+-----+-----+------------+-----------------------+--------------+
|ap_clk       |   in|    1|  ap_ctrl_hs|  fp_trig_pair_fused_fn|  return value|
|ap_rst       |   in|    1|  ap_ctrl_hs|  fp_trig_pair_fused_fn|  return value|
|ap_start     |   in|    1|  ap_ctrl_hs|  fp_trig_pair_fused_fn|  return value|
|ap_done      |  out|    1|  ap_ctrl_hs|  fp_trig_pair_fused_fn|  return value|
|ap_idle      |  out|    1|  ap_ctrl_hs|  fp_trig_pair_fused_fn|  return value|
|ap_ready     |  out|    1|  ap_ctrl_hs|  fp_trig_pair_fused_fn|  return value|
|ap_return_0  |  out|   21|  ap_ctrl_hs|  fp_trig_pair_fused_fn|  return value|
|ap_return_1  |  out|   21|  ap_ctrl_hs|  fp_trig_pair_fused_fn|  return value|
|angle        |   in|   21|     ap_none|                  angle|        scalar|
+-------------+-----+-----+------------+-----------------------+--------------+

============================================================
+ Verbose Summary: Synthesis Manager
============================================================
InlineROM: 1
ExposeGlobal: 0
============================================================
+ Verbose Summary: CDFG Model
============================================================
IsTopModel: 0
ResetActiveHigh: 1
IsCombinational: 2
IsDatapathOnly: 2
HasWiredReturn: 1
HasMFsm: 2
HasVarLatency: 0
IsPipeline: 1
IsRtlPipelined: 0
IsInstanceOverlapped: 0
IsDontTouch: 0
HasImplIP: 0
IsGatedGlobalClock: 0

+ Individual pipeline summary: 
  * Pipeline-0: initiation interval (II) = 9, depth = 9


============================================================
+ Verbose Summary: Schedule
============================================================
* Number of FSM states : 9
* Pipeline : 1
  Pipeline-0 : II = 9, D = 9, States = { 1 2 3 4 5 6 7 8 9 }
* Dataflow Pipeline: 0

* FSM state transitions: 
1 --> 2 
2 --> 3 
3 --> 4 
4 --> 5 
5 --> 6 
6 --> 7 
7 --> 8 
8 --> 9 
9 --> 

* FSM state operations: 

State 1 <SV = 0> <Delay = 3.76>
ST_1 : Operation 10 [1/1] (0.00ns)   --->   "%angle_read = read i21 @_ssdm_op_Read.ap_auto.i21, i21 %angle" [../src/fp_math_hls.cpp:597]   --->   Operation 10 'read' 'angle_read' <Predicate = true> <Delay = 0.00>
ST_1 : Operation 11 [1/1] (0.90ns)   --->   "%icmp_ln428 = icmp_sgt  i21 %angle_read, i21 12867" [../src/fp_math_hls.cpp:428->../src/fp_math_hls.cpp:601]   --->   Operation 11 'icmp' 'icmp_ln428' <Predicate = true> <Delay = 0.90> <CoreInst = "Cmp">   --->   Core 9 'Cmp' <Latency = 0> <II = 1> <Delay = 0.90> <FuncUnit> <Opcode : 'seteq' 'setne' 'setle' 'setge' 'setlt' 'setgt'> <InPorts = 2> <OutPorts = 1>
ST_1 : Operation 12 [1/1] (0.90ns)   --->   "%angle_9 = add i21 %angle_read, i21 2071417" [../src/fp_math_hls.cpp:429->../src/fp_math_hls.cpp:601]   --->   Operation 12 'add' 'angle_9' <Predicate = true> <Delay = 0.90> <CoreInst = "Adder">   --->   Core 1 'Adder' <Latency = 0> <II = 1> <Delay = 0.90> <FuncUnit> <Opcode : 'add' 'sub'> <InPorts = 2> <OutPorts = 1>
ST_1 : Operation 13 [1/1] (0.35ns)   --->   "%angle_10 = select i1 %icmp_ln428, i21 %angle_9, i21 %angle_read" [../src/fp_math_hls.cpp:428->../src/fp_math_hls.cpp:601]   --->   Operation 13 'select' 'angle_10' <Predicate = true> <Delay = 0.35> <CoreInst = "Sel">   --->   Core 73 'Sel' <Latency = 0> <II = 1> <Delay = 0.35> <FuncUnit> <Opcode : 'select'> <InPorts = 3> <OutPorts = 1>
ST_1 : Operation 14 [1/1] (0.90ns)   --->   "%icmp_ln430 = icmp_slt  i21 %angle_10, i21 2084285" [../src/fp_math_hls.cpp:430->../src/fp_math_hls.cpp:601]   --->   Operation 14 'icmp' 'icmp_ln430' <Predicate = true> <Delay = 0.90> <CoreInst = "Cmp">   --->   Core 9 'Cmp' <Latency = 0> <II = 1> <Delay = 0.90> <FuncUnit> <Opcode : 'seteq' 'setne' 'setle' 'setge' 'setlt' 'setgt'> <InPorts = 2> <OutPorts = 1>
ST_1 : Operation 15 [1/1] (0.90ns)   --->   "%angle_11 = add i21 %angle_10, i21 25735" [../src/fp_math_hls.cpp:431->../src/fp_math_hls.cpp:601]   --->   Operation 15 'add' 'angle_11' <Predicate = true> <Delay = 0.90> <CoreInst = "Adder">   --->   Core 1 'Adder' <Latency = 0> <II = 1> <Delay = 0.90> <FuncUnit> <Opcode : 'add' 'sub'> <InPorts = 2> <OutPorts = 1>
ST_1 : Operation 16 [1/1] (0.35ns)   --->   "%angle_12 = select i1 %icmp_ln430, i21 %angle_11, i21 %angle_10" [../src/fp_math_hls.cpp:430->../src/fp_math_hls.cpp:601]   --->   Operation 16 'select' 'angle_12' <Predicate = true> <Delay = 0.35> <CoreInst = "Sel">   --->   Core 73 'Sel' <Latency = 0> <II = 1> <Delay = 0.35> <FuncUnit> <Opcode : 'select'> <InPorts = 3> <OutPorts = 1>
ST_1 : Operation 17 [1/1] (0.90ns)   --->   "%icmp_ln428_1 = icmp_sgt  i21 %angle_12, i21 12867" [../src/fp_math_hls.cpp:428->../src/fp_math_hls.cpp:601]   --->   Operation 17 'icmp' 'icmp_ln428_1' <Predicate = true> <Delay = 0.90> <CoreInst = "Cmp">   --->   Core 9 'Cmp' <Latency = 0> <II = 1> <Delay = 0.90> <FuncUnit> <Opcode : 'seteq' 'setne' 'setle' 'setge' 'setlt' 'setgt'> <InPorts = 2> <OutPorts = 1>
ST_1 : Operation 18 [1/1] (0.90ns)   --->   "%angle_13 = add i21 %angle_12, i21 2071417" [../src/fp_math_hls.cpp:429->../src/fp_math_hls.cpp:601]   --->   Operation 18 'add' 'angle_13' <Predicate = true> <Delay = 0.90> <CoreInst = "Adder">   --->   Core 1 'Adder' <Latency = 0> <II = 1> <Delay = 0.90> <FuncUnit> <Opcode : 'add' 'sub'> <InPorts = 2> <OutPorts = 1>
ST_1 : Operation 19 [1/1] (0.35ns)   --->   "%angle_14 = select i1 %icmp_ln428_1, i21 %angle_13, i21 %angle_12" [../src/fp_math_hls.cpp:428->../src/fp_math_hls.cpp:601]   --->   Operation 19 'select' 'angle_14' <Predicate = true> <Delay = 0.35> <CoreInst = "Sel">   --->   Core 73 'Sel' <Latency = 0> <II = 1> <Delay = 0.35> <FuncUnit> <Opcode : 'select'> <InPorts = 3> <OutPorts = 1>

State 2 <SV = 1> <Delay = 4.22>
ST_2 : Operation 20 [1/1] (0.90ns)   --->   "%icmp_ln430_1 = icmp_slt  i21 %angle_14, i21 2084285" [../src/fp_math_hls.cpp:430->../src/fp_math_hls.cpp:601]   --->   Operation 20 'icmp' 'icmp_ln430_1' <Predicate = true> <Delay = 0.90> <CoreInst = "Cmp">   --->   Core 9 'Cmp' <Latency = 0> <II = 1> <Delay = 0.90> <FuncUnit> <Opcode : 'seteq' 'setne' 'setle' 'setge' 'setlt' 'setgt'> <InPorts = 2> <OutPorts = 1>
ST_2 : Operation 21 [1/1] (0.90ns)   --->   "%angle_15 = add i21 %angle_14, i21 25735" [../src/fp_math_hls.cpp:431->../src/fp_math_hls.cpp:601]   --->   Operation 21 'add' 'angle_15' <Predicate = true> <Delay = 0.90> <CoreInst = "Adder">   --->   Core 1 'Adder' <Latency = 0> <II = 1> <Delay = 0.90> <FuncUnit> <Opcode : 'add' 'sub'> <InPorts = 2> <OutPorts = 1>
ST_2 : Operation 22 [1/1] (0.35ns)   --->   "%angle_16 = select i1 %icmp_ln430_1, i21 %angle_15, i21 %angle_14" [../src/fp_math_hls.cpp:430->../src/fp_math_hls.cpp:601]   --->   Operation 22 'select' 'angle_16' <Predicate = true> <Delay = 0.35> <CoreInst = "Sel">   --->   Core 73 'Sel' <Latency = 0> <II = 1> <Delay = 0.35> <FuncUnit> <Opcode : 'select'> <InPorts = 3> <OutPorts = 1>
ST_2 : Operation 23 [1/1] (0.00ns)   --->   "%trunc_ln430 = trunc i21 %angle_16" [../src/fp_math_hls.cpp:430->../src/fp_math_hls.cpp:601]   --->   Operation 23 'trunc' 'trunc_ln430' <Predicate = true> <Delay = 0.00>
ST_2 : Operation 24 [1/1] (0.00ns)   --->   "%neg = bitselect i1 @_ssdm_op_BitSelect.i1.i21.i32, i21 %angle_16, i32 20" [../src/fp_math_hls.cpp:602]   --->   Operation 24 'bitselect' 'neg' <Predicate = true> <Delay = 0.00>
ST_2 : Operation 25 [1/1] (0.89ns)   --->   "%angle_u = sub i20 0, i20 %trunc_ln430" [../src/fp_math_hls.cpp:603]   --->   Operation 25 'sub' 'angle_u' <Predicate = true> <Delay = 0.89> <CoreInst = "Adder">   --->   Core 1 'Adder' <Latency = 0> <II = 1> <Delay = 0.89> <FuncUnit> <Opcode : 'add' 'sub'> <InPorts = 2> <OutPorts = 1>
ST_2 : Operation 26 [1/1] (0.36ns)   --->   "%angle_u_2 = select i1 %neg, i20 %angle_u, i20 %trunc_ln430" [../src/fp_math_hls.cpp:603]   --->   Operation 26 'select' 'angle_u_2' <Predicate = true> <Delay = 0.36> <CoreInst = "Sel">   --->   Core 73 'Sel' <Latency = 0> <II = 1> <Delay = 0.36> <FuncUnit> <Opcode : 'select'> <InPorts = 3> <OutPorts = 1>
ST_2 : Operation 27 [1/1] (0.00ns)   --->   "%zext_ln441 = zext i20 %angle_u_2" [../src/fp_math_hls.cpp:441->../src/fp_math_hls.cpp:605]   --->   Operation 27 'zext' 'zext_ln441' <Predicate = true> <Delay = 0.00>
ST_2 : Operation 28 [3/3] (1.70ns)   --->   "%lut_scaled_raw = mul i41 %zext_ln441, i41 1335088" [../src/fp_math_hls.cpp:441->../src/fp_math_hls.cpp:605]   --->   Operation 28 'mul' 'lut_scaled_raw' <Predicate = true> <Delay = 1.70> <CoreInst = "Mul_DSP">   --->   Core 5 'Mul_DSP' <Latency = 2> <II = 1> <Delay = 1.70> <FuncUnit> <Opcode : 'mul'> <InPorts = 2> <OutPorts = 1>

State 3 <SV = 2> <Delay = 1.70>
ST_3 : Operation 29 [2/3] (1.70ns)   --->   "%lut_scaled_raw = mul i41 %zext_ln441, i41 1335088" [../src/fp_math_hls.cpp:441->../src/fp_math_hls.cpp:605]   --->   Operation 29 'mul' 'lut_scaled_raw' <Predicate = true> <Delay = 1.70> <CoreInst = "Mul_DSP">   --->   Core 5 'Mul_DSP' <Latency = 2> <II = 1> <Delay = 1.70> <FuncUnit> <Opcode : 'mul'> <InPorts = 2> <OutPorts = 1>

State 4 <SV = 3> <Delay = 4.12>
ST_4 : Operation 30 [1/3] (1.70ns)   --->   "%lut_scaled_raw = mul i41 %zext_ln441, i41 1335088" [../src/fp_math_hls.cpp:441->../src/fp_math_hls.cpp:605]   --->   Operation 30 'mul' 'lut_scaled_raw' <Predicate = true> <Delay = 1.70> <CoreInst = "Mul_DSP">   --->   Core 5 'Mul_DSP' <Latency = 2> <II = 1> <Delay = 1.70> <FuncUnit> <Opcode : 'mul'> <InPorts = 2> <OutPorts = 1>
ST_4 : Operation 31 [1/1] (0.00ns)   --->   "%specfucore_ln443 = specfucore void @_ssdm_op_SpecFUCore, i41 %lut_scaled_raw, i64 12, i64 3, i64 2, i1 0" [../src/fp_math_hls.cpp:443->../src/fp_math_hls.cpp:605]   --->   Operation 31 'specfucore' 'specfucore_ln443' <Predicate = true> <Delay = 0.00>
ST_4 : Operation 32 [1/1] (0.00ns)   --->   "%trunc_ln = partselect i10 @_ssdm_op_PartSelect.i10.i41.i32.i32, i41 %lut_scaled_raw, i32 24, i32 33" [../src/fp_math_hls.cpp:606]   --->   Operation 32 'partselect' 'trunc_ln' <Predicate = true> <Delay = 0.00>
ST_4 : Operation 33 [1/1] (0.00ns)   --->   "%tmp = partselect i7 @_ssdm_op_PartSelect.i7.i41.i32.i32, i41 %lut_scaled_raw, i32 34, i32 40" [../src/fp_math_hls.cpp:607]   --->   Operation 33 'partselect' 'tmp' <Predicate = true> <Delay = 0.00>
ST_4 : Operation 34 [1/1] (0.77ns)   --->   "%icmp_ln607 = icmp_ne  i7 %tmp, i7 0" [../src/fp_math_hls.cpp:607]   --->   Operation 34 'icmp' 'icmp_ln607' <Predicate = true> <Delay = 0.77> <CoreInst = "Cmp">   --->   Core 9 'Cmp' <Latency = 0> <II = 1> <Delay = 0.77> <FuncUnit> <Opcode : 'seteq' 'setne' 'setle' 'setge' 'setlt' 'setgt'> <InPorts = 2> <OutPorts = 1>
ST_4 : Operation 35 [1/1] (0.40ns)   --->   "%idx = select i1 %icmp_ln607, i10 1023, i10 %trunc_ln" [../src/fp_math_hls.cpp:607]   --->   Operation 35 'select' 'idx' <Predicate = true> <Delay = 0.40> <CoreInst = "Sel">   --->   Core 73 'Sel' <Latency = 0> <II = 1> <Delay = 0.40> <FuncUnit> <Opcode : 'select'> <InPorts = 3> <OutPorts = 1>
ST_4 : Operation 36 [1/1] (0.00ns)   --->   "%trunc_ln614_1 = partselect i21 @_ssdm_op_PartSelect.i21.i41.i32.i32, i41 %lut_scaled_raw, i32 12, i32 32" [../src/fp_math_hls.cpp:614]   --->   Operation 36 'partselect' 'trunc_ln614_1' <Predicate = true> <Delay = 0.00>
ST_4 : Operation 37 [1/1] (0.00ns)   --->   "%trunc_ln614 = trunc i10 %idx" [../src/fp_math_hls.cpp:614]   --->   Operation 37 'trunc' 'trunc_ln614' <Predicate = true> <Delay = 0.00>
ST_4 : Operation 38 [1/1] (0.00ns)   --->   "%shl_ln = bitconcatenate i21 @_ssdm_op_BitConcatenate.i21.i9.i12, i9 %trunc_ln614, i12 0" [../src/fp_math_hls.cpp:614]   --->   Operation 38 'bitconcatenate' 'shl_ln' <Predicate = true> <Delay = 0.00>
ST_4 : Operation 39 [1/1] (0.90ns)   --->   "%frac_raw = sub i21 %trunc_ln614_1, i21 %shl_ln" [../src/fp_math_hls.cpp:614]   --->   Operation 39 'sub' 'frac_raw' <Predicate = true> <Delay = 0.90> <CoreInst = "Adder">   --->   Core 1 'Adder' <Latency = 0> <II = 1> <Delay = 0.90> <FuncUnit> <Opcode : 'add' 'sub'> <InPorts = 2> <OutPorts = 1>
ST_4 : Operation 40 [1/1] (0.00ns)   --->   "%zext_ln616 = zext i10 %idx" [../src/fp_math_hls.cpp:616]   --->   Operation 40 'zext' 'zext_ln616' <Predicate = true> <Delay = 0.00>
ST_4 : Operation 41 [1/1] (0.00ns)   --->   "%sin_lut_fn_addr = getelementptr i13 %sin_lut_fn, i64 0, i64 %zext_ln616" [../src/fp_math_hls.cpp:616]   --->   Operation 41 'getelementptr' 'sin_lut_fn_addr' <Predicate = true> <Delay = 0.00>
ST_4 : Operation 42 [2/2] (1.23ns)   --->   "%value = load i11 %sin_lut_fn_addr" [../src/fp_math_hls.cpp:616]   --->   Operation 42 'load' 'value' <Predicate = true> <Delay = 1.23> <CoreInst = "ROM_2P_BRAM">   --->   Core 106 'ROM_2P_BRAM' <Latency = 1> <II = 1> <Delay = 1.23> <Storage> <Opcode : 'load'> <Ports = 2> <Width = 13> <Depth = 1025> <ROM>
ST_4 : Operation 43 [1/1] (0.00ns)   --->   "%cos_lut_fn_addr = getelementptr i14 %cos_lut_fn, i64 0, i64 %zext_ln616" [../src/fp_math_hls.cpp:622]   --->   Operation 43 'getelementptr' 'cos_lut_fn_addr' <Predicate = true> <Delay = 0.00>
ST_4 : Operation 44 [2/2] (1.23ns)   --->   "%value_158 = load i11 %cos_lut_fn_addr" [../src/fp_math_hls.cpp:622]   --->   Operation 44 'load' 'value_158' <Predicate = true> <Delay = 1.23> <CoreInst = "ROM_2P_BRAM">   --->   Core 106 'ROM_2P_BRAM' <Latency = 1> <II = 1> <Delay = 1.23> <Storage> <Opcode : 'load'> <Ports = 2> <Width = 14> <Depth = 1025> <ROM>

State 5 <SV = 4> <Delay = 2.02>
ST_5 : Operation 45 [1/1] (0.00ns)   --->   "%zext_ln606 = zext i10 %idx" [../src/fp_math_hls.cpp:606]   --->   Operation 45 'zext' 'zext_ln606' <Predicate = true> <Delay = 0.00>
ST_5 : Operation 46 [1/1] (0.78ns)   --->   "%idx_next = add i11 %zext_ln606, i11 1" [../src/fp_math_hls.cpp:612]   --->   Operation 46 'add' 'idx_next' <Predicate = true> <Delay = 0.78> <CoreInst = "Adder">   --->   Core 1 'Adder' <Latency = 0> <II = 1> <Delay = 0.79> <FuncUnit> <Opcode : 'add' 'sub'> <InPorts = 2> <OutPorts = 1>
ST_5 : Operation 47 [1/2] ( I:1.23ns O:1.23ns )   --->   "%value = load i11 %sin_lut_fn_addr" [../src/fp_math_hls.cpp:616]   --->   Operation 47 'load' 'value' <Predicate = true> <Delay = 1.23> <CoreInst = "ROM_2P_BRAM">   --->   Core 106 'ROM_2P_BRAM' <Latency = 1> <II = 1> <Delay = 1.23> <Storage> <Opcode : 'load'> <Ports = 2> <Width = 13> <Depth = 1025> <ROM>
ST_5 : Operation 48 [1/1] (0.00ns)   --->   "%zext_ln617 = zext i11 %idx_next" [../src/fp_math_hls.cpp:617]   --->   Operation 48 'zext' 'zext_ln617' <Predicate = true> <Delay = 0.00>
ST_5 : Operation 49 [1/1] (0.00ns)   --->   "%sin_lut_fn_addr_1 = getelementptr i13 %sin_lut_fn, i64 0, i64 %zext_ln617" [../src/fp_math_hls.cpp:617]   --->   Operation 49 'getelementptr' 'sin_lut_fn_addr_1' <Predicate = true> <Delay = 0.00>
ST_5 : Operation 50 [2/2] (1.23ns)   --->   "%value_157 = load i11 %sin_lut_fn_addr_1" [../src/fp_math_hls.cpp:617]   --->   Operation 50 'load' 'value_157' <Predicate = true> <Delay = 1.23> <CoreInst = "ROM_2P_BRAM">   --->   Core 106 'ROM_2P_BRAM' <Latency = 1> <II = 1> <Delay = 1.23> <Storage> <Opcode : 'load'> <Ports = 2> <Width = 13> <Depth = 1025> <ROM>
ST_5 : Operation 51 [1/2] ( I:1.23ns O:1.23ns )   --->   "%value_158 = load i11 %cos_lut_fn_addr" [../src/fp_math_hls.cpp:622]   --->   Operation 51 'load' 'value_158' <Predicate = true> <Delay = 1.23> <CoreInst = "ROM_2P_BRAM">   --->   Core 106 'ROM_2P_BRAM' <Latency = 1> <II = 1> <Delay = 1.23> <Storage> <Opcode : 'load'> <Ports = 2> <Width = 14> <Depth = 1025> <ROM>
ST_5 : Operation 52 [1/1] (0.00ns)   --->   "%cos_lut_fn_addr_1 = getelementptr i14 %cos_lut_fn, i64 0, i64 %zext_ln617" [../src/fp_math_hls.cpp:623]   --->   Operation 52 'getelementptr' 'cos_lut_fn_addr_1' <Predicate = true> <Delay = 0.00>
ST_5 : Operation 53 [2/2] (1.23ns)   --->   "%value_159 = load i11 %cos_lut_fn_addr_1" [../src/fp_math_hls.cpp:623]   --->   Operation 53 'load' 'value_159' <Predicate = true> <Delay = 1.23> <CoreInst = "ROM_2P_BRAM">   --->   Core 106 'ROM_2P_BRAM' <Latency = 1> <II = 1> <Delay = 1.23> <Storage> <Opcode : 'load'> <Ports = 2> <Width = 14> <Depth = 1025> <ROM>

State 6 <SV = 5> <Delay = 3.70>
ST_6 : Operation 54 [1/1] (0.00ns)   --->   "%zext_ln759_1 = zext i13 %value" [include/fp_types_hls.hpp:759->../src/fp_math_hls.cpp:616]   --->   Operation 54 'zext' 'zext_ln759_1' <Predicate = true> <Delay = 0.00>
ST_6 : Operation 55 [1/2] ( I:1.23ns O:1.23ns )   --->   "%value_157 = load i11 %sin_lut_fn_addr_1" [../src/fp_math_hls.cpp:617]   --->   Operation 55 'load' 'value_157' <Predicate = true> <Delay = 1.23> <CoreInst = "ROM_2P_BRAM">   --->   Core 106 'ROM_2P_BRAM' <Latency = 1> <II = 1> <Delay = 1.23> <Storage> <Opcode : 'load'> <Ports = 2> <Width = 13> <Depth = 1025> <ROM>
ST_6 : Operation 56 [1/1] (0.00ns)   --->   "%zext_ln759_2 = zext i13 %value_157" [include/fp_types_hls.hpp:759->../src/fp_math_hls.cpp:617]   --->   Operation 56 'zext' 'zext_ln759_2' <Predicate = true> <Delay = 0.00>
ST_6 : Operation 57 [1/1] (0.82ns)   --->   "%dv_raw = sub i14 %zext_ln759_2, i14 %zext_ln759_1" [../src/fp_math_hls.cpp:244->../src/fp_math_hls.cpp:618]   --->   Operation 57 'sub' 'dv_raw' <Predicate = true> <Delay = 0.82> <CoreInst = "Adder">   --->   Core 1 'Adder' <Latency = 0> <II = 1> <Delay = 0.83> <FuncUnit> <Opcode : 'add' 'sub'> <InPorts = 2> <OutPorts = 1>
ST_6 : Operation 58 [1/1] (0.00ns)   --->   "%sext_ln208_1 = sext i21 %frac_raw" [../src/fp_math_hls.cpp:208->../src/fp_math_hls.cpp:245->../src/fp_math_hls.cpp:618]   --->   Operation 58 'sext' 'sext_ln208_1' <Predicate = true> <Delay = 0.00>
ST_6 : Operation 59 [1/1] (0.00ns)   --->   "%sext_ln208_2 = sext i14 %dv_raw" [../src/fp_math_hls.cpp:208->../src/fp_math_hls.cpp:245->../src/fp_math_hls.cpp:618]   --->   Operation 59 'sext' 'sext_ln208_2' <Predicate = true> <Delay = 0.00>
ST_6 : Operation 60 [3/3] (1.64ns)   --->   "%mul_ln208 = mul i35 %sext_ln208_1, i35 %sext_ln208_2" [../src/fp_math_hls.cpp:208->../src/fp_math_hls.cpp:245->../src/fp_math_hls.cpp:618]   --->   Operation 60 'mul' 'mul_ln208' <Predicate = true> <Delay = 1.64> <CoreInst = "Mul_DSP">   --->   Core 5 'Mul_DSP' <Latency = 2> <II = 1> <Delay = 1.64> <FuncUnit> <Opcode : 'mul'> <InPorts = 2> <OutPorts = 1>
ST_6 : Operation 61 [1/2] ( I:1.23ns O:1.23ns )   --->   "%value_159 = load i11 %cos_lut_fn_addr_1" [../src/fp_math_hls.cpp:623]   --->   Operation 61 'load' 'value_159' <Predicate = true> <Delay = 1.23> <CoreInst = "ROM_2P_BRAM">   --->   Core 106 'ROM_2P_BRAM' <Latency = 1> <II = 1> <Delay = 1.23> <Storage> <Opcode : 'load'> <Ports = 2> <Width = 14> <Depth = 1025> <ROM>

State 7 <SV = 6> <Delay = 2.48>
ST_7 : Operation 62 [1/1] (0.00ns)   --->   "%sext_ln208 = sext i21 %frac_raw" [../src/fp_math_hls.cpp:208->../src/fp_math_hls.cpp:245->../src/fp_math_hls.cpp:618]   --->   Operation 62 'sext' 'sext_ln208' <Predicate = true> <Delay = 0.00>
ST_7 : Operation 63 [2/3] (1.64ns)   --->   "%mul_ln208 = mul i35 %sext_ln208_1, i35 %sext_ln208_2" [../src/fp_math_hls.cpp:208->../src/fp_math_hls.cpp:245->../src/fp_math_hls.cpp:618]   --->   Operation 63 'mul' 'mul_ln208' <Predicate = true> <Delay = 1.64> <CoreInst = "Mul_DSP">   --->   Core 5 'Mul_DSP' <Latency = 2> <II = 1> <Delay = 1.64> <FuncUnit> <Opcode : 'mul'> <InPorts = 2> <OutPorts = 1>
ST_7 : Operation 64 [1/1] (0.00ns)   --->   "%sext_ln759_1 = sext i14 %value_158" [include/fp_types_hls.hpp:759->../src/fp_math_hls.cpp:622]   --->   Operation 64 'sext' 'sext_ln759_1' <Predicate = true> <Delay = 0.00>
ST_7 : Operation 65 [1/1] (0.00ns)   --->   "%sext_ln759_2 = sext i14 %value_159" [include/fp_types_hls.hpp:759->../src/fp_math_hls.cpp:623]   --->   Operation 65 'sext' 'sext_ln759_2' <Predicate = true> <Delay = 0.00>
ST_7 : Operation 66 [1/1] (0.83ns)   --->   "%dv_raw_1 = sub i15 %sext_ln759_2, i15 %sext_ln759_1" [../src/fp_math_hls.cpp:244->../src/fp_math_hls.cpp:624]   --->   Operation 66 'sub' 'dv_raw_1' <Predicate = true> <Delay = 0.83> <CoreInst = "Adder">   --->   Core 1 'Adder' <Latency = 0> <II = 1> <Delay = 0.84> <FuncUnit> <Opcode : 'add' 'sub'> <InPorts = 2> <OutPorts = 1>
ST_7 : Operation 67 [1/1] (0.00ns)   --->   "%sext_ln208_3 = sext i15 %dv_raw_1" [../src/fp_math_hls.cpp:208->../src/fp_math_hls.cpp:245->../src/fp_math_hls.cpp:624]   --->   Operation 67 'sext' 'sext_ln208_3' <Predicate = true> <Delay = 0.00>
ST_7 : Operation 68 [3/3] (1.64ns)   --->   "%mul_ln208_1 = mul i36 %sext_ln208_3, i36 %sext_ln208" [../src/fp_math_hls.cpp:208->../src/fp_math_hls.cpp:245->../src/fp_math_hls.cpp:624]   --->   Operation 68 'mul' 'mul_ln208_1' <Predicate = true> <Delay = 1.64> <CoreInst = "Mul_DSP">   --->   Core 5 'Mul_DSP' <Latency = 2> <II = 1> <Delay = 1.64> <FuncUnit> <Opcode : 'mul'> <InPorts = 2> <OutPorts = 1>

State 8 <SV = 7> <Delay = 3.81>
ST_8 : Operation 69 [1/1] (0.00ns)   --->   "%zext_ln759 = zext i13 %value" [include/fp_types_hls.hpp:759->../src/fp_math_hls.cpp:616]   --->   Operation 69 'zext' 'zext_ln759' <Predicate = true> <Delay = 0.00>
ST_8 : Operation 70 [1/3] (1.64ns)   --->   "%mul_ln208 = mul i35 %sext_ln208_1, i35 %sext_ln208_2" [../src/fp_math_hls.cpp:208->../src/fp_math_hls.cpp:245->../src/fp_math_hls.cpp:618]   --->   Operation 70 'mul' 'mul_ln208' <Predicate = true> <Delay = 1.64> <CoreInst = "Mul_DSP">   --->   Core 5 'Mul_DSP' <Latency = 2> <II = 1> <Delay = 1.64> <FuncUnit> <Opcode : 'mul'> <InPorts = 2> <OutPorts = 1>
ST_8 : Operation 71 [1/1] (0.00ns)   --->   "%specfucore_ln209 = specfucore void @_ssdm_op_SpecFUCore, i35 %mul_ln208, i64 12, i64 3, i64 2, i1 0" [../src/fp_math_hls.cpp:209->../src/fp_math_hls.cpp:245->../src/fp_math_hls.cpp:618]   --->   Operation 71 'specfucore' 'specfucore_ln209' <Predicate = true> <Delay = 0.00>
ST_8 : Operation 72 [1/1] (0.00ns)   --->   "%interp_raw = partselect i21 @_ssdm_op_PartSelect.i21.i35.i32.i32, i35 %mul_ln208, i32 12, i32 32" [../src/fp_math_hls.cpp:210->../src/fp_math_hls.cpp:245->../src/fp_math_hls.cpp:618]   --->   Operation 72 'partselect' 'interp_raw' <Predicate = true> <Delay = 0.00>
ST_8 : Operation 73 [1/1] (0.90ns)   --->   "%out = add i21 %zext_ln759, i21 %interp_raw" [../src/fp_math_hls.cpp:246->../src/fp_math_hls.cpp:618]   --->   Operation 73 'add' 'out' <Predicate = true> <Delay = 0.90> <CoreInst = "Adder">   --->   Core 1 'Adder' <Latency = 0> <II = 1> <Delay = 0.90> <FuncUnit> <Opcode : 'add' 'sub'> <InPorts = 2> <OutPorts = 1>
ST_8 : Operation 74 [1/1] (0.90ns)   --->   "%raw = sub i21 0, i21 %out" [../src/fp_math_hls.cpp:619]   --->   Operation 74 'sub' 'raw' <Predicate = (neg)> <Delay = 0.90> <CoreInst = "Adder">   --->   Core 1 'Adder' <Latency = 0> <II = 1> <Delay = 0.90> <FuncUnit> <Opcode : 'add' 'sub'> <InPorts = 2> <OutPorts = 1>
ST_8 : Operation 75 [1/1] (0.35ns)   --->   "%out_119 = select i1 %neg, i21 %raw, i21 %out" [../src/fp_math_hls.cpp:619]   --->   Operation 75 'select' 'out_119' <Predicate = true> <Delay = 0.35> <CoreInst = "Sel">   --->   Core 73 'Sel' <Latency = 0> <II = 1> <Delay = 0.35> <FuncUnit> <Opcode : 'select'> <InPorts = 3> <OutPorts = 1>
ST_8 : Operation 76 [2/3] (1.64ns)   --->   "%mul_ln208_1 = mul i36 %sext_ln208_3, i36 %sext_ln208" [../src/fp_math_hls.cpp:208->../src/fp_math_hls.cpp:245->../src/fp_math_hls.cpp:624]   --->   Operation 76 'mul' 'mul_ln208_1' <Predicate = true> <Delay = 1.64> <CoreInst = "Mul_DSP">   --->   Core 5 'Mul_DSP' <Latency = 2> <II = 1> <Delay = 1.64> <FuncUnit> <Opcode : 'mul'> <InPorts = 2> <OutPorts = 1>

State 9 <SV = 8> <Delay = 2.55>
ST_9 : Operation 77 [1/1] (0.00ns)   --->   "%specmemcore_ln599 = specmemcore void @_ssdm_op_SpecMemCore, i13 %sin_lut_fn, i64 666, i64 36, i64 18446744073709551615, i1 0" [../src/fp_math_hls.cpp:599]   --->   Operation 77 'specmemcore' 'specmemcore_ln599' <Predicate = true> <Delay = 0.00>
ST_9 : Operation 78 [1/1] (0.00ns)   --->   "%specmemcore_ln600 = specmemcore void @_ssdm_op_SpecMemCore, i14 %cos_lut_fn, i64 666, i64 36, i64 18446744073709551615, i1 0" [../src/fp_math_hls.cpp:600]   --->   Operation 78 'specmemcore' 'specmemcore_ln600' <Predicate = true> <Delay = 0.00>
ST_9 : Operation 79 [1/1] (0.00ns)   --->   "%rbegin1 = specregionbegin i32 @_ssdm_op_SpecRegionBegin, void @empty_88" [../src/fp_math_hls.cpp:440->../src/fp_math_hls.cpp:605]   --->   Operation 79 'specregionbegin' 'rbegin1' <Predicate = true> <Delay = 0.00>
ST_9 : Operation 80 [1/1] (0.00ns)   --->   "%rend2 = specregionend i32 @_ssdm_op_SpecRegionEnd, void @empty_88, i32 %rbegin1" [../src/fp_math_hls.cpp:440->../src/fp_math_hls.cpp:605]   --->   Operation 80 'specregionend' 'rend2' <Predicate = true> <Delay = 0.00>
ST_9 : Operation 81 [1/1] (0.00ns)   --->   "%rbegin = specregionbegin i32 @_ssdm_op_SpecRegionBegin, void @empty_91" [../src/fp_math_hls.cpp:208->../src/fp_math_hls.cpp:245->../src/fp_math_hls.cpp:618]   --->   Operation 81 'specregionbegin' 'rbegin' <Predicate = true> <Delay = 0.00>
ST_9 : Operation 82 [1/1] (0.00ns)   --->   "%rend = specregionend i32 @_ssdm_op_SpecRegionEnd, void @empty_91, i32 %rbegin" [../src/fp_math_hls.cpp:208->../src/fp_math_hls.cpp:245->../src/fp_math_hls.cpp:618]   --->   Operation 82 'specregionend' 'rend' <Predicate = true> <Delay = 0.00>
ST_9 : Operation 83 [1/1] (0.00ns)   --->   "%sext_ln759 = sext i14 %value_158" [include/fp_types_hls.hpp:759->../src/fp_math_hls.cpp:622]   --->   Operation 83 'sext' 'sext_ln759' <Predicate = true> <Delay = 0.00>
ST_9 : Operation 84 [1/1] (0.00ns)   --->   "%rbegin3 = specregionbegin i32 @_ssdm_op_SpecRegionBegin, void @empty_144" [../src/fp_math_hls.cpp:208->../src/fp_math_hls.cpp:245->../src/fp_math_hls.cpp:624]   --->   Operation 84 'specregionbegin' 'rbegin3' <Predicate = true> <Delay = 0.00>
ST_9 : Operation 85 [1/3] (1.64ns)   --->   "%mul_ln208_1 = mul i36 %sext_ln208_3, i36 %sext_ln208" [../src/fp_math_hls.cpp:208->../src/fp_math_hls.cpp:245->../src/fp_math_hls.cpp:624]   --->   Operation 85 'mul' 'mul_ln208_1' <Predicate = true> <Delay = 1.64> <CoreInst = "Mul_DSP">   --->   Core 5 'Mul_DSP' <Latency = 2> <II = 1> <Delay = 1.64> <FuncUnit> <Opcode : 'mul'> <InPorts = 2> <OutPorts = 1>
ST_9 : Operation 86 [1/1] (0.00ns)   --->   "%specfucore_ln209 = specfucore void @_ssdm_op_SpecFUCore, i36 %mul_ln208_1, i64 12, i64 3, i64 2, i1 0" [../src/fp_math_hls.cpp:209->../src/fp_math_hls.cpp:245->../src/fp_math_hls.cpp:624]   --->   Operation 86 'specfucore' 'specfucore_ln209' <Predicate = true> <Delay = 0.00>
ST_9 : Operation 87 [1/1] (0.00ns)   --->   "%rend4 = specregionend i32 @_ssdm_op_SpecRegionEnd, void @empty_144, i32 %rbegin3" [../src/fp_math_hls.cpp:208->../src/fp_math_hls.cpp:245->../src/fp_math_hls.cpp:624]   --->   Operation 87 'specregionend' 'rend4' <Predicate = true> <Delay = 0.00>
ST_9 : Operation 88 [1/1] (0.00ns)   --->   "%interp_raw_1 = partselect i21 @_ssdm_op_PartSelect.i21.i36.i32.i32, i36 %mul_ln208_1, i32 12, i32 32" [../src/fp_math_hls.cpp:210->../src/fp_math_hls.cpp:245->../src/fp_math_hls.cpp:624]   --->   Operation 88 'partselect' 'interp_raw_1' <Predicate = true> <Delay = 0.00>
ST_9 : Operation 89 [1/1] (0.90ns)   --->   "%raw_7 = add i21 %sext_ln759, i21 %interp_raw_1" [../src/fp_math_hls.cpp:246->../src/fp_math_hls.cpp:624]   --->   Operation 89 'add' 'raw_7' <Predicate = true> <Delay = 0.90> <CoreInst = "Adder">   --->   Core 1 'Adder' <Latency = 0> <II = 1> <Delay = 0.90> <FuncUnit> <Opcode : 'add' 'sub'> <InPorts = 2> <OutPorts = 1>
ST_9 : Operation 90 [1/1] (0.00ns)   --->   "%mrv = insertvalue i42 <undef>, i21 %out_119" [../src/fp_math_hls.cpp:625]   --->   Operation 90 'insertvalue' 'mrv' <Predicate = true> <Delay = 0.00>
ST_9 : Operation 91 [1/1] (0.00ns)   --->   "%mrv_1 = insertvalue i42 %mrv, i21 %raw_7" [../src/fp_math_hls.cpp:625]   --->   Operation 91 'insertvalue' 'mrv_1' <Predicate = true> <Delay = 0.00>
ST_9 : Operation 92 [1/1] (0.00ns)   --->   "%ret_ln625 = ret i42 %mrv_1" [../src/fp_math_hls.cpp:625]   --->   Operation 92 'ret' 'ret_ln625' <Predicate = true> <Delay = 0.00>


============================================================
+ Verbose Summary: Binding
============================================================
STG Binding: 
---------------- STG Properties BEGIN ----------------
- Is combinational: 0
- Is one-state seq: 0
- Is datapath-only: 0
- Is pipelined: 1
- Is top level: 0
Port [ Return ] is wired: 1; IO mode=ap_ctrl_hs:ce=0
Port [ angle]:  wired=1; compound=0; hidden=0; nouse=0; global=0; static=0; extern=0; dir=0; type=0; pingpong=0; private_global=0; IO mode=ap_none:ce=0
Port [ sin_lut_fn]:  wired=0; compound=1; hidden=1; nouse=0; global=1; static=1; extern=0; dir=0; type=1; pingpong=0; private_global=0; MemPort=[13]; IO mode=ap_memory:ce=0
Port [ cos_lut_fn]:  wired=0; compound=1; hidden=1; nouse=0; global=1; static=1; extern=0; dir=0; type=1; pingpong=0; private_global=0; MemPort=[13]; IO mode=ap_memory:ce=0
---------------- STG Properties END ------------------

---------------- Datapath Model BEGIN ----------------

<LifeTime>
<method=bitvector/>
angle_read        (read           ) [ 0000000000]
icmp_ln428        (icmp           ) [ 0000000000]
angle_9           (add            ) [ 0000000000]
angle_10          (select         ) [ 0000000000]
icmp_ln430        (icmp           ) [ 0000000000]
angle_11          (add            ) [ 0000000000]
angle_12          (select         ) [ 0000000000]
icmp_ln428_1      (icmp           ) [ 0000000000]
angle_13          (add            ) [ 0000000000]
angle_14          (select         ) [ 0010000000]
icmp_ln430_1      (icmp           ) [ 0000000000]
angle_15          (add            ) [ 0000000000]
angle_16          (select         ) [ 0000000000]
trunc_ln430       (trunc          ) [ 0000000000]
neg               (bitselect      ) [ 0001111110]
angle_u           (sub            ) [ 0000000000]
angle_u_2         (select         ) [ 0000000000]
zext_ln441        (zext           ) [ 0001100000]
lut_scaled_raw    (mul            ) [ 0000000000]
specfucore_ln443  (specfucore     ) [ 0000000000]
trunc_ln          (partselect     ) [ 0000000000]
tmp               (partselect     ) [ 0000000000]
icmp_ln607        (icmp           ) [ 0000000000]
idx               (select         ) [ 0000010000]
trunc_ln614_1     (partselect     ) [ 0000000000]
trunc_ln614       (trunc          ) [ 0000000000]
shl_ln            (bitconcatenate ) [ 0000000000]
frac_raw          (sub            ) [ 0000011100]
zext_ln616        (zext           ) [ 0000000000]
sin_lut_fn_addr   (getelementptr  ) [ 0000010000]
cos_lut_fn_addr   (getelementptr  ) [ 0000010000]
zext_ln606        (zext           ) [ 0000000000]
idx_next          (add            ) [ 0000000000]
value             (load           ) [ 0000001110]
zext_ln617        (zext           ) [ 0000000000]
sin_lut_fn_addr_1 (getelementptr  ) [ 0000001000]
value_158         (load           ) [ 0000001111]
cos_lut_fn_addr_1 (getelementptr  ) [ 0000001000]
zext_ln759_1      (zext           ) [ 0000000000]
value_157         (load           ) [ 0000000000]
zext_ln759_2      (zext           ) [ 0000000000]
dv_raw            (sub            ) [ 0000000000]
sext_ln208_1      (sext           ) [ 0000000110]
sext_ln208_2      (sext           ) [ 0000000110]
value_159         (load           ) [ 0000000100]
sext_ln208        (sext           ) [ 0000000011]
sext_ln759_1      (sext           ) [ 0000000000]
sext_ln759_2      (sext           ) [ 0000000000]
dv_raw_1          (sub            ) [ 0000000000]
sext_ln208_3      (sext           ) [ 0000000011]
zext_ln759        (zext           ) [ 0000000000]
mul_ln208         (mul            ) [ 0000000000]
specfucore_ln209  (specfucore     ) [ 0000000000]
interp_raw        (partselect     ) [ 0000000000]
out               (add            ) [ 0000000000]
raw               (sub            ) [ 0000000000]
out_119           (select         ) [ 0000000001]
specmemcore_ln599 (specmemcore    ) [ 0000000000]
specmemcore_ln600 (specmemcore    ) [ 0000000000]
rbegin1           (specregionbegin) [ 0000000000]
rend2             (specregionend  ) [ 0000000000]
rbegin            (specregionbegin) [ 0000000000]
rend              (specregionend  ) [ 0000000000]
sext_ln759        (sext           ) [ 0000000000]
rbegin3           (specregionbegin) [ 0000000000]
mul_ln208_1       (mul            ) [ 0000000000]
specfucore_ln209  (specfucore     ) [ 0000000000]
rend4             (specregionend  ) [ 0000000000]
interp_raw_1      (partselect     ) [ 0000000000]
raw_7             (add            ) [ 0000000000]
mrv               (insertvalue    ) [ 0000000000]
mrv_1             (insertvalue    ) [ 0000000000]
ret_ln625         (ret            ) [ 0000000000]
</LifeTime>

<model>

<comp_list>
<comp id="0" class="1000" name="angle">
<pin_list>
<pin id="1" dir="1" index="0" bw="1" slack="0"/>
</pin_list>
<bind>
<StgValue><ssdm name="angle"/></StgValue>
</bind>
</comp>

<comp id="2" class="1000" name="sin_lut_fn">
<pin_list>
<pin id="3" dir="1" index="0" bw="1" slack="0"/>
</pin_list>
<bind>
<StgValue><ssdm name="sin_lut_fn"/><MemPortTyVec>1 3 </MemPortTyVec>
</StgValue>
</bind>
</comp>

<comp id="4" class="1000" name="cos_lut_fn">
<pin_list>
<pin id="5" dir="1" index="0" bw="1" slack="0"/>
</pin_list>
<bind>
<StgValue><ssdm name="cos_lut_fn"/><MemPortTyVec>1 3 </MemPortTyVec>
</StgValue>
</bind>
</comp>

<comp id="6" class="1001" name="const_6">
<pin_list>
<pin id="7" dir="1" index="0" bw="1" slack="0"/>
</pin_list>
<bind>
<StgValue><ssdm name="_ssdm_op_Read.ap_auto.i21"/></StgValue>
</bind>
</comp>

<comp id="8" class="1001" name="const_8">
<pin_list>
<pin id="9" dir="1" index="0" bw="1" slack="0"/>
</pin_list>
<bind>
<StgValue><ssdm name=""/></StgValue>
</bind>
</comp>

<comp id="10" class="1001" name="const_10">
<pin_list>
<pin id="11" dir="1" index="0" bw="1" slack="0"/>
</pin_list>
<bind>
<StgValue><ssdm name=""/></StgValue>
</bind>
</comp>

<comp id="12" class="1001" name="const_12">
<pin_list>
<pin id="13" dir="1" index="0" bw="1" slack="0"/>
</pin_list>
<bind>
<StgValue><ssdm name=""/></StgValue>
</bind>
</comp>

<comp id="14" class="1001" name="const_14">
<pin_list>
<pin id="15" dir="1" index="0" bw="1" slack="0"/>
</pin_list>
<bind>
<StgValue><ssdm name=""/></StgValue>
</bind>
</comp>

<comp id="16" class="1001" name="const_16">
<pin_list>
<pin id="17" dir="1" index="0" bw="1" slack="0"/>
</pin_list>
<bind>
<StgValue><ssdm name="_ssdm_op_BitSelect.i1.i21.i32"/></StgValue>
</bind>
</comp>

<comp id="18" class="1001" name="const_18">
<pin_list>
<pin id="19" dir="1" index="0" bw="1" slack="0"/>
</pin_list>
<bind>
<StgValue><ssdm name=""/></StgValue>
</bind>
</comp>

<comp id="20" class="1001" name="const_20">
<pin_list>
<pin id="21" dir="1" index="0" bw="1" slack="0"/>
</pin_list>
<bind>
<StgValue><ssdm name=""/></StgValue>
</bind>
</comp>

<comp id="22" class="1001" name="const_22">
<pin_list>
<pin id="23" dir="1" index="0" bw="1" slack="0"/>
</pin_list>
<bind>
<StgValue><ssdm name=""/></StgValue>
</bind>
</comp>

<comp id="24" class="1001" name="const_24">
<pin_list>
<pin id="25" dir="1" index="0" bw="1" slack="2147483647"/>
</pin_list>
<bind>
<StgValue><ssdm name="_ssdm_op_SpecFUCore"/></StgValue>
</bind>
</comp>

<comp id="26" class="1001" name="const_26">
<pin_list>
<pin id="27" dir="1" index="0" bw="1" slack="2147483647"/>
</pin_list>
<bind>
<StgValue><ssdm name=""/></StgValue>
</bind>
</comp>

<comp id="28" class="1001" name="const_28">
<pin_list>
<pin id="29" dir="1" index="0" bw="1" slack="2147483647"/>
</pin_list>
<bind>
<StgValue><ssdm name=""/></StgValue>
</bind>
</comp>

<comp id="30" class="1001" name="const_30">
<pin_list>
<pin id="31" dir="1" index="0" bw="1" slack="2147483647"/>
</pin_list>
<bind>
<StgValue><ssdm name=""/></StgValue>
</bind>
</comp>

<comp id="32" class="1001" name="const_32">
<pin_list>
<pin id="33" dir="1" index="0" bw="1" slack="2147483647"/>
</pin_list>
<bind>
<StgValue><ssdm name=""/></StgValue>
</bind>
</comp>

<comp id="34" class="1001" name="const_34">
<pin_list>
<pin id="35" dir="1" index="0" bw="1" slack="0"/>
</pin_list>
<bind>
<StgValue><ssdm name="_ssdm_op_PartSelect.i10.i41.i32.i32"/></StgValue>
</bind>
</comp>

<comp id="36" class="1001" name="const_36">
<pin_list>
<pin id="37" dir="1" index="0" bw="1" slack="0"/>
</pin_list>
<bind>
<StgValue><ssdm name=""/></StgValue>
</bind>
</comp>

<comp id="38" class="1001" name="const_38">
<pin_list>
<pin id="39" dir="1" index="0" bw="1" slack="0"/>
</pin_list>
<bind>
<StgValue><ssdm name=""/></StgValue>
</bind>
</comp>

<comp id="40" class="1001" name="const_40">
<pin_list>
<pin id="41" dir="1" index="0" bw="1" slack="0"/>
</pin_list>
<bind>
<StgValue><ssdm name="_ssdm_op_PartSelect.i7.i41.i32.i32"/></StgValue>
</bind>
</comp>

<comp id="42" class="1001" name="const_42">
<pin_list>
<pin id="43" dir="1" index="0" bw="1" slack="0"/>
</pin_list>
<bind>
<StgValue><ssdm name=""/></StgValue>
</bind>
</comp>

<comp id="44" class="1001" name="const_44">
<pin_list>
<pin id="45" dir="1" index="0" bw="1" slack="0"/>
</pin_list>
<bind>
<StgValue><ssdm name=""/></StgValue>
</bind>
</comp>

<comp id="46" class="1001" name="const_46">
<pin_list>
<pin id="47" dir="1" index="0" bw="1" slack="0"/>
</pin_list>
<bind>
<StgValue><ssdm name=""/></StgValue>
</bind>
</comp>

<comp id="48" class="1001" name="const_48">
<pin_list>
<pin id="49" dir="1" index="0" bw="1" slack="0"/>
</pin_list>
<bind>
<StgValue><ssdm name=""/></StgValue>
</bind>
</comp>

<comp id="50" class="1001" name="const_50">
<pin_list>
<pin id="51" dir="1" index="0" bw="1" slack="0"/>
</pin_list>
<bind>
<StgValue><ssdm name="_ssdm_op_PartSelect.i21.i41.i32.i32"/></StgValue>
</bind>
</comp>

<comp id="52" class="1001" name="const_52">
<pin_list>
<pin id="53" dir="1" index="0" bw="1" slack="0"/>
</pin_list>
<bind>
<StgValue><ssdm name=""/></StgValue>
</bind>
</comp>

<comp id="54" class="1001" name="const_54">
<pin_list>
<pin id="55" dir="1" index="0" bw="1" slack="0"/>
</pin_list>
<bind>
<StgValue><ssdm name=""/></StgValue>
</bind>
</comp>

<comp id="56" class="1001" name="const_56">
<pin_list>
<pin id="57" dir="1" index="0" bw="1" slack="0"/>
</pin_list>
<bind>
<StgValue><ssdm name="_ssdm_op_BitConcatenate.i21.i9.i12"/></StgValue>
</bind>
</comp>

<comp id="58" class="1001" name="const_58">
<pin_list>
<pin id="59" dir="1" index="0" bw="1" slack="0"/>
</pin_list>
<bind>
<StgValue><ssdm name=""/></StgValue>
</bind>
</comp>

<comp id="60" class="1001" name="const_60">
<pin_list>
<pin id="61" dir="1" index="0" bw="1" slack="0"/>
</pin_list>
<bind>
<StgValue><ssdm name=""/></StgValue>
</bind>
</comp>

<comp id="62" class="1001" name="const_62">
<pin_list>
<pin id="63" dir="1" index="0" bw="1" slack="0"/>
</pin_list>
<bind>
<StgValue><ssdm name=""/></StgValue>
</bind>
</comp>

<comp id="64" class="1001" name="const_64">
<pin_list>
<pin id="65" dir="1" index="0" bw="1" slack="0"/>
</pin_list>
<bind>
<StgValue><ssdm name="_ssdm_op_PartSelect.i21.i35.i32.i32"/></StgValue>
</bind>
</comp>

<comp id="66" class="1001" name="const_66">
<pin_list>
<pin id="67" dir="1" index="0" bw="1" slack="0"/>
</pin_list>
<bind>
<StgValue><ssdm name=""/></StgValue>
</bind>
</comp>

<comp id="68" class="1001" name="const_68">
<pin_list>
<pin id="69" dir="1" index="0" bw="1" slack="2147483647"/>
</pin_list>
<bind>
<StgValue><ssdm name="_ssdm_op_SpecMemCore"/></StgValue>
</bind>
</comp>

<comp id="70" class="1001" name="const_70">
<pin_list>
<pin id="71" dir="1" index="0" bw="1" slack="2147483647"/>
</pin_list>
<bind>
<StgValue><ssdm name=""/></StgValue>
</bind>
</comp>

<comp id="72" class="1001" name="const_72">
<pin_list>
<pin id="73" dir="1" index="0" bw="1" slack="2147483647"/>
</pin_list>
<bind>
<StgValue><ssdm name=""/></StgValue>
</bind>
</comp>

<comp id="74" class="1001" name="const_74">
<pin_list>
<pin id="75" dir="1" index="0" bw="1" slack="2147483647"/>
</pin_list>
<bind>
<StgValue><ssdm name=""/></StgValue>
</bind>
</comp>

<comp id="76" class="1001" name="const_76">
<pin_list>
<pin id="77" dir="1" index="0" bw="1" slack="2147483647"/>
</pin_list>
<bind>
<StgValue><ssdm name="_ssdm_op_SpecRegionBegin"/></StgValue>
</bind>
</comp>

<comp id="78" class="1001" name="const_78">
<pin_list>
<pin id="79" dir="1" index="0" bw="1" slack="2147483647"/>
</pin_list>
<bind>
<StgValue><ssdm name="empty_88"/></StgValue>
</bind>
</comp>

<comp id="80" class="1001" name="const_80">
<pin_list>
<pin id="81" dir="1" index="0" bw="1" slack="2147483647"/>
</pin_list>
<bind>
<StgValue><ssdm name="_ssdm_op_SpecRegionEnd"/></StgValue>
</bind>
</comp>

<comp id="82" class="1001" name="const_82">
<pin_list>
<pin id="83" dir="1" index="0" bw="1" slack="2147483647"/>
</pin_list>
<bind>
<StgValue><ssdm name="empty_91"/></StgValue>
</bind>
</comp>

<comp id="84" class="1001" name="const_84">
<pin_list>
<pin id="85" dir="1" index="0" bw="1" slack="2147483647"/>
</pin_list>
<bind>
<StgValue><ssdm name="empty_144"/></StgValue>
</bind>
</comp>

<comp id="86" class="1001" name="const_86">
<pin_list>
<pin id="87" dir="1" index="0" bw="1" slack="0"/>
</pin_list>
<bind>
<StgValue><ssdm name="_ssdm_op_PartSelect.i21.i36.i32.i32"/></StgValue>
</bind>
</comp>

<comp id="88" class="1001" name="const_88">
<pin_list>
<pin id="89" dir="1" index="0" bw="1" slack="0"/>
</pin_list>
<bind>
<StgValue><ssdm name=""/></StgValue>
</bind>
</comp>

<comp id="90" class="1004" name="angle_read_read_fu_90">
<pin_list>
<pin id="91" dir="0" index="0" bw="21" slack="0"/>
<pin id="92" dir="0" index="1" bw="21" slack="0"/>
<pin id="93" dir="1" index="2" bw="21" slack="0"/>
</pin_list>
<bind>
<opcode="read(1150) " fcode="read"/>
<opset="angle_read/1 "/>
</bind>
</comp>

<comp id="96" class="1004" name="sin_lut_fn_addr_gep_fu_96">
<pin_list>
<pin id="97" dir="0" index="0" bw="13" slack="0"/>
<pin id="98" dir="0" index="1" bw="1" slack="0"/>
<pin id="99" dir="0" index="2" bw="10" slack="0"/>
<pin id="100" dir="1" index="3" bw="11" slack="0"/>
</pin_list>
<bind>
<opcode="getelementptr(29) " fcode="getelementptr"/>
<opset="sin_lut_fn_addr/4 "/>
</bind>
</comp>

<comp id="103" class="1004" name="grp_access_fu_103">
<pin_list>
<pin id="104" dir="0" index="0" bw="11" slack="0"/>
<pin id="105" dir="0" index="1" bw="13" slack="2147483647"/>
<pin id="106" dir="0" index="2" bw="0" slack="2147483647"/>
<pin id="107" dir="1" index="3" bw="13" slack="0"/>
</pin_list>
<bind>
<opcode="load(27) " fcode="load"/>
<opset="value/4 value_157/5 "/>
</bind>
</comp>

<comp id="109" class="1004" name="cos_lut_fn_addr_gep_fu_109">
<pin_list>
<pin id="110" dir="0" index="0" bw="14" slack="0"/>
<pin id="111" dir="0" index="1" bw="1" slack="0"/>
<pin id="112" dir="0" index="2" bw="10" slack="0"/>
<pin id="113" dir="1" index="3" bw="11" slack="0"/>
</pin_list>
<bind>
<opcode="getelementptr(29) " fcode="getelementptr"/>
<opset="cos_lut_fn_addr/4 "/>
</bind>
</comp>

<comp id="116" class="1004" name="grp_access_fu_116">
<pin_list>
<pin id="117" dir="0" index="0" bw="11" slack="0"/>
<pin id="118" dir="0" index="1" bw="14" slack="2147483647"/>
<pin id="119" dir="0" index="2" bw="0" slack="2147483647"/>
<pin id="120" dir="1" index="3" bw="14" slack="1"/>
</pin_list>
<bind>
<opcode="load(27) " fcode="load"/>
<opset="value_158/4 value_159/5 "/>
</bind>
</comp>

<comp id="122" class="1004" name="sin_lut_fn_addr_1_gep_fu_122">
<pin_list>
<pin id="123" dir="0" index="0" bw="13" slack="0"/>
<pin id="124" dir="0" index="1" bw="1" slack="0"/>
<pin id="125" dir="0" index="2" bw="11" slack="0"/>
<pin id="126" dir="1" index="3" bw="11" slack="0"/>
</pin_list>
<bind>
<opcode="getelementptr(29) " fcode="getelementptr"/>
<opset="sin_lut_fn_addr_1/5 "/>
</bind>
</comp>

<comp id="130" class="1004" name="cos_lut_fn_addr_1_gep_fu_130">
<pin_list>
<pin id="131" dir="0" index="0" bw="14" slack="0"/>
<pin id="132" dir="0" index="1" bw="1" slack="0"/>
<pin id="133" dir="0" index="2" bw="11" slack="0"/>
<pin id="134" dir="1" index="3" bw="11" slack="0"/>
</pin_list>
<bind>
<opcode="getelementptr(29) " fcode="getelementptr"/>
<opset="cos_lut_fn_addr_1/5 "/>
</bind>
</comp>

<comp id="138" class="1004" name="grp_fu_138">
<pin_list>
<pin id="139" dir="0" index="0" bw="20" slack="0"/>
<pin id="140" dir="0" index="1" bw="22" slack="0"/>
<pin id="141" dir="1" index="2" bw="41" slack="0"/>
</pin_list>
<bind>
<opcode="mul(12) " fcode="mul"/>
<opset="lut_scaled_raw/2 "/>
</bind>
</comp>

<comp id="143" class="1004" name="icmp_ln428_fu_143">
<pin_list>
<pin id="144" dir="0" index="0" bw="21" slack="0"/>
<pin id="145" dir="0" index="1" bw="21" slack="0"/>
<pin id="146" dir="1" index="2" bw="1" slack="0"/>
</pin_list>
<bind>
<opcode="icmp(45) " fcode="icmp"/>
<opset="icmp_ln428/1 "/>
</bind>
</comp>

<comp id="149" class="1004" name="angle_9_fu_149">
<pin_list>
<pin id="150" dir="0" index="0" bw="21" slack="0"/>
<pin id="151" dir="0" index="1" bw="16" slack="0"/>
<pin id="152" dir="1" index="2" bw="21" slack="0"/>
</pin_list>
<bind>
<opcode="add(8) " fcode="add"/>
<opset="angle_9/1 "/>
</bind>
</comp>

<comp id="155" class="1004" name="angle_10_fu_155">
<pin_list>
<pin id="156" dir="0" index="0" bw="1" slack="0"/>
<pin id="157" dir="0" index="1" bw="21" slack="0"/>
<pin id="158" dir="0" index="2" bw="21" slack="0"/>
<pin id="159" dir="1" index="3" bw="21" slack="0"/>
</pin_list>
<bind>
<opcode="select(49) " fcode="select"/>
<opset="angle_10/1 "/>
</bind>
</comp>

<comp id="163" class="1004" name="icmp_ln430_fu_163">
<pin_list>
<pin id="164" dir="0" index="0" bw="21" slack="0"/>
<pin id="165" dir="0" index="1" bw="21" slack="0"/>
<pin id="166" dir="1" index="2" bw="1" slack="0"/>
</pin_list>
<bind>
<opcode="icmp(45) " fcode="icmp"/>
<opset="icmp_ln430/1 "/>
</bind>
</comp>

<comp id="169" class="1004" name="angle_11_fu_169">
<pin_list>
<pin id="170" dir="0" index="0" bw="21" slack="0"/>
<pin id="171" dir="0" index="1" bw="16" slack="0"/>
<pin id="172" dir="1" index="2" bw="21" slack="0"/>
</pin_list>
<bind>
<opcode="add(8) " fcode="add"/>
<opset="angle_11/1 "/>
</bind>
</comp>

<comp id="175" class="1004" name="angle_12_fu_175">
<pin_list>
<pin id="176" dir="0" index="0" bw="1" slack="0"/>
<pin id="177" dir="0" index="1" bw="21" slack="0"/>
<pin id="178" dir="0" index="2" bw="21" slack="0"/>
<pin id="179" dir="1" index="3" bw="21" slack="0"/>
</pin_list>
<bind>
<opcode="select(49) " fcode="select"/>
<opset="angle_12/1 "/>
</bind>
</comp>

<comp id="183" class="1004" name="icmp_ln428_1_fu_183">
<pin_list>
<pin id="184" dir="0" index="0" bw="21" slack="0"/>
<pin id="185" dir="0" index="1" bw="21" slack="0"/>
<pin id="186" dir="1" index="2" bw="1" slack="0"/>
</pin_list>
<bind>
<opcode="icmp(45) " fcode="icmp"/>
<opset="icmp_ln428_1/1 "/>
</bind>
</comp>

<comp id="189" class="1004" name="angle_13_fu_189">
<pin_list>
<pin id="190" dir="0" index="0" bw="21" slack="0"/>
<pin id="191" dir="0" index="1" bw="16" slack="0"/>
<pin id="192" dir="1" index="2" bw="21" slack="0"/>
</pin_list>
<bind>
<opcode="add(8) " fcode="add"/>
<opset="angle_13/1 "/>
</bind>
</comp>

<comp id="195" class="1004" name="angle_14_fu_195">
<pin_list>
<pin id="196" dir="0" index="0" bw="1" slack="0"/>
<pin id="197" dir="0" index="1" bw="21" slack="0"/>
<pin id="198" dir="0" index="2" bw="21" slack="0"/>
<pin id="199" dir="1" index="3" bw="21" slack="1"/>
</pin_list>
<bind>
<opcode="select(49) " fcode="select"/>
<opset="angle_14/1 "/>
</bind>
</comp>

<comp id="203" class="1004" name="icmp_ln430_1_fu_203">
<pin_list>
<pin id="204" dir="0" index="0" bw="21" slack="1"/>
<pin id="205" dir="0" index="1" bw="21" slack="0"/>
<pin id="206" dir="1" index="2" bw="1" slack="0"/>
</pin_list>
<bind>
<opcode="icmp(45) " fcode="icmp"/>
<opset="icmp_ln430_1/2 "/>
</bind>
</comp>

<comp id="208" class="1004" name="angle_15_fu_208">
<pin_list>
<pin id="209" dir="0" index="0" bw="21" slack="1"/>
<pin id="210" dir="0" index="1" bw="16" slack="0"/>
<pin id="211" dir="1" index="2" bw="21" slack="0"/>
</pin_list>
<bind>
<opcode="add(8) " fcode="add"/>
<opset="angle_15/2 "/>
</bind>
</comp>

<comp id="213" class="1004" name="angle_16_fu_213">
<pin_list>
<pin id="214" dir="0" index="0" bw="1" slack="0"/>
<pin id="215" dir="0" index="1" bw="21" slack="0"/>
<pin id="216" dir="0" index="2" bw="21" slack="1"/>
<pin id="217" dir="1" index="3" bw="21" slack="0"/>
</pin_list>
<bind>
<opcode="select(49) " fcode="select"/>
<opset="angle_16/2 "/>
</bind>
</comp>

<comp id="220" class="1004" name="trunc_ln430_fu_220">
<pin_list>
<pin id="221" dir="0" index="0" bw="21" slack="0"/>
<pin id="222" dir="1" index="1" bw="20" slack="0"/>
</pin_list>
<bind>
<opcode="trunc(33) " fcode="trunc"/>
<opset="trunc_ln430/2 "/>
</bind>
</comp>

<comp id="224" class="1004" name="neg_fu_224">
<pin_list>
<pin id="225" dir="0" index="0" bw="1" slack="0"/>
<pin id="226" dir="0" index="1" bw="21" slack="0"/>
<pin id="227" dir="0" index="2" bw="6" slack="0"/>
<pin id="228" dir="1" index="3" bw="1" slack="0"/>
</pin_list>
<bind>
<opcode="bitselect(1000) " fcode="bitselect"/>
<opset="neg/2 "/>
</bind>
</comp>

<comp id="232" class="1004" name="angle_u_fu_232">
<pin_list>
<pin id="233" dir="0" index="0" bw="1" slack="0"/>
<pin id="234" dir="0" index="1" bw="20" slack="0"/>
<pin id="235" dir="1" index="2" bw="20" slack="0"/>
</pin_list>
<bind>
<opcode="sub(10) " fcode="sub"/>
<opset="angle_u/2 "/>
</bind>
</comp>

<comp id="238" class="1004" name="angle_u_2_fu_238">
<pin_list>
<pin id="239" dir="0" index="0" bw="1" slack="0"/>
<pin id="240" dir="0" index="1" bw="20" slack="0"/>
<pin id="241" dir="0" index="2" bw="20" slack="0"/>
<pin id="242" dir="1" index="3" bw="20" slack="0"/>
</pin_list>
<bind>
<opcode="select(49) " fcode="select"/>
<opset="angle_u_2/2 "/>
</bind>
</comp>

<comp id="246" class="1004" name="zext_ln441_fu_246">
<pin_list>
<pin id="247" dir="0" index="0" bw="20" slack="0"/>
<pin id="248" dir="1" index="1" bw="41" slack="0"/>
</pin_list>
<bind>
<opcode="zext(34) " fcode="zext"/>
<opset="zext_ln441/2 "/>
</bind>
</comp>

<comp id="251" class="1004" name="trunc_ln_fu_251">
<pin_list>
<pin id="252" dir="0" index="0" bw="10" slack="0"/>
<pin id="253" dir="0" index="1" bw="41" slack="0"/>
<pin id="254" dir="0" index="2" bw="6" slack="0"/>
<pin id="255" dir="0" index="3" bw="7" slack="0"/>
<pin id="256" dir="1" index="4" bw="10" slack="0"/>
</pin_list>
<bind>
<opcode="partselect(1002) " fcode="partselect"/>
<opset="trunc_ln/4 "/>
</bind>
</comp>

<comp id="261" class="1004" name="tmp_fu_261">
<pin_list>
<pin id="262" dir="0" index="0" bw="7" slack="0"/>
<pin id="263" dir="0" index="1" bw="41" slack="0"/>
<pin id="264" dir="0" index="2" bw="7" slack="0"/>
<pin id="265" dir="0" index="3" bw="7" slack="0"/>
<pin id="266" dir="1" index="4" bw="7" slack="0"/>
</pin_list>
<bind>
<opcode="partselect(1002) " fcode="partselect"/>
<opset="tmp/4 "/>
</bind>
</comp>

<comp id="271" class="1004" name="icmp_ln607_fu_271">
<pin_list>
<pin id="272" dir="0" index="0" bw="7" slack="0"/>
<pin id="273" dir="0" index="1" bw="7" slack="0"/>
<pin id="274" dir="1" index="2" bw="1" slack="0"/>
</pin_list>
<bind>
<opcode="icmp(45) " fcode="icmp"/>
<opset="icmp_ln607/4 "/>
</bind>
</comp>

<comp id="277" class="1004" name="idx_fu_277">
<pin_list>
<pin id="278" dir="0" index="0" bw="1" slack="0"/>
<pin id="279" dir="0" index="1" bw="10" slack="0"/>
<pin id="280" dir="0" index="2" bw="10" slack="0"/>
<pin id="281" dir="1" index="3" bw="10" slack="0"/>
</pin_list>
<bind>
<opcode="select(49) " fcode="select"/>
<opset="idx/4 "/>
</bind>
</comp>

<comp id="285" class="1004" name="trunc_ln614_1_fu_285">
<pin_list>
<pin id="286" dir="0" index="0" bw="21" slack="0"/>
<pin id="287" dir="0" index="1" bw="41" slack="0"/>
<pin id="288" dir="0" index="2" bw="5" slack="0"/>
<pin id="289" dir="0" index="3" bw="7" slack="0"/>
<pin id="290" dir="1" index="4" bw="21" slack="0"/>
</pin_list>
<bind>
<opcode="partselect(1002) " fcode="partselect"/>
<opset="trunc_ln614_1/4 "/>
</bind>
</comp>

<comp id="295" class="1004" name="trunc_ln614_fu_295">
<pin_list>
<pin id="296" dir="0" index="0" bw="10" slack="0"/>
<pin id="297" dir="1" index="1" bw="9" slack="0"/>
</pin_list>
<bind>
<opcode="trunc(33) " fcode="trunc"/>
<opset="trunc_ln614/4 "/>
</bind>
</comp>

<comp id="299" class="1004" name="shl_ln_fu_299">
<pin_list>
<pin id="300" dir="0" index="0" bw="21" slack="0"/>
<pin id="301" dir="0" index="1" bw="9" slack="0"/>
<pin id="302" dir="0" index="2" bw="1" slack="0"/>
<pin id="303" dir="1" index="3" bw="21" slack="0"/>
</pin_list>
<bind>
<opcode="bitconcatenate(1004) " fcode="bitconcatenate"/>
<opset="shl_ln/4 "/>
</bind>
</comp>

<comp id="307" class="1004" name="frac_raw_fu_307">
<pin_list>
<pin id="308" dir="0" index="0" bw="21" slack="0"/>
<pin id="309" dir="0" index="1" bw="21" slack="0"/>
<pin id="310" dir="1" index="2" bw="21" slack="2"/>
</pin_list>
<bind>
<opcode="sub(10) " fcode="sub"/>
<opset="frac_raw/4 "/>
</bind>
</comp>

<comp id="313" class="1004" name="zext_ln616_fu_313">
<pin_list>
<pin id="314" dir="0" index="0" bw="10" slack="0"/>
<pin id="315" dir="1" index="1" bw="64" slack="0"/>
</pin_list>
<bind>
<opcode="zext(34) " fcode="zext"/>
<opset="zext_ln616/4 "/>
</bind>
</comp>

<comp id="319" class="1004" name="zext_ln606_fu_319">
<pin_list>
<pin id="320" dir="0" index="0" bw="10" slack="1"/>
<pin id="321" dir="1" index="1" bw="11" slack="0"/>
</pin_list>
<bind>
<opcode="zext(34) " fcode="zext"/>
<opset="zext_ln606/5 "/>
</bind>
</comp>

<comp id="322" class="1004" name="idx_next_fu_322">
<pin_list>
<pin id="323" dir="0" index="0" bw="10" slack="0"/>
<pin id="324" dir="0" index="1" bw="1" slack="0"/>
<pin id="325" dir="1" index="2" bw="11" slack="0"/>
</pin_list>
<bind>
<opcode="add(8) " fcode="add"/>
<opset="idx_next/5 "/>
</bind>
</comp>

<comp id="328" class="1004" name="zext_ln617_fu_328">
<pin_list>
<pin id="329" dir="0" index="0" bw="11" slack="0"/>
<pin id="330" dir="1" index="1" bw="64" slack="0"/>
</pin_list>
<bind>
<opcode="zext(34) " fcode="zext"/>
<opset="zext_ln617/5 "/>
</bind>
</comp>

<comp id="334" class="1004" name="zext_ln759_1_fu_334">
<pin_list>
<pin id="335" dir="0" index="0" bw="13" slack="1"/>
<pin id="336" dir="1" index="1" bw="14" slack="0"/>
</pin_list>
<bind>
<opcode="zext(34) " fcode="zext"/>
<opset="zext_ln759_1/6 "/>
</bind>
</comp>

<comp id="337" class="1004" name="zext_ln759_2_fu_337">
<pin_list>
<pin id="338" dir="0" index="0" bw="13" slack="0"/>
<pin id="339" dir="1" index="1" bw="14" slack="0"/>
</pin_list>
<bind>
<opcode="zext(34) " fcode="zext"/>
<opset="zext_ln759_2/6 "/>
</bind>
</comp>

<comp id="341" class="1004" name="dv_raw_fu_341">
<pin_list>
<pin id="342" dir="0" index="0" bw="13" slack="0"/>
<pin id="343" dir="0" index="1" bw="13" slack="0"/>
<pin id="344" dir="1" index="2" bw="14" slack="0"/>
</pin_list>
<bind>
<opcode="sub(10) " fcode="sub"/>
<opset="dv_raw/6 "/>
</bind>
</comp>

<comp id="347" class="1004" name="sext_ln208_1_fu_347">
<pin_list>
<pin id="348" dir="0" index="0" bw="21" slack="2"/>
<pin id="349" dir="1" index="1" bw="35" slack="0"/>
</pin_list>
<bind>
<opcode="sext(35) " fcode="sext"/>
<opset="sext_ln208_1/6 "/>
</bind>
</comp>

<comp id="350" class="1004" name="sext_ln208_2_fu_350">
<pin_list>
<pin id="351" dir="0" index="0" bw="14" slack="0"/>
<pin id="352" dir="1" index="1" bw="35" slack="0"/>
</pin_list>
<bind>
<opcode="sext(35) " fcode="sext"/>
<opset="sext_ln208_2/6 "/>
</bind>
</comp>

<comp id="354" class="1004" name="grp_fu_354">
<pin_list>
<pin id="355" dir="0" index="0" bw="21" slack="0"/>
<pin id="356" dir="0" index="1" bw="14" slack="0"/>
<pin id="357" dir="1" index="2" bw="35" slack="0"/>
</pin_list>
<bind>
<opcode="mul(12) " fcode="mul"/>
<opset="mul_ln208/6 "/>
</bind>
</comp>

<comp id="360" class="1004" name="sext_ln208_fu_360">
<pin_list>
<pin id="361" dir="0" index="0" bw="21" slack="3"/>
<pin id="362" dir="1" index="1" bw="36" slack="0"/>
</pin_list>
<bind>
<opcode="sext(35) " fcode="sext"/>
<opset="sext_ln208/7 "/>
</bind>
</comp>

<comp id="363" class="1004" name="sext_ln759_1_fu_363">
<pin_list>
<pin id="364" dir="0" index="0" bw="14" slack="2"/>
<pin id="365" dir="1" index="1" bw="15" slack="0"/>
</pin_list>
<bind>
<opcode="sext(35) " fcode="sext"/>
<opset="sext_ln759_1/7 "/>
</bind>
</comp>

<comp id="366" class="1004" name="sext_ln759_2_fu_366">
<pin_list>
<pin id="367" dir="0" index="0" bw="14" slack="1"/>
<pin id="368" dir="1" index="1" bw="15" slack="0"/>
</pin_list>
<bind>
<opcode="sext(35) " fcode="sext"/>
<opset="sext_ln759_2/7 "/>
</bind>
</comp>

<comp id="369" class="1004" name="dv_raw_1_fu_369">
<pin_list>
<pin id="370" dir="0" index="0" bw="14" slack="0"/>
<pin id="371" dir="0" index="1" bw="14" slack="0"/>
<pin id="372" dir="1" index="2" bw="15" slack="0"/>
</pin_list>
<bind>
<opcode="sub(10) " fcode="sub"/>
<opset="dv_raw_1/7 "/>
</bind>
</comp>

<comp id="375" class="1004" name="sext_ln208_3_fu_375">
<pin_list>
<pin id="376" dir="0" index="0" bw="15" slack="0"/>
<pin id="377" dir="1" index="1" bw="36" slack="0"/>
</pin_list>
<bind>
<opcode="sext(35) " fcode="sext"/>
<opset="sext_ln208_3/7 "/>
</bind>
</comp>

<comp id="379" class="1004" name="grp_fu_379">
<pin_list>
<pin id="380" dir="0" index="0" bw="15" slack="0"/>
<pin id="381" dir="0" index="1" bw="21" slack="0"/>
<pin id="382" dir="1" index="2" bw="36" slack="0"/>
</pin_list>
<bind>
<opcode="mul(12) " fcode="mul"/>
<opset="mul_ln208_1/7 "/>
</bind>
</comp>

<comp id="385" class="1004" name="zext_ln759_fu_385">
<pin_list>
<pin id="386" dir="0" index="0" bw="13" slack="3"/>
<pin id="387" dir="1" index="1" bw="21" slack="0"/>
</pin_list>
<bind>
<opcode="zext(34) " fcode="zext"/>
<opset="zext_ln759/8 "/>
</bind>
</comp>

<comp id="388" class="1004" name="interp_raw_fu_388">
<pin_list>
<pin id="389" dir="0" index="0" bw="21" slack="0"/>
<pin id="390" dir="0" index="1" bw="35" slack="0"/>
<pin id="391" dir="0" index="2" bw="5" slack="0"/>
<pin id="392" dir="0" index="3" bw="7" slack="0"/>
<pin id="393" dir="1" index="4" bw="21" slack="0"/>
</pin_list>
<bind>
<opcode="partselect(1002) " fcode="partselect"/>
<opset="interp_raw/8 "/>
</bind>
</comp>

<comp id="398" class="1004" name="out_fu_398">
<pin_list>
<pin id="399" dir="0" index="0" bw="13" slack="0"/>
<pin id="400" dir="0" index="1" bw="21" slack="0"/>
<pin id="401" dir="1" index="2" bw="21" slack="0"/>
</pin_list>
<bind>
<opcode="add(8) " fcode="add"/>
<opset="out/8 "/>
</bind>
</comp>

<comp id="404" class="1004" name="raw_fu_404">
<pin_list>
<pin id="405" dir="0" index="0" bw="1" slack="0"/>
<pin id="406" dir="0" index="1" bw="21" slack="0"/>
<pin id="407" dir="1" index="2" bw="21" slack="0"/>
</pin_list>
<bind>
<opcode="sub(10) " fcode="sub"/>
<opset="raw/8 "/>
</bind>
</comp>

<comp id="410" class="1004" name="out_119_fu_410">
<pin_list>
<pin id="411" dir="0" index="0" bw="1" slack="6"/>
<pin id="412" dir="0" index="1" bw="21" slack="0"/>
<pin id="413" dir="0" index="2" bw="21" slack="0"/>
<pin id="414" dir="1" index="3" bw="21" slack="1"/>
</pin_list>
<bind>
<opcode="select(49) " fcode="select"/>
<opset="out_119/8 "/>
</bind>
</comp>

<comp id="417" class="1004" name="sext_ln759_fu_417">
<pin_list>
<pin id="418" dir="0" index="0" bw="14" slack="4"/>
<pin id="419" dir="1" index="1" bw="21" slack="0"/>
</pin_list>
<bind>
<opcode="sext(35) " fcode="sext"/>
<opset="sext_ln759/9 "/>
</bind>
</comp>

<comp id="420" class="1004" name="interp_raw_1_fu_420">
<pin_list>
<pin id="421" dir="0" index="0" bw="21" slack="0"/>
<pin id="422" dir="0" index="1" bw="36" slack="0"/>
<pin id="423" dir="0" index="2" bw="5" slack="0"/>
<pin id="424" dir="0" index="3" bw="7" slack="0"/>
<pin id="425" dir="1" index="4" bw="21" slack="0"/>
</pin_list>
<bind>
<opcode="partselect(1002) " fcode="partselect"/>
<opset="interp_raw_1/9 "/>
</bind>
</comp>

<comp id="430" class="1004" name="raw_7_fu_430">
<pin_list>
<pin id="431" dir="0" index="0" bw="14" slack="0"/>
<pin id="432" dir="0" index="1" bw="21" slack="0"/>
<pin id="433" dir="1" index="2" bw="21" slack="0"/>
</pin_list>
<bind>
<opcode="add(8) " fcode="add"/>
<opset="raw_7/9 "/>
</bind>
</comp>

<comp id="436" class="1004" name="mrv_fu_436">
<pin_list>
<pin id="437" dir="0" index="0" bw="42" slack="0"/>
<pin id="438" dir="0" index="1" bw="21" slack="1"/>
<pin id="439" dir="1" index="2" bw="42" slack="0"/>
</pin_list>
<bind>
<opcode="insertvalue(57) " fcode="insertvalue"/>
<opset="mrv/9 "/>
</bind>
</comp>

<comp id="441" class="1004" name="mrv_1_fu_441">
<pin_list>
<pin id="442" dir="0" index="0" bw="42" slack="0"/>
<pin id="443" dir="0" index="1" bw="21" slack="0"/>
<pin id="444" dir="1" index="2" bw="42" slack="2147483647"/>
</pin_list>
<bind>
<opcode="insertvalue(57) " fcode="insertvalue"/>
<opset="mrv_1/9 "/>
</bind>
</comp>

<comp id="447" class="1005" name="angle_14_reg_447">
<pin_list>
<pin id="448" dir="0" index="0" bw="21" slack="1"/>
<pin id="449" dir="1" index="1" bw="21" slack="1"/>
</pin_list>
<bind>
<opset="angle_14 "/>
</bind>
</comp>

<comp id="454" class="1005" name="neg_reg_454">
<pin_list>
<pin id="455" dir="0" index="0" bw="1" slack="6"/>
<pin id="456" dir="1" index="1" bw="1" slack="6"/>
</pin_list>
<bind>
<opset="neg "/>
</bind>
</comp>

<comp id="459" class="1005" name="zext_ln441_reg_459">
<pin_list>
<pin id="460" dir="0" index="0" bw="41" slack="1"/>
<pin id="461" dir="1" index="1" bw="41" slack="1"/>
</pin_list>
<bind>
<opset="zext_ln441 "/>
</bind>
</comp>

<comp id="464" class="1005" name="idx_reg_464">
<pin_list>
<pin id="465" dir="0" index="0" bw="10" slack="1"/>
<pin id="466" dir="1" index="1" bw="10" slack="1"/>
</pin_list>
<bind>
<opset="idx "/>
</bind>
</comp>

<comp id="469" class="1005" name="frac_raw_reg_469">
<pin_list>
<pin id="470" dir="0" index="0" bw="21" slack="2"/>
<pin id="471" dir="1" index="1" bw="21" slack="2"/>
</pin_list>
<bind>
<opset="frac_raw "/>
</bind>
</comp>

<comp id="475" class="1005" name="sin_lut_fn_addr_reg_475">
<pin_list>
<pin id="476" dir="0" index="0" bw="11" slack="1"/>
<pin id="477" dir="1" index="1" bw="11" slack="1"/>
</pin_list>
<bind>
<opset="sin_lut_fn_addr "/>
</bind>
</comp>

<comp id="480" class="1005" name="cos_lut_fn_addr_reg_480">
<pin_list>
<pin id="481" dir="0" index="0" bw="11" slack="1"/>
<pin id="482" dir="1" index="1" bw="11" slack="1"/>
</pin_list>
<bind>
<opset="cos_lut_fn_addr "/>
</bind>
</comp>

<comp id="485" class="1005" name="value_reg_485">
<pin_list>
<pin id="486" dir="0" index="0" bw="13" slack="1"/>
<pin id="487" dir="1" index="1" bw="13" slack="1"/>
</pin_list>
<bind>
<opset="value "/>
</bind>
</comp>

<comp id="491" class="1005" name="sin_lut_fn_addr_1_reg_491">
<pin_list>
<pin id="492" dir="0" index="0" bw="11" slack="1"/>
<pin id="493" dir="1" index="1" bw="11" slack="1"/>
</pin_list>
<bind>
<opset="sin_lut_fn_addr_1 "/>
</bind>
</comp>

<comp id="496" class="1005" name="value_158_reg_496">
<pin_list>
<pin id="497" dir="0" index="0" bw="14" slack="2"/>
<pin id="498" dir="1" index="1" bw="14" slack="2"/>
</pin_list>
<bind>
<opset="value_158 "/>
</bind>
</comp>

<comp id="502" class="1005" name="cos_lut_fn_addr_1_reg_502">
<pin_list>
<pin id="503" dir="0" index="0" bw="11" slack="1"/>
<pin id="504" dir="1" index="1" bw="11" slack="1"/>
</pin_list>
<bind>
<opset="cos_lut_fn_addr_1 "/>
</bind>
</comp>

<comp id="507" class="1005" name="sext_ln208_1_reg_507">
<pin_list>
<pin id="508" dir="0" index="0" bw="35" slack="1"/>
<pin id="509" dir="1" index="1" bw="35" slack="1"/>
</pin_list>
<bind>
<opset="sext_ln208_1 "/>
</bind>
</comp>

<comp id="512" class="1005" name="sext_ln208_2_reg_512">
<pin_list>
<pin id="513" dir="0" index="0" bw="35" slack="1"/>
<pin id="514" dir="1" index="1" bw="35" slack="1"/>
</pin_list>
<bind>
<opset="sext_ln208_2 "/>
</bind>
</comp>

<comp id="517" class="1005" name="value_159_reg_517">
<pin_list>
<pin id="518" dir="0" index="0" bw="14" slack="1"/>
<pin id="519" dir="1" index="1" bw="14" slack="1"/>
</pin_list>
<bind>
<opset="value_159 "/>
</bind>
</comp>

<comp id="522" class="1005" name="sext_ln208_reg_522">
<pin_list>
<pin id="523" dir="0" index="0" bw="36" slack="1"/>
<pin id="524" dir="1" index="1" bw="36" slack="1"/>
</pin_list>
<bind>
<opset="sext_ln208 "/>
</bind>
</comp>

<comp id="527" class="1005" name="sext_ln208_3_reg_527">
<pin_list>
<pin id="528" dir="0" index="0" bw="36" slack="1"/>
<pin id="529" dir="1" index="1" bw="36" slack="1"/>
</pin_list>
<bind>
<opset="sext_ln208_3 "/>
</bind>
</comp>

<comp id="532" class="1005" name="out_119_reg_532">
<pin_list>
<pin id="533" dir="0" index="0" bw="21" slack="1"/>
<pin id="534" dir="1" index="1" bw="21" slack="1"/>
</pin_list>
<bind>
<opset="out_119 "/>
</bind>
</comp>

</comp_list>

<net_list>
<net id="94"><net_src comp="6" pin="0"/><net_sink comp="90" pin=0"/></net>

<net id="95"><net_src comp="0" pin="0"/><net_sink comp="90" pin=1"/></net>

<net id="101"><net_src comp="2" pin="0"/><net_sink comp="96" pin=0"/></net>

<net id="102"><net_src comp="60" pin="0"/><net_sink comp="96" pin=1"/></net>

<net id="108"><net_src comp="96" pin="3"/><net_sink comp="103" pin=0"/></net>

<net id="114"><net_src comp="4" pin="0"/><net_sink comp="109" pin=0"/></net>

<net id="115"><net_src comp="60" pin="0"/><net_sink comp="109" pin=1"/></net>

<net id="121"><net_src comp="109" pin="3"/><net_sink comp="116" pin=0"/></net>

<net id="127"><net_src comp="2" pin="0"/><net_sink comp="122" pin=0"/></net>

<net id="128"><net_src comp="60" pin="0"/><net_sink comp="122" pin=1"/></net>

<net id="129"><net_src comp="122" pin="3"/><net_sink comp="103" pin=0"/></net>

<net id="135"><net_src comp="4" pin="0"/><net_sink comp="130" pin=0"/></net>

<net id="136"><net_src comp="60" pin="0"/><net_sink comp="130" pin=1"/></net>

<net id="137"><net_src comp="130" pin="3"/><net_sink comp="116" pin=0"/></net>

<net id="142"><net_src comp="22" pin="0"/><net_sink comp="138" pin=1"/></net>

<net id="147"><net_src comp="90" pin="2"/><net_sink comp="143" pin=0"/></net>

<net id="148"><net_src comp="8" pin="0"/><net_sink comp="143" pin=1"/></net>

<net id="153"><net_src comp="90" pin="2"/><net_sink comp="149" pin=0"/></net>

<net id="154"><net_src comp="10" pin="0"/><net_sink comp="149" pin=1"/></net>

<net id="160"><net_src comp="143" pin="2"/><net_sink comp="155" pin=0"/></net>

<net id="161"><net_src comp="149" pin="2"/><net_sink comp="155" pin=1"/></net>

<net id="162"><net_src comp="90" pin="2"/><net_sink comp="155" pin=2"/></net>

<net id="167"><net_src comp="155" pin="3"/><net_sink comp="163" pin=0"/></net>

<net id="168"><net_src comp="12" pin="0"/><net_sink comp="163" pin=1"/></net>

<net id="173"><net_src comp="155" pin="3"/><net_sink comp="169" pin=0"/></net>

<net id="174"><net_src comp="14" pin="0"/><net_sink comp="169" pin=1"/></net>

<net id="180"><net_src comp="163" pin="2"/><net_sink comp="175" pin=0"/></net>

<net id="181"><net_src comp="169" pin="2"/><net_sink comp="175" pin=1"/></net>

<net id="182"><net_src comp="155" pin="3"/><net_sink comp="175" pin=2"/></net>

<net id="187"><net_src comp="175" pin="3"/><net_sink comp="183" pin=0"/></net>

<net id="188"><net_src comp="8" pin="0"/><net_sink comp="183" pin=1"/></net>

<net id="193"><net_src comp="175" pin="3"/><net_sink comp="189" pin=0"/></net>

<net id="194"><net_src comp="10" pin="0"/><net_sink comp="189" pin=1"/></net>

<net id="200"><net_src comp="183" pin="2"/><net_sink comp="195" pin=0"/></net>

<net id="201"><net_src comp="189" pin="2"/><net_sink comp="195" pin=1"/></net>

<net id="202"><net_src comp="175" pin="3"/><net_sink comp="195" pin=2"/></net>

<net id="207"><net_src comp="12" pin="0"/><net_sink comp="203" pin=1"/></net>

<net id="212"><net_src comp="14" pin="0"/><net_sink comp="208" pin=1"/></net>

<net id="218"><net_src comp="203" pin="2"/><net_sink comp="213" pin=0"/></net>

<net id="219"><net_src comp="208" pin="2"/><net_sink comp="213" pin=1"/></net>

<net id="223"><net_src comp="213" pin="3"/><net_sink comp="220" pin=0"/></net>

<net id="229"><net_src comp="16" pin="0"/><net_sink comp="224" pin=0"/></net>

<net id="230"><net_src comp="213" pin="3"/><net_sink comp="224" pin=1"/></net>

<net id="231"><net_src comp="18" pin="0"/><net_sink comp="224" pin=2"/></net>

<net id="236"><net_src comp="20" pin="0"/><net_sink comp="232" pin=0"/></net>

<net id="237"><net_src comp="220" pin="1"/><net_sink comp="232" pin=1"/></net>

<net id="243"><net_src comp="224" pin="3"/><net_sink comp="238" pin=0"/></net>

<net id="244"><net_src comp="232" pin="2"/><net_sink comp="238" pin=1"/></net>

<net id="245"><net_src comp="220" pin="1"/><net_sink comp="238" pin=2"/></net>

<net id="249"><net_src comp="238" pin="3"/><net_sink comp="246" pin=0"/></net>

<net id="250"><net_src comp="246" pin="1"/><net_sink comp="138" pin=0"/></net>

<net id="257"><net_src comp="34" pin="0"/><net_sink comp="251" pin=0"/></net>

<net id="258"><net_src comp="138" pin="2"/><net_sink comp="251" pin=1"/></net>

<net id="259"><net_src comp="36" pin="0"/><net_sink comp="251" pin=2"/></net>

<net id="260"><net_src comp="38" pin="0"/><net_sink comp="251" pin=3"/></net>

<net id="267"><net_src comp="40" pin="0"/><net_sink comp="261" pin=0"/></net>

<net id="268"><net_src comp="138" pin="2"/><net_sink comp="261" pin=1"/></net>

<net id="269"><net_src comp="42" pin="0"/><net_sink comp="261" pin=2"/></net>

<net id="270"><net_src comp="44" pin="0"/><net_sink comp="261" pin=3"/></net>

<net id="275"><net_src comp="261" pin="4"/><net_sink comp="271" pin=0"/></net>

<net id="276"><net_src comp="46" pin="0"/><net_sink comp="271" pin=1"/></net>

<net id="282"><net_src comp="271" pin="2"/><net_sink comp="277" pin=0"/></net>

<net id="283"><net_src comp="48" pin="0"/><net_sink comp="277" pin=1"/></net>

<net id="284"><net_src comp="251" pin="4"/><net_sink comp="277" pin=2"/></net>

<net id="291"><net_src comp="50" pin="0"/><net_sink comp="285" pin=0"/></net>

<net id="292"><net_src comp="138" pin="2"/><net_sink comp="285" pin=1"/></net>

<net id="293"><net_src comp="52" pin="0"/><net_sink comp="285" pin=2"/></net>

<net id="294"><net_src comp="54" pin="0"/><net_sink comp="285" pin=3"/></net>

<net id="298"><net_src comp="277" pin="3"/><net_sink comp="295" pin=0"/></net>

<net id="304"><net_src comp="56" pin="0"/><net_sink comp="299" pin=0"/></net>

<net id="305"><net_src comp="295" pin="1"/><net_sink comp="299" pin=1"/></net>

<net id="306"><net_src comp="58" pin="0"/><net_sink comp="299" pin=2"/></net>

<net id="311"><net_src comp="285" pin="4"/><net_sink comp="307" pin=0"/></net>

<net id="312"><net_src comp="299" pin="3"/><net_sink comp="307" pin=1"/></net>

<net id="316"><net_src comp="277" pin="3"/><net_sink comp="313" pin=0"/></net>

<net id="317"><net_src comp="313" pin="1"/><net_sink comp="96" pin=2"/></net>

<net id="318"><net_src comp="313" pin="1"/><net_sink comp="109" pin=2"/></net>

<net id="326"><net_src comp="319" pin="1"/><net_sink comp="322" pin=0"/></net>

<net id="327"><net_src comp="62" pin="0"/><net_sink comp="322" pin=1"/></net>

<net id="331"><net_src comp="322" pin="2"/><net_sink comp="328" pin=0"/></net>

<net id="332"><net_src comp="328" pin="1"/><net_sink comp="122" pin=2"/></net>

<net id="333"><net_src comp="328" pin="1"/><net_sink comp="130" pin=2"/></net>

<net id="340"><net_src comp="103" pin="3"/><net_sink comp="337" pin=0"/></net>

<net id="345"><net_src comp="337" pin="1"/><net_sink comp="341" pin=0"/></net>

<net id="346"><net_src comp="334" pin="1"/><net_sink comp="341" pin=1"/></net>

<net id="353"><net_src comp="341" pin="2"/><net_sink comp="350" pin=0"/></net>

<net id="358"><net_src comp="347" pin="1"/><net_sink comp="354" pin=0"/></net>

<net id="359"><net_src comp="350" pin="1"/><net_sink comp="354" pin=1"/></net>

<net id="373"><net_src comp="366" pin="1"/><net_sink comp="369" pin=0"/></net>

<net id="374"><net_src comp="363" pin="1"/><net_sink comp="369" pin=1"/></net>

<net id="378"><net_src comp="369" pin="2"/><net_sink comp="375" pin=0"/></net>

<net id="383"><net_src comp="375" pin="1"/><net_sink comp="379" pin=0"/></net>

<net id="384"><net_src comp="360" pin="1"/><net_sink comp="379" pin=1"/></net>

<net id="394"><net_src comp="64" pin="0"/><net_sink comp="388" pin=0"/></net>

<net id="395"><net_src comp="354" pin="2"/><net_sink comp="388" pin=1"/></net>

<net id="396"><net_src comp="52" pin="0"/><net_sink comp="388" pin=2"/></net>

<net id="397"><net_src comp="54" pin="0"/><net_sink comp="388" pin=3"/></net>

<net id="402"><net_src comp="385" pin="1"/><net_sink comp="398" pin=0"/></net>

<net id="403"><net_src comp="388" pin="4"/><net_sink comp="398" pin=1"/></net>

<net id="408"><net_src comp="66" pin="0"/><net_sink comp="404" pin=0"/></net>

<net id="409"><net_src comp="398" pin="2"/><net_sink comp="404" pin=1"/></net>

<net id="415"><net_src comp="404" pin="2"/><net_sink comp="410" pin=1"/></net>

<net id="416"><net_src comp="398" pin="2"/><net_sink comp="410" pin=2"/></net>

<net id="426"><net_src comp="86" pin="0"/><net_sink comp="420" pin=0"/></net>

<net id="427"><net_src comp="379" pin="2"/><net_sink comp="420" pin=1"/></net>

<net id="428"><net_src comp="52" pin="0"/><net_sink comp="420" pin=2"/></net>

<net id="429"><net_src comp="54" pin="0"/><net_sink comp="420" pin=3"/></net>

<net id="434"><net_src comp="417" pin="1"/><net_sink comp="430" pin=0"/></net>

<net id="435"><net_src comp="420" pin="4"/><net_sink comp="430" pin=1"/></net>

<net id="440"><net_src comp="88" pin="0"/><net_sink comp="436" pin=0"/></net>

<net id="445"><net_src comp="436" pin="2"/><net_sink comp="441" pin=0"/></net>

<net id="446"><net_src comp="430" pin="2"/><net_sink comp="441" pin=1"/></net>

<net id="450"><net_src comp="195" pin="3"/><net_sink comp="447" pin=0"/></net>

<net id="451"><net_src comp="447" pin="1"/><net_sink comp="203" pin=0"/></net>

<net id="452"><net_src comp="447" pin="1"/><net_sink comp="208" pin=0"/></net>

<net id="453"><net_src comp="447" pin="1"/><net_sink comp="213" pin=2"/></net>

<net id="457"><net_src comp="224" pin="3"/><net_sink comp="454" pin=0"/></net>

<net id="458"><net_src comp="454" pin="1"/><net_sink comp="410" pin=0"/></net>

<net id="462"><net_src comp="246" pin="1"/><net_sink comp="459" pin=0"/></net>

<net id="463"><net_src comp="459" pin="1"/><net_sink comp="138" pin=0"/></net>

<net id="467"><net_src comp="277" pin="3"/><net_sink comp="464" pin=0"/></net>

<net id="468"><net_src comp="464" pin="1"/><net_sink comp="319" pin=0"/></net>

<net id="472"><net_src comp="307" pin="2"/><net_sink comp="469" pin=0"/></net>

<net id="473"><net_src comp="469" pin="1"/><net_sink comp="347" pin=0"/></net>

<net id="474"><net_src comp="469" pin="1"/><net_sink comp="360" pin=0"/></net>

<net id="478"><net_src comp="96" pin="3"/><net_sink comp="475" pin=0"/></net>

<net id="479"><net_src comp="475" pin="1"/><net_sink comp="103" pin=0"/></net>

<net id="483"><net_src comp="109" pin="3"/><net_sink comp="480" pin=0"/></net>

<net id="484"><net_src comp="480" pin="1"/><net_sink comp="116" pin=0"/></net>

<net id="488"><net_src comp="103" pin="3"/><net_sink comp="485" pin=0"/></net>

<net id="489"><net_src comp="485" pin="1"/><net_sink comp="334" pin=0"/></net>

<net id="490"><net_src comp="485" pin="1"/><net_sink comp="385" pin=0"/></net>

<net id="494"><net_src comp="122" pin="3"/><net_sink comp="491" pin=0"/></net>

<net id="495"><net_src comp="491" pin="1"/><net_sink comp="103" pin=0"/></net>

<net id="499"><net_src comp="116" pin="3"/><net_sink comp="496" pin=0"/></net>

<net id="500"><net_src comp="496" pin="1"/><net_sink comp="363" pin=0"/></net>

<net id="501"><net_src comp="496" pin="1"/><net_sink comp="417" pin=0"/></net>

<net id="505"><net_src comp="130" pin="3"/><net_sink comp="502" pin=0"/></net>

<net id="506"><net_src comp="502" pin="1"/><net_sink comp="116" pin=0"/></net>

<net id="510"><net_src comp="347" pin="1"/><net_sink comp="507" pin=0"/></net>

<net id="511"><net_src comp="507" pin="1"/><net_sink comp="354" pin=0"/></net>

<net id="515"><net_src comp="350" pin="1"/><net_sink comp="512" pin=0"/></net>

<net id="516"><net_src comp="512" pin="1"/><net_sink comp="354" pin=1"/></net>

<net id="520"><net_src comp="116" pin="3"/><net_sink comp="517" pin=0"/></net>

<net id="521"><net_src comp="517" pin="1"/><net_sink comp="366" pin=0"/></net>

<net id="525"><net_src comp="360" pin="1"/><net_sink comp="522" pin=0"/></net>

<net id="526"><net_src comp="522" pin="1"/><net_sink comp="379" pin=1"/></net>

<net id="530"><net_src comp="375" pin="1"/><net_sink comp="527" pin=0"/></net>

<net id="531"><net_src comp="527" pin="1"/><net_sink comp="379" pin=0"/></net>

<net id="535"><net_src comp="410" pin="3"/><net_sink comp="532" pin=0"/></net>

<net id="536"><net_src comp="532" pin="1"/><net_sink comp="436" pin=1"/></net>

</net_list>

</model> 
---------------- Datapath Model END ------------------

* FSMD analyzer results:
  - Output states:
	Port: angle | {}
	Port: sin_lut_fn | {}
	Port: cos_lut_fn | {}
 - Input state : 
	Port: fp_trig_pair_fused_fn : angle | {1 }
	Port: fp_trig_pair_fused_fn : sin_lut_fn | {4 5 6 }
	Port: fp_trig_pair_fused_fn : cos_lut_fn | {4 5 6 }
  - Chain level:
	State 1
		angle_10 : 1
		icmp_ln430 : 2
		angle_11 : 2
		angle_12 : 3
		icmp_ln428_1 : 4
		angle_13 : 4
		angle_14 : 5
	State 2
		angle_16 : 1
		trunc_ln430 : 2
		neg : 2
		angle_u : 3
		angle_u_2 : 4
		zext_ln441 : 5
		lut_scaled_raw : 6
	State 3
	State 4
		specfucore_ln443 : 1
		trunc_ln : 1
		tmp : 1
		icmp_ln607 : 2
		idx : 3
		trunc_ln614_1 : 1
		trunc_ln614 : 4
		shl_ln : 5
		frac_raw : 6
		zext_ln616 : 4
		sin_lut_fn_addr : 5
		value : 6
		cos_lut_fn_addr : 5
		value_158 : 6
	State 5
		idx_next : 1
		zext_ln617 : 2
		sin_lut_fn_addr_1 : 3
		value_157 : 4
		cos_lut_fn_addr_1 : 3
		value_159 : 4
	State 6
		zext_ln759_2 : 1
		dv_raw : 2
		sext_ln208_2 : 3
		mul_ln208 : 4
	State 7
		dv_raw_1 : 1
		sext_ln208_3 : 2
		mul_ln208_1 : 3
	State 8
		specfucore_ln209 : 1
		interp_raw : 1
		out : 2
		raw : 3
		out_119 : 4
	State 9
		rend2 : 1
		rend : 1
		specfucore_ln209 : 1
		rend4 : 1
		interp_raw_1 : 1
		raw_7 : 2
		mrv_1 : 3
		ret_ln625 : 4


============================================================
+ Verbose Summary: Datapath Resource usage 
============================================================

* Functional unit list:
|----------|-----------------------|---------|---------|---------|
| Operation|    Functional Unit    |   DSP   |    FF   |   LUT   |
|----------|-----------------------|---------|---------|---------|
|          |     angle_9_fu_149    |    0    |    0    |    28   |
|          |    angle_11_fu_169    |    0    |    0    |    28   |
|          |    angle_13_fu_189    |    0    |    0    |    28   |
|    add   |    angle_15_fu_208    |    0    |    0    |    28   |
|          |    idx_next_fu_322    |    0    |    0    |    17   |
|          |       out_fu_398      |    0    |    0    |    28   |
|          |      raw_7_fu_430     |    0    |    0    |    28   |
|----------|-----------------------|---------|---------|---------|
|          |    angle_10_fu_155    |    0    |    0    |    20   |
|          |    angle_12_fu_175    |    0    |    0    |    20   |
|          |    angle_14_fu_195    |    0    |    0    |    20   |
|  select  |    angle_16_fu_213    |    0    |    0    |    20   |
|          |    angle_u_2_fu_238   |    0    |    0    |    19   |
|          |       idx_fu_277      |    0    |    0    |    10   |
|          |     out_119_fu_410    |    0    |    0    |    20   |
|----------|-----------------------|---------|---------|---------|
|          |   icmp_ln428_fu_143   |    0    |    0    |    28   |
|          |   icmp_ln430_fu_163   |    0    |    0    |    28   |
|   icmp   |  icmp_ln428_1_fu_183  |    0    |    0    |    28   |
|          |  icmp_ln430_1_fu_203  |    0    |    0    |    28   |
|          |   icmp_ln607_fu_271   |    0    |    0    |    14   |
|----------|-----------------------|---------|---------|---------|
|          |     angle_u_fu_232    |    0    |    0    |    27   |
|          |    frac_raw_fu_307    |    0    |    0    |    28   |
|    sub   |     dv_raw_fu_341     |    0    |    0    |    20   |
|          |    dv_raw_1_fu_369    |    0    |    0    |    21   |
|          |       raw_fu_404      |    0    |    0    |    28   |
|----------|-----------------------|---------|---------|---------|
|          |       grp_fu_138      |    2    |    12   |    17   |
|    mul   |       grp_fu_354      |    1    |    10   |    14   |
|          |       grp_fu_379      |    1    |    10   |    14   |
|----------|-----------------------|---------|---------|---------|
|   read   | angle_read_read_fu_90 |    0    |    0    |    0    |
|----------|-----------------------|---------|---------|---------|
|   trunc  |   trunc_ln430_fu_220  |    0    |    0    |    0    |
|          |   trunc_ln614_fu_295  |    0    |    0    |    0    |
|----------|-----------------------|---------|---------|---------|
| bitselect|       neg_fu_224      |    0    |    0    |    0    |
|----------|-----------------------|---------|---------|---------|
|          |   zext_ln441_fu_246   |    0    |    0    |    0    |
|          |   zext_ln616_fu_313   |    0    |    0    |    0    |
|          |   zext_ln606_fu_319   |    0    |    0    |    0    |
|   zext   |   zext_ln617_fu_328   |    0    |    0    |    0    |
|          |  zext_ln759_1_fu_334  |    0    |    0    |    0    |
|          |  zext_ln759_2_fu_337  |    0    |    0    |    0    |
|          |   zext_ln759_fu_385   |    0    |    0    |    0    |
|----------|-----------------------|---------|---------|---------|
|          |    trunc_ln_fu_251    |    0    |    0    |    0    |
|          |       tmp_fu_261      |    0    |    0    |    0    |
|partselect|  trunc_ln614_1_fu_285 |    0    |    0    |    0    |
|          |   interp_raw_fu_388   |    0    |    0    |    0    |
|          |  interp_raw_1_fu_420  |    0    |    0    |    0    |
|----------|-----------------------|---------|---------|---------|
|bitconcatenate|     shl_ln_fu_299     |    0    |    0    |    0    |
|----------|-----------------------|---------|---------|---------|
|          |  sext_ln208_1_fu_347  |    0    |    0    |    0    |
|          |  sext_ln208_2_fu_350  |    0    |    0    |    0    |
|          |   sext_ln208_fu_360   |    0    |    0    |    0    |
|   sext   |  sext_ln759_1_fu_363  |    0    |    0    |    0    |
|          |  sext_ln759_2_fu_366  |    0    |    0    |    0    |
|          |  sext_ln208_3_fu_375  |    0    |    0    |    0    |
|          |   sext_ln759_fu_417   |    0    |    0    |    0    |
|----------|-----------------------|---------|---------|---------|
|insertvalue|       mrv_fu_436      |    0    |    0    |    0    |
|          |      mrv_1_fu_441     |    0    |    0    |    0    |
|----------|-----------------------|---------|---------|---------|
|   Total  |                       |    4    |    32   |   609   |
|----------|-----------------------|---------|---------|---------|

Memories:
N/A

* Register list:
+-------------------------+--------+
|                         |   FF   |
+-------------------------+--------+
|     angle_14_reg_447    |   21   |
|cos_lut_fn_addr_1_reg_502|   11   |
| cos_lut_fn_addr_reg_480 |   11   |
|     frac_raw_reg_469    |   21   |
|       idx_reg_464       |   10   |
|       neg_reg_454       |    1   |
|     out_119_reg_532     |   21   |
|   sext_ln208_1_reg_507  |   35   |
|   sext_ln208_2_reg_512  |   35   |
|   sext_ln208_3_reg_527  |   36   |
|    sext_ln208_reg_522   |   36   |
|sin_lut_fn_addr_1_reg_491|   11   |
| sin_lut_fn_addr_reg_475 |   11   |
|    value_158_reg_496    |   14   |
|    value_159_reg_517    |   14   |
|      value_reg_485      |   13   |
|    zext_ln441_reg_459   |   41   |
+-------------------------+--------+
|          Total          |   342  |
+-------------------------+--------+

* Multiplexer (MUX) list: 
|-------------------|------|------|------|--------||---------||---------||---------|
|        Comp       |  Pin | Size |  BW  | S x BW ||  Delay  ||    FF   ||   LUT   |
|-------------------|------|------|------|--------||---------||---------||---------|
| grp_access_fu_103 |  p0  |   4  |  11  |   44   ||    0    ||    20   |
| grp_access_fu_116 |  p0  |   4  |  11  |   44   ||    0    ||    20   |
|     grp_fu_138    |  p0  |   2  |  20  |   40   ||    0    ||    9    |
|     grp_fu_354    |  p0  |   2  |  21  |   42   ||    0    ||    9    |
|     grp_fu_354    |  p1  |   2  |  14  |   28   ||    0    ||    9    |
|     grp_fu_379    |  p0  |   2  |  15  |   30   ||    0    ||    9    |
|     grp_fu_379    |  p1  |   2  |  21  |   42   ||    0    ||    9    |
|-------------------|------|------|------|--------||---------||---------||---------|
|       Total       |      |      |      |   270  ||  3.185  ||    0    ||    85   |
|-------------------|------|------|------|--------||---------||---------||---------|



* Summary:
+-----------+--------+--------+--------+--------+
|           |   DSP  |  Delay |   FF   |   LUT  |
+-----------+--------+--------+--------+--------+
|  Function |    4   |    -   |   32   |   609  |
|   Memory  |    -   |    -   |    -   |    -   |
|Multiplexer|    -   |    3   |    0   |   85   |
|  Register |    -   |    -   |   342  |    -   |
+-----------+--------+--------+--------+--------+
|   Total   |    4   |    3   |   374  |   694  |
+-----------+--------+--------+--------+--------+
