

================================================================
== Vitis HLS Report for 'invert_2x2_qp_hls'
================================================================
* Date:           Thu May 21 15:23:05 2026

* Version:        2025.2 (Build 6295257 on Nov 14 2025)
* Project:        mpc_fpga_top_opencl
* Solution:       hls (Vitis Kernel Flow Target)
* Product family: zynquplus
* Target device:  xck26-sfvc784-2LV-c


================================================================
== Performance Estimates
================================================================
+ Timing: 
    * Summary: 
    +--------+---------+----------+------------+
    |  Clock |  Target | Estimated| Uncertainty|
    +--------+---------+----------+------------+
    |ap_clk  |  5.00 ns|  4.350 ns|     0.50 ns|
    +--------+---------+----------+------------+

+ Latency: 
    * Summary: 
    +---------+---------+-----------+-----------+-----+-----+---------+
    |  Latency (cycles) |   Latency (absolute)  |  Interval | Pipeline|
    |   min   |   max   |    min    |    max    | min | max |   Type  |
    +---------+---------+-----------+-----------+-----+-----+---------+
    |        7|       17|  35.000 ns|  85.000 ns|    7|   17|       no|
    +---------+---------+-----------+-----------+-----+-----+---------+

    + Detail: 
        * Instance: 
        N/A

        * Loop: 
        N/A

============================================================
+ Verbose Summary: Synthesis Manager
============================================================
InlineROM: 1
ExposeGlobal: 0
============================================================
+ Verbose Summary: CDFG Model
============================================================
IsTopModel: 0
ResetActiveHigh: 1
IsCombinational: 0
IsDatapathOnly: 0
HasWiredReturn: 1
HasMFsm: 0
HasVarLatency: 1
IsPipeline: 0
IsRtlPipelined: 0
IsInstanceOverlapped: 0
IsDontTouch: 0
HasImplIP: 0
IsGatedGlobalClock: 0


============================================================
+ Verbose Summary: Schedule
============================================================
* Number of FSM states : 18
* Pipeline : 0
* Dataflow Pipeline: 0

* FSM state transitions: 
1 --> 2 
2 --> 3 
3 --> 4 
4 --> 5 
5 --> 6 
6 --> 7 
7 --> 8 18 
8 --> 9 
9 --> 10 
10 --> 11 
11 --> 12 
12 --> 13 
13 --> 14 
14 --> 15 
15 --> 16 
16 --> 17 
17 --> 18 
18 --> 

* FSM state operations: 

State 1 <SV = 0> <Delay = 2.84>
ST_1 : Operation 19 [1/1] (0.00ns)   --->   "%p_read111 = read i28 @_ssdm_op_Read.ap_auto.i28, i28 %p_read1" [../src/fp_math_hls.cpp:352->../src/fp_math_hls.cpp:361]   --->   Operation 19 'read' 'p_read111' <Predicate = true> <Delay = 0.00>
ST_1 : Operation 20 [1/1] (0.00ns)   --->   "%p_read_27 = read i32 @_ssdm_op_Read.ap_auto.i32, i32 %p_read" [../src/fp_math_hls.cpp:352->../src/fp_math_hls.cpp:361]   --->   Operation 20 'read' 'p_read_27' <Predicate = true> <Delay = 0.00>
ST_1 : Operation 21 [1/1] (0.00ns)   --->   "%sext_ln352 = sext i28 %p_read111" [../src/fp_math_hls.cpp:352->../src/fp_math_hls.cpp:361]   --->   Operation 21 'sext' 'sext_ln352' <Predicate = true> <Delay = 0.00>
ST_1 : Operation 22 [1/1] (0.00ns)   --->   "%tmp = bitselect i1 @_ssdm_op_BitSelect.i1.i32.i32, i32 %p_read_27, i32 31" [../src/fp_math_hls.cpp:354->../src/fp_math_hls.cpp:361]   --->   Operation 22 'bitselect' 'tmp' <Predicate = true> <Delay = 0.00>
ST_1 : Operation 23 [1/1] (0.00ns)   --->   "%max_abs_1 = trunc i32 %p_read_27" [../src/fp_math_hls.cpp:354->../src/fp_math_hls.cpp:361]   --->   Operation 23 'trunc' 'max_abs_1' <Predicate = true> <Delay = 0.00>
ST_1 : Operation 24 [1/1] (1.00ns)   --->   "%max_abs = sub i31 0, i31 %max_abs_1" [../src/fp_math_hls.cpp:354->../src/fp_math_hls.cpp:361]   --->   Operation 24 'sub' 'max_abs' <Predicate = true> <Delay = 1.00> <CoreInst = "Adder">   --->   Core 1 'Adder' <Latency = 0> <II = 1> <Delay = 1.00> <FuncUnit> <Opcode : 'add' 'sub'> <InPorts = 2> <OutPorts = 1>
ST_1 : Operation 25 [1/1] (0.41ns)   --->   "%max_abs_2 = select i1 %tmp, i31 %max_abs, i31 %max_abs_1" [../src/fp_math_hls.cpp:354->../src/fp_math_hls.cpp:361]   --->   Operation 25 'select' 'max_abs_2' <Predicate = true> <Delay = 0.41> <CoreInst = "Sel">   --->   Core 73 'Sel' <Latency = 0> <II = 1> <Delay = 0.41> <FuncUnit> <Opcode : 'select'> <InPorts = 3> <OutPorts = 1>
ST_1 : Operation 26 [1/1] (0.00ns)   --->   "%tmp_45 = bitselect i1 @_ssdm_op_BitSelect.i1.i32.i32, i32 %sext_ln352, i32 31" [../src/fp_math_hls.cpp:354->../src/fp_math_hls.cpp:363]   --->   Operation 26 'bitselect' 'tmp_45' <Predicate = true> <Delay = 0.00>
ST_1 : Operation 27 [1/1] (0.97ns)   --->   "%t = sub i28 0, i28 %p_read111" [../src/fp_math_hls.cpp:354->../src/fp_math_hls.cpp:363]   --->   Operation 27 'sub' 't' <Predicate = true> <Delay = 0.97> <CoreInst = "Adder">   --->   Core 1 'Adder' <Latency = 0> <II = 1> <Delay = 0.97> <FuncUnit> <Opcode : 'add' 'sub'> <InPorts = 2> <OutPorts = 1>
ST_1 : Operation 28 [1/1] (0.32ns)   --->   "%t_1 = select i1 %tmp_45, i28 %t, i28 %p_read111" [../src/fp_math_hls.cpp:354->../src/fp_math_hls.cpp:363]   --->   Operation 28 'select' 't_1' <Predicate = true> <Delay = 0.32> <CoreInst = "Sel">   --->   Core 73 'Sel' <Latency = 0> <II = 1> <Delay = 0.32> <FuncUnit> <Opcode : 'select'> <InPorts = 3> <OutPorts = 1>
ST_1 : Operation 29 [1/1] (0.00ns)   --->   "%zext_ln363 = zext i28 %t_1" [../src/fp_math_hls.cpp:363]   --->   Operation 29 'zext' 'zext_ln363' <Predicate = true> <Delay = 0.00>
ST_1 : Operation 30 [1/1] (1.00ns)   --->   "%icmp_ln364 = icmp_ugt  i31 %zext_ln363, i31 %max_abs_2" [../src/fp_math_hls.cpp:364]   --->   Operation 30 'icmp' 'icmp_ln364' <Predicate = true> <Delay = 1.00> <CoreInst = "Cmp">   --->   Core 9 'Cmp' <Latency = 0> <II = 1> <Delay = 1.00> <FuncUnit> <Opcode : 'seteq' 'setne' 'setle' 'setge' 'setlt' 'setgt'> <InPorts = 2> <OutPorts = 1>
ST_1 : Operation 31 [1/1] (0.41ns)   --->   "%max_abs_3 = select i1 %icmp_ln364, i31 %zext_ln363, i31 %max_abs_2" [../src/fp_math_hls.cpp:364]   --->   Operation 31 'select' 'max_abs_3' <Predicate = true> <Delay = 0.41> <CoreInst = "Sel">   --->   Core 73 'Sel' <Latency = 0> <II = 1> <Delay = 0.41> <FuncUnit> <Opcode : 'select'> <InPorts = 3> <OutPorts = 1>

State 2 <SV = 1> <Delay = 3.99>
ST_2 : Operation 32 [1/1] (0.00ns)   --->   "%p_read312 = read i32 @_ssdm_op_Read.ap_auto.i32, i32 %p_read3" [../src/fp_math_hls.cpp:352->../src/fp_math_hls.cpp:361]   --->   Operation 32 'read' 'p_read312' <Predicate = true> <Delay = 0.00>
ST_2 : Operation 33 [1/1] (0.00ns)   --->   "%tmp_46 = bitselect i1 @_ssdm_op_BitSelect.i1.i32.i32, i32 %p_read312, i32 31" [../src/fp_math_hls.cpp:354->../src/fp_math_hls.cpp:373]   --->   Operation 33 'bitselect' 'tmp_46' <Predicate = true> <Delay = 0.00>
ST_2 : Operation 34 [1/1] (0.00ns)   --->   "%t_3 = trunc i32 %p_read312" [../src/fp_math_hls.cpp:354->../src/fp_math_hls.cpp:373]   --->   Operation 34 'trunc' 't_3' <Predicate = true> <Delay = 0.00>
ST_2 : Operation 35 [1/1] (1.00ns)   --->   "%t_2 = sub i31 0, i31 %t_3" [../src/fp_math_hls.cpp:354->../src/fp_math_hls.cpp:373]   --->   Operation 35 'sub' 't_2' <Predicate = true> <Delay = 1.00> <CoreInst = "Adder">   --->   Core 1 'Adder' <Latency = 0> <II = 1> <Delay = 1.00> <FuncUnit> <Opcode : 'add' 'sub'> <InPorts = 2> <OutPorts = 1>
ST_2 : Operation 36 [1/1] (0.41ns)   --->   "%t_4 = select i1 %tmp_46, i31 %t_2, i31 %t_3" [../src/fp_math_hls.cpp:354->../src/fp_math_hls.cpp:373]   --->   Operation 36 'select' 't_4' <Predicate = true> <Delay = 0.41> <CoreInst = "Sel">   --->   Core 73 'Sel' <Latency = 0> <II = 1> <Delay = 0.41> <FuncUnit> <Opcode : 'select'> <InPorts = 3> <OutPorts = 1>
ST_2 : Operation 37 [1/1] (1.00ns)   --->   "%icmp_ln374 = icmp_ugt  i31 %t_4, i31 %max_abs_3" [../src/fp_math_hls.cpp:374]   --->   Operation 37 'icmp' 'icmp_ln374' <Predicate = true> <Delay = 1.00> <CoreInst = "Cmp">   --->   Core 9 'Cmp' <Latency = 0> <II = 1> <Delay = 1.00> <FuncUnit> <Opcode : 'seteq' 'setne' 'setle' 'setge' 'setlt' 'setgt'> <InPorts = 2> <OutPorts = 1>
ST_2 : Operation 38 [1/1] (0.41ns)   --->   "%max_abs_4 = select i1 %icmp_ln374, i31 %t_4, i31 %max_abs_3" [../src/fp_math_hls.cpp:374]   --->   Operation 38 'select' 'max_abs_4' <Predicate = true> <Delay = 0.41> <CoreInst = "Sel">   --->   Core 73 'Sel' <Latency = 0> <II = 1> <Delay = 0.41> <FuncUnit> <Opcode : 'select'> <InPorts = 3> <OutPorts = 1>
ST_2 : Operation 39 [1/1] (0.00ns)   --->   "%tmp_47 = bitselect i1 @_ssdm_op_BitSelect.i1.i31.i32, i31 %max_abs_4, i32 30" [../src/fp_math_hls.cpp:382]   --->   Operation 39 'bitselect' 'tmp_47' <Predicate = true> <Delay = 0.00>
ST_2 : Operation 40 [1/1] (0.00ns)   --->   "%tmp_48 = bitselect i1 @_ssdm_op_BitSelect.i1.i31.i32, i31 %max_abs_4, i32 29" [../src/fp_math_hls.cpp:382]   --->   Operation 40 'bitselect' 'tmp_48' <Predicate = true> <Delay = 0.00>
ST_2 : Operation 41 [1/1] (0.00ns)   --->   "%tmp_49 = bitselect i1 @_ssdm_op_BitSelect.i1.i31.i32, i31 %max_abs_4, i32 28" [../src/fp_math_hls.cpp:382]   --->   Operation 41 'bitselect' 'tmp_49' <Predicate = true> <Delay = 0.00>
ST_2 : Operation 42 [1/1] (0.00ns)   --->   "%tmp_50 = bitselect i1 @_ssdm_op_BitSelect.i1.i31.i32, i31 %max_abs_4, i32 27" [../src/fp_math_hls.cpp:382]   --->   Operation 42 'bitselect' 'tmp_50' <Predicate = true> <Delay = 0.00>
ST_2 : Operation 43 [1/1] (0.00ns) (grouped into LUT with out node scale_shift)   --->   "%tmp_51 = bitselect i1 @_ssdm_op_BitSelect.i1.i31.i32, i31 %max_abs_4, i32 26" [../src/fp_math_hls.cpp:382]   --->   Operation 43 'bitselect' 'tmp_51' <Predicate = true> <Delay = 0.00>
ST_2 : Operation 44 [1/1] (0.00ns) (grouped into LUT with out node scale_shift)   --->   "%tmp_52 = bitselect i1 @_ssdm_op_BitSelect.i1.i31.i32, i31 %max_abs_4, i32 25" [../src/fp_math_hls.cpp:382]   --->   Operation 44 'bitselect' 'tmp_52' <Predicate = true> <Delay = 0.00>
ST_2 : Operation 45 [1/1] (0.00ns) (grouped into LUT with out node scale_shift)   --->   "%zext_ln382 = zext i1 %tmp_52" [../src/fp_math_hls.cpp:382]   --->   Operation 45 'zext' 'zext_ln382' <Predicate = true> <Delay = 0.00>
ST_2 : Operation 46 [1/1] (0.00ns) (grouped into LUT with out node scale_shift)   --->   "%xor_ln382 = xor i1 %tmp_47, i1 1" [../src/fp_math_hls.cpp:382]   --->   Operation 46 'xor' 'xor_ln382' <Predicate = true> <Delay = 0.00> <CoreInst = "LogicGate">   --->   Core 74 'LogicGate' <Latency = 0> <II = 1> <Delay = 0.28> <FuncUnit> <Opcode : 'and' 'or' 'xor'> <InPorts = 2> <OutPorts = 1>
ST_2 : Operation 47 [1/1] (0.00ns) (grouped into LUT with out node scale_shift)   --->   "%and_ln382 = and i1 %tmp_48, i1 %xor_ln382" [../src/fp_math_hls.cpp:382]   --->   Operation 47 'and' 'and_ln382' <Predicate = true> <Delay = 0.00> <CoreInst = "LogicGate">   --->   Core 74 'LogicGate' <Latency = 0> <II = 1> <Delay = 0.28> <FuncUnit> <Opcode : 'and' 'or' 'xor'> <InPorts = 2> <OutPorts = 1>
ST_2 : Operation 48 [1/1] (0.28ns)   --->   "%or_ln382 = or i1 %tmp_47, i1 %tmp_48" [../src/fp_math_hls.cpp:382]   --->   Operation 48 'or' 'or_ln382' <Predicate = true> <Delay = 0.28> <CoreInst = "LogicGate">   --->   Core 74 'LogicGate' <Latency = 0> <II = 1> <Delay = 0.28> <FuncUnit> <Opcode : 'and' 'or' 'xor'> <InPorts = 2> <OutPorts = 1>
ST_2 : Operation 49 [1/1] (0.00ns) (grouped into LUT with out node scale_shift)   --->   "%xor_ln382_1 = xor i1 %or_ln382, i1 1" [../src/fp_math_hls.cpp:382]   --->   Operation 49 'xor' 'xor_ln382_1' <Predicate = true> <Delay = 0.00> <CoreInst = "LogicGate">   --->   Core 74 'LogicGate' <Latency = 0> <II = 1> <Delay = 0.28> <FuncUnit> <Opcode : 'and' 'or' 'xor'> <InPorts = 2> <OutPorts = 1>
ST_2 : Operation 50 [1/1] (0.00ns) (grouped into LUT with out node scale_shift)   --->   "%and_ln382_1 = and i1 %tmp_49, i1 %xor_ln382_1" [../src/fp_math_hls.cpp:382]   --->   Operation 50 'and' 'and_ln382_1' <Predicate = true> <Delay = 0.00> <CoreInst = "LogicGate">   --->   Core 74 'LogicGate' <Latency = 0> <II = 1> <Delay = 0.28> <FuncUnit> <Opcode : 'and' 'or' 'xor'> <InPorts = 2> <OutPorts = 1>
ST_2 : Operation 51 [1/1] (0.28ns)   --->   "%or_ln382_1 = or i1 %or_ln382, i1 %tmp_49" [../src/fp_math_hls.cpp:382]   --->   Operation 51 'or' 'or_ln382_1' <Predicate = true> <Delay = 0.28> <CoreInst = "LogicGate">   --->   Core 74 'LogicGate' <Latency = 0> <II = 1> <Delay = 0.28> <FuncUnit> <Opcode : 'and' 'or' 'xor'> <InPorts = 2> <OutPorts = 1>
ST_2 : Operation 52 [1/1] (0.00ns) (grouped into LUT with out node scale_shift)   --->   "%xor_ln382_2 = xor i1 %or_ln382_1, i1 1" [../src/fp_math_hls.cpp:382]   --->   Operation 52 'xor' 'xor_ln382_2' <Predicate = true> <Delay = 0.00> <CoreInst = "LogicGate">   --->   Core 74 'LogicGate' <Latency = 0> <II = 1> <Delay = 0.28> <FuncUnit> <Opcode : 'and' 'or' 'xor'> <InPorts = 2> <OutPorts = 1>
ST_2 : Operation 53 [1/1] (0.00ns) (grouped into LUT with out node scale_shift)   --->   "%and_ln382_2 = and i1 %tmp_50, i1 %xor_ln382_2" [../src/fp_math_hls.cpp:382]   --->   Operation 53 'and' 'and_ln382_2' <Predicate = true> <Delay = 0.00> <CoreInst = "LogicGate">   --->   Core 74 'LogicGate' <Latency = 0> <II = 1> <Delay = 0.28> <FuncUnit> <Opcode : 'and' 'or' 'xor'> <InPorts = 2> <OutPorts = 1>
ST_2 : Operation 54 [1/1] (0.00ns) (grouped into LUT with out node scale_shift)   --->   "%or_ln382_2 = or i1 %or_ln382_1, i1 %tmp_50" [../src/fp_math_hls.cpp:382]   --->   Operation 54 'or' 'or_ln382_2' <Predicate = true> <Delay = 0.00> <CoreInst = "LogicGate">   --->   Core 74 'LogicGate' <Latency = 0> <II = 1> <Delay = 0.28> <FuncUnit> <Opcode : 'and' 'or' 'xor'> <InPorts = 2> <OutPorts = 1>
ST_2 : Operation 55 [1/1] (0.00ns) (grouped into LUT with out node scale_shift)   --->   "%xor_ln382_3 = xor i1 %or_ln382_2, i1 1" [../src/fp_math_hls.cpp:382]   --->   Operation 55 'xor' 'xor_ln382_3' <Predicate = true> <Delay = 0.00> <CoreInst = "LogicGate">   --->   Core 74 'LogicGate' <Latency = 0> <II = 1> <Delay = 0.28> <FuncUnit> <Opcode : 'and' 'or' 'xor'> <InPorts = 2> <OutPorts = 1>
ST_2 : Operation 56 [1/1] (0.00ns) (grouped into LUT with out node scale_shift)   --->   "%and_ln382_3 = and i1 %tmp_51, i1 %xor_ln382_3" [../src/fp_math_hls.cpp:382]   --->   Operation 56 'and' 'and_ln382_3' <Predicate = true> <Delay = 0.00> <CoreInst = "LogicGate">   --->   Core 74 'LogicGate' <Latency = 0> <II = 1> <Delay = 0.28> <FuncUnit> <Opcode : 'and' 'or' 'xor'> <InPorts = 2> <OutPorts = 1>
ST_2 : Operation 57 [1/1] (0.00ns) (grouped into LUT with out node scale_shift)   --->   "%sel_tmp = bitconcatenate i5 @_ssdm_op_BitConcatenate.i5.i1.i1.i1.i1.i1, i1 %tmp_47, i1 %and_ln382, i1 %and_ln382_1, i1 %and_ln382_2, i1 %and_ln382_3" [../src/fp_math_hls.cpp:382]   --->   Operation 57 'bitconcatenate' 'sel_tmp' <Predicate = true> <Delay = 0.00>
ST_2 : Operation 58 [1/1] (0.57ns) (out node of the LUT)   --->   "%scale_shift = sparsemux i3 @_ssdm_op_SparseMux.ap_auto.6i3.i3.i5, i5 16, i3 6, i5 8, i3 5, i5 4, i3 4, i5 2, i3 3, i5 1, i3 2, i5 0, i3 %zext_ln382, i3 0, i5 %sel_tmp" [../src/fp_math_hls.cpp:379]   --->   Operation 58 'sparsemux' 'scale_shift' <Predicate = true> <Delay = 0.57> <CoreInst = "OneHotSparseMux_HasDef">   --->   Core 152 'OneHotSparseMux_HasDef' <Latency = 0> <II = 1> <Delay = 0.57> <FuncUnit> <Opcode : 'sparsemux'> <InPorts = 2> <OutPorts = 1>

State 3 <SV = 2> <Delay = 3.67>
ST_3 : Operation 59 [1/1] (0.00ns)   --->   "%zext_ln379 = zext i3 %scale_shift" [../src/fp_math_hls.cpp:379]   --->   Operation 59 'zext' 'zext_ln379' <Predicate = true> <Delay = 0.00>
ST_3 : Operation 60 [1/1] (0.00ns)   --->   "%zext_ln379_1 = zext i3 %scale_shift" [../src/fp_math_hls.cpp:379]   --->   Operation 60 'zext' 'zext_ln379_1' <Predicate = true> <Delay = 0.00>
ST_3 : Operation 61 [1/1] (1.38ns)   --->   "%s00_sc = ashr i32 %p_read_27, i32 %zext_ln379" [../src/fp_math_hls.cpp:388]   --->   Operation 61 'ashr' 's00_sc' <Predicate = true> <Delay = 1.38> <CoreInst = "Shifter">   --->   Core 75 'Shifter' <Latency = 0> <II = 1> <Delay = 1.38> <FuncUnit> <Opcode : 'shl' 'lshr' 'ashr'> <InPorts = 2> <OutPorts = 1>
ST_3 : Operation 62 [1/1] (1.19ns)   --->   "%s01_sc = ashr i28 %p_read111, i28 %zext_ln379_1" [../src/fp_math_hls.cpp:389]   --->   Operation 62 'ashr' 's01_sc' <Predicate = true> <Delay = 1.19> <CoreInst = "Shifter">   --->   Core 75 'Shifter' <Latency = 0> <II = 1> <Delay = 1.19> <FuncUnit> <Opcode : 'shl' 'lshr' 'ashr'> <InPorts = 2> <OutPorts = 1>
ST_3 : Operation 63 [1/1] (1.38ns)   --->   "%s11_sc = ashr i32 %p_read312, i32 %zext_ln379" [../src/fp_math_hls.cpp:391]   --->   Operation 63 'ashr' 's11_sc' <Predicate = true> <Delay = 1.38> <CoreInst = "Shifter">   --->   Core 75 'Shifter' <Latency = 0> <II = 1> <Delay = 1.38> <FuncUnit> <Opcode : 'shl' 'lshr' 'ashr'> <InPorts = 2> <OutPorts = 1>
ST_3 : Operation 64 [1/1] (0.00ns)   --->   "%sext_ln159 = sext i32 %s00_sc" [../src/fp_math_hls.cpp:159->../src/fp_math_hls.cpp:393]   --->   Operation 64 'sext' 'sext_ln159' <Predicate = true> <Delay = 0.00>
ST_3 : Operation 65 [1/1] (0.00ns)   --->   "%sext_ln159_32 = sext i32 %s11_sc" [../src/fp_math_hls.cpp:159->../src/fp_math_hls.cpp:393]   --->   Operation 65 'sext' 'sext_ln159_32' <Predicate = true> <Delay = 0.00>
ST_3 : Operation 66 [4/4] (2.29ns)   --->   "%mul_ln398 = mul i50 %sext_ln159, i50 %sext_ln159_32" [../src/fp_math_hls.cpp:398]   --->   Operation 66 'mul' 'mul_ln398' <Predicate = true> <Delay = 2.29> <CoreInst = "Mul_DSP">   --->   Core 5 'Mul_DSP' <Latency = 3> <II = 1> <Delay = 2.29> <FuncUnit> <Opcode : 'mul'> <InPorts = 2> <OutPorts = 1>
ST_3 : Operation 67 [1/1] (0.00ns)   --->   "%sext_ln159_33 = sext i28 %s01_sc" [../src/fp_math_hls.cpp:159->../src/fp_math_hls.cpp:394]   --->   Operation 67 'sext' 'sext_ln159_33' <Predicate = true> <Delay = 0.00>
ST_3 : Operation 68 [4/4] (1.95ns)   --->   "%mul_ln398_1 = mul i50 %sext_ln159_33, i50 %sext_ln159_33" [../src/fp_math_hls.cpp:398]   --->   Operation 68 'mul' 'mul_ln398_1' <Predicate = true> <Delay = 1.95> <CoreInst = "Mul_DSP">   --->   Core 5 'Mul_DSP' <Latency = 3> <II = 1> <Delay = 1.95> <FuncUnit> <Opcode : 'mul'> <InPorts = 2> <OutPorts = 1>

State 4 <SV = 3> <Delay = 2.29>
ST_4 : Operation 69 [3/4] (2.29ns)   --->   "%mul_ln398 = mul i50 %sext_ln159, i50 %sext_ln159_32" [../src/fp_math_hls.cpp:398]   --->   Operation 69 'mul' 'mul_ln398' <Predicate = true> <Delay = 2.29> <CoreInst = "Mul_DSP">   --->   Core 5 'Mul_DSP' <Latency = 3> <II = 1> <Delay = 2.29> <FuncUnit> <Opcode : 'mul'> <InPorts = 2> <OutPorts = 1>
ST_4 : Operation 70 [3/4] (1.95ns)   --->   "%mul_ln398_1 = mul i50 %sext_ln159_33, i50 %sext_ln159_33" [../src/fp_math_hls.cpp:398]   --->   Operation 70 'mul' 'mul_ln398_1' <Predicate = true> <Delay = 1.95> <CoreInst = "Mul_DSP">   --->   Core 5 'Mul_DSP' <Latency = 3> <II = 1> <Delay = 1.95> <FuncUnit> <Opcode : 'mul'> <InPorts = 2> <OutPorts = 1>

State 5 <SV = 4> <Delay = 2.29>
ST_5 : Operation 71 [2/4] (2.29ns)   --->   "%mul_ln398 = mul i50 %sext_ln159, i50 %sext_ln159_32" [../src/fp_math_hls.cpp:398]   --->   Operation 71 'mul' 'mul_ln398' <Predicate = true> <Delay = 2.29> <CoreInst = "Mul_DSP">   --->   Core 5 'Mul_DSP' <Latency = 3> <II = 1> <Delay = 2.29> <FuncUnit> <Opcode : 'mul'> <InPorts = 2> <OutPorts = 1>
ST_5 : Operation 72 [2/4] (1.95ns)   --->   "%mul_ln398_1 = mul i50 %sext_ln159_33, i50 %sext_ln159_33" [../src/fp_math_hls.cpp:398]   --->   Operation 72 'mul' 'mul_ln398_1' <Predicate = true> <Delay = 1.95> <CoreInst = "Mul_DSP">   --->   Core 5 'Mul_DSP' <Latency = 3> <II = 1> <Delay = 1.95> <FuncUnit> <Opcode : 'mul'> <InPorts = 2> <OutPorts = 1>

State 6 <SV = 5> <Delay = 4.34>
ST_6 : Operation 73 [1/4] (2.29ns)   --->   "%mul_ln398 = mul i50 %sext_ln159, i50 %sext_ln159_32" [../src/fp_math_hls.cpp:398]   --->   Operation 73 'mul' 'mul_ln398' <Predicate = true> <Delay = 2.29> <CoreInst = "Mul_DSP">   --->   Core 5 'Mul_DSP' <Latency = 3> <II = 1> <Delay = 2.29> <FuncUnit> <Opcode : 'mul'> <InPorts = 2> <OutPorts = 1>
ST_6 : Operation 74 [1/1] (0.00ns)   --->   "%specfucore_ln160 = specfucore void @_ssdm_op_SpecFUCore, i50 %mul_ln398, i64 12, i64 3, i64 3, i1 0" [../src/fp_math_hls.cpp:160->../src/fp_math_hls.cpp:393]   --->   Operation 74 'specfucore' 'specfucore_ln160' <Predicate = true> <Delay = 0.00>
ST_6 : Operation 75 [1/4] (1.95ns)   --->   "%mul_ln398_1 = mul i50 %sext_ln159_33, i50 %sext_ln159_33" [../src/fp_math_hls.cpp:398]   --->   Operation 75 'mul' 'mul_ln398_1' <Predicate = true> <Delay = 1.95> <CoreInst = "Mul_DSP">   --->   Core 5 'Mul_DSP' <Latency = 3> <II = 1> <Delay = 1.95> <FuncUnit> <Opcode : 'mul'> <InPorts = 2> <OutPorts = 1>
ST_6 : Operation 76 [1/1] (0.00ns)   --->   "%specfucore_ln160 = specfucore void @_ssdm_op_SpecFUCore, i50 %mul_ln398_1, i64 12, i64 3, i64 3, i1 0" [../src/fp_math_hls.cpp:160->../src/fp_math_hls.cpp:394]   --->   Operation 76 'specfucore' 'specfucore_ln160' <Predicate = true> <Delay = 0.00>
ST_6 : Operation 77 [1/1] (1.10ns)   --->   "%det_mul_raw = sub i50 %mul_ln398, i50 %mul_ln398_1" [../src/fp_math_hls.cpp:398]   --->   Operation 77 'sub' 'det_mul_raw' <Predicate = true> <Delay = 1.10> <CoreInst = "Adder">   --->   Core 1 'Adder' <Latency = 0> <II = 1> <Delay = 1.10> <FuncUnit> <Opcode : 'add' 'sub'> <InPorts = 2> <OutPorts = 1>
ST_6 : Operation 78 [1/1] (0.00ns)   --->   "%det_raw = partselect i32 @_ssdm_op_PartSelect.i32.i50.i32.i32, i50 %det_mul_raw, i32 18, i32 49" [../src/fp_math_hls.cpp:399]   --->   Operation 78 'partselect' 'det_raw' <Predicate = true> <Delay = 0.00>
ST_6 : Operation 79 [1/1] (0.00ns)   --->   "%tmp_53 = partselect i26 @_ssdm_op_PartSelect.i26.i50.i32.i32, i50 %det_mul_raw, i32 24, i32 49" [../src/fp_math_hls.cpp:403]   --->   Operation 79 'partselect' 'tmp_53' <Predicate = true> <Delay = 0.00>
ST_6 : Operation 80 [1/1] (0.95ns)   --->   "%icmp_ln403_1 = icmp_slt  i26 %tmp_53, i26 1" [../src/fp_math_hls.cpp:403]   --->   Operation 80 'icmp' 'icmp_ln403_1' <Predicate = true> <Delay = 0.95> <CoreInst = "Cmp">   --->   Core 9 'Cmp' <Latency = 0> <II = 1> <Delay = 0.95> <FuncUnit> <Opcode : 'seteq' 'setne' 'setle' 'setge' 'setlt' 'setgt'> <InPorts = 2> <OutPorts = 1>

State 7 <SV = 6> <Delay = 4.16>
ST_7 : Operation 81 [1/1] (0.00ns)   --->   "%p_read716 = read i32 @_ssdm_op_Read.ap_auto.i32, i32 %p_read7" [../src/fp_math_hls.cpp:352->../src/fp_math_hls.cpp:361]   --->   Operation 81 'read' 'p_read716' <Predicate = true> <Delay = 0.00>
ST_7 : Operation 82 [1/1] (0.00ns)   --->   "%p_read615 = read i32 @_ssdm_op_Read.ap_auto.i32, i32 %p_read6" [../src/fp_math_hls.cpp:352->../src/fp_math_hls.cpp:361]   --->   Operation 82 'read' 'p_read615' <Predicate = true> <Delay = 0.00>
ST_7 : Operation 83 [1/1] (0.00ns)   --->   "%p_read514 = read i32 @_ssdm_op_Read.ap_auto.i32, i32 %p_read5" [../src/fp_math_hls.cpp:352->../src/fp_math_hls.cpp:361]   --->   Operation 83 'read' 'p_read514' <Predicate = true> <Delay = 0.00>
ST_7 : Operation 84 [1/1] (0.00ns)   --->   "%p_read413 = read i32 @_ssdm_op_Read.ap_auto.i32, i32 %p_read4" [../src/fp_math_hls.cpp:352->../src/fp_math_hls.cpp:361]   --->   Operation 84 'read' 'p_read413' <Predicate = true> <Delay = 0.00>
ST_7 : Operation 85 [1/1] (0.00ns)   --->   "%sext_ln389 = sext i28 %s01_sc" [../src/fp_math_hls.cpp:389]   --->   Operation 85 'sext' 'sext_ln389' <Predicate = true> <Delay = 0.00>
ST_7 : Operation 86 [1/1] (0.00ns)   --->   "%rbegin1 = specregionbegin i32 @_ssdm_op_SpecRegionBegin, void @empty_122" [../src/fp_math_hls.cpp:159->../src/fp_math_hls.cpp:393]   --->   Operation 86 'specregionbegin' 'rbegin1' <Predicate = true> <Delay = 0.00>
ST_7 : Operation 87 [1/1] (0.00ns)   --->   "%rend2 = specregionend i32 @_ssdm_op_SpecRegionEnd, void @empty_122, i32 %rbegin1" [../src/fp_math_hls.cpp:159->../src/fp_math_hls.cpp:393]   --->   Operation 87 'specregionend' 'rend2' <Predicate = true> <Delay = 0.00>
ST_7 : Operation 88 [1/1] (0.00ns)   --->   "%rbegin = specregionbegin i32 @_ssdm_op_SpecRegionBegin, void @empty_121" [../src/fp_math_hls.cpp:159->../src/fp_math_hls.cpp:394]   --->   Operation 88 'specregionbegin' 'rbegin' <Predicate = true> <Delay = 0.00>
ST_7 : Operation 89 [1/1] (0.00ns)   --->   "%rend = specregionend i32 @_ssdm_op_SpecRegionEnd, void @empty_121, i32 %rbegin" [../src/fp_math_hls.cpp:159->../src/fp_math_hls.cpp:394]   --->   Operation 89 'specregionend' 'rend' <Predicate = true> <Delay = 0.00>
ST_7 : Operation 90 [1/1] (1.01ns)   --->   "%icmp_ln403 = icmp_sgt  i32 %det_raw, i32 4294967232" [../src/fp_math_hls.cpp:403]   --->   Operation 90 'icmp' 'icmp_ln403' <Predicate = true> <Delay = 1.01> <CoreInst = "Cmp">   --->   Core 9 'Cmp' <Latency = 0> <II = 1> <Delay = 1.01> <FuncUnit> <Opcode : 'seteq' 'setne' 'setle' 'setge' 'setlt' 'setgt'> <InPorts = 2> <OutPorts = 1>
ST_7 : Operation 91 [1/1] (0.28ns)   --->   "%and_ln403 = and i1 %icmp_ln403, i1 %icmp_ln403_1" [../src/fp_math_hls.cpp:403]   --->   Operation 91 'and' 'and_ln403' <Predicate = true> <Delay = 0.28> <CoreInst = "LogicGate">   --->   Core 74 'LogicGate' <Latency = 0> <II = 1> <Delay = 0.28> <FuncUnit> <Opcode : 'and' 'or' 'xor'> <InPorts = 2> <OutPorts = 1>
ST_7 : Operation 92 [1/1] (0.42ns)   --->   "%br_ln403 = br i1 %and_ln403, void %fpga_resource_hint.if.end42.135, void %cleanup82" [../src/fp_math_hls.cpp:403]   --->   Operation 92 'br' 'br_ln403' <Predicate = true> <Delay = 0.42>
ST_7 : Operation 93 [8/8] (2.85ns)   --->   "%inv_det = call i27 @fp_recip, i32 %det_raw, i20 %recip_lut" [../src/fp_math_hls.cpp:406]   --->   Operation 93 'call' 'inv_det' <Predicate = (!and_ln403)> <Delay = 2.85> <CoreType = "Generic">   --->   Generic Core

State 8 <SV = 7> <Delay = 4.22>
ST_8 : Operation 94 [7/8] (4.22ns)   --->   "%inv_det = call i27 @fp_recip, i32 %det_raw, i20 %recip_lut" [../src/fp_math_hls.cpp:406]   --->   Operation 94 'call' 'inv_det' <Predicate = true> <Delay = 4.22> <CoreType = "Generic">   --->   Generic Core

State 9 <SV = 8> <Delay = 4.22>
ST_9 : Operation 95 [6/8] (4.22ns)   --->   "%inv_det = call i27 @fp_recip, i32 %det_raw, i20 %recip_lut" [../src/fp_math_hls.cpp:406]   --->   Operation 95 'call' 'inv_det' <Predicate = true> <Delay = 4.22> <CoreType = "Generic">   --->   Generic Core

State 10 <SV = 9> <Delay = 4.22>
ST_10 : Operation 96 [5/8] (4.22ns)   --->   "%inv_det = call i27 @fp_recip, i32 %det_raw, i20 %recip_lut" [../src/fp_math_hls.cpp:406]   --->   Operation 96 'call' 'inv_det' <Predicate = true> <Delay = 4.22> <CoreType = "Generic">   --->   Generic Core

State 11 <SV = 10> <Delay = 4.22>
ST_11 : Operation 97 [4/8] (4.22ns)   --->   "%inv_det = call i27 @fp_recip, i32 %det_raw, i20 %recip_lut" [../src/fp_math_hls.cpp:406]   --->   Operation 97 'call' 'inv_det' <Predicate = true> <Delay = 4.22> <CoreType = "Generic">   --->   Generic Core

State 12 <SV = 11> <Delay = 4.22>
ST_12 : Operation 98 [3/8] (4.22ns)   --->   "%inv_det = call i27 @fp_recip, i32 %det_raw, i20 %recip_lut" [../src/fp_math_hls.cpp:406]   --->   Operation 98 'call' 'inv_det' <Predicate = true> <Delay = 4.22> <CoreType = "Generic">   --->   Generic Core

State 13 <SV = 12> <Delay = 4.22>
ST_13 : Operation 99 [2/8] (4.22ns)   --->   "%inv_det = call i27 @fp_recip, i32 %det_raw, i20 %recip_lut" [../src/fp_math_hls.cpp:406]   --->   Operation 99 'call' 'inv_det' <Predicate = true> <Delay = 4.22> <CoreType = "Generic">   --->   Generic Core

State 14 <SV = 13> <Delay = 3.84>
ST_14 : Operation 100 [1/8] (3.84ns)   --->   "%inv_det = call i27 @fp_recip, i32 %det_raw, i20 %recip_lut" [../src/fp_math_hls.cpp:406]   --->   Operation 100 'call' 'inv_det' <Predicate = true> <Delay = 3.84> <CoreType = "Generic">   --->   Generic Core

State 15 <SV = 14> <Delay = 3.01>
ST_15 : Operation 101 [1/1] (0.00ns)   --->   "%sext_ln159_34 = sext i27 %inv_det" [../src/fp_math_hls.cpp:159->../src/fp_math_hls.cpp:410]   --->   Operation 101 'sext' 'sext_ln159_34' <Predicate = true> <Delay = 0.00>
ST_15 : Operation 102 [4/4] (2.29ns)   --->   "%product = mul i50 %sext_ln159_34, i50 %sext_ln159_32" [../src/fp_math_hls.cpp:159->../src/fp_math_hls.cpp:410]   --->   Operation 102 'mul' 'product' <Predicate = true> <Delay = 2.29> <CoreInst = "Mul_DSP">   --->   Core 5 'Mul_DSP' <Latency = 3> <II = 1> <Delay = 2.29> <FuncUnit> <Opcode : 'mul'> <InPorts = 2> <OutPorts = 1>
ST_15 : Operation 103 [1/1] (0.97ns)   --->   "%a_124 = sub i29 0, i29 %sext_ln389" [../src/fp_math_hls.cpp:411]   --->   Operation 103 'sub' 'a_124' <Predicate = true> <Delay = 0.97> <CoreInst = "Adder">   --->   Core 1 'Adder' <Latency = 0> <II = 1> <Delay = 0.97> <FuncUnit> <Opcode : 'add' 'sub'> <InPorts = 2> <OutPorts = 1>
ST_15 : Operation 104 [1/1] (0.00ns)   --->   "%sext_ln159_35 = sext i29 %a_124" [../src/fp_math_hls.cpp:159->../src/fp_math_hls.cpp:411]   --->   Operation 104 'sext' 'sext_ln159_35' <Predicate = true> <Delay = 0.00>
ST_15 : Operation 105 [4/4] (2.03ns)   --->   "%product_224 = mul i50 %sext_ln159_34, i50 %sext_ln159_35" [../src/fp_math_hls.cpp:159->../src/fp_math_hls.cpp:411]   --->   Operation 105 'mul' 'product_224' <Predicate = true> <Delay = 2.03> <CoreInst = "Mul_DSP">   --->   Core 5 'Mul_DSP' <Latency = 3> <II = 1> <Delay = 2.03> <FuncUnit> <Opcode : 'mul'> <InPorts = 2> <OutPorts = 1>
ST_15 : Operation 106 [4/4] (2.29ns)   --->   "%product_225 = mul i50 %sext_ln159_34, i50 %sext_ln159" [../src/fp_math_hls.cpp:159->../src/fp_math_hls.cpp:418]   --->   Operation 106 'mul' 'product_225' <Predicate = true> <Delay = 2.29> <CoreInst = "Mul_DSP">   --->   Core 5 'Mul_DSP' <Latency = 3> <II = 1> <Delay = 2.29> <FuncUnit> <Opcode : 'mul'> <InPorts = 2> <OutPorts = 1>

State 16 <SV = 15> <Delay = 2.29>
ST_16 : Operation 107 [3/4] (2.29ns)   --->   "%product = mul i50 %sext_ln159_34, i50 %sext_ln159_32" [../src/fp_math_hls.cpp:159->../src/fp_math_hls.cpp:410]   --->   Operation 107 'mul' 'product' <Predicate = true> <Delay = 2.29> <CoreInst = "Mul_DSP">   --->   Core 5 'Mul_DSP' <Latency = 3> <II = 1> <Delay = 2.29> <FuncUnit> <Opcode : 'mul'> <InPorts = 2> <OutPorts = 1>
ST_16 : Operation 108 [3/4] (2.03ns)   --->   "%product_224 = mul i50 %sext_ln159_34, i50 %sext_ln159_35" [../src/fp_math_hls.cpp:159->../src/fp_math_hls.cpp:411]   --->   Operation 108 'mul' 'product_224' <Predicate = true> <Delay = 2.03> <CoreInst = "Mul_DSP">   --->   Core 5 'Mul_DSP' <Latency = 3> <II = 1> <Delay = 2.03> <FuncUnit> <Opcode : 'mul'> <InPorts = 2> <OutPorts = 1>
ST_16 : Operation 109 [3/4] (2.29ns)   --->   "%product_225 = mul i50 %sext_ln159_34, i50 %sext_ln159" [../src/fp_math_hls.cpp:159->../src/fp_math_hls.cpp:418]   --->   Operation 109 'mul' 'product_225' <Predicate = true> <Delay = 2.29> <CoreInst = "Mul_DSP">   --->   Core 5 'Mul_DSP' <Latency = 3> <II = 1> <Delay = 2.29> <FuncUnit> <Opcode : 'mul'> <InPorts = 2> <OutPorts = 1>

State 17 <SV = 16> <Delay = 2.29>
ST_17 : Operation 110 [2/4] (2.29ns)   --->   "%product = mul i50 %sext_ln159_34, i50 %sext_ln159_32" [../src/fp_math_hls.cpp:159->../src/fp_math_hls.cpp:410]   --->   Operation 110 'mul' 'product' <Predicate = true> <Delay = 2.29> <CoreInst = "Mul_DSP">   --->   Core 5 'Mul_DSP' <Latency = 3> <II = 1> <Delay = 2.29> <FuncUnit> <Opcode : 'mul'> <InPorts = 2> <OutPorts = 1>
ST_17 : Operation 111 [2/4] (2.03ns)   --->   "%product_224 = mul i50 %sext_ln159_34, i50 %sext_ln159_35" [../src/fp_math_hls.cpp:159->../src/fp_math_hls.cpp:411]   --->   Operation 111 'mul' 'product_224' <Predicate = true> <Delay = 2.03> <CoreInst = "Mul_DSP">   --->   Core 5 'Mul_DSP' <Latency = 3> <II = 1> <Delay = 2.03> <FuncUnit> <Opcode : 'mul'> <InPorts = 2> <OutPorts = 1>
ST_17 : Operation 112 [2/4] (2.29ns)   --->   "%product_225 = mul i50 %sext_ln159_34, i50 %sext_ln159" [../src/fp_math_hls.cpp:159->../src/fp_math_hls.cpp:418]   --->   Operation 112 'mul' 'product_225' <Predicate = true> <Delay = 2.29> <CoreInst = "Mul_DSP">   --->   Core 5 'Mul_DSP' <Latency = 3> <II = 1> <Delay = 2.29> <FuncUnit> <Opcode : 'mul'> <InPorts = 2> <OutPorts = 1>

State 18 <SV = 17> <Delay = 4.10>
ST_18 : Operation 113 [1/1] (0.00ns)   --->   "%rbegin9 = specregionbegin i32 @_ssdm_op_SpecRegionBegin, void @empty_120" [../src/fp_math_hls.cpp:159->../src/fp_math_hls.cpp:410]   --->   Operation 113 'specregionbegin' 'rbegin9' <Predicate = (!and_ln403)> <Delay = 0.00>
ST_18 : Operation 114 [1/4] (2.29ns)   --->   "%product = mul i50 %sext_ln159_34, i50 %sext_ln159_32" [../src/fp_math_hls.cpp:159->../src/fp_math_hls.cpp:410]   --->   Operation 114 'mul' 'product' <Predicate = (!and_ln403)> <Delay = 2.29> <CoreInst = "Mul_DSP">   --->   Core 5 'Mul_DSP' <Latency = 3> <II = 1> <Delay = 2.29> <FuncUnit> <Opcode : 'mul'> <InPorts = 2> <OutPorts = 1>
ST_18 : Operation 115 [1/1] (0.00ns)   --->   "%specfucore_ln160 = specfucore void @_ssdm_op_SpecFUCore, i50 %product, i64 12, i64 3, i64 3, i1 0" [../src/fp_math_hls.cpp:160->../src/fp_math_hls.cpp:410]   --->   Operation 115 'specfucore' 'specfucore_ln160' <Predicate = (!and_ln403)> <Delay = 0.00>
ST_18 : Operation 116 [1/1] (0.00ns)   --->   "%rend10 = specregionend i32 @_ssdm_op_SpecRegionEnd, void @empty_120, i32 %rbegin9" [../src/fp_math_hls.cpp:159->../src/fp_math_hls.cpp:410]   --->   Operation 116 'specregionend' 'rend10' <Predicate = (!and_ln403)> <Delay = 0.00>
ST_18 : Operation 117 [1/1] (0.00ns)   --->   "%si00_sc = partselect i32 @_ssdm_op_PartSelect.i32.i50.i32.i32, i50 %product, i32 18, i32 49" [../src/fp_math_hls.cpp:410]   --->   Operation 117 'partselect' 'si00_sc' <Predicate = (!and_ln403)> <Delay = 0.00>
ST_18 : Operation 118 [1/1] (0.00ns)   --->   "%rbegin7 = specregionbegin i32 @_ssdm_op_SpecRegionBegin, void @empty_119" [../src/fp_math_hls.cpp:159->../src/fp_math_hls.cpp:411]   --->   Operation 118 'specregionbegin' 'rbegin7' <Predicate = (!and_ln403)> <Delay = 0.00>
ST_18 : Operation 119 [1/4] (2.03ns)   --->   "%product_224 = mul i50 %sext_ln159_34, i50 %sext_ln159_35" [../src/fp_math_hls.cpp:159->../src/fp_math_hls.cpp:411]   --->   Operation 119 'mul' 'product_224' <Predicate = (!and_ln403)> <Delay = 2.03> <CoreInst = "Mul_DSP">   --->   Core 5 'Mul_DSP' <Latency = 3> <II = 1> <Delay = 2.03> <FuncUnit> <Opcode : 'mul'> <InPorts = 2> <OutPorts = 1>
ST_18 : Operation 120 [1/1] (0.00ns)   --->   "%specfucore_ln160 = specfucore void @_ssdm_op_SpecFUCore, i50 %product_224, i64 12, i64 3, i64 3, i1 0" [../src/fp_math_hls.cpp:160->../src/fp_math_hls.cpp:411]   --->   Operation 120 'specfucore' 'specfucore_ln160' <Predicate = (!and_ln403)> <Delay = 0.00>
ST_18 : Operation 121 [1/1] (0.00ns)   --->   "%rend8 = specregionend i32 @_ssdm_op_SpecRegionEnd, void @empty_119, i32 %rbegin7" [../src/fp_math_hls.cpp:159->../src/fp_math_hls.cpp:411]   --->   Operation 121 'specregionend' 'rend8' <Predicate = (!and_ln403)> <Delay = 0.00>
ST_18 : Operation 122 [1/1] (0.00ns)   --->   "%si01_sc = partselect i32 @_ssdm_op_PartSelect.i32.i50.i32.i32, i50 %product_224, i32 18, i32 49" [../src/fp_math_hls.cpp:411]   --->   Operation 122 'partselect' 'si01_sc' <Predicate = (!and_ln403)> <Delay = 0.00>
ST_18 : Operation 123 [1/1] (0.00ns)   --->   "%rbegin5 = specregionbegin i32 @_ssdm_op_SpecRegionBegin, void @empty_429" [../src/fp_math_hls.cpp:159->../src/fp_math_hls.cpp:414]   --->   Operation 123 'specregionbegin' 'rbegin5' <Predicate = (!and_ln403)> <Delay = 0.00>
ST_18 : Operation 124 [1/1] (0.00ns)   --->   "%specfucore_ln160 = specfucore void @_ssdm_op_SpecFUCore, i50 %product_224, i64 12, i64 3, i64 3, i1 0" [../src/fp_math_hls.cpp:160->../src/fp_math_hls.cpp:414]   --->   Operation 124 'specfucore' 'specfucore_ln160' <Predicate = (!and_ln403)> <Delay = 0.00>
ST_18 : Operation 125 [1/1] (0.00ns)   --->   "%rend6 = specregionend i32 @_ssdm_op_SpecRegionEnd, void @empty_429, i32 %rbegin5" [../src/fp_math_hls.cpp:159->../src/fp_math_hls.cpp:414]   --->   Operation 125 'specregionend' 'rend6' <Predicate = (!and_ln403)> <Delay = 0.00>
ST_18 : Operation 126 [1/1] (0.00ns)   --->   "%rbegin3 = specregionbegin i32 @_ssdm_op_SpecRegionBegin, void @empty_57" [../src/fp_math_hls.cpp:159->../src/fp_math_hls.cpp:418]   --->   Operation 126 'specregionbegin' 'rbegin3' <Predicate = (!and_ln403)> <Delay = 0.00>
ST_18 : Operation 127 [1/4] (2.29ns)   --->   "%product_225 = mul i50 %sext_ln159_34, i50 %sext_ln159" [../src/fp_math_hls.cpp:159->../src/fp_math_hls.cpp:418]   --->   Operation 127 'mul' 'product_225' <Predicate = (!and_ln403)> <Delay = 2.29> <CoreInst = "Mul_DSP">   --->   Core 5 'Mul_DSP' <Latency = 3> <II = 1> <Delay = 2.29> <FuncUnit> <Opcode : 'mul'> <InPorts = 2> <OutPorts = 1>
ST_18 : Operation 128 [1/1] (0.00ns)   --->   "%specfucore_ln160 = specfucore void @_ssdm_op_SpecFUCore, i50 %product_225, i64 12, i64 3, i64 3, i1 0" [../src/fp_math_hls.cpp:160->../src/fp_math_hls.cpp:418]   --->   Operation 128 'specfucore' 'specfucore_ln160' <Predicate = (!and_ln403)> <Delay = 0.00>
ST_18 : Operation 129 [1/1] (0.00ns)   --->   "%rend4 = specregionend i32 @_ssdm_op_SpecRegionEnd, void @empty_57, i32 %rbegin3" [../src/fp_math_hls.cpp:159->../src/fp_math_hls.cpp:418]   --->   Operation 129 'specregionend' 'rend4' <Predicate = (!and_ln403)> <Delay = 0.00>
ST_18 : Operation 130 [1/1] (0.00ns)   --->   "%si11_sc = partselect i32 @_ssdm_op_PartSelect.i32.i50.i32.i32, i50 %product_225, i32 18, i32 49" [../src/fp_math_hls.cpp:418]   --->   Operation 130 'partselect' 'si11_sc' <Predicate = (!and_ln403)> <Delay = 0.00>
ST_18 : Operation 131 [1/1] (1.38ns)   --->   "%ashr_ln420 = ashr i32 %si00_sc, i32 %zext_ln379" [../src/fp_math_hls.cpp:420]   --->   Operation 131 'ashr' 'ashr_ln420' <Predicate = (!and_ln403)> <Delay = 1.38> <CoreInst = "Shifter">   --->   Core 75 'Shifter' <Latency = 0> <II = 1> <Delay = 1.38> <FuncUnit> <Opcode : 'shl' 'lshr' 'ashr'> <InPorts = 2> <OutPorts = 1>
ST_18 : Operation 132 [1/1] (1.38ns)   --->   "%ashr_ln421 = ashr i32 %si01_sc, i32 %zext_ln379" [../src/fp_math_hls.cpp:421]   --->   Operation 132 'ashr' 'ashr_ln421' <Predicate = (!and_ln403)> <Delay = 1.38> <CoreInst = "Shifter">   --->   Core 75 'Shifter' <Latency = 0> <II = 1> <Delay = 1.38> <FuncUnit> <Opcode : 'shl' 'lshr' 'ashr'> <InPorts = 2> <OutPorts = 1>
ST_18 : Operation 133 [1/1] (1.38ns)   --->   "%ashr_ln423 = ashr i32 %si11_sc, i32 %zext_ln379" [../src/fp_math_hls.cpp:423]   --->   Operation 133 'ashr' 'ashr_ln423' <Predicate = (!and_ln403)> <Delay = 1.38> <CoreInst = "Shifter">   --->   Core 75 'Shifter' <Latency = 0> <II = 1> <Delay = 1.38> <FuncUnit> <Opcode : 'shl' 'lshr' 'ashr'> <InPorts = 2> <OutPorts = 1>
ST_18 : Operation 134 [1/1] (0.42ns)   --->   "%br_ln0 = br void %cleanup82"   --->   Operation 134 'br' 'br_ln0' <Predicate = (!and_ln403)> <Delay = 0.42>
ST_18 : Operation 135 [1/1] (0.00ns)   --->   "%phi_ln425 = phi i32 %p_read514, void %fpga_resource_hint.cond.true.i715.137, i32 %ashr_ln421, void %fpga_resource_hint.if.end42.135" [../src/fp_math_hls.cpp:425]   --->   Operation 135 'phi' 'phi_ln425' <Predicate = true> <Delay = 0.00>
ST_18 : Operation 136 [1/1] (0.00ns)   --->   "%phi_ln425_1 = phi i32 %p_read615, void %fpga_resource_hint.cond.true.i715.137, i32 %ashr_ln421, void %fpga_resource_hint.if.end42.135" [../src/fp_math_hls.cpp:425]   --->   Operation 136 'phi' 'phi_ln425_1' <Predicate = true> <Delay = 0.00>
ST_18 : Operation 137 [1/1] (0.00ns)   --->   "%phi_ln425_2 = phi i32 %p_read413, void %fpga_resource_hint.cond.true.i715.137, i32 %ashr_ln420, void %fpga_resource_hint.if.end42.135" [../src/fp_math_hls.cpp:425]   --->   Operation 137 'phi' 'phi_ln425_2' <Predicate = true> <Delay = 0.00>
ST_18 : Operation 138 [1/1] (0.00ns)   --->   "%phi_ln425_3 = phi i32 %p_read716, void %fpga_resource_hint.cond.true.i715.137, i32 %ashr_ln423, void %fpga_resource_hint.if.end42.135" [../src/fp_math_hls.cpp:425]   --->   Operation 138 'phi' 'phi_ln425_3' <Predicate = true> <Delay = 0.00>
ST_18 : Operation 139 [1/1] (0.00ns) (grouped into LUT with out node select_ln425)   --->   "%retval_0 = phi i1 1, void %fpga_resource_hint.cond.true.i715.137, i1 0, void %fpga_resource_hint.if.end42.135"   --->   Operation 139 'phi' 'retval_0' <Predicate = true> <Delay = 0.00>
ST_18 : Operation 140 [1/1] (0.17ns) (out node of the LUT)   --->   "%select_ln425 = select i1 %retval_0, i32 4294967295, i32 0" [../src/fp_math_hls.cpp:425]   --->   Operation 140 'select' 'select_ln425' <Predicate = true> <Delay = 0.17> <CoreInst = "Sel">   --->   Core 73 'Sel' <Latency = 0> <II = 1> <Delay = 0.17> <FuncUnit> <Opcode : 'select'> <InPorts = 3> <OutPorts = 1>
ST_18 : Operation 141 [1/1] (0.00ns)   --->   "%mrv = insertvalue i160 <undef>, i32 %select_ln425" [../src/fp_math_hls.cpp:425]   --->   Operation 141 'insertvalue' 'mrv' <Predicate = true> <Delay = 0.00>
ST_18 : Operation 142 [1/1] (0.00ns)   --->   "%mrv_1 = insertvalue i160 %mrv, i32 %phi_ln425_2" [../src/fp_math_hls.cpp:425]   --->   Operation 142 'insertvalue' 'mrv_1' <Predicate = true> <Delay = 0.00>
ST_18 : Operation 143 [1/1] (0.00ns)   --->   "%mrv_2 = insertvalue i160 %mrv_1, i32 %phi_ln425" [../src/fp_math_hls.cpp:425]   --->   Operation 143 'insertvalue' 'mrv_2' <Predicate = true> <Delay = 0.00>
ST_18 : Operation 144 [1/1] (0.00ns)   --->   "%mrv_3 = insertvalue i160 %mrv_2, i32 %phi_ln425_1" [../src/fp_math_hls.cpp:425]   --->   Operation 144 'insertvalue' 'mrv_3' <Predicate = true> <Delay = 0.00>
ST_18 : Operation 145 [1/1] (0.00ns)   --->   "%mrv_4 = insertvalue i160 %mrv_3, i32 %phi_ln425_3" [../src/fp_math_hls.cpp:425]   --->   Operation 145 'insertvalue' 'mrv_4' <Predicate = true> <Delay = 0.00>
ST_18 : Operation 146 [1/1] (0.00ns)   --->   "%ret_ln425 = ret i160 %mrv_4" [../src/fp_math_hls.cpp:425]   --->   Operation 146 'ret' 'ret_ln425' <Predicate = true> <Delay = 0.00>


============================================================
+ Verbose Summary: Timing violations
============================================================
Target clock period: 5.000ns, clock uncertainty: 0.500ns.

 <State 1>: 2.848ns
The critical path consists of the following:
	wire read operation ('p_read_27', ../src/fp_math_hls.cpp:352->../src/fp_math_hls.cpp:361) on port 'p_read' (../src/fp_math_hls.cpp:352->../src/fp_math_hls.cpp:361) [15]  (0.000 ns)
	'sub' operation 31 bit ('max_abs', ../src/fp_math_hls.cpp:354->../src/fp_math_hls.cpp:361) [19]  (1.006 ns)
	'select' operation 31 bit ('max_abs', ../src/fp_math_hls.cpp:354->../src/fp_math_hls.cpp:361) [20]  (0.418 ns)
	'icmp' operation 1 bit ('icmp_ln364', ../src/fp_math_hls.cpp:364) [25]  (1.006 ns)
	'select' operation 31 bit ('max_abs', ../src/fp_math_hls.cpp:364) [26]  (0.418 ns)

 <State 2>: 3.996ns
The critical path consists of the following:
	wire read operation ('p_read312', ../src/fp_math_hls.cpp:352->../src/fp_math_hls.cpp:361) on port 'p_read3' (../src/fp_math_hls.cpp:352->../src/fp_math_hls.cpp:361) [13]  (0.000 ns)
	'sub' operation 31 bit ('t', ../src/fp_math_hls.cpp:354->../src/fp_math_hls.cpp:373) [29]  (1.006 ns)
	'select' operation 31 bit ('t', ../src/fp_math_hls.cpp:354->../src/fp_math_hls.cpp:373) [30]  (0.418 ns)
	'icmp' operation 1 bit ('icmp_ln374', ../src/fp_math_hls.cpp:374) [31]  (1.006 ns)
	'select' operation 31 bit ('max_abs', ../src/fp_math_hls.cpp:374) [32]  (0.418 ns)
	'or' operation 1 bit ('or_ln382', ../src/fp_math_hls.cpp:382) [42]  (0.287 ns)
	'or' operation 1 bit ('or_ln382_1', ../src/fp_math_hls.cpp:382) [45]  (0.287 ns)
	'xor' operation 1 bit ('xor_ln382_2', ../src/fp_math_hls.cpp:382) [46]  (0.000 ns)
	'and' operation 1 bit ('and_ln382_2', ../src/fp_math_hls.cpp:382) [47]  (0.000 ns)
	'sparsemux' operation 3 bit ('scale_shift', ../src/fp_math_hls.cpp:379) [52]  (0.574 ns)

 <State 3>: 3.679ns
The critical path consists of the following:
	'ashr' operation 32 bit ('s00_sc', ../src/fp_math_hls.cpp:388) [55]  (1.388 ns)
	'mul' operation 50 bit ('mul_ln398', ../src/fp_math_hls.cpp:398) [62]  (2.291 ns)

 <State 4>: 2.291ns
The critical path consists of the following:
	'mul' operation 50 bit ('mul_ln398', ../src/fp_math_hls.cpp:398) [62]  (2.291 ns)

 <State 5>: 2.291ns
The critical path consists of the following:
	'mul' operation 50 bit ('mul_ln398', ../src/fp_math_hls.cpp:398) [62]  (2.291 ns)

 <State 6>: 4.350ns
The critical path consists of the following:
	'mul' operation 50 bit ('mul_ln398', ../src/fp_math_hls.cpp:398) [62]  (2.291 ns)
	'sub' operation 50 bit ('det_mul_raw', ../src/fp_math_hls.cpp:398) [70]  (1.104 ns)
	'icmp' operation 1 bit ('icmp_ln403_1', ../src/fp_math_hls.cpp:403) [74]  (0.955 ns)

 <State 7>: 4.162ns
The critical path consists of the following:
	'icmp' operation 1 bit ('icmp_ln403', ../src/fp_math_hls.cpp:403) [72]  (1.016 ns)
	'and' operation 1 bit ('and_ln403', ../src/fp_math_hls.cpp:403) [75]  (0.287 ns)
	'call' operation 27 bit ('inv_det', ../src/fp_math_hls.cpp:406) to 'fp_recip' [78]  (2.859 ns)

 <State 8>: 4.225ns
The critical path consists of the following:
	'call' operation 27 bit ('inv_det', ../src/fp_math_hls.cpp:406) to 'fp_recip' [78]  (4.225 ns)

 <State 9>: 4.225ns
The critical path consists of the following:
	'call' operation 27 bit ('inv_det', ../src/fp_math_hls.cpp:406) to 'fp_recip' [78]  (4.225 ns)

 <State 10>: 4.225ns
The critical path consists of the following:
	'call' operation 27 bit ('inv_det', ../src/fp_math_hls.cpp:406) to 'fp_recip' [78]  (4.225 ns)

 <State 11>: 4.225ns
The critical path consists of the following:
	'call' operation 27 bit ('inv_det', ../src/fp_math_hls.cpp:406) to 'fp_recip' [78]  (4.225 ns)

 <State 12>: 4.225ns
The critical path consists of the following:
	'call' operation 27 bit ('inv_det', ../src/fp_math_hls.cpp:406) to 'fp_recip' [78]  (4.225 ns)

 <State 13>: 4.225ns
The critical path consists of the following:
	'call' operation 27 bit ('inv_det', ../src/fp_math_hls.cpp:406) to 'fp_recip' [78]  (4.225 ns)

 <State 14>: 3.844ns
The critical path consists of the following:
	'call' operation 27 bit ('inv_det', ../src/fp_math_hls.cpp:406) to 'fp_recip' [78]  (3.844 ns)

 <State 15>: 3.011ns
The critical path consists of the following:
	'sub' operation 29 bit ('a', ../src/fp_math_hls.cpp:411) [85]  (0.975 ns)
	'mul' operation 50 bit ('product', ../src/fp_math_hls.cpp:159->../src/fp_math_hls.cpp:411) [88]  (2.036 ns)

 <State 16>: 2.291ns
The critical path consists of the following:
	'mul' operation 50 bit ('product', ../src/fp_math_hls.cpp:159->../src/fp_math_hls.cpp:410) [81]  (2.291 ns)

 <State 17>: 2.291ns
The critical path consists of the following:
	'mul' operation 50 bit ('product', ../src/fp_math_hls.cpp:159->../src/fp_math_hls.cpp:410) [81]  (2.291 ns)

 <State 18>: 4.106ns
The critical path consists of the following:
	'mul' operation 50 bit ('product', ../src/fp_math_hls.cpp:159->../src/fp_math_hls.cpp:410) [81]  (2.291 ns)
	'ashr' operation 32 bit ('ashr_ln420', ../src/fp_math_hls.cpp:420) [100]  (1.388 ns)
	multiplexor before 'phi' operation 32 bit ('phi_ln425_2', ../src/fp_math_hls.cpp:425) with incoming values : ('p_read413', ../src/fp_math_hls.cpp:352->../src/fp_math_hls.cpp:361) ('ashr_ln420', ../src/fp_math_hls.cpp:420) [107]  (0.427 ns)
	'phi' operation 32 bit ('phi_ln425_2', ../src/fp_math_hls.cpp:425) with incoming values : ('p_read413', ../src/fp_math_hls.cpp:352->../src/fp_math_hls.cpp:361) ('ashr_ln420', ../src/fp_math_hls.cpp:420) [107]  (0.000 ns)


============================================================
+ Verbose Summary: Binding
============================================================
N/A
* FSMD analyzer results:
  - Output states:
 - Input state : 
  - Chain level:
	State 1
	State 2
	State 3
	State 4
	State 5
	State 6
	State 7
	State 8
	State 9
	State 10
	State 11
	State 12
	State 13
	State 14
	State 15
	State 16
	State 17
	State 18


============================================================
+ Verbose Summary: Datapath Resource usage 
============================================================
N/A
