

================================================================
== Vitis HLS Report for 'mpc_compute_hls_Pipeline_VITIS_LOOP_1525_22'
================================================================
* Date:           Thu May 21 15:23:07 2026

* Version:        2025.2 (Build 6295257 on Nov 14 2025)
* Project:        mpc_fpga_top_opencl
* Solution:       hls (Vitis Kernel Flow Target)
* Product family: zynquplus
* Target device:  xck26-sfvc784-2LV-c


================================================================
== Performance Estimates
================================================================
+ Timing: 
    * Summary: 
    +--------+---------+----------+------------+
    |  Clock |  Target | Estimated| Uncertainty|
    +--------+---------+----------+------------+
    |ap_clk  |  5.00 ns|  1.803 ns|     0.50 ns|
    +--------+---------+----------+------------+

+ Latency: 
    * Summary: 
    +---------+---------+----------+----------+-----+-----+-------------------+
    |  Latency (cycles) |  Latency (absolute) |  Interval |      Pipeline     |
    |   min   |   max   |    min   |    max   | min | max |        Type       |
    +---------+---------+----------+----------+-----+-----+-------------------+
    |       22|       22|  0.110 us|  0.110 us|    0|    0|  loop pipeline stp|
    +---------+---------+----------+----------+-----+-----+-------------------+

    + Detail: 
        * Instance: 
        N/A

        * Loop: 
        +----------------------+---------+---------+----------+-----------+-----------+------+----------+
        |                      |  Latency (cycles) | Iteration|  Initiation Interval  | Trip |          |
        |       Loop Name      |   min   |   max   |  Latency |  achieved |   target  | Count| Pipelined|
        +----------------------+---------+---------+----------+-----------+-----------+------+----------+
        |- VITIS_LOOP_1525_22  |       20|       20|         2|          1|          1|    20|       yes|
        +----------------------+---------+---------+----------+-----------+-----------+------+----------+

============================================================
+ Verbose Summary: Synthesis Manager
============================================================
InlineROM: 1
ExposeGlobal: 0
============================================================
+ Verbose Summary: CDFG Model
============================================================
IsTopModel: 0
ResetActiveHigh: 1
IsCombinational: 0
IsDatapathOnly: 0
HasWiredReturn: 1
HasMFsm: 2
HasVarLatency: 1
IsPipeline: 0
IsRtlPipelined: 0
IsInstanceOverlapped: 0
IsDontTouch: 0
HasImplIP: 0
IsGatedGlobalClock: 0

+ Individual pipeline summary: 
  * Pipeline-0: initiation interval (II) = 1, depth = 2


============================================================
+ Verbose Summary: Schedule
============================================================
* Number of FSM states : 2
* Pipeline : 1
  Pipeline-0 : II = 1, D = 2, States = { 1 2 }
* Dataflow Pipeline: 0

* FSM state transitions: 
1 --> 2 
2 --> 

* FSM state operations: 

State 1 <SV = 0> <Delay = 1.64>
ST_1 : Operation 5 [1/1] (0.00ns)   --->   "%k = alloca i32 1" [../src/riccati_solver_hls.cpp:1170->../src/mpc_riccati_hls.cpp:649]   --->   Operation 5 'alloca' 'k' <Predicate = true> <Delay = 0.00>
ST_1 : Operation 6 [1/1] (0.00ns)   --->   "%scale_rho_u_up_read = read i1 @_ssdm_op_Read.ap_auto.i1, i1 %scale_rho_u_up"   --->   Operation 6 'read' 'scale_rho_u_up_read' <Predicate = true> <Delay = 0.00>
ST_1 : Operation 7 [1/1] (0.42ns)   --->   "%store_ln1170 = store i5 0, i5 %k" [../src/riccati_solver_hls.cpp:1170->../src/mpc_riccati_hls.cpp:649]   --->   Operation 7 'store' 'store_ln1170' <Predicate = true> <Delay = 0.42>
ST_1 : Operation 8 [1/1] (0.00ns)   --->   "%br_ln0 = br void %for.body714.i"   --->   Operation 8 'br' 'br_ln0' <Predicate = true> <Delay = 0.00>
ST_1 : Operation 9 [1/1] (0.00ns)   --->   "%k_7 = load i5 %k" [../src/riccati_solver_hls.cpp:1525->../src/mpc_riccati_hls.cpp:649]   --->   Operation 9 'load' 'k_7' <Predicate = true> <Delay = 0.00>
ST_1 : Operation 10 [1/1] (0.78ns)   --->   "%icmp_ln1525 = icmp_eq  i5 %k_7, i5 20" [../src/riccati_solver_hls.cpp:1525->../src/mpc_riccati_hls.cpp:649]   --->   Operation 10 'icmp' 'icmp_ln1525' <Predicate = true> <Delay = 0.78> <CoreInst = "Cmp">   --->   Core 9 'Cmp' <Latency = 0> <II = 1> <Delay = 0.78> <FuncUnit> <Opcode : 'seteq' 'setne' 'setle' 'setge' 'setlt' 'setgt'> <InPorts = 2> <OutPorts = 1>
ST_1 : Operation 11 [1/1] (0.78ns)   --->   "%add_ln1525 = add i5 %k_7, i5 1" [../src/riccati_solver_hls.cpp:1525->../src/mpc_riccati_hls.cpp:649]   --->   Operation 11 'add' 'add_ln1525' <Predicate = true> <Delay = 0.78> <CoreInst = "Adder">   --->   Core 1 'Adder' <Latency = 0> <II = 1> <Delay = 0.78> <FuncUnit> <Opcode : 'add' 'sub'> <InPorts = 2> <OutPorts = 1>
ST_1 : Operation 12 [1/1] (0.00ns)   --->   "%br_ln1525 = br i1 %icmp_ln1525, void %for.body714.i.split, void %if.end737.i.loopexit.exitStub" [../src/riccati_solver_hls.cpp:1525->../src/mpc_riccati_hls.cpp:649]   --->   Operation 12 'br' 'br_ln1525' <Predicate = true> <Delay = 0.00>
ST_1 : Operation 13 [1/1] (0.00ns)   --->   "%zext_ln1525 = zext i5 %k_7" [../src/riccati_solver_hls.cpp:1525->../src/mpc_riccati_hls.cpp:649]   --->   Operation 13 'zext' 'zext_ln1525' <Predicate = (!icmp_ln1525)> <Delay = 0.00>
ST_1 : Operation 14 [1/1] (0.00ns)   --->   "%y_u_addr = getelementptr i32 %y_u, i64 0, i64 %zext_ln1525" [../src/riccati_solver_hls.cpp:1529->../src/mpc_riccati_hls.cpp:649]   --->   Operation 14 'getelementptr' 'y_u_addr' <Predicate = (!icmp_ln1525)> <Delay = 0.00>
ST_1 : Operation 15 [2/2] (0.67ns)   --->   "%y_u_load = load i5 %y_u_addr" [../src/riccati_solver_hls.cpp:1529->../src/mpc_riccati_hls.cpp:649]   --->   Operation 15 'load' 'y_u_load' <Predicate = (!icmp_ln1525)> <Delay = 0.67> <CoreInst = "RAM">   --->   Core 82 'RAM' <Latency = 1> <II = 1> <Delay = 0.67> <Storage> <Opcode : 'load' 'store'> <Ports = 2> <Width = 32> <Depth = 20> <RAM>
ST_1 : Operation 16 [1/1] (0.00ns)   --->   "%y_u_1_addr = getelementptr i32 %y_u_1, i64 0, i64 %zext_ln1525" [../src/riccati_solver_hls.cpp:1531->../src/mpc_riccati_hls.cpp:649]   --->   Operation 16 'getelementptr' 'y_u_1_addr' <Predicate = (!icmp_ln1525)> <Delay = 0.00>
ST_1 : Operation 17 [2/2] (0.67ns)   --->   "%y_u_1_load = load i5 %y_u_1_addr" [../src/riccati_solver_hls.cpp:1531->../src/mpc_riccati_hls.cpp:649]   --->   Operation 17 'load' 'y_u_1_load' <Predicate = (!icmp_ln1525)> <Delay = 0.67> <CoreInst = "RAM">   --->   Core 82 'RAM' <Latency = 1> <II = 1> <Delay = 0.67> <Storage> <Opcode : 'load' 'store'> <Ports = 2> <Width = 32> <Depth = 20> <RAM>
ST_1 : Operation 18 [1/1] (0.42ns)   --->   "%store_ln1170 = store i5 %add_ln1525, i5 %k" [../src/riccati_solver_hls.cpp:1170->../src/mpc_riccati_hls.cpp:649]   --->   Operation 18 'store' 'store_ln1170' <Predicate = (!icmp_ln1525)> <Delay = 0.42>
ST_1 : Operation 35 [1/1] (0.42ns)   --->   "%ret_ln0 = ret"   --->   Operation 35 'ret' 'ret_ln0' <Predicate = (icmp_ln1525)> <Delay = 0.42>

State 2 <SV = 1> <Delay = 1.80>
ST_2 : Operation 19 [1/1] (0.00ns)   --->   "%specpipeline_ln1526 = specpipeline void @_ssdm_op_SpecPipeline, i32 1, i32 0, i32 0, i32 0, i32 4294967295, void @empty_485" [../src/riccati_solver_hls.cpp:1526->../src/mpc_riccati_hls.cpp:649]   --->   Operation 19 'specpipeline' 'specpipeline_ln1526' <Predicate = true> <Delay = 0.00>
ST_2 : Operation 20 [1/1] (0.00ns)   --->   "%speclooptripcount_ln1170 = speclooptripcount void @_ssdm_op_SpecLoopTripCount, i64 20, i64 20, i64 20" [../src/riccati_solver_hls.cpp:1170->../src/mpc_riccati_hls.cpp:649]   --->   Operation 20 'speclooptripcount' 'speclooptripcount_ln1170' <Predicate = true> <Delay = 0.00>
ST_2 : Operation 21 [1/1] (0.00ns)   --->   "%specloopname_ln1525 = specloopname void @_ssdm_op_SpecLoopName, void @empty_490" [../src/riccati_solver_hls.cpp:1525->../src/mpc_riccati_hls.cpp:649]   --->   Operation 21 'specloopname' 'specloopname_ln1525' <Predicate = true> <Delay = 0.00>
ST_2 : Operation 22 [1/2] ( I:0.67ns O:0.67ns )   --->   "%y_u_load = load i5 %y_u_addr" [../src/riccati_solver_hls.cpp:1529->../src/mpc_riccati_hls.cpp:649]   --->   Operation 22 'load' 'y_u_load' <Predicate = true> <Delay = 0.67> <CoreInst = "RAM">   --->   Core 82 'RAM' <Latency = 1> <II = 1> <Delay = 0.67> <Storage> <Opcode : 'load' 'store'> <Ports = 2> <Width = 32> <Depth = 20> <RAM>
ST_2 : Operation 23 [1/1] (0.00ns) (grouped into LUT with out node select_ln1528)   --->   "%shl_ln1531 = shl i32 %y_u_load, i32 1" [../src/riccati_solver_hls.cpp:1531->../src/mpc_riccati_hls.cpp:649]   --->   Operation 23 'shl' 'shl_ln1531' <Predicate = (!scale_rho_u_up_read)> <Delay = 0.00>
ST_2 : Operation 24 [1/1] (0.00ns) (grouped into LUT with out node select_ln1528)   --->   "%trunc_ln = partselect i31 @_ssdm_op_PartSelect.i31.i32.i32.i32, i32 %y_u_load, i32 1, i32 31" [../src/riccati_solver_hls.cpp:1529->../src/mpc_riccati_hls.cpp:649]   --->   Operation 24 'partselect' 'trunc_ln' <Predicate = (scale_rho_u_up_read)> <Delay = 0.00>
ST_2 : Operation 25 [1/1] (0.00ns) (grouped into LUT with out node select_ln1528)   --->   "%sext_ln1529 = sext i31 %trunc_ln" [../src/riccati_solver_hls.cpp:1529->../src/mpc_riccati_hls.cpp:649]   --->   Operation 25 'sext' 'sext_ln1529' <Predicate = (scale_rho_u_up_read)> <Delay = 0.00>
ST_2 : Operation 26 [1/1] (0.44ns) (out node of the LUT)   --->   "%select_ln1528 = select i1 %scale_rho_u_up_read, i32 %sext_ln1529, i32 %shl_ln1531" [../src/riccati_solver_hls.cpp:1528->../src/mpc_riccati_hls.cpp:649]   --->   Operation 26 'select' 'select_ln1528' <Predicate = true> <Delay = 0.44> <CoreInst = "Sel">   --->   Core 73 'Sel' <Latency = 0> <II = 1> <Delay = 0.44> <FuncUnit> <Opcode : 'select'> <InPorts = 3> <OutPorts = 1>
ST_2 : Operation 27 [1/2] ( I:0.67ns O:0.67ns )   --->   "%y_u_1_load = load i5 %y_u_1_addr" [../src/riccati_solver_hls.cpp:1531->../src/mpc_riccati_hls.cpp:649]   --->   Operation 27 'load' 'y_u_1_load' <Predicate = true> <Delay = 0.67> <CoreInst = "RAM">   --->   Core 82 'RAM' <Latency = 1> <II = 1> <Delay = 0.67> <Storage> <Opcode : 'load' 'store'> <Ports = 2> <Width = 32> <Depth = 20> <RAM>
ST_2 : Operation 28 [1/1] (0.00ns) (grouped into LUT with out node select_ln1528_1)   --->   "%shl_ln1531_1 = shl i32 %y_u_1_load, i32 1" [../src/riccati_solver_hls.cpp:1531->../src/mpc_riccati_hls.cpp:649]   --->   Operation 28 'shl' 'shl_ln1531_1' <Predicate = (!scale_rho_u_up_read)> <Delay = 0.00>
ST_2 : Operation 29 [1/1] (0.00ns) (grouped into LUT with out node select_ln1528_1)   --->   "%trunc_ln1529_1 = partselect i31 @_ssdm_op_PartSelect.i31.i32.i32.i32, i32 %y_u_1_load, i32 1, i32 31" [../src/riccati_solver_hls.cpp:1529->../src/mpc_riccati_hls.cpp:649]   --->   Operation 29 'partselect' 'trunc_ln1529_1' <Predicate = (scale_rho_u_up_read)> <Delay = 0.00>
ST_2 : Operation 30 [1/1] (0.00ns) (grouped into LUT with out node select_ln1528_1)   --->   "%sext_ln1529_1 = sext i31 %trunc_ln1529_1" [../src/riccati_solver_hls.cpp:1529->../src/mpc_riccati_hls.cpp:649]   --->   Operation 30 'sext' 'sext_ln1529_1' <Predicate = (scale_rho_u_up_read)> <Delay = 0.00>
ST_2 : Operation 31 [1/1] (0.44ns) (out node of the LUT)   --->   "%select_ln1528_1 = select i1 %scale_rho_u_up_read, i32 %sext_ln1529_1, i32 %shl_ln1531_1" [../src/riccati_solver_hls.cpp:1528->../src/mpc_riccati_hls.cpp:649]   --->   Operation 31 'select' 'select_ln1528_1' <Predicate = true> <Delay = 0.44> <CoreInst = "Sel">   --->   Core 73 'Sel' <Latency = 0> <II = 1> <Delay = 0.44> <FuncUnit> <Opcode : 'select'> <InPorts = 3> <OutPorts = 1>
ST_2 : Operation 32 [1/1] ( I:0.67ns O:0.67ns )   --->   "%store_ln1528 = store i32 %select_ln1528, i5 %y_u_addr" [../src/riccati_solver_hls.cpp:1528->../src/mpc_riccati_hls.cpp:649]   --->   Operation 32 'store' 'store_ln1528' <Predicate = true> <Delay = 0.67> <CoreInst = "RAM">   --->   Core 82 'RAM' <Latency = 1> <II = 1> <Delay = 0.67> <Storage> <Opcode : 'load' 'store'> <Ports = 2> <Width = 32> <Depth = 20> <RAM>
ST_2 : Operation 33 [1/1] ( I:0.67ns O:0.67ns )   --->   "%store_ln1528 = store i32 %select_ln1528_1, i5 %y_u_1_addr" [../src/riccati_solver_hls.cpp:1528->../src/mpc_riccati_hls.cpp:649]   --->   Operation 33 'store' 'store_ln1528' <Predicate = true> <Delay = 0.67> <CoreInst = "RAM">   --->   Core 82 'RAM' <Latency = 1> <II = 1> <Delay = 0.67> <Storage> <Opcode : 'load' 'store'> <Ports = 2> <Width = 32> <Depth = 20> <RAM>
ST_2 : Operation 34 [1/1] (0.00ns)   --->   "%br_ln1525 = br void %for.body714.i" [../src/riccati_solver_hls.cpp:1525->../src/mpc_riccati_hls.cpp:649]   --->   Operation 34 'br' 'br_ln1525' <Predicate = true> <Delay = 0.00>


============================================================
+ Verbose Summary: Timing violations
============================================================
Target clock period: 5.000ns, clock uncertainty: 0.500ns.

 <State 1>: 1.643ns
The critical path consists of the following:
	'store' operation ('store_ln1170', ../src/riccati_solver_hls.cpp:1170->../src/mpc_riccati_hls.cpp:649) of constant 0 5 bit on local variable 'k', ../src/riccati_solver_hls.cpp:1170->../src/mpc_riccati_hls.cpp:649 [6]  (0.427 ns)
	'load' operation 5 bit ('k', ../src/riccati_solver_hls.cpp:1525->../src/mpc_riccati_hls.cpp:649) on local variable 'k', ../src/riccati_solver_hls.cpp:1170->../src/mpc_riccati_hls.cpp:649 [9]  (0.000 ns)
	'add' operation 5 bit ('add_ln1525', ../src/riccati_solver_hls.cpp:1525->../src/mpc_riccati_hls.cpp:649) [11]  (0.789 ns)
	'store' operation ('store_ln1170', ../src/riccati_solver_hls.cpp:1170->../src/mpc_riccati_hls.cpp:649) of variable 'add_ln1525', ../src/riccati_solver_hls.cpp:1525->../src/mpc_riccati_hls.cpp:649 5 bit on local variable 'k', ../src/riccati_solver_hls.cpp:1170->../src/mpc_riccati_hls.cpp:649 [32]  (0.427 ns)

 <State 2>: 1.803ns
The critical path consists of the following:
	'load' operation 32 bit ('y_u_load', ../src/riccati_solver_hls.cpp:1529->../src/mpc_riccati_hls.cpp:649) on array 'y_u' [19]  (0.677 ns)
	'shl' operation 32 bit ('shl_ln1531', ../src/riccati_solver_hls.cpp:1531->../src/mpc_riccati_hls.cpp:649) [20]  (0.000 ns)
	'select' operation 32 bit ('select_ln1528', ../src/riccati_solver_hls.cpp:1528->../src/mpc_riccati_hls.cpp:649) [23]  (0.449 ns)
	'store' operation ('store_ln1528', ../src/riccati_solver_hls.cpp:1528->../src/mpc_riccati_hls.cpp:649) of variable 'select_ln1528', ../src/riccati_solver_hls.cpp:1528->../src/mpc_riccati_hls.cpp:649 32 bit on array 'y_u' [30]  (0.677 ns)


============================================================
+ Verbose Summary: Binding
============================================================
N/A
* FSMD analyzer results:
  - Output states:
 - Input state : 
  - Chain level:
	State 1
	State 2


============================================================
+ Verbose Summary: Datapath Resource usage 
============================================================
N/A
