

================================================================
== Vitis HLS Report for 'mpc_compute_hls_Pipeline_VITIS_LOOP_1395_20'
================================================================
* Date:           Thu May 21 15:23:07 2026

* Version:        2025.2 (Build 6295257 on Nov 14 2025)
* Project:        mpc_fpga_top_opencl
* Solution:       hls (Vitis Kernel Flow Target)
* Product family: zynquplus
* Target device:  xck26-sfvc784-2LV-c


================================================================
== Performance Estimates
================================================================
+ Timing: 
    * Summary: 
    +--------+---------+----------+------------+
    |  Clock |  Target | Estimated| Uncertainty|
    +--------+---------+----------+------------+
    |ap_clk  |  5.00 ns|  4.174 ns|     0.50 ns|
    +--------+---------+----------+------------+

+ Latency: 
    * Summary: 
    +---------+---------+----------+----------+-----+-----+-------------------+
    |  Latency (cycles) |  Latency (absolute) |  Interval |      Pipeline     |
    |   min   |   max   |    min   |    max   | min | max |        Type       |
    +---------+---------+----------+----------+-----+-----+-------------------+
    |       27|       27|  0.135 us|  0.135 us|    0|    0|  loop pipeline stp|
    +---------+---------+----------+----------+-----+-----+-------------------+

    + Detail: 
        * Instance: 
        N/A

        * Loop: 
        +----------------------+---------+---------+----------+-----------+-----------+------+----------+
        |                      |  Latency (cycles) | Iteration|  Initiation Interval  | Trip |          |
        |       Loop Name      |   min   |   max   |  Latency |  achieved |   target  | Count| Pipelined|
        +----------------------+---------+---------+----------+-----------+-----------+------+----------+
        |- VITIS_LOOP_1395_20  |       25|       25|         7|          1|          1|    20|       yes|
        +----------------------+---------+---------+----------+-----------+-----------+------+----------+

============================================================
+ Verbose Summary: Synthesis Manager
============================================================
InlineROM: 1
ExposeGlobal: 0
============================================================
+ Verbose Summary: CDFG Model
============================================================
IsTopModel: 0
ResetActiveHigh: 1
IsCombinational: 0
IsDatapathOnly: 0
HasWiredReturn: 1
HasMFsm: 2
HasVarLatency: 1
IsPipeline: 0
IsRtlPipelined: 0
IsInstanceOverlapped: 0
IsDontTouch: 0
HasImplIP: 0
IsGatedGlobalClock: 0

+ Individual pipeline summary: 
  * Pipeline-0: initiation interval (II) = 1, depth = 7


============================================================
+ Verbose Summary: Schedule
============================================================
* Number of FSM states : 7
* Pipeline : 1
  Pipeline-0 : II = 1, D = 7, States = { 1 2 3 4 5 6 7 }
* Dataflow Pipeline: 0

* FSM state transitions: 
1 --> 2 
2 --> 3 
3 --> 4 
4 --> 5 
5 --> 6 
6 --> 7 
7 --> 

* FSM state operations: 

State 1 <SV = 0> <Delay = 1.66>
ST_1 : Operation 10 [1/1] (0.00ns)   --->   "%u_norm = alloca i32 1" [../src/riccati_solver_hls.cpp:1321->../src/mpc_riccati_hls.cpp:649]   --->   Operation 10 'alloca' 'u_norm' <Predicate = true> <Delay = 0.00>
ST_1 : Operation 11 [1/1] (0.00ns)   --->   "%primal_u0 = alloca i32 1" [../src/riccati_solver_hls.cpp:1333->../src/mpc_riccati_hls.cpp:649]   --->   Operation 11 'alloca' 'primal_u0' <Predicate = true> <Delay = 0.00>
ST_1 : Operation 12 [1/1] (0.00ns)   --->   "%dual_u0 = alloca i32 1" [../src/riccati_solver_hls.cpp:1333->../src/mpc_riccati_hls.cpp:649]   --->   Operation 12 'alloca' 'dual_u0' <Predicate = true> <Delay = 0.00>
ST_1 : Operation 13 [1/1] (0.00ns)   --->   "%znorm_u0 = alloca i32 1" [../src/riccati_solver_hls.cpp:1333->../src/mpc_riccati_hls.cpp:649]   --->   Operation 13 'alloca' 'znorm_u0' <Predicate = true> <Delay = 0.00>
ST_1 : Operation 14 [1/1] (0.00ns)   --->   "%lnorm_u0 = alloca i32 1" [../src/riccati_solver_hls.cpp:1333->../src/mpc_riccati_hls.cpp:649]   --->   Operation 14 'alloca' 'lnorm_u0' <Predicate = true> <Delay = 0.00>
ST_1 : Operation 15 [1/1] (0.00ns)   --->   "%primal_u1 = alloca i32 1" [../src/riccati_solver_hls.cpp:1334->../src/mpc_riccati_hls.cpp:649]   --->   Operation 15 'alloca' 'primal_u1' <Predicate = true> <Delay = 0.00>
ST_1 : Operation 16 [1/1] (0.00ns)   --->   "%dual_u1 = alloca i32 1" [../src/riccati_solver_hls.cpp:1334->../src/mpc_riccati_hls.cpp:649]   --->   Operation 16 'alloca' 'dual_u1' <Predicate = true> <Delay = 0.00>
ST_1 : Operation 17 [1/1] (0.00ns)   --->   "%znorm_u1 = alloca i32 1" [../src/riccati_solver_hls.cpp:1334->../src/mpc_riccati_hls.cpp:649]   --->   Operation 17 'alloca' 'znorm_u1' <Predicate = true> <Delay = 0.00>
ST_1 : Operation 18 [1/1] (0.00ns)   --->   "%lnorm_u1 = alloca i32 1" [../src/riccati_solver_hls.cpp:1334->../src/mpc_riccati_hls.cpp:649]   --->   Operation 18 'alloca' 'lnorm_u1' <Predicate = true> <Delay = 0.00>
ST_1 : Operation 19 [1/1] (0.00ns)   --->   "%k = alloca i32 1" [../src/riccati_solver_hls.cpp:1170->../src/mpc_riccati_hls.cpp:649]   --->   Operation 19 'alloca' 'k' <Predicate = true> <Delay = 0.00>
ST_1 : Operation 20 [1/1] (0.00ns)   --->   "%sext_ln1395_read = read i32 @_ssdm_op_Read.ap_auto.i32, i32 %sext_ln1395"   --->   Operation 20 'read' 'sext_ln1395_read' <Predicate = true> <Delay = 0.00>
ST_1 : Operation 21 [1/1] (0.00ns)   --->   "%sext_ln1395_cast = sext i32 %sext_ln1395_read"   --->   Operation 21 'sext' 'sext_ln1395_cast' <Predicate = true> <Delay = 0.00>
ST_1 : Operation 22 [1/1] (0.00ns)   --->   "%specmemcore_ln0 = specmemcore void @_ssdm_op_SpecMemCore, i32 %step_data_5, i64 666, i64 22, i64 1, i1 0"   --->   Operation 22 'specmemcore' 'specmemcore_ln0' <Predicate = true> <Delay = 0.00>
ST_1 : Operation 23 [1/1] (0.42ns)   --->   "%store_ln1170 = store i5 0, i5 %k" [../src/riccati_solver_hls.cpp:1170->../src/mpc_riccati_hls.cpp:649]   --->   Operation 23 'store' 'store_ln1170' <Predicate = true> <Delay = 0.42>
ST_1 : Operation 24 [1/1] (0.42ns)   --->   "%store_ln1334 = store i32 0, i32 %lnorm_u1" [../src/riccati_solver_hls.cpp:1334->../src/mpc_riccati_hls.cpp:649]   --->   Operation 24 'store' 'store_ln1334' <Predicate = true> <Delay = 0.42>
ST_1 : Operation 25 [1/1] (0.42ns)   --->   "%store_ln1334 = store i32 0, i32 %znorm_u1" [../src/riccati_solver_hls.cpp:1334->../src/mpc_riccati_hls.cpp:649]   --->   Operation 25 'store' 'store_ln1334' <Predicate = true> <Delay = 0.42>
ST_1 : Operation 26 [1/1] (0.42ns)   --->   "%store_ln1334 = store i32 0, i32 %dual_u1" [../src/riccati_solver_hls.cpp:1334->../src/mpc_riccati_hls.cpp:649]   --->   Operation 26 'store' 'store_ln1334' <Predicate = true> <Delay = 0.42>
ST_1 : Operation 27 [1/1] (0.42ns)   --->   "%store_ln1334 = store i32 0, i32 %primal_u1" [../src/riccati_solver_hls.cpp:1334->../src/mpc_riccati_hls.cpp:649]   --->   Operation 27 'store' 'store_ln1334' <Predicate = true> <Delay = 0.42>
ST_1 : Operation 28 [1/1] (0.42ns)   --->   "%store_ln1333 = store i32 0, i32 %lnorm_u0" [../src/riccati_solver_hls.cpp:1333->../src/mpc_riccati_hls.cpp:649]   --->   Operation 28 'store' 'store_ln1333' <Predicate = true> <Delay = 0.42>
ST_1 : Operation 29 [1/1] (0.42ns)   --->   "%store_ln1333 = store i31 0, i31 %znorm_u0" [../src/riccati_solver_hls.cpp:1333->../src/mpc_riccati_hls.cpp:649]   --->   Operation 29 'store' 'store_ln1333' <Predicate = true> <Delay = 0.42>
ST_1 : Operation 30 [1/1] (0.42ns)   --->   "%store_ln1333 = store i32 0, i32 %dual_u0" [../src/riccati_solver_hls.cpp:1333->../src/mpc_riccati_hls.cpp:649]   --->   Operation 30 'store' 'store_ln1333' <Predicate = true> <Delay = 0.42>
ST_1 : Operation 31 [1/1] (0.42ns)   --->   "%store_ln1333 = store i32 0, i32 %primal_u0" [../src/riccati_solver_hls.cpp:1333->../src/mpc_riccati_hls.cpp:649]   --->   Operation 31 'store' 'store_ln1333' <Predicate = true> <Delay = 0.42>
ST_1 : Operation 32 [1/1] (0.42ns)   --->   "%store_ln1321 = store i32 0, i32 %u_norm" [../src/riccati_solver_hls.cpp:1321->../src/mpc_riccati_hls.cpp:649]   --->   Operation 32 'store' 'store_ln1321' <Predicate = true> <Delay = 0.42>
ST_1 : Operation 33 [1/1] (0.00ns)   --->   "%br_ln0 = br void %for.body514.i"   --->   Operation 33 'br' 'br_ln0' <Predicate = true> <Delay = 0.00>
ST_1 : Operation 34 [1/1] (0.00ns)   --->   "%k_9 = load i5 %k" [../src/riccati_solver_hls.cpp:1395->../src/mpc_riccati_hls.cpp:649]   --->   Operation 34 'load' 'k_9' <Predicate = true> <Delay = 0.00>
ST_1 : Operation 35 [1/1] (0.78ns)   --->   "%icmp_ln1395 = icmp_eq  i5 %k_9, i5 20" [../src/riccati_solver_hls.cpp:1395->../src/mpc_riccati_hls.cpp:649]   --->   Operation 35 'icmp' 'icmp_ln1395' <Predicate = true> <Delay = 0.78> <CoreInst = "Cmp">   --->   Core 9 'Cmp' <Latency = 0> <II = 1> <Delay = 0.78> <FuncUnit> <Opcode : 'seteq' 'setne' 'setle' 'setge' 'setlt' 'setgt'> <InPorts = 2> <OutPorts = 1>
ST_1 : Operation 36 [1/1] (0.78ns)   --->   "%add_ln1395 = add i5 %k_9, i5 1" [../src/riccati_solver_hls.cpp:1395->../src/mpc_riccati_hls.cpp:649]   --->   Operation 36 'add' 'add_ln1395' <Predicate = true> <Delay = 0.78> <CoreInst = "Adder">   --->   Core 1 'Adder' <Latency = 0> <II = 1> <Delay = 0.78> <FuncUnit> <Opcode : 'add' 'sub'> <InPorts = 2> <OutPorts = 1>
ST_1 : Operation 37 [1/1] (0.00ns)   --->   "%br_ln1395 = br i1 %icmp_ln1395, void %fpga_resource_hint.for.body514.i.110, void %fpga_resource_hint.for.end562.i.108.exitStub" [../src/riccati_solver_hls.cpp:1395->../src/mpc_riccati_hls.cpp:649]   --->   Operation 37 'br' 'br_ln1395' <Predicate = true> <Delay = 0.00>
ST_1 : Operation 38 [1/1] (0.00ns)   --->   "%zext_ln1395 = zext i5 %k_9" [../src/riccati_solver_hls.cpp:1395->../src/mpc_riccati_hls.cpp:649]   --->   Operation 38 'zext' 'zext_ln1395' <Predicate = (!icmp_ln1395)> <Delay = 0.00>
ST_1 : Operation 39 [1/1] (0.00ns)   --->   "%sol_u_addr = getelementptr i32 %sol_u, i64 0, i64 %zext_ln1395" [../src/riccati_solver_hls.cpp:1398->../src/mpc_riccati_hls.cpp:649]   --->   Operation 39 'getelementptr' 'sol_u_addr' <Predicate = (!icmp_ln1395)> <Delay = 0.00>
ST_1 : Operation 40 [2/2] (0.67ns)   --->   "%a_104 = load i5 %sol_u_addr" [../src/riccati_solver_hls.cpp:1398->../src/mpc_riccati_hls.cpp:649]   --->   Operation 40 'load' 'a_104' <Predicate = (!icmp_ln1395)> <Delay = 0.67> <CoreInst = "RAM">   --->   Core 82 'RAM' <Latency = 1> <II = 1> <Delay = 0.67> <Storage> <Opcode : 'load' 'store'> <Ports = 2> <Width = 32> <Depth = 20> <RAM>
ST_1 : Operation 41 [1/1] (0.00ns)   --->   "%sol_u_1_addr = getelementptr i32 %sol_u_1, i64 0, i64 %zext_ln1395" [../src/riccati_solver_hls.cpp:1398->../src/mpc_riccati_hls.cpp:649]   --->   Operation 41 'getelementptr' 'sol_u_1_addr' <Predicate = (!icmp_ln1395)> <Delay = 0.00>
ST_1 : Operation 42 [2/2] (0.67ns)   --->   "%a_105 = load i5 %sol_u_1_addr" [../src/riccati_solver_hls.cpp:1398->../src/mpc_riccati_hls.cpp:649]   --->   Operation 42 'load' 'a_105' <Predicate = (!icmp_ln1395)> <Delay = 0.67> <CoreInst = "RAM">   --->   Core 82 'RAM' <Latency = 1> <II = 1> <Delay = 0.67> <Storage> <Opcode : 'load' 'store'> <Ports = 2> <Width = 32> <Depth = 20> <RAM>
ST_1 : Operation 43 [1/1] (0.00ns)   --->   "%z_u_addr = getelementptr i32 %z_u, i64 0, i64 %zext_ln1395" [../src/riccati_solver_hls.cpp:1403->../src/mpc_riccati_hls.cpp:649]   --->   Operation 43 'getelementptr' 'z_u_addr' <Predicate = (!icmp_ln1395)> <Delay = 0.00>
ST_1 : Operation 44 [1/1] (0.00ns)   --->   "%y_u_addr = getelementptr i32 %y_u, i64 0, i64 %zext_ln1395" [../src/riccati_solver_hls.cpp:1403->../src/mpc_riccati_hls.cpp:649]   --->   Operation 44 'getelementptr' 'y_u_addr' <Predicate = (!icmp_ln1395)> <Delay = 0.00>
ST_1 : Operation 45 [2/2] (0.67ns)   --->   "%value_151 = load i5 %y_u_addr" [../src/riccati_solver_hls.cpp:1403->../src/mpc_riccati_hls.cpp:649]   --->   Operation 45 'load' 'value_151' <Predicate = (!icmp_ln1395)> <Delay = 0.67> <CoreInst = "RAM">   --->   Core 82 'RAM' <Latency = 1> <II = 1> <Delay = 0.67> <Storage> <Opcode : 'load' 'store'> <Ports = 2> <Width = 32> <Depth = 20> <RAM>
ST_1 : Operation 46 [1/1] (0.00ns)   --->   "%z_u_1_addr = getelementptr i32 %z_u_1, i64 0, i64 %zext_ln1395" [../src/riccati_solver_hls.cpp:1408->../src/mpc_riccati_hls.cpp:649]   --->   Operation 46 'getelementptr' 'z_u_1_addr' <Predicate = (!icmp_ln1395)> <Delay = 0.00>
ST_1 : Operation 47 [1/1] (0.00ns)   --->   "%y_u_1_addr = getelementptr i32 %y_u_1, i64 0, i64 %zext_ln1395" [../src/riccati_solver_hls.cpp:1408->../src/mpc_riccati_hls.cpp:649]   --->   Operation 47 'getelementptr' 'y_u_1_addr' <Predicate = (!icmp_ln1395)> <Delay = 0.00>
ST_1 : Operation 48 [1/1] (0.00ns)   --->   "%step_data_5_addr = getelementptr i32 %step_data_5, i64 0, i64 %zext_ln1395" [../src/riccati_solver_hls.cpp:114->../src/riccati_solver_hls.cpp:1409->../src/mpc_riccati_hls.cpp:649]   --->   Operation 48 'getelementptr' 'step_data_5_addr' <Predicate = (!icmp_ln1395)> <Delay = 0.00>
ST_1 : Operation 49 [2/2] (1.23ns)   --->   "%value_153 = load i5 %step_data_5_addr" [../src/riccati_solver_hls.cpp:114->../src/riccati_solver_hls.cpp:1409->../src/mpc_riccati_hls.cpp:649]   --->   Operation 49 'load' 'value_153' <Predicate = (!icmp_ln1395)> <Delay = 1.23> <CoreInst = "RAM_2P_BRAM">   --->   Core 93 'RAM_2P_BRAM' <Latency = 1> <II = 1> <Delay = 1.23> <Storage> <Opcode : 'load' 'store'> <Ports = 2> <Width = 32> <Depth = 20> <RAM>
ST_1 : Operation 50 [2/2] (0.67ns)   --->   "%value = load i5 %y_u_1_addr" [../src/riccati_solver_hls.cpp:1408->../src/mpc_riccati_hls.cpp:649]   --->   Operation 50 'load' 'value' <Predicate = (!icmp_ln1395)> <Delay = 0.67> <CoreInst = "RAM">   --->   Core 82 'RAM' <Latency = 1> <II = 1> <Delay = 0.67> <Storage> <Opcode : 'load' 'store'> <Ports = 2> <Width = 32> <Depth = 20> <RAM>
ST_1 : Operation 51 [1/1] (0.42ns)   --->   "%store_ln1170 = store i5 %add_ln1395, i5 %k" [../src/riccati_solver_hls.cpp:1170->../src/mpc_riccati_hls.cpp:649]   --->   Operation 51 'store' 'store_ln1170' <Predicate = (!icmp_ln1395)> <Delay = 0.42>

State 2 <SV = 1> <Delay = 4.17>
ST_2 : Operation 52 [1/2] ( I:0.67ns O:0.67ns )   --->   "%a_104 = load i5 %sol_u_addr" [../src/riccati_solver_hls.cpp:1398->../src/mpc_riccati_hls.cpp:649]   --->   Operation 52 'load' 'a_104' <Predicate = true> <Delay = 0.67> <CoreInst = "RAM">   --->   Core 82 'RAM' <Latency = 1> <II = 1> <Delay = 0.67> <Storage> <Opcode : 'load' 'store'> <Ports = 2> <Width = 32> <Depth = 20> <RAM>
ST_2 : Operation 53 [1/2] ( I:0.67ns O:0.67ns )   --->   "%a_105 = load i5 %sol_u_1_addr" [../src/riccati_solver_hls.cpp:1398->../src/mpc_riccati_hls.cpp:649]   --->   Operation 53 'load' 'a_105' <Predicate = true> <Delay = 0.67> <CoreInst = "RAM">   --->   Core 82 'RAM' <Latency = 1> <II = 1> <Delay = 0.67> <Storage> <Opcode : 'load' 'store'> <Ports = 2> <Width = 32> <Depth = 20> <RAM>
ST_2 : Operation 54 [1/1] (0.00ns)   --->   "%tmp = bitselect i1 @_ssdm_op_BitSelect.i1.i32.i32, i32 %a_104, i32 31" [include/fp_math_hls.h:118->include/fp_math_hls.h:346->../src/riccati_solver_hls.cpp:1398->../src/mpc_riccati_hls.cpp:649]   --->   Operation 54 'bitselect' 'tmp' <Predicate = true> <Delay = 0.00>
ST_2 : Operation 55 [1/1] (1.01ns)   --->   "%sub_ln118 = sub i32 0, i32 %a_104" [include/fp_math_hls.h:118->include/fp_math_hls.h:346->../src/riccati_solver_hls.cpp:1398->../src/mpc_riccati_hls.cpp:649]   --->   Operation 55 'sub' 'sub_ln118' <Predicate = true> <Delay = 1.01> <CoreInst = "Adder">   --->   Core 1 'Adder' <Latency = 0> <II = 1> <Delay = 1.01> <FuncUnit> <Opcode : 'add' 'sub'> <InPorts = 2> <OutPorts = 1>
ST_2 : Operation 56 [1/1] (0.44ns)   --->   "%select_ln118 = select i1 %tmp, i32 %sub_ln118, i32 %a_104" [include/fp_math_hls.h:118->include/fp_math_hls.h:346->../src/riccati_solver_hls.cpp:1398->../src/mpc_riccati_hls.cpp:649]   --->   Operation 56 'select' 'select_ln118' <Predicate = true> <Delay = 0.44> <CoreInst = "Sel">   --->   Core 73 'Sel' <Latency = 0> <II = 1> <Delay = 0.44> <FuncUnit> <Opcode : 'select'> <InPorts = 3> <OutPorts = 1>
ST_2 : Operation 57 [1/1] (0.00ns)   --->   "%tmp_13 = bitselect i1 @_ssdm_op_BitSelect.i1.i32.i32, i32 %a_105, i32 31" [include/fp_math_hls.h:118->include/fp_math_hls.h:346->../src/riccati_solver_hls.cpp:1398->../src/mpc_riccati_hls.cpp:649]   --->   Operation 57 'bitselect' 'tmp_13' <Predicate = true> <Delay = 0.00>
ST_2 : Operation 58 [1/1] (1.01ns)   --->   "%sub_ln118_1 = sub i32 0, i32 %a_105" [include/fp_math_hls.h:118->include/fp_math_hls.h:346->../src/riccati_solver_hls.cpp:1398->../src/mpc_riccati_hls.cpp:649]   --->   Operation 58 'sub' 'sub_ln118_1' <Predicate = true> <Delay = 1.01> <CoreInst = "Adder">   --->   Core 1 'Adder' <Latency = 0> <II = 1> <Delay = 1.01> <FuncUnit> <Opcode : 'add' 'sub'> <InPorts = 2> <OutPorts = 1>
ST_2 : Operation 59 [1/1] (0.44ns)   --->   "%select_ln118_1 = select i1 %tmp_13, i32 %sub_ln118_1, i32 %a_105" [include/fp_math_hls.h:118->include/fp_math_hls.h:346->../src/riccati_solver_hls.cpp:1398->../src/mpc_riccati_hls.cpp:649]   --->   Operation 59 'select' 'select_ln118_1' <Predicate = true> <Delay = 0.44> <CoreInst = "Sel">   --->   Core 73 'Sel' <Latency = 0> <II = 1> <Delay = 0.44> <FuncUnit> <Opcode : 'select'> <InPorts = 3> <OutPorts = 1>
ST_2 : Operation 60 [1/2] ( I:0.67ns O:0.67ns )   --->   "%value_151 = load i5 %y_u_addr" [../src/riccati_solver_hls.cpp:1403->../src/mpc_riccati_hls.cpp:649]   --->   Operation 60 'load' 'value_151' <Predicate = true> <Delay = 0.67> <CoreInst = "RAM">   --->   Core 82 'RAM' <Latency = 1> <II = 1> <Delay = 0.67> <Storage> <Opcode : 'load' 'store'> <Ports = 2> <Width = 32> <Depth = 20> <RAM>
ST_2 : Operation 61 [1/1] (1.01ns)   --->   "%val = add i32 %value_151, i32 %a_104" [../src/riccati_solver_hls.cpp:243->../src/riccati_solver_hls.cpp:1402->../src/mpc_riccati_hls.cpp:649]   --->   Operation 61 'add' 'val' <Predicate = true> <Delay = 1.01> <CoreInst = "Adder">   --->   Core 1 'Adder' <Latency = 0> <II = 1> <Delay = 1.01> <FuncUnit> <Opcode : 'add' 'sub'> <InPorts = 2> <OutPorts = 1>
ST_2 : Operation 62 [1/1] (1.01ns)   --->   "%icmp_ln245 = icmp_slt  i32 %val, i32 4294220448" [../src/riccati_solver_hls.cpp:245->../src/riccati_solver_hls.cpp:1402->../src/mpc_riccati_hls.cpp:649]   --->   Operation 62 'icmp' 'icmp_ln245' <Predicate = true> <Delay = 1.01> <CoreInst = "Cmp">   --->   Core 9 'Cmp' <Latency = 0> <II = 1> <Delay = 1.01> <FuncUnit> <Opcode : 'seteq' 'setne' 'setle' 'setge' 'setlt' 'setgt'> <InPorts = 2> <OutPorts = 1>
ST_2 : Operation 63 [1/1] (0.44ns)   --->   "%val_5 = select i1 %icmp_ln245, i32 4294220448, i32 %val" [../src/riccati_solver_hls.cpp:245->../src/riccati_solver_hls.cpp:1402->../src/mpc_riccati_hls.cpp:649]   --->   Operation 63 'select' 'val_5' <Predicate = true> <Delay = 0.44> <CoreInst = "Sel">   --->   Core 73 'Sel' <Latency = 0> <II = 1> <Delay = 0.44> <FuncUnit> <Opcode : 'select'> <InPorts = 3> <OutPorts = 1>
ST_2 : Operation 64 [1/1] (0.00ns)   --->   "%trunc_ln243 = trunc i32 %val_5" [../src/riccati_solver_hls.cpp:243->../src/riccati_solver_hls.cpp:1402->../src/mpc_riccati_hls.cpp:649]   --->   Operation 64 'trunc' 'trunc_ln243' <Predicate = true> <Delay = 0.00>
ST_2 : Operation 65 [1/1] (1.01ns)   --->   "%icmp_ln247 = icmp_sgt  i32 %val_5, i32 746848" [../src/riccati_solver_hls.cpp:247->../src/riccati_solver_hls.cpp:1402->../src/mpc_riccati_hls.cpp:649]   --->   Operation 65 'icmp' 'icmp_ln247' <Predicate = true> <Delay = 1.01> <CoreInst = "Cmp">   --->   Core 9 'Cmp' <Latency = 0> <II = 1> <Delay = 1.01> <FuncUnit> <Opcode : 'seteq' 'setne' 'setle' 'setge' 'setlt' 'setgt'> <InPorts = 2> <OutPorts = 1>
ST_2 : Operation 66 [2/2] (0.67ns)   --->   "%value_152 = load i5 %z_u_addr" [../src/riccati_solver_hls.cpp:1403->../src/mpc_riccati_hls.cpp:649]   --->   Operation 66 'load' 'value_152' <Predicate = true> <Delay = 0.67> <CoreInst = "RAM">   --->   Core 82 'RAM' <Latency = 1> <II = 1> <Delay = 0.67> <Storage> <Opcode : 'load' 'store'> <Ports = 2> <Width = 32> <Depth = 20> <RAM>
ST_2 : Operation 67 [1/2] ( I:1.23ns O:1.23ns )   --->   "%value_153 = load i5 %step_data_5_addr" [../src/riccati_solver_hls.cpp:114->../src/riccati_solver_hls.cpp:1409->../src/mpc_riccati_hls.cpp:649]   --->   Operation 67 'load' 'value_153' <Predicate = true> <Delay = 1.23> <CoreInst = "RAM_2P_BRAM">   --->   Core 93 'RAM_2P_BRAM' <Latency = 1> <II = 1> <Delay = 1.23> <Storage> <Opcode : 'load' 'store'> <Ports = 2> <Width = 32> <Depth = 20> <RAM>
ST_2 : Operation 68 [1/2] ( I:0.67ns O:0.67ns )   --->   "%value = load i5 %y_u_1_addr" [../src/riccati_solver_hls.cpp:1408->../src/mpc_riccati_hls.cpp:649]   --->   Operation 68 'load' 'value' <Predicate = true> <Delay = 0.67> <CoreInst = "RAM">   --->   Core 82 'RAM' <Latency = 1> <II = 1> <Delay = 0.67> <Storage> <Opcode : 'load' 'store'> <Ports = 2> <Width = 32> <Depth = 20> <RAM>
ST_2 : Operation 69 [1/1] (1.01ns)   --->   "%val_10 = add i32 %value, i32 %a_105" [../src/riccati_solver_hls.cpp:243->../src/riccati_solver_hls.cpp:1407->../src/mpc_riccati_hls.cpp:649]   --->   Operation 69 'add' 'val_10' <Predicate = true> <Delay = 1.01> <CoreInst = "Adder">   --->   Core 1 'Adder' <Latency = 0> <II = 1> <Delay = 1.01> <FuncUnit> <Opcode : 'add' 'sub'> <InPorts = 2> <OutPorts = 1>
ST_2 : Operation 70 [1/1] (1.01ns)   --->   "%icmp_ln245_1 = icmp_slt  i32 %val_10, i32 4293115727" [../src/riccati_solver_hls.cpp:245->../src/riccati_solver_hls.cpp:1407->../src/mpc_riccati_hls.cpp:649]   --->   Operation 70 'icmp' 'icmp_ln245_1' <Predicate = true> <Delay = 1.01> <CoreInst = "Cmp">   --->   Core 9 'Cmp' <Latency = 0> <II = 1> <Delay = 1.01> <FuncUnit> <Opcode : 'seteq' 'setne' 'setle' 'setge' 'setlt' 'setgt'> <InPorts = 2> <OutPorts = 1>
ST_2 : Operation 71 [1/1] (0.44ns)   --->   "%val_11 = select i1 %icmp_ln245_1, i32 4293115727, i32 %val_10" [../src/riccati_solver_hls.cpp:245->../src/riccati_solver_hls.cpp:1407->../src/mpc_riccati_hls.cpp:649]   --->   Operation 71 'select' 'val_11' <Predicate = true> <Delay = 0.44> <CoreInst = "Sel">   --->   Core 73 'Sel' <Latency = 0> <II = 1> <Delay = 0.44> <FuncUnit> <Opcode : 'select'> <InPorts = 3> <OutPorts = 1>
ST_2 : Operation 72 [1/1] (1.01ns)   --->   "%icmp_ln247_1 = icmp_sgt  i32 %val_11, i32 %value_153" [../src/riccati_solver_hls.cpp:247->../src/riccati_solver_hls.cpp:1407->../src/mpc_riccati_hls.cpp:649]   --->   Operation 72 'icmp' 'icmp_ln247_1' <Predicate = true> <Delay = 1.01> <CoreInst = "Cmp">   --->   Core 9 'Cmp' <Latency = 0> <II = 1> <Delay = 1.01> <FuncUnit> <Opcode : 'seteq' 'setne' 'setle' 'setge' 'setlt' 'setgt'> <InPorts = 2> <OutPorts = 1>
ST_2 : Operation 73 [2/2] (0.67ns)   --->   "%value_154 = load i5 %z_u_1_addr" [../src/riccati_solver_hls.cpp:1408->../src/mpc_riccati_hls.cpp:649]   --->   Operation 73 'load' 'value_154' <Predicate = true> <Delay = 0.67> <CoreInst = "RAM">   --->   Core 82 'RAM' <Latency = 1> <II = 1> <Delay = 0.67> <Storage> <Opcode : 'load' 'store'> <Ports = 2> <Width = 32> <Depth = 20> <RAM>

State 3 <SV = 2> <Delay = 3.98>
ST_3 : Operation 74 [1/1] (0.00ns)   --->   "%u_norm_load_1 = load i32 %u_norm" [../src/riccati_solver_hls.cpp:1399->../src/mpc_riccati_hls.cpp:649]   --->   Operation 74 'load' 'u_norm_load_1' <Predicate = true> <Delay = 0.00>
ST_3 : Operation 75 [1/1] (0.00ns)   --->   "%znorm_u0_load_1 = load i31 %znorm_u0" [../src/riccati_solver_hls.cpp:274->../src/riccati_solver_hls.cpp:1402->../src/mpc_riccati_hls.cpp:649]   --->   Operation 75 'load' 'znorm_u0_load_1' <Predicate = true> <Delay = 0.00>
ST_3 : Operation 76 [1/1] (0.00ns)   --->   "%znorm_u1_load_1 = load i32 %znorm_u1" [../src/riccati_solver_hls.cpp:274->../src/riccati_solver_hls.cpp:1407->../src/mpc_riccati_hls.cpp:649]   --->   Operation 76 'load' 'znorm_u1_load_1' <Predicate = true> <Delay = 0.00>
ST_3 : Operation 77 [1/1] (1.01ns)   --->   "%icmp_ln123 = icmp_sgt  i32 %select_ln118, i32 %select_ln118_1" [include/fp_math_hls.h:123->include/fp_math_hls.h:346->../src/riccati_solver_hls.cpp:1398->../src/mpc_riccati_hls.cpp:649]   --->   Operation 77 'icmp' 'icmp_ln123' <Predicate = true> <Delay = 1.01> <CoreInst = "Cmp">   --->   Core 9 'Cmp' <Latency = 0> <II = 1> <Delay = 1.01> <FuncUnit> <Opcode : 'seteq' 'setne' 'setle' 'setge' 'setlt' 'setgt'> <InPorts = 2> <OutPorts = 1>
ST_3 : Operation 78 [1/1] (0.44ns)   --->   "%u_norm_k = select i1 %icmp_ln123, i32 %select_ln118, i32 %select_ln118_1" [include/fp_math_hls.h:123->include/fp_math_hls.h:346->../src/riccati_solver_hls.cpp:1398->../src/mpc_riccati_hls.cpp:649]   --->   Operation 78 'select' 'u_norm_k' <Predicate = true> <Delay = 0.44> <CoreInst = "Sel">   --->   Core 73 'Sel' <Latency = 0> <II = 1> <Delay = 0.44> <FuncUnit> <Opcode : 'select'> <InPorts = 3> <OutPorts = 1>
ST_3 : Operation 79 [1/1] (1.01ns)   --->   "%icmp_ln1399 = icmp_sgt  i32 %u_norm_k, i32 %u_norm_load_1" [../src/riccati_solver_hls.cpp:1399->../src/mpc_riccati_hls.cpp:649]   --->   Operation 79 'icmp' 'icmp_ln1399' <Predicate = true> <Delay = 1.01> <CoreInst = "Cmp">   --->   Core 9 'Cmp' <Latency = 0> <II = 1> <Delay = 1.01> <FuncUnit> <Opcode : 'seteq' 'setne' 'setle' 'setge' 'setlt' 'setgt'> <InPorts = 2> <OutPorts = 1>
ST_3 : Operation 80 [1/1] (0.44ns)   --->   "%u_norm_1 = select i1 %icmp_ln1399, i32 %u_norm_k, i32 %u_norm_load_1" [../src/riccati_solver_hls.cpp:1399->../src/mpc_riccati_hls.cpp:649]   --->   Operation 80 'select' 'u_norm_1' <Predicate = true> <Delay = 0.44> <CoreInst = "Sel">   --->   Core 73 'Sel' <Latency = 0> <II = 1> <Delay = 0.44> <FuncUnit> <Opcode : 'select'> <InPorts = 3> <OutPorts = 1>
ST_3 : Operation 81 [1/1] (0.35ns)   --->   "%val_9 = select i1 %icmp_ln247, i21 746848, i21 %trunc_ln243" [../src/riccati_solver_hls.cpp:247->../src/riccati_solver_hls.cpp:1402->../src/mpc_riccati_hls.cpp:649]   --->   Operation 81 'select' 'val_9' <Predicate = true> <Delay = 0.35> <CoreInst = "Sel">   --->   Core 73 'Sel' <Latency = 0> <II = 1> <Delay = 0.35> <FuncUnit> <Opcode : 'select'> <InPorts = 3> <OutPorts = 1>
ST_3 : Operation 82 [1/1] (0.00ns)   --->   "%sext_ln243 = sext i21 %val_9" [../src/riccati_solver_hls.cpp:243->../src/riccati_solver_hls.cpp:1402->../src/mpc_riccati_hls.cpp:649]   --->   Operation 82 'sext' 'sext_ln243' <Predicate = true> <Delay = 0.00>
ST_3 : Operation 83 [1/1] (0.00ns)   --->   "%trunc_ln243_1 = trunc i21 %val_9" [../src/riccati_solver_hls.cpp:243->../src/riccati_solver_hls.cpp:1402->../src/mpc_riccati_hls.cpp:649]   --->   Operation 83 'trunc' 'trunc_ln243_1' <Predicate = true> <Delay = 0.00>
ST_3 : Operation 84 [1/2] ( I:0.67ns O:0.67ns )   --->   "%value_152 = load i5 %z_u_addr" [../src/riccati_solver_hls.cpp:1403->../src/mpc_riccati_hls.cpp:649]   --->   Operation 84 'load' 'value_152' <Predicate = true> <Delay = 0.67> <CoreInst = "RAM">   --->   Core 82 'RAM' <Latency = 1> <II = 1> <Delay = 0.67> <Storage> <Opcode : 'load' 'store'> <Ports = 2> <Width = 32> <Depth = 20> <RAM>
ST_3 : Operation 85 [1/1] (1.01ns)   --->   "%diff = sub i32 %sext_ln243, i32 %value_152" [include/fp_math_hls.h:151->../src/riccati_solver_hls.cpp:255->../src/riccati_solver_hls.cpp:1402->../src/mpc_riccati_hls.cpp:649]   --->   Operation 85 'sub' 'diff' <Predicate = true> <Delay = 1.01> <CoreInst = "Adder">   --->   Core 1 'Adder' <Latency = 0> <II = 1> <Delay = 1.01> <FuncUnit> <Opcode : 'add' 'sub'> <InPorts = 2> <OutPorts = 1>
ST_3 : Operation 86 [1/1] (0.00ns)   --->   "%sext_ln159 = sext i32 %diff" [../src/fp_math_hls.cpp:159->../src/fp_math_hls.cpp:324->../src/riccati_solver_hls.cpp:256->../src/riccati_solver_hls.cpp:1402->../src/mpc_riccati_hls.cpp:649]   --->   Operation 86 'sext' 'sext_ln159' <Predicate = true> <Delay = 0.00>
ST_3 : Operation 87 [4/4] (2.29ns)   --->   "%product = mul i50 %sext_ln159, i50 %sext_ln1395_cast" [../src/fp_math_hls.cpp:159->../src/fp_math_hls.cpp:324->../src/riccati_solver_hls.cpp:256->../src/riccati_solver_hls.cpp:1402->../src/mpc_riccati_hls.cpp:649]   --->   Operation 87 'mul' 'product' <Predicate = true> <Delay = 2.29> <CoreInst = "Mul_DSP">   --->   Core 5 'Mul_DSP' <Latency = 3> <II = 1> <Delay = 2.29> <FuncUnit> <Opcode : 'mul'> <InPorts = 2> <OutPorts = 1>
ST_3 : Operation 88 [1/1] (1.01ns)   --->   "%sum_abc = sub i32 %val, i32 %sext_ln243" [include/fp_math_hls.h:160->../src/riccati_solver_hls.cpp:262->../src/riccati_solver_hls.cpp:1402->../src/mpc_riccati_hls.cpp:649]   --->   Operation 88 'sub' 'sum_abc' <Predicate = true> <Delay = 1.01> <CoreInst = "Adder">   --->   Core 1 'Adder' <Latency = 0> <II = 1> <Delay = 1.01> <FuncUnit> <Opcode : 'add' 'sub'> <InPorts = 2> <OutPorts = 1>
ST_3 : Operation 89 [1/1] (1.01ns)   --->   "%a_97 = sub i32 %a_104, i32 %sext_ln243" [../src/riccati_solver_hls.cpp:267->../src/riccati_solver_hls.cpp:1402->../src/mpc_riccati_hls.cpp:649]   --->   Operation 89 'sub' 'a_97' <Predicate = true> <Delay = 1.01> <CoreInst = "Adder">   --->   Core 1 'Adder' <Latency = 0> <II = 1> <Delay = 1.01> <FuncUnit> <Opcode : 'add' 'sub'> <InPorts = 2> <OutPorts = 1>
ST_3 : Operation 90 [1/1] (0.00ns)   --->   "%tmp_15 = bitselect i1 @_ssdm_op_BitSelect.i1.i32.i32, i32 %a_97, i32 31" [include/fp_math_hls.h:118->../src/riccati_solver_hls.cpp:267->../src/riccati_solver_hls.cpp:1402->../src/mpc_riccati_hls.cpp:649]   --->   Operation 90 'bitselect' 'tmp_15' <Predicate = true> <Delay = 0.00>
ST_3 : Operation 91 [1/1] (0.00ns)   --->   "%tmp_16 = bitselect i1 @_ssdm_op_BitSelect.i1.i21.i32, i21 %val_9, i32 20" [include/fp_math_hls.h:118->../src/riccati_solver_hls.cpp:271->../src/riccati_solver_hls.cpp:1402->../src/mpc_riccati_hls.cpp:649]   --->   Operation 91 'bitselect' 'tmp_16' <Predicate = true> <Delay = 0.00>
ST_3 : Operation 92 [1/1] (0.89ns)   --->   "%abs_z = sub i20 0, i20 %trunc_ln243_1" [include/fp_math_hls.h:118->../src/riccati_solver_hls.cpp:271->../src/riccati_solver_hls.cpp:1402->../src/mpc_riccati_hls.cpp:649]   --->   Operation 92 'sub' 'abs_z' <Predicate = true> <Delay = 0.89> <CoreInst = "Adder">   --->   Core 1 'Adder' <Latency = 0> <II = 1> <Delay = 0.89> <FuncUnit> <Opcode : 'add' 'sub'> <InPorts = 2> <OutPorts = 1>
ST_3 : Operation 93 [1/1] (0.36ns)   --->   "%abs_z_1 = select i1 %tmp_16, i20 %abs_z, i20 %trunc_ln243_1" [include/fp_math_hls.h:118->../src/riccati_solver_hls.cpp:271->../src/riccati_solver_hls.cpp:1402->../src/mpc_riccati_hls.cpp:649]   --->   Operation 93 'select' 'abs_z_1' <Predicate = true> <Delay = 0.36> <CoreInst = "Sel">   --->   Core 73 'Sel' <Latency = 0> <II = 1> <Delay = 0.36> <FuncUnit> <Opcode : 'select'> <InPorts = 3> <OutPorts = 1>
ST_3 : Operation 94 [1/1] (0.00ns)   --->   "%zext_ln271 = zext i20 %abs_z_1" [../src/riccati_solver_hls.cpp:271->../src/riccati_solver_hls.cpp:1402->../src/mpc_riccati_hls.cpp:649]   --->   Operation 94 'zext' 'zext_ln271' <Predicate = true> <Delay = 0.00>
ST_3 : Operation 95 [1/1] (0.00ns)   --->   "%sext_ln159_25 = sext i32 %sum_abc" [../src/fp_math_hls.cpp:159->../src/fp_math_hls.cpp:324->../src/riccati_solver_hls.cpp:273->../src/riccati_solver_hls.cpp:1402->../src/mpc_riccati_hls.cpp:649]   --->   Operation 95 'sext' 'sext_ln159_25' <Predicate = true> <Delay = 0.00>
ST_3 : Operation 96 [4/4] (2.29ns)   --->   "%product_211 = mul i50 %sext_ln159_25, i50 %sext_ln1395_cast" [../src/fp_math_hls.cpp:159->../src/fp_math_hls.cpp:324->../src/riccati_solver_hls.cpp:273->../src/riccati_solver_hls.cpp:1402->../src/mpc_riccati_hls.cpp:649]   --->   Operation 96 'mul' 'product_211' <Predicate = true> <Delay = 2.29> <CoreInst = "Mul_DSP">   --->   Core 5 'Mul_DSP' <Latency = 3> <II = 1> <Delay = 2.29> <FuncUnit> <Opcode : 'mul'> <InPorts = 2> <OutPorts = 1>
ST_3 : Operation 97 [1/1] (1.00ns)   --->   "%icmp_ln274 = icmp_ugt  i31 %zext_ln271, i31 %znorm_u0_load_1" [../src/riccati_solver_hls.cpp:274->../src/riccati_solver_hls.cpp:1402->../src/mpc_riccati_hls.cpp:649]   --->   Operation 97 'icmp' 'icmp_ln274' <Predicate = true> <Delay = 1.00> <CoreInst = "Cmp">   --->   Core 9 'Cmp' <Latency = 0> <II = 1> <Delay = 1.00> <FuncUnit> <Opcode : 'seteq' 'setne' 'setle' 'setge' 'setlt' 'setgt'> <InPorts = 2> <OutPorts = 1>
ST_3 : Operation 98 [1/1] (0.41ns)   --->   "%znorm_u0_1 = select i1 %icmp_ln274, i31 %zext_ln271, i31 %znorm_u0_load_1" [../src/riccati_solver_hls.cpp:274->../src/riccati_solver_hls.cpp:1402->../src/mpc_riccati_hls.cpp:649]   --->   Operation 98 'select' 'znorm_u0_1' <Predicate = true> <Delay = 0.41> <CoreInst = "Sel">   --->   Core 73 'Sel' <Latency = 0> <II = 1> <Delay = 0.41> <FuncUnit> <Opcode : 'select'> <InPorts = 3> <OutPorts = 1>
ST_3 : Operation 99 [1/1] (0.44ns)   --->   "%val_12 = select i1 %icmp_ln247_1, i32 %value_153, i32 %val_11" [../src/riccati_solver_hls.cpp:247->../src/riccati_solver_hls.cpp:1407->../src/mpc_riccati_hls.cpp:649]   --->   Operation 99 'select' 'val_12' <Predicate = true> <Delay = 0.44> <CoreInst = "Sel">   --->   Core 73 'Sel' <Latency = 0> <II = 1> <Delay = 0.44> <FuncUnit> <Opcode : 'select'> <InPorts = 3> <OutPorts = 1>
ST_3 : Operation 100 [1/1] (1.01ns)   --->   "%sum_abc_1 = sub i32 %val_10, i32 %val_12" [include/fp_math_hls.h:160->../src/riccati_solver_hls.cpp:262->../src/riccati_solver_hls.cpp:1407->../src/mpc_riccati_hls.cpp:649]   --->   Operation 100 'sub' 'sum_abc_1' <Predicate = true> <Delay = 1.01> <CoreInst = "Adder">   --->   Core 1 'Adder' <Latency = 0> <II = 1> <Delay = 1.01> <FuncUnit> <Opcode : 'add' 'sub'> <InPorts = 2> <OutPorts = 1>
ST_3 : Operation 101 [1/1] ( I:0.67ns O:0.67ns )   --->   "%store_ln265 = store i32 %sum_abc, i5 %y_u_addr" [../src/riccati_solver_hls.cpp:265->../src/riccati_solver_hls.cpp:1402->../src/mpc_riccati_hls.cpp:649]   --->   Operation 101 'store' 'store_ln265' <Predicate = true> <Delay = 0.67> <CoreInst = "RAM">   --->   Core 82 'RAM' <Latency = 1> <II = 1> <Delay = 0.67> <Storage> <Opcode : 'load' 'store'> <Ports = 2> <Width = 32> <Depth = 20> <RAM>
ST_3 : Operation 102 [1/1] ( I:0.67ns O:0.67ns )   --->   "%store_ln265 = store i32 %sum_abc_1, i5 %y_u_1_addr" [../src/riccati_solver_hls.cpp:265->../src/riccati_solver_hls.cpp:1407->../src/mpc_riccati_hls.cpp:649]   --->   Operation 102 'store' 'store_ln265' <Predicate = true> <Delay = 0.67> <CoreInst = "RAM">   --->   Core 82 'RAM' <Latency = 1> <II = 1> <Delay = 0.67> <Storage> <Opcode : 'load' 'store'> <Ports = 2> <Width = 32> <Depth = 20> <RAM>
ST_3 : Operation 103 [1/1] (1.01ns)   --->   "%a = sub i32 %a_105, i32 %val_12" [../src/riccati_solver_hls.cpp:267->../src/riccati_solver_hls.cpp:1407->../src/mpc_riccati_hls.cpp:649]   --->   Operation 103 'sub' 'a' <Predicate = true> <Delay = 1.01> <CoreInst = "Adder">   --->   Core 1 'Adder' <Latency = 0> <II = 1> <Delay = 1.01> <FuncUnit> <Opcode : 'add' 'sub'> <InPorts = 2> <OutPorts = 1>
ST_3 : Operation 104 [1/1] (0.00ns)   --->   "%tmp_18 = bitselect i1 @_ssdm_op_BitSelect.i1.i32.i32, i32 %a, i32 31" [include/fp_math_hls.h:118->../src/riccati_solver_hls.cpp:267->../src/riccati_solver_hls.cpp:1407->../src/mpc_riccati_hls.cpp:649]   --->   Operation 104 'bitselect' 'tmp_18' <Predicate = true> <Delay = 0.00>
ST_3 : Operation 105 [1/1] (0.00ns)   --->   "%tmp_19 = bitselect i1 @_ssdm_op_BitSelect.i1.i32.i32, i32 %val_12, i32 31" [include/fp_math_hls.h:118->../src/riccati_solver_hls.cpp:271->../src/riccati_solver_hls.cpp:1407->../src/mpc_riccati_hls.cpp:649]   --->   Operation 105 'bitselect' 'tmp_19' <Predicate = true> <Delay = 0.00>
ST_3 : Operation 106 [1/1] (1.01ns)   --->   "%abs_z_4 = sub i32 0, i32 %val_12" [include/fp_math_hls.h:118->../src/riccati_solver_hls.cpp:271->../src/riccati_solver_hls.cpp:1407->../src/mpc_riccati_hls.cpp:649]   --->   Operation 106 'sub' 'abs_z_4' <Predicate = true> <Delay = 1.01> <CoreInst = "Adder">   --->   Core 1 'Adder' <Latency = 0> <II = 1> <Delay = 1.01> <FuncUnit> <Opcode : 'add' 'sub'> <InPorts = 2> <OutPorts = 1>
ST_3 : Operation 107 [1/1] (0.44ns)   --->   "%abs_z_5 = select i1 %tmp_19, i32 %abs_z_4, i32 %val_12" [include/fp_math_hls.h:118->../src/riccati_solver_hls.cpp:271->../src/riccati_solver_hls.cpp:1407->../src/mpc_riccati_hls.cpp:649]   --->   Operation 107 'select' 'abs_z_5' <Predicate = true> <Delay = 0.44> <CoreInst = "Sel">   --->   Core 73 'Sel' <Latency = 0> <II = 1> <Delay = 0.44> <FuncUnit> <Opcode : 'select'> <InPorts = 3> <OutPorts = 1>
ST_3 : Operation 108 [1/1] (0.00ns)   --->   "%sext_ln159_26 = sext i32 %sum_abc_1" [../src/fp_math_hls.cpp:159->../src/fp_math_hls.cpp:324->../src/riccati_solver_hls.cpp:273->../src/riccati_solver_hls.cpp:1407->../src/mpc_riccati_hls.cpp:649]   --->   Operation 108 'sext' 'sext_ln159_26' <Predicate = true> <Delay = 0.00>
ST_3 : Operation 109 [4/4] (2.29ns)   --->   "%product_213 = mul i50 %sext_ln159_26, i50 %sext_ln1395_cast" [../src/fp_math_hls.cpp:159->../src/fp_math_hls.cpp:324->../src/riccati_solver_hls.cpp:273->../src/riccati_solver_hls.cpp:1407->../src/mpc_riccati_hls.cpp:649]   --->   Operation 109 'mul' 'product_213' <Predicate = true> <Delay = 2.29> <CoreInst = "Mul_DSP">   --->   Core 5 'Mul_DSP' <Latency = 3> <II = 1> <Delay = 2.29> <FuncUnit> <Opcode : 'mul'> <InPorts = 2> <OutPorts = 1>
ST_3 : Operation 110 [1/1] (1.01ns)   --->   "%icmp_ln274_1 = icmp_sgt  i32 %abs_z_5, i32 %znorm_u1_load_1" [../src/riccati_solver_hls.cpp:274->../src/riccati_solver_hls.cpp:1407->../src/mpc_riccati_hls.cpp:649]   --->   Operation 110 'icmp' 'icmp_ln274_1' <Predicate = true> <Delay = 1.01> <CoreInst = "Cmp">   --->   Core 9 'Cmp' <Latency = 0> <II = 1> <Delay = 1.01> <FuncUnit> <Opcode : 'seteq' 'setne' 'setle' 'setge' 'setlt' 'setgt'> <InPorts = 2> <OutPorts = 1>
ST_3 : Operation 111 [1/1] (0.44ns)   --->   "%znorm_u1_1 = select i1 %icmp_ln274_1, i32 %abs_z_5, i32 %znorm_u1_load_1" [../src/riccati_solver_hls.cpp:274->../src/riccati_solver_hls.cpp:1407->../src/mpc_riccati_hls.cpp:649]   --->   Operation 111 'select' 'znorm_u1_1' <Predicate = true> <Delay = 0.44> <CoreInst = "Sel">   --->   Core 73 'Sel' <Latency = 0> <II = 1> <Delay = 0.44> <FuncUnit> <Opcode : 'select'> <InPorts = 3> <OutPorts = 1>
ST_3 : Operation 112 [1/1] ( I:0.67ns O:0.67ns )   --->   "%store_ln278 = store i32 %sext_ln243, i5 %z_u_addr" [../src/riccati_solver_hls.cpp:278->../src/riccati_solver_hls.cpp:1402->../src/mpc_riccati_hls.cpp:649]   --->   Operation 112 'store' 'store_ln278' <Predicate = true> <Delay = 0.67> <CoreInst = "RAM">   --->   Core 82 'RAM' <Latency = 1> <II = 1> <Delay = 0.67> <Storage> <Opcode : 'load' 'store'> <Ports = 2> <Width = 32> <Depth = 20> <RAM>
ST_3 : Operation 113 [1/2] ( I:0.67ns O:0.67ns )   --->   "%value_154 = load i5 %z_u_1_addr" [../src/riccati_solver_hls.cpp:1408->../src/mpc_riccati_hls.cpp:649]   --->   Operation 113 'load' 'value_154' <Predicate = true> <Delay = 0.67> <CoreInst = "RAM">   --->   Core 82 'RAM' <Latency = 1> <II = 1> <Delay = 0.67> <Storage> <Opcode : 'load' 'store'> <Ports = 2> <Width = 32> <Depth = 20> <RAM>
ST_3 : Operation 114 [1/1] (1.01ns)   --->   "%diff_6 = sub i32 %val_12, i32 %value_154" [include/fp_math_hls.h:151->../src/riccati_solver_hls.cpp:255->../src/riccati_solver_hls.cpp:1407->../src/mpc_riccati_hls.cpp:649]   --->   Operation 114 'sub' 'diff_6' <Predicate = true> <Delay = 1.01> <CoreInst = "Adder">   --->   Core 1 'Adder' <Latency = 0> <II = 1> <Delay = 1.01> <FuncUnit> <Opcode : 'add' 'sub'> <InPorts = 2> <OutPorts = 1>
ST_3 : Operation 115 [1/1] (0.00ns)   --->   "%sext_ln159_27 = sext i32 %diff_6" [../src/fp_math_hls.cpp:159->../src/fp_math_hls.cpp:324->../src/riccati_solver_hls.cpp:256->../src/riccati_solver_hls.cpp:1407->../src/mpc_riccati_hls.cpp:649]   --->   Operation 115 'sext' 'sext_ln159_27' <Predicate = true> <Delay = 0.00>
ST_3 : Operation 116 [4/4] (2.29ns)   --->   "%product_212 = mul i50 %sext_ln159_27, i50 %sext_ln1395_cast" [../src/fp_math_hls.cpp:159->../src/fp_math_hls.cpp:324->../src/riccati_solver_hls.cpp:256->../src/riccati_solver_hls.cpp:1407->../src/mpc_riccati_hls.cpp:649]   --->   Operation 116 'mul' 'product_212' <Predicate = true> <Delay = 2.29> <CoreInst = "Mul_DSP">   --->   Core 5 'Mul_DSP' <Latency = 3> <II = 1> <Delay = 2.29> <FuncUnit> <Opcode : 'mul'> <InPorts = 2> <OutPorts = 1>
ST_3 : Operation 117 [1/1] ( I:0.67ns O:0.67ns )   --->   "%store_ln278 = store i32 %val_12, i5 %z_u_1_addr" [../src/riccati_solver_hls.cpp:278->../src/riccati_solver_hls.cpp:1407->../src/mpc_riccati_hls.cpp:649]   --->   Operation 117 'store' 'store_ln278' <Predicate = true> <Delay = 0.67> <CoreInst = "RAM">   --->   Core 82 'RAM' <Latency = 1> <II = 1> <Delay = 0.67> <Storage> <Opcode : 'load' 'store'> <Ports = 2> <Width = 32> <Depth = 20> <RAM>
ST_3 : Operation 118 [1/1] (0.42ns)   --->   "%store_ln1334 = store i32 %znorm_u1_1, i32 %znorm_u1" [../src/riccati_solver_hls.cpp:1334->../src/mpc_riccati_hls.cpp:649]   --->   Operation 118 'store' 'store_ln1334' <Predicate = true> <Delay = 0.42>
ST_3 : Operation 119 [1/1] (0.42ns)   --->   "%store_ln1333 = store i31 %znorm_u0_1, i31 %znorm_u0" [../src/riccati_solver_hls.cpp:1333->../src/mpc_riccati_hls.cpp:649]   --->   Operation 119 'store' 'store_ln1333' <Predicate = true> <Delay = 0.42>
ST_3 : Operation 120 [1/1] (0.42ns)   --->   "%store_ln1321 = store i32 %u_norm_1, i32 %u_norm" [../src/riccati_solver_hls.cpp:1321->../src/mpc_riccati_hls.cpp:649]   --->   Operation 120 'store' 'store_ln1321' <Predicate = true> <Delay = 0.42>

State 4 <SV = 3> <Delay = 3.35>
ST_4 : Operation 121 [1/1] (0.00ns)   --->   "%primal_u0_load_1 = load i32 %primal_u0" [../src/riccati_solver_hls.cpp:268->../src/riccati_solver_hls.cpp:1402->../src/mpc_riccati_hls.cpp:649]   --->   Operation 121 'load' 'primal_u0_load_1' <Predicate = true> <Delay = 0.00>
ST_4 : Operation 122 [1/1] (0.00ns)   --->   "%primal_u1_load_1 = load i32 %primal_u1" [../src/riccati_solver_hls.cpp:268->../src/riccati_solver_hls.cpp:1407->../src/mpc_riccati_hls.cpp:649]   --->   Operation 122 'load' 'primal_u1_load_1' <Predicate = true> <Delay = 0.00>
ST_4 : Operation 123 [3/4] (2.29ns)   --->   "%product = mul i50 %sext_ln159, i50 %sext_ln1395_cast" [../src/fp_math_hls.cpp:159->../src/fp_math_hls.cpp:324->../src/riccati_solver_hls.cpp:256->../src/riccati_solver_hls.cpp:1402->../src/mpc_riccati_hls.cpp:649]   --->   Operation 123 'mul' 'product' <Predicate = true> <Delay = 2.29> <CoreInst = "Mul_DSP">   --->   Core 5 'Mul_DSP' <Latency = 3> <II = 1> <Delay = 2.29> <FuncUnit> <Opcode : 'mul'> <InPorts = 2> <OutPorts = 1>
ST_4 : Operation 124 [1/1] (1.01ns)   --->   "%pd = sub i32 0, i32 %a_97" [include/fp_math_hls.h:118->../src/riccati_solver_hls.cpp:267->../src/riccati_solver_hls.cpp:1402->../src/mpc_riccati_hls.cpp:649]   --->   Operation 124 'sub' 'pd' <Predicate = (tmp_15)> <Delay = 1.01> <CoreInst = "Adder">   --->   Core 1 'Adder' <Latency = 0> <II = 1> <Delay = 1.01> <FuncUnit> <Opcode : 'add' 'sub'> <InPorts = 2> <OutPorts = 1>
ST_4 : Operation 125 [1/1] (0.44ns)   --->   "%pd_1 = select i1 %tmp_15, i32 %pd, i32 %a_97" [include/fp_math_hls.h:118->../src/riccati_solver_hls.cpp:267->../src/riccati_solver_hls.cpp:1402->../src/mpc_riccati_hls.cpp:649]   --->   Operation 125 'select' 'pd_1' <Predicate = true> <Delay = 0.44> <CoreInst = "Sel">   --->   Core 73 'Sel' <Latency = 0> <II = 1> <Delay = 0.44> <FuncUnit> <Opcode : 'select'> <InPorts = 3> <OutPorts = 1>
ST_4 : Operation 126 [1/1] (1.01ns)   --->   "%icmp_ln268 = icmp_sgt  i32 %pd_1, i32 %primal_u0_load_1" [../src/riccati_solver_hls.cpp:268->../src/riccati_solver_hls.cpp:1402->../src/mpc_riccati_hls.cpp:649]   --->   Operation 126 'icmp' 'icmp_ln268' <Predicate = true> <Delay = 1.01> <CoreInst = "Cmp">   --->   Core 9 'Cmp' <Latency = 0> <II = 1> <Delay = 1.01> <FuncUnit> <Opcode : 'seteq' 'setne' 'setle' 'setge' 'setlt' 'setgt'> <InPorts = 2> <OutPorts = 1>
ST_4 : Operation 127 [1/1] (0.44ns)   --->   "%primal_u0_1 = select i1 %icmp_ln268, i32 %pd_1, i32 %primal_u0_load_1" [../src/riccati_solver_hls.cpp:268->../src/riccati_solver_hls.cpp:1402->../src/mpc_riccati_hls.cpp:649]   --->   Operation 127 'select' 'primal_u0_1' <Predicate = true> <Delay = 0.44> <CoreInst = "Sel">   --->   Core 73 'Sel' <Latency = 0> <II = 1> <Delay = 0.44> <FuncUnit> <Opcode : 'select'> <InPorts = 3> <OutPorts = 1>
ST_4 : Operation 128 [3/4] (2.29ns)   --->   "%product_211 = mul i50 %sext_ln159_25, i50 %sext_ln1395_cast" [../src/fp_math_hls.cpp:159->../src/fp_math_hls.cpp:324->../src/riccati_solver_hls.cpp:273->../src/riccati_solver_hls.cpp:1402->../src/mpc_riccati_hls.cpp:649]   --->   Operation 128 'mul' 'product_211' <Predicate = true> <Delay = 2.29> <CoreInst = "Mul_DSP">   --->   Core 5 'Mul_DSP' <Latency = 3> <II = 1> <Delay = 2.29> <FuncUnit> <Opcode : 'mul'> <InPorts = 2> <OutPorts = 1>
ST_4 : Operation 129 [1/1] (1.01ns)   --->   "%pd_4 = sub i32 0, i32 %a" [include/fp_math_hls.h:118->../src/riccati_solver_hls.cpp:267->../src/riccati_solver_hls.cpp:1407->../src/mpc_riccati_hls.cpp:649]   --->   Operation 129 'sub' 'pd_4' <Predicate = (tmp_18)> <Delay = 1.01> <CoreInst = "Adder">   --->   Core 1 'Adder' <Latency = 0> <II = 1> <Delay = 1.01> <FuncUnit> <Opcode : 'add' 'sub'> <InPorts = 2> <OutPorts = 1>
ST_4 : Operation 130 [1/1] (0.44ns)   --->   "%pd_5 = select i1 %tmp_18, i32 %pd_4, i32 %a" [include/fp_math_hls.h:118->../src/riccati_solver_hls.cpp:267->../src/riccati_solver_hls.cpp:1407->../src/mpc_riccati_hls.cpp:649]   --->   Operation 130 'select' 'pd_5' <Predicate = true> <Delay = 0.44> <CoreInst = "Sel">   --->   Core 73 'Sel' <Latency = 0> <II = 1> <Delay = 0.44> <FuncUnit> <Opcode : 'select'> <InPorts = 3> <OutPorts = 1>
ST_4 : Operation 131 [1/1] (1.01ns)   --->   "%icmp_ln268_1 = icmp_sgt  i32 %pd_5, i32 %primal_u1_load_1" [../src/riccati_solver_hls.cpp:268->../src/riccati_solver_hls.cpp:1407->../src/mpc_riccati_hls.cpp:649]   --->   Operation 131 'icmp' 'icmp_ln268_1' <Predicate = true> <Delay = 1.01> <CoreInst = "Cmp">   --->   Core 9 'Cmp' <Latency = 0> <II = 1> <Delay = 1.01> <FuncUnit> <Opcode : 'seteq' 'setne' 'setle' 'setge' 'setlt' 'setgt'> <InPorts = 2> <OutPorts = 1>
ST_4 : Operation 132 [1/1] (0.44ns)   --->   "%primal_u1_1 = select i1 %icmp_ln268_1, i32 %pd_5, i32 %primal_u1_load_1" [../src/riccati_solver_hls.cpp:268->../src/riccati_solver_hls.cpp:1407->../src/mpc_riccati_hls.cpp:649]   --->   Operation 132 'select' 'primal_u1_1' <Predicate = true> <Delay = 0.44> <CoreInst = "Sel">   --->   Core 73 'Sel' <Latency = 0> <II = 1> <Delay = 0.44> <FuncUnit> <Opcode : 'select'> <InPorts = 3> <OutPorts = 1>
ST_4 : Operation 133 [3/4] (2.29ns)   --->   "%product_213 = mul i50 %sext_ln159_26, i50 %sext_ln1395_cast" [../src/fp_math_hls.cpp:159->../src/fp_math_hls.cpp:324->../src/riccati_solver_hls.cpp:273->../src/riccati_solver_hls.cpp:1407->../src/mpc_riccati_hls.cpp:649]   --->   Operation 133 'mul' 'product_213' <Predicate = true> <Delay = 2.29> <CoreInst = "Mul_DSP">   --->   Core 5 'Mul_DSP' <Latency = 3> <II = 1> <Delay = 2.29> <FuncUnit> <Opcode : 'mul'> <InPorts = 2> <OutPorts = 1>
ST_4 : Operation 134 [3/4] (2.29ns)   --->   "%product_212 = mul i50 %sext_ln159_27, i50 %sext_ln1395_cast" [../src/fp_math_hls.cpp:159->../src/fp_math_hls.cpp:324->../src/riccati_solver_hls.cpp:256->../src/riccati_solver_hls.cpp:1407->../src/mpc_riccati_hls.cpp:649]   --->   Operation 134 'mul' 'product_212' <Predicate = true> <Delay = 2.29> <CoreInst = "Mul_DSP">   --->   Core 5 'Mul_DSP' <Latency = 3> <II = 1> <Delay = 2.29> <FuncUnit> <Opcode : 'mul'> <InPorts = 2> <OutPorts = 1>
ST_4 : Operation 135 [1/1] (0.42ns)   --->   "%store_ln1334 = store i32 %primal_u1_1, i32 %primal_u1" [../src/riccati_solver_hls.cpp:1334->../src/mpc_riccati_hls.cpp:649]   --->   Operation 135 'store' 'store_ln1334' <Predicate = true> <Delay = 0.42>
ST_4 : Operation 136 [1/1] (0.42ns)   --->   "%store_ln1333 = store i32 %primal_u0_1, i32 %primal_u0" [../src/riccati_solver_hls.cpp:1333->../src/mpc_riccati_hls.cpp:649]   --->   Operation 136 'store' 'store_ln1333' <Predicate = true> <Delay = 0.42>

State 5 <SV = 4> <Delay = 2.29>
ST_5 : Operation 137 [2/4] (2.29ns)   --->   "%product = mul i50 %sext_ln159, i50 %sext_ln1395_cast" [../src/fp_math_hls.cpp:159->../src/fp_math_hls.cpp:324->../src/riccati_solver_hls.cpp:256->../src/riccati_solver_hls.cpp:1402->../src/mpc_riccati_hls.cpp:649]   --->   Operation 137 'mul' 'product' <Predicate = true> <Delay = 2.29> <CoreInst = "Mul_DSP">   --->   Core 5 'Mul_DSP' <Latency = 3> <II = 1> <Delay = 2.29> <FuncUnit> <Opcode : 'mul'> <InPorts = 2> <OutPorts = 1>
ST_5 : Operation 138 [2/4] (2.29ns)   --->   "%product_211 = mul i50 %sext_ln159_25, i50 %sext_ln1395_cast" [../src/fp_math_hls.cpp:159->../src/fp_math_hls.cpp:324->../src/riccati_solver_hls.cpp:273->../src/riccati_solver_hls.cpp:1402->../src/mpc_riccati_hls.cpp:649]   --->   Operation 138 'mul' 'product_211' <Predicate = true> <Delay = 2.29> <CoreInst = "Mul_DSP">   --->   Core 5 'Mul_DSP' <Latency = 3> <II = 1> <Delay = 2.29> <FuncUnit> <Opcode : 'mul'> <InPorts = 2> <OutPorts = 1>
ST_5 : Operation 139 [2/4] (2.29ns)   --->   "%product_213 = mul i50 %sext_ln159_26, i50 %sext_ln1395_cast" [../src/fp_math_hls.cpp:159->../src/fp_math_hls.cpp:324->../src/riccati_solver_hls.cpp:273->../src/riccati_solver_hls.cpp:1407->../src/mpc_riccati_hls.cpp:649]   --->   Operation 139 'mul' 'product_213' <Predicate = true> <Delay = 2.29> <CoreInst = "Mul_DSP">   --->   Core 5 'Mul_DSP' <Latency = 3> <II = 1> <Delay = 2.29> <FuncUnit> <Opcode : 'mul'> <InPorts = 2> <OutPorts = 1>
ST_5 : Operation 140 [2/4] (2.29ns)   --->   "%product_212 = mul i50 %sext_ln159_27, i50 %sext_ln1395_cast" [../src/fp_math_hls.cpp:159->../src/fp_math_hls.cpp:324->../src/riccati_solver_hls.cpp:256->../src/riccati_solver_hls.cpp:1407->../src/mpc_riccati_hls.cpp:649]   --->   Operation 140 'mul' 'product_212' <Predicate = true> <Delay = 2.29> <CoreInst = "Mul_DSP">   --->   Core 5 'Mul_DSP' <Latency = 3> <II = 1> <Delay = 2.29> <FuncUnit> <Opcode : 'mul'> <InPorts = 2> <OutPorts = 1>

State 6 <SV = 5> <Delay = 3.75>
ST_6 : Operation 141 [1/4] (2.29ns)   --->   "%product = mul i50 %sext_ln159, i50 %sext_ln1395_cast" [../src/fp_math_hls.cpp:159->../src/fp_math_hls.cpp:324->../src/riccati_solver_hls.cpp:256->../src/riccati_solver_hls.cpp:1402->../src/mpc_riccati_hls.cpp:649]   --->   Operation 141 'mul' 'product' <Predicate = true> <Delay = 2.29> <CoreInst = "Mul_DSP">   --->   Core 5 'Mul_DSP' <Latency = 3> <II = 1> <Delay = 2.29> <FuncUnit> <Opcode : 'mul'> <InPorts = 2> <OutPorts = 1>
ST_6 : Operation 142 [1/1] (0.00ns)   --->   "%specfucore_ln160 = specfucore void @_ssdm_op_SpecFUCore, i50 %product, i64 12, i64 3, i64 3, i1 0" [../src/fp_math_hls.cpp:160->../src/fp_math_hls.cpp:324->../src/riccati_solver_hls.cpp:256->../src/riccati_solver_hls.cpp:1402->../src/mpc_riccati_hls.cpp:649]   --->   Operation 142 'specfucore' 'specfucore_ln160' <Predicate = true> <Delay = 0.00>
ST_6 : Operation 143 [1/1] (0.00ns)   --->   "%product_q = partselect i32 @_ssdm_op_PartSelect.i32.i50.i32.i32, i50 %product, i32 18, i32 49" [include/fp_types_hls.hpp:650->../src/fp_math_hls.cpp:326->../src/riccati_solver_hls.cpp:256->../src/riccati_solver_hls.cpp:1402->../src/mpc_riccati_hls.cpp:649]   --->   Operation 143 'partselect' 'product_q' <Predicate = true> <Delay = 0.00>
ST_6 : Operation 144 [1/1] (0.00ns)   --->   "%tmp_14 = bitselect i1 @_ssdm_op_BitSelect.i1.i50.i32, i50 %product, i32 49" [include/fp_math_hls.h:118->../src/riccati_solver_hls.cpp:256->../src/riccati_solver_hls.cpp:1402->../src/mpc_riccati_hls.cpp:649]   --->   Operation 144 'bitselect' 'tmp_14' <Predicate = true> <Delay = 0.00>
ST_6 : Operation 145 [1/1] (1.01ns)   --->   "%dd = sub i32 0, i32 %product_q" [include/fp_math_hls.h:118->../src/riccati_solver_hls.cpp:256->../src/riccati_solver_hls.cpp:1402->../src/mpc_riccati_hls.cpp:649]   --->   Operation 145 'sub' 'dd' <Predicate = true> <Delay = 1.01> <CoreInst = "Adder">   --->   Core 1 'Adder' <Latency = 0> <II = 1> <Delay = 1.01> <FuncUnit> <Opcode : 'add' 'sub'> <InPorts = 2> <OutPorts = 1>
ST_6 : Operation 146 [1/1] (0.44ns)   --->   "%dd_1 = select i1 %tmp_14, i32 %dd, i32 %product_q" [include/fp_math_hls.h:118->../src/riccati_solver_hls.cpp:256->../src/riccati_solver_hls.cpp:1402->../src/mpc_riccati_hls.cpp:649]   --->   Operation 146 'select' 'dd_1' <Predicate = true> <Delay = 0.44> <CoreInst = "Sel">   --->   Core 73 'Sel' <Latency = 0> <II = 1> <Delay = 0.44> <FuncUnit> <Opcode : 'select'> <InPorts = 3> <OutPorts = 1>
ST_6 : Operation 147 [1/4] (2.29ns)   --->   "%product_211 = mul i50 %sext_ln159_25, i50 %sext_ln1395_cast" [../src/fp_math_hls.cpp:159->../src/fp_math_hls.cpp:324->../src/riccati_solver_hls.cpp:273->../src/riccati_solver_hls.cpp:1402->../src/mpc_riccati_hls.cpp:649]   --->   Operation 147 'mul' 'product_211' <Predicate = true> <Delay = 2.29> <CoreInst = "Mul_DSP">   --->   Core 5 'Mul_DSP' <Latency = 3> <II = 1> <Delay = 2.29> <FuncUnit> <Opcode : 'mul'> <InPorts = 2> <OutPorts = 1>
ST_6 : Operation 148 [1/1] (0.00ns)   --->   "%specfucore_ln160 = specfucore void @_ssdm_op_SpecFUCore, i50 %product_211, i64 12, i64 3, i64 3, i1 0" [../src/fp_math_hls.cpp:160->../src/fp_math_hls.cpp:324->../src/riccati_solver_hls.cpp:273->../src/riccati_solver_hls.cpp:1402->../src/mpc_riccati_hls.cpp:649]   --->   Operation 148 'specfucore' 'specfucore_ln160' <Predicate = true> <Delay = 0.00>
ST_6 : Operation 149 [1/1] (0.00ns)   --->   "%product_q_11 = partselect i32 @_ssdm_op_PartSelect.i32.i50.i32.i32, i50 %product_211, i32 18, i32 49" [include/fp_types_hls.hpp:650->../src/fp_math_hls.cpp:326->../src/riccati_solver_hls.cpp:273->../src/riccati_solver_hls.cpp:1402->../src/mpc_riccati_hls.cpp:649]   --->   Operation 149 'partselect' 'product_q_11' <Predicate = true> <Delay = 0.00>
ST_6 : Operation 150 [1/1] (0.00ns)   --->   "%tmp_17 = bitselect i1 @_ssdm_op_BitSelect.i1.i50.i32, i50 %product_211, i32 49" [include/fp_math_hls.h:118->../src/riccati_solver_hls.cpp:273->../src/riccati_solver_hls.cpp:1402->../src/mpc_riccati_hls.cpp:649]   --->   Operation 150 'bitselect' 'tmp_17' <Predicate = true> <Delay = 0.00>
ST_6 : Operation 151 [1/1] (1.01ns)   --->   "%abs_l = sub i32 0, i32 %product_q_11" [include/fp_math_hls.h:118->../src/riccati_solver_hls.cpp:273->../src/riccati_solver_hls.cpp:1402->../src/mpc_riccati_hls.cpp:649]   --->   Operation 151 'sub' 'abs_l' <Predicate = true> <Delay = 1.01> <CoreInst = "Adder">   --->   Core 1 'Adder' <Latency = 0> <II = 1> <Delay = 1.01> <FuncUnit> <Opcode : 'add' 'sub'> <InPorts = 2> <OutPorts = 1>
ST_6 : Operation 152 [1/1] (0.44ns)   --->   "%abs_l_4 = select i1 %tmp_17, i32 %abs_l, i32 %product_q_11" [include/fp_math_hls.h:118->../src/riccati_solver_hls.cpp:273->../src/riccati_solver_hls.cpp:1402->../src/mpc_riccati_hls.cpp:649]   --->   Operation 152 'select' 'abs_l_4' <Predicate = true> <Delay = 0.44> <CoreInst = "Sel">   --->   Core 73 'Sel' <Latency = 0> <II = 1> <Delay = 0.44> <FuncUnit> <Opcode : 'select'> <InPorts = 3> <OutPorts = 1>
ST_6 : Operation 153 [1/4] (2.29ns)   --->   "%product_213 = mul i50 %sext_ln159_26, i50 %sext_ln1395_cast" [../src/fp_math_hls.cpp:159->../src/fp_math_hls.cpp:324->../src/riccati_solver_hls.cpp:273->../src/riccati_solver_hls.cpp:1407->../src/mpc_riccati_hls.cpp:649]   --->   Operation 153 'mul' 'product_213' <Predicate = true> <Delay = 2.29> <CoreInst = "Mul_DSP">   --->   Core 5 'Mul_DSP' <Latency = 3> <II = 1> <Delay = 2.29> <FuncUnit> <Opcode : 'mul'> <InPorts = 2> <OutPorts = 1>
ST_6 : Operation 154 [1/1] (0.00ns)   --->   "%specfucore_ln160 = specfucore void @_ssdm_op_SpecFUCore, i50 %product_213, i64 12, i64 3, i64 3, i1 0" [../src/fp_math_hls.cpp:160->../src/fp_math_hls.cpp:324->../src/riccati_solver_hls.cpp:273->../src/riccati_solver_hls.cpp:1407->../src/mpc_riccati_hls.cpp:649]   --->   Operation 154 'specfucore' 'specfucore_ln160' <Predicate = true> <Delay = 0.00>
ST_6 : Operation 155 [1/1] (0.00ns)   --->   "%product_q_13 = partselect i32 @_ssdm_op_PartSelect.i32.i50.i32.i32, i50 %product_213, i32 18, i32 49" [include/fp_types_hls.hpp:650->../src/fp_math_hls.cpp:326->../src/riccati_solver_hls.cpp:273->../src/riccati_solver_hls.cpp:1407->../src/mpc_riccati_hls.cpp:649]   --->   Operation 155 'partselect' 'product_q_13' <Predicate = true> <Delay = 0.00>
ST_6 : Operation 156 [1/1] (0.00ns)   --->   "%tmp_20 = bitselect i1 @_ssdm_op_BitSelect.i1.i50.i32, i50 %product_213, i32 49" [include/fp_math_hls.h:118->../src/riccati_solver_hls.cpp:273->../src/riccati_solver_hls.cpp:1407->../src/mpc_riccati_hls.cpp:649]   --->   Operation 156 'bitselect' 'tmp_20' <Predicate = true> <Delay = 0.00>
ST_6 : Operation 157 [1/1] (1.01ns)   --->   "%abs_l_5 = sub i32 0, i32 %product_q_13" [include/fp_math_hls.h:118->../src/riccati_solver_hls.cpp:273->../src/riccati_solver_hls.cpp:1407->../src/mpc_riccati_hls.cpp:649]   --->   Operation 157 'sub' 'abs_l_5' <Predicate = true> <Delay = 1.01> <CoreInst = "Adder">   --->   Core 1 'Adder' <Latency = 0> <II = 1> <Delay = 1.01> <FuncUnit> <Opcode : 'add' 'sub'> <InPorts = 2> <OutPorts = 1>
ST_6 : Operation 158 [1/1] (0.44ns)   --->   "%abs_l_6 = select i1 %tmp_20, i32 %abs_l_5, i32 %product_q_13" [include/fp_math_hls.h:118->../src/riccati_solver_hls.cpp:273->../src/riccati_solver_hls.cpp:1407->../src/mpc_riccati_hls.cpp:649]   --->   Operation 158 'select' 'abs_l_6' <Predicate = true> <Delay = 0.44> <CoreInst = "Sel">   --->   Core 73 'Sel' <Latency = 0> <II = 1> <Delay = 0.44> <FuncUnit> <Opcode : 'select'> <InPorts = 3> <OutPorts = 1>
ST_6 : Operation 159 [1/4] (2.29ns)   --->   "%product_212 = mul i50 %sext_ln159_27, i50 %sext_ln1395_cast" [../src/fp_math_hls.cpp:159->../src/fp_math_hls.cpp:324->../src/riccati_solver_hls.cpp:256->../src/riccati_solver_hls.cpp:1407->../src/mpc_riccati_hls.cpp:649]   --->   Operation 159 'mul' 'product_212' <Predicate = true> <Delay = 2.29> <CoreInst = "Mul_DSP">   --->   Core 5 'Mul_DSP' <Latency = 3> <II = 1> <Delay = 2.29> <FuncUnit> <Opcode : 'mul'> <InPorts = 2> <OutPorts = 1>
ST_6 : Operation 160 [1/1] (0.00ns)   --->   "%specfucore_ln160 = specfucore void @_ssdm_op_SpecFUCore, i50 %product_212, i64 12, i64 3, i64 3, i1 0" [../src/fp_math_hls.cpp:160->../src/fp_math_hls.cpp:324->../src/riccati_solver_hls.cpp:256->../src/riccati_solver_hls.cpp:1407->../src/mpc_riccati_hls.cpp:649]   --->   Operation 160 'specfucore' 'specfucore_ln160' <Predicate = true> <Delay = 0.00>
ST_6 : Operation 161 [1/1] (0.00ns)   --->   "%product_q_12 = partselect i32 @_ssdm_op_PartSelect.i32.i50.i32.i32, i50 %product_212, i32 18, i32 49" [include/fp_types_hls.hpp:650->../src/fp_math_hls.cpp:326->../src/riccati_solver_hls.cpp:256->../src/riccati_solver_hls.cpp:1407->../src/mpc_riccati_hls.cpp:649]   --->   Operation 161 'partselect' 'product_q_12' <Predicate = true> <Delay = 0.00>
ST_6 : Operation 162 [1/1] (0.00ns)   --->   "%tmp_21 = bitselect i1 @_ssdm_op_BitSelect.i1.i50.i32, i50 %product_212, i32 49" [include/fp_math_hls.h:118->../src/riccati_solver_hls.cpp:256->../src/riccati_solver_hls.cpp:1407->../src/mpc_riccati_hls.cpp:649]   --->   Operation 162 'bitselect' 'tmp_21' <Predicate = true> <Delay = 0.00>
ST_6 : Operation 163 [1/1] (1.01ns)   --->   "%dd_4 = sub i32 0, i32 %product_q_12" [include/fp_math_hls.h:118->../src/riccati_solver_hls.cpp:256->../src/riccati_solver_hls.cpp:1407->../src/mpc_riccati_hls.cpp:649]   --->   Operation 163 'sub' 'dd_4' <Predicate = true> <Delay = 1.01> <CoreInst = "Adder">   --->   Core 1 'Adder' <Latency = 0> <II = 1> <Delay = 1.01> <FuncUnit> <Opcode : 'add' 'sub'> <InPorts = 2> <OutPorts = 1>
ST_6 : Operation 164 [1/1] (0.44ns)   --->   "%dd_5 = select i1 %tmp_21, i32 %dd_4, i32 %product_q_12" [include/fp_math_hls.h:118->../src/riccati_solver_hls.cpp:256->../src/riccati_solver_hls.cpp:1407->../src/mpc_riccati_hls.cpp:649]   --->   Operation 164 'select' 'dd_5' <Predicate = true> <Delay = 0.44> <CoreInst = "Sel">   --->   Core 73 'Sel' <Latency = 0> <II = 1> <Delay = 0.44> <FuncUnit> <Opcode : 'select'> <InPorts = 3> <OutPorts = 1>
ST_6 : Operation 189 [1/1] (0.00ns)   --->   "%u_norm_load = load i32 %u_norm"   --->   Operation 189 'load' 'u_norm_load' <Predicate = (icmp_ln1395)> <Delay = 0.00>
ST_6 : Operation 190 [1/1] (0.00ns)   --->   "%primal_u0_load = load i32 %primal_u0"   --->   Operation 190 'load' 'primal_u0_load' <Predicate = (icmp_ln1395)> <Delay = 0.00>
ST_6 : Operation 191 [1/1] (0.00ns)   --->   "%dual_u0_load = load i32 %dual_u0"   --->   Operation 191 'load' 'dual_u0_load' <Predicate = (icmp_ln1395)> <Delay = 0.00>
ST_6 : Operation 192 [1/1] (0.00ns)   --->   "%znorm_u0_load = load i31 %znorm_u0"   --->   Operation 192 'load' 'znorm_u0_load' <Predicate = (icmp_ln1395)> <Delay = 0.00>
ST_6 : Operation 193 [1/1] (0.00ns)   --->   "%lnorm_u0_load = load i32 %lnorm_u0"   --->   Operation 193 'load' 'lnorm_u0_load' <Predicate = (icmp_ln1395)> <Delay = 0.00>
ST_6 : Operation 194 [1/1] (0.00ns)   --->   "%primal_u1_load = load i32 %primal_u1"   --->   Operation 194 'load' 'primal_u1_load' <Predicate = (icmp_ln1395)> <Delay = 0.00>
ST_6 : Operation 195 [1/1] (0.00ns)   --->   "%dual_u1_load = load i32 %dual_u1"   --->   Operation 195 'load' 'dual_u1_load' <Predicate = (icmp_ln1395)> <Delay = 0.00>
ST_6 : Operation 196 [1/1] (0.00ns)   --->   "%znorm_u1_load = load i32 %znorm_u1"   --->   Operation 196 'load' 'znorm_u1_load' <Predicate = (icmp_ln1395)> <Delay = 0.00>
ST_6 : Operation 197 [1/1] (0.00ns)   --->   "%lnorm_u1_load = load i32 %lnorm_u1"   --->   Operation 197 'load' 'lnorm_u1_load' <Predicate = (icmp_ln1395)> <Delay = 0.00>
ST_6 : Operation 198 [1/1] (0.00ns)   --->   "%write_ln0 = write void @_ssdm_op_Write.ap_auto.i32P0A, i32 %lnorm_u1_out, i32 %lnorm_u1_load"   --->   Operation 198 'write' 'write_ln0' <Predicate = (icmp_ln1395)> <Delay = 0.00>
ST_6 : Operation 199 [1/1] (0.00ns)   --->   "%write_ln0 = write void @_ssdm_op_Write.ap_auto.i32P0A, i32 %znorm_u1_out, i32 %znorm_u1_load"   --->   Operation 199 'write' 'write_ln0' <Predicate = (icmp_ln1395)> <Delay = 0.00>
ST_6 : Operation 200 [1/1] (0.00ns)   --->   "%write_ln0 = write void @_ssdm_op_Write.ap_auto.i32P0A, i32 %dual_u1_out, i32 %dual_u1_load"   --->   Operation 200 'write' 'write_ln0' <Predicate = (icmp_ln1395)> <Delay = 0.00>
ST_6 : Operation 201 [1/1] (0.00ns)   --->   "%write_ln0 = write void @_ssdm_op_Write.ap_auto.i32P0A, i32 %primal_u1_out, i32 %primal_u1_load"   --->   Operation 201 'write' 'write_ln0' <Predicate = (icmp_ln1395)> <Delay = 0.00>
ST_6 : Operation 202 [1/1] (0.00ns)   --->   "%write_ln0 = write void @_ssdm_op_Write.ap_auto.i32P0A, i32 %lnorm_u0_out, i32 %lnorm_u0_load"   --->   Operation 202 'write' 'write_ln0' <Predicate = (icmp_ln1395)> <Delay = 0.00>
ST_6 : Operation 203 [1/1] (0.00ns)   --->   "%write_ln0 = write void @_ssdm_op_Write.ap_auto.i31P0A, i31 %znorm_u0_out, i31 %znorm_u0_load"   --->   Operation 203 'write' 'write_ln0' <Predicate = (icmp_ln1395)> <Delay = 0.00>
ST_6 : Operation 204 [1/1] (0.00ns)   --->   "%write_ln0 = write void @_ssdm_op_Write.ap_auto.i32P0A, i32 %dual_u0_out, i32 %dual_u0_load"   --->   Operation 204 'write' 'write_ln0' <Predicate = (icmp_ln1395)> <Delay = 0.00>
ST_6 : Operation 205 [1/1] (0.00ns)   --->   "%write_ln0 = write void @_ssdm_op_Write.ap_auto.i32P0A, i32 %primal_u0_out, i32 %primal_u0_load"   --->   Operation 205 'write' 'write_ln0' <Predicate = (icmp_ln1395)> <Delay = 0.00>
ST_6 : Operation 206 [1/1] (0.00ns)   --->   "%write_ln0 = write void @_ssdm_op_Write.ap_auto.i32P0A, i32 %u_norm_out, i32 %u_norm_load"   --->   Operation 206 'write' 'write_ln0' <Predicate = (icmp_ln1395)> <Delay = 0.00>
ST_6 : Operation 207 [1/1] (0.42ns)   --->   "%ret_ln0 = ret"   --->   Operation 207 'ret' 'ret_ln0' <Predicate = (icmp_ln1395)> <Delay = 0.42>

State 7 <SV = 6> <Delay = 1.89>
ST_7 : Operation 165 [1/1] (0.00ns)   --->   "%dual_u0_load_1 = load i32 %dual_u0" [../src/riccati_solver_hls.cpp:258->../src/riccati_solver_hls.cpp:1402->../src/mpc_riccati_hls.cpp:649]   --->   Operation 165 'load' 'dual_u0_load_1' <Predicate = true> <Delay = 0.00>
ST_7 : Operation 166 [1/1] (0.00ns)   --->   "%lnorm_u0_load_1 = load i32 %lnorm_u0" [../src/riccati_solver_hls.cpp:276->../src/riccati_solver_hls.cpp:1402->../src/mpc_riccati_hls.cpp:649]   --->   Operation 166 'load' 'lnorm_u0_load_1' <Predicate = true> <Delay = 0.00>
ST_7 : Operation 167 [1/1] (0.00ns)   --->   "%dual_u1_load_1 = load i32 %dual_u1" [../src/riccati_solver_hls.cpp:258->../src/riccati_solver_hls.cpp:1407->../src/mpc_riccati_hls.cpp:649]   --->   Operation 167 'load' 'dual_u1_load_1' <Predicate = true> <Delay = 0.00>
ST_7 : Operation 168 [1/1] (0.00ns)   --->   "%lnorm_u1_load_1 = load i32 %lnorm_u1" [../src/riccati_solver_hls.cpp:276->../src/riccati_solver_hls.cpp:1407->../src/mpc_riccati_hls.cpp:649]   --->   Operation 168 'load' 'lnorm_u1_load_1' <Predicate = true> <Delay = 0.00>
ST_7 : Operation 169 [1/1] (0.00ns)   --->   "%specpipeline_ln1321 = specpipeline void @_ssdm_op_SpecPipeline, i32 4294967295, i32 0, i32 0, i32 0, i32 4294967295, void @empty_485" [../src/riccati_solver_hls.cpp:1321->../src/mpc_riccati_hls.cpp:649]   --->   Operation 169 'specpipeline' 'specpipeline_ln1321' <Predicate = true> <Delay = 0.00>
ST_7 : Operation 170 [1/1] (0.00ns)   --->   "%speclooptripcount_ln1321 = speclooptripcount void @_ssdm_op_SpecLoopTripCount, i64 20, i64 20, i64 20" [../src/riccati_solver_hls.cpp:1321->../src/mpc_riccati_hls.cpp:649]   --->   Operation 170 'speclooptripcount' 'speclooptripcount_ln1321' <Predicate = true> <Delay = 0.00>
ST_7 : Operation 171 [1/1] (0.00ns)   --->   "%specloopname_ln1395 = specloopname void @_ssdm_op_SpecLoopName, void @empty_488" [../src/riccati_solver_hls.cpp:1395->../src/mpc_riccati_hls.cpp:649]   --->   Operation 171 'specloopname' 'specloopname_ln1395' <Predicate = true> <Delay = 0.00>
ST_7 : Operation 172 [1/1] (0.00ns)   --->   "%rbegin14 = specregionbegin i32 @_ssdm_op_SpecRegionBegin, void @empty_105" [../src/fp_math_hls.cpp:159->../src/fp_math_hls.cpp:324->../src/riccati_solver_hls.cpp:256->../src/riccati_solver_hls.cpp:1402->../src/mpc_riccati_hls.cpp:649]   --->   Operation 172 'specregionbegin' 'rbegin14' <Predicate = true> <Delay = 0.00>
ST_7 : Operation 173 [1/1] (0.00ns)   --->   "%rend15 = specregionend i32 @_ssdm_op_SpecRegionEnd, void @empty_105, i32 %rbegin14" [../src/fp_math_hls.cpp:159->../src/fp_math_hls.cpp:324->../src/riccati_solver_hls.cpp:256->../src/riccati_solver_hls.cpp:1402->../src/mpc_riccati_hls.cpp:649]   --->   Operation 173 'specregionend' 'rend15' <Predicate = true> <Delay = 0.00>
ST_7 : Operation 174 [1/1] (1.01ns)   --->   "%icmp_ln258 = icmp_sgt  i32 %dd_1, i32 %dual_u0_load_1" [../src/riccati_solver_hls.cpp:258->../src/riccati_solver_hls.cpp:1402->../src/mpc_riccati_hls.cpp:649]   --->   Operation 174 'icmp' 'icmp_ln258' <Predicate = true> <Delay = 1.01> <CoreInst = "Cmp">   --->   Core 9 'Cmp' <Latency = 0> <II = 1> <Delay = 1.01> <FuncUnit> <Opcode : 'seteq' 'setne' 'setle' 'setge' 'setlt' 'setgt'> <InPorts = 2> <OutPorts = 1>
ST_7 : Operation 175 [1/1] (0.44ns)   --->   "%dual_u0_1 = select i1 %icmp_ln258, i32 %dd_1, i32 %dual_u0_load_1" [../src/riccati_solver_hls.cpp:258->../src/riccati_solver_hls.cpp:1402->../src/mpc_riccati_hls.cpp:649]   --->   Operation 175 'select' 'dual_u0_1' <Predicate = true> <Delay = 0.44> <CoreInst = "Sel">   --->   Core 73 'Sel' <Latency = 0> <II = 1> <Delay = 0.44> <FuncUnit> <Opcode : 'select'> <InPorts = 3> <OutPorts = 1>
ST_7 : Operation 176 [1/1] (0.00ns)   --->   "%rbegin12 = specregionbegin i32 @_ssdm_op_SpecRegionBegin, void @empty_236" [../src/fp_math_hls.cpp:159->../src/fp_math_hls.cpp:324->../src/riccati_solver_hls.cpp:273->../src/riccati_solver_hls.cpp:1402->../src/mpc_riccati_hls.cpp:649]   --->   Operation 176 'specregionbegin' 'rbegin12' <Predicate = true> <Delay = 0.00>
ST_7 : Operation 177 [1/1] (0.00ns)   --->   "%rend13 = specregionend i32 @_ssdm_op_SpecRegionEnd, void @empty_236, i32 %rbegin12" [../src/fp_math_hls.cpp:159->../src/fp_math_hls.cpp:324->../src/riccati_solver_hls.cpp:273->../src/riccati_solver_hls.cpp:1402->../src/mpc_riccati_hls.cpp:649]   --->   Operation 177 'specregionend' 'rend13' <Predicate = true> <Delay = 0.00>
ST_7 : Operation 178 [1/1] (1.01ns)   --->   "%icmp_ln276 = icmp_sgt  i32 %abs_l_4, i32 %lnorm_u0_load_1" [../src/riccati_solver_hls.cpp:276->../src/riccati_solver_hls.cpp:1402->../src/mpc_riccati_hls.cpp:649]   --->   Operation 178 'icmp' 'icmp_ln276' <Predicate = true> <Delay = 1.01> <CoreInst = "Cmp">   --->   Core 9 'Cmp' <Latency = 0> <II = 1> <Delay = 1.01> <FuncUnit> <Opcode : 'seteq' 'setne' 'setle' 'setge' 'setlt' 'setgt'> <InPorts = 2> <OutPorts = 1>
ST_7 : Operation 179 [1/1] (0.44ns)   --->   "%lnorm_u0_2 = select i1 %icmp_ln276, i32 %abs_l_4, i32 %lnorm_u0_load_1" [../src/riccati_solver_hls.cpp:276->../src/riccati_solver_hls.cpp:1402->../src/mpc_riccati_hls.cpp:649]   --->   Operation 179 'select' 'lnorm_u0_2' <Predicate = true> <Delay = 0.44> <CoreInst = "Sel">   --->   Core 73 'Sel' <Latency = 0> <II = 1> <Delay = 0.44> <FuncUnit> <Opcode : 'select'> <InPorts = 3> <OutPorts = 1>
ST_7 : Operation 180 [1/1] (1.01ns)   --->   "%icmp_ln276_1 = icmp_sgt  i32 %abs_l_6, i32 %lnorm_u1_load_1" [../src/riccati_solver_hls.cpp:276->../src/riccati_solver_hls.cpp:1407->../src/mpc_riccati_hls.cpp:649]   --->   Operation 180 'icmp' 'icmp_ln276_1' <Predicate = true> <Delay = 1.01> <CoreInst = "Cmp">   --->   Core 9 'Cmp' <Latency = 0> <II = 1> <Delay = 1.01> <FuncUnit> <Opcode : 'seteq' 'setne' 'setle' 'setge' 'setlt' 'setgt'> <InPorts = 2> <OutPorts = 1>
ST_7 : Operation 181 [1/1] (0.44ns)   --->   "%lnorm_u1_2 = select i1 %icmp_ln276_1, i32 %abs_l_6, i32 %lnorm_u1_load_1" [../src/riccati_solver_hls.cpp:276->../src/riccati_solver_hls.cpp:1407->../src/mpc_riccati_hls.cpp:649]   --->   Operation 181 'select' 'lnorm_u1_2' <Predicate = true> <Delay = 0.44> <CoreInst = "Sel">   --->   Core 73 'Sel' <Latency = 0> <II = 1> <Delay = 0.44> <FuncUnit> <Opcode : 'select'> <InPorts = 3> <OutPorts = 1>
ST_7 : Operation 182 [1/1] (1.01ns)   --->   "%icmp_ln258_1 = icmp_sgt  i32 %dd_5, i32 %dual_u1_load_1" [../src/riccati_solver_hls.cpp:258->../src/riccati_solver_hls.cpp:1407->../src/mpc_riccati_hls.cpp:649]   --->   Operation 182 'icmp' 'icmp_ln258_1' <Predicate = true> <Delay = 1.01> <CoreInst = "Cmp">   --->   Core 9 'Cmp' <Latency = 0> <II = 1> <Delay = 1.01> <FuncUnit> <Opcode : 'seteq' 'setne' 'setle' 'setge' 'setlt' 'setgt'> <InPorts = 2> <OutPorts = 1>
ST_7 : Operation 183 [1/1] (0.44ns)   --->   "%dual_u1_1 = select i1 %icmp_ln258_1, i32 %dd_5, i32 %dual_u1_load_1" [../src/riccati_solver_hls.cpp:258->../src/riccati_solver_hls.cpp:1407->../src/mpc_riccati_hls.cpp:649]   --->   Operation 183 'select' 'dual_u1_1' <Predicate = true> <Delay = 0.44> <CoreInst = "Sel">   --->   Core 73 'Sel' <Latency = 0> <II = 1> <Delay = 0.44> <FuncUnit> <Opcode : 'select'> <InPorts = 3> <OutPorts = 1>
ST_7 : Operation 184 [1/1] (0.42ns)   --->   "%store_ln1334 = store i32 %lnorm_u1_2, i32 %lnorm_u1" [../src/riccati_solver_hls.cpp:1334->../src/mpc_riccati_hls.cpp:649]   --->   Operation 184 'store' 'store_ln1334' <Predicate = true> <Delay = 0.42>
ST_7 : Operation 185 [1/1] (0.42ns)   --->   "%store_ln1334 = store i32 %dual_u1_1, i32 %dual_u1" [../src/riccati_solver_hls.cpp:1334->../src/mpc_riccati_hls.cpp:649]   --->   Operation 185 'store' 'store_ln1334' <Predicate = true> <Delay = 0.42>
ST_7 : Operation 186 [1/1] (0.42ns)   --->   "%store_ln1333 = store i32 %lnorm_u0_2, i32 %lnorm_u0" [../src/riccati_solver_hls.cpp:1333->../src/mpc_riccati_hls.cpp:649]   --->   Operation 186 'store' 'store_ln1333' <Predicate = true> <Delay = 0.42>
ST_7 : Operation 187 [1/1] (0.42ns)   --->   "%store_ln1333 = store i32 %dual_u0_1, i32 %dual_u0" [../src/riccati_solver_hls.cpp:1333->../src/mpc_riccati_hls.cpp:649]   --->   Operation 187 'store' 'store_ln1333' <Predicate = true> <Delay = 0.42>
ST_7 : Operation 188 [1/1] (0.00ns)   --->   "%br_ln1395 = br void %for.body514.i" [../src/riccati_solver_hls.cpp:1395->../src/mpc_riccati_hls.cpp:649]   --->   Operation 188 'br' 'br_ln1395' <Predicate = true> <Delay = 0.00>


============================================================
+ Verbose Summary: Timing violations
============================================================
Target clock period: 5.000ns, clock uncertainty: 0.500ns.

 <State 1>: 1.664ns
The critical path consists of the following:
	'store' operation ('store_ln1170', ../src/riccati_solver_hls.cpp:1170->../src/mpc_riccati_hls.cpp:649) of constant 0 5 bit on local variable 'k', ../src/riccati_solver_hls.cpp:1170->../src/mpc_riccati_hls.cpp:649 [31]  (0.427 ns)
	'load' operation 5 bit ('k', ../src/riccati_solver_hls.cpp:1395->../src/mpc_riccati_hls.cpp:649) on local variable 'k', ../src/riccati_solver_hls.cpp:1170->../src/mpc_riccati_hls.cpp:649 [43]  (0.000 ns)
	'getelementptr' operation 5 bit ('step_data_5_addr', ../src/riccati_solver_hls.cpp:114->../src/riccati_solver_hls.cpp:1409->../src/mpc_riccati_hls.cpp:649) [125]  (0.000 ns)
	'load' operation 32 bit ('value', ../src/riccati_solver_hls.cpp:114->../src/riccati_solver_hls.cpp:1409->../src/mpc_riccati_hls.cpp:649) on array 'step_data_5' [126]  (1.237 ns)

 <State 2>: 4.174ns
The critical path consists of the following:
	'load' operation 32 bit ('a', ../src/riccati_solver_hls.cpp:1398->../src/mpc_riccati_hls.cpp:649) on array 'sol_u' [62]  (0.677 ns)
	'add' operation 32 bit ('val', ../src/riccati_solver_hls.cpp:243->../src/riccati_solver_hls.cpp:1402->../src/mpc_riccati_hls.cpp:649) [78]  (1.016 ns)
	'icmp' operation 1 bit ('icmp_ln245', ../src/riccati_solver_hls.cpp:245->../src/riccati_solver_hls.cpp:1402->../src/mpc_riccati_hls.cpp:649) [79]  (1.016 ns)
	'select' operation 32 bit ('val', ../src/riccati_solver_hls.cpp:245->../src/riccati_solver_hls.cpp:1402->../src/mpc_riccati_hls.cpp:649) [80]  (0.449 ns)
	'icmp' operation 1 bit ('icmp_ln247', ../src/riccati_solver_hls.cpp:247->../src/riccati_solver_hls.cpp:1402->../src/mpc_riccati_hls.cpp:649) [82]  (1.016 ns)

 <State 3>: 3.984ns
The critical path consists of the following:
	'load' operation 32 bit ('value', ../src/riccati_solver_hls.cpp:1403->../src/mpc_riccati_hls.cpp:649) on array 'z_u' [86]  (0.677 ns)
	'sub' operation 32 bit ('diff', include/fp_math_hls.h:151->../src/riccati_solver_hls.cpp:255->../src/riccati_solver_hls.cpp:1402->../src/mpc_riccati_hls.cpp:649) [87]  (1.016 ns)
	'mul' operation 50 bit ('product', ../src/fp_math_hls.cpp:159->../src/fp_math_hls.cpp:324->../src/riccati_solver_hls.cpp:256->../src/riccati_solver_hls.cpp:1402->../src/mpc_riccati_hls.cpp:649) [90]  (2.291 ns)

 <State 4>: 3.357ns
The critical path consists of the following:
	'sub' operation 32 bit ('pd_4', include/fp_math_hls.h:118->../src/riccati_solver_hls.cpp:267->../src/riccati_solver_hls.cpp:1407->../src/mpc_riccati_hls.cpp:649) [138]  (1.016 ns)
	'select' operation 32 bit ('pd_5', include/fp_math_hls.h:118->../src/riccati_solver_hls.cpp:267->../src/riccati_solver_hls.cpp:1407->../src/mpc_riccati_hls.cpp:649) [139]  (0.449 ns)
	'icmp' operation 1 bit ('icmp_ln268_1', ../src/riccati_solver_hls.cpp:268->../src/riccati_solver_hls.cpp:1407->../src/mpc_riccati_hls.cpp:649) [140]  (1.016 ns)
	'select' operation 32 bit ('primal_u1', ../src/riccati_solver_hls.cpp:268->../src/riccati_solver_hls.cpp:1407->../src/mpc_riccati_hls.cpp:649) [141]  (0.449 ns)
	'store' operation ('store_ln1334', ../src/riccati_solver_hls.cpp:1334->../src/mpc_riccati_hls.cpp:649) of variable 'primal_u1', ../src/riccati_solver_hls.cpp:268->../src/riccati_solver_hls.cpp:1407->../src/mpc_riccati_hls.cpp:649 32 bit on local variable 'primal_u1', ../src/riccati_solver_hls.cpp:1334->../src/mpc_riccati_hls.cpp:649 [173]  (0.427 ns)

 <State 5>: 2.291ns
The critical path consists of the following:
	'mul' operation 50 bit ('product', ../src/fp_math_hls.cpp:159->../src/fp_math_hls.cpp:324->../src/riccati_solver_hls.cpp:256->../src/riccati_solver_hls.cpp:1402->../src/mpc_riccati_hls.cpp:649) [90]  (2.291 ns)

 <State 6>: 3.756ns
The critical path consists of the following:
	'mul' operation 50 bit ('product', ../src/fp_math_hls.cpp:159->../src/fp_math_hls.cpp:324->../src/riccati_solver_hls.cpp:256->../src/riccati_solver_hls.cpp:1402->../src/mpc_riccati_hls.cpp:649) [90]  (2.291 ns)
	'sub' operation 32 bit ('dd', include/fp_math_hls.h:118->../src/riccati_solver_hls.cpp:256->../src/riccati_solver_hls.cpp:1402->../src/mpc_riccati_hls.cpp:649) [95]  (1.016 ns)
	'select' operation 32 bit ('dd', include/fp_math_hls.h:118->../src/riccati_solver_hls.cpp:256->../src/riccati_solver_hls.cpp:1402->../src/mpc_riccati_hls.cpp:649) [96]  (0.449 ns)

 <State 7>: 1.892ns
The critical path consists of the following:
	'load' operation 32 bit ('lnorm_u1_load_1', ../src/riccati_solver_hls.cpp:276->../src/riccati_solver_hls.cpp:1407->../src/mpc_riccati_hls.cpp:649) on local variable 'lnorm_u1', ../src/riccati_solver_hls.cpp:1334->../src/mpc_riccati_hls.cpp:649 [56]  (0.000 ns)
	'icmp' operation 1 bit ('icmp_ln276_1', ../src/riccati_solver_hls.cpp:276->../src/riccati_solver_hls.cpp:1407->../src/mpc_riccati_hls.cpp:649) [154]  (1.016 ns)
	'select' operation 32 bit ('lnorm_u1', ../src/riccati_solver_hls.cpp:276->../src/riccati_solver_hls.cpp:1407->../src/mpc_riccati_hls.cpp:649) [155]  (0.449 ns)
	'store' operation ('store_ln1334', ../src/riccati_solver_hls.cpp:1334->../src/mpc_riccati_hls.cpp:649) of variable 'lnorm_u1', ../src/riccati_solver_hls.cpp:276->../src/riccati_solver_hls.cpp:1407->../src/mpc_riccati_hls.cpp:649 32 bit on local variable 'lnorm_u1', ../src/riccati_solver_hls.cpp:1334->../src/mpc_riccati_hls.cpp:649 [170]  (0.427 ns)


============================================================
+ Verbose Summary: Binding
============================================================
N/A
* FSMD analyzer results:
  - Output states:
 - Input state : 
  - Chain level:
	State 1
	State 2
	State 3
	State 4
	State 5
	State 6
	State 7


============================================================
+ Verbose Summary: Datapath Resource usage 
============================================================
N/A
