

================================================================
== Vitis HLS Report for 'mpc_compute_hls_Pipeline_VITIS_LOOP_1525_22'
================================================================
* Date:           Thu May 21 15:23:07 2026

* Version:        2025.2 (Build 6295257 on Nov 14 2025)
* Project:        mpc_fpga_top_opencl
* Solution:       hls (Vitis Kernel Flow Target)
* Product family: zynquplus
* Target device:  xck26-sfvc784-2LV-c


================================================================
== Performance Estimates
================================================================
+ Timing: 
    * Summary: 
    +--------+---------+----------+------------+
    |  Clock |  Target | Estimated| Uncertainty|
    +--------+---------+----------+------------+
    |ap_clk  |  5.00 ns|  1.803 ns|     0.50 ns|
    +--------+---------+----------+------------+

+ Latency: 
    * Summary: 
    +---------+---------+----------+----------+-----+-----+-------------------+
    |  Latency (cycles) |  Latency (absolute) |  Interval |      Pipeline     |
    |   min   |   max   |    min   |    max   | min | max |        Type       |
    +---------+---------+----------+----------+-----+-----+-------------------+
    |       22|       22|  0.110 us|  0.110 us|    0|    0|  loop pipeline stp|
    +---------+---------+----------+----------+-----+-----+-------------------+

    + Detail: 
        * Instance: 
        N/A

        * Loop: 
        +----------------------+---------+---------+----------+-----------+-----------+------+----------+
        |                      |  Latency (cycles) | Iteration|  Initiation Interval  | Trip |          |
        |       Loop Name      |   min   |   max   |  Latency |  achieved |   target  | Count| Pipelined|
        +----------------------+---------+---------+----------+-----------+-----------+------+----------+
        |- VITIS_LOOP_1525_22  |       20|       20|         2|          1|          1|    20|       yes|
        +----------------------+---------+---------+----------+-----------+-----------+------+----------+

============================================================
+ Verbose Summary: Synthesis Manager
============================================================
InlineROM: 1
ExposeGlobal: 0
============================================================
+ Verbose Summary: CDFG Model
============================================================
IsTopModel: 0
ResetActiveHigh: 1
IsCombinational: 0
IsDatapathOnly: 0
HasWiredReturn: 1
HasMFsm: 2
HasVarLatency: 1
IsPipeline: 0
IsRtlPipelined: 0
IsInstanceOverlapped: 0
IsDontTouch: 0
HasImplIP: 0
IsGatedGlobalClock: 0

+ Individual pipeline summary: 
  * Pipeline-0: initiation interval (II) = 1, depth = 2


============================================================
+ Verbose Summary: Schedule
============================================================
* Number of FSM states : 2
* Pipeline : 1
  Pipeline-0 : II = 1, D = 2, States = { 1 2 }
* Dataflow Pipeline: 0

* FSM state transitions: 
1 --> 2 
2 --> 

* FSM state operations: 

State 1 <SV = 0> <Delay = 1.64>
ST_1 : Operation 5 [1/1] (0.00ns)   --->   "%k = alloca i32 1" [../src/riccati_solver_hls.cpp:1170->../src/mpc_riccati_hls.cpp:649]   --->   Operation 5 'alloca' 'k' <Predicate = true> <Delay = 0.00>
ST_1 : Operation 6 [1/1] (0.00ns)   --->   "%scale_rho_u_up_read = read i1 @_ssdm_op_Read.ap_auto.i1, i1 %scale_rho_u_up"   --->   Operation 6 'read' 'scale_rho_u_up_read' <Predicate = true> <Delay = 0.00>
ST_1 : Operation 7 [1/1] (0.42ns)   --->   "%store_ln1170 = store i5 0, i5 %k" [../src/riccati_solver_hls.cpp:1170->../src/mpc_riccati_hls.cpp:649]   --->   Operation 7 'store' 'store_ln1170' <Predicate = true> <Delay = 0.42>
ST_1 : Operation 8 [1/1] (0.00ns)   --->   "%br_ln0 = br void %for.body714.i"   --->   Operation 8 'br' 'br_ln0' <Predicate = true> <Delay = 0.00>
ST_1 : Operation 9 [1/1] (0.00ns)   --->   "%k_7 = load i5 %k" [../src/riccati_solver_hls.cpp:1525->../src/mpc_riccati_hls.cpp:649]   --->   Operation 9 'load' 'k_7' <Predicate = true> <Delay = 0.00>
ST_1 : Operation 10 [1/1] (0.78ns)   --->   "%icmp_ln1525 = icmp_eq  i5 %k_7, i5 20" [../src/riccati_solver_hls.cpp:1525->../src/mpc_riccati_hls.cpp:649]   --->   Operation 10 'icmp' 'icmp_ln1525' <Predicate = true> <Delay = 0.78> <CoreInst = "Cmp">   --->   Core 9 'Cmp' <Latency = 0> <II = 1> <Delay = 0.78> <FuncUnit> <Opcode : 'seteq' 'setne' 'setle' 'setge' 'setlt' 'setgt'> <InPorts = 2> <OutPorts = 1>
ST_1 : Operation 11 [1/1] (0.78ns)   --->   "%add_ln1525 = add i5 %k_7, i5 1" [../src/riccati_solver_hls.cpp:1525->../src/mpc_riccati_hls.cpp:649]   --->   Operation 11 'add' 'add_ln1525' <Predicate = true> <Delay = 0.78> <CoreInst = "Adder">   --->   Core 1 'Adder' <Latency = 0> <II = 1> <Delay = 0.78> <FuncUnit> <Opcode : 'add' 'sub'> <InPorts = 2> <OutPorts = 1>
ST_1 : Operation 12 [1/1] (0.00ns)   --->   "%br_ln1525 = br i1 %icmp_ln1525, void %for.body714.i.split, void %if.end737.i.loopexit.exitStub" [../src/riccati_solver_hls.cpp:1525->../src/mpc_riccati_hls.cpp:649]   --->   Operation 12 'br' 'br_ln1525' <Predicate = true> <Delay = 0.00>
ST_1 : Operation 13 [1/1] (0.00ns)   --->   "%zext_ln1525 = zext i5 %k_7" [../src/riccati_solver_hls.cpp:1525->../src/mpc_riccati_hls.cpp:649]   --->   Operation 13 'zext' 'zext_ln1525' <Predicate = (!icmp_ln1525)> <Delay = 0.00>
ST_1 : Operation 14 [1/1] (0.00ns)   --->   "%y_u_addr = getelementptr i32 %y_u, i64 0, i64 %zext_ln1525" [../src/riccati_solver_hls.cpp:1529->../src/mpc_riccati_hls.cpp:649]   --->   Operation 14 'getelementptr' 'y_u_addr' <Predicate = (!icmp_ln1525)> <Delay = 0.00>
ST_1 : Operation 15 [2/2] (0.67ns)   --->   "%y_u_load = load i5 %y_u_addr" [../src/riccati_solver_hls.cpp:1529->../src/mpc_riccati_hls.cpp:649]   --->   Operation 15 'load' 'y_u_load' <Predicate = (!icmp_ln1525)> <Delay = 0.67> <CoreInst = "RAM">   --->   Core 82 'RAM' <Latency = 1> <II = 1> <Delay = 0.67> <Storage> <Opcode : 'load' 'store'> <Ports = 2> <Width = 32> <Depth = 20> <RAM>
ST_1 : Operation 16 [1/1] (0.00ns)   --->   "%y_u_1_addr = getelementptr i32 %y_u_1, i64 0, i64 %zext_ln1525" [../src/riccati_solver_hls.cpp:1531->../src/mpc_riccati_hls.cpp:649]   --->   Operation 16 'getelementptr' 'y_u_1_addr' <Predicate = (!icmp_ln1525)> <Delay = 0.00>
ST_1 : Operation 17 [2/2] (0.67ns)   --->   "%y_u_1_load = load i5 %y_u_1_addr" [../src/riccati_solver_hls.cpp:1531->../src/mpc_riccati_hls.cpp:649]   --->   Operation 17 'load' 'y_u_1_load' <Predicate = (!icmp_ln1525)> <Delay = 0.67> <CoreInst = "RAM">   --->   Core 82 'RAM' <Latency = 1> <II = 1> <Delay = 0.67> <Storage> <Opcode : 'load' 'store'> <Ports = 2> <Width = 32> <Depth = 20> <RAM>
ST_1 : Operation 18 [1/1] (0.42ns)   --->   "%store_ln1170 = store i5 %add_ln1525, i5 %k" [../src/riccati_solver_hls.cpp:1170->../src/mpc_riccati_hls.cpp:649]   --->   Operation 18 'store' 'store_ln1170' <Predicate = (!icmp_ln1525)> <Delay = 0.42>
ST_1 : Operation 35 [1/1] (0.42ns)   --->   "%ret_ln0 = ret"   --->   Operation 35 'ret' 'ret_ln0' <Predicate = (icmp_ln1525)> <Delay = 0.42>

State 2 <SV = 1> <Delay = 1.80>
ST_2 : Operation 19 [1/1] (0.00ns)   --->   "%specpipeline_ln1526 = specpipeline void @_ssdm_op_SpecPipeline, i32 1, i32 0, i32 0, i32 0, i32 4294967295, void @empty_485" [../src/riccati_solver_hls.cpp:1526->../src/mpc_riccati_hls.cpp:649]   --->   Operation 19 'specpipeline' 'specpipeline_ln1526' <Predicate = true> <Delay = 0.00>
ST_2 : Operation 20 [1/1] (0.00ns)   --->   "%speclooptripcount_ln1170 = speclooptripcount void @_ssdm_op_SpecLoopTripCount, i64 20, i64 20, i64 20" [../src/riccati_solver_hls.cpp:1170->../src/mpc_riccati_hls.cpp:649]   --->   Operation 20 'speclooptripcount' 'speclooptripcount_ln1170' <Predicate = true> <Delay = 0.00>
ST_2 : Operation 21 [1/1] (0.00ns)   --->   "%specloopname_ln1525 = specloopname void @_ssdm_op_SpecLoopName, void @empty_490" [../src/riccati_solver_hls.cpp:1525->../src/mpc_riccati_hls.cpp:649]   --->   Operation 21 'specloopname' 'specloopname_ln1525' <Predicate = true> <Delay = 0.00>
ST_2 : Operation 22 [1/2] ( I:0.67ns O:0.67ns )   --->   "%y_u_load = load i5 %y_u_addr" [../src/riccati_solver_hls.cpp:1529->../src/mpc_riccati_hls.cpp:649]   --->   Operation 22 'load' 'y_u_load' <Predicate = true> <Delay = 0.67> <CoreInst = "RAM">   --->   Core 82 'RAM' <Latency = 1> <II = 1> <Delay = 0.67> <Storage> <Opcode : 'load' 'store'> <Ports = 2> <Width = 32> <Depth = 20> <RAM>
ST_2 : Operation 23 [1/1] (0.00ns) (grouped into LUT with out node select_ln1528)   --->   "%shl_ln1531 = shl i32 %y_u_load, i32 1" [../src/riccati_solver_hls.cpp:1531->../src/mpc_riccati_hls.cpp:649]   --->   Operation 23 'shl' 'shl_ln1531' <Predicate = (!scale_rho_u_up_read)> <Delay = 0.00>
ST_2 : Operation 24 [1/1] (0.00ns) (grouped into LUT with out node select_ln1528)   --->   "%trunc_ln = partselect i31 @_ssdm_op_PartSelect.i31.i32.i32.i32, i32 %y_u_load, i32 1, i32 31" [../src/riccati_solver_hls.cpp:1529->../src/mpc_riccati_hls.cpp:649]   --->   Operation 24 'partselect' 'trunc_ln' <Predicate = (scale_rho_u_up_read)> <Delay = 0.00>
ST_2 : Operation 25 [1/1] (0.00ns) (grouped into LUT with out node select_ln1528)   --->   "%sext_ln1529 = sext i31 %trunc_ln" [../src/riccati_solver_hls.cpp:1529->../src/mpc_riccati_hls.cpp:649]   --->   Operation 25 'sext' 'sext_ln1529' <Predicate = (scale_rho_u_up_read)> <Delay = 0.00>
ST_2 : Operation 26 [1/1] (0.44ns) (out node of the LUT)   --->   "%select_ln1528 = select i1 %scale_rho_u_up_read, i32 %sext_ln1529, i32 %shl_ln1531" [../src/riccati_solver_hls.cpp:1528->../src/mpc_riccati_hls.cpp:649]   --->   Operation 26 'select' 'select_ln1528' <Predicate = true> <Delay = 0.44> <CoreInst = "Sel">   --->   Core 73 'Sel' <Latency = 0> <II = 1> <Delay = 0.44> <FuncUnit> <Opcode : 'select'> <InPorts = 3> <OutPorts = 1>
ST_2 : Operation 27 [1/2] ( I:0.67ns O:0.67ns )   --->   "%y_u_1_load = load i5 %y_u_1_addr" [../src/riccati_solver_hls.cpp:1531->../src/mpc_riccati_hls.cpp:649]   --->   Operation 27 'load' 'y_u_1_load' <Predicate = true> <Delay = 0.67> <CoreInst = "RAM">   --->   Core 82 'RAM' <Latency = 1> <II = 1> <Delay = 0.67> <Storage> <Opcode : 'load' 'store'> <Ports = 2> <Width = 32> <Depth = 20> <RAM>
ST_2 : Operation 28 [1/1] (0.00ns) (grouped into LUT with out node select_ln1528_1)   --->   "%shl_ln1531_1 = shl i32 %y_u_1_load, i32 1" [../src/riccati_solver_hls.cpp:1531->../src/mpc_riccati_hls.cpp:649]   --->   Operation 28 'shl' 'shl_ln1531_1' <Predicate = (!scale_rho_u_up_read)> <Delay = 0.00>
ST_2 : Operation 29 [1/1] (0.00ns) (grouped into LUT with out node select_ln1528_1)   --->   "%trunc_ln1529_1 = partselect i31 @_ssdm_op_PartSelect.i31.i32.i32.i32, i32 %y_u_1_load, i32 1, i32 31" [../src/riccati_solver_hls.cpp:1529->../src/mpc_riccati_hls.cpp:649]   --->   Operation 29 'partselect' 'trunc_ln1529_1' <Predicate = (scale_rho_u_up_read)> <Delay = 0.00>
ST_2 : Operation 30 [1/1] (0.00ns) (grouped into LUT with out node select_ln1528_1)   --->   "%sext_ln1529_1 = sext i31 %trunc_ln1529_1" [../src/riccati_solver_hls.cpp:1529->../src/mpc_riccati_hls.cpp:649]   --->   Operation 30 'sext' 'sext_ln1529_1' <Predicate = (scale_rho_u_up_read)> <Delay = 0.00>
ST_2 : Operation 31 [1/1] (0.44ns) (out node of the LUT)   --->   "%select_ln1528_1 = select i1 %scale_rho_u_up_read, i32 %sext_ln1529_1, i32 %shl_ln1531_1" [../src/riccati_solver_hls.cpp:1528->../src/mpc_riccati_hls.cpp:649]   --->   Operation 31 'select' 'select_ln1528_1' <Predicate = true> <Delay = 0.44> <CoreInst = "Sel">   --->   Core 73 'Sel' <Latency = 0> <II = 1> <Delay = 0.44> <FuncUnit> <Opcode : 'select'> <InPorts = 3> <OutPorts = 1>
ST_2 : Operation 32 [1/1] ( I:0.67ns O:0.67ns )   --->   "%store_ln1528 = store i32 %select_ln1528, i5 %y_u_addr" [../src/riccati_solver_hls.cpp:1528->../src/mpc_riccati_hls.cpp:649]   --->   Operation 32 'store' 'store_ln1528' <Predicate = true> <Delay = 0.67> <CoreInst = "RAM">   --->   Core 82 'RAM' <Latency = 1> <II = 1> <Delay = 0.67> <Storage> <Opcode : 'load' 'store'> <Ports = 2> <Width = 32> <Depth = 20> <RAM>
ST_2 : Operation 33 [1/1] ( I:0.67ns O:0.67ns )   --->   "%store_ln1528 = store i32 %select_ln1528_1, i5 %y_u_1_addr" [../src/riccati_solver_hls.cpp:1528->../src/mpc_riccati_hls.cpp:649]   --->   Operation 33 'store' 'store_ln1528' <Predicate = true> <Delay = 0.67> <CoreInst = "RAM">   --->   Core 82 'RAM' <Latency = 1> <II = 1> <Delay = 0.67> <Storage> <Opcode : 'load' 'store'> <Ports = 2> <Width = 32> <Depth = 20> <RAM>
ST_2 : Operation 34 [1/1] (0.00ns)   --->   "%br_ln1525 = br void %for.body714.i" [../src/riccati_solver_hls.cpp:1525->../src/mpc_riccati_hls.cpp:649]   --->   Operation 34 'br' 'br_ln1525' <Predicate = true> <Delay = 0.00>


============================================================
+ Verbose Summary: Binding
============================================================
STG Binding: 
---------------- STG Properties BEGIN ----------------
- Is combinational: 0
- Is one-state seq: 0
- Is datapath-only: 0
- Is pipelined: 0
- Is top level: 0
Port [ Return ] is wired: 1; IO mode=ap_ctrl_hs:ce=0
Port [ y_u_1]:  wired=1; compound=1; hidden=0; nouse=0; global=0; static=0; extern=0; dir=2; type=1; pingpong=0; private_global=0; MemPort=[01]; IO mode=ap_memory:ce=0
Port [ y_u]:  wired=1; compound=1; hidden=0; nouse=0; global=0; static=0; extern=0; dir=2; type=1; pingpong=0; private_global=0; MemPort=[01]; IO mode=ap_memory:ce=0
Port [ scale_rho_u_up]:  wired=1; compound=0; hidden=0; nouse=0; global=0; static=0; extern=0; dir=0; type=0; pingpong=0; private_global=0; IO mode=ap_none:ce=0
---------------- STG Properties END ------------------

---------------- Datapath Model BEGIN ----------------

<LifeTime>
<method=bitvector/>
k                        (alloca           ) [ 010]
scale_rho_u_up_read      (read             ) [ 011]
store_ln1170             (store            ) [ 000]
br_ln0                   (br               ) [ 000]
k_7                      (load             ) [ 000]
icmp_ln1525              (icmp             ) [ 010]
add_ln1525               (add              ) [ 000]
br_ln1525                (br               ) [ 000]
zext_ln1525              (zext             ) [ 000]
y_u_addr                 (getelementptr    ) [ 011]
y_u_1_addr               (getelementptr    ) [ 011]
store_ln1170             (store            ) [ 000]
specpipeline_ln1526      (specpipeline     ) [ 000]
speclooptripcount_ln1170 (speclooptripcount) [ 000]
specloopname_ln1525      (specloopname     ) [ 000]
y_u_load                 (load             ) [ 000]
shl_ln1531               (shl              ) [ 000]
trunc_ln                 (partselect       ) [ 000]
sext_ln1529              (sext             ) [ 000]
select_ln1528            (select           ) [ 000]
y_u_1_load               (load             ) [ 000]
shl_ln1531_1             (shl              ) [ 000]
trunc_ln1529_1           (partselect       ) [ 000]
sext_ln1529_1            (sext             ) [ 000]
select_ln1528_1          (select           ) [ 000]
store_ln1528             (store            ) [ 000]
store_ln1528             (store            ) [ 000]
br_ln1525                (br               ) [ 000]
ret_ln0                  (ret              ) [ 000]
</LifeTime>

<model>

<comp_list>
<comp id="0" class="1000" name="y_u_1">
<pin_list>
<pin id="1" dir="1" index="0" bw="1" slack="0"/>
</pin_list>
<bind>
<StgValue><ssdm name="y_u_1"/><MemPortTyVec>0 1 </MemPortTyVec>
</StgValue>
</bind>
</comp>

<comp id="2" class="1000" name="y_u">
<pin_list>
<pin id="3" dir="1" index="0" bw="1" slack="0"/>
</pin_list>
<bind>
<StgValue><ssdm name="y_u"/><MemPortTyVec>0 1 </MemPortTyVec>
</StgValue>
</bind>
</comp>

<comp id="4" class="1000" name="scale_rho_u_up">
<pin_list>
<pin id="5" dir="1" index="0" bw="1" slack="0"/>
</pin_list>
<bind>
<StgValue><ssdm name="scale_rho_u_up"/></StgValue>
</bind>
</comp>

<comp id="6" class="1001" name="const_6">
<pin_list>
<pin id="7" dir="1" index="0" bw="1" slack="0"/>
</pin_list>
<bind>
<StgValue><ssdm name=""/></StgValue>
</bind>
</comp>

<comp id="8" class="1001" name="const_8">
<pin_list>
<pin id="9" dir="1" index="0" bw="1" slack="0"/>
</pin_list>
<bind>
<StgValue><ssdm name="_ssdm_op_Read.ap_auto.i1"/></StgValue>
</bind>
</comp>

<comp id="10" class="1001" name="const_10">
<pin_list>
<pin id="11" dir="1" index="0" bw="1" slack="0"/>
</pin_list>
<bind>
<StgValue><ssdm name=""/></StgValue>
</bind>
</comp>

<comp id="12" class="1001" name="const_12">
<pin_list>
<pin id="13" dir="1" index="0" bw="1" slack="0"/>
</pin_list>
<bind>
<StgValue><ssdm name=""/></StgValue>
</bind>
</comp>

<comp id="14" class="1001" name="const_14">
<pin_list>
<pin id="15" dir="1" index="0" bw="1" slack="0"/>
</pin_list>
<bind>
<StgValue><ssdm name=""/></StgValue>
</bind>
</comp>

<comp id="16" class="1001" name="const_16">
<pin_list>
<pin id="17" dir="1" index="0" bw="1" slack="0"/>
</pin_list>
<bind>
<StgValue><ssdm name=""/></StgValue>
</bind>
</comp>

<comp id="18" class="1001" name="const_18">
<pin_list>
<pin id="19" dir="1" index="0" bw="1" slack="2147483647"/>
</pin_list>
<bind>
<StgValue><ssdm name="_ssdm_op_SpecPipeline"/></StgValue>
</bind>
</comp>

<comp id="20" class="1001" name="const_20">
<pin_list>
<pin id="21" dir="1" index="0" bw="1" slack="2147483647"/>
</pin_list>
<bind>
<StgValue><ssdm name=""/></StgValue>
</bind>
</comp>

<comp id="22" class="1001" name="const_22">
<pin_list>
<pin id="23" dir="1" index="0" bw="1" slack="2147483647"/>
</pin_list>
<bind>
<StgValue><ssdm name=""/></StgValue>
</bind>
</comp>

<comp id="24" class="1001" name="const_24">
<pin_list>
<pin id="25" dir="1" index="0" bw="1" slack="2147483647"/>
</pin_list>
<bind>
<StgValue><ssdm name="empty_485"/></StgValue>
</bind>
</comp>

<comp id="26" class="1001" name="const_26">
<pin_list>
<pin id="27" dir="1" index="0" bw="1" slack="2147483647"/>
</pin_list>
<bind>
<StgValue><ssdm name="_ssdm_op_SpecLoopTripCount"/></StgValue>
</bind>
</comp>

<comp id="28" class="1001" name="const_28">
<pin_list>
<pin id="29" dir="1" index="0" bw="1" slack="2147483647"/>
</pin_list>
<bind>
<StgValue><ssdm name=""/></StgValue>
</bind>
</comp>

<comp id="30" class="1001" name="const_30">
<pin_list>
<pin id="31" dir="1" index="0" bw="1" slack="2147483647"/>
</pin_list>
<bind>
<StgValue><ssdm name="_ssdm_op_SpecLoopName"/></StgValue>
</bind>
</comp>

<comp id="32" class="1001" name="const_32">
<pin_list>
<pin id="33" dir="1" index="0" bw="1" slack="2147483647"/>
</pin_list>
<bind>
<StgValue><ssdm name="empty_490"/></StgValue>
</bind>
</comp>

<comp id="34" class="1001" name="const_34">
<pin_list>
<pin id="35" dir="1" index="0" bw="1" slack="0"/>
</pin_list>
<bind>
<StgValue><ssdm name="_ssdm_op_PartSelect.i31.i32.i32.i32"/></StgValue>
</bind>
</comp>

<comp id="36" class="1001" name="const_36">
<pin_list>
<pin id="37" dir="1" index="0" bw="1" slack="0"/>
</pin_list>
<bind>
<StgValue><ssdm name=""/></StgValue>
</bind>
</comp>

<comp id="38" class="1004" name="k_fu_38">
<pin_list>
<pin id="39" dir="0" index="0" bw="1" slack="0"/>
<pin id="40" dir="1" index="1" bw="5" slack="0"/>
</pin_list>
<bind>
<opcode="alloca(26) " fcode="alloca"/>
<opset="k/1 "/>
</bind>
</comp>

<comp id="42" class="1004" name="scale_rho_u_up_read_read_fu_42">
<pin_list>
<pin id="43" dir="0" index="0" bw="1" slack="0"/>
<pin id="44" dir="0" index="1" bw="1" slack="0"/>
<pin id="45" dir="1" index="2" bw="1" slack="1"/>
</pin_list>
<bind>
<opcode="read(1150) " fcode="read"/>
<opset="scale_rho_u_up_read/1 "/>
</bind>
</comp>

<comp id="48" class="1004" name="y_u_addr_gep_fu_48">
<pin_list>
<pin id="49" dir="0" index="0" bw="32" slack="0"/>
<pin id="50" dir="0" index="1" bw="1" slack="0"/>
<pin id="51" dir="0" index="2" bw="5" slack="0"/>
<pin id="52" dir="1" index="3" bw="5" slack="0"/>
</pin_list>
<bind>
<opcode="getelementptr(29) " fcode="getelementptr"/>
<opset="y_u_addr/1 "/>
</bind>
</comp>

<comp id="55" class="1004" name="grp_access_fu_55">
<pin_list>
<pin id="56" dir="0" index="0" bw="5" slack="1"/>
<pin id="57" dir="0" index="1" bw="32" slack="0"/>
<pin id="58" dir="0" index="2" bw="0" slack="0"/>
<pin id="60" dir="0" index="4" bw="5" slack="2147483647"/>
<pin id="61" dir="0" index="5" bw="32" slack="2147483647"/>
<pin id="62" dir="0" index="6" bw="0" slack="2147483647"/>
<pin id="59" dir="1" index="3" bw="32" slack="2147483647"/>
<pin id="63" dir="1" index="7" bw="32" slack="0"/>
</pin_list>
<bind>
<opcode="load(27) store(28) " fcode="store"/>
<opset="y_u_load/1 store_ln1528/2 "/>
</bind>
</comp>

<comp id="65" class="1004" name="y_u_1_addr_gep_fu_65">
<pin_list>
<pin id="66" dir="0" index="0" bw="32" slack="0"/>
<pin id="67" dir="0" index="1" bw="1" slack="0"/>
<pin id="68" dir="0" index="2" bw="5" slack="0"/>
<pin id="69" dir="1" index="3" bw="5" slack="0"/>
</pin_list>
<bind>
<opcode="getelementptr(29) " fcode="getelementptr"/>
<opset="y_u_1_addr/1 "/>
</bind>
</comp>

<comp id="72" class="1004" name="grp_access_fu_72">
<pin_list>
<pin id="73" dir="0" index="0" bw="5" slack="1"/>
<pin id="74" dir="0" index="1" bw="32" slack="0"/>
<pin id="75" dir="0" index="2" bw="0" slack="0"/>
<pin id="77" dir="0" index="4" bw="5" slack="2147483647"/>
<pin id="78" dir="0" index="5" bw="32" slack="2147483647"/>
<pin id="79" dir="0" index="6" bw="0" slack="2147483647"/>
<pin id="76" dir="1" index="3" bw="32" slack="2147483647"/>
<pin id="80" dir="1" index="7" bw="32" slack="0"/>
</pin_list>
<bind>
<opcode="load(27) store(28) " fcode="store"/>
<opset="y_u_1_load/1 store_ln1528/2 "/>
</bind>
</comp>

<comp id="82" class="1004" name="store_ln1170_store_fu_82">
<pin_list>
<pin id="83" dir="0" index="0" bw="1" slack="0"/>
<pin id="84" dir="0" index="1" bw="5" slack="0"/>
<pin id="85" dir="1" index="2" bw="0" slack="2147483647"/>
</pin_list>
<bind>
<opcode="store(28) " fcode="store"/>
<opset="store_ln1170/1 "/>
</bind>
</comp>

<comp id="87" class="1004" name="k_7_load_fu_87">
<pin_list>
<pin id="88" dir="0" index="0" bw="5" slack="0"/>
<pin id="89" dir="1" index="1" bw="5" slack="0"/>
</pin_list>
<bind>
<opcode="load(27) " fcode="load"/>
<opset="k_7/1 "/>
</bind>
</comp>

<comp id="90" class="1004" name="icmp_ln1525_fu_90">
<pin_list>
<pin id="91" dir="0" index="0" bw="5" slack="0"/>
<pin id="92" dir="0" index="1" bw="5" slack="0"/>
<pin id="93" dir="1" index="2" bw="1" slack="2147483647"/>
</pin_list>
<bind>
<opcode="icmp(45) " fcode="icmp"/>
<opset="icmp_ln1525/1 "/>
</bind>
</comp>

<comp id="96" class="1004" name="add_ln1525_fu_96">
<pin_list>
<pin id="97" dir="0" index="0" bw="5" slack="0"/>
<pin id="98" dir="0" index="1" bw="1" slack="0"/>
<pin id="99" dir="1" index="2" bw="5" slack="0"/>
</pin_list>
<bind>
<opcode="add(8) " fcode="add"/>
<opset="add_ln1525/1 "/>
</bind>
</comp>

<comp id="102" class="1004" name="zext_ln1525_fu_102">
<pin_list>
<pin id="103" dir="0" index="0" bw="5" slack="0"/>
<pin id="104" dir="1" index="1" bw="64" slack="0"/>
</pin_list>
<bind>
<opcode="zext(34) " fcode="zext"/>
<opset="zext_ln1525/1 "/>
</bind>
</comp>

<comp id="108" class="1004" name="store_ln1170_store_fu_108">
<pin_list>
<pin id="109" dir="0" index="0" bw="5" slack="0"/>
<pin id="110" dir="0" index="1" bw="5" slack="0"/>
<pin id="111" dir="1" index="2" bw="0" slack="2147483647"/>
</pin_list>
<bind>
<opcode="store(28) " fcode="store"/>
<opset="store_ln1170/1 "/>
</bind>
</comp>

<comp id="113" class="1004" name="shl_ln1531_fu_113">
<pin_list>
<pin id="114" dir="0" index="0" bw="32" slack="0"/>
<pin id="115" dir="0" index="1" bw="1" slack="0"/>
<pin id="116" dir="1" index="2" bw="32" slack="0"/>
</pin_list>
<bind>
<opcode="shl(20) " fcode="shl"/>
<opset="shl_ln1531/2 "/>
</bind>
</comp>

<comp id="119" class="1004" name="trunc_ln_fu_119">
<pin_list>
<pin id="120" dir="0" index="0" bw="31" slack="0"/>
<pin id="121" dir="0" index="1" bw="32" slack="0"/>
<pin id="122" dir="0" index="2" bw="1" slack="0"/>
<pin id="123" dir="0" index="3" bw="6" slack="0"/>
<pin id="124" dir="1" index="4" bw="31" slack="0"/>
</pin_list>
<bind>
<opcode="partselect(1002) " fcode="partselect"/>
<opset="trunc_ln/2 "/>
</bind>
</comp>

<comp id="129" class="1004" name="sext_ln1529_fu_129">
<pin_list>
<pin id="130" dir="0" index="0" bw="31" slack="0"/>
<pin id="131" dir="1" index="1" bw="32" slack="0"/>
</pin_list>
<bind>
<opcode="sext(35) " fcode="sext"/>
<opset="sext_ln1529/2 "/>
</bind>
</comp>

<comp id="133" class="1004" name="select_ln1528_fu_133">
<pin_list>
<pin id="134" dir="0" index="0" bw="1" slack="1"/>
<pin id="135" dir="0" index="1" bw="31" slack="0"/>
<pin id="136" dir="0" index="2" bw="32" slack="0"/>
<pin id="137" dir="1" index="3" bw="32" slack="0"/>
</pin_list>
<bind>
<opcode="select(49) " fcode="select"/>
<opset="select_ln1528/2 "/>
</bind>
</comp>

<comp id="141" class="1004" name="shl_ln1531_1_fu_141">
<pin_list>
<pin id="142" dir="0" index="0" bw="32" slack="0"/>
<pin id="143" dir="0" index="1" bw="1" slack="0"/>
<pin id="144" dir="1" index="2" bw="32" slack="0"/>
</pin_list>
<bind>
<opcode="shl(20) " fcode="shl"/>
<opset="shl_ln1531_1/2 "/>
</bind>
</comp>

<comp id="147" class="1004" name="trunc_ln1529_1_fu_147">
<pin_list>
<pin id="148" dir="0" index="0" bw="31" slack="0"/>
<pin id="149" dir="0" index="1" bw="32" slack="0"/>
<pin id="150" dir="0" index="2" bw="1" slack="0"/>
<pin id="151" dir="0" index="3" bw="6" slack="0"/>
<pin id="152" dir="1" index="4" bw="31" slack="0"/>
</pin_list>
<bind>
<opcode="partselect(1002) " fcode="partselect"/>
<opset="trunc_ln1529_1/2 "/>
</bind>
</comp>

<comp id="157" class="1004" name="sext_ln1529_1_fu_157">
<pin_list>
<pin id="158" dir="0" index="0" bw="31" slack="0"/>
<pin id="159" dir="1" index="1" bw="32" slack="0"/>
</pin_list>
<bind>
<opcode="sext(35) " fcode="sext"/>
<opset="sext_ln1529_1/2 "/>
</bind>
</comp>

<comp id="161" class="1004" name="select_ln1528_1_fu_161">
<pin_list>
<pin id="162" dir="0" index="0" bw="1" slack="1"/>
<pin id="163" dir="0" index="1" bw="31" slack="0"/>
<pin id="164" dir="0" index="2" bw="32" slack="0"/>
<pin id="165" dir="1" index="3" bw="32" slack="0"/>
</pin_list>
<bind>
<opcode="select(49) " fcode="select"/>
<opset="select_ln1528_1/2 "/>
</bind>
</comp>

<comp id="169" class="1005" name="k_reg_169">
<pin_list>
<pin id="170" dir="0" index="0" bw="5" slack="0"/>
<pin id="171" dir="1" index="1" bw="5" slack="0"/>
</pin_list>
<bind>
<opset="k "/>
</bind>
</comp>

<comp id="176" class="1005" name="scale_rho_u_up_read_reg_176">
<pin_list>
<pin id="177" dir="0" index="0" bw="1" slack="1"/>
<pin id="178" dir="1" index="1" bw="1" slack="1"/>
</pin_list>
<bind>
<opset="scale_rho_u_up_read "/>
</bind>
</comp>

<comp id="185" class="1005" name="y_u_addr_reg_185">
<pin_list>
<pin id="186" dir="0" index="0" bw="5" slack="1"/>
<pin id="187" dir="1" index="1" bw="5" slack="1"/>
</pin_list>
<bind>
<opset="y_u_addr "/>
</bind>
</comp>

<comp id="191" class="1005" name="y_u_1_addr_reg_191">
<pin_list>
<pin id="192" dir="0" index="0" bw="5" slack="1"/>
<pin id="193" dir="1" index="1" bw="5" slack="1"/>
</pin_list>
<bind>
<opset="y_u_1_addr "/>
</bind>
</comp>

</comp_list>

<net_list>
<net id="41"><net_src comp="6" pin="0"/><net_sink comp="38" pin=0"/></net>

<net id="46"><net_src comp="8" pin="0"/><net_sink comp="42" pin=0"/></net>

<net id="47"><net_src comp="4" pin="0"/><net_sink comp="42" pin=1"/></net>

<net id="53"><net_src comp="2" pin="0"/><net_sink comp="48" pin=0"/></net>

<net id="54"><net_src comp="16" pin="0"/><net_sink comp="48" pin=1"/></net>

<net id="64"><net_src comp="48" pin="3"/><net_sink comp="55" pin=2"/></net>

<net id="70"><net_src comp="0" pin="0"/><net_sink comp="65" pin=0"/></net>

<net id="71"><net_src comp="16" pin="0"/><net_sink comp="65" pin=1"/></net>

<net id="81"><net_src comp="65" pin="3"/><net_sink comp="72" pin=2"/></net>

<net id="86"><net_src comp="10" pin="0"/><net_sink comp="82" pin=0"/></net>

<net id="94"><net_src comp="87" pin="1"/><net_sink comp="90" pin=0"/></net>

<net id="95"><net_src comp="12" pin="0"/><net_sink comp="90" pin=1"/></net>

<net id="100"><net_src comp="87" pin="1"/><net_sink comp="96" pin=0"/></net>

<net id="101"><net_src comp="14" pin="0"/><net_sink comp="96" pin=1"/></net>

<net id="105"><net_src comp="87" pin="1"/><net_sink comp="102" pin=0"/></net>

<net id="106"><net_src comp="102" pin="1"/><net_sink comp="48" pin=2"/></net>

<net id="107"><net_src comp="102" pin="1"/><net_sink comp="65" pin=2"/></net>

<net id="112"><net_src comp="96" pin="2"/><net_sink comp="108" pin=0"/></net>

<net id="117"><net_src comp="55" pin="7"/><net_sink comp="113" pin=0"/></net>

<net id="118"><net_src comp="6" pin="0"/><net_sink comp="113" pin=1"/></net>

<net id="125"><net_src comp="34" pin="0"/><net_sink comp="119" pin=0"/></net>

<net id="126"><net_src comp="55" pin="7"/><net_sink comp="119" pin=1"/></net>

<net id="127"><net_src comp="6" pin="0"/><net_sink comp="119" pin=2"/></net>

<net id="128"><net_src comp="36" pin="0"/><net_sink comp="119" pin=3"/></net>

<net id="132"><net_src comp="119" pin="4"/><net_sink comp="129" pin=0"/></net>

<net id="138"><net_src comp="129" pin="1"/><net_sink comp="133" pin=1"/></net>

<net id="139"><net_src comp="113" pin="2"/><net_sink comp="133" pin=2"/></net>

<net id="140"><net_src comp="133" pin="3"/><net_sink comp="55" pin=1"/></net>

<net id="145"><net_src comp="72" pin="7"/><net_sink comp="141" pin=0"/></net>

<net id="146"><net_src comp="6" pin="0"/><net_sink comp="141" pin=1"/></net>

<net id="153"><net_src comp="34" pin="0"/><net_sink comp="147" pin=0"/></net>

<net id="154"><net_src comp="72" pin="7"/><net_sink comp="147" pin=1"/></net>

<net id="155"><net_src comp="6" pin="0"/><net_sink comp="147" pin=2"/></net>

<net id="156"><net_src comp="36" pin="0"/><net_sink comp="147" pin=3"/></net>

<net id="160"><net_src comp="147" pin="4"/><net_sink comp="157" pin=0"/></net>

<net id="166"><net_src comp="157" pin="1"/><net_sink comp="161" pin=1"/></net>

<net id="167"><net_src comp="141" pin="2"/><net_sink comp="161" pin=2"/></net>

<net id="168"><net_src comp="161" pin="3"/><net_sink comp="72" pin=1"/></net>

<net id="172"><net_src comp="38" pin="1"/><net_sink comp="169" pin=0"/></net>

<net id="173"><net_src comp="169" pin="1"/><net_sink comp="82" pin=1"/></net>

<net id="174"><net_src comp="169" pin="1"/><net_sink comp="87" pin=0"/></net>

<net id="175"><net_src comp="169" pin="1"/><net_sink comp="108" pin=1"/></net>

<net id="179"><net_src comp="42" pin="2"/><net_sink comp="176" pin=0"/></net>

<net id="180"><net_src comp="176" pin="1"/><net_sink comp="133" pin=0"/></net>

<net id="181"><net_src comp="176" pin="1"/><net_sink comp="161" pin=0"/></net>

<net id="188"><net_src comp="48" pin="3"/><net_sink comp="185" pin=0"/></net>

<net id="189"><net_src comp="185" pin="1"/><net_sink comp="55" pin=2"/></net>

<net id="190"><net_src comp="185" pin="1"/><net_sink comp="55" pin=0"/></net>

<net id="194"><net_src comp="65" pin="3"/><net_sink comp="191" pin=0"/></net>

<net id="195"><net_src comp="191" pin="1"/><net_sink comp="72" pin=2"/></net>

<net id="196"><net_src comp="191" pin="1"/><net_sink comp="72" pin=0"/></net>

</net_list>

</model> 
---------------- Datapath Model END ------------------

* FSMD analyzer results:
  - Output states:
	Port: y_u_1 | {2 }
	Port: y_u | {2 }
 - Input state : 
	Port: mpc_compute_hls_Pipeline_VITIS_LOOP_1525_22 : y_u_1 | {1 2 }
	Port: mpc_compute_hls_Pipeline_VITIS_LOOP_1525_22 : y_u | {1 2 }
	Port: mpc_compute_hls_Pipeline_VITIS_LOOP_1525_22 : scale_rho_u_up | {1 }
  - Chain level:
	State 1
		store_ln1170 : 1
		k_7 : 1
		icmp_ln1525 : 2
		add_ln1525 : 2
		br_ln1525 : 3
		zext_ln1525 : 2
		y_u_addr : 3
		y_u_load : 4
		y_u_1_addr : 3
		y_u_1_load : 4
		store_ln1170 : 3
	State 2
		shl_ln1531 : 1
		trunc_ln : 1
		sext_ln1529 : 2
		select_ln1528 : 3
		shl_ln1531_1 : 1
		trunc_ln1529_1 : 1
		sext_ln1529_1 : 2
		select_ln1528_1 : 3
		store_ln1528 : 4
		store_ln1528 : 4


============================================================
+ Verbose Summary: Datapath Resource usage 
============================================================

* Functional unit list:
|----------|--------------------------------|---------|---------|
| Operation|         Functional Unit        |    FF   |   LUT   |
|----------|--------------------------------|---------|---------|
|  select  |      select_ln1528_fu_133      |    0    |    32   |
|          |     select_ln1528_1_fu_161     |    0    |    32   |
|----------|--------------------------------|---------|---------|
|   icmp   |        icmp_ln1525_fu_90       |    0    |    12   |
|----------|--------------------------------|---------|---------|
|    add   |        add_ln1525_fu_96        |    0    |    12   |
|----------|--------------------------------|---------|---------|
|   read   | scale_rho_u_up_read_read_fu_42 |    0    |    0    |
|----------|--------------------------------|---------|---------|
|   zext   |       zext_ln1525_fu_102       |    0    |    0    |
|----------|--------------------------------|---------|---------|
|    shl   |        shl_ln1531_fu_113       |    0    |    0    |
|          |       shl_ln1531_1_fu_141      |    0    |    0    |
|----------|--------------------------------|---------|---------|
|partselect|         trunc_ln_fu_119        |    0    |    0    |
|          |      trunc_ln1529_1_fu_147     |    0    |    0    |
|----------|--------------------------------|---------|---------|
|   sext   |       sext_ln1529_fu_129       |    0    |    0    |
|          |      sext_ln1529_1_fu_157      |    0    |    0    |
|----------|--------------------------------|---------|---------|
|   Total  |                                |    0    |    88   |
|----------|--------------------------------|---------|---------|

Memories:
N/A

* Register list:
+---------------------------+--------+
|                           |   FF   |
+---------------------------+--------+
|         k_reg_169         |    5   |
|scale_rho_u_up_read_reg_176|    1   |
|     y_u_1_addr_reg_191    |    5   |
|      y_u_addr_reg_185     |    5   |
+---------------------------+--------+
|           Total           |   16   |
+---------------------------+--------+

* Multiplexer (MUX) list: 
|------------------|------|------|------|--------||---------||---------||---------|
|       Comp       |  Pin | Size |  BW  | S x BW ||  Delay  ||    FF   ||   LUT   |
|------------------|------|------|------|--------||---------||---------||---------|
| grp_access_fu_55 |  p2  |   2  |   0  |    0   ||    0    ||    9    |
| grp_access_fu_72 |  p2  |   2  |   0  |    0   ||    0    ||    9    |
|------------------|------|------|------|--------||---------||---------||---------|
|       Total      |      |      |      |    0   ||  0.854  ||    0    ||    18   |
|------------------|------|------|------|--------||---------||---------||---------|



* Summary:
+-----------+--------+--------+--------+
|           |  Delay |   FF   |   LUT  |
+-----------+--------+--------+--------+
|  Function |    -   |    0   |   88   |
|   Memory  |    -   |    -   |    -   |
|Multiplexer|    0   |    0   |   18   |
|  Register |    -   |   16   |    -   |
+-----------+--------+--------+--------+
|   Total   |    0   |   16   |   106  |
+-----------+--------+--------+--------+
