

================================================================
== Vitis HLS Report for 'mpc_compute_hls_Pipeline_VITIS_LOOP_1234_9'
================================================================
* Date:           Thu Jun 11 16:06:51 2026

* Version:        2025.2 (Build 6295257 on Nov 14 2025)
* Project:        mpc_fpga_top_opencl
* Solution:       hls (Vitis Kernel Flow Target)
* Product family: zynquplus
* Target device:  xck26-sfvc784-2LV-c


================================================================
== Performance Estimates
================================================================
+ Timing: 
    * Summary: 
    +--------+---------+----------+------------+
    |  Clock |  Target | Estimated| Uncertainty|
    +--------+---------+----------+------------+
    |ap_clk  |  5.00 ns|  1.643 ns|     0.50 ns|
    +--------+---------+----------+------------+

+ Latency: 
    * Summary: 
    +---------+---------+----------+----------+-----+-----+-------------------+
    |  Latency (cycles) |  Latency (absolute) |  Interval |      Pipeline     |
    |   min   |   max   |    min   |    max   | min | max |        Type       |
    +---------+---------+----------+----------+-----+-----+-------------------+
    |       22|       22|  0.110 us|  0.110 us|    0|    0|  loop pipeline stp|
    +---------+---------+----------+----------+-----+-----+-------------------+

    + Detail: 
        * Instance: 
        N/A

        * Loop: 
        +---------------------+---------+---------+----------+-----------+-----------+------+----------+
        |                     |  Latency (cycles) | Iteration|  Initiation Interval  | Trip |          |
        |      Loop Name      |   min   |   max   |  Latency |  achieved |   target  | Count| Pipelined|
        +---------------------+---------+---------+----------+-----------+-----------+------+----------+
        |- VITIS_LOOP_1234_9  |       20|       20|         2|          1|          1|    20|       yes|
        +---------------------+---------+---------+----------+-----------+-----------+------+----------+

============================================================
+ Verbose Summary: Synthesis Manager
============================================================
InlineROM: 1
ExposeGlobal: 0
============================================================
+ Verbose Summary: CDFG Model
============================================================
IsTopModel: 0
ResetActiveHigh: 1
IsCombinational: 0
IsDatapathOnly: 0
HasWiredReturn: 1
HasMFsm: 2
HasVarLatency: 1
IsPipeline: 0
IsRtlPipelined: 0
IsInstanceOverlapped: 0
IsDontTouch: 0
HasImplIP: 0
IsGatedGlobalClock: 0

+ Individual pipeline summary: 
  * Pipeline-0: initiation interval (II) = 1, depth = 2


============================================================
+ Verbose Summary: Schedule
============================================================
* Number of FSM states : 2
* Pipeline : 1
  Pipeline-0 : II = 1, D = 2, States = { 1 2 }
* Dataflow Pipeline: 0

* FSM state transitions: 
1 --> 2 
2 --> 

* FSM state operations: 

State 1 <SV = 0> <Delay = 1.64>
ST_1 : Operation 5 [1/1] (0.00ns)   --->   "%k_7 = alloca i32 1" [../src/riccati_solver_hls.cpp:1189->../src/mpc_riccati_hls.cpp:647]   --->   Operation 5 'alloca' 'k_7' <Predicate = true> <Delay = 0.00>
ST_1 : Operation 6 [1/1] (0.42ns)   --->   "%store_ln1189 = store i5 0, i5 %k_7" [../src/riccati_solver_hls.cpp:1189->../src/mpc_riccati_hls.cpp:647]   --->   Operation 6 'store' 'store_ln1189' <Predicate = true> <Delay = 0.42>
ST_1 : Operation 7 [1/1] (0.00ns)   --->   "%br_ln0 = br void %for.body156.i"   --->   Operation 7 'br' 'br_ln0' <Predicate = true> <Delay = 0.00>
ST_1 : Operation 8 [1/1] (0.00ns)   --->   "%k = load i5 %k_7" [../src/riccati_solver_hls.cpp:1234->../src/mpc_riccati_hls.cpp:647]   --->   Operation 8 'load' 'k' <Predicate = true> <Delay = 0.00>
ST_1 : Operation 9 [1/1] (0.78ns)   --->   "%icmp_ln1234 = icmp_eq  i5 %k, i5 20" [../src/riccati_solver_hls.cpp:1234->../src/mpc_riccati_hls.cpp:647]   --->   Operation 9 'icmp' 'icmp_ln1234' <Predicate = true> <Delay = 0.78> <CoreInst = "Cmp">   --->   Core 9 'Cmp' <Latency = 0> <II = 1> <Delay = 0.78> <FuncUnit> <Opcode : 'seteq' 'setne' 'setle' 'setge' 'setlt' 'setgt'> <InPorts = 2> <OutPorts = 1>
ST_1 : Operation 10 [1/1] (0.78ns)   --->   "%add_ln1234 = add i5 %k, i5 1" [../src/riccati_solver_hls.cpp:1234->../src/mpc_riccati_hls.cpp:647]   --->   Operation 10 'add' 'add_ln1234' <Predicate = true> <Delay = 0.78> <CoreInst = "Adder">   --->   Core 1 'Adder' <Latency = 0> <II = 1> <Delay = 0.78> <FuncUnit> <Opcode : 'add' 'sub'> <InPorts = 2> <OutPorts = 1>
ST_1 : Operation 11 [1/1] (0.00ns)   --->   "%br_ln1234 = br i1 %icmp_ln1234, void %for.body156.i.split, void %_ZN8ap_fixedILi26ELi12EL9ap_q_mode5EL9ap_o_mode3ELi0EEC2Ei.exit494.i.loopexit.exitStub" [../src/riccati_solver_hls.cpp:1234->../src/mpc_riccati_hls.cpp:647]   --->   Operation 11 'br' 'br_ln1234' <Predicate = true> <Delay = 0.00>
ST_1 : Operation 12 [1/1] (0.00ns)   --->   "%zext_ln1234 = zext i5 %k" [../src/riccati_solver_hls.cpp:1234->../src/mpc_riccati_hls.cpp:647]   --->   Operation 12 'zext' 'zext_ln1234' <Predicate = (!icmp_ln1234)> <Delay = 0.00>
ST_1 : Operation 13 [1/1] (0.00ns)   --->   "%p_anonymous_namespace_g_core_state_admm_z_u_0_addr = getelementptr i26 %p_anonymous_namespace_g_core_state_admm_z_u_0, i64 0, i64 %zext_ln1234" [../src/riccati_solver_hls.cpp:1237->../src/mpc_riccati_hls.cpp:647]   --->   Operation 13 'getelementptr' 'p_anonymous_namespace_g_core_state_admm_z_u_0_addr' <Predicate = (!icmp_ln1234)> <Delay = 0.00>
ST_1 : Operation 14 [2/2] (0.67ns)   --->   "%p_anonymous_namespace_g_core_state_admm_z_u_0_load = load i5 %p_anonymous_namespace_g_core_state_admm_z_u_0_addr" [../src/riccati_solver_hls.cpp:1237->../src/mpc_riccati_hls.cpp:647]   --->   Operation 14 'load' 'p_anonymous_namespace_g_core_state_admm_z_u_0_load' <Predicate = (!icmp_ln1234)> <Delay = 0.67> <CoreInst = "RAM">   --->   Core 82 'RAM' <Latency = 1> <II = 1> <Delay = 0.67> <Storage> <Opcode : 'load' 'store'> <Ports = 2> <Width = 26> <Depth = 20> <RAM>
ST_1 : Operation 15 [1/1] (0.00ns)   --->   "%p_anonymous_namespace_g_core_state_admm_y_u_0_addr = getelementptr i26 %p_anonymous_namespace_g_core_state_admm_y_u_0, i64 0, i64 %zext_ln1234" [../src/riccati_solver_hls.cpp:1238->../src/mpc_riccati_hls.cpp:647]   --->   Operation 15 'getelementptr' 'p_anonymous_namespace_g_core_state_admm_y_u_0_addr' <Predicate = (!icmp_ln1234)> <Delay = 0.00>
ST_1 : Operation 16 [1/1] (0.00ns)   --->   "%p_anonymous_namespace_g_core_state_admm_z_u_1_addr = getelementptr i26 %p_anonymous_namespace_g_core_state_admm_z_u_1, i64 0, i64 %zext_ln1234" [../src/riccati_solver_hls.cpp:1237->../src/mpc_riccati_hls.cpp:647]   --->   Operation 16 'getelementptr' 'p_anonymous_namespace_g_core_state_admm_z_u_1_addr' <Predicate = (!icmp_ln1234)> <Delay = 0.00>
ST_1 : Operation 17 [2/2] (0.67ns)   --->   "%p_anonymous_namespace_g_core_state_admm_z_u_1_load = load i5 %p_anonymous_namespace_g_core_state_admm_z_u_1_addr" [../src/riccati_solver_hls.cpp:1237->../src/mpc_riccati_hls.cpp:647]   --->   Operation 17 'load' 'p_anonymous_namespace_g_core_state_admm_z_u_1_load' <Predicate = (!icmp_ln1234)> <Delay = 0.67> <CoreInst = "RAM">   --->   Core 82 'RAM' <Latency = 1> <II = 1> <Delay = 0.67> <Storage> <Opcode : 'load' 'store'> <Ports = 2> <Width = 26> <Depth = 20> <RAM>
ST_1 : Operation 18 [1/1] (0.00ns)   --->   "%p_anonymous_namespace_g_core_state_admm_y_u_1_addr = getelementptr i26 %p_anonymous_namespace_g_core_state_admm_y_u_1, i64 0, i64 %zext_ln1234" [../src/riccati_solver_hls.cpp:1238->../src/mpc_riccati_hls.cpp:647]   --->   Operation 18 'getelementptr' 'p_anonymous_namespace_g_core_state_admm_y_u_1_addr' <Predicate = (!icmp_ln1234)> <Delay = 0.00>
ST_1 : Operation 19 [2/2] (0.67ns)   --->   "%p_anonymous_namespace_g_core_state_admm_y_u_0_load = load i5 %p_anonymous_namespace_g_core_state_admm_y_u_0_addr" [../src/riccati_solver_hls.cpp:1238->../src/mpc_riccati_hls.cpp:647]   --->   Operation 19 'load' 'p_anonymous_namespace_g_core_state_admm_y_u_0_load' <Predicate = (!icmp_ln1234)> <Delay = 0.67> <CoreInst = "RAM">   --->   Core 82 'RAM' <Latency = 1> <II = 1> <Delay = 0.67> <Storage> <Opcode : 'load' 'store'> <Ports = 2> <Width = 26> <Depth = 20> <RAM>
ST_1 : Operation 20 [2/2] (0.67ns)   --->   "%p_anonymous_namespace_g_core_state_admm_y_u_1_load = load i5 %p_anonymous_namespace_g_core_state_admm_y_u_1_addr" [../src/riccati_solver_hls.cpp:1238->../src/mpc_riccati_hls.cpp:647]   --->   Operation 20 'load' 'p_anonymous_namespace_g_core_state_admm_y_u_1_load' <Predicate = (!icmp_ln1234)> <Delay = 0.67> <CoreInst = "RAM">   --->   Core 82 'RAM' <Latency = 1> <II = 1> <Delay = 0.67> <Storage> <Opcode : 'load' 'store'> <Ports = 2> <Width = 26> <Depth = 20> <RAM>
ST_1 : Operation 21 [1/1] (0.42ns)   --->   "%store_ln1189 = store i5 %add_ln1234, i5 %k_7" [../src/riccati_solver_hls.cpp:1189->../src/mpc_riccati_hls.cpp:647]   --->   Operation 21 'store' 'store_ln1189' <Predicate = (!icmp_ln1234)> <Delay = 0.42>
ST_1 : Operation 38 [1/1] (0.42ns)   --->   "%ret_ln0 = ret"   --->   Operation 38 'ret' 'ret_ln0' <Predicate = (icmp_ln1234)> <Delay = 0.42>

State 2 <SV = 1> <Delay = 1.35>
ST_2 : Operation 22 [1/1] (0.00ns)   --->   "%specpipeline_ln1189 = specpipeline void @_ssdm_op_SpecPipeline, i32 4294967295, i32 0, i32 0, i32 0, i32 4294967295, void @empty_524" [../src/riccati_solver_hls.cpp:1189->../src/mpc_riccati_hls.cpp:647]   --->   Operation 22 'specpipeline' 'specpipeline_ln1189' <Predicate = true> <Delay = 0.00>
ST_2 : Operation 23 [1/1] (0.00ns)   --->   "%speclooptripcount_ln1189 = speclooptripcount void @_ssdm_op_SpecLoopTripCount, i64 20, i64 20, i64 20" [../src/riccati_solver_hls.cpp:1189->../src/mpc_riccati_hls.cpp:647]   --->   Operation 23 'speclooptripcount' 'speclooptripcount_ln1189' <Predicate = true> <Delay = 0.00>
ST_2 : Operation 24 [1/1] (0.00ns)   --->   "%specloopname_ln1234 = specloopname void @_ssdm_op_SpecLoopName, void @empty_506" [../src/riccati_solver_hls.cpp:1234->../src/mpc_riccati_hls.cpp:647]   --->   Operation 24 'specloopname' 'specloopname_ln1234' <Predicate = true> <Delay = 0.00>
ST_2 : Operation 25 [1/1] (0.00ns)   --->   "%z_u_addr = getelementptr i26 %z_u, i64 0, i64 %zext_ln1234" [../src/riccati_solver_hls.cpp:1237->../src/mpc_riccati_hls.cpp:647]   --->   Operation 25 'getelementptr' 'z_u_addr' <Predicate = true> <Delay = 0.00>
ST_2 : Operation 26 [1/2] ( I:0.67ns O:0.67ns )   --->   "%p_anonymous_namespace_g_core_state_admm_z_u_0_load = load i5 %p_anonymous_namespace_g_core_state_admm_z_u_0_addr" [../src/riccati_solver_hls.cpp:1237->../src/mpc_riccati_hls.cpp:647]   --->   Operation 26 'load' 'p_anonymous_namespace_g_core_state_admm_z_u_0_load' <Predicate = true> <Delay = 0.67> <CoreInst = "RAM">   --->   Core 82 'RAM' <Latency = 1> <II = 1> <Delay = 0.67> <Storage> <Opcode : 'load' 'store'> <Ports = 2> <Width = 26> <Depth = 20> <RAM>
ST_2 : Operation 27 [1/1] (0.00ns)   --->   "%y_u_addr = getelementptr i26 %y_u, i64 0, i64 %zext_ln1234" [../src/riccati_solver_hls.cpp:1238->../src/mpc_riccati_hls.cpp:647]   --->   Operation 27 'getelementptr' 'y_u_addr' <Predicate = true> <Delay = 0.00>
ST_2 : Operation 28 [1/1] (0.00ns)   --->   "%z_u_1_addr = getelementptr i26 %z_u_1, i64 0, i64 %zext_ln1234" [../src/riccati_solver_hls.cpp:1237->../src/mpc_riccati_hls.cpp:647]   --->   Operation 28 'getelementptr' 'z_u_1_addr' <Predicate = true> <Delay = 0.00>
ST_2 : Operation 29 [1/2] ( I:0.67ns O:0.67ns )   --->   "%p_anonymous_namespace_g_core_state_admm_z_u_1_load = load i5 %p_anonymous_namespace_g_core_state_admm_z_u_1_addr" [../src/riccati_solver_hls.cpp:1237->../src/mpc_riccati_hls.cpp:647]   --->   Operation 29 'load' 'p_anonymous_namespace_g_core_state_admm_z_u_1_load' <Predicate = true> <Delay = 0.67> <CoreInst = "RAM">   --->   Core 82 'RAM' <Latency = 1> <II = 1> <Delay = 0.67> <Storage> <Opcode : 'load' 'store'> <Ports = 2> <Width = 26> <Depth = 20> <RAM>
ST_2 : Operation 30 [1/1] ( I:0.67ns O:0.67ns )   --->   "%store_ln1237 = store i26 %p_anonymous_namespace_g_core_state_admm_z_u_0_load, i5 %z_u_addr" [../src/riccati_solver_hls.cpp:1237->../src/mpc_riccati_hls.cpp:647]   --->   Operation 30 'store' 'store_ln1237' <Predicate = true> <Delay = 0.67> <CoreInst = "RAM">   --->   Core 82 'RAM' <Latency = 1> <II = 1> <Delay = 0.67> <Storage> <Opcode : 'load' 'store'> <Ports = 2> <Width = 26> <Depth = 20> <RAM>
ST_2 : Operation 31 [1/1] ( I:0.67ns O:0.67ns )   --->   "%store_ln1237 = store i26 %p_anonymous_namespace_g_core_state_admm_z_u_1_load, i5 %z_u_1_addr" [../src/riccati_solver_hls.cpp:1237->../src/mpc_riccati_hls.cpp:647]   --->   Operation 31 'store' 'store_ln1237' <Predicate = true> <Delay = 0.67> <CoreInst = "RAM">   --->   Core 82 'RAM' <Latency = 1> <II = 1> <Delay = 0.67> <Storage> <Opcode : 'load' 'store'> <Ports = 2> <Width = 26> <Depth = 20> <RAM>
ST_2 : Operation 32 [1/1] (0.00ns)   --->   "%y_u_1_addr = getelementptr i26 %y_u_1, i64 0, i64 %zext_ln1234" [../src/riccati_solver_hls.cpp:1238->../src/mpc_riccati_hls.cpp:647]   --->   Operation 32 'getelementptr' 'y_u_1_addr' <Predicate = true> <Delay = 0.00>
ST_2 : Operation 33 [1/2] ( I:0.67ns O:0.67ns )   --->   "%p_anonymous_namespace_g_core_state_admm_y_u_0_load = load i5 %p_anonymous_namespace_g_core_state_admm_y_u_0_addr" [../src/riccati_solver_hls.cpp:1238->../src/mpc_riccati_hls.cpp:647]   --->   Operation 33 'load' 'p_anonymous_namespace_g_core_state_admm_y_u_0_load' <Predicate = true> <Delay = 0.67> <CoreInst = "RAM">   --->   Core 82 'RAM' <Latency = 1> <II = 1> <Delay = 0.67> <Storage> <Opcode : 'load' 'store'> <Ports = 2> <Width = 26> <Depth = 20> <RAM>
ST_2 : Operation 34 [1/2] ( I:0.67ns O:0.67ns )   --->   "%p_anonymous_namespace_g_core_state_admm_y_u_1_load = load i5 %p_anonymous_namespace_g_core_state_admm_y_u_1_addr" [../src/riccati_solver_hls.cpp:1238->../src/mpc_riccati_hls.cpp:647]   --->   Operation 34 'load' 'p_anonymous_namespace_g_core_state_admm_y_u_1_load' <Predicate = true> <Delay = 0.67> <CoreInst = "RAM">   --->   Core 82 'RAM' <Latency = 1> <II = 1> <Delay = 0.67> <Storage> <Opcode : 'load' 'store'> <Ports = 2> <Width = 26> <Depth = 20> <RAM>
ST_2 : Operation 35 [1/1] ( I:0.67ns O:0.67ns )   --->   "%store_ln1238 = store i26 %p_anonymous_namespace_g_core_state_admm_y_u_0_load, i5 %y_u_addr" [../src/riccati_solver_hls.cpp:1238->../src/mpc_riccati_hls.cpp:647]   --->   Operation 35 'store' 'store_ln1238' <Predicate = true> <Delay = 0.67> <CoreInst = "RAM">   --->   Core 82 'RAM' <Latency = 1> <II = 1> <Delay = 0.67> <Storage> <Opcode : 'load' 'store'> <Ports = 2> <Width = 26> <Depth = 20> <RAM>
ST_2 : Operation 36 [1/1] ( I:0.67ns O:0.67ns )   --->   "%store_ln1238 = store i26 %p_anonymous_namespace_g_core_state_admm_y_u_1_load, i5 %y_u_1_addr" [../src/riccati_solver_hls.cpp:1238->../src/mpc_riccati_hls.cpp:647]   --->   Operation 36 'store' 'store_ln1238' <Predicate = true> <Delay = 0.67> <CoreInst = "RAM">   --->   Core 82 'RAM' <Latency = 1> <II = 1> <Delay = 0.67> <Storage> <Opcode : 'load' 'store'> <Ports = 2> <Width = 26> <Depth = 20> <RAM>
ST_2 : Operation 37 [1/1] (0.00ns)   --->   "%br_ln1234 = br void %for.body156.i" [../src/riccati_solver_hls.cpp:1234->../src/mpc_riccati_hls.cpp:647]   --->   Operation 37 'br' 'br_ln1234' <Predicate = true> <Delay = 0.00>


============================================================
+ Verbose Summary: Binding
============================================================
STG Binding: 
---------------- STG Properties BEGIN ----------------
- Is combinational: 0
- Is one-state seq: 0
- Is datapath-only: 0
- Is pipelined: 0
- Is top level: 0
Port [ Return ] is wired: 1; IO mode=ap_ctrl_hs:ce=0
Port [ y_u_1]:  wired=1; compound=1; hidden=0; nouse=0; global=0; static=0; extern=0; dir=1; type=1; pingpong=0; private_global=0; MemPort=[03]; IO mode=ap_memory:ce=0
Port [ y_u]:  wired=1; compound=1; hidden=0; nouse=0; global=0; static=0; extern=0; dir=1; type=1; pingpong=0; private_global=0; MemPort=[03]; IO mode=ap_memory:ce=0
Port [ z_u_1]:  wired=1; compound=1; hidden=0; nouse=0; global=0; static=0; extern=0; dir=1; type=1; pingpong=0; private_global=0; MemPort=[03]; IO mode=ap_memory:ce=0
Port [ z_u]:  wired=1; compound=1; hidden=0; nouse=0; global=0; static=0; extern=0; dir=1; type=1; pingpong=0; private_global=0; MemPort=[03]; IO mode=ap_memory:ce=0
Port [ p_anonymous_namespace_g_core_state_admm_z_u_0]:  wired=1; compound=1; hidden=0; nouse=0; global=1; static=1; extern=0; dir=0; type=1; pingpong=0; private_global=0; MemPort=[13]; IO mode=ap_memory:ce=0
Port [ p_anonymous_namespace_g_core_state_admm_z_u_1]:  wired=1; compound=1; hidden=0; nouse=0; global=1; static=1; extern=0; dir=0; type=1; pingpong=0; private_global=0; MemPort=[13]; IO mode=ap_memory:ce=0
Port [ p_anonymous_namespace_g_core_state_admm_y_u_0]:  wired=1; compound=1; hidden=0; nouse=0; global=1; static=1; extern=0; dir=0; type=1; pingpong=0; private_global=0; MemPort=[13]; IO mode=ap_memory:ce=0
Port [ p_anonymous_namespace_g_core_state_admm_y_u_1]:  wired=1; compound=1; hidden=0; nouse=0; global=1; static=1; extern=0; dir=0; type=1; pingpong=0; private_global=0; MemPort=[13]; IO mode=ap_memory:ce=0
---------------- STG Properties END ------------------

---------------- Datapath Model BEGIN ----------------

<LifeTime>
<method=bitvector/>
k_7                                                (alloca           ) [ 010]
store_ln1189                                       (store            ) [ 000]
br_ln0                                             (br               ) [ 000]
k                                                  (load             ) [ 000]
icmp_ln1234                                        (icmp             ) [ 010]
add_ln1234                                         (add              ) [ 000]
br_ln1234                                          (br               ) [ 000]
zext_ln1234                                        (zext             ) [ 011]
p_anonymous_namespace_g_core_state_admm_z_u_0_addr (getelementptr    ) [ 011]
p_anonymous_namespace_g_core_state_admm_y_u_0_addr (getelementptr    ) [ 011]
p_anonymous_namespace_g_core_state_admm_z_u_1_addr (getelementptr    ) [ 011]
p_anonymous_namespace_g_core_state_admm_y_u_1_addr (getelementptr    ) [ 011]
store_ln1189                                       (store            ) [ 000]
specpipeline_ln1189                                (specpipeline     ) [ 000]
speclooptripcount_ln1189                           (speclooptripcount) [ 000]
specloopname_ln1234                                (specloopname     ) [ 000]
z_u_addr                                           (getelementptr    ) [ 000]
p_anonymous_namespace_g_core_state_admm_z_u_0_load (load             ) [ 000]
y_u_addr                                           (getelementptr    ) [ 000]
z_u_1_addr                                         (getelementptr    ) [ 000]
p_anonymous_namespace_g_core_state_admm_z_u_1_load (load             ) [ 000]
store_ln1237                                       (store            ) [ 000]
store_ln1237                                       (store            ) [ 000]
y_u_1_addr                                         (getelementptr    ) [ 000]
p_anonymous_namespace_g_core_state_admm_y_u_0_load (load             ) [ 000]
p_anonymous_namespace_g_core_state_admm_y_u_1_load (load             ) [ 000]
store_ln1238                                       (store            ) [ 000]
store_ln1238                                       (store            ) [ 000]
br_ln1234                                          (br               ) [ 000]
ret_ln0                                            (ret              ) [ 000]
</LifeTime>

<model>

<comp_list>
<comp id="0" class="1000" name="y_u_1">
<pin_list>
<pin id="1" dir="1" index="0" bw="1" slack="0"/>
</pin_list>
<bind>
<StgValue><ssdm name="y_u_1"/><MemPortTyVec>0 3 </MemPortTyVec>
</StgValue>
</bind>
</comp>

<comp id="2" class="1000" name="y_u">
<pin_list>
<pin id="3" dir="1" index="0" bw="1" slack="0"/>
</pin_list>
<bind>
<StgValue><ssdm name="y_u"/><MemPortTyVec>0 3 </MemPortTyVec>
</StgValue>
</bind>
</comp>

<comp id="4" class="1000" name="z_u_1">
<pin_list>
<pin id="5" dir="1" index="0" bw="1" slack="0"/>
</pin_list>
<bind>
<StgValue><ssdm name="z_u_1"/><MemPortTyVec>0 3 </MemPortTyVec>
</StgValue>
</bind>
</comp>

<comp id="6" class="1000" name="z_u">
<pin_list>
<pin id="7" dir="1" index="0" bw="1" slack="0"/>
</pin_list>
<bind>
<StgValue><ssdm name="z_u"/><MemPortTyVec>0 3 </MemPortTyVec>
</StgValue>
</bind>
</comp>

<comp id="8" class="1000" name="p_anonymous_namespace_g_core_state_admm_z_u_0">
<pin_list>
<pin id="9" dir="1" index="0" bw="1" slack="0"/>
</pin_list>
<bind>
<StgValue><ssdm name="p_anonymous_namespace_g_core_state_admm_z_u_0"/><MemPortTyVec>1 3 </MemPortTyVec>
</StgValue>
</bind>
</comp>

<comp id="10" class="1000" name="p_anonymous_namespace_g_core_state_admm_z_u_1">
<pin_list>
<pin id="11" dir="1" index="0" bw="1" slack="0"/>
</pin_list>
<bind>
<StgValue><ssdm name="p_anonymous_namespace_g_core_state_admm_z_u_1"/><MemPortTyVec>1 3 </MemPortTyVec>
</StgValue>
</bind>
</comp>

<comp id="12" class="1000" name="p_anonymous_namespace_g_core_state_admm_y_u_0">
<pin_list>
<pin id="13" dir="1" index="0" bw="1" slack="0"/>
</pin_list>
<bind>
<StgValue><ssdm name="p_anonymous_namespace_g_core_state_admm_y_u_0"/><MemPortTyVec>1 3 </MemPortTyVec>
</StgValue>
</bind>
</comp>

<comp id="14" class="1000" name="p_anonymous_namespace_g_core_state_admm_y_u_1">
<pin_list>
<pin id="15" dir="1" index="0" bw="1" slack="0"/>
</pin_list>
<bind>
<StgValue><ssdm name="p_anonymous_namespace_g_core_state_admm_y_u_1"/><MemPortTyVec>1 3 </MemPortTyVec>
</StgValue>
</bind>
</comp>

<comp id="16" class="1001" name="const_16">
<pin_list>
<pin id="17" dir="1" index="0" bw="1" slack="0"/>
</pin_list>
<bind>
<StgValue><ssdm name=""/></StgValue>
</bind>
</comp>

<comp id="18" class="1001" name="const_18">
<pin_list>
<pin id="19" dir="1" index="0" bw="1" slack="0"/>
</pin_list>
<bind>
<StgValue><ssdm name=""/></StgValue>
</bind>
</comp>

<comp id="20" class="1001" name="const_20">
<pin_list>
<pin id="21" dir="1" index="0" bw="1" slack="0"/>
</pin_list>
<bind>
<StgValue><ssdm name=""/></StgValue>
</bind>
</comp>

<comp id="22" class="1001" name="const_22">
<pin_list>
<pin id="23" dir="1" index="0" bw="1" slack="0"/>
</pin_list>
<bind>
<StgValue><ssdm name=""/></StgValue>
</bind>
</comp>

<comp id="24" class="1001" name="const_24">
<pin_list>
<pin id="25" dir="1" index="0" bw="1" slack="0"/>
</pin_list>
<bind>
<StgValue><ssdm name=""/></StgValue>
</bind>
</comp>

<comp id="26" class="1001" name="const_26">
<pin_list>
<pin id="27" dir="1" index="0" bw="1" slack="2147483647"/>
</pin_list>
<bind>
<StgValue><ssdm name="_ssdm_op_SpecPipeline"/></StgValue>
</bind>
</comp>

<comp id="28" class="1001" name="const_28">
<pin_list>
<pin id="29" dir="1" index="0" bw="1" slack="2147483647"/>
</pin_list>
<bind>
<StgValue><ssdm name=""/></StgValue>
</bind>
</comp>

<comp id="30" class="1001" name="const_30">
<pin_list>
<pin id="31" dir="1" index="0" bw="1" slack="2147483647"/>
</pin_list>
<bind>
<StgValue><ssdm name=""/></StgValue>
</bind>
</comp>

<comp id="32" class="1001" name="const_32">
<pin_list>
<pin id="33" dir="1" index="0" bw="1" slack="2147483647"/>
</pin_list>
<bind>
<StgValue><ssdm name="empty_524"/></StgValue>
</bind>
</comp>

<comp id="34" class="1001" name="const_34">
<pin_list>
<pin id="35" dir="1" index="0" bw="1" slack="2147483647"/>
</pin_list>
<bind>
<StgValue><ssdm name="_ssdm_op_SpecLoopTripCount"/></StgValue>
</bind>
</comp>

<comp id="36" class="1001" name="const_36">
<pin_list>
<pin id="37" dir="1" index="0" bw="1" slack="2147483647"/>
</pin_list>
<bind>
<StgValue><ssdm name=""/></StgValue>
</bind>
</comp>

<comp id="38" class="1001" name="const_38">
<pin_list>
<pin id="39" dir="1" index="0" bw="1" slack="2147483647"/>
</pin_list>
<bind>
<StgValue><ssdm name="_ssdm_op_SpecLoopName"/></StgValue>
</bind>
</comp>

<comp id="40" class="1001" name="const_40">
<pin_list>
<pin id="41" dir="1" index="0" bw="1" slack="2147483647"/>
</pin_list>
<bind>
<StgValue><ssdm name="empty_506"/></StgValue>
</bind>
</comp>

<comp id="42" class="1004" name="k_7_fu_42">
<pin_list>
<pin id="43" dir="0" index="0" bw="1" slack="0"/>
<pin id="44" dir="1" index="1" bw="5" slack="0"/>
</pin_list>
<bind>
<opcode="alloca(26) " fcode="alloca"/>
<opset="k_7/1 "/>
</bind>
</comp>

<comp id="46" class="1004" name="p_anonymous_namespace_g_core_state_admm_z_u_0_addr_gep_fu_46">
<pin_list>
<pin id="47" dir="0" index="0" bw="26" slack="0"/>
<pin id="48" dir="0" index="1" bw="1" slack="0"/>
<pin id="49" dir="0" index="2" bw="5" slack="0"/>
<pin id="50" dir="1" index="3" bw="5" slack="0"/>
</pin_list>
<bind>
<opcode="getelementptr(29) " fcode="getelementptr"/>
<opset="p_anonymous_namespace_g_core_state_admm_z_u_0_addr/1 "/>
</bind>
</comp>

<comp id="53" class="1004" name="grp_access_fu_53">
<pin_list>
<pin id="54" dir="0" index="0" bw="5" slack="0"/>
<pin id="55" dir="0" index="1" bw="26" slack="2147483647"/>
<pin id="56" dir="0" index="2" bw="0" slack="2147483647"/>
<pin id="57" dir="1" index="3" bw="26" slack="0"/>
</pin_list>
<bind>
<opcode="load(27) " fcode="load"/>
<opset="p_anonymous_namespace_g_core_state_admm_z_u_0_load/1 "/>
</bind>
</comp>

<comp id="59" class="1004" name="p_anonymous_namespace_g_core_state_admm_y_u_0_addr_gep_fu_59">
<pin_list>
<pin id="60" dir="0" index="0" bw="26" slack="0"/>
<pin id="61" dir="0" index="1" bw="1" slack="0"/>
<pin id="62" dir="0" index="2" bw="5" slack="0"/>
<pin id="63" dir="1" index="3" bw="5" slack="0"/>
</pin_list>
<bind>
<opcode="getelementptr(29) " fcode="getelementptr"/>
<opset="p_anonymous_namespace_g_core_state_admm_y_u_0_addr/1 "/>
</bind>
</comp>

<comp id="66" class="1004" name="p_anonymous_namespace_g_core_state_admm_z_u_1_addr_gep_fu_66">
<pin_list>
<pin id="67" dir="0" index="0" bw="26" slack="0"/>
<pin id="68" dir="0" index="1" bw="1" slack="0"/>
<pin id="69" dir="0" index="2" bw="5" slack="0"/>
<pin id="70" dir="1" index="3" bw="5" slack="0"/>
</pin_list>
<bind>
<opcode="getelementptr(29) " fcode="getelementptr"/>
<opset="p_anonymous_namespace_g_core_state_admm_z_u_1_addr/1 "/>
</bind>
</comp>

<comp id="73" class="1004" name="grp_access_fu_73">
<pin_list>
<pin id="74" dir="0" index="0" bw="5" slack="0"/>
<pin id="75" dir="0" index="1" bw="26" slack="2147483647"/>
<pin id="76" dir="0" index="2" bw="0" slack="2147483647"/>
<pin id="77" dir="1" index="3" bw="26" slack="0"/>
</pin_list>
<bind>
<opcode="load(27) " fcode="load"/>
<opset="p_anonymous_namespace_g_core_state_admm_z_u_1_load/1 "/>
</bind>
</comp>

<comp id="79" class="1004" name="p_anonymous_namespace_g_core_state_admm_y_u_1_addr_gep_fu_79">
<pin_list>
<pin id="80" dir="0" index="0" bw="26" slack="0"/>
<pin id="81" dir="0" index="1" bw="1" slack="0"/>
<pin id="82" dir="0" index="2" bw="5" slack="0"/>
<pin id="83" dir="1" index="3" bw="5" slack="0"/>
</pin_list>
<bind>
<opcode="getelementptr(29) " fcode="getelementptr"/>
<opset="p_anonymous_namespace_g_core_state_admm_y_u_1_addr/1 "/>
</bind>
</comp>

<comp id="86" class="1004" name="grp_access_fu_86">
<pin_list>
<pin id="87" dir="0" index="0" bw="5" slack="0"/>
<pin id="88" dir="0" index="1" bw="26" slack="2147483647"/>
<pin id="89" dir="0" index="2" bw="0" slack="2147483647"/>
<pin id="90" dir="1" index="3" bw="26" slack="0"/>
</pin_list>
<bind>
<opcode="load(27) " fcode="load"/>
<opset="p_anonymous_namespace_g_core_state_admm_y_u_0_load/1 "/>
</bind>
</comp>

<comp id="92" class="1004" name="grp_access_fu_92">
<pin_list>
<pin id="93" dir="0" index="0" bw="5" slack="0"/>
<pin id="94" dir="0" index="1" bw="26" slack="2147483647"/>
<pin id="95" dir="0" index="2" bw="0" slack="2147483647"/>
<pin id="96" dir="1" index="3" bw="26" slack="0"/>
</pin_list>
<bind>
<opcode="load(27) " fcode="load"/>
<opset="p_anonymous_namespace_g_core_state_admm_y_u_1_load/1 "/>
</bind>
</comp>

<comp id="98" class="1004" name="z_u_addr_gep_fu_98">
<pin_list>
<pin id="99" dir="0" index="0" bw="26" slack="0"/>
<pin id="100" dir="0" index="1" bw="1" slack="0"/>
<pin id="101" dir="0" index="2" bw="5" slack="1"/>
<pin id="102" dir="1" index="3" bw="5" slack="0"/>
</pin_list>
<bind>
<opcode="getelementptr(29) " fcode="getelementptr"/>
<opset="z_u_addr/2 "/>
</bind>
</comp>

<comp id="105" class="1004" name="y_u_addr_gep_fu_105">
<pin_list>
<pin id="106" dir="0" index="0" bw="26" slack="0"/>
<pin id="107" dir="0" index="1" bw="1" slack="0"/>
<pin id="108" dir="0" index="2" bw="5" slack="1"/>
<pin id="109" dir="1" index="3" bw="5" slack="0"/>
</pin_list>
<bind>
<opcode="getelementptr(29) " fcode="getelementptr"/>
<opset="y_u_addr/2 "/>
</bind>
</comp>

<comp id="112" class="1004" name="z_u_1_addr_gep_fu_112">
<pin_list>
<pin id="113" dir="0" index="0" bw="26" slack="0"/>
<pin id="114" dir="0" index="1" bw="1" slack="0"/>
<pin id="115" dir="0" index="2" bw="5" slack="1"/>
<pin id="116" dir="1" index="3" bw="5" slack="0"/>
</pin_list>
<bind>
<opcode="getelementptr(29) " fcode="getelementptr"/>
<opset="z_u_1_addr/2 "/>
</bind>
</comp>

<comp id="119" class="1004" name="store_ln1237_access_fu_119">
<pin_list>
<pin id="120" dir="0" index="0" bw="5" slack="0"/>
<pin id="121" dir="0" index="1" bw="26" slack="0"/>
<pin id="122" dir="0" index="2" bw="0" slack="2147483647"/>
<pin id="123" dir="1" index="3" bw="26" slack="2147483647"/>
</pin_list>
<bind>
<opcode="store(28) " fcode="store"/>
<opset="store_ln1237/2 "/>
</bind>
</comp>

<comp id="126" class="1004" name="store_ln1237_access_fu_126">
<pin_list>
<pin id="127" dir="0" index="0" bw="5" slack="0"/>
<pin id="128" dir="0" index="1" bw="26" slack="0"/>
<pin id="129" dir="0" index="2" bw="0" slack="2147483647"/>
<pin id="130" dir="1" index="3" bw="26" slack="2147483647"/>
</pin_list>
<bind>
<opcode="store(28) " fcode="store"/>
<opset="store_ln1237/2 "/>
</bind>
</comp>

<comp id="133" class="1004" name="y_u_1_addr_gep_fu_133">
<pin_list>
<pin id="134" dir="0" index="0" bw="26" slack="0"/>
<pin id="135" dir="0" index="1" bw="1" slack="0"/>
<pin id="136" dir="0" index="2" bw="5" slack="1"/>
<pin id="137" dir="1" index="3" bw="5" slack="0"/>
</pin_list>
<bind>
<opcode="getelementptr(29) " fcode="getelementptr"/>
<opset="y_u_1_addr/2 "/>
</bind>
</comp>

<comp id="140" class="1004" name="store_ln1238_access_fu_140">
<pin_list>
<pin id="141" dir="0" index="0" bw="5" slack="0"/>
<pin id="142" dir="0" index="1" bw="26" slack="0"/>
<pin id="143" dir="0" index="2" bw="0" slack="2147483647"/>
<pin id="144" dir="1" index="3" bw="26" slack="2147483647"/>
</pin_list>
<bind>
<opcode="store(28) " fcode="store"/>
<opset="store_ln1238/2 "/>
</bind>
</comp>

<comp id="147" class="1004" name="store_ln1238_access_fu_147">
<pin_list>
<pin id="148" dir="0" index="0" bw="5" slack="0"/>
<pin id="149" dir="0" index="1" bw="26" slack="0"/>
<pin id="150" dir="0" index="2" bw="0" slack="2147483647"/>
<pin id="151" dir="1" index="3" bw="26" slack="2147483647"/>
</pin_list>
<bind>
<opcode="store(28) " fcode="store"/>
<opset="store_ln1238/2 "/>
</bind>
</comp>

<comp id="154" class="1004" name="store_ln1189_store_fu_154">
<pin_list>
<pin id="155" dir="0" index="0" bw="1" slack="0"/>
<pin id="156" dir="0" index="1" bw="5" slack="0"/>
<pin id="157" dir="1" index="2" bw="0" slack="2147483647"/>
</pin_list>
<bind>
<opcode="store(28) " fcode="store"/>
<opset="store_ln1189/1 "/>
</bind>
</comp>

<comp id="159" class="1004" name="k_load_fu_159">
<pin_list>
<pin id="160" dir="0" index="0" bw="5" slack="0"/>
<pin id="161" dir="1" index="1" bw="5" slack="0"/>
</pin_list>
<bind>
<opcode="load(27) " fcode="load"/>
<opset="k/1 "/>
</bind>
</comp>

<comp id="162" class="1004" name="icmp_ln1234_fu_162">
<pin_list>
<pin id="163" dir="0" index="0" bw="5" slack="0"/>
<pin id="164" dir="0" index="1" bw="5" slack="0"/>
<pin id="165" dir="1" index="2" bw="1" slack="2147483647"/>
</pin_list>
<bind>
<opcode="icmp(45) " fcode="icmp"/>
<opset="icmp_ln1234/1 "/>
</bind>
</comp>

<comp id="168" class="1004" name="add_ln1234_fu_168">
<pin_list>
<pin id="169" dir="0" index="0" bw="5" slack="0"/>
<pin id="170" dir="0" index="1" bw="1" slack="0"/>
<pin id="171" dir="1" index="2" bw="5" slack="0"/>
</pin_list>
<bind>
<opcode="add(8) " fcode="add"/>
<opset="add_ln1234/1 "/>
</bind>
</comp>

<comp id="174" class="1004" name="zext_ln1234_fu_174">
<pin_list>
<pin id="175" dir="0" index="0" bw="5" slack="0"/>
<pin id="176" dir="1" index="1" bw="64" slack="0"/>
</pin_list>
<bind>
<opcode="zext(34) " fcode="zext"/>
<opset="zext_ln1234/1 "/>
</bind>
</comp>

<comp id="182" class="1004" name="store_ln1189_store_fu_182">
<pin_list>
<pin id="183" dir="0" index="0" bw="5" slack="0"/>
<pin id="184" dir="0" index="1" bw="5" slack="0"/>
<pin id="185" dir="1" index="2" bw="0" slack="2147483647"/>
</pin_list>
<bind>
<opcode="store(28) " fcode="store"/>
<opset="store_ln1189/1 "/>
</bind>
</comp>

<comp id="187" class="1005" name="k_7_reg_187">
<pin_list>
<pin id="188" dir="0" index="0" bw="5" slack="0"/>
<pin id="189" dir="1" index="1" bw="5" slack="0"/>
</pin_list>
<bind>
<opset="k_7 "/>
</bind>
</comp>

<comp id="197" class="1005" name="zext_ln1234_reg_197">
<pin_list>
<pin id="198" dir="0" index="0" bw="64" slack="1"/>
<pin id="199" dir="1" index="1" bw="64" slack="1"/>
</pin_list>
<bind>
<opset="zext_ln1234 "/>
</bind>
</comp>

<comp id="205" class="1005" name="p_anonymous_namespace_g_core_state_admm_z_u_0_addr_reg_205">
<pin_list>
<pin id="206" dir="0" index="0" bw="5" slack="1"/>
<pin id="207" dir="1" index="1" bw="5" slack="1"/>
</pin_list>
<bind>
<opset="p_anonymous_namespace_g_core_state_admm_z_u_0_addr "/>
</bind>
</comp>

<comp id="210" class="1005" name="p_anonymous_namespace_g_core_state_admm_y_u_0_addr_reg_210">
<pin_list>
<pin id="211" dir="0" index="0" bw="5" slack="1"/>
<pin id="212" dir="1" index="1" bw="5" slack="1"/>
</pin_list>
<bind>
<opset="p_anonymous_namespace_g_core_state_admm_y_u_0_addr "/>
</bind>
</comp>

<comp id="215" class="1005" name="p_anonymous_namespace_g_core_state_admm_z_u_1_addr_reg_215">
<pin_list>
<pin id="216" dir="0" index="0" bw="5" slack="1"/>
<pin id="217" dir="1" index="1" bw="5" slack="1"/>
</pin_list>
<bind>
<opset="p_anonymous_namespace_g_core_state_admm_z_u_1_addr "/>
</bind>
</comp>

<comp id="220" class="1005" name="p_anonymous_namespace_g_core_state_admm_y_u_1_addr_reg_220">
<pin_list>
<pin id="221" dir="0" index="0" bw="5" slack="1"/>
<pin id="222" dir="1" index="1" bw="5" slack="1"/>
</pin_list>
<bind>
<opset="p_anonymous_namespace_g_core_state_admm_y_u_1_addr "/>
</bind>
</comp>

</comp_list>

<net_list>
<net id="45"><net_src comp="16" pin="0"/><net_sink comp="42" pin=0"/></net>

<net id="51"><net_src comp="8" pin="0"/><net_sink comp="46" pin=0"/></net>

<net id="52"><net_src comp="24" pin="0"/><net_sink comp="46" pin=1"/></net>

<net id="58"><net_src comp="46" pin="3"/><net_sink comp="53" pin=0"/></net>

<net id="64"><net_src comp="12" pin="0"/><net_sink comp="59" pin=0"/></net>

<net id="65"><net_src comp="24" pin="0"/><net_sink comp="59" pin=1"/></net>

<net id="71"><net_src comp="10" pin="0"/><net_sink comp="66" pin=0"/></net>

<net id="72"><net_src comp="24" pin="0"/><net_sink comp="66" pin=1"/></net>

<net id="78"><net_src comp="66" pin="3"/><net_sink comp="73" pin=0"/></net>

<net id="84"><net_src comp="14" pin="0"/><net_sink comp="79" pin=0"/></net>

<net id="85"><net_src comp="24" pin="0"/><net_sink comp="79" pin=1"/></net>

<net id="91"><net_src comp="59" pin="3"/><net_sink comp="86" pin=0"/></net>

<net id="97"><net_src comp="79" pin="3"/><net_sink comp="92" pin=0"/></net>

<net id="103"><net_src comp="6" pin="0"/><net_sink comp="98" pin=0"/></net>

<net id="104"><net_src comp="24" pin="0"/><net_sink comp="98" pin=1"/></net>

<net id="110"><net_src comp="2" pin="0"/><net_sink comp="105" pin=0"/></net>

<net id="111"><net_src comp="24" pin="0"/><net_sink comp="105" pin=1"/></net>

<net id="117"><net_src comp="4" pin="0"/><net_sink comp="112" pin=0"/></net>

<net id="118"><net_src comp="24" pin="0"/><net_sink comp="112" pin=1"/></net>

<net id="124"><net_src comp="53" pin="3"/><net_sink comp="119" pin=1"/></net>

<net id="125"><net_src comp="98" pin="3"/><net_sink comp="119" pin=0"/></net>

<net id="131"><net_src comp="73" pin="3"/><net_sink comp="126" pin=1"/></net>

<net id="132"><net_src comp="112" pin="3"/><net_sink comp="126" pin=0"/></net>

<net id="138"><net_src comp="0" pin="0"/><net_sink comp="133" pin=0"/></net>

<net id="139"><net_src comp="24" pin="0"/><net_sink comp="133" pin=1"/></net>

<net id="145"><net_src comp="86" pin="3"/><net_sink comp="140" pin=1"/></net>

<net id="146"><net_src comp="105" pin="3"/><net_sink comp="140" pin=0"/></net>

<net id="152"><net_src comp="92" pin="3"/><net_sink comp="147" pin=1"/></net>

<net id="153"><net_src comp="133" pin="3"/><net_sink comp="147" pin=0"/></net>

<net id="158"><net_src comp="18" pin="0"/><net_sink comp="154" pin=0"/></net>

<net id="166"><net_src comp="159" pin="1"/><net_sink comp="162" pin=0"/></net>

<net id="167"><net_src comp="20" pin="0"/><net_sink comp="162" pin=1"/></net>

<net id="172"><net_src comp="159" pin="1"/><net_sink comp="168" pin=0"/></net>

<net id="173"><net_src comp="22" pin="0"/><net_sink comp="168" pin=1"/></net>

<net id="177"><net_src comp="159" pin="1"/><net_sink comp="174" pin=0"/></net>

<net id="178"><net_src comp="174" pin="1"/><net_sink comp="46" pin=2"/></net>

<net id="179"><net_src comp="174" pin="1"/><net_sink comp="59" pin=2"/></net>

<net id="180"><net_src comp="174" pin="1"/><net_sink comp="66" pin=2"/></net>

<net id="181"><net_src comp="174" pin="1"/><net_sink comp="79" pin=2"/></net>

<net id="186"><net_src comp="168" pin="2"/><net_sink comp="182" pin=0"/></net>

<net id="190"><net_src comp="42" pin="1"/><net_sink comp="187" pin=0"/></net>

<net id="191"><net_src comp="187" pin="1"/><net_sink comp="154" pin=1"/></net>

<net id="192"><net_src comp="187" pin="1"/><net_sink comp="159" pin=0"/></net>

<net id="193"><net_src comp="187" pin="1"/><net_sink comp="182" pin=1"/></net>

<net id="200"><net_src comp="174" pin="1"/><net_sink comp="197" pin=0"/></net>

<net id="201"><net_src comp="197" pin="1"/><net_sink comp="98" pin=2"/></net>

<net id="202"><net_src comp="197" pin="1"/><net_sink comp="105" pin=2"/></net>

<net id="203"><net_src comp="197" pin="1"/><net_sink comp="112" pin=2"/></net>

<net id="204"><net_src comp="197" pin="1"/><net_sink comp="133" pin=2"/></net>

<net id="208"><net_src comp="46" pin="3"/><net_sink comp="205" pin=0"/></net>

<net id="209"><net_src comp="205" pin="1"/><net_sink comp="53" pin=0"/></net>

<net id="213"><net_src comp="59" pin="3"/><net_sink comp="210" pin=0"/></net>

<net id="214"><net_src comp="210" pin="1"/><net_sink comp="86" pin=0"/></net>

<net id="218"><net_src comp="66" pin="3"/><net_sink comp="215" pin=0"/></net>

<net id="219"><net_src comp="215" pin="1"/><net_sink comp="73" pin=0"/></net>

<net id="223"><net_src comp="79" pin="3"/><net_sink comp="220" pin=0"/></net>

<net id="224"><net_src comp="220" pin="1"/><net_sink comp="92" pin=0"/></net>

</net_list>

</model> 
---------------- Datapath Model END ------------------

* FSMD analyzer results:
  - Output states:
	Port: y_u_1 | {2 }
	Port: y_u | {2 }
	Port: z_u_1 | {2 }
	Port: z_u | {2 }
 - Input state : 
	Port: mpc_compute_hls_Pipeline_VITIS_LOOP_1234_9 : p_anonymous_namespace_g_core_state_admm_z_u_0 | {1 2 }
	Port: mpc_compute_hls_Pipeline_VITIS_LOOP_1234_9 : p_anonymous_namespace_g_core_state_admm_z_u_1 | {1 2 }
	Port: mpc_compute_hls_Pipeline_VITIS_LOOP_1234_9 : p_anonymous_namespace_g_core_state_admm_y_u_0 | {1 2 }
	Port: mpc_compute_hls_Pipeline_VITIS_LOOP_1234_9 : p_anonymous_namespace_g_core_state_admm_y_u_1 | {1 2 }
  - Chain level:
	State 1
		store_ln1189 : 1
		k : 1
		icmp_ln1234 : 2
		add_ln1234 : 2
		br_ln1234 : 3
		zext_ln1234 : 2
		p_anonymous_namespace_g_core_state_admm_z_u_0_addr : 3
		p_anonymous_namespace_g_core_state_admm_z_u_0_load : 4
		p_anonymous_namespace_g_core_state_admm_y_u_0_addr : 3
		p_anonymous_namespace_g_core_state_admm_z_u_1_addr : 3
		p_anonymous_namespace_g_core_state_admm_z_u_1_load : 4
		p_anonymous_namespace_g_core_state_admm_y_u_1_addr : 3
		p_anonymous_namespace_g_core_state_admm_y_u_0_load : 4
		p_anonymous_namespace_g_core_state_admm_y_u_1_load : 4
		store_ln1189 : 3
	State 2
		store_ln1237 : 1
		store_ln1237 : 1
		store_ln1238 : 1
		store_ln1238 : 1


============================================================
+ Verbose Summary: Datapath Resource usage 
============================================================

* Functional unit list:
|----------|--------------------|---------|---------|
| Operation|   Functional Unit  |    FF   |   LUT   |
|----------|--------------------|---------|---------|
|   icmp   | icmp_ln1234_fu_162 |    0    |    12   |
|----------|--------------------|---------|---------|
|    add   |  add_ln1234_fu_168 |    0    |    12   |
|----------|--------------------|---------|---------|
|   zext   | zext_ln1234_fu_174 |    0    |    0    |
|----------|--------------------|---------|---------|
|   Total  |                    |    0    |    24   |
|----------|--------------------|---------|---------|

Memories:
N/A

* Register list:
+----------------------------------------------------------+--------+
|                                                          |   FF   |
+----------------------------------------------------------+--------+
|                        k_7_reg_187                       |    5   |
|p_anonymous_namespace_g_core_state_admm_y_u_0_addr_reg_210|    5   |
|p_anonymous_namespace_g_core_state_admm_y_u_1_addr_reg_220|    5   |
|p_anonymous_namespace_g_core_state_admm_z_u_0_addr_reg_205|    5   |
|p_anonymous_namespace_g_core_state_admm_z_u_1_addr_reg_215|    5   |
|                    zext_ln1234_reg_197                   |   64   |
+----------------------------------------------------------+--------+
|                           Total                          |   89   |
+----------------------------------------------------------+--------+

* Multiplexer (MUX) list: 
|------------------|------|------|------|--------||---------||---------||---------|
|       Comp       |  Pin | Size |  BW  | S x BW ||  Delay  ||    FF   ||   LUT   |
|------------------|------|------|------|--------||---------||---------||---------|
| grp_access_fu_53 |  p0  |   2  |   5  |   10   ||    0    ||    9    |
| grp_access_fu_73 |  p0  |   2  |   5  |   10   ||    0    ||    9    |
| grp_access_fu_86 |  p0  |   2  |   5  |   10   ||    0    ||    9    |
| grp_access_fu_92 |  p0  |   2  |   5  |   10   ||    0    ||    9    |
|------------------|------|------|------|--------||---------||---------||---------|
|       Total      |      |      |      |   40   ||  1.708  ||    0    ||    36   |
|------------------|------|------|------|--------||---------||---------||---------|



* Summary:
+-----------+--------+--------+--------+
|           |  Delay |   FF   |   LUT  |
+-----------+--------+--------+--------+
|  Function |    -   |    0   |   24   |
|   Memory  |    -   |    -   |    -   |
|Multiplexer|    1   |    0   |   36   |
|  Register |    -   |   89   |    -   |
+-----------+--------+--------+--------+
|   Total   |    1   |   89   |   60   |
+-----------+--------+--------+--------+
