

================================================================
== Vitis HLS Report for 'mpc_compute_hls_Pipeline_VITIS_LOOP_1202_1'
================================================================
* Date:           Thu Jun 11 16:06:51 2026

* Version:        2025.2 (Build 6295257 on Nov 14 2025)
* Project:        mpc_fpga_top_opencl
* Solution:       hls (Vitis Kernel Flow Target)
* Product family: zynquplus
* Target device:  xck26-sfvc784-2LV-c


================================================================
== Performance Estimates
================================================================
+ Timing: 
    * Summary: 
    +--------+---------+----------+------------+
    |  Clock |  Target | Estimated| Uncertainty|
    +--------+---------+----------+------------+
    |ap_clk  |  5.00 ns|  1.893 ns|     0.50 ns|
    +--------+---------+----------+------------+

+ Latency: 
    * Summary: 
    +---------+---------+----------+----------+-----+-----+-------------------+
    |  Latency (cycles) |  Latency (absolute) |  Interval |      Pipeline     |
    |   min   |   max   |    min   |    max   | min | max |        Type       |
    +---------+---------+----------+----------+-----+-----+-------------------+
    |       22|       22|  0.110 us|  0.110 us|    0|    0|  loop pipeline stp|
    +---------+---------+----------+----------+-----+-----+-------------------+

    + Detail: 
        * Instance: 
        N/A

        * Loop: 
        +---------------------+---------+---------+----------+-----------+-----------+------+----------+
        |                     |  Latency (cycles) | Iteration|  Initiation Interval  | Trip |          |
        |      Loop Name      |   min   |   max   |  Latency |  achieved |   target  | Count| Pipelined|
        +---------------------+---------+---------+----------+-----------+-----------+------+----------+
        |- VITIS_LOOP_1202_1  |       20|       20|         1|          1|          1|    20|       yes|
        +---------------------+---------+---------+----------+-----------+-----------+------+----------+

============================================================
+ Verbose Summary: Synthesis Manager
============================================================
InlineROM: 1
ExposeGlobal: 0
============================================================
+ Verbose Summary: CDFG Model
============================================================
IsTopModel: 0
ResetActiveHigh: 1
IsCombinational: 0
IsDatapathOnly: 0
HasWiredReturn: 1
HasMFsm: 2
HasVarLatency: 1
IsPipeline: 0
IsRtlPipelined: 0
IsInstanceOverlapped: 0
IsDontTouch: 0
HasImplIP: 0
IsGatedGlobalClock: 0

+ Individual pipeline summary: 
  * Pipeline-0: initiation interval (II) = 1, depth = 1


============================================================
+ Verbose Summary: Schedule
============================================================
* Number of FSM states : 1
* Pipeline : 1
  Pipeline-0 : II = 1, D = 1, States = { 1 }
* Dataflow Pipeline: 0

* FSM state transitions: 
1 --> 

* FSM state operations: 

State 1 <SV = 0> <Delay = 1.89>
ST_1 : Operation 4 [1/1] (0.00ns)   --->   "%k_4 = alloca i32 1" [../src/riccati_solver_hls.cpp:1189->../src/mpc_riccati_hls.cpp:647]   --->   Operation 4 'alloca' 'k_4' <Predicate = true> <Delay = 0.00>
ST_1 : Operation 5 [1/1] (0.00ns)   --->   "%specmemcore_ln0 = specmemcore void @_ssdm_op_SpecMemCore, i26 %y_x, i64 666, i64 23, i64 1, i1 0"   --->   Operation 5 'specmemcore' 'specmemcore_ln0' <Predicate = true> <Delay = 0.00>
ST_1 : Operation 6 [1/1] (0.00ns)   --->   "%specmemcore_ln0 = specmemcore void @_ssdm_op_SpecMemCore, i26 %y_x_1, i64 666, i64 23, i64 1, i1 0"   --->   Operation 6 'specmemcore' 'specmemcore_ln0' <Predicate = true> <Delay = 0.00>
ST_1 : Operation 7 [1/1] (0.00ns)   --->   "%specmemcore_ln0 = specmemcore void @_ssdm_op_SpecMemCore, i26 %y_x_2, i64 666, i64 23, i64 1, i1 0"   --->   Operation 7 'specmemcore' 'specmemcore_ln0' <Predicate = true> <Delay = 0.00>
ST_1 : Operation 8 [1/1] (0.00ns)   --->   "%specmemcore_ln0 = specmemcore void @_ssdm_op_SpecMemCore, i26 %y_x_3, i64 666, i64 23, i64 1, i1 0"   --->   Operation 8 'specmemcore' 'specmemcore_ln0' <Predicate = true> <Delay = 0.00>
ST_1 : Operation 9 [1/1] (0.00ns)   --->   "%specmemcore_ln0 = specmemcore void @_ssdm_op_SpecMemCore, i26 %y_x_4, i64 666, i64 23, i64 1, i1 0"   --->   Operation 9 'specmemcore' 'specmemcore_ln0' <Predicate = true> <Delay = 0.00>
ST_1 : Operation 10 [1/1] (0.00ns)   --->   "%specmemcore_ln0 = specmemcore void @_ssdm_op_SpecMemCore, i26 %y_x_5, i64 666, i64 23, i64 1, i1 0"   --->   Operation 10 'specmemcore' 'specmemcore_ln0' <Predicate = true> <Delay = 0.00>
ST_1 : Operation 11 [1/1] (0.00ns)   --->   "%specmemcore_ln0 = specmemcore void @_ssdm_op_SpecMemCore, i26 %y_x_6, i64 666, i64 23, i64 1, i1 0"   --->   Operation 11 'specmemcore' 'specmemcore_ln0' <Predicate = true> <Delay = 0.00>
ST_1 : Operation 12 [1/1] (0.00ns)   --->   "%specmemcore_ln0 = specmemcore void @_ssdm_op_SpecMemCore, i26 %y_x_7, i64 666, i64 23, i64 1, i1 0"   --->   Operation 12 'specmemcore' 'specmemcore_ln0' <Predicate = true> <Delay = 0.00>
ST_1 : Operation 13 [1/1] (0.00ns)   --->   "%specmemcore_ln0 = specmemcore void @_ssdm_op_SpecMemCore, i26 %z_x, i64 666, i64 23, i64 1, i1 0"   --->   Operation 13 'specmemcore' 'specmemcore_ln0' <Predicate = true> <Delay = 0.00>
ST_1 : Operation 14 [1/1] (0.00ns)   --->   "%specmemcore_ln0 = specmemcore void @_ssdm_op_SpecMemCore, i26 %z_x_1, i64 666, i64 23, i64 1, i1 0"   --->   Operation 14 'specmemcore' 'specmemcore_ln0' <Predicate = true> <Delay = 0.00>
ST_1 : Operation 15 [1/1] (0.00ns)   --->   "%specmemcore_ln0 = specmemcore void @_ssdm_op_SpecMemCore, i26 %z_x_2, i64 666, i64 23, i64 1, i1 0"   --->   Operation 15 'specmemcore' 'specmemcore_ln0' <Predicate = true> <Delay = 0.00>
ST_1 : Operation 16 [1/1] (0.00ns)   --->   "%specmemcore_ln0 = specmemcore void @_ssdm_op_SpecMemCore, i26 %z_x_3, i64 666, i64 23, i64 1, i1 0"   --->   Operation 16 'specmemcore' 'specmemcore_ln0' <Predicate = true> <Delay = 0.00>
ST_1 : Operation 17 [1/1] (0.00ns)   --->   "%specmemcore_ln0 = specmemcore void @_ssdm_op_SpecMemCore, i26 %z_x_4, i64 666, i64 23, i64 1, i1 0"   --->   Operation 17 'specmemcore' 'specmemcore_ln0' <Predicate = true> <Delay = 0.00>
ST_1 : Operation 18 [1/1] (0.00ns)   --->   "%specmemcore_ln0 = specmemcore void @_ssdm_op_SpecMemCore, i26 %z_x_5, i64 666, i64 23, i64 1, i1 0"   --->   Operation 18 'specmemcore' 'specmemcore_ln0' <Predicate = true> <Delay = 0.00>
ST_1 : Operation 19 [1/1] (0.00ns)   --->   "%specmemcore_ln0 = specmemcore void @_ssdm_op_SpecMemCore, i26 %z_x_6, i64 666, i64 23, i64 1, i1 0"   --->   Operation 19 'specmemcore' 'specmemcore_ln0' <Predicate = true> <Delay = 0.00>
ST_1 : Operation 20 [1/1] (0.00ns)   --->   "%specmemcore_ln0 = specmemcore void @_ssdm_op_SpecMemCore, i26 %z_x_7, i64 666, i64 23, i64 1, i1 0"   --->   Operation 20 'specmemcore' 'specmemcore_ln0' <Predicate = true> <Delay = 0.00>
ST_1 : Operation 21 [1/1] (0.42ns)   --->   "%store_ln1189 = store i5 0, i5 %k_4" [../src/riccati_solver_hls.cpp:1189->../src/mpc_riccati_hls.cpp:647]   --->   Operation 21 'store' 'store_ln1189' <Predicate = true> <Delay = 0.42>
ST_1 : Operation 22 [1/1] (0.00ns)   --->   "%br_ln0 = br void %for.body.i"   --->   Operation 22 'br' 'br_ln0' <Predicate = true> <Delay = 0.00>
ST_1 : Operation 23 [1/1] (0.00ns)   --->   "%k = load i5 %k_4" [../src/riccati_solver_hls.cpp:1202->../src/mpc_riccati_hls.cpp:647]   --->   Operation 23 'load' 'k' <Predicate = true> <Delay = 0.00>
ST_1 : Operation 24 [1/1] (0.78ns)   --->   "%icmp_ln1202 = icmp_eq  i5 %k, i5 20" [../src/riccati_solver_hls.cpp:1202->../src/mpc_riccati_hls.cpp:647]   --->   Operation 24 'icmp' 'icmp_ln1202' <Predicate = true> <Delay = 0.78> <CoreInst = "Cmp">   --->   Core 9 'Cmp' <Latency = 0> <II = 1> <Delay = 0.78> <FuncUnit> <Opcode : 'seteq' 'setne' 'setle' 'setge' 'setlt' 'setgt'> <InPorts = 2> <OutPorts = 1>
ST_1 : Operation 25 [1/1] (0.78ns)   --->   "%add_ln1202 = add i5 %k, i5 1" [../src/riccati_solver_hls.cpp:1202->../src/mpc_riccati_hls.cpp:647]   --->   Operation 25 'add' 'add_ln1202' <Predicate = true> <Delay = 0.78> <CoreInst = "Adder">   --->   Core 1 'Adder' <Latency = 0> <II = 1> <Delay = 0.78> <FuncUnit> <Opcode : 'add' 'sub'> <InPorts = 2> <OutPorts = 1>
ST_1 : Operation 26 [1/1] (0.00ns)   --->   "%br_ln1202 = br i1 %icmp_ln1202, void %for.body.i.split, void %_ZN8ap_fixedILi26ELi12EL9ap_q_mode5EL9ap_o_mode3ELi0EEC2Ei.exit307.i.exitStub" [../src/riccati_solver_hls.cpp:1202->../src/mpc_riccati_hls.cpp:647]   --->   Operation 26 'br' 'br_ln1202' <Predicate = true> <Delay = 0.00>
ST_1 : Operation 27 [1/1] (0.00ns)   --->   "%zext_ln1202 = zext i5 %k" [../src/riccati_solver_hls.cpp:1202->../src/mpc_riccati_hls.cpp:647]   --->   Operation 27 'zext' 'zext_ln1202' <Predicate = (!icmp_ln1202)> <Delay = 0.00>
ST_1 : Operation 28 [1/1] (0.00ns)   --->   "%specpipeline_ln1189 = specpipeline void @_ssdm_op_SpecPipeline, i32 4294967295, i32 0, i32 0, i32 0, i32 4294967295, void @empty_524" [../src/riccati_solver_hls.cpp:1189->../src/mpc_riccati_hls.cpp:647]   --->   Operation 28 'specpipeline' 'specpipeline_ln1189' <Predicate = (!icmp_ln1202)> <Delay = 0.00>
ST_1 : Operation 29 [1/1] (0.00ns)   --->   "%speclooptripcount_ln1189 = speclooptripcount void @_ssdm_op_SpecLoopTripCount, i64 20, i64 20, i64 20" [../src/riccati_solver_hls.cpp:1189->../src/mpc_riccati_hls.cpp:647]   --->   Operation 29 'speclooptripcount' 'speclooptripcount_ln1189' <Predicate = (!icmp_ln1202)> <Delay = 0.00>
ST_1 : Operation 30 [1/1] (0.00ns)   --->   "%specloopname_ln1202 = specloopname void @_ssdm_op_SpecLoopName, void @empty_488" [../src/riccati_solver_hls.cpp:1202->../src/mpc_riccati_hls.cpp:647]   --->   Operation 30 'specloopname' 'specloopname_ln1202' <Predicate = (!icmp_ln1202)> <Delay = 0.00>
ST_1 : Operation 31 [1/1] (0.00ns)   --->   "%z_x_addr = getelementptr i26 %z_x, i64 0, i64 %zext_ln1202" [../src/riccati_solver_hls.cpp:1205->../src/mpc_riccati_hls.cpp:647]   --->   Operation 31 'getelementptr' 'z_x_addr' <Predicate = (!icmp_ln1202)> <Delay = 0.00>
ST_1 : Operation 32 [1/1] (0.00ns)   --->   "%y_x_addr = getelementptr i26 %y_x, i64 0, i64 %zext_ln1202" [../src/riccati_solver_hls.cpp:1206->../src/mpc_riccati_hls.cpp:647]   --->   Operation 32 'getelementptr' 'y_x_addr' <Predicate = (!icmp_ln1202)> <Delay = 0.00>
ST_1 : Operation 33 [1/1] (0.00ns)   --->   "%z_x_1_addr = getelementptr i26 %z_x_1, i64 0, i64 %zext_ln1202" [../src/riccati_solver_hls.cpp:1205->../src/mpc_riccati_hls.cpp:647]   --->   Operation 33 'getelementptr' 'z_x_1_addr' <Predicate = (!icmp_ln1202)> <Delay = 0.00>
ST_1 : Operation 34 [1/1] (0.00ns)   --->   "%y_x_1_addr = getelementptr i26 %y_x_1, i64 0, i64 %zext_ln1202" [../src/riccati_solver_hls.cpp:1206->../src/mpc_riccati_hls.cpp:647]   --->   Operation 34 'getelementptr' 'y_x_1_addr' <Predicate = (!icmp_ln1202)> <Delay = 0.00>
ST_1 : Operation 35 [1/1] (0.00ns)   --->   "%z_x_2_addr = getelementptr i26 %z_x_2, i64 0, i64 %zext_ln1202" [../src/riccati_solver_hls.cpp:1205->../src/mpc_riccati_hls.cpp:647]   --->   Operation 35 'getelementptr' 'z_x_2_addr' <Predicate = (!icmp_ln1202)> <Delay = 0.00>
ST_1 : Operation 36 [1/1] (0.00ns)   --->   "%y_x_2_addr = getelementptr i26 %y_x_2, i64 0, i64 %zext_ln1202" [../src/riccati_solver_hls.cpp:1206->../src/mpc_riccati_hls.cpp:647]   --->   Operation 36 'getelementptr' 'y_x_2_addr' <Predicate = (!icmp_ln1202)> <Delay = 0.00>
ST_1 : Operation 37 [1/1] (0.00ns)   --->   "%z_x_3_addr = getelementptr i26 %z_x_3, i64 0, i64 %zext_ln1202" [../src/riccati_solver_hls.cpp:1205->../src/mpc_riccati_hls.cpp:647]   --->   Operation 37 'getelementptr' 'z_x_3_addr' <Predicate = (!icmp_ln1202)> <Delay = 0.00>
ST_1 : Operation 38 [1/1] (0.00ns)   --->   "%y_x_3_addr = getelementptr i26 %y_x_3, i64 0, i64 %zext_ln1202" [../src/riccati_solver_hls.cpp:1206->../src/mpc_riccati_hls.cpp:647]   --->   Operation 38 'getelementptr' 'y_x_3_addr' <Predicate = (!icmp_ln1202)> <Delay = 0.00>
ST_1 : Operation 39 [1/1] (0.00ns)   --->   "%z_x_4_addr = getelementptr i26 %z_x_4, i64 0, i64 %zext_ln1202" [../src/riccati_solver_hls.cpp:1205->../src/mpc_riccati_hls.cpp:647]   --->   Operation 39 'getelementptr' 'z_x_4_addr' <Predicate = (!icmp_ln1202)> <Delay = 0.00>
ST_1 : Operation 40 [1/1] (0.00ns)   --->   "%y_x_4_addr = getelementptr i26 %y_x_4, i64 0, i64 %zext_ln1202" [../src/riccati_solver_hls.cpp:1206->../src/mpc_riccati_hls.cpp:647]   --->   Operation 40 'getelementptr' 'y_x_4_addr' <Predicate = (!icmp_ln1202)> <Delay = 0.00>
ST_1 : Operation 41 [1/1] (0.00ns)   --->   "%z_x_5_addr = getelementptr i26 %z_x_5, i64 0, i64 %zext_ln1202" [../src/riccati_solver_hls.cpp:1205->../src/mpc_riccati_hls.cpp:647]   --->   Operation 41 'getelementptr' 'z_x_5_addr' <Predicate = (!icmp_ln1202)> <Delay = 0.00>
ST_1 : Operation 42 [1/1] (0.00ns)   --->   "%y_x_5_addr = getelementptr i26 %y_x_5, i64 0, i64 %zext_ln1202" [../src/riccati_solver_hls.cpp:1206->../src/mpc_riccati_hls.cpp:647]   --->   Operation 42 'getelementptr' 'y_x_5_addr' <Predicate = (!icmp_ln1202)> <Delay = 0.00>
ST_1 : Operation 43 [1/1] (0.00ns)   --->   "%z_x_6_addr = getelementptr i26 %z_x_6, i64 0, i64 %zext_ln1202" [../src/riccati_solver_hls.cpp:1205->../src/mpc_riccati_hls.cpp:647]   --->   Operation 43 'getelementptr' 'z_x_6_addr' <Predicate = (!icmp_ln1202)> <Delay = 0.00>
ST_1 : Operation 44 [1/1] (0.00ns)   --->   "%y_x_6_addr = getelementptr i26 %y_x_6, i64 0, i64 %zext_ln1202" [../src/riccati_solver_hls.cpp:1206->../src/mpc_riccati_hls.cpp:647]   --->   Operation 44 'getelementptr' 'y_x_6_addr' <Predicate = (!icmp_ln1202)> <Delay = 0.00>
ST_1 : Operation 45 [1/1] (0.00ns)   --->   "%z_x_7_addr = getelementptr i26 %z_x_7, i64 0, i64 %zext_ln1202" [../src/riccati_solver_hls.cpp:1205->../src/mpc_riccati_hls.cpp:647]   --->   Operation 45 'getelementptr' 'z_x_7_addr' <Predicate = (!icmp_ln1202)> <Delay = 0.00>
ST_1 : Operation 46 [1/1] ( I:0.67ns O:0.67ns )   --->   "%store_ln1205 = store i26 0, i5 %z_x_addr" [../src/riccati_solver_hls.cpp:1205->../src/mpc_riccati_hls.cpp:647]   --->   Operation 46 'store' 'store_ln1205' <Predicate = (!icmp_ln1202)> <Delay = 0.67> <CoreInst = "RAM_2P_LUTRAM">   --->   Core 92 'RAM_2P_LUTRAM' <Latency = 1> <II = 1> <Delay = 0.67> <Storage> <Opcode : 'load' 'store'> <Ports = 2> <Width = 26> <Depth = 21> <RAM>
ST_1 : Operation 47 [1/1] ( I:0.67ns O:0.67ns )   --->   "%store_ln1205 = store i26 0, i5 %z_x_1_addr" [../src/riccati_solver_hls.cpp:1205->../src/mpc_riccati_hls.cpp:647]   --->   Operation 47 'store' 'store_ln1205' <Predicate = (!icmp_ln1202)> <Delay = 0.67> <CoreInst = "RAM_2P_LUTRAM">   --->   Core 92 'RAM_2P_LUTRAM' <Latency = 1> <II = 1> <Delay = 0.67> <Storage> <Opcode : 'load' 'store'> <Ports = 2> <Width = 26> <Depth = 21> <RAM>
ST_1 : Operation 48 [1/1] ( I:0.67ns O:0.67ns )   --->   "%store_ln1205 = store i26 0, i5 %z_x_2_addr" [../src/riccati_solver_hls.cpp:1205->../src/mpc_riccati_hls.cpp:647]   --->   Operation 48 'store' 'store_ln1205' <Predicate = (!icmp_ln1202)> <Delay = 0.67> <CoreInst = "RAM_2P_LUTRAM">   --->   Core 92 'RAM_2P_LUTRAM' <Latency = 1> <II = 1> <Delay = 0.67> <Storage> <Opcode : 'load' 'store'> <Ports = 2> <Width = 26> <Depth = 21> <RAM>
ST_1 : Operation 49 [1/1] ( I:0.67ns O:0.67ns )   --->   "%store_ln1205 = store i26 0, i5 %z_x_3_addr" [../src/riccati_solver_hls.cpp:1205->../src/mpc_riccati_hls.cpp:647]   --->   Operation 49 'store' 'store_ln1205' <Predicate = (!icmp_ln1202)> <Delay = 0.67> <CoreInst = "RAM_2P_LUTRAM">   --->   Core 92 'RAM_2P_LUTRAM' <Latency = 1> <II = 1> <Delay = 0.67> <Storage> <Opcode : 'load' 'store'> <Ports = 2> <Width = 26> <Depth = 21> <RAM>
ST_1 : Operation 50 [1/1] ( I:0.67ns O:0.67ns )   --->   "%store_ln1205 = store i26 0, i5 %z_x_4_addr" [../src/riccati_solver_hls.cpp:1205->../src/mpc_riccati_hls.cpp:647]   --->   Operation 50 'store' 'store_ln1205' <Predicate = (!icmp_ln1202)> <Delay = 0.67> <CoreInst = "RAM_2P_LUTRAM">   --->   Core 92 'RAM_2P_LUTRAM' <Latency = 1> <II = 1> <Delay = 0.67> <Storage> <Opcode : 'load' 'store'> <Ports = 2> <Width = 26> <Depth = 21> <RAM>
ST_1 : Operation 51 [1/1] ( I:0.67ns O:0.67ns )   --->   "%store_ln1205 = store i26 0, i5 %z_x_5_addr" [../src/riccati_solver_hls.cpp:1205->../src/mpc_riccati_hls.cpp:647]   --->   Operation 51 'store' 'store_ln1205' <Predicate = (!icmp_ln1202)> <Delay = 0.67> <CoreInst = "RAM_2P_LUTRAM">   --->   Core 92 'RAM_2P_LUTRAM' <Latency = 1> <II = 1> <Delay = 0.67> <Storage> <Opcode : 'load' 'store'> <Ports = 2> <Width = 26> <Depth = 21> <RAM>
ST_1 : Operation 52 [1/1] ( I:0.67ns O:0.67ns )   --->   "%store_ln1205 = store i26 0, i5 %z_x_6_addr" [../src/riccati_solver_hls.cpp:1205->../src/mpc_riccati_hls.cpp:647]   --->   Operation 52 'store' 'store_ln1205' <Predicate = (!icmp_ln1202)> <Delay = 0.67> <CoreInst = "RAM_2P_LUTRAM">   --->   Core 92 'RAM_2P_LUTRAM' <Latency = 1> <II = 1> <Delay = 0.67> <Storage> <Opcode : 'load' 'store'> <Ports = 2> <Width = 26> <Depth = 21> <RAM>
ST_1 : Operation 53 [1/1] ( I:0.67ns O:0.67ns )   --->   "%store_ln1205 = store i26 0, i5 %z_x_7_addr" [../src/riccati_solver_hls.cpp:1205->../src/mpc_riccati_hls.cpp:647]   --->   Operation 53 'store' 'store_ln1205' <Predicate = (!icmp_ln1202)> <Delay = 0.67> <CoreInst = "RAM_2P_LUTRAM">   --->   Core 92 'RAM_2P_LUTRAM' <Latency = 1> <II = 1> <Delay = 0.67> <Storage> <Opcode : 'load' 'store'> <Ports = 2> <Width = 26> <Depth = 21> <RAM>
ST_1 : Operation 54 [1/1] (0.00ns)   --->   "%y_x_7_addr = getelementptr i26 %y_x_7, i64 0, i64 %zext_ln1202" [../src/riccati_solver_hls.cpp:1206->../src/mpc_riccati_hls.cpp:647]   --->   Operation 54 'getelementptr' 'y_x_7_addr' <Predicate = (!icmp_ln1202)> <Delay = 0.00>
ST_1 : Operation 55 [1/1] ( I:0.67ns O:0.67ns )   --->   "%store_ln1206 = store i26 0, i5 %y_x_addr" [../src/riccati_solver_hls.cpp:1206->../src/mpc_riccati_hls.cpp:647]   --->   Operation 55 'store' 'store_ln1206' <Predicate = (!icmp_ln1202)> <Delay = 0.67> <CoreInst = "RAM_2P_LUTRAM">   --->   Core 92 'RAM_2P_LUTRAM' <Latency = 1> <II = 1> <Delay = 0.67> <Storage> <Opcode : 'load' 'store'> <Ports = 2> <Width = 26> <Depth = 21> <RAM>
ST_1 : Operation 56 [1/1] ( I:0.67ns O:0.67ns )   --->   "%store_ln1206 = store i26 0, i5 %y_x_1_addr" [../src/riccati_solver_hls.cpp:1206->../src/mpc_riccati_hls.cpp:647]   --->   Operation 56 'store' 'store_ln1206' <Predicate = (!icmp_ln1202)> <Delay = 0.67> <CoreInst = "RAM_2P_LUTRAM">   --->   Core 92 'RAM_2P_LUTRAM' <Latency = 1> <II = 1> <Delay = 0.67> <Storage> <Opcode : 'load' 'store'> <Ports = 2> <Width = 26> <Depth = 21> <RAM>
ST_1 : Operation 57 [1/1] ( I:0.67ns O:0.67ns )   --->   "%store_ln1206 = store i26 0, i5 %y_x_2_addr" [../src/riccati_solver_hls.cpp:1206->../src/mpc_riccati_hls.cpp:647]   --->   Operation 57 'store' 'store_ln1206' <Predicate = (!icmp_ln1202)> <Delay = 0.67> <CoreInst = "RAM_2P_LUTRAM">   --->   Core 92 'RAM_2P_LUTRAM' <Latency = 1> <II = 1> <Delay = 0.67> <Storage> <Opcode : 'load' 'store'> <Ports = 2> <Width = 26> <Depth = 21> <RAM>
ST_1 : Operation 58 [1/1] ( I:0.67ns O:0.67ns )   --->   "%store_ln1206 = store i26 0, i5 %y_x_3_addr" [../src/riccati_solver_hls.cpp:1206->../src/mpc_riccati_hls.cpp:647]   --->   Operation 58 'store' 'store_ln1206' <Predicate = (!icmp_ln1202)> <Delay = 0.67> <CoreInst = "RAM_2P_LUTRAM">   --->   Core 92 'RAM_2P_LUTRAM' <Latency = 1> <II = 1> <Delay = 0.67> <Storage> <Opcode : 'load' 'store'> <Ports = 2> <Width = 26> <Depth = 21> <RAM>
ST_1 : Operation 59 [1/1] ( I:0.67ns O:0.67ns )   --->   "%store_ln1206 = store i26 0, i5 %y_x_4_addr" [../src/riccati_solver_hls.cpp:1206->../src/mpc_riccati_hls.cpp:647]   --->   Operation 59 'store' 'store_ln1206' <Predicate = (!icmp_ln1202)> <Delay = 0.67> <CoreInst = "RAM_2P_LUTRAM">   --->   Core 92 'RAM_2P_LUTRAM' <Latency = 1> <II = 1> <Delay = 0.67> <Storage> <Opcode : 'load' 'store'> <Ports = 2> <Width = 26> <Depth = 21> <RAM>
ST_1 : Operation 60 [1/1] ( I:0.67ns O:0.67ns )   --->   "%store_ln1206 = store i26 0, i5 %y_x_5_addr" [../src/riccati_solver_hls.cpp:1206->../src/mpc_riccati_hls.cpp:647]   --->   Operation 60 'store' 'store_ln1206' <Predicate = (!icmp_ln1202)> <Delay = 0.67> <CoreInst = "RAM_2P_LUTRAM">   --->   Core 92 'RAM_2P_LUTRAM' <Latency = 1> <II = 1> <Delay = 0.67> <Storage> <Opcode : 'load' 'store'> <Ports = 2> <Width = 26> <Depth = 21> <RAM>
ST_1 : Operation 61 [1/1] ( I:0.67ns O:0.67ns )   --->   "%store_ln1206 = store i26 0, i5 %y_x_6_addr" [../src/riccati_solver_hls.cpp:1206->../src/mpc_riccati_hls.cpp:647]   --->   Operation 61 'store' 'store_ln1206' <Predicate = (!icmp_ln1202)> <Delay = 0.67> <CoreInst = "RAM_2P_LUTRAM">   --->   Core 92 'RAM_2P_LUTRAM' <Latency = 1> <II = 1> <Delay = 0.67> <Storage> <Opcode : 'load' 'store'> <Ports = 2> <Width = 26> <Depth = 21> <RAM>
ST_1 : Operation 62 [1/1] ( I:0.67ns O:0.67ns )   --->   "%store_ln1206 = store i26 0, i5 %y_x_7_addr" [../src/riccati_solver_hls.cpp:1206->../src/mpc_riccati_hls.cpp:647]   --->   Operation 62 'store' 'store_ln1206' <Predicate = (!icmp_ln1202)> <Delay = 0.67> <CoreInst = "RAM_2P_LUTRAM">   --->   Core 92 'RAM_2P_LUTRAM' <Latency = 1> <II = 1> <Delay = 0.67> <Storage> <Opcode : 'load' 'store'> <Ports = 2> <Width = 26> <Depth = 21> <RAM>
ST_1 : Operation 63 [1/1] (0.42ns)   --->   "%store_ln1189 = store i5 %add_ln1202, i5 %k_4" [../src/riccati_solver_hls.cpp:1189->../src/mpc_riccati_hls.cpp:647]   --->   Operation 63 'store' 'store_ln1189' <Predicate = (!icmp_ln1202)> <Delay = 0.42>
ST_1 : Operation 64 [1/1] (0.00ns)   --->   "%br_ln1202 = br void %for.body.i" [../src/riccati_solver_hls.cpp:1202->../src/mpc_riccati_hls.cpp:647]   --->   Operation 64 'br' 'br_ln1202' <Predicate = (!icmp_ln1202)> <Delay = 0.00>
ST_1 : Operation 65 [1/1] (0.42ns)   --->   "%ret_ln0 = ret"   --->   Operation 65 'ret' 'ret_ln0' <Predicate = (icmp_ln1202)> <Delay = 0.42>


============================================================
+ Verbose Summary: Binding
============================================================
STG Binding: 
---------------- STG Properties BEGIN ----------------
- Is combinational: 0
- Is one-state seq: 0
- Is datapath-only: 0
- Is pipelined: 0
- Is top level: 0
Port [ Return ] is wired: 1; IO mode=ap_ctrl_hs:ce=0
Port [ y_x_7]:  wired=1; compound=1; hidden=0; nouse=0; global=0; static=0; extern=0; dir=1; type=1; pingpong=0; private_global=0; MemPort=[30]; IO mode=ap_memory:ce=0
Port [ y_x_6]:  wired=1; compound=1; hidden=0; nouse=0; global=0; static=0; extern=0; dir=1; type=1; pingpong=0; private_global=0; MemPort=[30]; IO mode=ap_memory:ce=0
Port [ y_x_5]:  wired=1; compound=1; hidden=0; nouse=0; global=0; static=0; extern=0; dir=1; type=1; pingpong=0; private_global=0; MemPort=[30]; IO mode=ap_memory:ce=0
Port [ y_x_4]:  wired=1; compound=1; hidden=0; nouse=0; global=0; static=0; extern=0; dir=1; type=1; pingpong=0; private_global=0; MemPort=[30]; IO mode=ap_memory:ce=0
Port [ y_x_3]:  wired=1; compound=1; hidden=0; nouse=0; global=0; static=0; extern=0; dir=1; type=1; pingpong=0; private_global=0; MemPort=[30]; IO mode=ap_memory:ce=0
Port [ y_x_2]:  wired=1; compound=1; hidden=0; nouse=0; global=0; static=0; extern=0; dir=1; type=1; pingpong=0; private_global=0; MemPort=[30]; IO mode=ap_memory:ce=0
Port [ y_x_1]:  wired=1; compound=1; hidden=0; nouse=0; global=0; static=0; extern=0; dir=1; type=1; pingpong=0; private_global=0; MemPort=[30]; IO mode=ap_memory:ce=0
Port [ y_x]:  wired=1; compound=1; hidden=0; nouse=0; global=0; static=0; extern=0; dir=1; type=1; pingpong=0; private_global=0; MemPort=[30]; IO mode=ap_memory:ce=0
Port [ z_x_7]:  wired=1; compound=1; hidden=0; nouse=0; global=0; static=0; extern=0; dir=1; type=1; pingpong=0; private_global=0; MemPort=[30]; IO mode=ap_memory:ce=0
Port [ z_x_6]:  wired=1; compound=1; hidden=0; nouse=0; global=0; static=0; extern=0; dir=1; type=1; pingpong=0; private_global=0; MemPort=[30]; IO mode=ap_memory:ce=0
Port [ z_x_5]:  wired=1; compound=1; hidden=0; nouse=0; global=0; static=0; extern=0; dir=1; type=1; pingpong=0; private_global=0; MemPort=[30]; IO mode=ap_memory:ce=0
Port [ z_x_4]:  wired=1; compound=1; hidden=0; nouse=0; global=0; static=0; extern=0; dir=1; type=1; pingpong=0; private_global=0; MemPort=[30]; IO mode=ap_memory:ce=0
Port [ z_x_3]:  wired=1; compound=1; hidden=0; nouse=0; global=0; static=0; extern=0; dir=1; type=1; pingpong=0; private_global=0; MemPort=[30]; IO mode=ap_memory:ce=0
Port [ z_x_2]:  wired=1; compound=1; hidden=0; nouse=0; global=0; static=0; extern=0; dir=1; type=1; pingpong=0; private_global=0; MemPort=[30]; IO mode=ap_memory:ce=0
Port [ z_x_1]:  wired=1; compound=1; hidden=0; nouse=0; global=0; static=0; extern=0; dir=1; type=1; pingpong=0; private_global=0; MemPort=[30]; IO mode=ap_memory:ce=0
Port [ z_x]:  wired=1; compound=1; hidden=0; nouse=0; global=0; static=0; extern=0; dir=1; type=1; pingpong=0; private_global=0; MemPort=[30]; IO mode=ap_memory:ce=0
---------------- STG Properties END ------------------

---------------- Datapath Model BEGIN ----------------

<LifeTime>
<method=bitvector/>
k_4                      (alloca           ) [ 01]
specmemcore_ln0          (specmemcore      ) [ 00]
specmemcore_ln0          (specmemcore      ) [ 00]
specmemcore_ln0          (specmemcore      ) [ 00]
specmemcore_ln0          (specmemcore      ) [ 00]
specmemcore_ln0          (specmemcore      ) [ 00]
specmemcore_ln0          (specmemcore      ) [ 00]
specmemcore_ln0          (specmemcore      ) [ 00]
specmemcore_ln0          (specmemcore      ) [ 00]
specmemcore_ln0          (specmemcore      ) [ 00]
specmemcore_ln0          (specmemcore      ) [ 00]
specmemcore_ln0          (specmemcore      ) [ 00]
specmemcore_ln0          (specmemcore      ) [ 00]
specmemcore_ln0          (specmemcore      ) [ 00]
specmemcore_ln0          (specmemcore      ) [ 00]
specmemcore_ln0          (specmemcore      ) [ 00]
specmemcore_ln0          (specmemcore      ) [ 00]
store_ln1189             (store            ) [ 00]
br_ln0                   (br               ) [ 00]
k                        (load             ) [ 00]
icmp_ln1202              (icmp             ) [ 01]
add_ln1202               (add              ) [ 00]
br_ln1202                (br               ) [ 00]
zext_ln1202              (zext             ) [ 00]
specpipeline_ln1189      (specpipeline     ) [ 00]
speclooptripcount_ln1189 (speclooptripcount) [ 00]
specloopname_ln1202      (specloopname     ) [ 00]
z_x_addr                 (getelementptr    ) [ 00]
y_x_addr                 (getelementptr    ) [ 00]
z_x_1_addr               (getelementptr    ) [ 00]
y_x_1_addr               (getelementptr    ) [ 00]
z_x_2_addr               (getelementptr    ) [ 00]
y_x_2_addr               (getelementptr    ) [ 00]
z_x_3_addr               (getelementptr    ) [ 00]
y_x_3_addr               (getelementptr    ) [ 00]
z_x_4_addr               (getelementptr    ) [ 00]
y_x_4_addr               (getelementptr    ) [ 00]
z_x_5_addr               (getelementptr    ) [ 00]
y_x_5_addr               (getelementptr    ) [ 00]
z_x_6_addr               (getelementptr    ) [ 00]
y_x_6_addr               (getelementptr    ) [ 00]
z_x_7_addr               (getelementptr    ) [ 00]
store_ln1205             (store            ) [ 00]
store_ln1205             (store            ) [ 00]
store_ln1205             (store            ) [ 00]
store_ln1205             (store            ) [ 00]
store_ln1205             (store            ) [ 00]
store_ln1205             (store            ) [ 00]
store_ln1205             (store            ) [ 00]
store_ln1205             (store            ) [ 00]
y_x_7_addr               (getelementptr    ) [ 00]
store_ln1206             (store            ) [ 00]
store_ln1206             (store            ) [ 00]
store_ln1206             (store            ) [ 00]
store_ln1206             (store            ) [ 00]
store_ln1206             (store            ) [ 00]
store_ln1206             (store            ) [ 00]
store_ln1206             (store            ) [ 00]
store_ln1206             (store            ) [ 00]
store_ln1189             (store            ) [ 00]
br_ln1202                (br               ) [ 00]
ret_ln0                  (ret              ) [ 00]
</LifeTime>

<model>

<comp_list>
<comp id="0" class="1000" name="y_x_7">
<pin_list>
<pin id="1" dir="1" index="0" bw="1" slack="0"/>
</pin_list>
<bind>
<StgValue><ssdm name="y_x_7"/><MemPortTyVec>3 0 </MemPortTyVec>
</StgValue>
</bind>
</comp>

<comp id="2" class="1000" name="y_x_6">
<pin_list>
<pin id="3" dir="1" index="0" bw="1" slack="0"/>
</pin_list>
<bind>
<StgValue><ssdm name="y_x_6"/><MemPortTyVec>3 0 </MemPortTyVec>
</StgValue>
</bind>
</comp>

<comp id="4" class="1000" name="y_x_5">
<pin_list>
<pin id="5" dir="1" index="0" bw="1" slack="0"/>
</pin_list>
<bind>
<StgValue><ssdm name="y_x_5"/><MemPortTyVec>3 0 </MemPortTyVec>
</StgValue>
</bind>
</comp>

<comp id="6" class="1000" name="y_x_4">
<pin_list>
<pin id="7" dir="1" index="0" bw="1" slack="0"/>
</pin_list>
<bind>
<StgValue><ssdm name="y_x_4"/><MemPortTyVec>3 0 </MemPortTyVec>
</StgValue>
</bind>
</comp>

<comp id="8" class="1000" name="y_x_3">
<pin_list>
<pin id="9" dir="1" index="0" bw="1" slack="0"/>
</pin_list>
<bind>
<StgValue><ssdm name="y_x_3"/><MemPortTyVec>3 0 </MemPortTyVec>
</StgValue>
</bind>
</comp>

<comp id="10" class="1000" name="y_x_2">
<pin_list>
<pin id="11" dir="1" index="0" bw="1" slack="0"/>
</pin_list>
<bind>
<StgValue><ssdm name="y_x_2"/><MemPortTyVec>3 0 </MemPortTyVec>
</StgValue>
</bind>
</comp>

<comp id="12" class="1000" name="y_x_1">
<pin_list>
<pin id="13" dir="1" index="0" bw="1" slack="0"/>
</pin_list>
<bind>
<StgValue><ssdm name="y_x_1"/><MemPortTyVec>3 0 </MemPortTyVec>
</StgValue>
</bind>
</comp>

<comp id="14" class="1000" name="y_x">
<pin_list>
<pin id="15" dir="1" index="0" bw="1" slack="0"/>
</pin_list>
<bind>
<StgValue><ssdm name="y_x"/><MemPortTyVec>3 0 </MemPortTyVec>
</StgValue>
</bind>
</comp>

<comp id="16" class="1000" name="z_x_7">
<pin_list>
<pin id="17" dir="1" index="0" bw="1" slack="0"/>
</pin_list>
<bind>
<StgValue><ssdm name="z_x_7"/><MemPortTyVec>3 0 </MemPortTyVec>
</StgValue>
</bind>
</comp>

<comp id="18" class="1000" name="z_x_6">
<pin_list>
<pin id="19" dir="1" index="0" bw="1" slack="0"/>
</pin_list>
<bind>
<StgValue><ssdm name="z_x_6"/><MemPortTyVec>3 0 </MemPortTyVec>
</StgValue>
</bind>
</comp>

<comp id="20" class="1000" name="z_x_5">
<pin_list>
<pin id="21" dir="1" index="0" bw="1" slack="0"/>
</pin_list>
<bind>
<StgValue><ssdm name="z_x_5"/><MemPortTyVec>3 0 </MemPortTyVec>
</StgValue>
</bind>
</comp>

<comp id="22" class="1000" name="z_x_4">
<pin_list>
<pin id="23" dir="1" index="0" bw="1" slack="0"/>
</pin_list>
<bind>
<StgValue><ssdm name="z_x_4"/><MemPortTyVec>3 0 </MemPortTyVec>
</StgValue>
</bind>
</comp>

<comp id="24" class="1000" name="z_x_3">
<pin_list>
<pin id="25" dir="1" index="0" bw="1" slack="0"/>
</pin_list>
<bind>
<StgValue><ssdm name="z_x_3"/><MemPortTyVec>3 0 </MemPortTyVec>
</StgValue>
</bind>
</comp>

<comp id="26" class="1000" name="z_x_2">
<pin_list>
<pin id="27" dir="1" index="0" bw="1" slack="0"/>
</pin_list>
<bind>
<StgValue><ssdm name="z_x_2"/><MemPortTyVec>3 0 </MemPortTyVec>
</StgValue>
</bind>
</comp>

<comp id="28" class="1000" name="z_x_1">
<pin_list>
<pin id="29" dir="1" index="0" bw="1" slack="0"/>
</pin_list>
<bind>
<StgValue><ssdm name="z_x_1"/><MemPortTyVec>3 0 </MemPortTyVec>
</StgValue>
</bind>
</comp>

<comp id="30" class="1000" name="z_x">
<pin_list>
<pin id="31" dir="1" index="0" bw="1" slack="0"/>
</pin_list>
<bind>
<StgValue><ssdm name="z_x"/><MemPortTyVec>3 0 </MemPortTyVec>
</StgValue>
</bind>
</comp>

<comp id="32" class="1001" name="const_32">
<pin_list>
<pin id="33" dir="1" index="0" bw="1" slack="0"/>
</pin_list>
<bind>
<StgValue><ssdm name=""/></StgValue>
</bind>
</comp>

<comp id="34" class="1001" name="const_34">
<pin_list>
<pin id="35" dir="1" index="0" bw="1" slack="2147483647"/>
</pin_list>
<bind>
<StgValue><ssdm name="_ssdm_op_SpecMemCore"/></StgValue>
</bind>
</comp>

<comp id="36" class="1001" name="const_36">
<pin_list>
<pin id="37" dir="1" index="0" bw="1" slack="2147483647"/>
</pin_list>
<bind>
<StgValue><ssdm name=""/></StgValue>
</bind>
</comp>

<comp id="38" class="1001" name="const_38">
<pin_list>
<pin id="39" dir="1" index="0" bw="1" slack="2147483647"/>
</pin_list>
<bind>
<StgValue><ssdm name=""/></StgValue>
</bind>
</comp>

<comp id="40" class="1001" name="const_40">
<pin_list>
<pin id="41" dir="1" index="0" bw="1" slack="2147483647"/>
</pin_list>
<bind>
<StgValue><ssdm name=""/></StgValue>
</bind>
</comp>

<comp id="42" class="1001" name="const_42">
<pin_list>
<pin id="43" dir="1" index="0" bw="1" slack="2147483647"/>
</pin_list>
<bind>
<StgValue><ssdm name=""/></StgValue>
</bind>
</comp>

<comp id="44" class="1001" name="const_44">
<pin_list>
<pin id="45" dir="1" index="0" bw="1" slack="0"/>
</pin_list>
<bind>
<StgValue><ssdm name=""/></StgValue>
</bind>
</comp>

<comp id="46" class="1001" name="const_46">
<pin_list>
<pin id="47" dir="1" index="0" bw="1" slack="0"/>
</pin_list>
<bind>
<StgValue><ssdm name=""/></StgValue>
</bind>
</comp>

<comp id="48" class="1001" name="const_48">
<pin_list>
<pin id="49" dir="1" index="0" bw="1" slack="0"/>
</pin_list>
<bind>
<StgValue><ssdm name=""/></StgValue>
</bind>
</comp>

<comp id="50" class="1001" name="const_50">
<pin_list>
<pin id="51" dir="1" index="0" bw="1" slack="2147483647"/>
</pin_list>
<bind>
<StgValue><ssdm name="_ssdm_op_SpecPipeline"/></StgValue>
</bind>
</comp>

<comp id="52" class="1001" name="const_52">
<pin_list>
<pin id="53" dir="1" index="0" bw="1" slack="2147483647"/>
</pin_list>
<bind>
<StgValue><ssdm name=""/></StgValue>
</bind>
</comp>

<comp id="54" class="1001" name="const_54">
<pin_list>
<pin id="55" dir="1" index="0" bw="1" slack="2147483647"/>
</pin_list>
<bind>
<StgValue><ssdm name=""/></StgValue>
</bind>
</comp>

<comp id="56" class="1001" name="const_56">
<pin_list>
<pin id="57" dir="1" index="0" bw="1" slack="2147483647"/>
</pin_list>
<bind>
<StgValue><ssdm name="empty_524"/></StgValue>
</bind>
</comp>

<comp id="58" class="1001" name="const_58">
<pin_list>
<pin id="59" dir="1" index="0" bw="1" slack="2147483647"/>
</pin_list>
<bind>
<StgValue><ssdm name="_ssdm_op_SpecLoopTripCount"/></StgValue>
</bind>
</comp>

<comp id="60" class="1001" name="const_60">
<pin_list>
<pin id="61" dir="1" index="0" bw="1" slack="2147483647"/>
</pin_list>
<bind>
<StgValue><ssdm name=""/></StgValue>
</bind>
</comp>

<comp id="62" class="1001" name="const_62">
<pin_list>
<pin id="63" dir="1" index="0" bw="1" slack="2147483647"/>
</pin_list>
<bind>
<StgValue><ssdm name="_ssdm_op_SpecLoopName"/></StgValue>
</bind>
</comp>

<comp id="64" class="1001" name="const_64">
<pin_list>
<pin id="65" dir="1" index="0" bw="1" slack="2147483647"/>
</pin_list>
<bind>
<StgValue><ssdm name="empty_488"/></StgValue>
</bind>
</comp>

<comp id="66" class="1001" name="const_66">
<pin_list>
<pin id="67" dir="1" index="0" bw="1" slack="0"/>
</pin_list>
<bind>
<StgValue><ssdm name=""/></StgValue>
</bind>
</comp>

<comp id="68" class="1001" name="const_68">
<pin_list>
<pin id="69" dir="1" index="0" bw="1" slack="0"/>
</pin_list>
<bind>
<StgValue><ssdm name=""/></StgValue>
</bind>
</comp>

<comp id="70" class="1004" name="k_4_fu_70">
<pin_list>
<pin id="71" dir="0" index="0" bw="1" slack="0"/>
<pin id="72" dir="1" index="1" bw="5" slack="0"/>
</pin_list>
<bind>
<opcode="alloca(26) " fcode="alloca"/>
<opset="k_4/1 "/>
</bind>
</comp>

<comp id="74" class="1004" name="z_x_addr_gep_fu_74">
<pin_list>
<pin id="75" dir="0" index="0" bw="26" slack="0"/>
<pin id="76" dir="0" index="1" bw="1" slack="0"/>
<pin id="77" dir="0" index="2" bw="5" slack="0"/>
<pin id="78" dir="1" index="3" bw="5" slack="0"/>
</pin_list>
<bind>
<opcode="getelementptr(29) " fcode="getelementptr"/>
<opset="z_x_addr/1 "/>
</bind>
</comp>

<comp id="81" class="1004" name="y_x_addr_gep_fu_81">
<pin_list>
<pin id="82" dir="0" index="0" bw="26" slack="0"/>
<pin id="83" dir="0" index="1" bw="1" slack="0"/>
<pin id="84" dir="0" index="2" bw="5" slack="0"/>
<pin id="85" dir="1" index="3" bw="5" slack="0"/>
</pin_list>
<bind>
<opcode="getelementptr(29) " fcode="getelementptr"/>
<opset="y_x_addr/1 "/>
</bind>
</comp>

<comp id="88" class="1004" name="z_x_1_addr_gep_fu_88">
<pin_list>
<pin id="89" dir="0" index="0" bw="26" slack="0"/>
<pin id="90" dir="0" index="1" bw="1" slack="0"/>
<pin id="91" dir="0" index="2" bw="5" slack="0"/>
<pin id="92" dir="1" index="3" bw="5" slack="0"/>
</pin_list>
<bind>
<opcode="getelementptr(29) " fcode="getelementptr"/>
<opset="z_x_1_addr/1 "/>
</bind>
</comp>

<comp id="95" class="1004" name="y_x_1_addr_gep_fu_95">
<pin_list>
<pin id="96" dir="0" index="0" bw="26" slack="0"/>
<pin id="97" dir="0" index="1" bw="1" slack="0"/>
<pin id="98" dir="0" index="2" bw="5" slack="0"/>
<pin id="99" dir="1" index="3" bw="5" slack="0"/>
</pin_list>
<bind>
<opcode="getelementptr(29) " fcode="getelementptr"/>
<opset="y_x_1_addr/1 "/>
</bind>
</comp>

<comp id="102" class="1004" name="z_x_2_addr_gep_fu_102">
<pin_list>
<pin id="103" dir="0" index="0" bw="26" slack="0"/>
<pin id="104" dir="0" index="1" bw="1" slack="0"/>
<pin id="105" dir="0" index="2" bw="5" slack="0"/>
<pin id="106" dir="1" index="3" bw="5" slack="0"/>
</pin_list>
<bind>
<opcode="getelementptr(29) " fcode="getelementptr"/>
<opset="z_x_2_addr/1 "/>
</bind>
</comp>

<comp id="109" class="1004" name="y_x_2_addr_gep_fu_109">
<pin_list>
<pin id="110" dir="0" index="0" bw="26" slack="0"/>
<pin id="111" dir="0" index="1" bw="1" slack="0"/>
<pin id="112" dir="0" index="2" bw="5" slack="0"/>
<pin id="113" dir="1" index="3" bw="5" slack="0"/>
</pin_list>
<bind>
<opcode="getelementptr(29) " fcode="getelementptr"/>
<opset="y_x_2_addr/1 "/>
</bind>
</comp>

<comp id="116" class="1004" name="z_x_3_addr_gep_fu_116">
<pin_list>
<pin id="117" dir="0" index="0" bw="26" slack="0"/>
<pin id="118" dir="0" index="1" bw="1" slack="0"/>
<pin id="119" dir="0" index="2" bw="5" slack="0"/>
<pin id="120" dir="1" index="3" bw="5" slack="0"/>
</pin_list>
<bind>
<opcode="getelementptr(29) " fcode="getelementptr"/>
<opset="z_x_3_addr/1 "/>
</bind>
</comp>

<comp id="123" class="1004" name="y_x_3_addr_gep_fu_123">
<pin_list>
<pin id="124" dir="0" index="0" bw="26" slack="0"/>
<pin id="125" dir="0" index="1" bw="1" slack="0"/>
<pin id="126" dir="0" index="2" bw="5" slack="0"/>
<pin id="127" dir="1" index="3" bw="5" slack="0"/>
</pin_list>
<bind>
<opcode="getelementptr(29) " fcode="getelementptr"/>
<opset="y_x_3_addr/1 "/>
</bind>
</comp>

<comp id="130" class="1004" name="z_x_4_addr_gep_fu_130">
<pin_list>
<pin id="131" dir="0" index="0" bw="26" slack="0"/>
<pin id="132" dir="0" index="1" bw="1" slack="0"/>
<pin id="133" dir="0" index="2" bw="5" slack="0"/>
<pin id="134" dir="1" index="3" bw="5" slack="0"/>
</pin_list>
<bind>
<opcode="getelementptr(29) " fcode="getelementptr"/>
<opset="z_x_4_addr/1 "/>
</bind>
</comp>

<comp id="137" class="1004" name="y_x_4_addr_gep_fu_137">
<pin_list>
<pin id="138" dir="0" index="0" bw="26" slack="0"/>
<pin id="139" dir="0" index="1" bw="1" slack="0"/>
<pin id="140" dir="0" index="2" bw="5" slack="0"/>
<pin id="141" dir="1" index="3" bw="5" slack="0"/>
</pin_list>
<bind>
<opcode="getelementptr(29) " fcode="getelementptr"/>
<opset="y_x_4_addr/1 "/>
</bind>
</comp>

<comp id="144" class="1004" name="z_x_5_addr_gep_fu_144">
<pin_list>
<pin id="145" dir="0" index="0" bw="26" slack="0"/>
<pin id="146" dir="0" index="1" bw="1" slack="0"/>
<pin id="147" dir="0" index="2" bw="5" slack="0"/>
<pin id="148" dir="1" index="3" bw="5" slack="0"/>
</pin_list>
<bind>
<opcode="getelementptr(29) " fcode="getelementptr"/>
<opset="z_x_5_addr/1 "/>
</bind>
</comp>

<comp id="151" class="1004" name="y_x_5_addr_gep_fu_151">
<pin_list>
<pin id="152" dir="0" index="0" bw="26" slack="0"/>
<pin id="153" dir="0" index="1" bw="1" slack="0"/>
<pin id="154" dir="0" index="2" bw="5" slack="0"/>
<pin id="155" dir="1" index="3" bw="5" slack="0"/>
</pin_list>
<bind>
<opcode="getelementptr(29) " fcode="getelementptr"/>
<opset="y_x_5_addr/1 "/>
</bind>
</comp>

<comp id="158" class="1004" name="z_x_6_addr_gep_fu_158">
<pin_list>
<pin id="159" dir="0" index="0" bw="26" slack="0"/>
<pin id="160" dir="0" index="1" bw="1" slack="0"/>
<pin id="161" dir="0" index="2" bw="5" slack="0"/>
<pin id="162" dir="1" index="3" bw="5" slack="0"/>
</pin_list>
<bind>
<opcode="getelementptr(29) " fcode="getelementptr"/>
<opset="z_x_6_addr/1 "/>
</bind>
</comp>

<comp id="165" class="1004" name="y_x_6_addr_gep_fu_165">
<pin_list>
<pin id="166" dir="0" index="0" bw="26" slack="0"/>
<pin id="167" dir="0" index="1" bw="1" slack="0"/>
<pin id="168" dir="0" index="2" bw="5" slack="0"/>
<pin id="169" dir="1" index="3" bw="5" slack="0"/>
</pin_list>
<bind>
<opcode="getelementptr(29) " fcode="getelementptr"/>
<opset="y_x_6_addr/1 "/>
</bind>
</comp>

<comp id="172" class="1004" name="z_x_7_addr_gep_fu_172">
<pin_list>
<pin id="173" dir="0" index="0" bw="26" slack="0"/>
<pin id="174" dir="0" index="1" bw="1" slack="0"/>
<pin id="175" dir="0" index="2" bw="5" slack="0"/>
<pin id="176" dir="1" index="3" bw="5" slack="0"/>
</pin_list>
<bind>
<opcode="getelementptr(29) " fcode="getelementptr"/>
<opset="z_x_7_addr/1 "/>
</bind>
</comp>

<comp id="179" class="1004" name="store_ln1205_access_fu_179">
<pin_list>
<pin id="180" dir="0" index="0" bw="5" slack="2147483647"/>
<pin id="181" dir="0" index="1" bw="26" slack="2147483647"/>
<pin id="182" dir="0" index="2" bw="0" slack="0"/>
<pin id="184" dir="0" index="4" bw="5" slack="0"/>
<pin id="185" dir="0" index="5" bw="26" slack="2147483647"/>
<pin id="186" dir="0" index="6" bw="0" slack="2147483647"/>
<pin id="183" dir="1" index="3" bw="26" slack="2147483647"/>
<pin id="187" dir="1" index="7" bw="26" slack="2147483647"/>
</pin_list>
<bind>
<opcode="store(28) " fcode="store"/>
<opset="store_ln1205/1 "/>
</bind>
</comp>

<comp id="190" class="1004" name="store_ln1205_access_fu_190">
<pin_list>
<pin id="191" dir="0" index="0" bw="5" slack="2147483647"/>
<pin id="192" dir="0" index="1" bw="26" slack="2147483647"/>
<pin id="193" dir="0" index="2" bw="0" slack="0"/>
<pin id="195" dir="0" index="4" bw="5" slack="0"/>
<pin id="196" dir="0" index="5" bw="26" slack="2147483647"/>
<pin id="197" dir="0" index="6" bw="0" slack="2147483647"/>
<pin id="194" dir="1" index="3" bw="26" slack="2147483647"/>
<pin id="198" dir="1" index="7" bw="26" slack="2147483647"/>
</pin_list>
<bind>
<opcode="store(28) " fcode="store"/>
<opset="store_ln1205/1 "/>
</bind>
</comp>

<comp id="201" class="1004" name="store_ln1205_access_fu_201">
<pin_list>
<pin id="202" dir="0" index="0" bw="5" slack="2147483647"/>
<pin id="203" dir="0" index="1" bw="26" slack="2147483647"/>
<pin id="204" dir="0" index="2" bw="0" slack="0"/>
<pin id="206" dir="0" index="4" bw="5" slack="0"/>
<pin id="207" dir="0" index="5" bw="26" slack="2147483647"/>
<pin id="208" dir="0" index="6" bw="0" slack="2147483647"/>
<pin id="205" dir="1" index="3" bw="26" slack="2147483647"/>
<pin id="209" dir="1" index="7" bw="26" slack="2147483647"/>
</pin_list>
<bind>
<opcode="store(28) " fcode="store"/>
<opset="store_ln1205/1 "/>
</bind>
</comp>

<comp id="212" class="1004" name="store_ln1205_access_fu_212">
<pin_list>
<pin id="213" dir="0" index="0" bw="5" slack="2147483647"/>
<pin id="214" dir="0" index="1" bw="26" slack="2147483647"/>
<pin id="215" dir="0" index="2" bw="0" slack="0"/>
<pin id="217" dir="0" index="4" bw="5" slack="0"/>
<pin id="218" dir="0" index="5" bw="26" slack="2147483647"/>
<pin id="219" dir="0" index="6" bw="0" slack="2147483647"/>
<pin id="216" dir="1" index="3" bw="26" slack="2147483647"/>
<pin id="220" dir="1" index="7" bw="26" slack="2147483647"/>
</pin_list>
<bind>
<opcode="store(28) " fcode="store"/>
<opset="store_ln1205/1 "/>
</bind>
</comp>

<comp id="223" class="1004" name="store_ln1205_access_fu_223">
<pin_list>
<pin id="224" dir="0" index="0" bw="5" slack="2147483647"/>
<pin id="225" dir="0" index="1" bw="26" slack="2147483647"/>
<pin id="226" dir="0" index="2" bw="0" slack="0"/>
<pin id="228" dir="0" index="4" bw="5" slack="0"/>
<pin id="229" dir="0" index="5" bw="26" slack="2147483647"/>
<pin id="230" dir="0" index="6" bw="0" slack="2147483647"/>
<pin id="227" dir="1" index="3" bw="26" slack="2147483647"/>
<pin id="231" dir="1" index="7" bw="26" slack="2147483647"/>
</pin_list>
<bind>
<opcode="store(28) " fcode="store"/>
<opset="store_ln1205/1 "/>
</bind>
</comp>

<comp id="234" class="1004" name="store_ln1205_access_fu_234">
<pin_list>
<pin id="235" dir="0" index="0" bw="5" slack="2147483647"/>
<pin id="236" dir="0" index="1" bw="26" slack="2147483647"/>
<pin id="237" dir="0" index="2" bw="0" slack="0"/>
<pin id="239" dir="0" index="4" bw="5" slack="0"/>
<pin id="240" dir="0" index="5" bw="26" slack="2147483647"/>
<pin id="241" dir="0" index="6" bw="0" slack="2147483647"/>
<pin id="238" dir="1" index="3" bw="26" slack="2147483647"/>
<pin id="242" dir="1" index="7" bw="26" slack="2147483647"/>
</pin_list>
<bind>
<opcode="store(28) " fcode="store"/>
<opset="store_ln1205/1 "/>
</bind>
</comp>

<comp id="245" class="1004" name="store_ln1205_access_fu_245">
<pin_list>
<pin id="246" dir="0" index="0" bw="5" slack="2147483647"/>
<pin id="247" dir="0" index="1" bw="26" slack="2147483647"/>
<pin id="248" dir="0" index="2" bw="0" slack="0"/>
<pin id="250" dir="0" index="4" bw="5" slack="0"/>
<pin id="251" dir="0" index="5" bw="26" slack="2147483647"/>
<pin id="252" dir="0" index="6" bw="0" slack="2147483647"/>
<pin id="249" dir="1" index="3" bw="26" slack="2147483647"/>
<pin id="253" dir="1" index="7" bw="26" slack="2147483647"/>
</pin_list>
<bind>
<opcode="store(28) " fcode="store"/>
<opset="store_ln1205/1 "/>
</bind>
</comp>

<comp id="256" class="1004" name="store_ln1205_access_fu_256">
<pin_list>
<pin id="257" dir="0" index="0" bw="5" slack="2147483647"/>
<pin id="258" dir="0" index="1" bw="26" slack="2147483647"/>
<pin id="259" dir="0" index="2" bw="0" slack="0"/>
<pin id="261" dir="0" index="4" bw="5" slack="0"/>
<pin id="262" dir="0" index="5" bw="26" slack="2147483647"/>
<pin id="263" dir="0" index="6" bw="0" slack="2147483647"/>
<pin id="260" dir="1" index="3" bw="26" slack="2147483647"/>
<pin id="264" dir="1" index="7" bw="26" slack="2147483647"/>
</pin_list>
<bind>
<opcode="store(28) " fcode="store"/>
<opset="store_ln1205/1 "/>
</bind>
</comp>

<comp id="267" class="1004" name="y_x_7_addr_gep_fu_267">
<pin_list>
<pin id="268" dir="0" index="0" bw="26" slack="0"/>
<pin id="269" dir="0" index="1" bw="1" slack="0"/>
<pin id="270" dir="0" index="2" bw="5" slack="0"/>
<pin id="271" dir="1" index="3" bw="5" slack="0"/>
</pin_list>
<bind>
<opcode="getelementptr(29) " fcode="getelementptr"/>
<opset="y_x_7_addr/1 "/>
</bind>
</comp>

<comp id="274" class="1004" name="store_ln1206_access_fu_274">
<pin_list>
<pin id="275" dir="0" index="0" bw="5" slack="2147483647"/>
<pin id="276" dir="0" index="1" bw="26" slack="2147483647"/>
<pin id="277" dir="0" index="2" bw="0" slack="0"/>
<pin id="279" dir="0" index="4" bw="5" slack="0"/>
<pin id="280" dir="0" index="5" bw="26" slack="2147483647"/>
<pin id="281" dir="0" index="6" bw="0" slack="2147483647"/>
<pin id="278" dir="1" index="3" bw="26" slack="2147483647"/>
<pin id="282" dir="1" index="7" bw="26" slack="2147483647"/>
</pin_list>
<bind>
<opcode="store(28) " fcode="store"/>
<opset="store_ln1206/1 "/>
</bind>
</comp>

<comp id="285" class="1004" name="store_ln1206_access_fu_285">
<pin_list>
<pin id="286" dir="0" index="0" bw="5" slack="2147483647"/>
<pin id="287" dir="0" index="1" bw="26" slack="2147483647"/>
<pin id="288" dir="0" index="2" bw="0" slack="0"/>
<pin id="290" dir="0" index="4" bw="5" slack="0"/>
<pin id="291" dir="0" index="5" bw="26" slack="2147483647"/>
<pin id="292" dir="0" index="6" bw="0" slack="2147483647"/>
<pin id="289" dir="1" index="3" bw="26" slack="2147483647"/>
<pin id="293" dir="1" index="7" bw="26" slack="2147483647"/>
</pin_list>
<bind>
<opcode="store(28) " fcode="store"/>
<opset="store_ln1206/1 "/>
</bind>
</comp>

<comp id="296" class="1004" name="store_ln1206_access_fu_296">
<pin_list>
<pin id="297" dir="0" index="0" bw="5" slack="2147483647"/>
<pin id="298" dir="0" index="1" bw="26" slack="2147483647"/>
<pin id="299" dir="0" index="2" bw="0" slack="0"/>
<pin id="301" dir="0" index="4" bw="5" slack="0"/>
<pin id="302" dir="0" index="5" bw="26" slack="2147483647"/>
<pin id="303" dir="0" index="6" bw="0" slack="2147483647"/>
<pin id="300" dir="1" index="3" bw="26" slack="2147483647"/>
<pin id="304" dir="1" index="7" bw="26" slack="2147483647"/>
</pin_list>
<bind>
<opcode="store(28) " fcode="store"/>
<opset="store_ln1206/1 "/>
</bind>
</comp>

<comp id="307" class="1004" name="store_ln1206_access_fu_307">
<pin_list>
<pin id="308" dir="0" index="0" bw="5" slack="2147483647"/>
<pin id="309" dir="0" index="1" bw="26" slack="2147483647"/>
<pin id="310" dir="0" index="2" bw="0" slack="0"/>
<pin id="312" dir="0" index="4" bw="5" slack="0"/>
<pin id="313" dir="0" index="5" bw="26" slack="2147483647"/>
<pin id="314" dir="0" index="6" bw="0" slack="2147483647"/>
<pin id="311" dir="1" index="3" bw="26" slack="2147483647"/>
<pin id="315" dir="1" index="7" bw="26" slack="2147483647"/>
</pin_list>
<bind>
<opcode="store(28) " fcode="store"/>
<opset="store_ln1206/1 "/>
</bind>
</comp>

<comp id="318" class="1004" name="store_ln1206_access_fu_318">
<pin_list>
<pin id="319" dir="0" index="0" bw="5" slack="2147483647"/>
<pin id="320" dir="0" index="1" bw="26" slack="2147483647"/>
<pin id="321" dir="0" index="2" bw="0" slack="0"/>
<pin id="323" dir="0" index="4" bw="5" slack="0"/>
<pin id="324" dir="0" index="5" bw="26" slack="2147483647"/>
<pin id="325" dir="0" index="6" bw="0" slack="2147483647"/>
<pin id="322" dir="1" index="3" bw="26" slack="2147483647"/>
<pin id="326" dir="1" index="7" bw="26" slack="2147483647"/>
</pin_list>
<bind>
<opcode="store(28) " fcode="store"/>
<opset="store_ln1206/1 "/>
</bind>
</comp>

<comp id="329" class="1004" name="store_ln1206_access_fu_329">
<pin_list>
<pin id="330" dir="0" index="0" bw="5" slack="2147483647"/>
<pin id="331" dir="0" index="1" bw="26" slack="2147483647"/>
<pin id="332" dir="0" index="2" bw="0" slack="0"/>
<pin id="334" dir="0" index="4" bw="5" slack="0"/>
<pin id="335" dir="0" index="5" bw="26" slack="2147483647"/>
<pin id="336" dir="0" index="6" bw="0" slack="2147483647"/>
<pin id="333" dir="1" index="3" bw="26" slack="2147483647"/>
<pin id="337" dir="1" index="7" bw="26" slack="2147483647"/>
</pin_list>
<bind>
<opcode="store(28) " fcode="store"/>
<opset="store_ln1206/1 "/>
</bind>
</comp>

<comp id="340" class="1004" name="store_ln1206_access_fu_340">
<pin_list>
<pin id="341" dir="0" index="0" bw="5" slack="2147483647"/>
<pin id="342" dir="0" index="1" bw="26" slack="2147483647"/>
<pin id="343" dir="0" index="2" bw="0" slack="0"/>
<pin id="345" dir="0" index="4" bw="5" slack="0"/>
<pin id="346" dir="0" index="5" bw="26" slack="2147483647"/>
<pin id="347" dir="0" index="6" bw="0" slack="2147483647"/>
<pin id="344" dir="1" index="3" bw="26" slack="2147483647"/>
<pin id="348" dir="1" index="7" bw="26" slack="2147483647"/>
</pin_list>
<bind>
<opcode="store(28) " fcode="store"/>
<opset="store_ln1206/1 "/>
</bind>
</comp>

<comp id="351" class="1004" name="store_ln1206_access_fu_351">
<pin_list>
<pin id="352" dir="0" index="0" bw="5" slack="2147483647"/>
<pin id="353" dir="0" index="1" bw="26" slack="2147483647"/>
<pin id="354" dir="0" index="2" bw="0" slack="0"/>
<pin id="356" dir="0" index="4" bw="5" slack="0"/>
<pin id="357" dir="0" index="5" bw="26" slack="2147483647"/>
<pin id="358" dir="0" index="6" bw="0" slack="2147483647"/>
<pin id="355" dir="1" index="3" bw="26" slack="2147483647"/>
<pin id="359" dir="1" index="7" bw="26" slack="2147483647"/>
</pin_list>
<bind>
<opcode="store(28) " fcode="store"/>
<opset="store_ln1206/1 "/>
</bind>
</comp>

<comp id="362" class="1004" name="store_ln1189_store_fu_362">
<pin_list>
<pin id="363" dir="0" index="0" bw="1" slack="0"/>
<pin id="364" dir="0" index="1" bw="5" slack="0"/>
<pin id="365" dir="1" index="2" bw="0" slack="2147483647"/>
</pin_list>
<bind>
<opcode="store(28) " fcode="store"/>
<opset="store_ln1189/1 "/>
</bind>
</comp>

<comp id="367" class="1004" name="k_load_fu_367">
<pin_list>
<pin id="368" dir="0" index="0" bw="5" slack="0"/>
<pin id="369" dir="1" index="1" bw="5" slack="0"/>
</pin_list>
<bind>
<opcode="load(27) " fcode="load"/>
<opset="k/1 "/>
</bind>
</comp>

<comp id="370" class="1004" name="icmp_ln1202_fu_370">
<pin_list>
<pin id="371" dir="0" index="0" bw="5" slack="0"/>
<pin id="372" dir="0" index="1" bw="5" slack="0"/>
<pin id="373" dir="1" index="2" bw="1" slack="2147483647"/>
</pin_list>
<bind>
<opcode="icmp(45) " fcode="icmp"/>
<opset="icmp_ln1202/1 "/>
</bind>
</comp>

<comp id="376" class="1004" name="add_ln1202_fu_376">
<pin_list>
<pin id="377" dir="0" index="0" bw="5" slack="0"/>
<pin id="378" dir="0" index="1" bw="1" slack="0"/>
<pin id="379" dir="1" index="2" bw="5" slack="0"/>
</pin_list>
<bind>
<opcode="add(8) " fcode="add"/>
<opset="add_ln1202/1 "/>
</bind>
</comp>

<comp id="382" class="1004" name="zext_ln1202_fu_382">
<pin_list>
<pin id="383" dir="0" index="0" bw="5" slack="0"/>
<pin id="384" dir="1" index="1" bw="64" slack="0"/>
</pin_list>
<bind>
<opcode="zext(34) " fcode="zext"/>
<opset="zext_ln1202/1 "/>
</bind>
</comp>

<comp id="402" class="1004" name="store_ln1189_store_fu_402">
<pin_list>
<pin id="403" dir="0" index="0" bw="5" slack="0"/>
<pin id="404" dir="0" index="1" bw="5" slack="0"/>
<pin id="405" dir="1" index="2" bw="0" slack="2147483647"/>
</pin_list>
<bind>
<opcode="store(28) " fcode="store"/>
<opset="store_ln1189/1 "/>
</bind>
</comp>

<comp id="407" class="1005" name="k_4_reg_407">
<pin_list>
<pin id="408" dir="0" index="0" bw="5" slack="0"/>
<pin id="409" dir="1" index="1" bw="5" slack="0"/>
</pin_list>
<bind>
<opset="k_4 "/>
</bind>
</comp>

</comp_list>

<net_list>
<net id="73"><net_src comp="32" pin="0"/><net_sink comp="70" pin=0"/></net>

<net id="79"><net_src comp="30" pin="0"/><net_sink comp="74" pin=0"/></net>

<net id="80"><net_src comp="66" pin="0"/><net_sink comp="74" pin=1"/></net>

<net id="86"><net_src comp="14" pin="0"/><net_sink comp="81" pin=0"/></net>

<net id="87"><net_src comp="66" pin="0"/><net_sink comp="81" pin=1"/></net>

<net id="93"><net_src comp="28" pin="0"/><net_sink comp="88" pin=0"/></net>

<net id="94"><net_src comp="66" pin="0"/><net_sink comp="88" pin=1"/></net>

<net id="100"><net_src comp="12" pin="0"/><net_sink comp="95" pin=0"/></net>

<net id="101"><net_src comp="66" pin="0"/><net_sink comp="95" pin=1"/></net>

<net id="107"><net_src comp="26" pin="0"/><net_sink comp="102" pin=0"/></net>

<net id="108"><net_src comp="66" pin="0"/><net_sink comp="102" pin=1"/></net>

<net id="114"><net_src comp="10" pin="0"/><net_sink comp="109" pin=0"/></net>

<net id="115"><net_src comp="66" pin="0"/><net_sink comp="109" pin=1"/></net>

<net id="121"><net_src comp="24" pin="0"/><net_sink comp="116" pin=0"/></net>

<net id="122"><net_src comp="66" pin="0"/><net_sink comp="116" pin=1"/></net>

<net id="128"><net_src comp="8" pin="0"/><net_sink comp="123" pin=0"/></net>

<net id="129"><net_src comp="66" pin="0"/><net_sink comp="123" pin=1"/></net>

<net id="135"><net_src comp="22" pin="0"/><net_sink comp="130" pin=0"/></net>

<net id="136"><net_src comp="66" pin="0"/><net_sink comp="130" pin=1"/></net>

<net id="142"><net_src comp="6" pin="0"/><net_sink comp="137" pin=0"/></net>

<net id="143"><net_src comp="66" pin="0"/><net_sink comp="137" pin=1"/></net>

<net id="149"><net_src comp="20" pin="0"/><net_sink comp="144" pin=0"/></net>

<net id="150"><net_src comp="66" pin="0"/><net_sink comp="144" pin=1"/></net>

<net id="156"><net_src comp="4" pin="0"/><net_sink comp="151" pin=0"/></net>

<net id="157"><net_src comp="66" pin="0"/><net_sink comp="151" pin=1"/></net>

<net id="163"><net_src comp="18" pin="0"/><net_sink comp="158" pin=0"/></net>

<net id="164"><net_src comp="66" pin="0"/><net_sink comp="158" pin=1"/></net>

<net id="170"><net_src comp="2" pin="0"/><net_sink comp="165" pin=0"/></net>

<net id="171"><net_src comp="66" pin="0"/><net_sink comp="165" pin=1"/></net>

<net id="177"><net_src comp="16" pin="0"/><net_sink comp="172" pin=0"/></net>

<net id="178"><net_src comp="66" pin="0"/><net_sink comp="172" pin=1"/></net>

<net id="188"><net_src comp="68" pin="0"/><net_sink comp="179" pin=4"/></net>

<net id="189"><net_src comp="74" pin="3"/><net_sink comp="179" pin=2"/></net>

<net id="199"><net_src comp="68" pin="0"/><net_sink comp="190" pin=4"/></net>

<net id="200"><net_src comp="88" pin="3"/><net_sink comp="190" pin=2"/></net>

<net id="210"><net_src comp="68" pin="0"/><net_sink comp="201" pin=4"/></net>

<net id="211"><net_src comp="102" pin="3"/><net_sink comp="201" pin=2"/></net>

<net id="221"><net_src comp="68" pin="0"/><net_sink comp="212" pin=4"/></net>

<net id="222"><net_src comp="116" pin="3"/><net_sink comp="212" pin=2"/></net>

<net id="232"><net_src comp="68" pin="0"/><net_sink comp="223" pin=4"/></net>

<net id="233"><net_src comp="130" pin="3"/><net_sink comp="223" pin=2"/></net>

<net id="243"><net_src comp="68" pin="0"/><net_sink comp="234" pin=4"/></net>

<net id="244"><net_src comp="144" pin="3"/><net_sink comp="234" pin=2"/></net>

<net id="254"><net_src comp="68" pin="0"/><net_sink comp="245" pin=4"/></net>

<net id="255"><net_src comp="158" pin="3"/><net_sink comp="245" pin=2"/></net>

<net id="265"><net_src comp="68" pin="0"/><net_sink comp="256" pin=4"/></net>

<net id="266"><net_src comp="172" pin="3"/><net_sink comp="256" pin=2"/></net>

<net id="272"><net_src comp="0" pin="0"/><net_sink comp="267" pin=0"/></net>

<net id="273"><net_src comp="66" pin="0"/><net_sink comp="267" pin=1"/></net>

<net id="283"><net_src comp="68" pin="0"/><net_sink comp="274" pin=4"/></net>

<net id="284"><net_src comp="81" pin="3"/><net_sink comp="274" pin=2"/></net>

<net id="294"><net_src comp="68" pin="0"/><net_sink comp="285" pin=4"/></net>

<net id="295"><net_src comp="95" pin="3"/><net_sink comp="285" pin=2"/></net>

<net id="305"><net_src comp="68" pin="0"/><net_sink comp="296" pin=4"/></net>

<net id="306"><net_src comp="109" pin="3"/><net_sink comp="296" pin=2"/></net>

<net id="316"><net_src comp="68" pin="0"/><net_sink comp="307" pin=4"/></net>

<net id="317"><net_src comp="123" pin="3"/><net_sink comp="307" pin=2"/></net>

<net id="327"><net_src comp="68" pin="0"/><net_sink comp="318" pin=4"/></net>

<net id="328"><net_src comp="137" pin="3"/><net_sink comp="318" pin=2"/></net>

<net id="338"><net_src comp="68" pin="0"/><net_sink comp="329" pin=4"/></net>

<net id="339"><net_src comp="151" pin="3"/><net_sink comp="329" pin=2"/></net>

<net id="349"><net_src comp="68" pin="0"/><net_sink comp="340" pin=4"/></net>

<net id="350"><net_src comp="165" pin="3"/><net_sink comp="340" pin=2"/></net>

<net id="360"><net_src comp="68" pin="0"/><net_sink comp="351" pin=4"/></net>

<net id="361"><net_src comp="267" pin="3"/><net_sink comp="351" pin=2"/></net>

<net id="366"><net_src comp="44" pin="0"/><net_sink comp="362" pin=0"/></net>

<net id="374"><net_src comp="367" pin="1"/><net_sink comp="370" pin=0"/></net>

<net id="375"><net_src comp="46" pin="0"/><net_sink comp="370" pin=1"/></net>

<net id="380"><net_src comp="367" pin="1"/><net_sink comp="376" pin=0"/></net>

<net id="381"><net_src comp="48" pin="0"/><net_sink comp="376" pin=1"/></net>

<net id="385"><net_src comp="367" pin="1"/><net_sink comp="382" pin=0"/></net>

<net id="386"><net_src comp="382" pin="1"/><net_sink comp="74" pin=2"/></net>

<net id="387"><net_src comp="382" pin="1"/><net_sink comp="81" pin=2"/></net>

<net id="388"><net_src comp="382" pin="1"/><net_sink comp="88" pin=2"/></net>

<net id="389"><net_src comp="382" pin="1"/><net_sink comp="95" pin=2"/></net>

<net id="390"><net_src comp="382" pin="1"/><net_sink comp="102" pin=2"/></net>

<net id="391"><net_src comp="382" pin="1"/><net_sink comp="109" pin=2"/></net>

<net id="392"><net_src comp="382" pin="1"/><net_sink comp="116" pin=2"/></net>

<net id="393"><net_src comp="382" pin="1"/><net_sink comp="123" pin=2"/></net>

<net id="394"><net_src comp="382" pin="1"/><net_sink comp="130" pin=2"/></net>

<net id="395"><net_src comp="382" pin="1"/><net_sink comp="137" pin=2"/></net>

<net id="396"><net_src comp="382" pin="1"/><net_sink comp="144" pin=2"/></net>

<net id="397"><net_src comp="382" pin="1"/><net_sink comp="151" pin=2"/></net>

<net id="398"><net_src comp="382" pin="1"/><net_sink comp="158" pin=2"/></net>

<net id="399"><net_src comp="382" pin="1"/><net_sink comp="165" pin=2"/></net>

<net id="400"><net_src comp="382" pin="1"/><net_sink comp="172" pin=2"/></net>

<net id="401"><net_src comp="382" pin="1"/><net_sink comp="267" pin=2"/></net>

<net id="406"><net_src comp="376" pin="2"/><net_sink comp="402" pin=0"/></net>

<net id="410"><net_src comp="70" pin="1"/><net_sink comp="407" pin=0"/></net>

<net id="411"><net_src comp="407" pin="1"/><net_sink comp="362" pin=1"/></net>

<net id="412"><net_src comp="407" pin="1"/><net_sink comp="367" pin=0"/></net>

<net id="413"><net_src comp="407" pin="1"/><net_sink comp="402" pin=1"/></net>

</net_list>

</model> 
---------------- Datapath Model END ------------------

* FSMD analyzer results:
  - Output states:
	Port: y_x_7 | {1 }
	Port: y_x_6 | {1 }
	Port: y_x_5 | {1 }
	Port: y_x_4 | {1 }
	Port: y_x_3 | {1 }
	Port: y_x_2 | {1 }
	Port: y_x_1 | {1 }
	Port: y_x | {1 }
	Port: z_x_7 | {1 }
	Port: z_x_6 | {1 }
	Port: z_x_5 | {1 }
	Port: z_x_4 | {1 }
	Port: z_x_3 | {1 }
	Port: z_x_2 | {1 }
	Port: z_x_1 | {1 }
	Port: z_x | {1 }
 - Input state : 
  - Chain level:
	State 1
		store_ln1189 : 1
		k : 1
		icmp_ln1202 : 2
		add_ln1202 : 2
		br_ln1202 : 3
		zext_ln1202 : 2
		z_x_addr : 3
		y_x_addr : 3
		z_x_1_addr : 3
		y_x_1_addr : 3
		z_x_2_addr : 3
		y_x_2_addr : 3
		z_x_3_addr : 3
		y_x_3_addr : 3
		z_x_4_addr : 3
		y_x_4_addr : 3
		z_x_5_addr : 3
		y_x_5_addr : 3
		z_x_6_addr : 3
		y_x_6_addr : 3
		z_x_7_addr : 3
		store_ln1205 : 4
		store_ln1205 : 4
		store_ln1205 : 4
		store_ln1205 : 4
		store_ln1205 : 4
		store_ln1205 : 4
		store_ln1205 : 4
		store_ln1205 : 4
		y_x_7_addr : 3
		store_ln1206 : 4
		store_ln1206 : 4
		store_ln1206 : 4
		store_ln1206 : 4
		store_ln1206 : 4
		store_ln1206 : 4
		store_ln1206 : 4
		store_ln1206 : 4
		store_ln1189 : 3


============================================================
+ Verbose Summary: Datapath Resource usage 
============================================================

* Functional unit list:
|----------|--------------------|---------|---------|
| Operation|   Functional Unit  |    FF   |   LUT   |
|----------|--------------------|---------|---------|
|   icmp   | icmp_ln1202_fu_370 |    0    |    12   |
|----------|--------------------|---------|---------|
|    add   |  add_ln1202_fu_376 |    0    |    12   |
|----------|--------------------|---------|---------|
|   zext   | zext_ln1202_fu_382 |    0    |    0    |
|----------|--------------------|---------|---------|
|   Total  |                    |    0    |    24   |
|----------|--------------------|---------|---------|

Memories:
N/A

* Register list:
+-----------+--------+
|           |   FF   |
+-----------+--------+
|k_4_reg_407|    5   |
+-----------+--------+
|   Total   |    5   |
+-----------+--------+

* Multiplexer (MUX) list: 
|--------|------|------|------|--------|
|  Comp  |  Pin | Size |  BW  | S x BW |
|--------|------|------|------|--------|
|  Total |      |      |      |    0   |
|--------|------|------|------|--------|



* Summary:
+-----------+--------+--------+
|           |   FF   |   LUT  |
+-----------+--------+--------+
|  Function |    0   |   24   |
|   Memory  |    -   |    -   |
|Multiplexer|    -   |    -   |
|  Register |    5   |    -   |
+-----------+--------+--------+
|   Total   |    5   |   24   |
+-----------+--------+--------+
