

================================================================
== Vitis HLS Report for 'mpc_compute_hls_Pipeline_VITIS_LOOP_1324_17'
================================================================
* Date:           Thu Jun 11 17:48:38 2026

* Version:        2025.2 (Build 6295257 on Nov 14 2025)
* Project:        mpc_fpga_top_opencl
* Solution:       hls (Vitis Kernel Flow Target)
* Product family: zynquplus
* Target device:  xck26-sfvc784-2LV-c


================================================================
== Performance Estimates
================================================================
+ Timing: 
    * Summary: 
    +--------+---------+----------+------------+
    |  Clock |  Target | Estimated| Uncertainty|
    +--------+---------+----------+------------+
    |ap_clk  |  5.00 ns|  2.309 ns|     0.50 ns|
    +--------+---------+----------+------------+

+ Latency: 
    * Summary: 
    +---------+---------+----------+----------+-----+-----+-------------------+
    |  Latency (cycles) |  Latency (absolute) |  Interval |      Pipeline     |
    |   min   |   max   |    min   |    max   | min | max |        Type       |
    +---------+---------+----------+----------+-----+-----+-------------------+
    |       22|       22|  0.110 us|  0.110 us|    0|    0|  loop pipeline stp|
    +---------+---------+----------+----------+-----+-----+-------------------+

    + Detail: 
        * Instance: 
        N/A

        * Loop: 
        +----------------------+---------+---------+----------+-----------+-----------+------+----------+
        |                      |  Latency (cycles) | Iteration|  Initiation Interval  | Trip |          |
        |       Loop Name      |   min   |   max   |  Latency |  achieved |   target  | Count| Pipelined|
        +----------------------+---------+---------+----------+-----------+-----------+------+----------+
        |- VITIS_LOOP_1324_17  |       20|       20|         2|          1|          1|    20|       yes|
        +----------------------+---------+---------+----------+-----------+-----------+------+----------+



================================================================
== Utilization Estimates
================================================================
* Summary: 
+-----------------+---------+------+--------+--------+-----+
|       Name      | BRAM_18K|  DSP |   FF   |   LUT  | URAM|
+-----------------+---------+------+--------+--------+-----+
|DSP              |        -|     -|       -|       -|    -|
|Expression       |        -|     -|       0|      92|    -|
|FIFO             |        -|     -|       -|       -|    -|
|Instance         |        -|     -|       -|       -|    -|
|Memory           |        -|     -|       -|       -|    -|
|Multiplexer      |        -|     -|       0|      36|    -|
|Register         |        -|     -|      13|       -|    -|
+-----------------+---------+------+--------+--------+-----+
|Total            |        0|     0|      13|     128|    0|
+-----------------+---------+------+--------+--------+-----+
|Available        |      288|  1248|  234240|  117120|   64|
+-----------------+---------+------+--------+--------+-----+
|Utilization (%)  |        0|     0|      ~0|      ~0|    0|
+-----------------+---------+------+--------+--------+-----+

+ Detail: 
    * Instance: 
    N/A

    * DSP: 
    N/A

    * Memory: 
    N/A

    * FIFO: 
    N/A

    * Expression: 
    +------------------------+----------+----+---+----+------------+------------+
    |      Variable Name     | Operation| DSP| FF| LUT| Bitwidth P0| Bitwidth P1|
    +------------------------+----------+----+---+----+------------+------------+
    |add_ln1324_fu_134_p2    |         +|   0|  0|  12|           5|           1|
    |sub_ln1327_1_fu_160_p2  |         -|   0|  0|  33|          26|          26|
    |sub_ln1327_fu_153_p2    |         -|   0|  0|  33|          26|          26|
    |icmp_ln1324_fu_128_p2   |      icmp|   0|  0|  12|           5|           5|
    |ap_enable_pp0           |       xor|   0|  0|   2|           1|           2|
    +------------------------+----------+----+---+----+------------+------------+
    |Total                   |          |   0|  0|  92|          63|          60|
    +------------------------+----------+----+---+----+------------+------------+

    * Multiplexer: 
    +-------------------------+----+-----------+-----+-----------+
    |           Name          | LUT| Input Size| Bits| Total Bits|
    +-------------------------+----+-----------+-----+-----------+
    |ap_done_int              |   9|          2|    1|          2|
    |ap_enable_reg_pp0_iter1  |   9|          2|    1|          2|
    |ap_sig_allocacmp_k_10    |   9|          2|    5|         10|
    |k_fu_38                  |   9|          2|    5|         10|
    +-------------------------+----+-----------+-----+-----------+
    |Total                    |  36|          8|   12|         24|
    +-------------------------+----+-----------+-----+-----------+

    * Register: 
    +-------------------------+---+----+-----+-----------+
    |           Name          | FF| LUT| Bits| Const Bits|
    +-------------------------+---+----+-----+-----------+
    |ap_CS_fsm                |  1|   0|    1|          0|
    |ap_done_reg              |  1|   0|    1|          0|
    |ap_enable_reg_pp0_iter1  |  1|   0|    1|          0|
    |k_fu_38                  |  5|   0|    5|          0|
    |zext_ln1324_reg_177      |  5|   0|   64|         59|
    +-------------------------+---+----+-----+-----------+
    |Total                    | 13|   0|   72|         59|
    +-------------------------+---+----+-----+-----------+



================================================================
== Interface
================================================================
* Summary: 
+------------------+-----+-----+------------+---------------------------------------------+--------------+
|     RTL Ports    | Dir | Bits|  Protocol  |                Source Object                |    C Type    |
+------------------+-----+-----+------------+---------------------------------------------+--------------+
|ap_clk            |   in|    1|  ap_ctrl_hs|  mpc_compute_hls_Pipeline_VITIS_LOOP_1324_17|  return value|
|ap_rst            |   in|    1|  ap_ctrl_hs|  mpc_compute_hls_Pipeline_VITIS_LOOP_1324_17|  return value|
|ap_start          |   in|    1|  ap_ctrl_hs|  mpc_compute_hls_Pipeline_VITIS_LOOP_1324_17|  return value|
|ap_done           |  out|    1|  ap_ctrl_hs|  mpc_compute_hls_Pipeline_VITIS_LOOP_1324_17|  return value|
|ap_idle           |  out|    1|  ap_ctrl_hs|  mpc_compute_hls_Pipeline_VITIS_LOOP_1324_17|  return value|
|ap_ready          |  out|    1|  ap_ctrl_hs|  mpc_compute_hls_Pipeline_VITIS_LOOP_1324_17|  return value|
|y_u_1_address0    |  out|    5|   ap_memory|                                        y_u_1|         array|
|y_u_1_ce0         |  out|    1|   ap_memory|                                        y_u_1|         array|
|y_u_1_we0         |  out|    1|   ap_memory|                                        y_u_1|         array|
|y_u_1_d0          |  out|   26|   ap_memory|                                        y_u_1|         array|
|y_u_address0      |  out|    5|   ap_memory|                                          y_u|         array|
|y_u_ce0           |  out|    1|   ap_memory|                                          y_u|         array|
|y_u_we0           |  out|    1|   ap_memory|                                          y_u|         array|
|y_u_d0            |  out|   26|   ap_memory|                                          y_u|         array|
|sol_u_address0    |  out|    5|   ap_memory|                                        sol_u|         array|
|sol_u_ce0         |  out|    1|   ap_memory|                                        sol_u|         array|
|sol_u_q0          |   in|   26|   ap_memory|                                        sol_u|         array|
|z_u_address0      |  out|    5|   ap_memory|                                          z_u|         array|
|z_u_ce0           |  out|    1|   ap_memory|                                          z_u|         array|
|z_u_q0            |   in|   26|   ap_memory|                                          z_u|         array|
|sol_u_1_address0  |  out|    5|   ap_memory|                                      sol_u_1|         array|
|sol_u_1_ce0       |  out|    1|   ap_memory|                                      sol_u_1|         array|
|sol_u_1_q0        |   in|   26|   ap_memory|                                      sol_u_1|         array|
|z_u_1_address0    |  out|    5|   ap_memory|                                        z_u_1|         array|
|z_u_1_ce0         |  out|    1|   ap_memory|                                        z_u_1|         array|
|z_u_1_q0          |   in|   26|   ap_memory|                                        z_u_1|         array|
+------------------+-----+-----+------------+---------------------------------------------+--------------+

============================================================
+ Verbose Summary: Synthesis Manager
============================================================
InlineROM: 1
ExposeGlobal: 0
============================================================
+ Verbose Summary: CDFG Model
============================================================
IsTopModel: 0
ResetActiveHigh: 1
IsCombinational: 2
IsDatapathOnly: 2
HasWiredReturn: 1
HasMFsm: 2
HasVarLatency: 1
IsPipeline: 0
IsRtlPipelined: 0
IsInstanceOverlapped: 0
IsDontTouch: 0
HasImplIP: 0
IsGatedGlobalClock: 0

+ Individual pipeline summary: 
  * Pipeline-0: initiation interval (II) = 1, depth = 2


============================================================
+ Verbose Summary: Schedule
============================================================
* Number of FSM states : 2
* Pipeline : 1
  Pipeline-0 : II = 1, D = 2, States = { 1 2 }
* Dataflow Pipeline: 0

* FSM state transitions: 
1 --> 2 
2 --> 

* FSM state operations: 

State 1 <SV = 0> <Delay = 1.64>
ST_1 : Operation 5 [1/1] (0.00ns)   --->   "%k = alloca i32 1" [../src/riccati_solver_hls.cpp:1189->../src/mpc_riccati_hls.cpp:647]   --->   Operation 5 'alloca' 'k' <Predicate = true> <Delay = 0.00>
ST_1 : Operation 6 [1/1] (0.42ns)   --->   "%store_ln1189 = store i5 0, i5 %k" [../src/riccati_solver_hls.cpp:1189->../src/mpc_riccati_hls.cpp:647]   --->   Operation 6 'store' 'store_ln1189' <Predicate = true> <Delay = 0.42>
ST_1 : Operation 7 [1/1] (0.00ns)   --->   "%br_ln0 = br void %for.body344.i"   --->   Operation 7 'br' 'br_ln0' <Predicate = true> <Delay = 0.00>
ST_1 : Operation 8 [1/1] (0.00ns)   --->   "%k_10 = load i5 %k" [../src/riccati_solver_hls.cpp:1324->../src/mpc_riccati_hls.cpp:647]   --->   Operation 8 'load' 'k_10' <Predicate = true> <Delay = 0.00>
ST_1 : Operation 9 [1/1] (0.78ns)   --->   "%icmp_ln1324 = icmp_eq  i5 %k_10, i5 20" [../src/riccati_solver_hls.cpp:1324->../src/mpc_riccati_hls.cpp:647]   --->   Operation 9 'icmp' 'icmp_ln1324' <Predicate = true> <Delay = 0.78> <CoreInst = "Cmp">   --->   Core 9 'Cmp' <Latency = 0> <II = 1> <Delay = 0.78> <FuncUnit> <Opcode : 'seteq' 'setne' 'setle' 'setge' 'setlt' 'setgt'> <InPorts = 2> <OutPorts = 1>
ST_1 : Operation 10 [1/1] (0.78ns)   --->   "%add_ln1324 = add i5 %k_10, i5 1" [../src/riccati_solver_hls.cpp:1324->../src/mpc_riccati_hls.cpp:647]   --->   Operation 10 'add' 'add_ln1324' <Predicate = true> <Delay = 0.78> <CoreInst = "Adder">   --->   Core 1 'Adder' <Latency = 0> <II = 1> <Delay = 0.78> <FuncUnit> <Opcode : 'add' 'sub'> <InPorts = 2> <OutPorts = 1>
ST_1 : Operation 11 [1/1] (0.00ns)   --->   "%br_ln1324 = br i1 %icmp_ln1324, void %for.body344.i.split, void %for.inc763.i.loopexit.exitStub" [../src/riccati_solver_hls.cpp:1324->../src/mpc_riccati_hls.cpp:647]   --->   Operation 11 'br' 'br_ln1324' <Predicate = true> <Delay = 0.00>
ST_1 : Operation 12 [1/1] (0.00ns)   --->   "%zext_ln1324 = zext i5 %k_10" [../src/riccati_solver_hls.cpp:1324->../src/mpc_riccati_hls.cpp:647]   --->   Operation 12 'zext' 'zext_ln1324' <Predicate = (!icmp_ln1324)> <Delay = 0.00>
ST_1 : Operation 13 [1/1] (0.00ns)   --->   "%sol_u_addr = getelementptr i26 %sol_u, i64 0, i64 %zext_ln1324" [../src/riccati_solver_hls.cpp:1327->../src/mpc_riccati_hls.cpp:647]   --->   Operation 13 'getelementptr' 'sol_u_addr' <Predicate = (!icmp_ln1324)> <Delay = 0.00>
ST_1 : Operation 14 [2/2] (0.67ns)   --->   "%sol_u_load = load i5 %sol_u_addr" [../src/riccati_solver_hls.cpp:1327->../src/mpc_riccati_hls.cpp:647]   --->   Operation 14 'load' 'sol_u_load' <Predicate = (!icmp_ln1324)> <Delay = 0.67> <CoreInst = "RAM">   --->   Core 82 'RAM' <Latency = 1> <II = 1> <Delay = 0.67> <Storage> <Opcode : 'load' 'store'> <Ports = 2> <Width = 26> <Depth = 20> <RAM>
ST_1 : Operation 15 [1/1] (0.00ns)   --->   "%z_u_addr = getelementptr i26 %z_u, i64 0, i64 %zext_ln1324" [../src/riccati_solver_hls.cpp:1327->../src/mpc_riccati_hls.cpp:647]   --->   Operation 15 'getelementptr' 'z_u_addr' <Predicate = (!icmp_ln1324)> <Delay = 0.00>
ST_1 : Operation 16 [2/2] (0.67ns)   --->   "%z_u_load = load i5 %z_u_addr" [../src/riccati_solver_hls.cpp:1327->../src/mpc_riccati_hls.cpp:647]   --->   Operation 16 'load' 'z_u_load' <Predicate = (!icmp_ln1324)> <Delay = 0.67> <CoreInst = "RAM">   --->   Core 82 'RAM' <Latency = 1> <II = 1> <Delay = 0.67> <Storage> <Opcode : 'load' 'store'> <Ports = 2> <Width = 26> <Depth = 20> <RAM>
ST_1 : Operation 17 [1/1] (0.00ns)   --->   "%sol_u_1_addr = getelementptr i26 %sol_u_1, i64 0, i64 %zext_ln1324" [../src/riccati_solver_hls.cpp:1327->../src/mpc_riccati_hls.cpp:647]   --->   Operation 17 'getelementptr' 'sol_u_1_addr' <Predicate = (!icmp_ln1324)> <Delay = 0.00>
ST_1 : Operation 18 [2/2] (0.67ns)   --->   "%sol_u_1_load = load i5 %sol_u_1_addr" [../src/riccati_solver_hls.cpp:1327->../src/mpc_riccati_hls.cpp:647]   --->   Operation 18 'load' 'sol_u_1_load' <Predicate = (!icmp_ln1324)> <Delay = 0.67> <CoreInst = "RAM">   --->   Core 82 'RAM' <Latency = 1> <II = 1> <Delay = 0.67> <Storage> <Opcode : 'load' 'store'> <Ports = 2> <Width = 26> <Depth = 20> <RAM>
ST_1 : Operation 19 [1/1] (0.00ns)   --->   "%z_u_1_addr = getelementptr i26 %z_u_1, i64 0, i64 %zext_ln1324" [../src/riccati_solver_hls.cpp:1327->../src/mpc_riccati_hls.cpp:647]   --->   Operation 19 'getelementptr' 'z_u_1_addr' <Predicate = (!icmp_ln1324)> <Delay = 0.00>
ST_1 : Operation 20 [2/2] (0.67ns)   --->   "%z_u_1_load = load i5 %z_u_1_addr" [../src/riccati_solver_hls.cpp:1327->../src/mpc_riccati_hls.cpp:647]   --->   Operation 20 'load' 'z_u_1_load' <Predicate = (!icmp_ln1324)> <Delay = 0.67> <CoreInst = "RAM">   --->   Core 82 'RAM' <Latency = 1> <II = 1> <Delay = 0.67> <Storage> <Opcode : 'load' 'store'> <Ports = 2> <Width = 26> <Depth = 20> <RAM>
ST_1 : Operation 21 [1/1] (0.42ns)   --->   "%store_ln1189 = store i5 %add_ln1324, i5 %k" [../src/riccati_solver_hls.cpp:1189->../src/mpc_riccati_hls.cpp:647]   --->   Operation 21 'store' 'store_ln1189' <Predicate = (!icmp_ln1324)> <Delay = 0.42>
ST_1 : Operation 36 [1/1] (0.42ns)   --->   "%ret_ln0 = ret"   --->   Operation 36 'ret' 'ret_ln0' <Predicate = (icmp_ln1324)> <Delay = 0.42>

State 2 <SV = 1> <Delay = 2.30>
ST_2 : Operation 22 [1/1] (0.00ns)   --->   "%specpipeline_ln1189 = specpipeline void @_ssdm_op_SpecPipeline, i32 4294967295, i32 0, i32 0, i32 0, i32 4294967295, void @empty_524" [../src/riccati_solver_hls.cpp:1189->../src/mpc_riccati_hls.cpp:647]   --->   Operation 22 'specpipeline' 'specpipeline_ln1189' <Predicate = true> <Delay = 0.00>
ST_2 : Operation 23 [1/1] (0.00ns)   --->   "%speclooptripcount_ln1189 = speclooptripcount void @_ssdm_op_SpecLoopTripCount, i64 20, i64 20, i64 20" [../src/riccati_solver_hls.cpp:1189->../src/mpc_riccati_hls.cpp:647]   --->   Operation 23 'speclooptripcount' 'speclooptripcount_ln1189' <Predicate = true> <Delay = 0.00>
ST_2 : Operation 24 [1/1] (0.00ns)   --->   "%specloopname_ln1324 = specloopname void @_ssdm_op_SpecLoopName, void @empty_12" [../src/riccati_solver_hls.cpp:1324->../src/mpc_riccati_hls.cpp:647]   --->   Operation 24 'specloopname' 'specloopname_ln1324' <Predicate = true> <Delay = 0.00>
ST_2 : Operation 25 [1/2] ( I:0.67ns O:0.67ns )   --->   "%sol_u_load = load i5 %sol_u_addr" [../src/riccati_solver_hls.cpp:1327->../src/mpc_riccati_hls.cpp:647]   --->   Operation 25 'load' 'sol_u_load' <Predicate = true> <Delay = 0.67> <CoreInst = "RAM">   --->   Core 82 'RAM' <Latency = 1> <II = 1> <Delay = 0.67> <Storage> <Opcode : 'load' 'store'> <Ports = 2> <Width = 26> <Depth = 20> <RAM>
ST_2 : Operation 26 [1/2] ( I:0.67ns O:0.67ns )   --->   "%z_u_load = load i5 %z_u_addr" [../src/riccati_solver_hls.cpp:1327->../src/mpc_riccati_hls.cpp:647]   --->   Operation 26 'load' 'z_u_load' <Predicate = true> <Delay = 0.67> <CoreInst = "RAM">   --->   Core 82 'RAM' <Latency = 1> <II = 1> <Delay = 0.67> <Storage> <Opcode : 'load' 'store'> <Ports = 2> <Width = 26> <Depth = 20> <RAM>
ST_2 : Operation 27 [1/1] (0.95ns)   --->   "%sub_ln1327 = sub i26 %sol_u_load, i26 %z_u_load" [../src/riccati_solver_hls.cpp:1327->../src/mpc_riccati_hls.cpp:647]   --->   Operation 27 'sub' 'sub_ln1327' <Predicate = true> <Delay = 0.95> <CoreInst = "Adder">   --->   Core 1 'Adder' <Latency = 0> <II = 1> <Delay = 0.95> <FuncUnit> <Opcode : 'add' 'sub'> <InPorts = 2> <OutPorts = 1>
ST_2 : Operation 28 [1/1] (0.00ns)   --->   "%y_u_addr = getelementptr i26 %y_u, i64 0, i64 %zext_ln1324" [../src/riccati_solver_hls.cpp:1327->../src/mpc_riccati_hls.cpp:647]   --->   Operation 28 'getelementptr' 'y_u_addr' <Predicate = true> <Delay = 0.00>
ST_2 : Operation 29 [1/2] ( I:0.67ns O:0.67ns )   --->   "%sol_u_1_load = load i5 %sol_u_1_addr" [../src/riccati_solver_hls.cpp:1327->../src/mpc_riccati_hls.cpp:647]   --->   Operation 29 'load' 'sol_u_1_load' <Predicate = true> <Delay = 0.67> <CoreInst = "RAM">   --->   Core 82 'RAM' <Latency = 1> <II = 1> <Delay = 0.67> <Storage> <Opcode : 'load' 'store'> <Ports = 2> <Width = 26> <Depth = 20> <RAM>
ST_2 : Operation 30 [1/2] ( I:0.67ns O:0.67ns )   --->   "%z_u_1_load = load i5 %z_u_1_addr" [../src/riccati_solver_hls.cpp:1327->../src/mpc_riccati_hls.cpp:647]   --->   Operation 30 'load' 'z_u_1_load' <Predicate = true> <Delay = 0.67> <CoreInst = "RAM">   --->   Core 82 'RAM' <Latency = 1> <II = 1> <Delay = 0.67> <Storage> <Opcode : 'load' 'store'> <Ports = 2> <Width = 26> <Depth = 20> <RAM>
ST_2 : Operation 31 [1/1] (0.95ns)   --->   "%sub_ln1327_1 = sub i26 %sol_u_1_load, i26 %z_u_1_load" [../src/riccati_solver_hls.cpp:1327->../src/mpc_riccati_hls.cpp:647]   --->   Operation 31 'sub' 'sub_ln1327_1' <Predicate = true> <Delay = 0.95> <CoreInst = "Adder">   --->   Core 1 'Adder' <Latency = 0> <II = 1> <Delay = 0.95> <FuncUnit> <Opcode : 'add' 'sub'> <InPorts = 2> <OutPorts = 1>
ST_2 : Operation 32 [1/1] (0.00ns)   --->   "%y_u_1_addr = getelementptr i26 %y_u_1, i64 0, i64 %zext_ln1324" [../src/riccati_solver_hls.cpp:1327->../src/mpc_riccati_hls.cpp:647]   --->   Operation 32 'getelementptr' 'y_u_1_addr' <Predicate = true> <Delay = 0.00>
ST_2 : Operation 33 [1/1] ( I:0.67ns O:0.67ns )   --->   "%store_ln1327 = store i26 %sub_ln1327, i5 %y_u_addr" [../src/riccati_solver_hls.cpp:1327->../src/mpc_riccati_hls.cpp:647]   --->   Operation 33 'store' 'store_ln1327' <Predicate = true> <Delay = 0.67> <CoreInst = "RAM">   --->   Core 82 'RAM' <Latency = 1> <II = 1> <Delay = 0.67> <Storage> <Opcode : 'load' 'store'> <Ports = 2> <Width = 26> <Depth = 20> <RAM>
ST_2 : Operation 34 [1/1] ( I:0.67ns O:0.67ns )   --->   "%store_ln1327 = store i26 %sub_ln1327_1, i5 %y_u_1_addr" [../src/riccati_solver_hls.cpp:1327->../src/mpc_riccati_hls.cpp:647]   --->   Operation 34 'store' 'store_ln1327' <Predicate = true> <Delay = 0.67> <CoreInst = "RAM">   --->   Core 82 'RAM' <Latency = 1> <II = 1> <Delay = 0.67> <Storage> <Opcode : 'load' 'store'> <Ports = 2> <Width = 26> <Depth = 20> <RAM>
ST_2 : Operation 35 [1/1] (0.00ns)   --->   "%br_ln1324 = br void %for.body344.i" [../src/riccati_solver_hls.cpp:1324->../src/mpc_riccati_hls.cpp:647]   --->   Operation 35 'br' 'br_ln1324' <Predicate = true> <Delay = 0.00>


============================================================
+ Verbose Summary: Binding
============================================================
STG Binding: 
---------------- STG Properties BEGIN ----------------
- Is combinational: 0
- Is one-state seq: 0
- Is datapath-only: 0
- Is pipelined: 0
- Is top level: 0
Port [ Return ] is wired: 1; IO mode=ap_ctrl_hs:ce=0
Port [ y_u_1]:  wired=1; compound=1; hidden=0; nouse=0; global=0; static=0; extern=0; dir=1; type=1; pingpong=0; private_global=0; MemPort=[03]; IO mode=ap_memory:ce=0
Port [ y_u]:  wired=1; compound=1; hidden=0; nouse=0; global=0; static=0; extern=0; dir=1; type=1; pingpong=0; private_global=0; MemPort=[03]; IO mode=ap_memory:ce=0
Port [ sol_u]:  wired=1; compound=1; hidden=0; nouse=0; global=0; static=0; extern=0; dir=0; type=1; pingpong=0; private_global=0; MemPort=[13]; IO mode=ap_memory:ce=0
Port [ z_u]:  wired=1; compound=1; hidden=0; nouse=0; global=0; static=0; extern=0; dir=0; type=1; pingpong=0; private_global=0; MemPort=[13]; IO mode=ap_memory:ce=0
Port [ sol_u_1]:  wired=1; compound=1; hidden=0; nouse=0; global=0; static=0; extern=0; dir=0; type=1; pingpong=0; private_global=0; MemPort=[13]; IO mode=ap_memory:ce=0
Port [ z_u_1]:  wired=1; compound=1; hidden=0; nouse=0; global=0; static=0; extern=0; dir=0; type=1; pingpong=0; private_global=0; MemPort=[13]; IO mode=ap_memory:ce=0
---------------- STG Properties END ------------------

---------------- Datapath Model BEGIN ----------------

<LifeTime>
<method=bitvector/>
k                        (alloca           ) [ 010]
store_ln1189             (store            ) [ 000]
br_ln0                   (br               ) [ 000]
k_10                     (load             ) [ 000]
icmp_ln1324              (icmp             ) [ 010]
add_ln1324               (add              ) [ 000]
br_ln1324                (br               ) [ 000]
zext_ln1324              (zext             ) [ 011]
sol_u_addr               (getelementptr    ) [ 011]
z_u_addr                 (getelementptr    ) [ 011]
sol_u_1_addr             (getelementptr    ) [ 011]
z_u_1_addr               (getelementptr    ) [ 011]
store_ln1189             (store            ) [ 000]
specpipeline_ln1189      (specpipeline     ) [ 000]
speclooptripcount_ln1189 (speclooptripcount) [ 000]
specloopname_ln1324      (specloopname     ) [ 000]
sol_u_load               (load             ) [ 000]
z_u_load                 (load             ) [ 000]
sub_ln1327               (sub              ) [ 000]
y_u_addr                 (getelementptr    ) [ 000]
sol_u_1_load             (load             ) [ 000]
z_u_1_load               (load             ) [ 000]
sub_ln1327_1             (sub              ) [ 000]
y_u_1_addr               (getelementptr    ) [ 000]
store_ln1327             (store            ) [ 000]
store_ln1327             (store            ) [ 000]
br_ln1324                (br               ) [ 000]
ret_ln0                  (ret              ) [ 000]
</LifeTime>

<model>

<comp_list>
<comp id="0" class="1000" name="y_u_1">
<pin_list>
<pin id="1" dir="1" index="0" bw="1" slack="0"/>
</pin_list>
<bind>
<StgValue><ssdm name="y_u_1"/><MemPortTyVec>0 3 </MemPortTyVec>
</StgValue>
</bind>
</comp>

<comp id="2" class="1000" name="y_u">
<pin_list>
<pin id="3" dir="1" index="0" bw="1" slack="0"/>
</pin_list>
<bind>
<StgValue><ssdm name="y_u"/><MemPortTyVec>0 3 </MemPortTyVec>
</StgValue>
</bind>
</comp>

<comp id="4" class="1000" name="sol_u">
<pin_list>
<pin id="5" dir="1" index="0" bw="1" slack="0"/>
</pin_list>
<bind>
<StgValue><ssdm name="sol_u"/><MemPortTyVec>1 3 </MemPortTyVec>
</StgValue>
</bind>
</comp>

<comp id="6" class="1000" name="z_u">
<pin_list>
<pin id="7" dir="1" index="0" bw="1" slack="0"/>
</pin_list>
<bind>
<StgValue><ssdm name="z_u"/><MemPortTyVec>1 3 </MemPortTyVec>
</StgValue>
</bind>
</comp>

<comp id="8" class="1000" name="sol_u_1">
<pin_list>
<pin id="9" dir="1" index="0" bw="1" slack="0"/>
</pin_list>
<bind>
<StgValue><ssdm name="sol_u_1"/><MemPortTyVec>1 3 </MemPortTyVec>
</StgValue>
</bind>
</comp>

<comp id="10" class="1000" name="z_u_1">
<pin_list>
<pin id="11" dir="1" index="0" bw="1" slack="0"/>
</pin_list>
<bind>
<StgValue><ssdm name="z_u_1"/><MemPortTyVec>1 3 </MemPortTyVec>
</StgValue>
</bind>
</comp>

<comp id="12" class="1001" name="const_12">
<pin_list>
<pin id="13" dir="1" index="0" bw="1" slack="0"/>
</pin_list>
<bind>
<StgValue><ssdm name=""/></StgValue>
</bind>
</comp>

<comp id="14" class="1001" name="const_14">
<pin_list>
<pin id="15" dir="1" index="0" bw="1" slack="0"/>
</pin_list>
<bind>
<StgValue><ssdm name=""/></StgValue>
</bind>
</comp>

<comp id="16" class="1001" name="const_16">
<pin_list>
<pin id="17" dir="1" index="0" bw="1" slack="0"/>
</pin_list>
<bind>
<StgValue><ssdm name=""/></StgValue>
</bind>
</comp>

<comp id="18" class="1001" name="const_18">
<pin_list>
<pin id="19" dir="1" index="0" bw="1" slack="0"/>
</pin_list>
<bind>
<StgValue><ssdm name=""/></StgValue>
</bind>
</comp>

<comp id="20" class="1001" name="const_20">
<pin_list>
<pin id="21" dir="1" index="0" bw="1" slack="0"/>
</pin_list>
<bind>
<StgValue><ssdm name=""/></StgValue>
</bind>
</comp>

<comp id="22" class="1001" name="const_22">
<pin_list>
<pin id="23" dir="1" index="0" bw="1" slack="2147483647"/>
</pin_list>
<bind>
<StgValue><ssdm name="_ssdm_op_SpecPipeline"/></StgValue>
</bind>
</comp>

<comp id="24" class="1001" name="const_24">
<pin_list>
<pin id="25" dir="1" index="0" bw="1" slack="2147483647"/>
</pin_list>
<bind>
<StgValue><ssdm name=""/></StgValue>
</bind>
</comp>

<comp id="26" class="1001" name="const_26">
<pin_list>
<pin id="27" dir="1" index="0" bw="1" slack="2147483647"/>
</pin_list>
<bind>
<StgValue><ssdm name=""/></StgValue>
</bind>
</comp>

<comp id="28" class="1001" name="const_28">
<pin_list>
<pin id="29" dir="1" index="0" bw="1" slack="2147483647"/>
</pin_list>
<bind>
<StgValue><ssdm name="empty_524"/></StgValue>
</bind>
</comp>

<comp id="30" class="1001" name="const_30">
<pin_list>
<pin id="31" dir="1" index="0" bw="1" slack="2147483647"/>
</pin_list>
<bind>
<StgValue><ssdm name="_ssdm_op_SpecLoopTripCount"/></StgValue>
</bind>
</comp>

<comp id="32" class="1001" name="const_32">
<pin_list>
<pin id="33" dir="1" index="0" bw="1" slack="2147483647"/>
</pin_list>
<bind>
<StgValue><ssdm name=""/></StgValue>
</bind>
</comp>

<comp id="34" class="1001" name="const_34">
<pin_list>
<pin id="35" dir="1" index="0" bw="1" slack="2147483647"/>
</pin_list>
<bind>
<StgValue><ssdm name="_ssdm_op_SpecLoopName"/></StgValue>
</bind>
</comp>

<comp id="36" class="1001" name="const_36">
<pin_list>
<pin id="37" dir="1" index="0" bw="1" slack="2147483647"/>
</pin_list>
<bind>
<StgValue><ssdm name="empty_12"/></StgValue>
</bind>
</comp>

<comp id="38" class="1004" name="k_fu_38">
<pin_list>
<pin id="39" dir="0" index="0" bw="1" slack="0"/>
<pin id="40" dir="1" index="1" bw="5" slack="0"/>
</pin_list>
<bind>
<opcode="alloca(26) " fcode="alloca"/>
<opset="k/1 "/>
</bind>
</comp>

<comp id="42" class="1004" name="sol_u_addr_gep_fu_42">
<pin_list>
<pin id="43" dir="0" index="0" bw="26" slack="0"/>
<pin id="44" dir="0" index="1" bw="1" slack="0"/>
<pin id="45" dir="0" index="2" bw="5" slack="0"/>
<pin id="46" dir="1" index="3" bw="5" slack="0"/>
</pin_list>
<bind>
<opcode="getelementptr(29) " fcode="getelementptr"/>
<opset="sol_u_addr/1 "/>
</bind>
</comp>

<comp id="49" class="1004" name="grp_access_fu_49">
<pin_list>
<pin id="50" dir="0" index="0" bw="5" slack="0"/>
<pin id="51" dir="0" index="1" bw="26" slack="2147483647"/>
<pin id="52" dir="0" index="2" bw="0" slack="2147483647"/>
<pin id="53" dir="1" index="3" bw="26" slack="0"/>
</pin_list>
<bind>
<opcode="load(27) " fcode="load"/>
<opset="sol_u_load/1 "/>
</bind>
</comp>

<comp id="55" class="1004" name="z_u_addr_gep_fu_55">
<pin_list>
<pin id="56" dir="0" index="0" bw="26" slack="0"/>
<pin id="57" dir="0" index="1" bw="1" slack="0"/>
<pin id="58" dir="0" index="2" bw="5" slack="0"/>
<pin id="59" dir="1" index="3" bw="5" slack="0"/>
</pin_list>
<bind>
<opcode="getelementptr(29) " fcode="getelementptr"/>
<opset="z_u_addr/1 "/>
</bind>
</comp>

<comp id="62" class="1004" name="grp_access_fu_62">
<pin_list>
<pin id="63" dir="0" index="0" bw="5" slack="0"/>
<pin id="64" dir="0" index="1" bw="26" slack="2147483647"/>
<pin id="65" dir="0" index="2" bw="0" slack="2147483647"/>
<pin id="66" dir="1" index="3" bw="26" slack="0"/>
</pin_list>
<bind>
<opcode="load(27) " fcode="load"/>
<opset="z_u_load/1 "/>
</bind>
</comp>

<comp id="68" class="1004" name="sol_u_1_addr_gep_fu_68">
<pin_list>
<pin id="69" dir="0" index="0" bw="26" slack="0"/>
<pin id="70" dir="0" index="1" bw="1" slack="0"/>
<pin id="71" dir="0" index="2" bw="5" slack="0"/>
<pin id="72" dir="1" index="3" bw="5" slack="0"/>
</pin_list>
<bind>
<opcode="getelementptr(29) " fcode="getelementptr"/>
<opset="sol_u_1_addr/1 "/>
</bind>
</comp>

<comp id="75" class="1004" name="grp_access_fu_75">
<pin_list>
<pin id="76" dir="0" index="0" bw="5" slack="0"/>
<pin id="77" dir="0" index="1" bw="26" slack="2147483647"/>
<pin id="78" dir="0" index="2" bw="0" slack="2147483647"/>
<pin id="79" dir="1" index="3" bw="26" slack="0"/>
</pin_list>
<bind>
<opcode="load(27) " fcode="load"/>
<opset="sol_u_1_load/1 "/>
</bind>
</comp>

<comp id="81" class="1004" name="z_u_1_addr_gep_fu_81">
<pin_list>
<pin id="82" dir="0" index="0" bw="26" slack="0"/>
<pin id="83" dir="0" index="1" bw="1" slack="0"/>
<pin id="84" dir="0" index="2" bw="5" slack="0"/>
<pin id="85" dir="1" index="3" bw="5" slack="0"/>
</pin_list>
<bind>
<opcode="getelementptr(29) " fcode="getelementptr"/>
<opset="z_u_1_addr/1 "/>
</bind>
</comp>

<comp id="88" class="1004" name="grp_access_fu_88">
<pin_list>
<pin id="89" dir="0" index="0" bw="5" slack="0"/>
<pin id="90" dir="0" index="1" bw="26" slack="2147483647"/>
<pin id="91" dir="0" index="2" bw="0" slack="2147483647"/>
<pin id="92" dir="1" index="3" bw="26" slack="0"/>
</pin_list>
<bind>
<opcode="load(27) " fcode="load"/>
<opset="z_u_1_load/1 "/>
</bind>
</comp>

<comp id="94" class="1004" name="y_u_addr_gep_fu_94">
<pin_list>
<pin id="95" dir="0" index="0" bw="26" slack="0"/>
<pin id="96" dir="0" index="1" bw="1" slack="0"/>
<pin id="97" dir="0" index="2" bw="5" slack="1"/>
<pin id="98" dir="1" index="3" bw="5" slack="0"/>
</pin_list>
<bind>
<opcode="getelementptr(29) " fcode="getelementptr"/>
<opset="y_u_addr/2 "/>
</bind>
</comp>

<comp id="101" class="1004" name="y_u_1_addr_gep_fu_101">
<pin_list>
<pin id="102" dir="0" index="0" bw="26" slack="0"/>
<pin id="103" dir="0" index="1" bw="1" slack="0"/>
<pin id="104" dir="0" index="2" bw="5" slack="1"/>
<pin id="105" dir="1" index="3" bw="5" slack="0"/>
</pin_list>
<bind>
<opcode="getelementptr(29) " fcode="getelementptr"/>
<opset="y_u_1_addr/2 "/>
</bind>
</comp>

<comp id="108" class="1004" name="store_ln1327_access_fu_108">
<pin_list>
<pin id="109" dir="0" index="0" bw="5" slack="0"/>
<pin id="110" dir="0" index="1" bw="26" slack="0"/>
<pin id="111" dir="0" index="2" bw="0" slack="2147483647"/>
<pin id="112" dir="1" index="3" bw="26" slack="2147483647"/>
</pin_list>
<bind>
<opcode="store(28) " fcode="store"/>
<opset="store_ln1327/2 "/>
</bind>
</comp>

<comp id="114" class="1004" name="store_ln1327_access_fu_114">
<pin_list>
<pin id="115" dir="0" index="0" bw="5" slack="0"/>
<pin id="116" dir="0" index="1" bw="26" slack="0"/>
<pin id="117" dir="0" index="2" bw="0" slack="2147483647"/>
<pin id="118" dir="1" index="3" bw="26" slack="2147483647"/>
</pin_list>
<bind>
<opcode="store(28) " fcode="store"/>
<opset="store_ln1327/2 "/>
</bind>
</comp>

<comp id="120" class="1004" name="store_ln1189_store_fu_120">
<pin_list>
<pin id="121" dir="0" index="0" bw="1" slack="0"/>
<pin id="122" dir="0" index="1" bw="5" slack="0"/>
<pin id="123" dir="1" index="2" bw="0" slack="2147483647"/>
</pin_list>
<bind>
<opcode="store(28) " fcode="store"/>
<opset="store_ln1189/1 "/>
</bind>
</comp>

<comp id="125" class="1004" name="k_10_load_fu_125">
<pin_list>
<pin id="126" dir="0" index="0" bw="5" slack="0"/>
<pin id="127" dir="1" index="1" bw="5" slack="0"/>
</pin_list>
<bind>
<opcode="load(27) " fcode="load"/>
<opset="k_10/1 "/>
</bind>
</comp>

<comp id="128" class="1004" name="icmp_ln1324_fu_128">
<pin_list>
<pin id="129" dir="0" index="0" bw="5" slack="0"/>
<pin id="130" dir="0" index="1" bw="5" slack="0"/>
<pin id="131" dir="1" index="2" bw="1" slack="2147483647"/>
</pin_list>
<bind>
<opcode="icmp(45) " fcode="icmp"/>
<opset="icmp_ln1324/1 "/>
</bind>
</comp>

<comp id="134" class="1004" name="add_ln1324_fu_134">
<pin_list>
<pin id="135" dir="0" index="0" bw="5" slack="0"/>
<pin id="136" dir="0" index="1" bw="1" slack="0"/>
<pin id="137" dir="1" index="2" bw="5" slack="0"/>
</pin_list>
<bind>
<opcode="add(8) " fcode="add"/>
<opset="add_ln1324/1 "/>
</bind>
</comp>

<comp id="140" class="1004" name="zext_ln1324_fu_140">
<pin_list>
<pin id="141" dir="0" index="0" bw="5" slack="0"/>
<pin id="142" dir="1" index="1" bw="64" slack="0"/>
</pin_list>
<bind>
<opcode="zext(34) " fcode="zext"/>
<opset="zext_ln1324/1 "/>
</bind>
</comp>

<comp id="148" class="1004" name="store_ln1189_store_fu_148">
<pin_list>
<pin id="149" dir="0" index="0" bw="5" slack="0"/>
<pin id="150" dir="0" index="1" bw="5" slack="0"/>
<pin id="151" dir="1" index="2" bw="0" slack="2147483647"/>
</pin_list>
<bind>
<opcode="store(28) " fcode="store"/>
<opset="store_ln1189/1 "/>
</bind>
</comp>

<comp id="153" class="1004" name="sub_ln1327_fu_153">
<pin_list>
<pin id="154" dir="0" index="0" bw="26" slack="0"/>
<pin id="155" dir="0" index="1" bw="26" slack="0"/>
<pin id="156" dir="1" index="2" bw="26" slack="0"/>
</pin_list>
<bind>
<opcode="sub(10) " fcode="sub"/>
<opset="sub_ln1327/2 "/>
</bind>
</comp>

<comp id="160" class="1004" name="sub_ln1327_1_fu_160">
<pin_list>
<pin id="161" dir="0" index="0" bw="26" slack="0"/>
<pin id="162" dir="0" index="1" bw="26" slack="0"/>
<pin id="163" dir="1" index="2" bw="26" slack="0"/>
</pin_list>
<bind>
<opcode="sub(10) " fcode="sub"/>
<opset="sub_ln1327_1/2 "/>
</bind>
</comp>

<comp id="167" class="1005" name="k_reg_167">
<pin_list>
<pin id="168" dir="0" index="0" bw="5" slack="0"/>
<pin id="169" dir="1" index="1" bw="5" slack="0"/>
</pin_list>
<bind>
<opset="k "/>
</bind>
</comp>

<comp id="177" class="1005" name="zext_ln1324_reg_177">
<pin_list>
<pin id="178" dir="0" index="0" bw="64" slack="1"/>
<pin id="179" dir="1" index="1" bw="64" slack="1"/>
</pin_list>
<bind>
<opset="zext_ln1324 "/>
</bind>
</comp>

<comp id="183" class="1005" name="sol_u_addr_reg_183">
<pin_list>
<pin id="184" dir="0" index="0" bw="5" slack="1"/>
<pin id="185" dir="1" index="1" bw="5" slack="1"/>
</pin_list>
<bind>
<opset="sol_u_addr "/>
</bind>
</comp>

<comp id="188" class="1005" name="z_u_addr_reg_188">
<pin_list>
<pin id="189" dir="0" index="0" bw="5" slack="1"/>
<pin id="190" dir="1" index="1" bw="5" slack="1"/>
</pin_list>
<bind>
<opset="z_u_addr "/>
</bind>
</comp>

<comp id="193" class="1005" name="sol_u_1_addr_reg_193">
<pin_list>
<pin id="194" dir="0" index="0" bw="5" slack="1"/>
<pin id="195" dir="1" index="1" bw="5" slack="1"/>
</pin_list>
<bind>
<opset="sol_u_1_addr "/>
</bind>
</comp>

<comp id="198" class="1005" name="z_u_1_addr_reg_198">
<pin_list>
<pin id="199" dir="0" index="0" bw="5" slack="1"/>
<pin id="200" dir="1" index="1" bw="5" slack="1"/>
</pin_list>
<bind>
<opset="z_u_1_addr "/>
</bind>
</comp>

</comp_list>

<net_list>
<net id="41"><net_src comp="12" pin="0"/><net_sink comp="38" pin=0"/></net>

<net id="47"><net_src comp="4" pin="0"/><net_sink comp="42" pin=0"/></net>

<net id="48"><net_src comp="20" pin="0"/><net_sink comp="42" pin=1"/></net>

<net id="54"><net_src comp="42" pin="3"/><net_sink comp="49" pin=0"/></net>

<net id="60"><net_src comp="6" pin="0"/><net_sink comp="55" pin=0"/></net>

<net id="61"><net_src comp="20" pin="0"/><net_sink comp="55" pin=1"/></net>

<net id="67"><net_src comp="55" pin="3"/><net_sink comp="62" pin=0"/></net>

<net id="73"><net_src comp="8" pin="0"/><net_sink comp="68" pin=0"/></net>

<net id="74"><net_src comp="20" pin="0"/><net_sink comp="68" pin=1"/></net>

<net id="80"><net_src comp="68" pin="3"/><net_sink comp="75" pin=0"/></net>

<net id="86"><net_src comp="10" pin="0"/><net_sink comp="81" pin=0"/></net>

<net id="87"><net_src comp="20" pin="0"/><net_sink comp="81" pin=1"/></net>

<net id="93"><net_src comp="81" pin="3"/><net_sink comp="88" pin=0"/></net>

<net id="99"><net_src comp="2" pin="0"/><net_sink comp="94" pin=0"/></net>

<net id="100"><net_src comp="20" pin="0"/><net_sink comp="94" pin=1"/></net>

<net id="106"><net_src comp="0" pin="0"/><net_sink comp="101" pin=0"/></net>

<net id="107"><net_src comp="20" pin="0"/><net_sink comp="101" pin=1"/></net>

<net id="113"><net_src comp="94" pin="3"/><net_sink comp="108" pin=0"/></net>

<net id="119"><net_src comp="101" pin="3"/><net_sink comp="114" pin=0"/></net>

<net id="124"><net_src comp="14" pin="0"/><net_sink comp="120" pin=0"/></net>

<net id="132"><net_src comp="125" pin="1"/><net_sink comp="128" pin=0"/></net>

<net id="133"><net_src comp="16" pin="0"/><net_sink comp="128" pin=1"/></net>

<net id="138"><net_src comp="125" pin="1"/><net_sink comp="134" pin=0"/></net>

<net id="139"><net_src comp="18" pin="0"/><net_sink comp="134" pin=1"/></net>

<net id="143"><net_src comp="125" pin="1"/><net_sink comp="140" pin=0"/></net>

<net id="144"><net_src comp="140" pin="1"/><net_sink comp="42" pin=2"/></net>

<net id="145"><net_src comp="140" pin="1"/><net_sink comp="55" pin=2"/></net>

<net id="146"><net_src comp="140" pin="1"/><net_sink comp="68" pin=2"/></net>

<net id="147"><net_src comp="140" pin="1"/><net_sink comp="81" pin=2"/></net>

<net id="152"><net_src comp="134" pin="2"/><net_sink comp="148" pin=0"/></net>

<net id="157"><net_src comp="49" pin="3"/><net_sink comp="153" pin=0"/></net>

<net id="158"><net_src comp="62" pin="3"/><net_sink comp="153" pin=1"/></net>

<net id="159"><net_src comp="153" pin="2"/><net_sink comp="108" pin=1"/></net>

<net id="164"><net_src comp="75" pin="3"/><net_sink comp="160" pin=0"/></net>

<net id="165"><net_src comp="88" pin="3"/><net_sink comp="160" pin=1"/></net>

<net id="166"><net_src comp="160" pin="2"/><net_sink comp="114" pin=1"/></net>

<net id="170"><net_src comp="38" pin="1"/><net_sink comp="167" pin=0"/></net>

<net id="171"><net_src comp="167" pin="1"/><net_sink comp="120" pin=1"/></net>

<net id="172"><net_src comp="167" pin="1"/><net_sink comp="125" pin=0"/></net>

<net id="173"><net_src comp="167" pin="1"/><net_sink comp="148" pin=1"/></net>

<net id="180"><net_src comp="140" pin="1"/><net_sink comp="177" pin=0"/></net>

<net id="181"><net_src comp="177" pin="1"/><net_sink comp="94" pin=2"/></net>

<net id="182"><net_src comp="177" pin="1"/><net_sink comp="101" pin=2"/></net>

<net id="186"><net_src comp="42" pin="3"/><net_sink comp="183" pin=0"/></net>

<net id="187"><net_src comp="183" pin="1"/><net_sink comp="49" pin=0"/></net>

<net id="191"><net_src comp="55" pin="3"/><net_sink comp="188" pin=0"/></net>

<net id="192"><net_src comp="188" pin="1"/><net_sink comp="62" pin=0"/></net>

<net id="196"><net_src comp="68" pin="3"/><net_sink comp="193" pin=0"/></net>

<net id="197"><net_src comp="193" pin="1"/><net_sink comp="75" pin=0"/></net>

<net id="201"><net_src comp="81" pin="3"/><net_sink comp="198" pin=0"/></net>

<net id="202"><net_src comp="198" pin="1"/><net_sink comp="88" pin=0"/></net>

</net_list>

</model> 
---------------- Datapath Model END ------------------

* FSMD analyzer results:
  - Output states:
	Port: y_u_1 | {2 }
	Port: y_u | {2 }
 - Input state : 
	Port: mpc_compute_hls_Pipeline_VITIS_LOOP_1324_17 : sol_u | {1 2 }
	Port: mpc_compute_hls_Pipeline_VITIS_LOOP_1324_17 : z_u | {1 2 }
	Port: mpc_compute_hls_Pipeline_VITIS_LOOP_1324_17 : sol_u_1 | {1 2 }
	Port: mpc_compute_hls_Pipeline_VITIS_LOOP_1324_17 : z_u_1 | {1 2 }
  - Chain level:
	State 1
		store_ln1189 : 1
		k_10 : 1
		icmp_ln1324 : 2
		add_ln1324 : 2
		br_ln1324 : 3
		zext_ln1324 : 2
		sol_u_addr : 3
		sol_u_load : 4
		z_u_addr : 3
		z_u_load : 4
		sol_u_1_addr : 3
		sol_u_1_load : 4
		z_u_1_addr : 3
		z_u_1_load : 4
		store_ln1189 : 3
	State 2
		sub_ln1327 : 1
		sub_ln1327_1 : 1
		store_ln1327 : 2
		store_ln1327 : 2


============================================================
+ Verbose Summary: Datapath Resource usage 
============================================================

* Functional unit list:
|----------|---------------------|---------|---------|
| Operation|   Functional Unit   |    FF   |   LUT   |
|----------|---------------------|---------|---------|
|    sub   |  sub_ln1327_fu_153  |    0    |    33   |
|          | sub_ln1327_1_fu_160 |    0    |    33   |
|----------|---------------------|---------|---------|
|   icmp   |  icmp_ln1324_fu_128 |    0    |    12   |
|----------|---------------------|---------|---------|
|    add   |  add_ln1324_fu_134  |    0    |    12   |
|----------|---------------------|---------|---------|
|   zext   |  zext_ln1324_fu_140 |    0    |    0    |
|----------|---------------------|---------|---------|
|   Total  |                     |    0    |    90   |
|----------|---------------------|---------|---------|

Memories:
N/A

* Register list:
+--------------------+--------+
|                    |   FF   |
+--------------------+--------+
|      k_reg_167     |    5   |
|sol_u_1_addr_reg_193|    5   |
| sol_u_addr_reg_183 |    5   |
| z_u_1_addr_reg_198 |    5   |
|  z_u_addr_reg_188  |    5   |
| zext_ln1324_reg_177|   64   |
+--------------------+--------+
|        Total       |   89   |
+--------------------+--------+

* Multiplexer (MUX) list: 
|------------------|------|------|------|--------||---------||---------||---------|
|       Comp       |  Pin | Size |  BW  | S x BW ||  Delay  ||    FF   ||   LUT   |
|------------------|------|------|------|--------||---------||---------||---------|
| grp_access_fu_49 |  p0  |   2  |   5  |   10   ||    0    ||    9    |
| grp_access_fu_62 |  p0  |   2  |   5  |   10   ||    0    ||    9    |
| grp_access_fu_75 |  p0  |   2  |   5  |   10   ||    0    ||    9    |
| grp_access_fu_88 |  p0  |   2  |   5  |   10   ||    0    ||    9    |
|------------------|------|------|------|--------||---------||---------||---------|
|       Total      |      |      |      |   40   ||  1.708  ||    0    ||    36   |
|------------------|------|------|------|--------||---------||---------||---------|



* Summary:
+-----------+--------+--------+--------+
|           |  Delay |   FF   |   LUT  |
+-----------+--------+--------+--------+
|  Function |    -   |    0   |   90   |
|   Memory  |    -   |    -   |    -   |
|Multiplexer|    1   |    0   |   36   |
|  Register |    -   |   89   |    -   |
+-----------+--------+--------+--------+
|   Total   |    1   |   89   |   126  |
+-----------+--------+--------+--------+
