

================================================================
== Vitis HLS Report for 'mpc_compute_hls_Pipeline_VITIS_LOOP_1282_14'
================================================================
* Date:           Thu May 21 15:23:07 2026

* Version:        2025.2 (Build 6295257 on Nov 14 2025)
* Project:        mpc_fpga_top_opencl
* Solution:       hls (Vitis Kernel Flow Target)
* Product family: zynquplus
* Target device:  xck26-sfvc784-2LV-c


================================================================
== Performance Estimates
================================================================
+ Timing: 
    * Summary: 
    +--------+---------+----------+------------+
    |  Clock |  Target | Estimated| Uncertainty|
    +--------+---------+----------+------------+
    |ap_clk  |  5.00 ns|  4.284 ns|     0.50 ns|
    +--------+---------+----------+------------+

+ Latency: 
    * Summary: 
    +---------+---------+----------+----------+-----+-----+-------------------+
    |  Latency (cycles) |  Latency (absolute) |  Interval |      Pipeline     |
    |   min   |   max   |    min   |    max   | min | max |        Type       |
    +---------+---------+----------+----------+-----+-----+-------------------+
    |       22|       22|  0.110 us|  0.110 us|    0|    0|  loop pipeline stp|
    +---------+---------+----------+----------+-----+-----+-------------------+

    + Detail: 
        * Instance: 
        N/A

        * Loop: 
        +----------------------+---------+---------+----------+-----------+-----------+------+----------+
        |                      |  Latency (cycles) | Iteration|  Initiation Interval  | Trip |          |
        |       Loop Name      |   min   |   max   |  Latency |  achieved |   target  | Count| Pipelined|
        +----------------------+---------+---------+----------+-----------+-----------+------+----------+
        |- VITIS_LOOP_1282_14  |       20|       20|         2|          1|          1|    20|       yes|
        +----------------------+---------+---------+----------+-----------+-----------+------+----------+

============================================================
+ Verbose Summary: Synthesis Manager
============================================================
InlineROM: 1
ExposeGlobal: 0
============================================================
+ Verbose Summary: CDFG Model
============================================================
IsTopModel: 0
ResetActiveHigh: 1
IsCombinational: 0
IsDatapathOnly: 0
HasWiredReturn: 1
HasMFsm: 2
HasVarLatency: 1
IsPipeline: 0
IsRtlPipelined: 0
IsInstanceOverlapped: 0
IsDontTouch: 0
HasImplIP: 0
IsGatedGlobalClock: 0

+ Individual pipeline summary: 
  * Pipeline-0: initiation interval (II) = 1, depth = 2


============================================================
+ Verbose Summary: Schedule
============================================================
* Number of FSM states : 2
* Pipeline : 1
  Pipeline-0 : II = 1, D = 2, States = { 1 2 }
* Dataflow Pipeline: 0

* FSM state transitions: 
1 --> 2 
2 --> 

* FSM state operations: 

State 1 <SV = 0> <Delay = 1.66>
ST_1 : Operation 5 [1/1] (0.00ns)   --->   "%k_10 = alloca i32 1" [../src/riccati_solver_hls.cpp:1170->../src/mpc_riccati_hls.cpp:649]   --->   Operation 5 'alloca' 'k_10' <Predicate = true> <Delay = 0.00>
ST_1 : Operation 6 [1/1] (0.00ns)   --->   "%specmemcore_ln0 = specmemcore void @_ssdm_op_SpecMemCore, i32 %step_data_5, i64 666, i64 22, i64 1, i1 0"   --->   Operation 6 'specmemcore' 'specmemcore_ln0' <Predicate = true> <Delay = 0.00>
ST_1 : Operation 7 [1/1] (0.42ns)   --->   "%store_ln1170 = store i5 0, i5 %k_10" [../src/riccati_solver_hls.cpp:1170->../src/mpc_riccati_hls.cpp:649]   --->   Operation 7 'store' 'store_ln1170' <Predicate = true> <Delay = 0.42>
ST_1 : Operation 8 [1/1] (0.00ns)   --->   "%br_ln0 = br void %for.body278.i"   --->   Operation 8 'br' 'br_ln0' <Predicate = true> <Delay = 0.00>
ST_1 : Operation 9 [1/1] (0.00ns)   --->   "%k = load i5 %k_10" [../src/riccati_solver_hls.cpp:1282->../src/mpc_riccati_hls.cpp:649]   --->   Operation 9 'load' 'k' <Predicate = true> <Delay = 0.00>
ST_1 : Operation 10 [1/1] (0.78ns)   --->   "%icmp_ln1282 = icmp_eq  i5 %k, i5 20" [../src/riccati_solver_hls.cpp:1282->../src/mpc_riccati_hls.cpp:649]   --->   Operation 10 'icmp' 'icmp_ln1282' <Predicate = true> <Delay = 0.78> <CoreInst = "Cmp">   --->   Core 9 'Cmp' <Latency = 0> <II = 1> <Delay = 0.78> <FuncUnit> <Opcode : 'seteq' 'setne' 'setle' 'setge' 'setlt' 'setgt'> <InPorts = 2> <OutPorts = 1>
ST_1 : Operation 11 [1/1] (0.78ns)   --->   "%add_ln1282 = add i5 %k, i5 1" [../src/riccati_solver_hls.cpp:1282->../src/mpc_riccati_hls.cpp:649]   --->   Operation 11 'add' 'add_ln1282' <Predicate = true> <Delay = 0.78> <CoreInst = "Adder">   --->   Core 1 'Adder' <Latency = 0> <II = 1> <Delay = 0.78> <FuncUnit> <Opcode : 'add' 'sub'> <InPorts = 2> <OutPorts = 1>
ST_1 : Operation 12 [1/1] (0.00ns)   --->   "%br_ln1282 = br i1 %icmp_ln1282, void %for.body278.i.split, void %for.body318.i.preheader.exitStub" [../src/riccati_solver_hls.cpp:1282->../src/mpc_riccati_hls.cpp:649]   --->   Operation 12 'br' 'br_ln1282' <Predicate = true> <Delay = 0.00>
ST_1 : Operation 13 [1/1] (0.00ns)   --->   "%zext_ln1282 = zext i5 %k" [../src/riccati_solver_hls.cpp:1282->../src/mpc_riccati_hls.cpp:649]   --->   Operation 13 'zext' 'zext_ln1282' <Predicate = (!icmp_ln1282)> <Delay = 0.00>
ST_1 : Operation 14 [1/1] (0.00ns)   --->   "%step_data_5_addr = getelementptr i32 %step_data_5, i64 0, i64 %zext_ln1282" [../src/riccati_solver_hls.cpp:114->../src/riccati_solver_hls.cpp:1287->../src/mpc_riccati_hls.cpp:649]   --->   Operation 14 'getelementptr' 'step_data_5_addr' <Predicate = (!icmp_ln1282)> <Delay = 0.00>
ST_1 : Operation 15 [2/2] (1.23ns)   --->   "%ub = load i5 %step_data_5_addr" [../src/riccati_solver_hls.cpp:114->../src/riccati_solver_hls.cpp:1287->../src/mpc_riccati_hls.cpp:649]   --->   Operation 15 'load' 'ub' <Predicate = (!icmp_ln1282)> <Delay = 1.23> <CoreInst = "RAM_2P_BRAM">   --->   Core 93 'RAM_2P_BRAM' <Latency = 1> <II = 1> <Delay = 1.23> <Storage> <Opcode : 'load' 'store'> <Ports = 2> <Width = 32> <Depth = 20> <RAM>
ST_1 : Operation 16 [1/1] (0.00ns)   --->   "%sol_u_addr = getelementptr i32 %sol_u, i64 0, i64 %zext_ln1282" [../src/riccati_solver_hls.cpp:1285->../src/mpc_riccati_hls.cpp:649]   --->   Operation 16 'getelementptr' 'sol_u_addr' <Predicate = (!icmp_ln1282)> <Delay = 0.00>
ST_1 : Operation 17 [2/2] (0.67ns)   --->   "%val = load i5 %sol_u_addr" [../src/riccati_solver_hls.cpp:1285->../src/mpc_riccati_hls.cpp:649]   --->   Operation 17 'load' 'val' <Predicate = (!icmp_ln1282)> <Delay = 0.67> <CoreInst = "RAM">   --->   Core 82 'RAM' <Latency = 1> <II = 1> <Delay = 0.67> <Storage> <Opcode : 'load' 'store'> <Ports = 2> <Width = 32> <Depth = 20> <RAM>
ST_1 : Operation 18 [1/1] (0.00ns)   --->   "%sol_u_1_addr = getelementptr i32 %sol_u_1, i64 0, i64 %zext_ln1282" [../src/riccati_solver_hls.cpp:1285->../src/mpc_riccati_hls.cpp:649]   --->   Operation 18 'getelementptr' 'sol_u_1_addr' <Predicate = (!icmp_ln1282)> <Delay = 0.00>
ST_1 : Operation 19 [2/2] (0.67ns)   --->   "%val_24 = load i5 %sol_u_1_addr" [../src/riccati_solver_hls.cpp:1285->../src/mpc_riccati_hls.cpp:649]   --->   Operation 19 'load' 'val_24' <Predicate = (!icmp_ln1282)> <Delay = 0.67> <CoreInst = "RAM">   --->   Core 82 'RAM' <Latency = 1> <II = 1> <Delay = 0.67> <Storage> <Opcode : 'load' 'store'> <Ports = 2> <Width = 32> <Depth = 20> <RAM>
ST_1 : Operation 20 [1/1] (0.42ns)   --->   "%store_ln1170 = store i5 %add_ln1282, i5 %k_10" [../src/riccati_solver_hls.cpp:1170->../src/mpc_riccati_hls.cpp:649]   --->   Operation 20 'store' 'store_ln1170' <Predicate = (!icmp_ln1282)> <Delay = 0.42>
ST_1 : Operation 42 [1/1] (0.42ns)   --->   "%ret_ln0 = ret"   --->   Operation 42 'ret' 'ret_ln0' <Predicate = (icmp_ln1282)> <Delay = 0.42>

State 2 <SV = 1> <Delay = 4.28>
ST_2 : Operation 21 [1/1] (0.00ns)   --->   "%specpipeline_ln1170 = specpipeline void @_ssdm_op_SpecPipeline, i32 4294967295, i32 0, i32 0, i32 0, i32 4294967295, void @empty_485" [../src/riccati_solver_hls.cpp:1170->../src/mpc_riccati_hls.cpp:649]   --->   Operation 21 'specpipeline' 'specpipeline_ln1170' <Predicate = true> <Delay = 0.00>
ST_2 : Operation 22 [1/1] (0.00ns)   --->   "%speclooptripcount_ln1170 = speclooptripcount void @_ssdm_op_SpecLoopTripCount, i64 20, i64 20, i64 20" [../src/riccati_solver_hls.cpp:1170->../src/mpc_riccati_hls.cpp:649]   --->   Operation 22 'speclooptripcount' 'speclooptripcount_ln1170' <Predicate = true> <Delay = 0.00>
ST_2 : Operation 23 [1/1] (0.00ns)   --->   "%specloopname_ln1282 = specloopname void @_ssdm_op_SpecLoopName, void @empty_512" [../src/riccati_solver_hls.cpp:1282->../src/mpc_riccati_hls.cpp:649]   --->   Operation 23 'specloopname' 'specloopname_ln1282' <Predicate = true> <Delay = 0.00>
ST_2 : Operation 24 [1/2] ( I:1.23ns O:1.23ns )   --->   "%ub = load i5 %step_data_5_addr" [../src/riccati_solver_hls.cpp:114->../src/riccati_solver_hls.cpp:1287->../src/mpc_riccati_hls.cpp:649]   --->   Operation 24 'load' 'ub' <Predicate = true> <Delay = 1.23> <CoreInst = "RAM_2P_BRAM">   --->   Core 93 'RAM_2P_BRAM' <Latency = 1> <II = 1> <Delay = 1.23> <Storage> <Opcode : 'load' 'store'> <Ports = 2> <Width = 32> <Depth = 20> <RAM>
ST_2 : Operation 25 [1/2] ( I:0.67ns O:0.67ns )   --->   "%val = load i5 %sol_u_addr" [../src/riccati_solver_hls.cpp:1285->../src/mpc_riccati_hls.cpp:649]   --->   Operation 25 'load' 'val' <Predicate = true> <Delay = 0.67> <CoreInst = "RAM">   --->   Core 82 'RAM' <Latency = 1> <II = 1> <Delay = 0.67> <Storage> <Opcode : 'load' 'store'> <Ports = 2> <Width = 32> <Depth = 20> <RAM>
ST_2 : Operation 26 [1/1] (1.01ns)   --->   "%icmp_ln1292 = icmp_slt  i32 %val, i32 4294220448" [../src/riccati_solver_hls.cpp:1292->../src/mpc_riccati_hls.cpp:649]   --->   Operation 26 'icmp' 'icmp_ln1292' <Predicate = true> <Delay = 1.01> <CoreInst = "Cmp">   --->   Core 9 'Cmp' <Latency = 0> <II = 1> <Delay = 1.01> <FuncUnit> <Opcode : 'seteq' 'setne' 'setle' 'setge' 'setlt' 'setgt'> <InPorts = 2> <OutPorts = 1>
ST_2 : Operation 27 [1/1] (0.44ns)   --->   "%val_22 = select i1 %icmp_ln1292, i32 4294220448, i32 %val" [../src/riccati_solver_hls.cpp:1292->../src/mpc_riccati_hls.cpp:649]   --->   Operation 27 'select' 'val_22' <Predicate = true> <Delay = 0.44> <CoreInst = "Sel">   --->   Core 73 'Sel' <Latency = 0> <II = 1> <Delay = 0.44> <FuncUnit> <Opcode : 'select'> <InPorts = 3> <OutPorts = 1>
ST_2 : Operation 28 [1/1] (0.00ns)   --->   "%trunc_ln1285 = trunc i32 %val_22" [../src/riccati_solver_hls.cpp:1285->../src/mpc_riccati_hls.cpp:649]   --->   Operation 28 'trunc' 'trunc_ln1285' <Predicate = true> <Delay = 0.00>
ST_2 : Operation 29 [1/1] (1.01ns)   --->   "%icmp_ln1294 = icmp_sgt  i32 %val_22, i32 746848" [../src/riccati_solver_hls.cpp:1294->../src/mpc_riccati_hls.cpp:649]   --->   Operation 29 'icmp' 'icmp_ln1294' <Predicate = true> <Delay = 1.01> <CoreInst = "Cmp">   --->   Core 9 'Cmp' <Latency = 0> <II = 1> <Delay = 1.01> <FuncUnit> <Opcode : 'seteq' 'setne' 'setle' 'setge' 'setlt' 'setgt'> <InPorts = 2> <OutPorts = 1>
ST_2 : Operation 30 [1/1] (0.35ns)   --->   "%val_23 = select i1 %icmp_ln1294, i21 746848, i21 %trunc_ln1285" [../src/riccati_solver_hls.cpp:1294->../src/mpc_riccati_hls.cpp:649]   --->   Operation 30 'select' 'val_23' <Predicate = true> <Delay = 0.35> <CoreInst = "Sel">   --->   Core 73 'Sel' <Latency = 0> <II = 1> <Delay = 0.35> <FuncUnit> <Opcode : 'select'> <InPorts = 3> <OutPorts = 1>
ST_2 : Operation 31 [1/1] (0.00ns)   --->   "%sext_ln1285 = sext i21 %val_23" [../src/riccati_solver_hls.cpp:1285->../src/mpc_riccati_hls.cpp:649]   --->   Operation 31 'sext' 'sext_ln1285' <Predicate = true> <Delay = 0.00>
ST_2 : Operation 32 [1/1] (0.00ns)   --->   "%z_u_addr = getelementptr i32 %z_u, i64 0, i64 %zext_ln1282" [../src/riccati_solver_hls.cpp:1296->../src/mpc_riccati_hls.cpp:649]   --->   Operation 32 'getelementptr' 'z_u_addr' <Predicate = true> <Delay = 0.00>
ST_2 : Operation 33 [1/2] ( I:0.67ns O:0.67ns )   --->   "%val_24 = load i5 %sol_u_1_addr" [../src/riccati_solver_hls.cpp:1285->../src/mpc_riccati_hls.cpp:649]   --->   Operation 33 'load' 'val_24' <Predicate = true> <Delay = 0.67> <CoreInst = "RAM">   --->   Core 82 'RAM' <Latency = 1> <II = 1> <Delay = 0.67> <Storage> <Opcode : 'load' 'store'> <Ports = 2> <Width = 32> <Depth = 20> <RAM>
ST_2 : Operation 34 [1/1] (1.01ns)   --->   "%icmp_ln1292_1 = icmp_slt  i32 %val_24, i32 4293115727" [../src/riccati_solver_hls.cpp:1292->../src/mpc_riccati_hls.cpp:649]   --->   Operation 34 'icmp' 'icmp_ln1292_1' <Predicate = true> <Delay = 1.01> <CoreInst = "Cmp">   --->   Core 9 'Cmp' <Latency = 0> <II = 1> <Delay = 1.01> <FuncUnit> <Opcode : 'seteq' 'setne' 'setle' 'setge' 'setlt' 'setgt'> <InPorts = 2> <OutPorts = 1>
ST_2 : Operation 35 [1/1] (0.44ns)   --->   "%val_25 = select i1 %icmp_ln1292_1, i32 4293115727, i32 %val_24" [../src/riccati_solver_hls.cpp:1292->../src/mpc_riccati_hls.cpp:649]   --->   Operation 35 'select' 'val_25' <Predicate = true> <Delay = 0.44> <CoreInst = "Sel">   --->   Core 73 'Sel' <Latency = 0> <II = 1> <Delay = 0.44> <FuncUnit> <Opcode : 'select'> <InPorts = 3> <OutPorts = 1>
ST_2 : Operation 36 [1/1] (1.01ns)   --->   "%icmp_ln1294_1 = icmp_sgt  i32 %val_25, i32 %ub" [../src/riccati_solver_hls.cpp:1294->../src/mpc_riccati_hls.cpp:649]   --->   Operation 36 'icmp' 'icmp_ln1294_1' <Predicate = true> <Delay = 1.01> <CoreInst = "Cmp">   --->   Core 9 'Cmp' <Latency = 0> <II = 1> <Delay = 1.01> <FuncUnit> <Opcode : 'seteq' 'setne' 'setle' 'setge' 'setlt' 'setgt'> <InPorts = 2> <OutPorts = 1>
ST_2 : Operation 37 [1/1] (0.44ns)   --->   "%val_26 = select i1 %icmp_ln1294_1, i32 %ub, i32 %val_25" [../src/riccati_solver_hls.cpp:1294->../src/mpc_riccati_hls.cpp:649]   --->   Operation 37 'select' 'val_26' <Predicate = true> <Delay = 0.44> <CoreInst = "Sel">   --->   Core 73 'Sel' <Latency = 0> <II = 1> <Delay = 0.44> <FuncUnit> <Opcode : 'select'> <InPorts = 3> <OutPorts = 1>
ST_2 : Operation 38 [1/1] (0.00ns)   --->   "%z_u_1_addr = getelementptr i32 %z_u_1, i64 0, i64 %zext_ln1282" [../src/riccati_solver_hls.cpp:1296->../src/mpc_riccati_hls.cpp:649]   --->   Operation 38 'getelementptr' 'z_u_1_addr' <Predicate = true> <Delay = 0.00>
ST_2 : Operation 39 [1/1] ( I:0.67ns O:0.67ns )   --->   "%store_ln1296 = store i32 %sext_ln1285, i5 %z_u_addr" [../src/riccati_solver_hls.cpp:1296->../src/mpc_riccati_hls.cpp:649]   --->   Operation 39 'store' 'store_ln1296' <Predicate = true> <Delay = 0.67> <CoreInst = "RAM">   --->   Core 82 'RAM' <Latency = 1> <II = 1> <Delay = 0.67> <Storage> <Opcode : 'load' 'store'> <Ports = 2> <Width = 32> <Depth = 20> <RAM>
ST_2 : Operation 40 [1/1] ( I:0.67ns O:0.67ns )   --->   "%store_ln1296 = store i32 %val_26, i5 %z_u_1_addr" [../src/riccati_solver_hls.cpp:1296->../src/mpc_riccati_hls.cpp:649]   --->   Operation 40 'store' 'store_ln1296' <Predicate = true> <Delay = 0.67> <CoreInst = "RAM">   --->   Core 82 'RAM' <Latency = 1> <II = 1> <Delay = 0.67> <Storage> <Opcode : 'load' 'store'> <Ports = 2> <Width = 32> <Depth = 20> <RAM>
ST_2 : Operation 41 [1/1] (0.00ns)   --->   "%br_ln1282 = br void %for.body278.i" [../src/riccati_solver_hls.cpp:1282->../src/mpc_riccati_hls.cpp:649]   --->   Operation 41 'br' 'br_ln1282' <Predicate = true> <Delay = 0.00>


============================================================
+ Verbose Summary: Timing violations
============================================================
Target clock period: 5.000ns, clock uncertainty: 0.500ns.

 <State 1>: 1.664ns
The critical path consists of the following:
	'store' operation ('store_ln1170', ../src/riccati_solver_hls.cpp:1170->../src/mpc_riccati_hls.cpp:649) of constant 0 5 bit on local variable 'k', ../src/riccati_solver_hls.cpp:1170->../src/mpc_riccati_hls.cpp:649 [8]  (0.427 ns)
	'load' operation 5 bit ('k', ../src/riccati_solver_hls.cpp:1282->../src/mpc_riccati_hls.cpp:649) on local variable 'k', ../src/riccati_solver_hls.cpp:1170->../src/mpc_riccati_hls.cpp:649 [11]  (0.000 ns)
	'getelementptr' operation 5 bit ('step_data_5_addr', ../src/riccati_solver_hls.cpp:114->../src/riccati_solver_hls.cpp:1287->../src/mpc_riccati_hls.cpp:649) [20]  (0.000 ns)
	'load' operation 32 bit ('ub', ../src/riccati_solver_hls.cpp:114->../src/riccati_solver_hls.cpp:1287->../src/mpc_riccati_hls.cpp:649) on array 'step_data_5' [21]  (1.237 ns)

 <State 2>: 4.284ns
The critical path consists of the following:
	'load' operation 32 bit ('val', ../src/riccati_solver_hls.cpp:1285->../src/mpc_riccati_hls.cpp:649) on array 'sol_u_1' [32]  (0.677 ns)
	'icmp' operation 1 bit ('icmp_ln1292_1', ../src/riccati_solver_hls.cpp:1292->../src/mpc_riccati_hls.cpp:649) [33]  (1.016 ns)
	'select' operation 32 bit ('val', ../src/riccati_solver_hls.cpp:1292->../src/mpc_riccati_hls.cpp:649) [34]  (0.449 ns)
	'icmp' operation 1 bit ('icmp_ln1294_1', ../src/riccati_solver_hls.cpp:1294->../src/mpc_riccati_hls.cpp:649) [35]  (1.016 ns)
	'select' operation 32 bit ('val', ../src/riccati_solver_hls.cpp:1294->../src/mpc_riccati_hls.cpp:649) [36]  (0.449 ns)
	'store' operation ('store_ln1296', ../src/riccati_solver_hls.cpp:1296->../src/mpc_riccati_hls.cpp:649) of variable 'val', ../src/riccati_solver_hls.cpp:1294->../src/mpc_riccati_hls.cpp:649 32 bit on array 'z_u_1' [39]  (0.677 ns)


============================================================
+ Verbose Summary: Binding
============================================================
N/A
* FSMD analyzer results:
  - Output states:
 - Input state : 
  - Chain level:
	State 1
	State 2


============================================================
+ Verbose Summary: Datapath Resource usage 
============================================================
N/A
