

================================================================
== Vitis HLS Report for 'mpc_compute_hls_Pipeline_VITIS_LOOP_364_2'
================================================================
* Date:           Thu Jun 11 17:48:29 2026

* Version:        2025.2 (Build 6295257 on Nov 14 2025)
* Project:        mpc_fpga_top_opencl
* Solution:       hls (Vitis Kernel Flow Target)
* Product family: zynquplus
* Target device:  xck26-sfvc784-2LV-c


================================================================
== Performance Estimates
================================================================
+ Timing: 
    * Summary: 
    +--------+---------+----------+------------+
    |  Clock |  Target | Estimated| Uncertainty|
    +--------+---------+----------+------------+
    |ap_clk  |  5.00 ns|  4.457 ns|     0.50 ns|
    +--------+---------+----------+------------+

+ Latency: 
    * Summary: 
    +---------+---------+----------+----------+-----+-----+-------------------+
    |  Latency (cycles) |  Latency (absolute) |  Interval |      Pipeline     |
    |   min   |   max   |    min   |    max   | min | max |        Type       |
    +---------+---------+----------+----------+-----+-----+-------------------+
    |       23|       23|  0.115 us|  0.115 us|    0|    0|  loop pipeline stp|
    +---------+---------+----------+----------+-----+-----+-------------------+

    + Detail: 
        * Instance: 
        N/A

        * Loop: 
        +--------------------+---------+---------+----------+-----------+-----------+------+----------+
        |                    |  Latency (cycles) | Iteration|  Initiation Interval  | Trip |          |
        |      Loop Name     |   min   |   max   |  Latency |  achieved |   target  | Count| Pipelined|
        +--------------------+---------+---------+----------+-----------+-----------+------+----------+
        |- VITIS_LOOP_364_2  |       21|       21|         3|          1|          1|    20|       yes|
        +--------------------+---------+---------+----------+-----------+-----------+------+----------+

============================================================
+ Verbose Summary: Synthesis Manager
============================================================
InlineROM: 1
ExposeGlobal: 0
============================================================
+ Verbose Summary: CDFG Model
============================================================
IsTopModel: 0
ResetActiveHigh: 1
IsCombinational: 0
IsDatapathOnly: 0
HasWiredReturn: 1
HasMFsm: 2
HasVarLatency: 1
IsPipeline: 0
IsRtlPipelined: 0
IsInstanceOverlapped: 0
IsDontTouch: 0
HasImplIP: 0
IsGatedGlobalClock: 0

+ Individual pipeline summary: 
  * Pipeline-0: initiation interval (II) = 1, depth = 3


============================================================
+ Verbose Summary: Schedule
============================================================
* Number of FSM states : 3
* Pipeline : 1
  Pipeline-0 : II = 1, D = 3, States = { 1 2 3 }
* Dataflow Pipeline: 0

* FSM state transitions: 
1 --> 2 
2 --> 3 
3 --> 

* FSM state operations: 

State 1 <SV = 0> <Delay = 1.64>
ST_1 : Operation 6 [1/1] (0.00ns)   --->   "%k_2 = alloca i32 1" [../src/mpc_riccati_hls.cpp:318]   --->   Operation 6 'alloca' 'k_2' <Predicate = true> <Delay = 0.00>
ST_1 : Operation 7 [1/1] (0.00ns)   --->   "%wall_left_min = alloca i32 1" [../src/mpc_riccati_hls.cpp:359]   --->   Operation 7 'alloca' 'wall_left_min' <Predicate = true> <Delay = 0.00>
ST_1 : Operation 8 [1/1] (0.00ns)   --->   "%wall_left_min_1 = alloca i32 1" [../src/mpc_riccati_hls.cpp:359]   --->   Operation 8 'alloca' 'wall_left_min_1' <Predicate = true> <Delay = 0.00>
ST_1 : Operation 9 [1/1] (0.00ns)   --->   "%wall_left_min_2 = alloca i32 1" [../src/mpc_riccati_hls.cpp:359]   --->   Operation 9 'alloca' 'wall_left_min_2' <Predicate = true> <Delay = 0.00>
ST_1 : Operation 10 [1/1] (0.00ns)   --->   "%wall_left_min_3 = alloca i32 1" [../src/mpc_riccati_hls.cpp:359]   --->   Operation 10 'alloca' 'wall_left_min_3' <Predicate = true> <Delay = 0.00>
ST_1 : Operation 11 [1/1] (0.00ns)   --->   "%wall_left_min_4 = alloca i32 1" [../src/mpc_riccati_hls.cpp:359]   --->   Operation 11 'alloca' 'wall_left_min_4' <Predicate = true> <Delay = 0.00>
ST_1 : Operation 12 [1/1] (0.00ns)   --->   "%wall_left_min_5 = alloca i32 1" [../src/mpc_riccati_hls.cpp:359]   --->   Operation 12 'alloca' 'wall_left_min_5' <Predicate = true> <Delay = 0.00>
ST_1 : Operation 13 [1/1] (0.00ns)   --->   "%wall_left_min_6 = alloca i32 1" [../src/mpc_riccati_hls.cpp:359]   --->   Operation 13 'alloca' 'wall_left_min_6' <Predicate = true> <Delay = 0.00>
ST_1 : Operation 14 [1/1] (0.00ns)   --->   "%wall_left_min_7 = alloca i32 1" [../src/mpc_riccati_hls.cpp:359]   --->   Operation 14 'alloca' 'wall_left_min_7' <Predicate = true> <Delay = 0.00>
ST_1 : Operation 15 [1/1] (0.00ns)   --->   "%wall_left_min_8 = alloca i32 1" [../src/mpc_riccati_hls.cpp:359]   --->   Operation 15 'alloca' 'wall_left_min_8' <Predicate = true> <Delay = 0.00>
ST_1 : Operation 16 [1/1] (0.00ns)   --->   "%wall_left_min_9 = alloca i32 1" [../src/mpc_riccati_hls.cpp:359]   --->   Operation 16 'alloca' 'wall_left_min_9' <Predicate = true> <Delay = 0.00>
ST_1 : Operation 17 [1/1] (0.00ns)   --->   "%wall_left_min_10 = alloca i32 1" [../src/mpc_riccati_hls.cpp:359]   --->   Operation 17 'alloca' 'wall_left_min_10' <Predicate = true> <Delay = 0.00>
ST_1 : Operation 18 [1/1] (0.00ns)   --->   "%wall_left_min_11 = alloca i32 1" [../src/mpc_riccati_hls.cpp:359]   --->   Operation 18 'alloca' 'wall_left_min_11' <Predicate = true> <Delay = 0.00>
ST_1 : Operation 19 [1/1] (0.00ns)   --->   "%wall_left_min_12 = alloca i32 1" [../src/mpc_riccati_hls.cpp:359]   --->   Operation 19 'alloca' 'wall_left_min_12' <Predicate = true> <Delay = 0.00>
ST_1 : Operation 20 [1/1] (0.00ns)   --->   "%wall_left_min_13 = alloca i32 1" [../src/mpc_riccati_hls.cpp:359]   --->   Operation 20 'alloca' 'wall_left_min_13' <Predicate = true> <Delay = 0.00>
ST_1 : Operation 21 [1/1] (0.00ns)   --->   "%wall_left_min_14 = alloca i32 1" [../src/mpc_riccati_hls.cpp:359]   --->   Operation 21 'alloca' 'wall_left_min_14' <Predicate = true> <Delay = 0.00>
ST_1 : Operation 22 [1/1] (0.00ns)   --->   "%wall_left_min_15 = alloca i32 1" [../src/mpc_riccati_hls.cpp:359]   --->   Operation 22 'alloca' 'wall_left_min_15' <Predicate = true> <Delay = 0.00>
ST_1 : Operation 23 [1/1] (0.00ns)   --->   "%wall_left_min_16 = alloca i32 1" [../src/mpc_riccati_hls.cpp:359]   --->   Operation 23 'alloca' 'wall_left_min_16' <Predicate = true> <Delay = 0.00>
ST_1 : Operation 24 [1/1] (0.00ns)   --->   "%wall_left_min_17 = alloca i32 1" [../src/mpc_riccati_hls.cpp:359]   --->   Operation 24 'alloca' 'wall_left_min_17' <Predicate = true> <Delay = 0.00>
ST_1 : Operation 25 [1/1] (0.00ns)   --->   "%wall_left_min_18 = alloca i32 1" [../src/mpc_riccati_hls.cpp:359]   --->   Operation 25 'alloca' 'wall_left_min_18' <Predicate = true> <Delay = 0.00>
ST_1 : Operation 26 [1/1] (0.00ns)   --->   "%wall_left_min_19 = alloca i32 1" [../src/mpc_riccati_hls.cpp:359]   --->   Operation 26 'alloca' 'wall_left_min_19' <Predicate = true> <Delay = 0.00>
ST_1 : Operation 27 [1/1] (0.00ns)   --->   "%wall_right_min = alloca i32 1" [../src/mpc_riccati_hls.cpp:360]   --->   Operation 27 'alloca' 'wall_right_min' <Predicate = true> <Delay = 0.00>
ST_1 : Operation 28 [1/1] (0.00ns)   --->   "%wall_right_min_1 = alloca i32 1" [../src/mpc_riccati_hls.cpp:360]   --->   Operation 28 'alloca' 'wall_right_min_1' <Predicate = true> <Delay = 0.00>
ST_1 : Operation 29 [1/1] (0.00ns)   --->   "%wall_right_min_2 = alloca i32 1" [../src/mpc_riccati_hls.cpp:360]   --->   Operation 29 'alloca' 'wall_right_min_2' <Predicate = true> <Delay = 0.00>
ST_1 : Operation 30 [1/1] (0.00ns)   --->   "%wall_right_min_3 = alloca i32 1" [../src/mpc_riccati_hls.cpp:360]   --->   Operation 30 'alloca' 'wall_right_min_3' <Predicate = true> <Delay = 0.00>
ST_1 : Operation 31 [1/1] (0.00ns)   --->   "%wall_right_min_4 = alloca i32 1" [../src/mpc_riccati_hls.cpp:360]   --->   Operation 31 'alloca' 'wall_right_min_4' <Predicate = true> <Delay = 0.00>
ST_1 : Operation 32 [1/1] (0.00ns)   --->   "%wall_right_min_5 = alloca i32 1" [../src/mpc_riccati_hls.cpp:360]   --->   Operation 32 'alloca' 'wall_right_min_5' <Predicate = true> <Delay = 0.00>
ST_1 : Operation 33 [1/1] (0.00ns)   --->   "%wall_right_min_6 = alloca i32 1" [../src/mpc_riccati_hls.cpp:360]   --->   Operation 33 'alloca' 'wall_right_min_6' <Predicate = true> <Delay = 0.00>
ST_1 : Operation 34 [1/1] (0.00ns)   --->   "%wall_right_min_7 = alloca i32 1" [../src/mpc_riccati_hls.cpp:360]   --->   Operation 34 'alloca' 'wall_right_min_7' <Predicate = true> <Delay = 0.00>
ST_1 : Operation 35 [1/1] (0.00ns)   --->   "%wall_right_min_8 = alloca i32 1" [../src/mpc_riccati_hls.cpp:360]   --->   Operation 35 'alloca' 'wall_right_min_8' <Predicate = true> <Delay = 0.00>
ST_1 : Operation 36 [1/1] (0.00ns)   --->   "%wall_right_min_9 = alloca i32 1" [../src/mpc_riccati_hls.cpp:360]   --->   Operation 36 'alloca' 'wall_right_min_9' <Predicate = true> <Delay = 0.00>
ST_1 : Operation 37 [1/1] (0.00ns)   --->   "%wall_right_min_10 = alloca i32 1" [../src/mpc_riccati_hls.cpp:360]   --->   Operation 37 'alloca' 'wall_right_min_10' <Predicate = true> <Delay = 0.00>
ST_1 : Operation 38 [1/1] (0.00ns)   --->   "%wall_right_min_11 = alloca i32 1" [../src/mpc_riccati_hls.cpp:360]   --->   Operation 38 'alloca' 'wall_right_min_11' <Predicate = true> <Delay = 0.00>
ST_1 : Operation 39 [1/1] (0.00ns)   --->   "%wall_right_min_12 = alloca i32 1" [../src/mpc_riccati_hls.cpp:360]   --->   Operation 39 'alloca' 'wall_right_min_12' <Predicate = true> <Delay = 0.00>
ST_1 : Operation 40 [1/1] (0.00ns)   --->   "%wall_right_min_13 = alloca i32 1" [../src/mpc_riccati_hls.cpp:360]   --->   Operation 40 'alloca' 'wall_right_min_13' <Predicate = true> <Delay = 0.00>
ST_1 : Operation 41 [1/1] (0.00ns)   --->   "%wall_right_min_14 = alloca i32 1" [../src/mpc_riccati_hls.cpp:360]   --->   Operation 41 'alloca' 'wall_right_min_14' <Predicate = true> <Delay = 0.00>
ST_1 : Operation 42 [1/1] (0.00ns)   --->   "%wall_right_min_15 = alloca i32 1" [../src/mpc_riccati_hls.cpp:360]   --->   Operation 42 'alloca' 'wall_right_min_15' <Predicate = true> <Delay = 0.00>
ST_1 : Operation 43 [1/1] (0.00ns)   --->   "%wall_right_min_16 = alloca i32 1" [../src/mpc_riccati_hls.cpp:360]   --->   Operation 43 'alloca' 'wall_right_min_16' <Predicate = true> <Delay = 0.00>
ST_1 : Operation 44 [1/1] (0.00ns)   --->   "%wall_right_min_17 = alloca i32 1" [../src/mpc_riccati_hls.cpp:360]   --->   Operation 44 'alloca' 'wall_right_min_17' <Predicate = true> <Delay = 0.00>
ST_1 : Operation 45 [1/1] (0.00ns)   --->   "%wall_right_min_18 = alloca i32 1" [../src/mpc_riccati_hls.cpp:360]   --->   Operation 45 'alloca' 'wall_right_min_18' <Predicate = true> <Delay = 0.00>
ST_1 : Operation 46 [1/1] (0.00ns)   --->   "%wall_right_min_19 = alloca i32 1" [../src/mpc_riccati_hls.cpp:360]   --->   Operation 46 'alloca' 'wall_right_min_19' <Predicate = true> <Delay = 0.00>
ST_1 : Operation 47 [1/1] (0.00ns)   --->   "%p_0_0_010170171_reload_read = read i26 @_ssdm_op_Read.ap_auto.i26, i26 %p_0_0_010170171_reload"   --->   Operation 47 'read' 'p_0_0_010170171_reload_read' <Predicate = true> <Delay = 0.00>
ST_1 : Operation 48 [1/1] (0.00ns)   --->   "%p_0_0_01017095_reload_read = read i26 @_ssdm_op_Read.ap_auto.i26, i26 %p_0_0_01017095_reload"   --->   Operation 48 'read' 'p_0_0_01017095_reload_read' <Predicate = true> <Delay = 0.00>
ST_1 : Operation 49 [1/1] (0.00ns)   --->   "%p_0_0_01017099_reload_read = read i26 @_ssdm_op_Read.ap_auto.i26, i26 %p_0_0_01017099_reload"   --->   Operation 49 'read' 'p_0_0_01017099_reload_read' <Predicate = true> <Delay = 0.00>
ST_1 : Operation 50 [1/1] (0.00ns)   --->   "%p_0_0_010170103_reload_read = read i26 @_ssdm_op_Read.ap_auto.i26, i26 %p_0_0_010170103_reload"   --->   Operation 50 'read' 'p_0_0_010170103_reload_read' <Predicate = true> <Delay = 0.00>
ST_1 : Operation 51 [1/1] (0.00ns)   --->   "%p_0_0_010170107_reload_read = read i26 @_ssdm_op_Read.ap_auto.i26, i26 %p_0_0_010170107_reload"   --->   Operation 51 'read' 'p_0_0_010170107_reload_read' <Predicate = true> <Delay = 0.00>
ST_1 : Operation 52 [1/1] (0.00ns)   --->   "%p_0_0_010170111_reload_read = read i26 @_ssdm_op_Read.ap_auto.i26, i26 %p_0_0_010170111_reload"   --->   Operation 52 'read' 'p_0_0_010170111_reload_read' <Predicate = true> <Delay = 0.00>
ST_1 : Operation 53 [1/1] (0.00ns)   --->   "%p_0_0_010170115_reload_read = read i26 @_ssdm_op_Read.ap_auto.i26, i26 %p_0_0_010170115_reload"   --->   Operation 53 'read' 'p_0_0_010170115_reload_read' <Predicate = true> <Delay = 0.00>
ST_1 : Operation 54 [1/1] (0.00ns)   --->   "%p_0_0_010170119_reload_read = read i26 @_ssdm_op_Read.ap_auto.i26, i26 %p_0_0_010170119_reload"   --->   Operation 54 'read' 'p_0_0_010170119_reload_read' <Predicate = true> <Delay = 0.00>
ST_1 : Operation 55 [1/1] (0.00ns)   --->   "%p_0_0_010170123_reload_read = read i26 @_ssdm_op_Read.ap_auto.i26, i26 %p_0_0_010170123_reload"   --->   Operation 55 'read' 'p_0_0_010170123_reload_read' <Predicate = true> <Delay = 0.00>
ST_1 : Operation 56 [1/1] (0.00ns)   --->   "%p_0_0_010170127_reload_read = read i26 @_ssdm_op_Read.ap_auto.i26, i26 %p_0_0_010170127_reload"   --->   Operation 56 'read' 'p_0_0_010170127_reload_read' <Predicate = true> <Delay = 0.00>
ST_1 : Operation 57 [1/1] (0.00ns)   --->   "%p_0_0_010170131_reload_read = read i26 @_ssdm_op_Read.ap_auto.i26, i26 %p_0_0_010170131_reload"   --->   Operation 57 'read' 'p_0_0_010170131_reload_read' <Predicate = true> <Delay = 0.00>
ST_1 : Operation 58 [1/1] (0.00ns)   --->   "%p_0_0_010170135_reload_read = read i26 @_ssdm_op_Read.ap_auto.i26, i26 %p_0_0_010170135_reload"   --->   Operation 58 'read' 'p_0_0_010170135_reload_read' <Predicate = true> <Delay = 0.00>
ST_1 : Operation 59 [1/1] (0.00ns)   --->   "%p_0_0_010170139_reload_read = read i26 @_ssdm_op_Read.ap_auto.i26, i26 %p_0_0_010170139_reload"   --->   Operation 59 'read' 'p_0_0_010170139_reload_read' <Predicate = true> <Delay = 0.00>
ST_1 : Operation 60 [1/1] (0.00ns)   --->   "%p_0_0_010170143_reload_read = read i26 @_ssdm_op_Read.ap_auto.i26, i26 %p_0_0_010170143_reload"   --->   Operation 60 'read' 'p_0_0_010170143_reload_read' <Predicate = true> <Delay = 0.00>
ST_1 : Operation 61 [1/1] (0.00ns)   --->   "%p_0_0_010170147_reload_read = read i26 @_ssdm_op_Read.ap_auto.i26, i26 %p_0_0_010170147_reload"   --->   Operation 61 'read' 'p_0_0_010170147_reload_read' <Predicate = true> <Delay = 0.00>
ST_1 : Operation 62 [1/1] (0.00ns)   --->   "%p_0_0_010170151_reload_read = read i26 @_ssdm_op_Read.ap_auto.i26, i26 %p_0_0_010170151_reload"   --->   Operation 62 'read' 'p_0_0_010170151_reload_read' <Predicate = true> <Delay = 0.00>
ST_1 : Operation 63 [1/1] (0.00ns)   --->   "%p_0_0_010170155_reload_read = read i26 @_ssdm_op_Read.ap_auto.i26, i26 %p_0_0_010170155_reload"   --->   Operation 63 'read' 'p_0_0_010170155_reload_read' <Predicate = true> <Delay = 0.00>
ST_1 : Operation 64 [1/1] (0.00ns)   --->   "%p_0_0_010170159_reload_read = read i26 @_ssdm_op_Read.ap_auto.i26, i26 %p_0_0_010170159_reload"   --->   Operation 64 'read' 'p_0_0_010170159_reload_read' <Predicate = true> <Delay = 0.00>
ST_1 : Operation 65 [1/1] (0.00ns)   --->   "%p_0_0_010170163_reload_read = read i26 @_ssdm_op_Read.ap_auto.i26, i26 %p_0_0_010170163_reload"   --->   Operation 65 'read' 'p_0_0_010170163_reload_read' <Predicate = true> <Delay = 0.00>
ST_1 : Operation 66 [1/1] (0.00ns)   --->   "%p_0_0_010170167_reload_read = read i26 @_ssdm_op_Read.ap_auto.i26, i26 %p_0_0_010170167_reload"   --->   Operation 66 'read' 'p_0_0_010170167_reload_read' <Predicate = true> <Delay = 0.00>
ST_1 : Operation 67 [1/1] (0.00ns)   --->   "%p_0_0_010171169_reload_read = read i26 @_ssdm_op_Read.ap_auto.i26, i26 %p_0_0_010171169_reload"   --->   Operation 67 'read' 'p_0_0_010171169_reload_read' <Predicate = true> <Delay = 0.00>
ST_1 : Operation 68 [1/1] (0.00ns)   --->   "%p_0_0_01017193_reload_read = read i26 @_ssdm_op_Read.ap_auto.i26, i26 %p_0_0_01017193_reload"   --->   Operation 68 'read' 'p_0_0_01017193_reload_read' <Predicate = true> <Delay = 0.00>
ST_1 : Operation 69 [1/1] (0.00ns)   --->   "%p_0_0_01017197_reload_read = read i26 @_ssdm_op_Read.ap_auto.i26, i26 %p_0_0_01017197_reload"   --->   Operation 69 'read' 'p_0_0_01017197_reload_read' <Predicate = true> <Delay = 0.00>
ST_1 : Operation 70 [1/1] (0.00ns)   --->   "%p_0_0_010171101_reload_read = read i26 @_ssdm_op_Read.ap_auto.i26, i26 %p_0_0_010171101_reload"   --->   Operation 70 'read' 'p_0_0_010171101_reload_read' <Predicate = true> <Delay = 0.00>
ST_1 : Operation 71 [1/1] (0.00ns)   --->   "%p_0_0_010171105_reload_read = read i26 @_ssdm_op_Read.ap_auto.i26, i26 %p_0_0_010171105_reload"   --->   Operation 71 'read' 'p_0_0_010171105_reload_read' <Predicate = true> <Delay = 0.00>
ST_1 : Operation 72 [1/1] (0.00ns)   --->   "%p_0_0_010171109_reload_read = read i26 @_ssdm_op_Read.ap_auto.i26, i26 %p_0_0_010171109_reload"   --->   Operation 72 'read' 'p_0_0_010171109_reload_read' <Predicate = true> <Delay = 0.00>
ST_1 : Operation 73 [1/1] (0.00ns)   --->   "%p_0_0_010171113_reload_read = read i26 @_ssdm_op_Read.ap_auto.i26, i26 %p_0_0_010171113_reload"   --->   Operation 73 'read' 'p_0_0_010171113_reload_read' <Predicate = true> <Delay = 0.00>
ST_1 : Operation 74 [1/1] (0.00ns)   --->   "%p_0_0_010171117_reload_read = read i26 @_ssdm_op_Read.ap_auto.i26, i26 %p_0_0_010171117_reload"   --->   Operation 74 'read' 'p_0_0_010171117_reload_read' <Predicate = true> <Delay = 0.00>
ST_1 : Operation 75 [1/1] (0.00ns)   --->   "%p_0_0_010171121_reload_read = read i26 @_ssdm_op_Read.ap_auto.i26, i26 %p_0_0_010171121_reload"   --->   Operation 75 'read' 'p_0_0_010171121_reload_read' <Predicate = true> <Delay = 0.00>
ST_1 : Operation 76 [1/1] (0.00ns)   --->   "%p_0_0_010171125_reload_read = read i26 @_ssdm_op_Read.ap_auto.i26, i26 %p_0_0_010171125_reload"   --->   Operation 76 'read' 'p_0_0_010171125_reload_read' <Predicate = true> <Delay = 0.00>
ST_1 : Operation 77 [1/1] (0.00ns)   --->   "%p_0_0_010171129_reload_read = read i26 @_ssdm_op_Read.ap_auto.i26, i26 %p_0_0_010171129_reload"   --->   Operation 77 'read' 'p_0_0_010171129_reload_read' <Predicate = true> <Delay = 0.00>
ST_1 : Operation 78 [1/1] (0.00ns)   --->   "%p_0_0_010171133_reload_read = read i26 @_ssdm_op_Read.ap_auto.i26, i26 %p_0_0_010171133_reload"   --->   Operation 78 'read' 'p_0_0_010171133_reload_read' <Predicate = true> <Delay = 0.00>
ST_1 : Operation 79 [1/1] (0.00ns)   --->   "%p_0_0_010171137_reload_read = read i26 @_ssdm_op_Read.ap_auto.i26, i26 %p_0_0_010171137_reload"   --->   Operation 79 'read' 'p_0_0_010171137_reload_read' <Predicate = true> <Delay = 0.00>
ST_1 : Operation 80 [1/1] (0.00ns)   --->   "%p_0_0_010171141_reload_read = read i26 @_ssdm_op_Read.ap_auto.i26, i26 %p_0_0_010171141_reload"   --->   Operation 80 'read' 'p_0_0_010171141_reload_read' <Predicate = true> <Delay = 0.00>
ST_1 : Operation 81 [1/1] (0.00ns)   --->   "%p_0_0_010171145_reload_read = read i26 @_ssdm_op_Read.ap_auto.i26, i26 %p_0_0_010171145_reload"   --->   Operation 81 'read' 'p_0_0_010171145_reload_read' <Predicate = true> <Delay = 0.00>
ST_1 : Operation 82 [1/1] (0.00ns)   --->   "%p_0_0_010171149_reload_read = read i26 @_ssdm_op_Read.ap_auto.i26, i26 %p_0_0_010171149_reload"   --->   Operation 82 'read' 'p_0_0_010171149_reload_read' <Predicate = true> <Delay = 0.00>
ST_1 : Operation 83 [1/1] (0.00ns)   --->   "%p_0_0_010171153_reload_read = read i26 @_ssdm_op_Read.ap_auto.i26, i26 %p_0_0_010171153_reload"   --->   Operation 83 'read' 'p_0_0_010171153_reload_read' <Predicate = true> <Delay = 0.00>
ST_1 : Operation 84 [1/1] (0.00ns)   --->   "%p_0_0_010171157_reload_read = read i26 @_ssdm_op_Read.ap_auto.i26, i26 %p_0_0_010171157_reload"   --->   Operation 84 'read' 'p_0_0_010171157_reload_read' <Predicate = true> <Delay = 0.00>
ST_1 : Operation 85 [1/1] (0.00ns)   --->   "%p_0_0_010171161_reload_read = read i26 @_ssdm_op_Read.ap_auto.i26, i26 %p_0_0_010171161_reload"   --->   Operation 85 'read' 'p_0_0_010171161_reload_read' <Predicate = true> <Delay = 0.00>
ST_1 : Operation 86 [1/1] (0.00ns)   --->   "%p_0_0_010171165_reload_read = read i26 @_ssdm_op_Read.ap_auto.i26, i26 %p_0_0_010171165_reload"   --->   Operation 86 'read' 'p_0_0_010171165_reload_read' <Predicate = true> <Delay = 0.00>
ST_1 : Operation 87 [1/1] (0.42ns)   --->   "%store_ln318 = store i5 0, i5 %k_2" [../src/mpc_riccati_hls.cpp:318]   --->   Operation 87 'store' 'store_ln318' <Predicate = true> <Delay = 0.42>
ST_1 : Operation 88 [1/1] (0.00ns)   --->   "%br_ln0 = br void %for.inc23"   --->   Operation 88 'br' 'br_ln0' <Predicate = true> <Delay = 0.00>
ST_1 : Operation 89 [1/1] (0.00ns)   --->   "%k = load i5 %k_2" [../src/mpc_riccati_hls.cpp:364]   --->   Operation 89 'load' 'k' <Predicate = true> <Delay = 0.00>
ST_1 : Operation 90 [1/1] (0.78ns)   --->   "%icmp_ln364 = icmp_eq  i5 %k, i5 20" [../src/mpc_riccati_hls.cpp:364]   --->   Operation 90 'icmp' 'icmp_ln364' <Predicate = true> <Delay = 0.78> <CoreInst = "Cmp">   --->   Core 9 'Cmp' <Latency = 0> <II = 1> <Delay = 0.78> <FuncUnit> <Opcode : 'seteq' 'setne' 'setle' 'setge' 'setlt' 'setgt'> <InPorts = 2> <OutPorts = 1>
ST_1 : Operation 91 [1/1] (0.78ns)   --->   "%add_ln364 = add i5 %k, i5 1" [../src/mpc_riccati_hls.cpp:364]   --->   Operation 91 'add' 'add_ln364' <Predicate = true> <Delay = 0.78> <CoreInst = "Adder">   --->   Core 1 'Adder' <Latency = 0> <II = 1> <Delay = 0.78> <FuncUnit> <Opcode : 'add' 'sub'> <InPorts = 2> <OutPorts = 1>
ST_1 : Operation 92 [1/1] (0.00ns)   --->   "%br_ln364 = br i1 %icmp_ln364, void %for.inc23.split, void %VITIS_LOOP_369_3.exitStub" [../src/mpc_riccati_hls.cpp:364]   --->   Operation 92 'br' 'br_ln364' <Predicate = true> <Delay = 0.00>
ST_1 : Operation 93 [1/1] (0.42ns)   --->   "%store_ln318 = store i5 %add_ln364, i5 %k_2" [../src/mpc_riccati_hls.cpp:318]   --->   Operation 93 'store' 'store_ln318' <Predicate = (!icmp_ln364)> <Delay = 0.42>
ST_1 : Operation 94 [1/1] (0.00ns)   --->   "%br_ln364 = br void %for.inc23" [../src/mpc_riccati_hls.cpp:364]   --->   Operation 94 'br' 'br_ln364' <Predicate = (!icmp_ln364)> <Delay = 0.00>

State 2 <SV = 1> <Delay = 4.45>
ST_2 : Operation 95 [2/2] (4.45ns)   --->   "%wall_left_min_20 = call i26 @compute_window_min_hls, i26 %p_0_0_010171165_reload_read, i26 %p_0_0_010171161_reload_read, i26 %p_0_0_010171157_reload_read, i26 %p_0_0_010171153_reload_read, i26 %p_0_0_010171149_reload_read, i26 %p_0_0_010171145_reload_read, i26 %p_0_0_010171141_reload_read, i26 %p_0_0_010171137_reload_read, i26 %p_0_0_010171133_reload_read, i26 %p_0_0_010171129_reload_read, i26 %p_0_0_010171125_reload_read, i26 %p_0_0_010171121_reload_read, i26 %p_0_0_010171117_reload_read, i26 %p_0_0_010171113_reload_read, i26 %p_0_0_010171109_reload_read, i26 %p_0_0_010171105_reload_read, i26 %p_0_0_010171101_reload_read, i26 %p_0_0_01017197_reload_read, i26 %p_0_0_01017193_reload_read, i26 %p_0_0_010171169_reload_read, i5 %k" [../src/mpc_riccati_hls.cpp:365]   --->   Operation 95 'call' 'wall_left_min_20' <Predicate = (!icmp_ln364)> <Delay = 4.45> <CoreType = "Generic">   --->   Generic Core
ST_2 : Operation 96 [2/2] (4.45ns)   --->   "%wall_right_min_20 = call i26 @compute_window_min_hls, i26 %p_0_0_010170167_reload_read, i26 %p_0_0_010170163_reload_read, i26 %p_0_0_010170159_reload_read, i26 %p_0_0_010170155_reload_read, i26 %p_0_0_010170151_reload_read, i26 %p_0_0_010170147_reload_read, i26 %p_0_0_010170143_reload_read, i26 %p_0_0_010170139_reload_read, i26 %p_0_0_010170135_reload_read, i26 %p_0_0_010170131_reload_read, i26 %p_0_0_010170127_reload_read, i26 %p_0_0_010170123_reload_read, i26 %p_0_0_010170119_reload_read, i26 %p_0_0_010170115_reload_read, i26 %p_0_0_010170111_reload_read, i26 %p_0_0_010170107_reload_read, i26 %p_0_0_010170103_reload_read, i26 %p_0_0_01017099_reload_read, i26 %p_0_0_01017095_reload_read, i26 %p_0_0_010170171_reload_read, i5 %k" [../src/mpc_riccati_hls.cpp:366]   --->   Operation 96 'call' 'wall_right_min_20' <Predicate = (!icmp_ln364)> <Delay = 4.45> <CoreType = "Generic">   --->   Generic Core
ST_2 : Operation 97 [1/1] (0.78ns)   --->   "%switch_ln365 = switch i5 %k, void %arrayidx22.case.19, i5 0, void %arrayidx22.case.0, i5 1, void %arrayidx22.case.1, i5 2, void %arrayidx22.case.2, i5 3, void %arrayidx22.case.3, i5 4, void %arrayidx22.case.4, i5 5, void %arrayidx22.case.5, i5 6, void %arrayidx22.case.6, i5 7, void %arrayidx22.case.7, i5 8, void %arrayidx22.case.8, i5 9, void %arrayidx22.case.9, i5 10, void %arrayidx22.case.10, i5 11, void %arrayidx22.case.11, i5 12, void %arrayidx22.case.12, i5 13, void %arrayidx22.case.13, i5 14, void %arrayidx22.case.14, i5 15, void %arrayidx22.case.15, i5 16, void %arrayidx22.case.16, i5 17, void %arrayidx22.case.17, i5 18, void %for.inc23.split.arrayidx22.exit_crit_edge" [../src/mpc_riccati_hls.cpp:365]   --->   Operation 97 'switch' 'switch_ln365' <Predicate = true> <Delay = 0.78>
ST_2 : Operation 163 [1/1] (0.00ns)   --->   "%wall_left_min_load = load i26 %wall_left_min"   --->   Operation 163 'load' 'wall_left_min_load' <Predicate = (icmp_ln364)> <Delay = 0.00>
ST_2 : Operation 164 [1/1] (0.00ns)   --->   "%wall_left_min_1_load = load i26 %wall_left_min_1"   --->   Operation 164 'load' 'wall_left_min_1_load' <Predicate = (icmp_ln364)> <Delay = 0.00>
ST_2 : Operation 165 [1/1] (0.00ns)   --->   "%wall_left_min_2_load = load i26 %wall_left_min_2"   --->   Operation 165 'load' 'wall_left_min_2_load' <Predicate = (icmp_ln364)> <Delay = 0.00>
ST_2 : Operation 166 [1/1] (0.00ns)   --->   "%wall_left_min_3_load = load i26 %wall_left_min_3"   --->   Operation 166 'load' 'wall_left_min_3_load' <Predicate = (icmp_ln364)> <Delay = 0.00>
ST_2 : Operation 167 [1/1] (0.00ns)   --->   "%wall_left_min_4_load = load i26 %wall_left_min_4"   --->   Operation 167 'load' 'wall_left_min_4_load' <Predicate = (icmp_ln364)> <Delay = 0.00>
ST_2 : Operation 168 [1/1] (0.00ns)   --->   "%wall_left_min_5_load = load i26 %wall_left_min_5"   --->   Operation 168 'load' 'wall_left_min_5_load' <Predicate = (icmp_ln364)> <Delay = 0.00>
ST_2 : Operation 169 [1/1] (0.00ns)   --->   "%wall_left_min_6_load = load i26 %wall_left_min_6"   --->   Operation 169 'load' 'wall_left_min_6_load' <Predicate = (icmp_ln364)> <Delay = 0.00>
ST_2 : Operation 170 [1/1] (0.00ns)   --->   "%wall_left_min_7_load = load i26 %wall_left_min_7"   --->   Operation 170 'load' 'wall_left_min_7_load' <Predicate = (icmp_ln364)> <Delay = 0.00>
ST_2 : Operation 171 [1/1] (0.00ns)   --->   "%wall_left_min_8_load = load i26 %wall_left_min_8"   --->   Operation 171 'load' 'wall_left_min_8_load' <Predicate = (icmp_ln364)> <Delay = 0.00>
ST_2 : Operation 172 [1/1] (0.00ns)   --->   "%wall_left_min_9_load = load i26 %wall_left_min_9"   --->   Operation 172 'load' 'wall_left_min_9_load' <Predicate = (icmp_ln364)> <Delay = 0.00>
ST_2 : Operation 173 [1/1] (0.00ns)   --->   "%wall_left_min_10_load = load i26 %wall_left_min_10"   --->   Operation 173 'load' 'wall_left_min_10_load' <Predicate = (icmp_ln364)> <Delay = 0.00>
ST_2 : Operation 174 [1/1] (0.00ns)   --->   "%wall_left_min_11_load = load i26 %wall_left_min_11"   --->   Operation 174 'load' 'wall_left_min_11_load' <Predicate = (icmp_ln364)> <Delay = 0.00>
ST_2 : Operation 175 [1/1] (0.00ns)   --->   "%wall_left_min_12_load = load i26 %wall_left_min_12"   --->   Operation 175 'load' 'wall_left_min_12_load' <Predicate = (icmp_ln364)> <Delay = 0.00>
ST_2 : Operation 176 [1/1] (0.00ns)   --->   "%wall_left_min_13_load = load i26 %wall_left_min_13"   --->   Operation 176 'load' 'wall_left_min_13_load' <Predicate = (icmp_ln364)> <Delay = 0.00>
ST_2 : Operation 177 [1/1] (0.00ns)   --->   "%wall_left_min_14_load = load i26 %wall_left_min_14"   --->   Operation 177 'load' 'wall_left_min_14_load' <Predicate = (icmp_ln364)> <Delay = 0.00>
ST_2 : Operation 178 [1/1] (0.00ns)   --->   "%wall_left_min_15_load = load i26 %wall_left_min_15"   --->   Operation 178 'load' 'wall_left_min_15_load' <Predicate = (icmp_ln364)> <Delay = 0.00>
ST_2 : Operation 179 [1/1] (0.00ns)   --->   "%wall_left_min_16_load = load i26 %wall_left_min_16"   --->   Operation 179 'load' 'wall_left_min_16_load' <Predicate = (icmp_ln364)> <Delay = 0.00>
ST_2 : Operation 180 [1/1] (0.00ns)   --->   "%wall_left_min_17_load = load i26 %wall_left_min_17"   --->   Operation 180 'load' 'wall_left_min_17_load' <Predicate = (icmp_ln364)> <Delay = 0.00>
ST_2 : Operation 181 [1/1] (0.00ns)   --->   "%wall_left_min_18_load = load i26 %wall_left_min_18"   --->   Operation 181 'load' 'wall_left_min_18_load' <Predicate = (icmp_ln364)> <Delay = 0.00>
ST_2 : Operation 182 [1/1] (0.00ns)   --->   "%wall_left_min_19_load = load i26 %wall_left_min_19"   --->   Operation 182 'load' 'wall_left_min_19_load' <Predicate = (icmp_ln364)> <Delay = 0.00>
ST_2 : Operation 183 [1/1] (0.00ns)   --->   "%wall_right_min_load = load i26 %wall_right_min"   --->   Operation 183 'load' 'wall_right_min_load' <Predicate = (icmp_ln364)> <Delay = 0.00>
ST_2 : Operation 184 [1/1] (0.00ns)   --->   "%wall_right_min_1_load = load i26 %wall_right_min_1"   --->   Operation 184 'load' 'wall_right_min_1_load' <Predicate = (icmp_ln364)> <Delay = 0.00>
ST_2 : Operation 185 [1/1] (0.00ns)   --->   "%wall_right_min_2_load = load i26 %wall_right_min_2"   --->   Operation 185 'load' 'wall_right_min_2_load' <Predicate = (icmp_ln364)> <Delay = 0.00>
ST_2 : Operation 186 [1/1] (0.00ns)   --->   "%wall_right_min_3_load = load i26 %wall_right_min_3"   --->   Operation 186 'load' 'wall_right_min_3_load' <Predicate = (icmp_ln364)> <Delay = 0.00>
ST_2 : Operation 187 [1/1] (0.00ns)   --->   "%wall_right_min_4_load = load i26 %wall_right_min_4"   --->   Operation 187 'load' 'wall_right_min_4_load' <Predicate = (icmp_ln364)> <Delay = 0.00>
ST_2 : Operation 188 [1/1] (0.00ns)   --->   "%wall_right_min_5_load = load i26 %wall_right_min_5"   --->   Operation 188 'load' 'wall_right_min_5_load' <Predicate = (icmp_ln364)> <Delay = 0.00>
ST_2 : Operation 189 [1/1] (0.00ns)   --->   "%wall_right_min_6_load = load i26 %wall_right_min_6"   --->   Operation 189 'load' 'wall_right_min_6_load' <Predicate = (icmp_ln364)> <Delay = 0.00>
ST_2 : Operation 190 [1/1] (0.00ns)   --->   "%wall_right_min_7_load = load i26 %wall_right_min_7"   --->   Operation 190 'load' 'wall_right_min_7_load' <Predicate = (icmp_ln364)> <Delay = 0.00>
ST_2 : Operation 191 [1/1] (0.00ns)   --->   "%wall_right_min_8_load = load i26 %wall_right_min_8"   --->   Operation 191 'load' 'wall_right_min_8_load' <Predicate = (icmp_ln364)> <Delay = 0.00>
ST_2 : Operation 192 [1/1] (0.00ns)   --->   "%wall_right_min_9_load = load i26 %wall_right_min_9"   --->   Operation 192 'load' 'wall_right_min_9_load' <Predicate = (icmp_ln364)> <Delay = 0.00>
ST_2 : Operation 193 [1/1] (0.00ns)   --->   "%wall_right_min_10_load = load i26 %wall_right_min_10"   --->   Operation 193 'load' 'wall_right_min_10_load' <Predicate = (icmp_ln364)> <Delay = 0.00>
ST_2 : Operation 194 [1/1] (0.00ns)   --->   "%wall_right_min_11_load = load i26 %wall_right_min_11"   --->   Operation 194 'load' 'wall_right_min_11_load' <Predicate = (icmp_ln364)> <Delay = 0.00>
ST_2 : Operation 195 [1/1] (0.00ns)   --->   "%wall_right_min_12_load = load i26 %wall_right_min_12"   --->   Operation 195 'load' 'wall_right_min_12_load' <Predicate = (icmp_ln364)> <Delay = 0.00>
ST_2 : Operation 196 [1/1] (0.00ns)   --->   "%wall_right_min_13_load = load i26 %wall_right_min_13"   --->   Operation 196 'load' 'wall_right_min_13_load' <Predicate = (icmp_ln364)> <Delay = 0.00>
ST_2 : Operation 197 [1/1] (0.00ns)   --->   "%wall_right_min_14_load = load i26 %wall_right_min_14"   --->   Operation 197 'load' 'wall_right_min_14_load' <Predicate = (icmp_ln364)> <Delay = 0.00>
ST_2 : Operation 198 [1/1] (0.00ns)   --->   "%wall_right_min_15_load = load i26 %wall_right_min_15"   --->   Operation 198 'load' 'wall_right_min_15_load' <Predicate = (icmp_ln364)> <Delay = 0.00>
ST_2 : Operation 199 [1/1] (0.00ns)   --->   "%wall_right_min_16_load = load i26 %wall_right_min_16"   --->   Operation 199 'load' 'wall_right_min_16_load' <Predicate = (icmp_ln364)> <Delay = 0.00>
ST_2 : Operation 200 [1/1] (0.00ns)   --->   "%wall_right_min_17_load = load i26 %wall_right_min_17"   --->   Operation 200 'load' 'wall_right_min_17_load' <Predicate = (icmp_ln364)> <Delay = 0.00>
ST_2 : Operation 201 [1/1] (0.00ns)   --->   "%wall_right_min_18_load = load i26 %wall_right_min_18"   --->   Operation 201 'load' 'wall_right_min_18_load' <Predicate = (icmp_ln364)> <Delay = 0.00>
ST_2 : Operation 202 [1/1] (0.00ns)   --->   "%wall_right_min_19_load = load i26 %wall_right_min_19"   --->   Operation 202 'load' 'wall_right_min_19_load' <Predicate = (icmp_ln364)> <Delay = 0.00>
ST_2 : Operation 203 [1/1] (0.00ns)   --->   "%write_ln0 = write void @_ssdm_op_Write.ap_auto.i26P0A, i26 %wall_right_min_19_out, i26 %wall_right_min_19_load"   --->   Operation 203 'write' 'write_ln0' <Predicate = (icmp_ln364)> <Delay = 0.00>
ST_2 : Operation 204 [1/1] (0.00ns)   --->   "%write_ln0 = write void @_ssdm_op_Write.ap_auto.i26P0A, i26 %wall_right_min_18_out, i26 %wall_right_min_18_load"   --->   Operation 204 'write' 'write_ln0' <Predicate = (icmp_ln364)> <Delay = 0.00>
ST_2 : Operation 205 [1/1] (0.00ns)   --->   "%write_ln0 = write void @_ssdm_op_Write.ap_auto.i26P0A, i26 %wall_right_min_17_out, i26 %wall_right_min_17_load"   --->   Operation 205 'write' 'write_ln0' <Predicate = (icmp_ln364)> <Delay = 0.00>
ST_2 : Operation 206 [1/1] (0.00ns)   --->   "%write_ln0 = write void @_ssdm_op_Write.ap_auto.i26P0A, i26 %wall_right_min_16_out, i26 %wall_right_min_16_load"   --->   Operation 206 'write' 'write_ln0' <Predicate = (icmp_ln364)> <Delay = 0.00>
ST_2 : Operation 207 [1/1] (0.00ns)   --->   "%write_ln0 = write void @_ssdm_op_Write.ap_auto.i26P0A, i26 %wall_right_min_15_out, i26 %wall_right_min_15_load"   --->   Operation 207 'write' 'write_ln0' <Predicate = (icmp_ln364)> <Delay = 0.00>
ST_2 : Operation 208 [1/1] (0.00ns)   --->   "%write_ln0 = write void @_ssdm_op_Write.ap_auto.i26P0A, i26 %wall_right_min_14_out, i26 %wall_right_min_14_load"   --->   Operation 208 'write' 'write_ln0' <Predicate = (icmp_ln364)> <Delay = 0.00>
ST_2 : Operation 209 [1/1] (0.00ns)   --->   "%write_ln0 = write void @_ssdm_op_Write.ap_auto.i26P0A, i26 %wall_right_min_13_out, i26 %wall_right_min_13_load"   --->   Operation 209 'write' 'write_ln0' <Predicate = (icmp_ln364)> <Delay = 0.00>
ST_2 : Operation 210 [1/1] (0.00ns)   --->   "%write_ln0 = write void @_ssdm_op_Write.ap_auto.i26P0A, i26 %wall_right_min_12_out, i26 %wall_right_min_12_load"   --->   Operation 210 'write' 'write_ln0' <Predicate = (icmp_ln364)> <Delay = 0.00>
ST_2 : Operation 211 [1/1] (0.00ns)   --->   "%write_ln0 = write void @_ssdm_op_Write.ap_auto.i26P0A, i26 %wall_right_min_11_out, i26 %wall_right_min_11_load"   --->   Operation 211 'write' 'write_ln0' <Predicate = (icmp_ln364)> <Delay = 0.00>
ST_2 : Operation 212 [1/1] (0.00ns)   --->   "%write_ln0 = write void @_ssdm_op_Write.ap_auto.i26P0A, i26 %wall_right_min_10_out, i26 %wall_right_min_10_load"   --->   Operation 212 'write' 'write_ln0' <Predicate = (icmp_ln364)> <Delay = 0.00>
ST_2 : Operation 213 [1/1] (0.00ns)   --->   "%write_ln0 = write void @_ssdm_op_Write.ap_auto.i26P0A, i26 %wall_right_min_9_out, i26 %wall_right_min_9_load"   --->   Operation 213 'write' 'write_ln0' <Predicate = (icmp_ln364)> <Delay = 0.00>
ST_2 : Operation 214 [1/1] (0.00ns)   --->   "%write_ln0 = write void @_ssdm_op_Write.ap_auto.i26P0A, i26 %wall_right_min_8_out, i26 %wall_right_min_8_load"   --->   Operation 214 'write' 'write_ln0' <Predicate = (icmp_ln364)> <Delay = 0.00>
ST_2 : Operation 215 [1/1] (0.00ns)   --->   "%write_ln0 = write void @_ssdm_op_Write.ap_auto.i26P0A, i26 %wall_right_min_7_out, i26 %wall_right_min_7_load"   --->   Operation 215 'write' 'write_ln0' <Predicate = (icmp_ln364)> <Delay = 0.00>
ST_2 : Operation 216 [1/1] (0.00ns)   --->   "%write_ln0 = write void @_ssdm_op_Write.ap_auto.i26P0A, i26 %wall_right_min_6_out, i26 %wall_right_min_6_load"   --->   Operation 216 'write' 'write_ln0' <Predicate = (icmp_ln364)> <Delay = 0.00>
ST_2 : Operation 217 [1/1] (0.00ns)   --->   "%write_ln0 = write void @_ssdm_op_Write.ap_auto.i26P0A, i26 %wall_right_min_5_out, i26 %wall_right_min_5_load"   --->   Operation 217 'write' 'write_ln0' <Predicate = (icmp_ln364)> <Delay = 0.00>
ST_2 : Operation 218 [1/1] (0.00ns)   --->   "%write_ln0 = write void @_ssdm_op_Write.ap_auto.i26P0A, i26 %wall_right_min_4_out, i26 %wall_right_min_4_load"   --->   Operation 218 'write' 'write_ln0' <Predicate = (icmp_ln364)> <Delay = 0.00>
ST_2 : Operation 219 [1/1] (0.00ns)   --->   "%write_ln0 = write void @_ssdm_op_Write.ap_auto.i26P0A, i26 %wall_right_min_3_out, i26 %wall_right_min_3_load"   --->   Operation 219 'write' 'write_ln0' <Predicate = (icmp_ln364)> <Delay = 0.00>
ST_2 : Operation 220 [1/1] (0.00ns)   --->   "%write_ln0 = write void @_ssdm_op_Write.ap_auto.i26P0A, i26 %wall_right_min_2_out, i26 %wall_right_min_2_load"   --->   Operation 220 'write' 'write_ln0' <Predicate = (icmp_ln364)> <Delay = 0.00>
ST_2 : Operation 221 [1/1] (0.00ns)   --->   "%write_ln0 = write void @_ssdm_op_Write.ap_auto.i26P0A, i26 %wall_right_min_1_out, i26 %wall_right_min_1_load"   --->   Operation 221 'write' 'write_ln0' <Predicate = (icmp_ln364)> <Delay = 0.00>
ST_2 : Operation 222 [1/1] (0.00ns)   --->   "%write_ln0 = write void @_ssdm_op_Write.ap_auto.i26P0A, i26 %wall_right_min_out, i26 %wall_right_min_load"   --->   Operation 222 'write' 'write_ln0' <Predicate = (icmp_ln364)> <Delay = 0.00>
ST_2 : Operation 223 [1/1] (0.00ns)   --->   "%write_ln0 = write void @_ssdm_op_Write.ap_auto.i26P0A, i26 %wall_left_min_19_out, i26 %wall_left_min_19_load"   --->   Operation 223 'write' 'write_ln0' <Predicate = (icmp_ln364)> <Delay = 0.00>
ST_2 : Operation 224 [1/1] (0.00ns)   --->   "%write_ln0 = write void @_ssdm_op_Write.ap_auto.i26P0A, i26 %wall_left_min_18_out, i26 %wall_left_min_18_load"   --->   Operation 224 'write' 'write_ln0' <Predicate = (icmp_ln364)> <Delay = 0.00>
ST_2 : Operation 225 [1/1] (0.00ns)   --->   "%write_ln0 = write void @_ssdm_op_Write.ap_auto.i26P0A, i26 %wall_left_min_17_out, i26 %wall_left_min_17_load"   --->   Operation 225 'write' 'write_ln0' <Predicate = (icmp_ln364)> <Delay = 0.00>
ST_2 : Operation 226 [1/1] (0.00ns)   --->   "%write_ln0 = write void @_ssdm_op_Write.ap_auto.i26P0A, i26 %wall_left_min_16_out, i26 %wall_left_min_16_load"   --->   Operation 226 'write' 'write_ln0' <Predicate = (icmp_ln364)> <Delay = 0.00>
ST_2 : Operation 227 [1/1] (0.00ns)   --->   "%write_ln0 = write void @_ssdm_op_Write.ap_auto.i26P0A, i26 %wall_left_min_15_out, i26 %wall_left_min_15_load"   --->   Operation 227 'write' 'write_ln0' <Predicate = (icmp_ln364)> <Delay = 0.00>
ST_2 : Operation 228 [1/1] (0.00ns)   --->   "%write_ln0 = write void @_ssdm_op_Write.ap_auto.i26P0A, i26 %wall_left_min_14_out, i26 %wall_left_min_14_load"   --->   Operation 228 'write' 'write_ln0' <Predicate = (icmp_ln364)> <Delay = 0.00>
ST_2 : Operation 229 [1/1] (0.00ns)   --->   "%write_ln0 = write void @_ssdm_op_Write.ap_auto.i26P0A, i26 %wall_left_min_13_out, i26 %wall_left_min_13_load"   --->   Operation 229 'write' 'write_ln0' <Predicate = (icmp_ln364)> <Delay = 0.00>
ST_2 : Operation 230 [1/1] (0.00ns)   --->   "%write_ln0 = write void @_ssdm_op_Write.ap_auto.i26P0A, i26 %wall_left_min_12_out, i26 %wall_left_min_12_load"   --->   Operation 230 'write' 'write_ln0' <Predicate = (icmp_ln364)> <Delay = 0.00>
ST_2 : Operation 231 [1/1] (0.00ns)   --->   "%write_ln0 = write void @_ssdm_op_Write.ap_auto.i26P0A, i26 %wall_left_min_11_out, i26 %wall_left_min_11_load"   --->   Operation 231 'write' 'write_ln0' <Predicate = (icmp_ln364)> <Delay = 0.00>
ST_2 : Operation 232 [1/1] (0.00ns)   --->   "%write_ln0 = write void @_ssdm_op_Write.ap_auto.i26P0A, i26 %wall_left_min_10_out, i26 %wall_left_min_10_load"   --->   Operation 232 'write' 'write_ln0' <Predicate = (icmp_ln364)> <Delay = 0.00>
ST_2 : Operation 233 [1/1] (0.00ns)   --->   "%write_ln0 = write void @_ssdm_op_Write.ap_auto.i26P0A, i26 %wall_left_min_9_out, i26 %wall_left_min_9_load"   --->   Operation 233 'write' 'write_ln0' <Predicate = (icmp_ln364)> <Delay = 0.00>
ST_2 : Operation 234 [1/1] (0.00ns)   --->   "%write_ln0 = write void @_ssdm_op_Write.ap_auto.i26P0A, i26 %wall_left_min_8_out, i26 %wall_left_min_8_load"   --->   Operation 234 'write' 'write_ln0' <Predicate = (icmp_ln364)> <Delay = 0.00>
ST_2 : Operation 235 [1/1] (0.00ns)   --->   "%write_ln0 = write void @_ssdm_op_Write.ap_auto.i26P0A, i26 %wall_left_min_7_out, i26 %wall_left_min_7_load"   --->   Operation 235 'write' 'write_ln0' <Predicate = (icmp_ln364)> <Delay = 0.00>
ST_2 : Operation 236 [1/1] (0.00ns)   --->   "%write_ln0 = write void @_ssdm_op_Write.ap_auto.i26P0A, i26 %wall_left_min_6_out, i26 %wall_left_min_6_load"   --->   Operation 236 'write' 'write_ln0' <Predicate = (icmp_ln364)> <Delay = 0.00>
ST_2 : Operation 237 [1/1] (0.00ns)   --->   "%write_ln0 = write void @_ssdm_op_Write.ap_auto.i26P0A, i26 %wall_left_min_5_out, i26 %wall_left_min_5_load"   --->   Operation 237 'write' 'write_ln0' <Predicate = (icmp_ln364)> <Delay = 0.00>
ST_2 : Operation 238 [1/1] (0.00ns)   --->   "%write_ln0 = write void @_ssdm_op_Write.ap_auto.i26P0A, i26 %wall_left_min_4_out, i26 %wall_left_min_4_load"   --->   Operation 238 'write' 'write_ln0' <Predicate = (icmp_ln364)> <Delay = 0.00>
ST_2 : Operation 239 [1/1] (0.00ns)   --->   "%write_ln0 = write void @_ssdm_op_Write.ap_auto.i26P0A, i26 %wall_left_min_3_out, i26 %wall_left_min_3_load"   --->   Operation 239 'write' 'write_ln0' <Predicate = (icmp_ln364)> <Delay = 0.00>
ST_2 : Operation 240 [1/1] (0.00ns)   --->   "%write_ln0 = write void @_ssdm_op_Write.ap_auto.i26P0A, i26 %wall_left_min_2_out, i26 %wall_left_min_2_load"   --->   Operation 240 'write' 'write_ln0' <Predicate = (icmp_ln364)> <Delay = 0.00>
ST_2 : Operation 241 [1/1] (0.00ns)   --->   "%write_ln0 = write void @_ssdm_op_Write.ap_auto.i26P0A, i26 %wall_left_min_1_out, i26 %wall_left_min_1_load"   --->   Operation 241 'write' 'write_ln0' <Predicate = (icmp_ln364)> <Delay = 0.00>
ST_2 : Operation 242 [1/1] (0.00ns)   --->   "%write_ln0 = write void @_ssdm_op_Write.ap_auto.i26P0A, i26 %wall_left_min_out, i26 %wall_left_min_load"   --->   Operation 242 'write' 'write_ln0' <Predicate = (icmp_ln364)> <Delay = 0.00>
ST_2 : Operation 243 [1/1] (0.42ns)   --->   "%ret_ln0 = ret"   --->   Operation 243 'ret' 'ret_ln0' <Predicate = (icmp_ln364)> <Delay = 0.42>

State 3 <SV = 2> <Delay = 1.27>
ST_3 : Operation 98 [1/1] (0.00ns)   --->   "%specpipeline_ln359 = specpipeline void @_ssdm_op_SpecPipeline, i32 4294967295, i32 0, i32 0, i32 0, i32 4294967295, void @empty_524" [../src/mpc_riccati_hls.cpp:359]   --->   Operation 98 'specpipeline' 'specpipeline_ln359' <Predicate = true> <Delay = 0.00>
ST_3 : Operation 99 [1/1] (0.00ns)   --->   "%speclooptripcount_ln359 = speclooptripcount void @_ssdm_op_SpecLoopTripCount, i64 20, i64 20, i64 20" [../src/mpc_riccati_hls.cpp:359]   --->   Operation 99 'speclooptripcount' 'speclooptripcount_ln359' <Predicate = true> <Delay = 0.00>
ST_3 : Operation 100 [1/1] (0.00ns)   --->   "%specloopname_ln364 = specloopname void @_ssdm_op_SpecLoopName, void @empty_58" [../src/mpc_riccati_hls.cpp:364]   --->   Operation 100 'specloopname' 'specloopname_ln364' <Predicate = true> <Delay = 0.00>
ST_3 : Operation 101 [1/2] (1.27ns)   --->   "%wall_left_min_20 = call i26 @compute_window_min_hls, i26 %p_0_0_010171165_reload_read, i26 %p_0_0_010171161_reload_read, i26 %p_0_0_010171157_reload_read, i26 %p_0_0_010171153_reload_read, i26 %p_0_0_010171149_reload_read, i26 %p_0_0_010171145_reload_read, i26 %p_0_0_010171141_reload_read, i26 %p_0_0_010171137_reload_read, i26 %p_0_0_010171133_reload_read, i26 %p_0_0_010171129_reload_read, i26 %p_0_0_010171125_reload_read, i26 %p_0_0_010171121_reload_read, i26 %p_0_0_010171117_reload_read, i26 %p_0_0_010171113_reload_read, i26 %p_0_0_010171109_reload_read, i26 %p_0_0_010171105_reload_read, i26 %p_0_0_010171101_reload_read, i26 %p_0_0_01017197_reload_read, i26 %p_0_0_01017193_reload_read, i26 %p_0_0_010171169_reload_read, i5 %k" [../src/mpc_riccati_hls.cpp:365]   --->   Operation 101 'call' 'wall_left_min_20' <Predicate = (!icmp_ln364)> <Delay = 1.27> <CoreType = "Generic">   --->   Generic Core
ST_3 : Operation 102 [1/2] (1.27ns)   --->   "%wall_right_min_20 = call i26 @compute_window_min_hls, i26 %p_0_0_010170167_reload_read, i26 %p_0_0_010170163_reload_read, i26 %p_0_0_010170159_reload_read, i26 %p_0_0_010170155_reload_read, i26 %p_0_0_010170151_reload_read, i26 %p_0_0_010170147_reload_read, i26 %p_0_0_010170143_reload_read, i26 %p_0_0_010170139_reload_read, i26 %p_0_0_010170135_reload_read, i26 %p_0_0_010170131_reload_read, i26 %p_0_0_010170127_reload_read, i26 %p_0_0_010170123_reload_read, i26 %p_0_0_010170119_reload_read, i26 %p_0_0_010170115_reload_read, i26 %p_0_0_010170111_reload_read, i26 %p_0_0_010170107_reload_read, i26 %p_0_0_010170103_reload_read, i26 %p_0_0_01017099_reload_read, i26 %p_0_0_01017095_reload_read, i26 %p_0_0_010170171_reload_read, i5 %k" [../src/mpc_riccati_hls.cpp:366]   --->   Operation 102 'call' 'wall_right_min_20' <Predicate = (!icmp_ln364)> <Delay = 1.27> <CoreType = "Generic">   --->   Generic Core
ST_3 : Operation 103 [1/1] (0.00ns)   --->   "%store_ln360 = store i26 %wall_right_min_20, i26 %wall_right_min_18" [../src/mpc_riccati_hls.cpp:360]   --->   Operation 103 'store' 'store_ln360' <Predicate = (k == 18)> <Delay = 0.00>
ST_3 : Operation 104 [1/1] (0.00ns)   --->   "%store_ln359 = store i26 %wall_left_min_20, i26 %wall_left_min_18" [../src/mpc_riccati_hls.cpp:359]   --->   Operation 104 'store' 'store_ln359' <Predicate = (k == 18)> <Delay = 0.00>
ST_3 : Operation 105 [1/1] (0.00ns)   --->   "%br_ln365 = br void %arrayidx22.exit" [../src/mpc_riccati_hls.cpp:365]   --->   Operation 105 'br' 'br_ln365' <Predicate = (k == 18)> <Delay = 0.00>
ST_3 : Operation 106 [1/1] (0.00ns)   --->   "%store_ln360 = store i26 %wall_right_min_20, i26 %wall_right_min_17" [../src/mpc_riccati_hls.cpp:360]   --->   Operation 106 'store' 'store_ln360' <Predicate = (k == 17)> <Delay = 0.00>
ST_3 : Operation 107 [1/1] (0.00ns)   --->   "%store_ln359 = store i26 %wall_left_min_20, i26 %wall_left_min_17" [../src/mpc_riccati_hls.cpp:359]   --->   Operation 107 'store' 'store_ln359' <Predicate = (k == 17)> <Delay = 0.00>
ST_3 : Operation 108 [1/1] (0.00ns)   --->   "%br_ln366 = br void %arrayidx22.exit" [../src/mpc_riccati_hls.cpp:366]   --->   Operation 108 'br' 'br_ln366' <Predicate = (k == 17)> <Delay = 0.00>
ST_3 : Operation 109 [1/1] (0.00ns)   --->   "%store_ln360 = store i26 %wall_right_min_20, i26 %wall_right_min_16" [../src/mpc_riccati_hls.cpp:360]   --->   Operation 109 'store' 'store_ln360' <Predicate = (k == 16)> <Delay = 0.00>
ST_3 : Operation 110 [1/1] (0.00ns)   --->   "%store_ln359 = store i26 %wall_left_min_20, i26 %wall_left_min_16" [../src/mpc_riccati_hls.cpp:359]   --->   Operation 110 'store' 'store_ln359' <Predicate = (k == 16)> <Delay = 0.00>
ST_3 : Operation 111 [1/1] (0.00ns)   --->   "%br_ln366 = br void %arrayidx22.exit" [../src/mpc_riccati_hls.cpp:366]   --->   Operation 111 'br' 'br_ln366' <Predicate = (k == 16)> <Delay = 0.00>
ST_3 : Operation 112 [1/1] (0.00ns)   --->   "%store_ln360 = store i26 %wall_right_min_20, i26 %wall_right_min_15" [../src/mpc_riccati_hls.cpp:360]   --->   Operation 112 'store' 'store_ln360' <Predicate = (k == 15)> <Delay = 0.00>
ST_3 : Operation 113 [1/1] (0.00ns)   --->   "%store_ln359 = store i26 %wall_left_min_20, i26 %wall_left_min_15" [../src/mpc_riccati_hls.cpp:359]   --->   Operation 113 'store' 'store_ln359' <Predicate = (k == 15)> <Delay = 0.00>
ST_3 : Operation 114 [1/1] (0.00ns)   --->   "%br_ln366 = br void %arrayidx22.exit" [../src/mpc_riccati_hls.cpp:366]   --->   Operation 114 'br' 'br_ln366' <Predicate = (k == 15)> <Delay = 0.00>
ST_3 : Operation 115 [1/1] (0.00ns)   --->   "%store_ln360 = store i26 %wall_right_min_20, i26 %wall_right_min_14" [../src/mpc_riccati_hls.cpp:360]   --->   Operation 115 'store' 'store_ln360' <Predicate = (k == 14)> <Delay = 0.00>
ST_3 : Operation 116 [1/1] (0.00ns)   --->   "%store_ln359 = store i26 %wall_left_min_20, i26 %wall_left_min_14" [../src/mpc_riccati_hls.cpp:359]   --->   Operation 116 'store' 'store_ln359' <Predicate = (k == 14)> <Delay = 0.00>
ST_3 : Operation 117 [1/1] (0.00ns)   --->   "%br_ln366 = br void %arrayidx22.exit" [../src/mpc_riccati_hls.cpp:366]   --->   Operation 117 'br' 'br_ln366' <Predicate = (k == 14)> <Delay = 0.00>
ST_3 : Operation 118 [1/1] (0.00ns)   --->   "%store_ln360 = store i26 %wall_right_min_20, i26 %wall_right_min_13" [../src/mpc_riccati_hls.cpp:360]   --->   Operation 118 'store' 'store_ln360' <Predicate = (k == 13)> <Delay = 0.00>
ST_3 : Operation 119 [1/1] (0.00ns)   --->   "%store_ln359 = store i26 %wall_left_min_20, i26 %wall_left_min_13" [../src/mpc_riccati_hls.cpp:359]   --->   Operation 119 'store' 'store_ln359' <Predicate = (k == 13)> <Delay = 0.00>
ST_3 : Operation 120 [1/1] (0.00ns)   --->   "%br_ln366 = br void %arrayidx22.exit" [../src/mpc_riccati_hls.cpp:366]   --->   Operation 120 'br' 'br_ln366' <Predicate = (k == 13)> <Delay = 0.00>
ST_3 : Operation 121 [1/1] (0.00ns)   --->   "%store_ln360 = store i26 %wall_right_min_20, i26 %wall_right_min_12" [../src/mpc_riccati_hls.cpp:360]   --->   Operation 121 'store' 'store_ln360' <Predicate = (k == 12)> <Delay = 0.00>
ST_3 : Operation 122 [1/1] (0.00ns)   --->   "%store_ln359 = store i26 %wall_left_min_20, i26 %wall_left_min_12" [../src/mpc_riccati_hls.cpp:359]   --->   Operation 122 'store' 'store_ln359' <Predicate = (k == 12)> <Delay = 0.00>
ST_3 : Operation 123 [1/1] (0.00ns)   --->   "%br_ln366 = br void %arrayidx22.exit" [../src/mpc_riccati_hls.cpp:366]   --->   Operation 123 'br' 'br_ln366' <Predicate = (k == 12)> <Delay = 0.00>
ST_3 : Operation 124 [1/1] (0.00ns)   --->   "%store_ln360 = store i26 %wall_right_min_20, i26 %wall_right_min_11" [../src/mpc_riccati_hls.cpp:360]   --->   Operation 124 'store' 'store_ln360' <Predicate = (k == 11)> <Delay = 0.00>
ST_3 : Operation 125 [1/1] (0.00ns)   --->   "%store_ln359 = store i26 %wall_left_min_20, i26 %wall_left_min_11" [../src/mpc_riccati_hls.cpp:359]   --->   Operation 125 'store' 'store_ln359' <Predicate = (k == 11)> <Delay = 0.00>
ST_3 : Operation 126 [1/1] (0.00ns)   --->   "%br_ln366 = br void %arrayidx22.exit" [../src/mpc_riccati_hls.cpp:366]   --->   Operation 126 'br' 'br_ln366' <Predicate = (k == 11)> <Delay = 0.00>
ST_3 : Operation 127 [1/1] (0.00ns)   --->   "%store_ln360 = store i26 %wall_right_min_20, i26 %wall_right_min_10" [../src/mpc_riccati_hls.cpp:360]   --->   Operation 127 'store' 'store_ln360' <Predicate = (k == 10)> <Delay = 0.00>
ST_3 : Operation 128 [1/1] (0.00ns)   --->   "%store_ln359 = store i26 %wall_left_min_20, i26 %wall_left_min_10" [../src/mpc_riccati_hls.cpp:359]   --->   Operation 128 'store' 'store_ln359' <Predicate = (k == 10)> <Delay = 0.00>
ST_3 : Operation 129 [1/1] (0.00ns)   --->   "%br_ln366 = br void %arrayidx22.exit" [../src/mpc_riccati_hls.cpp:366]   --->   Operation 129 'br' 'br_ln366' <Predicate = (k == 10)> <Delay = 0.00>
ST_3 : Operation 130 [1/1] (0.00ns)   --->   "%store_ln360 = store i26 %wall_right_min_20, i26 %wall_right_min_9" [../src/mpc_riccati_hls.cpp:360]   --->   Operation 130 'store' 'store_ln360' <Predicate = (k == 9)> <Delay = 0.00>
ST_3 : Operation 131 [1/1] (0.00ns)   --->   "%store_ln359 = store i26 %wall_left_min_20, i26 %wall_left_min_9" [../src/mpc_riccati_hls.cpp:359]   --->   Operation 131 'store' 'store_ln359' <Predicate = (k == 9)> <Delay = 0.00>
ST_3 : Operation 132 [1/1] (0.00ns)   --->   "%br_ln366 = br void %arrayidx22.exit" [../src/mpc_riccati_hls.cpp:366]   --->   Operation 132 'br' 'br_ln366' <Predicate = (k == 9)> <Delay = 0.00>
ST_3 : Operation 133 [1/1] (0.00ns)   --->   "%store_ln360 = store i26 %wall_right_min_20, i26 %wall_right_min_8" [../src/mpc_riccati_hls.cpp:360]   --->   Operation 133 'store' 'store_ln360' <Predicate = (k == 8)> <Delay = 0.00>
ST_3 : Operation 134 [1/1] (0.00ns)   --->   "%store_ln359 = store i26 %wall_left_min_20, i26 %wall_left_min_8" [../src/mpc_riccati_hls.cpp:359]   --->   Operation 134 'store' 'store_ln359' <Predicate = (k == 8)> <Delay = 0.00>
ST_3 : Operation 135 [1/1] (0.00ns)   --->   "%br_ln366 = br void %arrayidx22.exit" [../src/mpc_riccati_hls.cpp:366]   --->   Operation 135 'br' 'br_ln366' <Predicate = (k == 8)> <Delay = 0.00>
ST_3 : Operation 136 [1/1] (0.00ns)   --->   "%store_ln360 = store i26 %wall_right_min_20, i26 %wall_right_min_7" [../src/mpc_riccati_hls.cpp:360]   --->   Operation 136 'store' 'store_ln360' <Predicate = (k == 7)> <Delay = 0.00>
ST_3 : Operation 137 [1/1] (0.00ns)   --->   "%store_ln359 = store i26 %wall_left_min_20, i26 %wall_left_min_7" [../src/mpc_riccati_hls.cpp:359]   --->   Operation 137 'store' 'store_ln359' <Predicate = (k == 7)> <Delay = 0.00>
ST_3 : Operation 138 [1/1] (0.00ns)   --->   "%br_ln366 = br void %arrayidx22.exit" [../src/mpc_riccati_hls.cpp:366]   --->   Operation 138 'br' 'br_ln366' <Predicate = (k == 7)> <Delay = 0.00>
ST_3 : Operation 139 [1/1] (0.00ns)   --->   "%store_ln360 = store i26 %wall_right_min_20, i26 %wall_right_min_6" [../src/mpc_riccati_hls.cpp:360]   --->   Operation 139 'store' 'store_ln360' <Predicate = (k == 6)> <Delay = 0.00>
ST_3 : Operation 140 [1/1] (0.00ns)   --->   "%store_ln359 = store i26 %wall_left_min_20, i26 %wall_left_min_6" [../src/mpc_riccati_hls.cpp:359]   --->   Operation 140 'store' 'store_ln359' <Predicate = (k == 6)> <Delay = 0.00>
ST_3 : Operation 141 [1/1] (0.00ns)   --->   "%br_ln366 = br void %arrayidx22.exit" [../src/mpc_riccati_hls.cpp:366]   --->   Operation 141 'br' 'br_ln366' <Predicate = (k == 6)> <Delay = 0.00>
ST_3 : Operation 142 [1/1] (0.00ns)   --->   "%store_ln360 = store i26 %wall_right_min_20, i26 %wall_right_min_5" [../src/mpc_riccati_hls.cpp:360]   --->   Operation 142 'store' 'store_ln360' <Predicate = (k == 5)> <Delay = 0.00>
ST_3 : Operation 143 [1/1] (0.00ns)   --->   "%store_ln359 = store i26 %wall_left_min_20, i26 %wall_left_min_5" [../src/mpc_riccati_hls.cpp:359]   --->   Operation 143 'store' 'store_ln359' <Predicate = (k == 5)> <Delay = 0.00>
ST_3 : Operation 144 [1/1] (0.00ns)   --->   "%br_ln366 = br void %arrayidx22.exit" [../src/mpc_riccati_hls.cpp:366]   --->   Operation 144 'br' 'br_ln366' <Predicate = (k == 5)> <Delay = 0.00>
ST_3 : Operation 145 [1/1] (0.00ns)   --->   "%store_ln360 = store i26 %wall_right_min_20, i26 %wall_right_min_4" [../src/mpc_riccati_hls.cpp:360]   --->   Operation 145 'store' 'store_ln360' <Predicate = (k == 4)> <Delay = 0.00>
ST_3 : Operation 146 [1/1] (0.00ns)   --->   "%store_ln359 = store i26 %wall_left_min_20, i26 %wall_left_min_4" [../src/mpc_riccati_hls.cpp:359]   --->   Operation 146 'store' 'store_ln359' <Predicate = (k == 4)> <Delay = 0.00>
ST_3 : Operation 147 [1/1] (0.00ns)   --->   "%br_ln366 = br void %arrayidx22.exit" [../src/mpc_riccati_hls.cpp:366]   --->   Operation 147 'br' 'br_ln366' <Predicate = (k == 4)> <Delay = 0.00>
ST_3 : Operation 148 [1/1] (0.00ns)   --->   "%store_ln360 = store i26 %wall_right_min_20, i26 %wall_right_min_3" [../src/mpc_riccati_hls.cpp:360]   --->   Operation 148 'store' 'store_ln360' <Predicate = (k == 3)> <Delay = 0.00>
ST_3 : Operation 149 [1/1] (0.00ns)   --->   "%store_ln359 = store i26 %wall_left_min_20, i26 %wall_left_min_3" [../src/mpc_riccati_hls.cpp:359]   --->   Operation 149 'store' 'store_ln359' <Predicate = (k == 3)> <Delay = 0.00>
ST_3 : Operation 150 [1/1] (0.00ns)   --->   "%br_ln366 = br void %arrayidx22.exit" [../src/mpc_riccati_hls.cpp:366]   --->   Operation 150 'br' 'br_ln366' <Predicate = (k == 3)> <Delay = 0.00>
ST_3 : Operation 151 [1/1] (0.00ns)   --->   "%store_ln360 = store i26 %wall_right_min_20, i26 %wall_right_min_2" [../src/mpc_riccati_hls.cpp:360]   --->   Operation 151 'store' 'store_ln360' <Predicate = (k == 2)> <Delay = 0.00>
ST_3 : Operation 152 [1/1] (0.00ns)   --->   "%store_ln359 = store i26 %wall_left_min_20, i26 %wall_left_min_2" [../src/mpc_riccati_hls.cpp:359]   --->   Operation 152 'store' 'store_ln359' <Predicate = (k == 2)> <Delay = 0.00>
ST_3 : Operation 153 [1/1] (0.00ns)   --->   "%br_ln366 = br void %arrayidx22.exit" [../src/mpc_riccati_hls.cpp:366]   --->   Operation 153 'br' 'br_ln366' <Predicate = (k == 2)> <Delay = 0.00>
ST_3 : Operation 154 [1/1] (0.00ns)   --->   "%store_ln360 = store i26 %wall_right_min_20, i26 %wall_right_min_1" [../src/mpc_riccati_hls.cpp:360]   --->   Operation 154 'store' 'store_ln360' <Predicate = (k == 1)> <Delay = 0.00>
ST_3 : Operation 155 [1/1] (0.00ns)   --->   "%store_ln359 = store i26 %wall_left_min_20, i26 %wall_left_min_1" [../src/mpc_riccati_hls.cpp:359]   --->   Operation 155 'store' 'store_ln359' <Predicate = (k == 1)> <Delay = 0.00>
ST_3 : Operation 156 [1/1] (0.00ns)   --->   "%br_ln366 = br void %arrayidx22.exit" [../src/mpc_riccati_hls.cpp:366]   --->   Operation 156 'br' 'br_ln366' <Predicate = (k == 1)> <Delay = 0.00>
ST_3 : Operation 157 [1/1] (0.00ns)   --->   "%store_ln360 = store i26 %wall_right_min_20, i26 %wall_right_min" [../src/mpc_riccati_hls.cpp:360]   --->   Operation 157 'store' 'store_ln360' <Predicate = (k == 0)> <Delay = 0.00>
ST_3 : Operation 158 [1/1] (0.00ns)   --->   "%store_ln359 = store i26 %wall_left_min_20, i26 %wall_left_min" [../src/mpc_riccati_hls.cpp:359]   --->   Operation 158 'store' 'store_ln359' <Predicate = (k == 0)> <Delay = 0.00>
ST_3 : Operation 159 [1/1] (0.00ns)   --->   "%br_ln366 = br void %arrayidx22.exit" [../src/mpc_riccati_hls.cpp:366]   --->   Operation 159 'br' 'br_ln366' <Predicate = (k == 0)> <Delay = 0.00>
ST_3 : Operation 160 [1/1] (0.00ns)   --->   "%store_ln360 = store i26 %wall_right_min_20, i26 %wall_right_min_19" [../src/mpc_riccati_hls.cpp:360]   --->   Operation 160 'store' 'store_ln360' <Predicate = (k != 0 & k != 1 & k != 2 & k != 3 & k != 4 & k != 5 & k != 6 & k != 7 & k != 8 & k != 9 & k != 10 & k != 11 & k != 12 & k != 13 & k != 14 & k != 15 & k != 16 & k != 17 & k != 18)> <Delay = 0.00>
ST_3 : Operation 161 [1/1] (0.00ns)   --->   "%store_ln359 = store i26 %wall_left_min_20, i26 %wall_left_min_19" [../src/mpc_riccati_hls.cpp:359]   --->   Operation 161 'store' 'store_ln359' <Predicate = (k != 0 & k != 1 & k != 2 & k != 3 & k != 4 & k != 5 & k != 6 & k != 7 & k != 8 & k != 9 & k != 10 & k != 11 & k != 12 & k != 13 & k != 14 & k != 15 & k != 16 & k != 17 & k != 18)> <Delay = 0.00>
ST_3 : Operation 162 [1/1] (0.00ns)   --->   "%br_ln366 = br void %arrayidx22.exit" [../src/mpc_riccati_hls.cpp:366]   --->   Operation 162 'br' 'br_ln366' <Predicate = (k != 0 & k != 1 & k != 2 & k != 3 & k != 4 & k != 5 & k != 6 & k != 7 & k != 8 & k != 9 & k != 10 & k != 11 & k != 12 & k != 13 & k != 14 & k != 15 & k != 16 & k != 17 & k != 18)> <Delay = 0.00>


============================================================
+ Verbose Summary: Timing violations
============================================================
Target clock period: 5.000ns, clock uncertainty: 0.500ns.

 <State 1>: 1.643ns
The critical path consists of the following:
	'store' operation ('store_ln318', ../src/mpc_riccati_hls.cpp:318) of constant 0 5 bit on local variable 'k', ../src/mpc_riccati_hls.cpp:318 [162]  (0.427 ns)
	'load' operation 5 bit ('k', ../src/mpc_riccati_hls.cpp:364) on local variable 'k', ../src/mpc_riccati_hls.cpp:318 [165]  (0.000 ns)
	'icmp' operation 1 bit ('icmp_ln364', ../src/mpc_riccati_hls.cpp:364) [166]  (0.789 ns)
	'store' operation ('store_ln318', ../src/mpc_riccati_hls.cpp:318) of variable 'add_ln364', ../src/mpc_riccati_hls.cpp:364 5 bit on local variable 'k', ../src/mpc_riccati_hls.cpp:318 [257]  (0.427 ns)

 <State 2>: 4.457ns
The critical path consists of the following:
	'call' operation 26 bit ('wall_left_min', ../src/mpc_riccati_hls.cpp:365) to 'compute_window_min_hls' [173]  (4.457 ns)

 <State 3>: 1.278ns
The critical path consists of the following:
	'call' operation 26 bit ('wall_right_min', ../src/mpc_riccati_hls.cpp:366) to 'compute_window_min_hls' [174]  (1.278 ns)
	'store' operation ('store_ln360', ../src/mpc_riccati_hls.cpp:360) of variable 'wall_right_min', ../src/mpc_riccati_hls.cpp:366 26 bit on local variable 'wall_right_min', ../src/mpc_riccati_hls.cpp:360 [193]  (0.000 ns)


============================================================
+ Verbose Summary: Binding
============================================================
N/A
* FSMD analyzer results:
  - Output states:
 - Input state : 
  - Chain level:
	State 1
	State 2
	State 3


============================================================
+ Verbose Summary: Datapath Resource usage 
============================================================
N/A
