

================================================================
== Vitis HLS Report for 'mpc_compute_hls_Pipeline_VITIS_LOOP_1511_21'
================================================================
* Date:           Thu May 21 15:23:07 2026

* Version:        2025.2 (Build 6295257 on Nov 14 2025)
* Project:        mpc_fpga_top_opencl
* Solution:       hls (Vitis Kernel Flow Target)
* Product family: zynquplus
* Target device:  xck26-sfvc784-2LV-c


================================================================
== Performance Estimates
================================================================
+ Timing: 
    * Summary: 
    +--------+---------+----------+------------+
    |  Clock |  Target | Estimated| Uncertainty|
    +--------+---------+----------+------------+
    |ap_clk  |  5.00 ns|  1.643 ns|     0.50 ns|
    +--------+---------+----------+------------+

+ Latency: 
    * Summary: 
    +---------+---------+----------+----------+-----+-----+-------------------+
    |  Latency (cycles) |  Latency (absolute) |  Interval |      Pipeline     |
    |   min   |   max   |    min   |    max   | min | max |        Type       |
    +---------+---------+----------+----------+-----+-----+-------------------+
    |       23|       23|  0.115 us|  0.115 us|    0|    0|  loop pipeline stp|
    +---------+---------+----------+----------+-----+-----+-------------------+

    + Detail: 
        * Instance: 
        N/A

        * Loop: 
        +----------------------+---------+---------+----------+-----------+-----------+------+----------+
        |                      |  Latency (cycles) | Iteration|  Initiation Interval  | Trip |          |
        |       Loop Name      |   min   |   max   |  Latency |  achieved |   target  | Count| Pipelined|
        +----------------------+---------+---------+----------+-----------+-----------+------+----------+
        |- VITIS_LOOP_1511_21  |       21|       21|         2|          1|          1|    21|       yes|
        +----------------------+---------+---------+----------+-----------+-----------+------+----------+

============================================================
+ Verbose Summary: Synthesis Manager
============================================================
InlineROM: 1
ExposeGlobal: 0
============================================================
+ Verbose Summary: CDFG Model
============================================================
IsTopModel: 0
ResetActiveHigh: 1
IsCombinational: 0
IsDatapathOnly: 0
HasWiredReturn: 1
HasMFsm: 2
HasVarLatency: 1
IsPipeline: 0
IsRtlPipelined: 0
IsInstanceOverlapped: 0
IsDontTouch: 0
HasImplIP: 0
IsGatedGlobalClock: 0

+ Individual pipeline summary: 
  * Pipeline-0: initiation interval (II) = 1, depth = 2


============================================================
+ Verbose Summary: Schedule
============================================================
* Number of FSM states : 2
* Pipeline : 1
  Pipeline-0 : II = 1, D = 2, States = { 1 2 }
* Dataflow Pipeline: 0

* FSM state transitions: 
1 --> 2 
2 --> 

* FSM state operations: 

State 1 <SV = 0> <Delay = 1.64>
ST_1 : Operation 5 [1/1] (0.00ns)   --->   "%k = alloca i32 1" [../src/riccati_solver_hls.cpp:1170->../src/mpc_riccati_hls.cpp:649]   --->   Operation 5 'alloca' 'k' <Predicate = true> <Delay = 0.00>
ST_1 : Operation 6 [1/1] (0.00ns)   --->   "%specmemcore_ln0 = specmemcore void @_ssdm_op_SpecMemCore, i32 %y_x, i64 666, i64 23, i64 1, i1 0"   --->   Operation 6 'specmemcore' 'specmemcore_ln0' <Predicate = true> <Delay = 0.00>
ST_1 : Operation 7 [1/1] (0.00ns)   --->   "%specmemcore_ln0 = specmemcore void @_ssdm_op_SpecMemCore, i32 %y_x_5, i64 666, i64 23, i64 1, i1 0"   --->   Operation 7 'specmemcore' 'specmemcore_ln0' <Predicate = true> <Delay = 0.00>
ST_1 : Operation 8 [1/1] (0.00ns)   --->   "%scale_rho_up_read = read i1 @_ssdm_op_Read.ap_auto.i1, i1 %scale_rho_up"   --->   Operation 8 'read' 'scale_rho_up_read' <Predicate = true> <Delay = 0.00>
ST_1 : Operation 9 [1/1] (0.42ns)   --->   "%store_ln1170 = store i5 0, i5 %k" [../src/riccati_solver_hls.cpp:1170->../src/mpc_riccati_hls.cpp:649]   --->   Operation 9 'store' 'store_ln1170' <Predicate = true> <Delay = 0.42>
ST_1 : Operation 10 [1/1] (0.00ns)   --->   "%br_ln0 = br void %for.body686.i"   --->   Operation 10 'br' 'br_ln0' <Predicate = true> <Delay = 0.00>
ST_1 : Operation 11 [1/1] (0.00ns)   --->   "%k_8 = load i5 %k" [../src/riccati_solver_hls.cpp:1511->../src/mpc_riccati_hls.cpp:649]   --->   Operation 11 'load' 'k_8' <Predicate = true> <Delay = 0.00>
ST_1 : Operation 12 [1/1] (0.78ns)   --->   "%icmp_ln1511 = icmp_eq  i5 %k_8, i5 21" [../src/riccati_solver_hls.cpp:1511->../src/mpc_riccati_hls.cpp:649]   --->   Operation 12 'icmp' 'icmp_ln1511' <Predicate = true> <Delay = 0.78> <CoreInst = "Cmp">   --->   Core 9 'Cmp' <Latency = 0> <II = 1> <Delay = 0.78> <FuncUnit> <Opcode : 'seteq' 'setne' 'setle' 'setge' 'setlt' 'setgt'> <InPorts = 2> <OutPorts = 1>
ST_1 : Operation 13 [1/1] (0.78ns)   --->   "%add_ln1511 = add i5 %k_8, i5 1" [../src/riccati_solver_hls.cpp:1511->../src/mpc_riccati_hls.cpp:649]   --->   Operation 13 'add' 'add_ln1511' <Predicate = true> <Delay = 0.78> <CoreInst = "Adder">   --->   Core 1 'Adder' <Latency = 0> <II = 1> <Delay = 0.78> <FuncUnit> <Opcode : 'add' 'sub'> <InPorts = 2> <OutPorts = 1>
ST_1 : Operation 14 [1/1] (0.00ns)   --->   "%br_ln1511 = br i1 %icmp_ln1511, void %for.body686.i.split, void %if.end709.i.loopexit.exitStub" [../src/riccati_solver_hls.cpp:1511->../src/mpc_riccati_hls.cpp:649]   --->   Operation 14 'br' 'br_ln1511' <Predicate = true> <Delay = 0.00>
ST_1 : Operation 15 [1/1] (0.00ns)   --->   "%zext_ln1511 = zext i5 %k_8" [../src/riccati_solver_hls.cpp:1511->../src/mpc_riccati_hls.cpp:649]   --->   Operation 15 'zext' 'zext_ln1511' <Predicate = (!icmp_ln1511)> <Delay = 0.00>
ST_1 : Operation 16 [1/1] (0.00ns)   --->   "%y_x_addr = getelementptr i32 %y_x, i64 0, i64 %zext_ln1511" [../src/riccati_solver_hls.cpp:1514->../src/mpc_riccati_hls.cpp:649]   --->   Operation 16 'getelementptr' 'y_x_addr' <Predicate = (!icmp_ln1511)> <Delay = 0.00>
ST_1 : Operation 17 [1/1] (0.00ns)   --->   "%y_x_5_addr = getelementptr i32 %y_x_5, i64 0, i64 %zext_ln1511" [../src/riccati_solver_hls.cpp:1515->../src/mpc_riccati_hls.cpp:649]   --->   Operation 17 'getelementptr' 'y_x_5_addr' <Predicate = (!icmp_ln1511)> <Delay = 0.00>
ST_1 : Operation 18 [2/2] (0.67ns)   --->   "%y_x_load = load i5 %y_x_addr" [../src/riccati_solver_hls.cpp:1514->../src/mpc_riccati_hls.cpp:649]   --->   Operation 18 'load' 'y_x_load' <Predicate = (!icmp_ln1511)> <Delay = 0.67> <CoreInst = "RAM_2P_LUTRAM">   --->   Core 92 'RAM_2P_LUTRAM' <Latency = 1> <II = 1> <Delay = 0.67> <Storage> <Opcode : 'load' 'store'> <Ports = 2> <Width = 32> <Depth = 21> <RAM>
ST_1 : Operation 19 [1/1] (0.00ns)   --->   "%br_ln1513 = br i1 %scale_rho_up_read, void %if.else696.i, void %if.then687.i" [../src/riccati_solver_hls.cpp:1513->../src/mpc_riccati_hls.cpp:649]   --->   Operation 19 'br' 'br_ln1513' <Predicate = (!icmp_ln1511)> <Delay = 0.00>
ST_1 : Operation 20 [2/2] (0.67ns)   --->   "%y_x_5_load_1 = load i5 %y_x_5_addr" [../src/riccati_solver_hls.cpp:1518->../src/mpc_riccati_hls.cpp:649]   --->   Operation 20 'load' 'y_x_5_load_1' <Predicate = (!icmp_ln1511 & !scale_rho_up_read)> <Delay = 0.67> <CoreInst = "RAM_2P_LUTRAM">   --->   Core 92 'RAM_2P_LUTRAM' <Latency = 1> <II = 1> <Delay = 0.67> <Storage> <Opcode : 'load' 'store'> <Ports = 2> <Width = 32> <Depth = 21> <RAM>
ST_1 : Operation 21 [1/1] (0.42ns)   --->   "%br_ln0 = br void %if.end705.i"   --->   Operation 21 'br' 'br_ln0' <Predicate = (!icmp_ln1511 & !scale_rho_up_read)> <Delay = 0.42>
ST_1 : Operation 22 [2/2] (0.67ns)   --->   "%y_x_5_load = load i5 %y_x_5_addr" [../src/riccati_solver_hls.cpp:1515->../src/mpc_riccati_hls.cpp:649]   --->   Operation 22 'load' 'y_x_5_load' <Predicate = (!icmp_ln1511 & scale_rho_up_read)> <Delay = 0.67> <CoreInst = "RAM_2P_LUTRAM">   --->   Core 92 'RAM_2P_LUTRAM' <Latency = 1> <II = 1> <Delay = 0.67> <Storage> <Opcode : 'load' 'store'> <Ports = 2> <Width = 32> <Depth = 21> <RAM>
ST_1 : Operation 23 [1/1] (0.42ns)   --->   "%br_ln1516 = br void %if.end705.i" [../src/riccati_solver_hls.cpp:1516->../src/mpc_riccati_hls.cpp:649]   --->   Operation 23 'br' 'br_ln1516' <Predicate = (!icmp_ln1511 & scale_rho_up_read)> <Delay = 0.42>
ST_1 : Operation 24 [1/1] (0.42ns)   --->   "%store_ln1170 = store i5 %add_ln1511, i5 %k" [../src/riccati_solver_hls.cpp:1170->../src/mpc_riccati_hls.cpp:649]   --->   Operation 24 'store' 'store_ln1170' <Predicate = (!icmp_ln1511)> <Delay = 0.42>
ST_1 : Operation 42 [1/1] (0.42ns)   --->   "%ret_ln0 = ret"   --->   Operation 42 'ret' 'ret_ln0' <Predicate = (icmp_ln1511)> <Delay = 0.42>

State 2 <SV = 1> <Delay = 1.35>
ST_2 : Operation 25 [1/1] (0.00ns)   --->   "%specpipeline_ln1512 = specpipeline void @_ssdm_op_SpecPipeline, i32 1, i32 0, i32 0, i32 0, i32 4294967295, void @empty_485" [../src/riccati_solver_hls.cpp:1512->../src/mpc_riccati_hls.cpp:649]   --->   Operation 25 'specpipeline' 'specpipeline_ln1512' <Predicate = (!icmp_ln1511)> <Delay = 0.00>
ST_2 : Operation 26 [1/1] (0.00ns)   --->   "%speclooptripcount_ln1170 = speclooptripcount void @_ssdm_op_SpecLoopTripCount, i64 21, i64 21, i64 21" [../src/riccati_solver_hls.cpp:1170->../src/mpc_riccati_hls.cpp:649]   --->   Operation 26 'speclooptripcount' 'speclooptripcount_ln1170' <Predicate = (!icmp_ln1511)> <Delay = 0.00>
ST_2 : Operation 27 [1/1] (0.00ns)   --->   "%specloopname_ln1511 = specloopname void @_ssdm_op_SpecLoopName, void @empty_489" [../src/riccati_solver_hls.cpp:1511->../src/mpc_riccati_hls.cpp:649]   --->   Operation 27 'specloopname' 'specloopname_ln1511' <Predicate = (!icmp_ln1511)> <Delay = 0.00>
ST_2 : Operation 28 [1/2] ( I:0.67ns O:0.67ns )   --->   "%y_x_load = load i5 %y_x_addr" [../src/riccati_solver_hls.cpp:1514->../src/mpc_riccati_hls.cpp:649]   --->   Operation 28 'load' 'y_x_load' <Predicate = (!icmp_ln1511)> <Delay = 0.67> <CoreInst = "RAM_2P_LUTRAM">   --->   Core 92 'RAM_2P_LUTRAM' <Latency = 1> <II = 1> <Delay = 0.67> <Storage> <Opcode : 'load' 'store'> <Ports = 2> <Width = 32> <Depth = 21> <RAM>
ST_2 : Operation 29 [1/1] (0.00ns)   --->   "%shl_ln1517 = shl i32 %y_x_load, i32 1" [../src/riccati_solver_hls.cpp:1517->../src/mpc_riccati_hls.cpp:649]   --->   Operation 29 'shl' 'shl_ln1517' <Predicate = (!icmp_ln1511 & !scale_rho_up_read)> <Delay = 0.00>
ST_2 : Operation 30 [1/1] ( I:0.67ns O:0.67ns )   --->   "%store_ln1517 = store i32 %shl_ln1517, i5 %y_x_addr" [../src/riccati_solver_hls.cpp:1517->../src/mpc_riccati_hls.cpp:649]   --->   Operation 30 'store' 'store_ln1517' <Predicate = (!icmp_ln1511 & !scale_rho_up_read)> <Delay = 0.67> <CoreInst = "RAM_2P_LUTRAM">   --->   Core 92 'RAM_2P_LUTRAM' <Latency = 1> <II = 1> <Delay = 0.67> <Storage> <Opcode : 'load' 'store'> <Ports = 2> <Width = 32> <Depth = 21> <RAM>
ST_2 : Operation 31 [1/2] ( I:0.67ns O:0.67ns )   --->   "%y_x_5_load_1 = load i5 %y_x_5_addr" [../src/riccati_solver_hls.cpp:1518->../src/mpc_riccati_hls.cpp:649]   --->   Operation 31 'load' 'y_x_5_load_1' <Predicate = (!icmp_ln1511 & !scale_rho_up_read)> <Delay = 0.67> <CoreInst = "RAM_2P_LUTRAM">   --->   Core 92 'RAM_2P_LUTRAM' <Latency = 1> <II = 1> <Delay = 0.67> <Storage> <Opcode : 'load' 'store'> <Ports = 2> <Width = 32> <Depth = 21> <RAM>
ST_2 : Operation 32 [1/1] (0.00ns)   --->   "%shl_ln1518 = shl i32 %y_x_5_load_1, i32 1" [../src/riccati_solver_hls.cpp:1518->../src/mpc_riccati_hls.cpp:649]   --->   Operation 32 'shl' 'shl_ln1518' <Predicate = (!icmp_ln1511 & !scale_rho_up_read)> <Delay = 0.00>
ST_2 : Operation 33 [1/1] (0.00ns)   --->   "%trunc_ln = partselect i31 @_ssdm_op_PartSelect.i31.i32.i32.i32, i32 %y_x_load, i32 1, i32 31" [../src/riccati_solver_hls.cpp:1514->../src/mpc_riccati_hls.cpp:649]   --->   Operation 33 'partselect' 'trunc_ln' <Predicate = (!icmp_ln1511 & scale_rho_up_read)> <Delay = 0.00>
ST_2 : Operation 34 [1/1] (0.00ns)   --->   "%sext_ln1514 = sext i31 %trunc_ln" [../src/riccati_solver_hls.cpp:1514->../src/mpc_riccati_hls.cpp:649]   --->   Operation 34 'sext' 'sext_ln1514' <Predicate = (!icmp_ln1511 & scale_rho_up_read)> <Delay = 0.00>
ST_2 : Operation 35 [1/1] ( I:0.67ns O:0.67ns )   --->   "%store_ln1514 = store i32 %sext_ln1514, i5 %y_x_addr" [../src/riccati_solver_hls.cpp:1514->../src/mpc_riccati_hls.cpp:649]   --->   Operation 35 'store' 'store_ln1514' <Predicate = (!icmp_ln1511 & scale_rho_up_read)> <Delay = 0.67> <CoreInst = "RAM_2P_LUTRAM">   --->   Core 92 'RAM_2P_LUTRAM' <Latency = 1> <II = 1> <Delay = 0.67> <Storage> <Opcode : 'load' 'store'> <Ports = 2> <Width = 32> <Depth = 21> <RAM>
ST_2 : Operation 36 [1/2] ( I:0.67ns O:0.67ns )   --->   "%y_x_5_load = load i5 %y_x_5_addr" [../src/riccati_solver_hls.cpp:1515->../src/mpc_riccati_hls.cpp:649]   --->   Operation 36 'load' 'y_x_5_load' <Predicate = (!icmp_ln1511 & scale_rho_up_read)> <Delay = 0.67> <CoreInst = "RAM_2P_LUTRAM">   --->   Core 92 'RAM_2P_LUTRAM' <Latency = 1> <II = 1> <Delay = 0.67> <Storage> <Opcode : 'load' 'store'> <Ports = 2> <Width = 32> <Depth = 21> <RAM>
ST_2 : Operation 37 [1/1] (0.00ns)   --->   "%trunc_ln2 = partselect i31 @_ssdm_op_PartSelect.i31.i32.i32.i32, i32 %y_x_5_load, i32 1, i32 31" [../src/riccati_solver_hls.cpp:1515->../src/mpc_riccati_hls.cpp:649]   --->   Operation 37 'partselect' 'trunc_ln2' <Predicate = (!icmp_ln1511 & scale_rho_up_read)> <Delay = 0.00>
ST_2 : Operation 38 [1/1] (0.00ns)   --->   "%sext_ln1515 = sext i31 %trunc_ln2" [../src/riccati_solver_hls.cpp:1515->../src/mpc_riccati_hls.cpp:649]   --->   Operation 38 'sext' 'sext_ln1515' <Predicate = (!icmp_ln1511 & scale_rho_up_read)> <Delay = 0.00>
ST_2 : Operation 39 [1/1] (0.00ns)   --->   "%storemerge376 = phi i32 %shl_ln1518, void %if.else696.i, i32 %sext_ln1515, void %if.then687.i" [../src/riccati_solver_hls.cpp:1518->../src/mpc_riccati_hls.cpp:649]   --->   Operation 39 'phi' 'storemerge376' <Predicate = true> <Delay = 0.00>
ST_2 : Operation 40 [1/1] ( I:0.67ns O:0.67ns )   --->   "%store_ln1518 = store i32 %storemerge376, i5 %y_x_5_addr" [../src/riccati_solver_hls.cpp:1518->../src/mpc_riccati_hls.cpp:649]   --->   Operation 40 'store' 'store_ln1518' <Predicate = true> <Delay = 0.67> <CoreInst = "RAM_2P_LUTRAM">   --->   Core 92 'RAM_2P_LUTRAM' <Latency = 1> <II = 1> <Delay = 0.67> <Storage> <Opcode : 'load' 'store'> <Ports = 2> <Width = 32> <Depth = 21> <RAM>
ST_2 : Operation 41 [1/1] (0.00ns)   --->   "%br_ln1511 = br void %for.body686.i" [../src/riccati_solver_hls.cpp:1511->../src/mpc_riccati_hls.cpp:649]   --->   Operation 41 'br' 'br_ln1511' <Predicate = true> <Delay = 0.00>


============================================================
+ Verbose Summary: Timing violations
============================================================
Target clock period: 5.000ns, clock uncertainty: 0.500ns.

 <State 1>: 1.643ns
The critical path consists of the following:
	'store' operation ('store_ln1170', ../src/riccati_solver_hls.cpp:1170->../src/mpc_riccati_hls.cpp:649) of constant 0 5 bit on local variable 'k', ../src/riccati_solver_hls.cpp:1170->../src/mpc_riccati_hls.cpp:649 [8]  (0.427 ns)
	'load' operation 5 bit ('k', ../src/riccati_solver_hls.cpp:1511->../src/mpc_riccati_hls.cpp:649) on local variable 'k', ../src/riccati_solver_hls.cpp:1170->../src/mpc_riccati_hls.cpp:649 [11]  (0.000 ns)
	'icmp' operation 1 bit ('icmp_ln1511', ../src/riccati_solver_hls.cpp:1511->../src/mpc_riccati_hls.cpp:649) [12]  (0.789 ns)
	'store' operation ('store_ln1170', ../src/riccati_solver_hls.cpp:1170->../src/mpc_riccati_hls.cpp:649) of variable 'add_ln1511', ../src/riccati_solver_hls.cpp:1511->../src/mpc_riccati_hls.cpp:649 5 bit on local variable 'k', ../src/riccati_solver_hls.cpp:1170->../src/mpc_riccati_hls.cpp:649 [41]  (0.427 ns)

 <State 2>: 1.354ns
The critical path consists of the following:
	'load' operation 32 bit ('y_x_load', ../src/riccati_solver_hls.cpp:1514->../src/mpc_riccati_hls.cpp:649) on array 'y_x' [22]  (0.677 ns)
	'shl' operation 32 bit ('shl_ln1517', ../src/riccati_solver_hls.cpp:1517->../src/mpc_riccati_hls.cpp:649) [25]  (0.000 ns)
	'store' operation ('store_ln1517', ../src/riccati_solver_hls.cpp:1517->../src/mpc_riccati_hls.cpp:649) of variable 'shl_ln1517', ../src/riccati_solver_hls.cpp:1517->../src/mpc_riccati_hls.cpp:649 32 bit on array 'y_x' [26]  (0.677 ns)


============================================================
+ Verbose Summary: Binding
============================================================
N/A
* FSMD analyzer results:
  - Output states:
 - Input state : 
  - Chain level:
	State 1
	State 2


============================================================
+ Verbose Summary: Datapath Resource usage 
============================================================
N/A
