

================================================================
== Vitis HLS Report for 'mpc_compute_hls_Pipeline_VITIS_LOOP_1301_14'
================================================================
* Date:           Thu Jun 11 16:07:07 2026

* Version:        2025.2 (Build 6295257 on Nov 14 2025)
* Project:        mpc_fpga_top_opencl
* Solution:       hls (Vitis Kernel Flow Target)
* Product family: zynquplus
* Target device:  xck26-sfvc784-2LV-c


================================================================
== Performance Estimates
================================================================
+ Timing: 
    * Summary: 
    +--------+---------+----------+------------+
    |  Clock |  Target | Estimated| Uncertainty|
    +--------+---------+----------+------------+
    |ap_clk  |  5.00 ns|  3.945 ns|     0.50 ns|
    +--------+---------+----------+------------+

+ Latency: 
    * Summary: 
    +---------+---------+----------+----------+-----+-----+-------------------+
    |  Latency (cycles) |  Latency (absolute) |  Interval |      Pipeline     |
    |   min   |   max   |    min   |    max   | min | max |        Type       |
    +---------+---------+----------+----------+-----+-----+-------------------+
    |       22|       22|  0.110 us|  0.110 us|    0|    0|  loop pipeline stp|
    +---------+---------+----------+----------+-----+-----+-------------------+

    + Detail: 
        * Instance: 
        N/A

        * Loop: 
        +----------------------+---------+---------+----------+-----------+-----------+------+----------+
        |                      |  Latency (cycles) | Iteration|  Initiation Interval  | Trip |          |
        |       Loop Name      |   min   |   max   |  Latency |  achieved |   target  | Count| Pipelined|
        +----------------------+---------+---------+----------+-----------+-----------+------+----------+
        |- VITIS_LOOP_1301_14  |       20|       20|         2|          1|          1|    20|       yes|
        +----------------------+---------+---------+----------+-----------+-----------+------+----------+



================================================================
== Utilization Estimates
================================================================
* Summary: 
+-----------------+---------+------+--------+--------+-----+
|       Name      | BRAM_18K|  DSP |   FF   |   LUT  | URAM|
+-----------------+---------+------+--------+--------+-----+
|DSP              |        -|     -|       -|       -|    -|
|Expression       |        -|     -|       0|     252|    -|
|FIFO             |        -|     -|       -|       -|    -|
|Instance         |        -|     -|       -|       -|    -|
|Memory           |        -|     -|       -|       -|    -|
|Multiplexer      |        -|     -|       0|      36|    -|
|Register         |        -|     -|      13|       -|    -|
+-----------------+---------+------+--------+--------+-----+
|Total            |        0|     0|      13|     288|    0|
+-----------------+---------+------+--------+--------+-----+
|Available        |      288|  1248|  234240|  117120|   64|
+-----------------+---------+------+--------+--------+-----+
|Utilization (%)  |        0|     0|      ~0|      ~0|    0|
+-----------------+---------+------+--------+--------+-----+

+ Detail: 
    * Instance: 
    N/A

    * DSP: 
    N/A

    * Memory: 
    N/A

    * FIFO: 
    N/A

    * Expression: 
    +-------------------------+----------+----+---+----+------------+------------+
    |      Variable Name      | Operation| DSP| FF| LUT| Bitwidth P0| Bitwidth P1|
    +-------------------------+----------+----+---+----+------------+------------+
    |add_ln1301_fu_137_p2     |         +|   0|  0|  12|           5|           1|
    |icmp_ln1301_fu_131_p2    |      icmp|   0|  0|  12|           5|           5|
    |icmp_ln1311_1_fu_192_p2  |      icmp|   0|  0|  33|          26|          19|
    |icmp_ln1311_fu_155_p2    |      icmp|   0|  0|  33|          26|          17|
    |icmp_ln1313_1_fu_206_p2  |      icmp|   0|  0|  33|          26|          26|
    |icmp_ln1313_fu_173_p2    |      icmp|   0|  0|  33|          26|          16|
    |val_15_fu_161_p3         |    select|   0|  0|  26|           1|          17|
    |val_16_fu_179_p3         |    select|   0|  0|  16|           1|          16|
    |val_18_fu_198_p3         |    select|   0|  0|  26|           1|          19|
    |val_19_fu_212_p3         |    select|   0|  0|  26|           1|          26|
    |ap_enable_pp0            |       xor|   0|  0|   2|           1|           2|
    +-------------------------+----------+----+---+----+------------+------------+
    |Total                    |          |   0|  0| 252|         119|         164|
    +-------------------------+----------+----+---+----+------------+------------+

    * Multiplexer: 
    +-------------------------+----+-----------+-----+-----------+
    |           Name          | LUT| Input Size| Bits| Total Bits|
    +-------------------------+----+-----------+-----+-----------+
    |ap_done_int              |   9|          2|    1|          2|
    |ap_enable_reg_pp0_iter1  |   9|          2|    1|          2|
    |ap_sig_allocacmp_k       |   9|          2|    5|         10|
    |k_10_fu_54               |   9|          2|    5|         10|
    +-------------------------+----+-----------+-----+-----------+
    |Total                    |  36|          8|   12|         24|
    +-------------------------+----+-----------+-----+-----------+

    * Register: 
    +-------------------------+---+----+-----+-----------+
    |           Name          | FF| LUT| Bits| Const Bits|
    +-------------------------+---+----+-----+-----------+
    |ap_CS_fsm                |  1|   0|    1|          0|
    |ap_done_reg              |  1|   0|    1|          0|
    |ap_enable_reg_pp0_iter1  |  1|   0|    1|          0|
    |k_10_fu_54               |  5|   0|    5|          0|
    |zext_ln1301_reg_231      |  5|   0|   64|         59|
    +-------------------------+---+----+-----+-----------+
    |Total                    | 13|   0|   72|         59|
    +-------------------------+---+----+-----+-----------+



================================================================
== Interface
================================================================
* Summary: 
+----------------------+-----+-----+------------+---------------------------------------------+--------------+
|       RTL Ports      | Dir | Bits|  Protocol  |                Source Object                |    C Type    |
+----------------------+-----+-----+------------+---------------------------------------------+--------------+
|ap_clk                |   in|    1|  ap_ctrl_hs|  mpc_compute_hls_Pipeline_VITIS_LOOP_1301_14|  return value|
|ap_rst                |   in|    1|  ap_ctrl_hs|  mpc_compute_hls_Pipeline_VITIS_LOOP_1301_14|  return value|
|ap_start              |   in|    1|  ap_ctrl_hs|  mpc_compute_hls_Pipeline_VITIS_LOOP_1301_14|  return value|
|ap_done               |  out|    1|  ap_ctrl_hs|  mpc_compute_hls_Pipeline_VITIS_LOOP_1301_14|  return value|
|ap_idle               |  out|    1|  ap_ctrl_hs|  mpc_compute_hls_Pipeline_VITIS_LOOP_1301_14|  return value|
|ap_ready              |  out|    1|  ap_ctrl_hs|  mpc_compute_hls_Pipeline_VITIS_LOOP_1301_14|  return value|
|z_u_1_address0        |  out|    5|   ap_memory|                                        z_u_1|         array|
|z_u_1_ce0             |  out|    1|   ap_memory|                                        z_u_1|         array|
|z_u_1_we0             |  out|    1|   ap_memory|                                        z_u_1|         array|
|z_u_1_d0              |  out|   26|   ap_memory|                                        z_u_1|         array|
|z_u_address0          |  out|    5|   ap_memory|                                          z_u|         array|
|z_u_ce0               |  out|    1|   ap_memory|                                          z_u|         array|
|z_u_we0               |  out|    1|   ap_memory|                                          z_u|         array|
|z_u_d0                |  out|   26|   ap_memory|                                          z_u|         array|
|step_data_5_address0  |  out|    5|   ap_memory|                                  step_data_5|         array|
|step_data_5_ce0       |  out|    1|   ap_memory|                                  step_data_5|         array|
|step_data_5_q0        |   in|   26|   ap_memory|                                  step_data_5|         array|
|sol_u_address0        |  out|    5|   ap_memory|                                        sol_u|         array|
|sol_u_ce0             |  out|    1|   ap_memory|                                        sol_u|         array|
|sol_u_q0              |   in|   26|   ap_memory|                                        sol_u|         array|
|sol_u_1_address0      |  out|    5|   ap_memory|                                      sol_u_1|         array|
|sol_u_1_ce0           |  out|    1|   ap_memory|                                      sol_u_1|         array|
|sol_u_1_q0            |   in|   26|   ap_memory|                                      sol_u_1|         array|
+----------------------+-----+-----+------------+---------------------------------------------+--------------+

============================================================
+ Verbose Summary: Synthesis Manager
============================================================
InlineROM: 1
ExposeGlobal: 0
============================================================
+ Verbose Summary: CDFG Model
============================================================
IsTopModel: 0
ResetActiveHigh: 1
IsCombinational: 2
IsDatapathOnly: 2
HasWiredReturn: 1
HasMFsm: 2
HasVarLatency: 1
IsPipeline: 0
IsRtlPipelined: 0
IsInstanceOverlapped: 0
IsDontTouch: 0
HasImplIP: 0
IsGatedGlobalClock: 0

+ Individual pipeline summary: 
  * Pipeline-0: initiation interval (II) = 1, depth = 2


============================================================
+ Verbose Summary: Schedule
============================================================
* Number of FSM states : 2
* Pipeline : 1
  Pipeline-0 : II = 1, D = 2, States = { 1 2 }
* Dataflow Pipeline: 0

* FSM state transitions: 
1 --> 2 
2 --> 

* FSM state operations: 

State 1 <SV = 0> <Delay = 1.66>
ST_1 : Operation 5 [1/1] (0.00ns)   --->   "%k_10 = alloca i32 1" [../src/riccati_solver_hls.cpp:1189->../src/mpc_riccati_hls.cpp:647]   --->   Operation 5 'alloca' 'k_10' <Predicate = true> <Delay = 0.00>
ST_1 : Operation 6 [1/1] (0.00ns)   --->   "%specmemcore_ln0 = specmemcore void @_ssdm_op_SpecMemCore, i26 %step_data_5, i64 666, i64 22, i64 1, i1 0"   --->   Operation 6 'specmemcore' 'specmemcore_ln0' <Predicate = true> <Delay = 0.00>
ST_1 : Operation 7 [1/1] (0.42ns)   --->   "%store_ln1189 = store i5 0, i5 %k_10" [../src/riccati_solver_hls.cpp:1189->../src/mpc_riccati_hls.cpp:647]   --->   Operation 7 'store' 'store_ln1189' <Predicate = true> <Delay = 0.42>
ST_1 : Operation 8 [1/1] (0.00ns)   --->   "%br_ln0 = br void %for.body278.i"   --->   Operation 8 'br' 'br_ln0' <Predicate = true> <Delay = 0.00>
ST_1 : Operation 9 [1/1] (0.00ns)   --->   "%k = load i5 %k_10" [../src/riccati_solver_hls.cpp:1301->../src/mpc_riccati_hls.cpp:647]   --->   Operation 9 'load' 'k' <Predicate = true> <Delay = 0.00>
ST_1 : Operation 10 [1/1] (0.78ns)   --->   "%icmp_ln1301 = icmp_eq  i5 %k, i5 20" [../src/riccati_solver_hls.cpp:1301->../src/mpc_riccati_hls.cpp:647]   --->   Operation 10 'icmp' 'icmp_ln1301' <Predicate = true> <Delay = 0.78> <CoreInst = "Cmp">   --->   Core 9 'Cmp' <Latency = 0> <II = 1> <Delay = 0.78> <FuncUnit> <Opcode : 'seteq' 'setne' 'setle' 'setge' 'setlt' 'setgt'> <InPorts = 2> <OutPorts = 1>
ST_1 : Operation 11 [1/1] (0.78ns)   --->   "%add_ln1301 = add i5 %k, i5 1" [../src/riccati_solver_hls.cpp:1301->../src/mpc_riccati_hls.cpp:647]   --->   Operation 11 'add' 'add_ln1301' <Predicate = true> <Delay = 0.78> <CoreInst = "Adder">   --->   Core 1 'Adder' <Latency = 0> <II = 1> <Delay = 0.78> <FuncUnit> <Opcode : 'add' 'sub'> <InPorts = 2> <OutPorts = 1>
ST_1 : Operation 12 [1/1] (0.00ns)   --->   "%br_ln1301 = br i1 %icmp_ln1301, void %for.body278.i.split, void %for.body316.i.preheader.exitStub" [../src/riccati_solver_hls.cpp:1301->../src/mpc_riccati_hls.cpp:647]   --->   Operation 12 'br' 'br_ln1301' <Predicate = true> <Delay = 0.00>
ST_1 : Operation 13 [1/1] (0.00ns)   --->   "%zext_ln1301 = zext i5 %k" [../src/riccati_solver_hls.cpp:1301->../src/mpc_riccati_hls.cpp:647]   --->   Operation 13 'zext' 'zext_ln1301' <Predicate = (!icmp_ln1301)> <Delay = 0.00>
ST_1 : Operation 14 [1/1] (0.00ns)   --->   "%step_data_5_addr = getelementptr i26 %step_data_5, i64 0, i64 %zext_ln1301" [../src/riccati_solver_hls.cpp:131->../src/riccati_solver_hls.cpp:1306->../src/mpc_riccati_hls.cpp:647]   --->   Operation 14 'getelementptr' 'step_data_5_addr' <Predicate = (!icmp_ln1301)> <Delay = 0.00>
ST_1 : Operation 15 [2/2] (1.23ns)   --->   "%ub = load i5 %step_data_5_addr" [../src/riccati_solver_hls.cpp:131->../src/riccati_solver_hls.cpp:1306->../src/mpc_riccati_hls.cpp:647]   --->   Operation 15 'load' 'ub' <Predicate = (!icmp_ln1301)> <Delay = 1.23> <CoreInst = "RAM_2P_BRAM">   --->   Core 93 'RAM_2P_BRAM' <Latency = 1> <II = 1> <Delay = 1.23> <Storage> <Opcode : 'load' 'store'> <Ports = 2> <Width = 26> <Depth = 20> <RAM>
ST_1 : Operation 16 [1/1] (0.00ns)   --->   "%sol_u_addr = getelementptr i26 %sol_u, i64 0, i64 %zext_ln1301" [../src/riccati_solver_hls.cpp:1304->../src/mpc_riccati_hls.cpp:647]   --->   Operation 16 'getelementptr' 'sol_u_addr' <Predicate = (!icmp_ln1301)> <Delay = 0.00>
ST_1 : Operation 17 [2/2] (0.67ns)   --->   "%val = load i5 %sol_u_addr" [../src/riccati_solver_hls.cpp:1304->../src/mpc_riccati_hls.cpp:647]   --->   Operation 17 'load' 'val' <Predicate = (!icmp_ln1301)> <Delay = 0.67> <CoreInst = "RAM">   --->   Core 82 'RAM' <Latency = 1> <II = 1> <Delay = 0.67> <Storage> <Opcode : 'load' 'store'> <Ports = 2> <Width = 26> <Depth = 20> <RAM>
ST_1 : Operation 18 [1/1] (0.00ns)   --->   "%sol_u_1_addr = getelementptr i26 %sol_u_1, i64 0, i64 %zext_ln1301" [../src/riccati_solver_hls.cpp:1304->../src/mpc_riccati_hls.cpp:647]   --->   Operation 18 'getelementptr' 'sol_u_1_addr' <Predicate = (!icmp_ln1301)> <Delay = 0.00>
ST_1 : Operation 19 [2/2] (0.67ns)   --->   "%val_17 = load i5 %sol_u_1_addr" [../src/riccati_solver_hls.cpp:1304->../src/mpc_riccati_hls.cpp:647]   --->   Operation 19 'load' 'val_17' <Predicate = (!icmp_ln1301)> <Delay = 0.67> <CoreInst = "RAM">   --->   Core 82 'RAM' <Latency = 1> <II = 1> <Delay = 0.67> <Storage> <Opcode : 'load' 'store'> <Ports = 2> <Width = 26> <Depth = 20> <RAM>
ST_1 : Operation 20 [1/1] (0.42ns)   --->   "%store_ln1189 = store i5 %add_ln1301, i5 %k_10" [../src/riccati_solver_hls.cpp:1189->../src/mpc_riccati_hls.cpp:647]   --->   Operation 20 'store' 'store_ln1189' <Predicate = (!icmp_ln1301)> <Delay = 0.42>
ST_1 : Operation 42 [1/1] (0.42ns)   --->   "%ret_ln0 = ret"   --->   Operation 42 'ret' 'ret_ln0' <Predicate = (icmp_ln1301)> <Delay = 0.42>

State 2 <SV = 1> <Delay = 3.94>
ST_2 : Operation 21 [1/1] (0.00ns)   --->   "%specpipeline_ln1189 = specpipeline void @_ssdm_op_SpecPipeline, i32 4294967295, i32 0, i32 0, i32 0, i32 4294967295, void @empty_524" [../src/riccati_solver_hls.cpp:1189->../src/mpc_riccati_hls.cpp:647]   --->   Operation 21 'specpipeline' 'specpipeline_ln1189' <Predicate = true> <Delay = 0.00>
ST_2 : Operation 22 [1/1] (0.00ns)   --->   "%speclooptripcount_ln1189 = speclooptripcount void @_ssdm_op_SpecLoopTripCount, i64 20, i64 20, i64 20" [../src/riccati_solver_hls.cpp:1189->../src/mpc_riccati_hls.cpp:647]   --->   Operation 22 'speclooptripcount' 'speclooptripcount_ln1189' <Predicate = true> <Delay = 0.00>
ST_2 : Operation 23 [1/1] (0.00ns)   --->   "%specloopname_ln1301 = specloopname void @_ssdm_op_SpecLoopName, void @empty_550" [../src/riccati_solver_hls.cpp:1301->../src/mpc_riccati_hls.cpp:647]   --->   Operation 23 'specloopname' 'specloopname_ln1301' <Predicate = true> <Delay = 0.00>
ST_2 : Operation 24 [1/2] ( I:1.23ns O:1.23ns )   --->   "%ub = load i5 %step_data_5_addr" [../src/riccati_solver_hls.cpp:131->../src/riccati_solver_hls.cpp:1306->../src/mpc_riccati_hls.cpp:647]   --->   Operation 24 'load' 'ub' <Predicate = true> <Delay = 1.23> <CoreInst = "RAM_2P_BRAM">   --->   Core 93 'RAM_2P_BRAM' <Latency = 1> <II = 1> <Delay = 1.23> <Storage> <Opcode : 'load' 'store'> <Ports = 2> <Width = 26> <Depth = 20> <RAM>
ST_2 : Operation 25 [1/2] ( I:0.67ns O:0.67ns )   --->   "%val = load i5 %sol_u_addr" [../src/riccati_solver_hls.cpp:1304->../src/mpc_riccati_hls.cpp:647]   --->   Operation 25 'load' 'val' <Predicate = true> <Delay = 0.67> <CoreInst = "RAM">   --->   Core 82 'RAM' <Latency = 1> <II = 1> <Delay = 0.67> <Storage> <Opcode : 'load' 'store'> <Ports = 2> <Width = 26> <Depth = 20> <RAM>
ST_2 : Operation 26 [1/1] (0.95ns)   --->   "%icmp_ln1311 = icmp_slt  i26 %val, i26 67062186" [../src/riccati_solver_hls.cpp:1311->../src/mpc_riccati_hls.cpp:647]   --->   Operation 26 'icmp' 'icmp_ln1311' <Predicate = true> <Delay = 0.95> <CoreInst = "Cmp">   --->   Core 9 'Cmp' <Latency = 0> <II = 1> <Delay = 0.95> <FuncUnit> <Opcode : 'seteq' 'setne' 'setle' 'setge' 'setlt' 'setgt'> <InPorts = 2> <OutPorts = 1>
ST_2 : Operation 27 [1/1] (0.32ns)   --->   "%val_15 = select i1 %icmp_ln1311, i26 67062186, i26 %val" [../src/riccati_solver_hls.cpp:1311->../src/mpc_riccati_hls.cpp:647]   --->   Operation 27 'select' 'val_15' <Predicate = true> <Delay = 0.32> <CoreInst = "Sel">   --->   Core 73 'Sel' <Latency = 0> <II = 1> <Delay = 0.32> <FuncUnit> <Opcode : 'select'> <InPorts = 3> <OutPorts = 1>
ST_2 : Operation 28 [1/1] (0.00ns)   --->   "%trunc_ln1304 = trunc i26 %val_15" [../src/riccati_solver_hls.cpp:1304->../src/mpc_riccati_hls.cpp:647]   --->   Operation 28 'trunc' 'trunc_ln1304' <Predicate = true> <Delay = 0.00>
ST_2 : Operation 29 [1/1] (0.95ns)   --->   "%icmp_ln1313 = icmp_sgt  i26 %val_15, i26 46678" [../src/riccati_solver_hls.cpp:1313->../src/mpc_riccati_hls.cpp:647]   --->   Operation 29 'icmp' 'icmp_ln1313' <Predicate = true> <Delay = 0.95> <CoreInst = "Cmp">   --->   Core 9 'Cmp' <Latency = 0> <II = 1> <Delay = 0.95> <FuncUnit> <Opcode : 'seteq' 'setne' 'setle' 'setge' 'setlt' 'setgt'> <InPorts = 2> <OutPorts = 1>
ST_2 : Operation 30 [1/1] (0.35ns)   --->   "%val_16 = select i1 %icmp_ln1313, i17 46678, i17 %trunc_ln1304" [../src/riccati_solver_hls.cpp:1313->../src/mpc_riccati_hls.cpp:647]   --->   Operation 30 'select' 'val_16' <Predicate = true> <Delay = 0.35> <CoreInst = "Sel">   --->   Core 73 'Sel' <Latency = 0> <II = 1> <Delay = 0.35> <FuncUnit> <Opcode : 'select'> <InPorts = 3> <OutPorts = 1>
ST_2 : Operation 31 [1/1] (0.00ns)   --->   "%sext_ln1304 = sext i17 %val_16" [../src/riccati_solver_hls.cpp:1304->../src/mpc_riccati_hls.cpp:647]   --->   Operation 31 'sext' 'sext_ln1304' <Predicate = true> <Delay = 0.00>
ST_2 : Operation 32 [1/1] (0.00ns)   --->   "%z_u_addr = getelementptr i26 %z_u, i64 0, i64 %zext_ln1301" [../src/riccati_solver_hls.cpp:1315->../src/mpc_riccati_hls.cpp:647]   --->   Operation 32 'getelementptr' 'z_u_addr' <Predicate = true> <Delay = 0.00>
ST_2 : Operation 33 [1/2] ( I:0.67ns O:0.67ns )   --->   "%val_17 = load i5 %sol_u_1_addr" [../src/riccati_solver_hls.cpp:1304->../src/mpc_riccati_hls.cpp:647]   --->   Operation 33 'load' 'val_17' <Predicate = true> <Delay = 0.67> <CoreInst = "RAM">   --->   Core 82 'RAM' <Latency = 1> <II = 1> <Delay = 0.67> <Storage> <Opcode : 'load' 'store'> <Ports = 2> <Width = 26> <Depth = 20> <RAM>
ST_2 : Operation 34 [1/1] (0.95ns)   --->   "%icmp_ln1311_1 = icmp_slt  i26 %val_17, i26 66946852" [../src/riccati_solver_hls.cpp:1311->../src/mpc_riccati_hls.cpp:647]   --->   Operation 34 'icmp' 'icmp_ln1311_1' <Predicate = true> <Delay = 0.95> <CoreInst = "Cmp">   --->   Core 9 'Cmp' <Latency = 0> <II = 1> <Delay = 0.95> <FuncUnit> <Opcode : 'seteq' 'setne' 'setle' 'setge' 'setlt' 'setgt'> <InPorts = 2> <OutPorts = 1>
ST_2 : Operation 35 [1/1] (0.32ns)   --->   "%val_18 = select i1 %icmp_ln1311_1, i26 66946852, i26 %val_17" [../src/riccati_solver_hls.cpp:1311->../src/mpc_riccati_hls.cpp:647]   --->   Operation 35 'select' 'val_18' <Predicate = true> <Delay = 0.32> <CoreInst = "Sel">   --->   Core 73 'Sel' <Latency = 0> <II = 1> <Delay = 0.32> <FuncUnit> <Opcode : 'select'> <InPorts = 3> <OutPorts = 1>
ST_2 : Operation 36 [1/1] (0.95ns)   --->   "%icmp_ln1313_1 = icmp_sgt  i26 %val_18, i26 %ub" [../src/riccati_solver_hls.cpp:1313->../src/mpc_riccati_hls.cpp:647]   --->   Operation 36 'icmp' 'icmp_ln1313_1' <Predicate = true> <Delay = 0.95> <CoreInst = "Cmp">   --->   Core 9 'Cmp' <Latency = 0> <II = 1> <Delay = 0.95> <FuncUnit> <Opcode : 'seteq' 'setne' 'setle' 'setge' 'setlt' 'setgt'> <InPorts = 2> <OutPorts = 1>
ST_2 : Operation 37 [1/1] (0.32ns)   --->   "%val_19 = select i1 %icmp_ln1313_1, i26 %ub, i26 %val_18" [../src/riccati_solver_hls.cpp:1313->../src/mpc_riccati_hls.cpp:647]   --->   Operation 37 'select' 'val_19' <Predicate = true> <Delay = 0.32> <CoreInst = "Sel">   --->   Core 73 'Sel' <Latency = 0> <II = 1> <Delay = 0.32> <FuncUnit> <Opcode : 'select'> <InPorts = 3> <OutPorts = 1>
ST_2 : Operation 38 [1/1] (0.00ns)   --->   "%z_u_1_addr = getelementptr i26 %z_u_1, i64 0, i64 %zext_ln1301" [../src/riccati_solver_hls.cpp:1315->../src/mpc_riccati_hls.cpp:647]   --->   Operation 38 'getelementptr' 'z_u_1_addr' <Predicate = true> <Delay = 0.00>
ST_2 : Operation 39 [1/1] ( I:0.67ns O:0.67ns )   --->   "%store_ln1315 = store i26 %sext_ln1304, i5 %z_u_addr" [../src/riccati_solver_hls.cpp:1315->../src/mpc_riccati_hls.cpp:647]   --->   Operation 39 'store' 'store_ln1315' <Predicate = true> <Delay = 0.67> <CoreInst = "RAM">   --->   Core 82 'RAM' <Latency = 1> <II = 1> <Delay = 0.67> <Storage> <Opcode : 'load' 'store'> <Ports = 2> <Width = 26> <Depth = 20> <RAM>
ST_2 : Operation 40 [1/1] ( I:0.67ns O:0.67ns )   --->   "%store_ln1315 = store i26 %val_19, i5 %z_u_1_addr" [../src/riccati_solver_hls.cpp:1315->../src/mpc_riccati_hls.cpp:647]   --->   Operation 40 'store' 'store_ln1315' <Predicate = true> <Delay = 0.67> <CoreInst = "RAM">   --->   Core 82 'RAM' <Latency = 1> <II = 1> <Delay = 0.67> <Storage> <Opcode : 'load' 'store'> <Ports = 2> <Width = 26> <Depth = 20> <RAM>
ST_2 : Operation 41 [1/1] (0.00ns)   --->   "%br_ln1301 = br void %for.body278.i" [../src/riccati_solver_hls.cpp:1301->../src/mpc_riccati_hls.cpp:647]   --->   Operation 41 'br' 'br_ln1301' <Predicate = true> <Delay = 0.00>


============================================================
+ Verbose Summary: Binding
============================================================
STG Binding: 
---------------- STG Properties BEGIN ----------------
- Is combinational: 0
- Is one-state seq: 0
- Is datapath-only: 0
- Is pipelined: 0
- Is top level: 0
Port [ Return ] is wired: 1; IO mode=ap_ctrl_hs:ce=0
Port [ z_u_1]:  wired=1; compound=1; hidden=0; nouse=0; global=0; static=0; extern=0; dir=1; type=1; pingpong=0; private_global=0; MemPort=[03]; IO mode=ap_memory:ce=0
Port [ z_u]:  wired=1; compound=1; hidden=0; nouse=0; global=0; static=0; extern=0; dir=1; type=1; pingpong=0; private_global=0; MemPort=[03]; IO mode=ap_memory:ce=0
Port [ step_data_5]:  wired=1; compound=1; hidden=0; nouse=0; global=0; static=0; extern=0; dir=0; type=1; pingpong=0; private_global=0; MemPort=[13]; IO mode=ap_memory:ce=0
Port [ sol_u]:  wired=1; compound=1; hidden=0; nouse=0; global=0; static=0; extern=0; dir=0; type=1; pingpong=0; private_global=0; MemPort=[13]; IO mode=ap_memory:ce=0
Port [ sol_u_1]:  wired=1; compound=1; hidden=0; nouse=0; global=0; static=0; extern=0; dir=0; type=1; pingpong=0; private_global=0; MemPort=[13]; IO mode=ap_memory:ce=0
---------------- STG Properties END ------------------

---------------- Datapath Model BEGIN ----------------

<LifeTime>
<method=bitvector/>
k_10                     (alloca           ) [ 010]
specmemcore_ln0          (specmemcore      ) [ 000]
store_ln1189             (store            ) [ 000]
br_ln0                   (br               ) [ 000]
k                        (load             ) [ 000]
icmp_ln1301              (icmp             ) [ 010]
add_ln1301               (add              ) [ 000]
br_ln1301                (br               ) [ 000]
zext_ln1301              (zext             ) [ 011]
step_data_5_addr         (getelementptr    ) [ 011]
sol_u_addr               (getelementptr    ) [ 011]
sol_u_1_addr             (getelementptr    ) [ 011]
store_ln1189             (store            ) [ 000]
specpipeline_ln1189      (specpipeline     ) [ 000]
speclooptripcount_ln1189 (speclooptripcount) [ 000]
specloopname_ln1301      (specloopname     ) [ 000]
ub                       (load             ) [ 000]
val                      (load             ) [ 000]
icmp_ln1311              (icmp             ) [ 000]
val_15                   (select           ) [ 000]
trunc_ln1304             (trunc            ) [ 000]
icmp_ln1313              (icmp             ) [ 000]
val_16                   (select           ) [ 000]
sext_ln1304              (sext             ) [ 000]
z_u_addr                 (getelementptr    ) [ 000]
val_17                   (load             ) [ 000]
icmp_ln1311_1            (icmp             ) [ 000]
val_18                   (select           ) [ 000]
icmp_ln1313_1            (icmp             ) [ 000]
val_19                   (select           ) [ 000]
z_u_1_addr               (getelementptr    ) [ 000]
store_ln1315             (store            ) [ 000]
store_ln1315             (store            ) [ 000]
br_ln1301                (br               ) [ 000]
ret_ln0                  (ret              ) [ 000]
</LifeTime>

<model>

<comp_list>
<comp id="0" class="1000" name="z_u_1">
<pin_list>
<pin id="1" dir="1" index="0" bw="1" slack="0"/>
</pin_list>
<bind>
<StgValue><ssdm name="z_u_1"/><MemPortTyVec>0 3 </MemPortTyVec>
</StgValue>
</bind>
</comp>

<comp id="2" class="1000" name="z_u">
<pin_list>
<pin id="3" dir="1" index="0" bw="1" slack="0"/>
</pin_list>
<bind>
<StgValue><ssdm name="z_u"/><MemPortTyVec>0 3 </MemPortTyVec>
</StgValue>
</bind>
</comp>

<comp id="4" class="1000" name="step_data_5">
<pin_list>
<pin id="5" dir="1" index="0" bw="1" slack="0"/>
</pin_list>
<bind>
<StgValue><ssdm name="step_data_5"/><MemPortTyVec>1 3 </MemPortTyVec>
</StgValue>
</bind>
</comp>

<comp id="6" class="1000" name="sol_u">
<pin_list>
<pin id="7" dir="1" index="0" bw="1" slack="0"/>
</pin_list>
<bind>
<StgValue><ssdm name="sol_u"/><MemPortTyVec>1 3 </MemPortTyVec>
</StgValue>
</bind>
</comp>

<comp id="8" class="1000" name="sol_u_1">
<pin_list>
<pin id="9" dir="1" index="0" bw="1" slack="0"/>
</pin_list>
<bind>
<StgValue><ssdm name="sol_u_1"/><MemPortTyVec>1 3 </MemPortTyVec>
</StgValue>
</bind>
</comp>

<comp id="10" class="1001" name="const_10">
<pin_list>
<pin id="11" dir="1" index="0" bw="1" slack="0"/>
</pin_list>
<bind>
<StgValue><ssdm name=""/></StgValue>
</bind>
</comp>

<comp id="12" class="1001" name="const_12">
<pin_list>
<pin id="13" dir="1" index="0" bw="1" slack="2147483647"/>
</pin_list>
<bind>
<StgValue><ssdm name="_ssdm_op_SpecMemCore"/></StgValue>
</bind>
</comp>

<comp id="14" class="1001" name="const_14">
<pin_list>
<pin id="15" dir="1" index="0" bw="1" slack="2147483647"/>
</pin_list>
<bind>
<StgValue><ssdm name=""/></StgValue>
</bind>
</comp>

<comp id="16" class="1001" name="const_16">
<pin_list>
<pin id="17" dir="1" index="0" bw="1" slack="2147483647"/>
</pin_list>
<bind>
<StgValue><ssdm name=""/></StgValue>
</bind>
</comp>

<comp id="18" class="1001" name="const_18">
<pin_list>
<pin id="19" dir="1" index="0" bw="1" slack="2147483647"/>
</pin_list>
<bind>
<StgValue><ssdm name=""/></StgValue>
</bind>
</comp>

<comp id="20" class="1001" name="const_20">
<pin_list>
<pin id="21" dir="1" index="0" bw="1" slack="2147483647"/>
</pin_list>
<bind>
<StgValue><ssdm name=""/></StgValue>
</bind>
</comp>

<comp id="22" class="1001" name="const_22">
<pin_list>
<pin id="23" dir="1" index="0" bw="1" slack="0"/>
</pin_list>
<bind>
<StgValue><ssdm name=""/></StgValue>
</bind>
</comp>

<comp id="24" class="1001" name="const_24">
<pin_list>
<pin id="25" dir="1" index="0" bw="1" slack="0"/>
</pin_list>
<bind>
<StgValue><ssdm name=""/></StgValue>
</bind>
</comp>

<comp id="26" class="1001" name="const_26">
<pin_list>
<pin id="27" dir="1" index="0" bw="1" slack="0"/>
</pin_list>
<bind>
<StgValue><ssdm name=""/></StgValue>
</bind>
</comp>

<comp id="28" class="1001" name="const_28">
<pin_list>
<pin id="29" dir="1" index="0" bw="1" slack="0"/>
</pin_list>
<bind>
<StgValue><ssdm name=""/></StgValue>
</bind>
</comp>

<comp id="30" class="1001" name="const_30">
<pin_list>
<pin id="31" dir="1" index="0" bw="1" slack="2147483647"/>
</pin_list>
<bind>
<StgValue><ssdm name="_ssdm_op_SpecPipeline"/></StgValue>
</bind>
</comp>

<comp id="32" class="1001" name="const_32">
<pin_list>
<pin id="33" dir="1" index="0" bw="1" slack="2147483647"/>
</pin_list>
<bind>
<StgValue><ssdm name=""/></StgValue>
</bind>
</comp>

<comp id="34" class="1001" name="const_34">
<pin_list>
<pin id="35" dir="1" index="0" bw="1" slack="2147483647"/>
</pin_list>
<bind>
<StgValue><ssdm name=""/></StgValue>
</bind>
</comp>

<comp id="36" class="1001" name="const_36">
<pin_list>
<pin id="37" dir="1" index="0" bw="1" slack="2147483647"/>
</pin_list>
<bind>
<StgValue><ssdm name="empty_524"/></StgValue>
</bind>
</comp>

<comp id="38" class="1001" name="const_38">
<pin_list>
<pin id="39" dir="1" index="0" bw="1" slack="2147483647"/>
</pin_list>
<bind>
<StgValue><ssdm name="_ssdm_op_SpecLoopTripCount"/></StgValue>
</bind>
</comp>

<comp id="40" class="1001" name="const_40">
<pin_list>
<pin id="41" dir="1" index="0" bw="1" slack="2147483647"/>
</pin_list>
<bind>
<StgValue><ssdm name=""/></StgValue>
</bind>
</comp>

<comp id="42" class="1001" name="const_42">
<pin_list>
<pin id="43" dir="1" index="0" bw="1" slack="2147483647"/>
</pin_list>
<bind>
<StgValue><ssdm name="_ssdm_op_SpecLoopName"/></StgValue>
</bind>
</comp>

<comp id="44" class="1001" name="const_44">
<pin_list>
<pin id="45" dir="1" index="0" bw="1" slack="2147483647"/>
</pin_list>
<bind>
<StgValue><ssdm name="empty_550"/></StgValue>
</bind>
</comp>

<comp id="46" class="1001" name="const_46">
<pin_list>
<pin id="47" dir="1" index="0" bw="1" slack="0"/>
</pin_list>
<bind>
<StgValue><ssdm name=""/></StgValue>
</bind>
</comp>

<comp id="48" class="1001" name="const_48">
<pin_list>
<pin id="49" dir="1" index="0" bw="1" slack="0"/>
</pin_list>
<bind>
<StgValue><ssdm name=""/></StgValue>
</bind>
</comp>

<comp id="50" class="1001" name="const_50">
<pin_list>
<pin id="51" dir="1" index="0" bw="1" slack="0"/>
</pin_list>
<bind>
<StgValue><ssdm name=""/></StgValue>
</bind>
</comp>

<comp id="52" class="1001" name="const_52">
<pin_list>
<pin id="53" dir="1" index="0" bw="1" slack="0"/>
</pin_list>
<bind>
<StgValue><ssdm name=""/></StgValue>
</bind>
</comp>

<comp id="54" class="1004" name="k_10_fu_54">
<pin_list>
<pin id="55" dir="0" index="0" bw="1" slack="0"/>
<pin id="56" dir="1" index="1" bw="5" slack="0"/>
</pin_list>
<bind>
<opcode="alloca(26) " fcode="alloca"/>
<opset="k_10/1 "/>
</bind>
</comp>

<comp id="58" class="1004" name="step_data_5_addr_gep_fu_58">
<pin_list>
<pin id="59" dir="0" index="0" bw="26" slack="0"/>
<pin id="60" dir="0" index="1" bw="1" slack="0"/>
<pin id="61" dir="0" index="2" bw="5" slack="0"/>
<pin id="62" dir="1" index="3" bw="5" slack="0"/>
</pin_list>
<bind>
<opcode="getelementptr(29) " fcode="getelementptr"/>
<opset="step_data_5_addr/1 "/>
</bind>
</comp>

<comp id="65" class="1004" name="grp_access_fu_65">
<pin_list>
<pin id="66" dir="0" index="0" bw="5" slack="0"/>
<pin id="67" dir="0" index="1" bw="26" slack="2147483647"/>
<pin id="68" dir="0" index="2" bw="0" slack="2147483647"/>
<pin id="69" dir="1" index="3" bw="26" slack="0"/>
</pin_list>
<bind>
<opcode="load(27) " fcode="load"/>
<opset="ub/1 "/>
</bind>
</comp>

<comp id="71" class="1004" name="sol_u_addr_gep_fu_71">
<pin_list>
<pin id="72" dir="0" index="0" bw="26" slack="0"/>
<pin id="73" dir="0" index="1" bw="1" slack="0"/>
<pin id="74" dir="0" index="2" bw="5" slack="0"/>
<pin id="75" dir="1" index="3" bw="5" slack="0"/>
</pin_list>
<bind>
<opcode="getelementptr(29) " fcode="getelementptr"/>
<opset="sol_u_addr/1 "/>
</bind>
</comp>

<comp id="78" class="1004" name="grp_access_fu_78">
<pin_list>
<pin id="79" dir="0" index="0" bw="5" slack="0"/>
<pin id="80" dir="0" index="1" bw="26" slack="2147483647"/>
<pin id="81" dir="0" index="2" bw="0" slack="2147483647"/>
<pin id="82" dir="1" index="3" bw="26" slack="0"/>
</pin_list>
<bind>
<opcode="load(27) " fcode="load"/>
<opset="val/1 "/>
</bind>
</comp>

<comp id="84" class="1004" name="sol_u_1_addr_gep_fu_84">
<pin_list>
<pin id="85" dir="0" index="0" bw="26" slack="0"/>
<pin id="86" dir="0" index="1" bw="1" slack="0"/>
<pin id="87" dir="0" index="2" bw="5" slack="0"/>
<pin id="88" dir="1" index="3" bw="5" slack="0"/>
</pin_list>
<bind>
<opcode="getelementptr(29) " fcode="getelementptr"/>
<opset="sol_u_1_addr/1 "/>
</bind>
</comp>

<comp id="91" class="1004" name="grp_access_fu_91">
<pin_list>
<pin id="92" dir="0" index="0" bw="5" slack="0"/>
<pin id="93" dir="0" index="1" bw="26" slack="2147483647"/>
<pin id="94" dir="0" index="2" bw="0" slack="2147483647"/>
<pin id="95" dir="1" index="3" bw="26" slack="0"/>
</pin_list>
<bind>
<opcode="load(27) " fcode="load"/>
<opset="val_17/1 "/>
</bind>
</comp>

<comp id="97" class="1004" name="z_u_addr_gep_fu_97">
<pin_list>
<pin id="98" dir="0" index="0" bw="26" slack="0"/>
<pin id="99" dir="0" index="1" bw="1" slack="0"/>
<pin id="100" dir="0" index="2" bw="5" slack="1"/>
<pin id="101" dir="1" index="3" bw="5" slack="0"/>
</pin_list>
<bind>
<opcode="getelementptr(29) " fcode="getelementptr"/>
<opset="z_u_addr/2 "/>
</bind>
</comp>

<comp id="104" class="1004" name="z_u_1_addr_gep_fu_104">
<pin_list>
<pin id="105" dir="0" index="0" bw="26" slack="0"/>
<pin id="106" dir="0" index="1" bw="1" slack="0"/>
<pin id="107" dir="0" index="2" bw="5" slack="1"/>
<pin id="108" dir="1" index="3" bw="5" slack="0"/>
</pin_list>
<bind>
<opcode="getelementptr(29) " fcode="getelementptr"/>
<opset="z_u_1_addr/2 "/>
</bind>
</comp>

<comp id="111" class="1004" name="store_ln1315_access_fu_111">
<pin_list>
<pin id="112" dir="0" index="0" bw="5" slack="0"/>
<pin id="113" dir="0" index="1" bw="26" slack="0"/>
<pin id="114" dir="0" index="2" bw="0" slack="2147483647"/>
<pin id="115" dir="1" index="3" bw="26" slack="2147483647"/>
</pin_list>
<bind>
<opcode="store(28) " fcode="store"/>
<opset="store_ln1315/2 "/>
</bind>
</comp>

<comp id="117" class="1004" name="store_ln1315_access_fu_117">
<pin_list>
<pin id="118" dir="0" index="0" bw="5" slack="0"/>
<pin id="119" dir="0" index="1" bw="26" slack="0"/>
<pin id="120" dir="0" index="2" bw="0" slack="2147483647"/>
<pin id="121" dir="1" index="3" bw="26" slack="2147483647"/>
</pin_list>
<bind>
<opcode="store(28) " fcode="store"/>
<opset="store_ln1315/2 "/>
</bind>
</comp>

<comp id="123" class="1004" name="store_ln1189_store_fu_123">
<pin_list>
<pin id="124" dir="0" index="0" bw="1" slack="0"/>
<pin id="125" dir="0" index="1" bw="5" slack="0"/>
<pin id="126" dir="1" index="2" bw="0" slack="2147483647"/>
</pin_list>
<bind>
<opcode="store(28) " fcode="store"/>
<opset="store_ln1189/1 "/>
</bind>
</comp>

<comp id="128" class="1004" name="k_load_fu_128">
<pin_list>
<pin id="129" dir="0" index="0" bw="5" slack="0"/>
<pin id="130" dir="1" index="1" bw="5" slack="0"/>
</pin_list>
<bind>
<opcode="load(27) " fcode="load"/>
<opset="k/1 "/>
</bind>
</comp>

<comp id="131" class="1004" name="icmp_ln1301_fu_131">
<pin_list>
<pin id="132" dir="0" index="0" bw="5" slack="0"/>
<pin id="133" dir="0" index="1" bw="5" slack="0"/>
<pin id="134" dir="1" index="2" bw="1" slack="2147483647"/>
</pin_list>
<bind>
<opcode="icmp(45) " fcode="icmp"/>
<opset="icmp_ln1301/1 "/>
</bind>
</comp>

<comp id="137" class="1004" name="add_ln1301_fu_137">
<pin_list>
<pin id="138" dir="0" index="0" bw="5" slack="0"/>
<pin id="139" dir="0" index="1" bw="1" slack="0"/>
<pin id="140" dir="1" index="2" bw="5" slack="0"/>
</pin_list>
<bind>
<opcode="add(8) " fcode="add"/>
<opset="add_ln1301/1 "/>
</bind>
</comp>

<comp id="143" class="1004" name="zext_ln1301_fu_143">
<pin_list>
<pin id="144" dir="0" index="0" bw="5" slack="0"/>
<pin id="145" dir="1" index="1" bw="64" slack="0"/>
</pin_list>
<bind>
<opcode="zext(34) " fcode="zext"/>
<opset="zext_ln1301/1 "/>
</bind>
</comp>

<comp id="150" class="1004" name="store_ln1189_store_fu_150">
<pin_list>
<pin id="151" dir="0" index="0" bw="5" slack="0"/>
<pin id="152" dir="0" index="1" bw="5" slack="0"/>
<pin id="153" dir="1" index="2" bw="0" slack="2147483647"/>
</pin_list>
<bind>
<opcode="store(28) " fcode="store"/>
<opset="store_ln1189/1 "/>
</bind>
</comp>

<comp id="155" class="1004" name="icmp_ln1311_fu_155">
<pin_list>
<pin id="156" dir="0" index="0" bw="26" slack="0"/>
<pin id="157" dir="0" index="1" bw="26" slack="0"/>
<pin id="158" dir="1" index="2" bw="1" slack="0"/>
</pin_list>
<bind>
<opcode="icmp(45) " fcode="icmp"/>
<opset="icmp_ln1311/2 "/>
</bind>
</comp>

<comp id="161" class="1004" name="val_15_fu_161">
<pin_list>
<pin id="162" dir="0" index="0" bw="1" slack="0"/>
<pin id="163" dir="0" index="1" bw="26" slack="0"/>
<pin id="164" dir="0" index="2" bw="26" slack="0"/>
<pin id="165" dir="1" index="3" bw="26" slack="0"/>
</pin_list>
<bind>
<opcode="select(49) " fcode="select"/>
<opset="val_15/2 "/>
</bind>
</comp>

<comp id="169" class="1004" name="trunc_ln1304_fu_169">
<pin_list>
<pin id="170" dir="0" index="0" bw="26" slack="0"/>
<pin id="171" dir="1" index="1" bw="17" slack="0"/>
</pin_list>
<bind>
<opcode="trunc(33) " fcode="trunc"/>
<opset="trunc_ln1304/2 "/>
</bind>
</comp>

<comp id="173" class="1004" name="icmp_ln1313_fu_173">
<pin_list>
<pin id="174" dir="0" index="0" bw="26" slack="0"/>
<pin id="175" dir="0" index="1" bw="26" slack="0"/>
<pin id="176" dir="1" index="2" bw="1" slack="0"/>
</pin_list>
<bind>
<opcode="icmp(45) " fcode="icmp"/>
<opset="icmp_ln1313/2 "/>
</bind>
</comp>

<comp id="179" class="1004" name="val_16_fu_179">
<pin_list>
<pin id="180" dir="0" index="0" bw="1" slack="0"/>
<pin id="181" dir="0" index="1" bw="17" slack="0"/>
<pin id="182" dir="0" index="2" bw="17" slack="0"/>
<pin id="183" dir="1" index="3" bw="17" slack="0"/>
</pin_list>
<bind>
<opcode="select(49) " fcode="select"/>
<opset="val_16/2 "/>
</bind>
</comp>

<comp id="187" class="1004" name="sext_ln1304_fu_187">
<pin_list>
<pin id="188" dir="0" index="0" bw="17" slack="0"/>
<pin id="189" dir="1" index="1" bw="26" slack="0"/>
</pin_list>
<bind>
<opcode="sext(35) " fcode="sext"/>
<opset="sext_ln1304/2 "/>
</bind>
</comp>

<comp id="192" class="1004" name="icmp_ln1311_1_fu_192">
<pin_list>
<pin id="193" dir="0" index="0" bw="26" slack="0"/>
<pin id="194" dir="0" index="1" bw="26" slack="0"/>
<pin id="195" dir="1" index="2" bw="1" slack="0"/>
</pin_list>
<bind>
<opcode="icmp(45) " fcode="icmp"/>
<opset="icmp_ln1311_1/2 "/>
</bind>
</comp>

<comp id="198" class="1004" name="val_18_fu_198">
<pin_list>
<pin id="199" dir="0" index="0" bw="1" slack="0"/>
<pin id="200" dir="0" index="1" bw="26" slack="0"/>
<pin id="201" dir="0" index="2" bw="26" slack="0"/>
<pin id="202" dir="1" index="3" bw="26" slack="0"/>
</pin_list>
<bind>
<opcode="select(49) " fcode="select"/>
<opset="val_18/2 "/>
</bind>
</comp>

<comp id="206" class="1004" name="icmp_ln1313_1_fu_206">
<pin_list>
<pin id="207" dir="0" index="0" bw="26" slack="0"/>
<pin id="208" dir="0" index="1" bw="26" slack="0"/>
<pin id="209" dir="1" index="2" bw="1" slack="0"/>
</pin_list>
<bind>
<opcode="icmp(45) " fcode="icmp"/>
<opset="icmp_ln1313_1/2 "/>
</bind>
</comp>

<comp id="212" class="1004" name="val_19_fu_212">
<pin_list>
<pin id="213" dir="0" index="0" bw="1" slack="0"/>
<pin id="214" dir="0" index="1" bw="26" slack="0"/>
<pin id="215" dir="0" index="2" bw="26" slack="0"/>
<pin id="216" dir="1" index="3" bw="26" slack="0"/>
</pin_list>
<bind>
<opcode="select(49) " fcode="select"/>
<opset="val_19/2 "/>
</bind>
</comp>

<comp id="221" class="1005" name="k_10_reg_221">
<pin_list>
<pin id="222" dir="0" index="0" bw="5" slack="0"/>
<pin id="223" dir="1" index="1" bw="5" slack="0"/>
</pin_list>
<bind>
<opset="k_10 "/>
</bind>
</comp>

<comp id="231" class="1005" name="zext_ln1301_reg_231">
<pin_list>
<pin id="232" dir="0" index="0" bw="64" slack="1"/>
<pin id="233" dir="1" index="1" bw="64" slack="1"/>
</pin_list>
<bind>
<opset="zext_ln1301 "/>
</bind>
</comp>

<comp id="237" class="1005" name="step_data_5_addr_reg_237">
<pin_list>
<pin id="238" dir="0" index="0" bw="5" slack="1"/>
<pin id="239" dir="1" index="1" bw="5" slack="1"/>
</pin_list>
<bind>
<opset="step_data_5_addr "/>
</bind>
</comp>

<comp id="242" class="1005" name="sol_u_addr_reg_242">
<pin_list>
<pin id="243" dir="0" index="0" bw="5" slack="1"/>
<pin id="244" dir="1" index="1" bw="5" slack="1"/>
</pin_list>
<bind>
<opset="sol_u_addr "/>
</bind>
</comp>

<comp id="247" class="1005" name="sol_u_1_addr_reg_247">
<pin_list>
<pin id="248" dir="0" index="0" bw="5" slack="1"/>
<pin id="249" dir="1" index="1" bw="5" slack="1"/>
</pin_list>
<bind>
<opset="sol_u_1_addr "/>
</bind>
</comp>

</comp_list>

<net_list>
<net id="57"><net_src comp="10" pin="0"/><net_sink comp="54" pin=0"/></net>

<net id="63"><net_src comp="4" pin="0"/><net_sink comp="58" pin=0"/></net>

<net id="64"><net_src comp="28" pin="0"/><net_sink comp="58" pin=1"/></net>

<net id="70"><net_src comp="58" pin="3"/><net_sink comp="65" pin=0"/></net>

<net id="76"><net_src comp="6" pin="0"/><net_sink comp="71" pin=0"/></net>

<net id="77"><net_src comp="28" pin="0"/><net_sink comp="71" pin=1"/></net>

<net id="83"><net_src comp="71" pin="3"/><net_sink comp="78" pin=0"/></net>

<net id="89"><net_src comp="8" pin="0"/><net_sink comp="84" pin=0"/></net>

<net id="90"><net_src comp="28" pin="0"/><net_sink comp="84" pin=1"/></net>

<net id="96"><net_src comp="84" pin="3"/><net_sink comp="91" pin=0"/></net>

<net id="102"><net_src comp="2" pin="0"/><net_sink comp="97" pin=0"/></net>

<net id="103"><net_src comp="28" pin="0"/><net_sink comp="97" pin=1"/></net>

<net id="109"><net_src comp="0" pin="0"/><net_sink comp="104" pin=0"/></net>

<net id="110"><net_src comp="28" pin="0"/><net_sink comp="104" pin=1"/></net>

<net id="116"><net_src comp="97" pin="3"/><net_sink comp="111" pin=0"/></net>

<net id="122"><net_src comp="104" pin="3"/><net_sink comp="117" pin=0"/></net>

<net id="127"><net_src comp="22" pin="0"/><net_sink comp="123" pin=0"/></net>

<net id="135"><net_src comp="128" pin="1"/><net_sink comp="131" pin=0"/></net>

<net id="136"><net_src comp="24" pin="0"/><net_sink comp="131" pin=1"/></net>

<net id="141"><net_src comp="128" pin="1"/><net_sink comp="137" pin=0"/></net>

<net id="142"><net_src comp="26" pin="0"/><net_sink comp="137" pin=1"/></net>

<net id="146"><net_src comp="128" pin="1"/><net_sink comp="143" pin=0"/></net>

<net id="147"><net_src comp="143" pin="1"/><net_sink comp="58" pin=2"/></net>

<net id="148"><net_src comp="143" pin="1"/><net_sink comp="71" pin=2"/></net>

<net id="149"><net_src comp="143" pin="1"/><net_sink comp="84" pin=2"/></net>

<net id="154"><net_src comp="137" pin="2"/><net_sink comp="150" pin=0"/></net>

<net id="159"><net_src comp="78" pin="3"/><net_sink comp="155" pin=0"/></net>

<net id="160"><net_src comp="46" pin="0"/><net_sink comp="155" pin=1"/></net>

<net id="166"><net_src comp="155" pin="2"/><net_sink comp="161" pin=0"/></net>

<net id="167"><net_src comp="46" pin="0"/><net_sink comp="161" pin=1"/></net>

<net id="168"><net_src comp="78" pin="3"/><net_sink comp="161" pin=2"/></net>

<net id="172"><net_src comp="161" pin="3"/><net_sink comp="169" pin=0"/></net>

<net id="177"><net_src comp="161" pin="3"/><net_sink comp="173" pin=0"/></net>

<net id="178"><net_src comp="48" pin="0"/><net_sink comp="173" pin=1"/></net>

<net id="184"><net_src comp="173" pin="2"/><net_sink comp="179" pin=0"/></net>

<net id="185"><net_src comp="50" pin="0"/><net_sink comp="179" pin=1"/></net>

<net id="186"><net_src comp="169" pin="1"/><net_sink comp="179" pin=2"/></net>

<net id="190"><net_src comp="179" pin="3"/><net_sink comp="187" pin=0"/></net>

<net id="191"><net_src comp="187" pin="1"/><net_sink comp="111" pin=1"/></net>

<net id="196"><net_src comp="91" pin="3"/><net_sink comp="192" pin=0"/></net>

<net id="197"><net_src comp="52" pin="0"/><net_sink comp="192" pin=1"/></net>

<net id="203"><net_src comp="192" pin="2"/><net_sink comp="198" pin=0"/></net>

<net id="204"><net_src comp="52" pin="0"/><net_sink comp="198" pin=1"/></net>

<net id="205"><net_src comp="91" pin="3"/><net_sink comp="198" pin=2"/></net>

<net id="210"><net_src comp="198" pin="3"/><net_sink comp="206" pin=0"/></net>

<net id="211"><net_src comp="65" pin="3"/><net_sink comp="206" pin=1"/></net>

<net id="217"><net_src comp="206" pin="2"/><net_sink comp="212" pin=0"/></net>

<net id="218"><net_src comp="65" pin="3"/><net_sink comp="212" pin=1"/></net>

<net id="219"><net_src comp="198" pin="3"/><net_sink comp="212" pin=2"/></net>

<net id="220"><net_src comp="212" pin="3"/><net_sink comp="117" pin=1"/></net>

<net id="224"><net_src comp="54" pin="1"/><net_sink comp="221" pin=0"/></net>

<net id="225"><net_src comp="221" pin="1"/><net_sink comp="123" pin=1"/></net>

<net id="226"><net_src comp="221" pin="1"/><net_sink comp="128" pin=0"/></net>

<net id="227"><net_src comp="221" pin="1"/><net_sink comp="150" pin=1"/></net>

<net id="234"><net_src comp="143" pin="1"/><net_sink comp="231" pin=0"/></net>

<net id="235"><net_src comp="231" pin="1"/><net_sink comp="97" pin=2"/></net>

<net id="236"><net_src comp="231" pin="1"/><net_sink comp="104" pin=2"/></net>

<net id="240"><net_src comp="58" pin="3"/><net_sink comp="237" pin=0"/></net>

<net id="241"><net_src comp="237" pin="1"/><net_sink comp="65" pin=0"/></net>

<net id="245"><net_src comp="71" pin="3"/><net_sink comp="242" pin=0"/></net>

<net id="246"><net_src comp="242" pin="1"/><net_sink comp="78" pin=0"/></net>

<net id="250"><net_src comp="84" pin="3"/><net_sink comp="247" pin=0"/></net>

<net id="251"><net_src comp="247" pin="1"/><net_sink comp="91" pin=0"/></net>

</net_list>

</model> 
---------------- Datapath Model END ------------------

* FSMD analyzer results:
  - Output states:
	Port: z_u_1 | {2 }
	Port: z_u | {2 }
 - Input state : 
	Port: mpc_compute_hls_Pipeline_VITIS_LOOP_1301_14 : step_data_5 | {1 2 }
	Port: mpc_compute_hls_Pipeline_VITIS_LOOP_1301_14 : sol_u | {1 2 }
	Port: mpc_compute_hls_Pipeline_VITIS_LOOP_1301_14 : sol_u_1 | {1 2 }
  - Chain level:
	State 1
		store_ln1189 : 1
		k : 1
		icmp_ln1301 : 2
		add_ln1301 : 2
		br_ln1301 : 3
		zext_ln1301 : 2
		step_data_5_addr : 3
		ub : 4
		sol_u_addr : 3
		val : 4
		sol_u_1_addr : 3
		val_17 : 4
		store_ln1189 : 3
	State 2
		icmp_ln1311 : 1
		val_15 : 2
		trunc_ln1304 : 3
		icmp_ln1313 : 3
		val_16 : 4
		sext_ln1304 : 5
		icmp_ln1311_1 : 1
		val_18 : 2
		icmp_ln1313_1 : 3
		val_19 : 4
		store_ln1315 : 6
		store_ln1315 : 5


============================================================
+ Verbose Summary: Datapath Resource usage 
============================================================

* Functional unit list:
|----------|----------------------|---------|---------|
| Operation|    Functional Unit   |    FF   |   LUT   |
|----------|----------------------|---------|---------|
|          |  icmp_ln1301_fu_131  |    0    |    12   |
|          |  icmp_ln1311_fu_155  |    0    |    33   |
|   icmp   |  icmp_ln1313_fu_173  |    0    |    33   |
|          | icmp_ln1311_1_fu_192 |    0    |    33   |
|          | icmp_ln1313_1_fu_206 |    0    |    33   |
|----------|----------------------|---------|---------|
|          |     val_15_fu_161    |    0    |    26   |
|  select  |     val_16_fu_179    |    0    |    16   |
|          |     val_18_fu_198    |    0    |    26   |
|          |     val_19_fu_212    |    0    |    26   |
|----------|----------------------|---------|---------|
|    add   |   add_ln1301_fu_137  |    0    |    12   |
|----------|----------------------|---------|---------|
|   zext   |  zext_ln1301_fu_143  |    0    |    0    |
|----------|----------------------|---------|---------|
|   trunc  |  trunc_ln1304_fu_169 |    0    |    0    |
|----------|----------------------|---------|---------|
|   sext   |  sext_ln1304_fu_187  |    0    |    0    |
|----------|----------------------|---------|---------|
|   Total  |                      |    0    |   250   |
|----------|----------------------|---------|---------|

Memories:
N/A

* Register list:
+------------------------+--------+
|                        |   FF   |
+------------------------+--------+
|      k_10_reg_221      |    5   |
|  sol_u_1_addr_reg_247  |    5   |
|   sol_u_addr_reg_242   |    5   |
|step_data_5_addr_reg_237|    5   |
|   zext_ln1301_reg_231  |   64   |
+------------------------+--------+
|          Total         |   84   |
+------------------------+--------+

* Multiplexer (MUX) list: 
|------------------|------|------|------|--------||---------||---------||---------|
|       Comp       |  Pin | Size |  BW  | S x BW ||  Delay  ||    FF   ||   LUT   |
|------------------|------|------|------|--------||---------||---------||---------|
| grp_access_fu_65 |  p0  |   2  |   5  |   10   ||    0    ||    9    |
| grp_access_fu_78 |  p0  |   2  |   5  |   10   ||    0    ||    9    |
| grp_access_fu_91 |  p0  |   2  |   5  |   10   ||    0    ||    9    |
|------------------|------|------|------|--------||---------||---------||---------|
|       Total      |      |      |      |   30   ||  1.281  ||    0    ||    27   |
|------------------|------|------|------|--------||---------||---------||---------|



* Summary:
+-----------+--------+--------+--------+
|           |  Delay |   FF   |   LUT  |
+-----------+--------+--------+--------+
|  Function |    -   |    0   |   250  |
|   Memory  |    -   |    -   |    -   |
|Multiplexer|    1   |    0   |   27   |
|  Register |    -   |   84   |    -   |
+-----------+--------+--------+--------+
|   Total   |    1   |   84   |   277  |
+-----------+--------+--------+--------+
