

================================================================
== Vitis HLS Report for 'mpc_compute_hls_Pipeline_VITIS_LOOP_1575_23'
================================================================
* Date:           Thu Jun 11 16:06:55 2026

* Version:        2025.2 (Build 6295257 on Nov 14 2025)
* Project:        mpc_fpga_top_opencl
* Solution:       hls (Vitis Kernel Flow Target)
* Product family: zynquplus
* Target device:  xck26-sfvc784-2LV-c


================================================================
== Performance Estimates
================================================================
+ Timing: 
    * Summary: 
    +--------+---------+----------+------------+
    |  Clock |  Target | Estimated| Uncertainty|
    +--------+---------+----------+------------+
    |ap_clk  |  5.00 ns|  1.643 ns|     0.50 ns|
    +--------+---------+----------+------------+

+ Latency: 
    * Summary: 
    +---------+---------+----------+----------+-----+-----+-------------------+
    |  Latency (cycles) |  Latency (absolute) |  Interval |      Pipeline     |
    |   min   |   max   |    min   |    max   | min | max |        Type       |
    +---------+---------+----------+----------+-----+-----+-------------------+
    |       23|       23|  0.115 us|  0.115 us|    0|    0|  loop pipeline stp|
    +---------+---------+----------+----------+-----+-----+-------------------+

    + Detail: 
        * Instance: 
        N/A

        * Loop: 
        +----------------------+---------+---------+----------+-----------+-----------+------+----------+
        |                      |  Latency (cycles) | Iteration|  Initiation Interval  | Trip |          |
        |       Loop Name      |   min   |   max   |  Latency |  achieved |   target  | Count| Pipelined|
        +----------------------+---------+---------+----------+-----------+-----------+------+----------+
        |- VITIS_LOOP_1575_23  |       21|       21|         2|          1|          1|    21|       yes|
        +----------------------+---------+---------+----------+-----------+-----------+------+----------+

============================================================
+ Verbose Summary: Synthesis Manager
============================================================
InlineROM: 1
ExposeGlobal: 0
============================================================
+ Verbose Summary: CDFG Model
============================================================
IsTopModel: 0
ResetActiveHigh: 1
IsCombinational: 0
IsDatapathOnly: 0
HasWiredReturn: 1
HasMFsm: 2
HasVarLatency: 1
IsPipeline: 0
IsRtlPipelined: 0
IsInstanceOverlapped: 0
IsDontTouch: 0
HasImplIP: 0
IsGatedGlobalClock: 0

+ Individual pipeline summary: 
  * Pipeline-0: initiation interval (II) = 1, depth = 2


============================================================
+ Verbose Summary: Schedule
============================================================
* Number of FSM states : 2
* Pipeline : 1
  Pipeline-0 : II = 1, D = 2, States = { 1 2 }
* Dataflow Pipeline: 0

* FSM state transitions: 
1 --> 2 
2 --> 

* FSM state operations: 

State 1 <SV = 0> <Delay = 1.64>
ST_1 : Operation 5 [1/1] (0.00ns)   --->   "%k = alloca i32 1" [../src/riccati_solver_hls.cpp:1189->../src/mpc_riccati_hls.cpp:647]   --->   Operation 5 'alloca' 'k' <Predicate = true> <Delay = 0.00>
ST_1 : Operation 6 [1/1] (0.00ns)   --->   "%specmemcore_ln0 = specmemcore void @_ssdm_op_SpecMemCore, i26 %y_x, i64 666, i64 23, i64 1, i1 0"   --->   Operation 6 'specmemcore' 'specmemcore_ln0' <Predicate = true> <Delay = 0.00>
ST_1 : Operation 7 [1/1] (0.00ns)   --->   "%specmemcore_ln0 = specmemcore void @_ssdm_op_SpecMemCore, i26 %y_x_1, i64 666, i64 23, i64 1, i1 0"   --->   Operation 7 'specmemcore' 'specmemcore_ln0' <Predicate = true> <Delay = 0.00>
ST_1 : Operation 8 [1/1] (0.00ns)   --->   "%specmemcore_ln0 = specmemcore void @_ssdm_op_SpecMemCore, i26 %y_x_2, i64 666, i64 23, i64 1, i1 0"   --->   Operation 8 'specmemcore' 'specmemcore_ln0' <Predicate = true> <Delay = 0.00>
ST_1 : Operation 9 [1/1] (0.00ns)   --->   "%specmemcore_ln0 = specmemcore void @_ssdm_op_SpecMemCore, i26 %y_x_3, i64 666, i64 23, i64 1, i1 0"   --->   Operation 9 'specmemcore' 'specmemcore_ln0' <Predicate = true> <Delay = 0.00>
ST_1 : Operation 10 [1/1] (0.00ns)   --->   "%specmemcore_ln0 = specmemcore void @_ssdm_op_SpecMemCore, i26 %y_x_4, i64 666, i64 23, i64 1, i1 0"   --->   Operation 10 'specmemcore' 'specmemcore_ln0' <Predicate = true> <Delay = 0.00>
ST_1 : Operation 11 [1/1] (0.00ns)   --->   "%specmemcore_ln0 = specmemcore void @_ssdm_op_SpecMemCore, i26 %y_x_5, i64 666, i64 23, i64 1, i1 0"   --->   Operation 11 'specmemcore' 'specmemcore_ln0' <Predicate = true> <Delay = 0.00>
ST_1 : Operation 12 [1/1] (0.00ns)   --->   "%specmemcore_ln0 = specmemcore void @_ssdm_op_SpecMemCore, i26 %y_x_6, i64 666, i64 23, i64 1, i1 0"   --->   Operation 12 'specmemcore' 'specmemcore_ln0' <Predicate = true> <Delay = 0.00>
ST_1 : Operation 13 [1/1] (0.00ns)   --->   "%specmemcore_ln0 = specmemcore void @_ssdm_op_SpecMemCore, i26 %y_x_7, i64 666, i64 23, i64 1, i1 0"   --->   Operation 13 'specmemcore' 'specmemcore_ln0' <Predicate = true> <Delay = 0.00>
ST_1 : Operation 14 [1/1] (0.00ns)   --->   "%specmemcore_ln0 = specmemcore void @_ssdm_op_SpecMemCore, i26 %z_x, i64 666, i64 23, i64 1, i1 0"   --->   Operation 14 'specmemcore' 'specmemcore_ln0' <Predicate = true> <Delay = 0.00>
ST_1 : Operation 15 [1/1] (0.00ns)   --->   "%specmemcore_ln0 = specmemcore void @_ssdm_op_SpecMemCore, i26 %z_x_1, i64 666, i64 23, i64 1, i1 0"   --->   Operation 15 'specmemcore' 'specmemcore_ln0' <Predicate = true> <Delay = 0.00>
ST_1 : Operation 16 [1/1] (0.00ns)   --->   "%specmemcore_ln0 = specmemcore void @_ssdm_op_SpecMemCore, i26 %z_x_2, i64 666, i64 23, i64 1, i1 0"   --->   Operation 16 'specmemcore' 'specmemcore_ln0' <Predicate = true> <Delay = 0.00>
ST_1 : Operation 17 [1/1] (0.00ns)   --->   "%specmemcore_ln0 = specmemcore void @_ssdm_op_SpecMemCore, i26 %z_x_3, i64 666, i64 23, i64 1, i1 0"   --->   Operation 17 'specmemcore' 'specmemcore_ln0' <Predicate = true> <Delay = 0.00>
ST_1 : Operation 18 [1/1] (0.00ns)   --->   "%specmemcore_ln0 = specmemcore void @_ssdm_op_SpecMemCore, i26 %z_x_4, i64 666, i64 23, i64 1, i1 0"   --->   Operation 18 'specmemcore' 'specmemcore_ln0' <Predicate = true> <Delay = 0.00>
ST_1 : Operation 19 [1/1] (0.00ns)   --->   "%specmemcore_ln0 = specmemcore void @_ssdm_op_SpecMemCore, i26 %z_x_5, i64 666, i64 23, i64 1, i1 0"   --->   Operation 19 'specmemcore' 'specmemcore_ln0' <Predicate = true> <Delay = 0.00>
ST_1 : Operation 20 [1/1] (0.00ns)   --->   "%specmemcore_ln0 = specmemcore void @_ssdm_op_SpecMemCore, i26 %z_x_6, i64 666, i64 23, i64 1, i1 0"   --->   Operation 20 'specmemcore' 'specmemcore_ln0' <Predicate = true> <Delay = 0.00>
ST_1 : Operation 21 [1/1] (0.00ns)   --->   "%specmemcore_ln0 = specmemcore void @_ssdm_op_SpecMemCore, i26 %z_x_7, i64 666, i64 23, i64 1, i1 0"   --->   Operation 21 'specmemcore' 'specmemcore_ln0' <Predicate = true> <Delay = 0.00>
ST_1 : Operation 22 [1/1] (0.42ns)   --->   "%store_ln1189 = store i5 0, i5 %k" [../src/riccati_solver_hls.cpp:1189->../src/mpc_riccati_hls.cpp:647]   --->   Operation 22 'store' 'store_ln1189' <Predicate = true> <Delay = 0.42>
ST_1 : Operation 23 [1/1] (0.00ns)   --->   "%br_ln0 = br void %for.body789.i"   --->   Operation 23 'br' 'br_ln0' <Predicate = true> <Delay = 0.00>
ST_1 : Operation 24 [1/1] (0.00ns)   --->   "%k_6 = load i5 %k" [../src/riccati_solver_hls.cpp:1575->../src/mpc_riccati_hls.cpp:647]   --->   Operation 24 'load' 'k_6' <Predicate = true> <Delay = 0.00>
ST_1 : Operation 25 [1/1] (0.78ns)   --->   "%icmp_ln1575 = icmp_eq  i5 %k_6, i5 21" [../src/riccati_solver_hls.cpp:1575->../src/mpc_riccati_hls.cpp:647]   --->   Operation 25 'icmp' 'icmp_ln1575' <Predicate = true> <Delay = 0.78> <CoreInst = "Cmp">   --->   Core 9 'Cmp' <Latency = 0> <II = 1> <Delay = 0.78> <FuncUnit> <Opcode : 'seteq' 'setne' 'setle' 'setge' 'setlt' 'setgt'> <InPorts = 2> <OutPorts = 1>
ST_1 : Operation 26 [1/1] (0.78ns)   --->   "%add_ln1575 = add i5 %k_6, i5 1" [../src/riccati_solver_hls.cpp:1575->../src/mpc_riccati_hls.cpp:647]   --->   Operation 26 'add' 'add_ln1575' <Predicate = true> <Delay = 0.78> <CoreInst = "Adder">   --->   Core 1 'Adder' <Latency = 0> <II = 1> <Delay = 0.78> <FuncUnit> <Opcode : 'add' 'sub'> <InPorts = 2> <OutPorts = 1>
ST_1 : Operation 27 [1/1] (0.00ns)   --->   "%br_ln1575 = br i1 %icmp_ln1575, void %for.body789.i.split, void %for.body819.i.preheader.exitStub" [../src/riccati_solver_hls.cpp:1575->../src/mpc_riccati_hls.cpp:647]   --->   Operation 27 'br' 'br_ln1575' <Predicate = true> <Delay = 0.00>
ST_1 : Operation 28 [1/1] (0.00ns)   --->   "%zext_ln1575 = zext i5 %k_6" [../src/riccati_solver_hls.cpp:1575->../src/mpc_riccati_hls.cpp:647]   --->   Operation 28 'zext' 'zext_ln1575' <Predicate = (!icmp_ln1575)> <Delay = 0.00>
ST_1 : Operation 29 [1/1] (0.00ns)   --->   "%z_x_addr = getelementptr i26 %z_x, i64 0, i64 %zext_ln1575" [../src/riccati_solver_hls.cpp:1578->../src/mpc_riccati_hls.cpp:647]   --->   Operation 29 'getelementptr' 'z_x_addr' <Predicate = (!icmp_ln1575)> <Delay = 0.00>
ST_1 : Operation 30 [2/2] (0.67ns)   --->   "%z_x_load = load i5 %z_x_addr" [../src/riccati_solver_hls.cpp:1578->../src/mpc_riccati_hls.cpp:647]   --->   Operation 30 'load' 'z_x_load' <Predicate = (!icmp_ln1575)> <Delay = 0.67> <CoreInst = "RAM_2P_LUTRAM">   --->   Core 92 'RAM_2P_LUTRAM' <Latency = 1> <II = 1> <Delay = 0.67> <Storage> <Opcode : 'load' 'store'> <Ports = 2> <Width = 26> <Depth = 21> <RAM>
ST_1 : Operation 31 [1/1] (0.00ns)   --->   "%y_x_addr = getelementptr i26 %y_x, i64 0, i64 %zext_ln1575" [../src/riccati_solver_hls.cpp:1579->../src/mpc_riccati_hls.cpp:647]   --->   Operation 31 'getelementptr' 'y_x_addr' <Predicate = (!icmp_ln1575)> <Delay = 0.00>
ST_1 : Operation 32 [1/1] (0.00ns)   --->   "%z_x_1_addr = getelementptr i26 %z_x_1, i64 0, i64 %zext_ln1575" [../src/riccati_solver_hls.cpp:1578->../src/mpc_riccati_hls.cpp:647]   --->   Operation 32 'getelementptr' 'z_x_1_addr' <Predicate = (!icmp_ln1575)> <Delay = 0.00>
ST_1 : Operation 33 [1/1] (0.00ns)   --->   "%y_x_1_addr = getelementptr i26 %y_x_1, i64 0, i64 %zext_ln1575" [../src/riccati_solver_hls.cpp:1579->../src/mpc_riccati_hls.cpp:647]   --->   Operation 33 'getelementptr' 'y_x_1_addr' <Predicate = (!icmp_ln1575)> <Delay = 0.00>
ST_1 : Operation 34 [1/1] (0.00ns)   --->   "%z_x_2_addr = getelementptr i26 %z_x_2, i64 0, i64 %zext_ln1575" [../src/riccati_solver_hls.cpp:1578->../src/mpc_riccati_hls.cpp:647]   --->   Operation 34 'getelementptr' 'z_x_2_addr' <Predicate = (!icmp_ln1575)> <Delay = 0.00>
ST_1 : Operation 35 [1/1] (0.00ns)   --->   "%y_x_2_addr = getelementptr i26 %y_x_2, i64 0, i64 %zext_ln1575" [../src/riccati_solver_hls.cpp:1579->../src/mpc_riccati_hls.cpp:647]   --->   Operation 35 'getelementptr' 'y_x_2_addr' <Predicate = (!icmp_ln1575)> <Delay = 0.00>
ST_1 : Operation 36 [1/1] (0.00ns)   --->   "%z_x_3_addr = getelementptr i26 %z_x_3, i64 0, i64 %zext_ln1575" [../src/riccati_solver_hls.cpp:1578->../src/mpc_riccati_hls.cpp:647]   --->   Operation 36 'getelementptr' 'z_x_3_addr' <Predicate = (!icmp_ln1575)> <Delay = 0.00>
ST_1 : Operation 37 [1/1] (0.00ns)   --->   "%y_x_3_addr = getelementptr i26 %y_x_3, i64 0, i64 %zext_ln1575" [../src/riccati_solver_hls.cpp:1579->../src/mpc_riccati_hls.cpp:647]   --->   Operation 37 'getelementptr' 'y_x_3_addr' <Predicate = (!icmp_ln1575)> <Delay = 0.00>
ST_1 : Operation 38 [1/1] (0.00ns)   --->   "%z_x_4_addr = getelementptr i26 %z_x_4, i64 0, i64 %zext_ln1575" [../src/riccati_solver_hls.cpp:1578->../src/mpc_riccati_hls.cpp:647]   --->   Operation 38 'getelementptr' 'z_x_4_addr' <Predicate = (!icmp_ln1575)> <Delay = 0.00>
ST_1 : Operation 39 [1/1] (0.00ns)   --->   "%y_x_4_addr = getelementptr i26 %y_x_4, i64 0, i64 %zext_ln1575" [../src/riccati_solver_hls.cpp:1579->../src/mpc_riccati_hls.cpp:647]   --->   Operation 39 'getelementptr' 'y_x_4_addr' <Predicate = (!icmp_ln1575)> <Delay = 0.00>
ST_1 : Operation 40 [1/1] (0.00ns)   --->   "%z_x_5_addr = getelementptr i26 %z_x_5, i64 0, i64 %zext_ln1575" [../src/riccati_solver_hls.cpp:1578->../src/mpc_riccati_hls.cpp:647]   --->   Operation 40 'getelementptr' 'z_x_5_addr' <Predicate = (!icmp_ln1575)> <Delay = 0.00>
ST_1 : Operation 41 [1/1] (0.00ns)   --->   "%y_x_5_addr = getelementptr i26 %y_x_5, i64 0, i64 %zext_ln1575" [../src/riccati_solver_hls.cpp:1579->../src/mpc_riccati_hls.cpp:647]   --->   Operation 41 'getelementptr' 'y_x_5_addr' <Predicate = (!icmp_ln1575)> <Delay = 0.00>
ST_1 : Operation 42 [1/1] (0.00ns)   --->   "%z_x_6_addr = getelementptr i26 %z_x_6, i64 0, i64 %zext_ln1575" [../src/riccati_solver_hls.cpp:1578->../src/mpc_riccati_hls.cpp:647]   --->   Operation 42 'getelementptr' 'z_x_6_addr' <Predicate = (!icmp_ln1575)> <Delay = 0.00>
ST_1 : Operation 43 [1/1] (0.00ns)   --->   "%y_x_6_addr = getelementptr i26 %y_x_6, i64 0, i64 %zext_ln1575" [../src/riccati_solver_hls.cpp:1579->../src/mpc_riccati_hls.cpp:647]   --->   Operation 43 'getelementptr' 'y_x_6_addr' <Predicate = (!icmp_ln1575)> <Delay = 0.00>
ST_1 : Operation 44 [1/1] (0.00ns)   --->   "%z_x_7_addr = getelementptr i26 %z_x_7, i64 0, i64 %zext_ln1575" [../src/riccati_solver_hls.cpp:1578->../src/mpc_riccati_hls.cpp:647]   --->   Operation 44 'getelementptr' 'z_x_7_addr' <Predicate = (!icmp_ln1575)> <Delay = 0.00>
ST_1 : Operation 45 [2/2] (0.67ns)   --->   "%z_x_1_load = load i5 %z_x_1_addr" [../src/riccati_solver_hls.cpp:1578->../src/mpc_riccati_hls.cpp:647]   --->   Operation 45 'load' 'z_x_1_load' <Predicate = (!icmp_ln1575)> <Delay = 0.67> <CoreInst = "RAM_2P_LUTRAM">   --->   Core 92 'RAM_2P_LUTRAM' <Latency = 1> <II = 1> <Delay = 0.67> <Storage> <Opcode : 'load' 'store'> <Ports = 2> <Width = 26> <Depth = 21> <RAM>
ST_1 : Operation 46 [2/2] (0.67ns)   --->   "%z_x_2_load = load i5 %z_x_2_addr" [../src/riccati_solver_hls.cpp:1578->../src/mpc_riccati_hls.cpp:647]   --->   Operation 46 'load' 'z_x_2_load' <Predicate = (!icmp_ln1575)> <Delay = 0.67> <CoreInst = "RAM_2P_LUTRAM">   --->   Core 92 'RAM_2P_LUTRAM' <Latency = 1> <II = 1> <Delay = 0.67> <Storage> <Opcode : 'load' 'store'> <Ports = 2> <Width = 26> <Depth = 21> <RAM>
ST_1 : Operation 47 [2/2] (0.67ns)   --->   "%z_x_3_load = load i5 %z_x_3_addr" [../src/riccati_solver_hls.cpp:1578->../src/mpc_riccati_hls.cpp:647]   --->   Operation 47 'load' 'z_x_3_load' <Predicate = (!icmp_ln1575)> <Delay = 0.67> <CoreInst = "RAM_2P_LUTRAM">   --->   Core 92 'RAM_2P_LUTRAM' <Latency = 1> <II = 1> <Delay = 0.67> <Storage> <Opcode : 'load' 'store'> <Ports = 2> <Width = 26> <Depth = 21> <RAM>
ST_1 : Operation 48 [2/2] (0.67ns)   --->   "%z_x_4_load = load i5 %z_x_4_addr" [../src/riccati_solver_hls.cpp:1578->../src/mpc_riccati_hls.cpp:647]   --->   Operation 48 'load' 'z_x_4_load' <Predicate = (!icmp_ln1575)> <Delay = 0.67> <CoreInst = "RAM_2P_LUTRAM">   --->   Core 92 'RAM_2P_LUTRAM' <Latency = 1> <II = 1> <Delay = 0.67> <Storage> <Opcode : 'load' 'store'> <Ports = 2> <Width = 26> <Depth = 21> <RAM>
ST_1 : Operation 49 [2/2] (0.67ns)   --->   "%z_x_5_load = load i5 %z_x_5_addr" [../src/riccati_solver_hls.cpp:1578->../src/mpc_riccati_hls.cpp:647]   --->   Operation 49 'load' 'z_x_5_load' <Predicate = (!icmp_ln1575)> <Delay = 0.67> <CoreInst = "RAM_2P_LUTRAM">   --->   Core 92 'RAM_2P_LUTRAM' <Latency = 1> <II = 1> <Delay = 0.67> <Storage> <Opcode : 'load' 'store'> <Ports = 2> <Width = 26> <Depth = 21> <RAM>
ST_1 : Operation 50 [2/2] (0.67ns)   --->   "%z_x_6_load = load i5 %z_x_6_addr" [../src/riccati_solver_hls.cpp:1578->../src/mpc_riccati_hls.cpp:647]   --->   Operation 50 'load' 'z_x_6_load' <Predicate = (!icmp_ln1575)> <Delay = 0.67> <CoreInst = "RAM_2P_LUTRAM">   --->   Core 92 'RAM_2P_LUTRAM' <Latency = 1> <II = 1> <Delay = 0.67> <Storage> <Opcode : 'load' 'store'> <Ports = 2> <Width = 26> <Depth = 21> <RAM>
ST_1 : Operation 51 [2/2] (0.67ns)   --->   "%z_x_7_load = load i5 %z_x_7_addr" [../src/riccati_solver_hls.cpp:1578->../src/mpc_riccati_hls.cpp:647]   --->   Operation 51 'load' 'z_x_7_load' <Predicate = (!icmp_ln1575)> <Delay = 0.67> <CoreInst = "RAM_2P_LUTRAM">   --->   Core 92 'RAM_2P_LUTRAM' <Latency = 1> <II = 1> <Delay = 0.67> <Storage> <Opcode : 'load' 'store'> <Ports = 2> <Width = 26> <Depth = 21> <RAM>
ST_1 : Operation 52 [1/1] (0.00ns)   --->   "%y_x_7_addr = getelementptr i26 %y_x_7, i64 0, i64 %zext_ln1575" [../src/riccati_solver_hls.cpp:1579->../src/mpc_riccati_hls.cpp:647]   --->   Operation 52 'getelementptr' 'y_x_7_addr' <Predicate = (!icmp_ln1575)> <Delay = 0.00>
ST_1 : Operation 53 [2/2] (0.67ns)   --->   "%y_x_load = load i5 %y_x_addr" [../src/riccati_solver_hls.cpp:1579->../src/mpc_riccati_hls.cpp:647]   --->   Operation 53 'load' 'y_x_load' <Predicate = (!icmp_ln1575)> <Delay = 0.67> <CoreInst = "RAM_2P_LUTRAM">   --->   Core 92 'RAM_2P_LUTRAM' <Latency = 1> <II = 1> <Delay = 0.67> <Storage> <Opcode : 'load' 'store'> <Ports = 2> <Width = 26> <Depth = 21> <RAM>
ST_1 : Operation 54 [2/2] (0.67ns)   --->   "%y_x_1_load = load i5 %y_x_1_addr" [../src/riccati_solver_hls.cpp:1579->../src/mpc_riccati_hls.cpp:647]   --->   Operation 54 'load' 'y_x_1_load' <Predicate = (!icmp_ln1575)> <Delay = 0.67> <CoreInst = "RAM_2P_LUTRAM">   --->   Core 92 'RAM_2P_LUTRAM' <Latency = 1> <II = 1> <Delay = 0.67> <Storage> <Opcode : 'load' 'store'> <Ports = 2> <Width = 26> <Depth = 21> <RAM>
ST_1 : Operation 55 [2/2] (0.67ns)   --->   "%y_x_2_load = load i5 %y_x_2_addr" [../src/riccati_solver_hls.cpp:1579->../src/mpc_riccati_hls.cpp:647]   --->   Operation 55 'load' 'y_x_2_load' <Predicate = (!icmp_ln1575)> <Delay = 0.67> <CoreInst = "RAM_2P_LUTRAM">   --->   Core 92 'RAM_2P_LUTRAM' <Latency = 1> <II = 1> <Delay = 0.67> <Storage> <Opcode : 'load' 'store'> <Ports = 2> <Width = 26> <Depth = 21> <RAM>
ST_1 : Operation 56 [2/2] (0.67ns)   --->   "%y_x_3_load = load i5 %y_x_3_addr" [../src/riccati_solver_hls.cpp:1579->../src/mpc_riccati_hls.cpp:647]   --->   Operation 56 'load' 'y_x_3_load' <Predicate = (!icmp_ln1575)> <Delay = 0.67> <CoreInst = "RAM_2P_LUTRAM">   --->   Core 92 'RAM_2P_LUTRAM' <Latency = 1> <II = 1> <Delay = 0.67> <Storage> <Opcode : 'load' 'store'> <Ports = 2> <Width = 26> <Depth = 21> <RAM>
ST_1 : Operation 57 [2/2] (0.67ns)   --->   "%y_x_4_load = load i5 %y_x_4_addr" [../src/riccati_solver_hls.cpp:1579->../src/mpc_riccati_hls.cpp:647]   --->   Operation 57 'load' 'y_x_4_load' <Predicate = (!icmp_ln1575)> <Delay = 0.67> <CoreInst = "RAM_2P_LUTRAM">   --->   Core 92 'RAM_2P_LUTRAM' <Latency = 1> <II = 1> <Delay = 0.67> <Storage> <Opcode : 'load' 'store'> <Ports = 2> <Width = 26> <Depth = 21> <RAM>
ST_1 : Operation 58 [2/2] (0.67ns)   --->   "%y_x_5_load = load i5 %y_x_5_addr" [../src/riccati_solver_hls.cpp:1579->../src/mpc_riccati_hls.cpp:647]   --->   Operation 58 'load' 'y_x_5_load' <Predicate = (!icmp_ln1575)> <Delay = 0.67> <CoreInst = "RAM_2P_LUTRAM">   --->   Core 92 'RAM_2P_LUTRAM' <Latency = 1> <II = 1> <Delay = 0.67> <Storage> <Opcode : 'load' 'store'> <Ports = 2> <Width = 26> <Depth = 21> <RAM>
ST_1 : Operation 59 [2/2] (0.67ns)   --->   "%y_x_6_load = load i5 %y_x_6_addr" [../src/riccati_solver_hls.cpp:1579->../src/mpc_riccati_hls.cpp:647]   --->   Operation 59 'load' 'y_x_6_load' <Predicate = (!icmp_ln1575)> <Delay = 0.67> <CoreInst = "RAM_2P_LUTRAM">   --->   Core 92 'RAM_2P_LUTRAM' <Latency = 1> <II = 1> <Delay = 0.67> <Storage> <Opcode : 'load' 'store'> <Ports = 2> <Width = 26> <Depth = 21> <RAM>
ST_1 : Operation 60 [2/2] (0.67ns)   --->   "%y_x_7_load = load i5 %y_x_7_addr" [../src/riccati_solver_hls.cpp:1579->../src/mpc_riccati_hls.cpp:647]   --->   Operation 60 'load' 'y_x_7_load' <Predicate = (!icmp_ln1575)> <Delay = 0.67> <CoreInst = "RAM_2P_LUTRAM">   --->   Core 92 'RAM_2P_LUTRAM' <Latency = 1> <II = 1> <Delay = 0.67> <Storage> <Opcode : 'load' 'store'> <Ports = 2> <Width = 26> <Depth = 21> <RAM>
ST_1 : Operation 61 [1/1] (0.42ns)   --->   "%store_ln1189 = store i5 %add_ln1575, i5 %k" [../src/riccati_solver_hls.cpp:1189->../src/mpc_riccati_hls.cpp:647]   --->   Operation 61 'store' 'store_ln1189' <Predicate = (!icmp_ln1575)> <Delay = 0.42>
ST_1 : Operation 114 [1/1] (0.42ns)   --->   "%ret_ln0 = ret"   --->   Operation 114 'ret' 'ret_ln0' <Predicate = (icmp_ln1575)> <Delay = 0.42>

State 2 <SV = 1> <Delay = 1.35>
ST_2 : Operation 62 [1/1] (0.00ns)   --->   "%specpipeline_ln1576 = specpipeline void @_ssdm_op_SpecPipeline, i32 1, i32 0, i32 0, i32 0, i32 4294967295, void @empty_524" [../src/riccati_solver_hls.cpp:1576->../src/mpc_riccati_hls.cpp:647]   --->   Operation 62 'specpipeline' 'specpipeline_ln1576' <Predicate = true> <Delay = 0.00>
ST_2 : Operation 63 [1/1] (0.00ns)   --->   "%speclooptripcount_ln1189 = speclooptripcount void @_ssdm_op_SpecLoopTripCount, i64 21, i64 21, i64 21" [../src/riccati_solver_hls.cpp:1189->../src/mpc_riccati_hls.cpp:647]   --->   Operation 63 'speclooptripcount' 'speclooptripcount_ln1189' <Predicate = true> <Delay = 0.00>
ST_2 : Operation 64 [1/1] (0.00ns)   --->   "%specloopname_ln1575 = specloopname void @_ssdm_op_SpecLoopName, void @empty_541" [../src/riccati_solver_hls.cpp:1575->../src/mpc_riccati_hls.cpp:647]   --->   Operation 64 'specloopname' 'specloopname_ln1575' <Predicate = true> <Delay = 0.00>
ST_2 : Operation 65 [1/1] (0.00ns)   --->   "%p_anonymous_namespace_g_core_state_admm_z_x_0_addr = getelementptr i26 %p_anonymous_namespace_g_core_state_admm_z_x_0, i64 0, i64 %zext_ln1575" [../src/riccati_solver_hls.cpp:1578->../src/mpc_riccati_hls.cpp:647]   --->   Operation 65 'getelementptr' 'p_anonymous_namespace_g_core_state_admm_z_x_0_addr' <Predicate = true> <Delay = 0.00>
ST_2 : Operation 66 [1/2] ( I:0.67ns O:0.67ns )   --->   "%z_x_load = load i5 %z_x_addr" [../src/riccati_solver_hls.cpp:1578->../src/mpc_riccati_hls.cpp:647]   --->   Operation 66 'load' 'z_x_load' <Predicate = true> <Delay = 0.67> <CoreInst = "RAM_2P_LUTRAM">   --->   Core 92 'RAM_2P_LUTRAM' <Latency = 1> <II = 1> <Delay = 0.67> <Storage> <Opcode : 'load' 'store'> <Ports = 2> <Width = 26> <Depth = 21> <RAM>
ST_2 : Operation 67 [1/1] (0.00ns)   --->   "%p_anonymous_namespace_g_core_state_admm_y_x_0_addr = getelementptr i26 %p_anonymous_namespace_g_core_state_admm_y_x_0, i64 0, i64 %zext_ln1575" [../src/riccati_solver_hls.cpp:1579->../src/mpc_riccati_hls.cpp:647]   --->   Operation 67 'getelementptr' 'p_anonymous_namespace_g_core_state_admm_y_x_0_addr' <Predicate = true> <Delay = 0.00>
ST_2 : Operation 68 [1/1] (0.00ns)   --->   "%p_anonymous_namespace_g_core_state_admm_z_x_1_addr = getelementptr i26 %p_anonymous_namespace_g_core_state_admm_z_x_1, i64 0, i64 %zext_ln1575" [../src/riccati_solver_hls.cpp:1578->../src/mpc_riccati_hls.cpp:647]   --->   Operation 68 'getelementptr' 'p_anonymous_namespace_g_core_state_admm_z_x_1_addr' <Predicate = true> <Delay = 0.00>
ST_2 : Operation 69 [1/1] (0.00ns)   --->   "%p_anonymous_namespace_g_core_state_admm_y_x_1_addr = getelementptr i26 %p_anonymous_namespace_g_core_state_admm_y_x_1, i64 0, i64 %zext_ln1575" [../src/riccati_solver_hls.cpp:1579->../src/mpc_riccati_hls.cpp:647]   --->   Operation 69 'getelementptr' 'p_anonymous_namespace_g_core_state_admm_y_x_1_addr' <Predicate = true> <Delay = 0.00>
ST_2 : Operation 70 [1/1] (0.00ns)   --->   "%p_anonymous_namespace_g_core_state_admm_z_x_2_addr = getelementptr i26 %p_anonymous_namespace_g_core_state_admm_z_x_2, i64 0, i64 %zext_ln1575" [../src/riccati_solver_hls.cpp:1578->../src/mpc_riccati_hls.cpp:647]   --->   Operation 70 'getelementptr' 'p_anonymous_namespace_g_core_state_admm_z_x_2_addr' <Predicate = true> <Delay = 0.00>
ST_2 : Operation 71 [1/1] (0.00ns)   --->   "%p_anonymous_namespace_g_core_state_admm_y_x_2_addr = getelementptr i26 %p_anonymous_namespace_g_core_state_admm_y_x_2, i64 0, i64 %zext_ln1575" [../src/riccati_solver_hls.cpp:1579->../src/mpc_riccati_hls.cpp:647]   --->   Operation 71 'getelementptr' 'p_anonymous_namespace_g_core_state_admm_y_x_2_addr' <Predicate = true> <Delay = 0.00>
ST_2 : Operation 72 [1/1] (0.00ns)   --->   "%p_anonymous_namespace_g_core_state_admm_z_x_3_addr = getelementptr i26 %p_anonymous_namespace_g_core_state_admm_z_x_3, i64 0, i64 %zext_ln1575" [../src/riccati_solver_hls.cpp:1578->../src/mpc_riccati_hls.cpp:647]   --->   Operation 72 'getelementptr' 'p_anonymous_namespace_g_core_state_admm_z_x_3_addr' <Predicate = true> <Delay = 0.00>
ST_2 : Operation 73 [1/1] (0.00ns)   --->   "%p_anonymous_namespace_g_core_state_admm_y_x_3_addr = getelementptr i26 %p_anonymous_namespace_g_core_state_admm_y_x_3, i64 0, i64 %zext_ln1575" [../src/riccati_solver_hls.cpp:1579->../src/mpc_riccati_hls.cpp:647]   --->   Operation 73 'getelementptr' 'p_anonymous_namespace_g_core_state_admm_y_x_3_addr' <Predicate = true> <Delay = 0.00>
ST_2 : Operation 74 [1/1] (0.00ns)   --->   "%p_anonymous_namespace_g_core_state_admm_z_x_4_addr = getelementptr i26 %p_anonymous_namespace_g_core_state_admm_z_x_4, i64 0, i64 %zext_ln1575" [../src/riccati_solver_hls.cpp:1578->../src/mpc_riccati_hls.cpp:647]   --->   Operation 74 'getelementptr' 'p_anonymous_namespace_g_core_state_admm_z_x_4_addr' <Predicate = true> <Delay = 0.00>
ST_2 : Operation 75 [1/1] (0.00ns)   --->   "%p_anonymous_namespace_g_core_state_admm_y_x_4_addr = getelementptr i26 %p_anonymous_namespace_g_core_state_admm_y_x_4, i64 0, i64 %zext_ln1575" [../src/riccati_solver_hls.cpp:1579->../src/mpc_riccati_hls.cpp:647]   --->   Operation 75 'getelementptr' 'p_anonymous_namespace_g_core_state_admm_y_x_4_addr' <Predicate = true> <Delay = 0.00>
ST_2 : Operation 76 [1/1] (0.00ns)   --->   "%p_anonymous_namespace_g_core_state_admm_z_x_5_addr = getelementptr i26 %p_anonymous_namespace_g_core_state_admm_z_x_5, i64 0, i64 %zext_ln1575" [../src/riccati_solver_hls.cpp:1578->../src/mpc_riccati_hls.cpp:647]   --->   Operation 76 'getelementptr' 'p_anonymous_namespace_g_core_state_admm_z_x_5_addr' <Predicate = true> <Delay = 0.00>
ST_2 : Operation 77 [1/1] (0.00ns)   --->   "%p_anonymous_namespace_g_core_state_admm_y_x_5_addr = getelementptr i26 %p_anonymous_namespace_g_core_state_admm_y_x_5, i64 0, i64 %zext_ln1575" [../src/riccati_solver_hls.cpp:1579->../src/mpc_riccati_hls.cpp:647]   --->   Operation 77 'getelementptr' 'p_anonymous_namespace_g_core_state_admm_y_x_5_addr' <Predicate = true> <Delay = 0.00>
ST_2 : Operation 78 [1/1] (0.00ns)   --->   "%p_anonymous_namespace_g_core_state_admm_z_x_6_addr = getelementptr i26 %p_anonymous_namespace_g_core_state_admm_z_x_6, i64 0, i64 %zext_ln1575" [../src/riccati_solver_hls.cpp:1578->../src/mpc_riccati_hls.cpp:647]   --->   Operation 78 'getelementptr' 'p_anonymous_namespace_g_core_state_admm_z_x_6_addr' <Predicate = true> <Delay = 0.00>
ST_2 : Operation 79 [1/1] (0.00ns)   --->   "%p_anonymous_namespace_g_core_state_admm_y_x_6_addr = getelementptr i26 %p_anonymous_namespace_g_core_state_admm_y_x_6, i64 0, i64 %zext_ln1575" [../src/riccati_solver_hls.cpp:1579->../src/mpc_riccati_hls.cpp:647]   --->   Operation 79 'getelementptr' 'p_anonymous_namespace_g_core_state_admm_y_x_6_addr' <Predicate = true> <Delay = 0.00>
ST_2 : Operation 80 [1/1] (0.00ns)   --->   "%p_anonymous_namespace_g_core_state_admm_z_x_7_addr = getelementptr i26 %p_anonymous_namespace_g_core_state_admm_z_x_7, i64 0, i64 %zext_ln1575" [../src/riccati_solver_hls.cpp:1578->../src/mpc_riccati_hls.cpp:647]   --->   Operation 80 'getelementptr' 'p_anonymous_namespace_g_core_state_admm_z_x_7_addr' <Predicate = true> <Delay = 0.00>
ST_2 : Operation 81 [1/2] ( I:0.67ns O:0.67ns )   --->   "%z_x_1_load = load i5 %z_x_1_addr" [../src/riccati_solver_hls.cpp:1578->../src/mpc_riccati_hls.cpp:647]   --->   Operation 81 'load' 'z_x_1_load' <Predicate = true> <Delay = 0.67> <CoreInst = "RAM_2P_LUTRAM">   --->   Core 92 'RAM_2P_LUTRAM' <Latency = 1> <II = 1> <Delay = 0.67> <Storage> <Opcode : 'load' 'store'> <Ports = 2> <Width = 26> <Depth = 21> <RAM>
ST_2 : Operation 82 [1/2] ( I:0.67ns O:0.67ns )   --->   "%z_x_2_load = load i5 %z_x_2_addr" [../src/riccati_solver_hls.cpp:1578->../src/mpc_riccati_hls.cpp:647]   --->   Operation 82 'load' 'z_x_2_load' <Predicate = true> <Delay = 0.67> <CoreInst = "RAM_2P_LUTRAM">   --->   Core 92 'RAM_2P_LUTRAM' <Latency = 1> <II = 1> <Delay = 0.67> <Storage> <Opcode : 'load' 'store'> <Ports = 2> <Width = 26> <Depth = 21> <RAM>
ST_2 : Operation 83 [1/2] ( I:0.67ns O:0.67ns )   --->   "%z_x_3_load = load i5 %z_x_3_addr" [../src/riccati_solver_hls.cpp:1578->../src/mpc_riccati_hls.cpp:647]   --->   Operation 83 'load' 'z_x_3_load' <Predicate = true> <Delay = 0.67> <CoreInst = "RAM_2P_LUTRAM">   --->   Core 92 'RAM_2P_LUTRAM' <Latency = 1> <II = 1> <Delay = 0.67> <Storage> <Opcode : 'load' 'store'> <Ports = 2> <Width = 26> <Depth = 21> <RAM>
ST_2 : Operation 84 [1/2] ( I:0.67ns O:0.67ns )   --->   "%z_x_4_load = load i5 %z_x_4_addr" [../src/riccati_solver_hls.cpp:1578->../src/mpc_riccati_hls.cpp:647]   --->   Operation 84 'load' 'z_x_4_load' <Predicate = true> <Delay = 0.67> <CoreInst = "RAM_2P_LUTRAM">   --->   Core 92 'RAM_2P_LUTRAM' <Latency = 1> <II = 1> <Delay = 0.67> <Storage> <Opcode : 'load' 'store'> <Ports = 2> <Width = 26> <Depth = 21> <RAM>
ST_2 : Operation 85 [1/2] ( I:0.67ns O:0.67ns )   --->   "%z_x_5_load = load i5 %z_x_5_addr" [../src/riccati_solver_hls.cpp:1578->../src/mpc_riccati_hls.cpp:647]   --->   Operation 85 'load' 'z_x_5_load' <Predicate = true> <Delay = 0.67> <CoreInst = "RAM_2P_LUTRAM">   --->   Core 92 'RAM_2P_LUTRAM' <Latency = 1> <II = 1> <Delay = 0.67> <Storage> <Opcode : 'load' 'store'> <Ports = 2> <Width = 26> <Depth = 21> <RAM>
ST_2 : Operation 86 [1/2] ( I:0.67ns O:0.67ns )   --->   "%z_x_6_load = load i5 %z_x_6_addr" [../src/riccati_solver_hls.cpp:1578->../src/mpc_riccati_hls.cpp:647]   --->   Operation 86 'load' 'z_x_6_load' <Predicate = true> <Delay = 0.67> <CoreInst = "RAM_2P_LUTRAM">   --->   Core 92 'RAM_2P_LUTRAM' <Latency = 1> <II = 1> <Delay = 0.67> <Storage> <Opcode : 'load' 'store'> <Ports = 2> <Width = 26> <Depth = 21> <RAM>
ST_2 : Operation 87 [1/2] ( I:0.67ns O:0.67ns )   --->   "%z_x_7_load = load i5 %z_x_7_addr" [../src/riccati_solver_hls.cpp:1578->../src/mpc_riccati_hls.cpp:647]   --->   Operation 87 'load' 'z_x_7_load' <Predicate = true> <Delay = 0.67> <CoreInst = "RAM_2P_LUTRAM">   --->   Core 92 'RAM_2P_LUTRAM' <Latency = 1> <II = 1> <Delay = 0.67> <Storage> <Opcode : 'load' 'store'> <Ports = 2> <Width = 26> <Depth = 21> <RAM>
ST_2 : Operation 88 [1/1] ( I:0.67ns O:0.67ns )   --->   "%store_ln1578 = store i26 %z_x_load, i5 %p_anonymous_namespace_g_core_state_admm_z_x_0_addr" [../src/riccati_solver_hls.cpp:1578->../src/mpc_riccati_hls.cpp:647]   --->   Operation 88 'store' 'store_ln1578' <Predicate = true> <Delay = 0.67> <CoreInst = "RAM">   --->   Core 82 'RAM' <Latency = 1> <II = 1> <Delay = 0.67> <Storage> <Opcode : 'load' 'store'> <Ports = 2> <Width = 26> <Depth = 21> <RAM>
ST_2 : Operation 89 [1/1] ( I:0.67ns O:0.67ns )   --->   "%store_ln1578 = store i26 %z_x_1_load, i5 %p_anonymous_namespace_g_core_state_admm_z_x_1_addr" [../src/riccati_solver_hls.cpp:1578->../src/mpc_riccati_hls.cpp:647]   --->   Operation 89 'store' 'store_ln1578' <Predicate = true> <Delay = 0.67> <CoreInst = "RAM">   --->   Core 82 'RAM' <Latency = 1> <II = 1> <Delay = 0.67> <Storage> <Opcode : 'load' 'store'> <Ports = 2> <Width = 26> <Depth = 21> <RAM>
ST_2 : Operation 90 [1/1] ( I:0.67ns O:0.67ns )   --->   "%store_ln1578 = store i26 %z_x_2_load, i5 %p_anonymous_namespace_g_core_state_admm_z_x_2_addr" [../src/riccati_solver_hls.cpp:1578->../src/mpc_riccati_hls.cpp:647]   --->   Operation 90 'store' 'store_ln1578' <Predicate = true> <Delay = 0.67> <CoreInst = "RAM">   --->   Core 82 'RAM' <Latency = 1> <II = 1> <Delay = 0.67> <Storage> <Opcode : 'load' 'store'> <Ports = 2> <Width = 26> <Depth = 21> <RAM>
ST_2 : Operation 91 [1/1] ( I:0.67ns O:0.67ns )   --->   "%store_ln1578 = store i26 %z_x_3_load, i5 %p_anonymous_namespace_g_core_state_admm_z_x_3_addr" [../src/riccati_solver_hls.cpp:1578->../src/mpc_riccati_hls.cpp:647]   --->   Operation 91 'store' 'store_ln1578' <Predicate = true> <Delay = 0.67> <CoreInst = "RAM">   --->   Core 82 'RAM' <Latency = 1> <II = 1> <Delay = 0.67> <Storage> <Opcode : 'load' 'store'> <Ports = 2> <Width = 26> <Depth = 21> <RAM>
ST_2 : Operation 92 [1/1] ( I:0.67ns O:0.67ns )   --->   "%store_ln1578 = store i26 %z_x_4_load, i5 %p_anonymous_namespace_g_core_state_admm_z_x_4_addr" [../src/riccati_solver_hls.cpp:1578->../src/mpc_riccati_hls.cpp:647]   --->   Operation 92 'store' 'store_ln1578' <Predicate = true> <Delay = 0.67> <CoreInst = "RAM">   --->   Core 82 'RAM' <Latency = 1> <II = 1> <Delay = 0.67> <Storage> <Opcode : 'load' 'store'> <Ports = 2> <Width = 26> <Depth = 21> <RAM>
ST_2 : Operation 93 [1/1] ( I:0.67ns O:0.67ns )   --->   "%store_ln1578 = store i26 %z_x_5_load, i5 %p_anonymous_namespace_g_core_state_admm_z_x_5_addr" [../src/riccati_solver_hls.cpp:1578->../src/mpc_riccati_hls.cpp:647]   --->   Operation 93 'store' 'store_ln1578' <Predicate = true> <Delay = 0.67> <CoreInst = "RAM">   --->   Core 82 'RAM' <Latency = 1> <II = 1> <Delay = 0.67> <Storage> <Opcode : 'load' 'store'> <Ports = 2> <Width = 26> <Depth = 21> <RAM>
ST_2 : Operation 94 [1/1] ( I:0.67ns O:0.67ns )   --->   "%store_ln1578 = store i26 %z_x_6_load, i5 %p_anonymous_namespace_g_core_state_admm_z_x_6_addr" [../src/riccati_solver_hls.cpp:1578->../src/mpc_riccati_hls.cpp:647]   --->   Operation 94 'store' 'store_ln1578' <Predicate = true> <Delay = 0.67> <CoreInst = "RAM">   --->   Core 82 'RAM' <Latency = 1> <II = 1> <Delay = 0.67> <Storage> <Opcode : 'load' 'store'> <Ports = 2> <Width = 26> <Depth = 21> <RAM>
ST_2 : Operation 95 [1/1] ( I:0.67ns O:0.67ns )   --->   "%store_ln1578 = store i26 %z_x_7_load, i5 %p_anonymous_namespace_g_core_state_admm_z_x_7_addr" [../src/riccati_solver_hls.cpp:1578->../src/mpc_riccati_hls.cpp:647]   --->   Operation 95 'store' 'store_ln1578' <Predicate = true> <Delay = 0.67> <CoreInst = "RAM">   --->   Core 82 'RAM' <Latency = 1> <II = 1> <Delay = 0.67> <Storage> <Opcode : 'load' 'store'> <Ports = 2> <Width = 26> <Depth = 21> <RAM>
ST_2 : Operation 96 [1/1] (0.00ns)   --->   "%p_anonymous_namespace_g_core_state_admm_y_x_7_addr = getelementptr i26 %p_anonymous_namespace_g_core_state_admm_y_x_7, i64 0, i64 %zext_ln1575" [../src/riccati_solver_hls.cpp:1579->../src/mpc_riccati_hls.cpp:647]   --->   Operation 96 'getelementptr' 'p_anonymous_namespace_g_core_state_admm_y_x_7_addr' <Predicate = true> <Delay = 0.00>
ST_2 : Operation 97 [1/2] ( I:0.67ns O:0.67ns )   --->   "%y_x_load = load i5 %y_x_addr" [../src/riccati_solver_hls.cpp:1579->../src/mpc_riccati_hls.cpp:647]   --->   Operation 97 'load' 'y_x_load' <Predicate = true> <Delay = 0.67> <CoreInst = "RAM_2P_LUTRAM">   --->   Core 92 'RAM_2P_LUTRAM' <Latency = 1> <II = 1> <Delay = 0.67> <Storage> <Opcode : 'load' 'store'> <Ports = 2> <Width = 26> <Depth = 21> <RAM>
ST_2 : Operation 98 [1/2] ( I:0.67ns O:0.67ns )   --->   "%y_x_1_load = load i5 %y_x_1_addr" [../src/riccati_solver_hls.cpp:1579->../src/mpc_riccati_hls.cpp:647]   --->   Operation 98 'load' 'y_x_1_load' <Predicate = true> <Delay = 0.67> <CoreInst = "RAM_2P_LUTRAM">   --->   Core 92 'RAM_2P_LUTRAM' <Latency = 1> <II = 1> <Delay = 0.67> <Storage> <Opcode : 'load' 'store'> <Ports = 2> <Width = 26> <Depth = 21> <RAM>
ST_2 : Operation 99 [1/2] ( I:0.67ns O:0.67ns )   --->   "%y_x_2_load = load i5 %y_x_2_addr" [../src/riccati_solver_hls.cpp:1579->../src/mpc_riccati_hls.cpp:647]   --->   Operation 99 'load' 'y_x_2_load' <Predicate = true> <Delay = 0.67> <CoreInst = "RAM_2P_LUTRAM">   --->   Core 92 'RAM_2P_LUTRAM' <Latency = 1> <II = 1> <Delay = 0.67> <Storage> <Opcode : 'load' 'store'> <Ports = 2> <Width = 26> <Depth = 21> <RAM>
ST_2 : Operation 100 [1/2] ( I:0.67ns O:0.67ns )   --->   "%y_x_3_load = load i5 %y_x_3_addr" [../src/riccati_solver_hls.cpp:1579->../src/mpc_riccati_hls.cpp:647]   --->   Operation 100 'load' 'y_x_3_load' <Predicate = true> <Delay = 0.67> <CoreInst = "RAM_2P_LUTRAM">   --->   Core 92 'RAM_2P_LUTRAM' <Latency = 1> <II = 1> <Delay = 0.67> <Storage> <Opcode : 'load' 'store'> <Ports = 2> <Width = 26> <Depth = 21> <RAM>
ST_2 : Operation 101 [1/2] ( I:0.67ns O:0.67ns )   --->   "%y_x_4_load = load i5 %y_x_4_addr" [../src/riccati_solver_hls.cpp:1579->../src/mpc_riccati_hls.cpp:647]   --->   Operation 101 'load' 'y_x_4_load' <Predicate = true> <Delay = 0.67> <CoreInst = "RAM_2P_LUTRAM">   --->   Core 92 'RAM_2P_LUTRAM' <Latency = 1> <II = 1> <Delay = 0.67> <Storage> <Opcode : 'load' 'store'> <Ports = 2> <Width = 26> <Depth = 21> <RAM>
ST_2 : Operation 102 [1/2] ( I:0.67ns O:0.67ns )   --->   "%y_x_5_load = load i5 %y_x_5_addr" [../src/riccati_solver_hls.cpp:1579->../src/mpc_riccati_hls.cpp:647]   --->   Operation 102 'load' 'y_x_5_load' <Predicate = true> <Delay = 0.67> <CoreInst = "RAM_2P_LUTRAM">   --->   Core 92 'RAM_2P_LUTRAM' <Latency = 1> <II = 1> <Delay = 0.67> <Storage> <Opcode : 'load' 'store'> <Ports = 2> <Width = 26> <Depth = 21> <RAM>
ST_2 : Operation 103 [1/2] ( I:0.67ns O:0.67ns )   --->   "%y_x_6_load = load i5 %y_x_6_addr" [../src/riccati_solver_hls.cpp:1579->../src/mpc_riccati_hls.cpp:647]   --->   Operation 103 'load' 'y_x_6_load' <Predicate = true> <Delay = 0.67> <CoreInst = "RAM_2P_LUTRAM">   --->   Core 92 'RAM_2P_LUTRAM' <Latency = 1> <II = 1> <Delay = 0.67> <Storage> <Opcode : 'load' 'store'> <Ports = 2> <Width = 26> <Depth = 21> <RAM>
ST_2 : Operation 104 [1/2] ( I:0.67ns O:0.67ns )   --->   "%y_x_7_load = load i5 %y_x_7_addr" [../src/riccati_solver_hls.cpp:1579->../src/mpc_riccati_hls.cpp:647]   --->   Operation 104 'load' 'y_x_7_load' <Predicate = true> <Delay = 0.67> <CoreInst = "RAM_2P_LUTRAM">   --->   Core 92 'RAM_2P_LUTRAM' <Latency = 1> <II = 1> <Delay = 0.67> <Storage> <Opcode : 'load' 'store'> <Ports = 2> <Width = 26> <Depth = 21> <RAM>
ST_2 : Operation 105 [1/1] ( I:0.67ns O:0.67ns )   --->   "%store_ln1579 = store i26 %y_x_load, i5 %p_anonymous_namespace_g_core_state_admm_y_x_0_addr" [../src/riccati_solver_hls.cpp:1579->../src/mpc_riccati_hls.cpp:647]   --->   Operation 105 'store' 'store_ln1579' <Predicate = true> <Delay = 0.67> <CoreInst = "RAM">   --->   Core 82 'RAM' <Latency = 1> <II = 1> <Delay = 0.67> <Storage> <Opcode : 'load' 'store'> <Ports = 2> <Width = 26> <Depth = 21> <RAM>
ST_2 : Operation 106 [1/1] ( I:0.67ns O:0.67ns )   --->   "%store_ln1579 = store i26 %y_x_1_load, i5 %p_anonymous_namespace_g_core_state_admm_y_x_1_addr" [../src/riccati_solver_hls.cpp:1579->../src/mpc_riccati_hls.cpp:647]   --->   Operation 106 'store' 'store_ln1579' <Predicate = true> <Delay = 0.67> <CoreInst = "RAM">   --->   Core 82 'RAM' <Latency = 1> <II = 1> <Delay = 0.67> <Storage> <Opcode : 'load' 'store'> <Ports = 2> <Width = 26> <Depth = 21> <RAM>
ST_2 : Operation 107 [1/1] ( I:0.67ns O:0.67ns )   --->   "%store_ln1579 = store i26 %y_x_2_load, i5 %p_anonymous_namespace_g_core_state_admm_y_x_2_addr" [../src/riccati_solver_hls.cpp:1579->../src/mpc_riccati_hls.cpp:647]   --->   Operation 107 'store' 'store_ln1579' <Predicate = true> <Delay = 0.67> <CoreInst = "RAM">   --->   Core 82 'RAM' <Latency = 1> <II = 1> <Delay = 0.67> <Storage> <Opcode : 'load' 'store'> <Ports = 2> <Width = 26> <Depth = 21> <RAM>
ST_2 : Operation 108 [1/1] ( I:0.67ns O:0.67ns )   --->   "%store_ln1579 = store i26 %y_x_3_load, i5 %p_anonymous_namespace_g_core_state_admm_y_x_3_addr" [../src/riccati_solver_hls.cpp:1579->../src/mpc_riccati_hls.cpp:647]   --->   Operation 108 'store' 'store_ln1579' <Predicate = true> <Delay = 0.67> <CoreInst = "RAM">   --->   Core 82 'RAM' <Latency = 1> <II = 1> <Delay = 0.67> <Storage> <Opcode : 'load' 'store'> <Ports = 2> <Width = 26> <Depth = 21> <RAM>
ST_2 : Operation 109 [1/1] ( I:0.67ns O:0.67ns )   --->   "%store_ln1579 = store i26 %y_x_4_load, i5 %p_anonymous_namespace_g_core_state_admm_y_x_4_addr" [../src/riccati_solver_hls.cpp:1579->../src/mpc_riccati_hls.cpp:647]   --->   Operation 109 'store' 'store_ln1579' <Predicate = true> <Delay = 0.67> <CoreInst = "RAM">   --->   Core 82 'RAM' <Latency = 1> <II = 1> <Delay = 0.67> <Storage> <Opcode : 'load' 'store'> <Ports = 2> <Width = 26> <Depth = 21> <RAM>
ST_2 : Operation 110 [1/1] ( I:0.67ns O:0.67ns )   --->   "%store_ln1579 = store i26 %y_x_5_load, i5 %p_anonymous_namespace_g_core_state_admm_y_x_5_addr" [../src/riccati_solver_hls.cpp:1579->../src/mpc_riccati_hls.cpp:647]   --->   Operation 110 'store' 'store_ln1579' <Predicate = true> <Delay = 0.67> <CoreInst = "RAM">   --->   Core 82 'RAM' <Latency = 1> <II = 1> <Delay = 0.67> <Storage> <Opcode : 'load' 'store'> <Ports = 2> <Width = 26> <Depth = 21> <RAM>
ST_2 : Operation 111 [1/1] ( I:0.67ns O:0.67ns )   --->   "%store_ln1579 = store i26 %y_x_6_load, i5 %p_anonymous_namespace_g_core_state_admm_y_x_6_addr" [../src/riccati_solver_hls.cpp:1579->../src/mpc_riccati_hls.cpp:647]   --->   Operation 111 'store' 'store_ln1579' <Predicate = true> <Delay = 0.67> <CoreInst = "RAM">   --->   Core 82 'RAM' <Latency = 1> <II = 1> <Delay = 0.67> <Storage> <Opcode : 'load' 'store'> <Ports = 2> <Width = 26> <Depth = 21> <RAM>
ST_2 : Operation 112 [1/1] ( I:0.67ns O:0.67ns )   --->   "%store_ln1579 = store i26 %y_x_7_load, i5 %p_anonymous_namespace_g_core_state_admm_y_x_7_addr" [../src/riccati_solver_hls.cpp:1579->../src/mpc_riccati_hls.cpp:647]   --->   Operation 112 'store' 'store_ln1579' <Predicate = true> <Delay = 0.67> <CoreInst = "RAM">   --->   Core 82 'RAM' <Latency = 1> <II = 1> <Delay = 0.67> <Storage> <Opcode : 'load' 'store'> <Ports = 2> <Width = 26> <Depth = 21> <RAM>
ST_2 : Operation 113 [1/1] (0.00ns)   --->   "%br_ln1575 = br void %for.body789.i" [../src/riccati_solver_hls.cpp:1575->../src/mpc_riccati_hls.cpp:647]   --->   Operation 113 'br' 'br_ln1575' <Predicate = true> <Delay = 0.00>


============================================================
+ Verbose Summary: Timing violations
============================================================
Target clock period: 5.000ns, clock uncertainty: 0.500ns.

 <State 1>: 1.643ns
The critical path consists of the following:
	'store' operation ('store_ln1189', ../src/riccati_solver_hls.cpp:1189->../src/mpc_riccati_hls.cpp:647) of constant 0 5 bit on local variable 'k', ../src/riccati_solver_hls.cpp:1189->../src/mpc_riccati_hls.cpp:647 [50]  (0.427 ns)
	'load' operation 5 bit ('k', ../src/riccati_solver_hls.cpp:1575->../src/mpc_riccati_hls.cpp:647) on local variable 'k', ../src/riccati_solver_hls.cpp:1189->../src/mpc_riccati_hls.cpp:647 [53]  (0.000 ns)
	'add' operation 5 bit ('add_ln1575', ../src/riccati_solver_hls.cpp:1575->../src/mpc_riccati_hls.cpp:647) [55]  (0.789 ns)
	'store' operation ('store_ln1189', ../src/riccati_solver_hls.cpp:1189->../src/mpc_riccati_hls.cpp:647) of variable 'add_ln1575', ../src/riccati_solver_hls.cpp:1575->../src/mpc_riccati_hls.cpp:647 5 bit on local variable 'k', ../src/riccati_solver_hls.cpp:1189->../src/mpc_riccati_hls.cpp:647 [126]  (0.427 ns)

 <State 2>: 1.354ns
The critical path consists of the following:
	'load' operation 26 bit ('z_x_load', ../src/riccati_solver_hls.cpp:1578->../src/mpc_riccati_hls.cpp:647) on array 'z_x' [64]  (0.677 ns)
	'store' operation ('store_ln1578', ../src/riccati_solver_hls.cpp:1578->../src/mpc_riccati_hls.cpp:647) of variable 'z_x_load', ../src/riccati_solver_hls.cpp:1578->../src/mpc_riccati_hls.cpp:647 26 bit on array 'p_anonymous_namespace_g_core_state_admm_z_x_0' [100]  (0.677 ns)


============================================================
+ Verbose Summary: Binding
============================================================
N/A
* FSMD analyzer results:
  - Output states:
 - Input state : 
  - Chain level:
	State 1
	State 2


============================================================
+ Verbose Summary: Datapath Resource usage 
============================================================
N/A
