

================================================================
== Vitis HLS Report for 'mpc_compute_hls_Pipeline_VITIS_LOOP_1320_16'
================================================================
* Date:           Thu Jun 11 16:07:07 2026

* Version:        2025.2 (Build 6295257 on Nov 14 2025)
* Project:        mpc_fpga_top_opencl
* Solution:       hls (Vitis Kernel Flow Target)
* Product family: zynquplus
* Target device:  xck26-sfvc784-2LV-c


================================================================
== Performance Estimates
================================================================
+ Timing: 
    * Summary: 
    +--------+---------+----------+------------+
    |  Clock |  Target | Estimated| Uncertainty|
    +--------+---------+----------+------------+
    |ap_clk  |  5.00 ns|  2.309 ns|     0.50 ns|
    +--------+---------+----------+------------+

+ Latency: 
    * Summary: 
    +---------+---------+----------+----------+-----+-----+-------------------+
    |  Latency (cycles) |  Latency (absolute) |  Interval |      Pipeline     |
    |   min   |   max   |    min   |    max   | min | max |        Type       |
    +---------+---------+----------+----------+-----+-----+-------------------+
    |       23|       23|  0.115 us|  0.115 us|    0|    0|  loop pipeline stp|
    +---------+---------+----------+----------+-----+-----+-------------------+

    + Detail: 
        * Instance: 
        N/A

        * Loop: 
        +----------------------+---------+---------+----------+-----------+-----------+------+----------+
        |                      |  Latency (cycles) | Iteration|  Initiation Interval  | Trip |          |
        |       Loop Name      |   min   |   max   |  Latency |  achieved |   target  | Count| Pipelined|
        +----------------------+---------+---------+----------+-----------+-----------+------+----------+
        |- VITIS_LOOP_1320_16  |       21|       21|         2|          1|          1|    21|       yes|
        +----------------------+---------+---------+----------+-----------+-----------+------+----------+



================================================================
== Utilization Estimates
================================================================
* Summary: 
+-----------------+---------+------+--------+--------+-----+
|       Name      | BRAM_18K|  DSP |   FF   |   LUT  | URAM|
+-----------------+---------+------+--------+--------+-----+
|DSP              |        -|     -|       -|       -|    -|
|Expression       |        -|     -|       0|      92|    -|
|FIFO             |        -|     -|       -|       -|    -|
|Instance         |        -|     -|       -|       -|    -|
|Memory           |        -|     -|       -|       -|    -|
|Multiplexer      |        -|     -|       0|      36|    -|
|Register         |        -|     -|      13|       -|    -|
+-----------------+---------+------+--------+--------+-----+
|Total            |        0|     0|      13|     128|    0|
+-----------------+---------+------+--------+--------+-----+
|Available        |      288|  1248|  234240|  117120|   64|
+-----------------+---------+------+--------+--------+-----+
|Utilization (%)  |        0|     0|      ~0|      ~0|    0|
+-----------------+---------+------+--------+--------+-----+

+ Detail: 
    * Instance: 
    N/A

    * DSP: 
    N/A

    * Memory: 
    N/A

    * FIFO: 
    N/A

    * Expression: 
    +-----------------------+----------+----+---+----+------------+------------+
    |     Variable Name     | Operation| DSP| FF| LUT| Bitwidth P0| Bitwidth P1|
    +-----------------------+----------+----+---+----+------------+------------+
    |add_ln1320_fu_152_p2   |         +|   0|  0|  12|           5|           1|
    |sub_ln1321_fu_171_p2   |         -|   0|  0|  33|          26|          26|
    |sub_ln1322_fu_178_p2   |         -|   0|  0|  33|          26|          26|
    |icmp_ln1320_fu_146_p2  |      icmp|   0|  0|  12|           5|           5|
    |ap_enable_pp0          |       xor|   0|  0|   2|           1|           2|
    +-----------------------+----------+----+---+----+------------+------------+
    |Total                  |          |   0|  0|  92|          63|          60|
    +-----------------------+----------+----+---+----+------------+------------+

    * Multiplexer: 
    +-------------------------+----+-----------+-----+-----------+
    |           Name          | LUT| Input Size| Bits| Total Bits|
    +-------------------------+----+-----------+-----+-----------+
    |ap_done_int              |   9|          2|    1|          2|
    |ap_enable_reg_pp0_iter1  |   9|          2|    1|          2|
    |ap_sig_allocacmp_k_11    |   9|          2|    5|         10|
    |k_fu_48                  |   9|          2|    5|         10|
    +-------------------------+----+-----------+-----+-----------+
    |Total                    |  36|          8|   12|         24|
    +-------------------------+----+-----------+-----+-----------+

    * Register: 
    +-------------------------+---+----+-----+-----------+
    |           Name          | FF| LUT| Bits| Const Bits|
    +-------------------------+---+----+-----+-----------+
    |ap_CS_fsm                |  1|   0|    1|          0|
    |ap_done_reg              |  1|   0|    1|          0|
    |ap_enable_reg_pp0_iter1  |  1|   0|    1|          0|
    |k_fu_48                  |  5|   0|    5|          0|
    |zext_ln1320_reg_195      |  5|   0|   64|         59|
    +-------------------------+---+----+-----+-----------+
    |Total                    | 13|   0|   72|         59|
    +-------------------------+---+----+-----+-----------+



================================================================
== Interface
================================================================
* Summary: 
+------------------+-----+-----+------------+---------------------------------------------+--------------+
|     RTL Ports    | Dir | Bits|  Protocol  |                Source Object                |    C Type    |
+------------------+-----+-----+------------+---------------------------------------------+--------------+
|ap_clk            |   in|    1|  ap_ctrl_hs|  mpc_compute_hls_Pipeline_VITIS_LOOP_1320_16|  return value|
|ap_rst            |   in|    1|  ap_ctrl_hs|  mpc_compute_hls_Pipeline_VITIS_LOOP_1320_16|  return value|
|ap_start          |   in|    1|  ap_ctrl_hs|  mpc_compute_hls_Pipeline_VITIS_LOOP_1320_16|  return value|
|ap_done           |  out|    1|  ap_ctrl_hs|  mpc_compute_hls_Pipeline_VITIS_LOOP_1320_16|  return value|
|ap_idle           |  out|    1|  ap_ctrl_hs|  mpc_compute_hls_Pipeline_VITIS_LOOP_1320_16|  return value|
|ap_ready          |  out|    1|  ap_ctrl_hs|  mpc_compute_hls_Pipeline_VITIS_LOOP_1320_16|  return value|
|y_x_5_address1    |  out|    5|   ap_memory|                                        y_x_5|         array|
|y_x_5_ce1         |  out|    1|   ap_memory|                                        y_x_5|         array|
|y_x_5_we1         |  out|    1|   ap_memory|                                        y_x_5|         array|
|y_x_5_d1          |  out|   26|   ap_memory|                                        y_x_5|         array|
|y_x_address1      |  out|    5|   ap_memory|                                          y_x|         array|
|y_x_ce1           |  out|    1|   ap_memory|                                          y_x|         array|
|y_x_we1           |  out|    1|   ap_memory|                                          y_x|         array|
|y_x_d1            |  out|   26|   ap_memory|                                          y_x|         array|
|sol_x_address0    |  out|    5|   ap_memory|                                        sol_x|         array|
|sol_x_ce0         |  out|    1|   ap_memory|                                        sol_x|         array|
|sol_x_q0          |   in|   26|   ap_memory|                                        sol_x|         array|
|z_x_address0      |  out|    5|   ap_memory|                                          z_x|         array|
|z_x_ce0           |  out|    1|   ap_memory|                                          z_x|         array|
|z_x_q0            |   in|   26|   ap_memory|                                          z_x|         array|
|sol_x_5_address0  |  out|    5|   ap_memory|                                      sol_x_5|         array|
|sol_x_5_ce0       |  out|    1|   ap_memory|                                      sol_x_5|         array|
|sol_x_5_q0        |   in|   26|   ap_memory|                                      sol_x_5|         array|
|z_x_5_address0    |  out|    5|   ap_memory|                                        z_x_5|         array|
|z_x_5_ce0         |  out|    1|   ap_memory|                                        z_x_5|         array|
|z_x_5_q0          |   in|   26|   ap_memory|                                        z_x_5|         array|
+------------------+-----+-----+------------+---------------------------------------------+--------------+

============================================================
+ Verbose Summary: Synthesis Manager
============================================================
InlineROM: 1
ExposeGlobal: 0
============================================================
+ Verbose Summary: CDFG Model
============================================================
IsTopModel: 0
ResetActiveHigh: 1
IsCombinational: 2
IsDatapathOnly: 2
HasWiredReturn: 1
HasMFsm: 2
HasVarLatency: 1
IsPipeline: 0
IsRtlPipelined: 0
IsInstanceOverlapped: 0
IsDontTouch: 0
HasImplIP: 0
IsGatedGlobalClock: 0

+ Individual pipeline summary: 
  * Pipeline-0: initiation interval (II) = 1, depth = 2


============================================================
+ Verbose Summary: Schedule
============================================================
* Number of FSM states : 2
* Pipeline : 1
  Pipeline-0 : II = 1, D = 2, States = { 1 2 }
* Dataflow Pipeline: 0

* FSM state transitions: 
1 --> 2 
2 --> 

* FSM state operations: 

State 1 <SV = 0> <Delay = 1.64>
ST_1 : Operation 5 [1/1] (0.00ns)   --->   "%k = alloca i32 1" [../src/riccati_solver_hls.cpp:1189->../src/mpc_riccati_hls.cpp:647]   --->   Operation 5 'alloca' 'k' <Predicate = true> <Delay = 0.00>
ST_1 : Operation 6 [1/1] (0.00ns)   --->   "%specmemcore_ln0 = specmemcore void @_ssdm_op_SpecMemCore, i26 %sol_x, i64 666, i64 23, i64 1, i1 0"   --->   Operation 6 'specmemcore' 'specmemcore_ln0' <Predicate = true> <Delay = 0.00>
ST_1 : Operation 7 [1/1] (0.00ns)   --->   "%specmemcore_ln0 = specmemcore void @_ssdm_op_SpecMemCore, i26 %sol_x_5, i64 666, i64 23, i64 1, i1 0"   --->   Operation 7 'specmemcore' 'specmemcore_ln0' <Predicate = true> <Delay = 0.00>
ST_1 : Operation 8 [1/1] (0.00ns)   --->   "%specmemcore_ln0 = specmemcore void @_ssdm_op_SpecMemCore, i26 %y_x, i64 666, i64 23, i64 1, i1 0"   --->   Operation 8 'specmemcore' 'specmemcore_ln0' <Predicate = true> <Delay = 0.00>
ST_1 : Operation 9 [1/1] (0.00ns)   --->   "%specmemcore_ln0 = specmemcore void @_ssdm_op_SpecMemCore, i26 %y_x_5, i64 666, i64 23, i64 1, i1 0"   --->   Operation 9 'specmemcore' 'specmemcore_ln0' <Predicate = true> <Delay = 0.00>
ST_1 : Operation 10 [1/1] (0.00ns)   --->   "%specmemcore_ln0 = specmemcore void @_ssdm_op_SpecMemCore, i26 %z_x, i64 666, i64 23, i64 1, i1 0"   --->   Operation 10 'specmemcore' 'specmemcore_ln0' <Predicate = true> <Delay = 0.00>
ST_1 : Operation 11 [1/1] (0.00ns)   --->   "%specmemcore_ln0 = specmemcore void @_ssdm_op_SpecMemCore, i26 %z_x_5, i64 666, i64 23, i64 1, i1 0"   --->   Operation 11 'specmemcore' 'specmemcore_ln0' <Predicate = true> <Delay = 0.00>
ST_1 : Operation 12 [1/1] (0.42ns)   --->   "%store_ln1189 = store i5 0, i5 %k" [../src/riccati_solver_hls.cpp:1189->../src/mpc_riccati_hls.cpp:647]   --->   Operation 12 'store' 'store_ln1189' <Predicate = true> <Delay = 0.42>
ST_1 : Operation 13 [1/1] (0.00ns)   --->   "%br_ln0 = br void %for.body316.i"   --->   Operation 13 'br' 'br_ln0' <Predicate = true> <Delay = 0.00>
ST_1 : Operation 14 [1/1] (0.00ns)   --->   "%k_11 = load i5 %k" [../src/riccati_solver_hls.cpp:1320->../src/mpc_riccati_hls.cpp:647]   --->   Operation 14 'load' 'k_11' <Predicate = true> <Delay = 0.00>
ST_1 : Operation 15 [1/1] (0.78ns)   --->   "%icmp_ln1320 = icmp_eq  i5 %k_11, i5 21" [../src/riccati_solver_hls.cpp:1320->../src/mpc_riccati_hls.cpp:647]   --->   Operation 15 'icmp' 'icmp_ln1320' <Predicate = true> <Delay = 0.78> <CoreInst = "Cmp">   --->   Core 9 'Cmp' <Latency = 0> <II = 1> <Delay = 0.78> <FuncUnit> <Opcode : 'seteq' 'setne' 'setle' 'setge' 'setlt' 'setgt'> <InPorts = 2> <OutPorts = 1>
ST_1 : Operation 16 [1/1] (0.78ns)   --->   "%add_ln1320 = add i5 %k_11, i5 1" [../src/riccati_solver_hls.cpp:1320->../src/mpc_riccati_hls.cpp:647]   --->   Operation 16 'add' 'add_ln1320' <Predicate = true> <Delay = 0.78> <CoreInst = "Adder">   --->   Core 1 'Adder' <Latency = 0> <II = 1> <Delay = 0.78> <FuncUnit> <Opcode : 'add' 'sub'> <InPorts = 2> <OutPorts = 1>
ST_1 : Operation 17 [1/1] (0.00ns)   --->   "%br_ln1320 = br i1 %icmp_ln1320, void %for.body316.i.split, void %for.body344.i.preheader.exitStub" [../src/riccati_solver_hls.cpp:1320->../src/mpc_riccati_hls.cpp:647]   --->   Operation 17 'br' 'br_ln1320' <Predicate = true> <Delay = 0.00>
ST_1 : Operation 18 [1/1] (0.00ns)   --->   "%zext_ln1320 = zext i5 %k_11" [../src/riccati_solver_hls.cpp:1320->../src/mpc_riccati_hls.cpp:647]   --->   Operation 18 'zext' 'zext_ln1320' <Predicate = (!icmp_ln1320)> <Delay = 0.00>
ST_1 : Operation 19 [1/1] (0.00ns)   --->   "%sol_x_addr = getelementptr i26 %sol_x, i64 0, i64 %zext_ln1320" [../src/riccati_solver_hls.cpp:1321->../src/mpc_riccati_hls.cpp:647]   --->   Operation 19 'getelementptr' 'sol_x_addr' <Predicate = (!icmp_ln1320)> <Delay = 0.00>
ST_1 : Operation 20 [2/2] (0.67ns)   --->   "%sol_x_load = load i5 %sol_x_addr" [../src/riccati_solver_hls.cpp:1321->../src/mpc_riccati_hls.cpp:647]   --->   Operation 20 'load' 'sol_x_load' <Predicate = (!icmp_ln1320)> <Delay = 0.67> <CoreInst = "RAM_2P_LUTRAM">   --->   Core 92 'RAM_2P_LUTRAM' <Latency = 1> <II = 1> <Delay = 0.67> <Storage> <Opcode : 'load' 'store'> <Ports = 2> <Width = 26> <Depth = 21> <RAM>
ST_1 : Operation 21 [1/1] (0.00ns)   --->   "%z_x_addr = getelementptr i26 %z_x, i64 0, i64 %zext_ln1320" [../src/riccati_solver_hls.cpp:1321->../src/mpc_riccati_hls.cpp:647]   --->   Operation 21 'getelementptr' 'z_x_addr' <Predicate = (!icmp_ln1320)> <Delay = 0.00>
ST_1 : Operation 22 [2/2] (0.67ns)   --->   "%z_x_load = load i5 %z_x_addr" [../src/riccati_solver_hls.cpp:1321->../src/mpc_riccati_hls.cpp:647]   --->   Operation 22 'load' 'z_x_load' <Predicate = (!icmp_ln1320)> <Delay = 0.67> <CoreInst = "RAM_2P_LUTRAM">   --->   Core 92 'RAM_2P_LUTRAM' <Latency = 1> <II = 1> <Delay = 0.67> <Storage> <Opcode : 'load' 'store'> <Ports = 2> <Width = 26> <Depth = 21> <RAM>
ST_1 : Operation 23 [1/1] (0.00ns)   --->   "%sol_x_5_addr = getelementptr i26 %sol_x_5, i64 0, i64 %zext_ln1320" [../src/riccati_solver_hls.cpp:1322->../src/mpc_riccati_hls.cpp:647]   --->   Operation 23 'getelementptr' 'sol_x_5_addr' <Predicate = (!icmp_ln1320)> <Delay = 0.00>
ST_1 : Operation 24 [2/2] (0.67ns)   --->   "%sol_x_5_load = load i5 %sol_x_5_addr" [../src/riccati_solver_hls.cpp:1322->../src/mpc_riccati_hls.cpp:647]   --->   Operation 24 'load' 'sol_x_5_load' <Predicate = (!icmp_ln1320)> <Delay = 0.67> <CoreInst = "RAM_2P_LUTRAM">   --->   Core 92 'RAM_2P_LUTRAM' <Latency = 1> <II = 1> <Delay = 0.67> <Storage> <Opcode : 'load' 'store'> <Ports = 2> <Width = 26> <Depth = 21> <RAM>
ST_1 : Operation 25 [1/1] (0.00ns)   --->   "%z_x_5_addr = getelementptr i26 %z_x_5, i64 0, i64 %zext_ln1320" [../src/riccati_solver_hls.cpp:1322->../src/mpc_riccati_hls.cpp:647]   --->   Operation 25 'getelementptr' 'z_x_5_addr' <Predicate = (!icmp_ln1320)> <Delay = 0.00>
ST_1 : Operation 26 [2/2] (0.67ns)   --->   "%z_x_5_load = load i5 %z_x_5_addr" [../src/riccati_solver_hls.cpp:1322->../src/mpc_riccati_hls.cpp:647]   --->   Operation 26 'load' 'z_x_5_load' <Predicate = (!icmp_ln1320)> <Delay = 0.67> <CoreInst = "RAM_2P_LUTRAM">   --->   Core 92 'RAM_2P_LUTRAM' <Latency = 1> <II = 1> <Delay = 0.67> <Storage> <Opcode : 'load' 'store'> <Ports = 2> <Width = 26> <Depth = 21> <RAM>
ST_1 : Operation 27 [1/1] (0.42ns)   --->   "%store_ln1189 = store i5 %add_ln1320, i5 %k" [../src/riccati_solver_hls.cpp:1189->../src/mpc_riccati_hls.cpp:647]   --->   Operation 27 'store' 'store_ln1189' <Predicate = (!icmp_ln1320)> <Delay = 0.42>
ST_1 : Operation 42 [1/1] (0.42ns)   --->   "%ret_ln0 = ret"   --->   Operation 42 'ret' 'ret_ln0' <Predicate = (icmp_ln1320)> <Delay = 0.42>

State 2 <SV = 1> <Delay = 2.30>
ST_2 : Operation 28 [1/1] (0.00ns)   --->   "%specpipeline_ln1189 = specpipeline void @_ssdm_op_SpecPipeline, i32 4294967295, i32 0, i32 0, i32 0, i32 4294967295, void @empty_524" [../src/riccati_solver_hls.cpp:1189->../src/mpc_riccati_hls.cpp:647]   --->   Operation 28 'specpipeline' 'specpipeline_ln1189' <Predicate = true> <Delay = 0.00>
ST_2 : Operation 29 [1/1] (0.00ns)   --->   "%speclooptripcount_ln1189 = speclooptripcount void @_ssdm_op_SpecLoopTripCount, i64 21, i64 21, i64 21" [../src/riccati_solver_hls.cpp:1189->../src/mpc_riccati_hls.cpp:647]   --->   Operation 29 'speclooptripcount' 'speclooptripcount_ln1189' <Predicate = true> <Delay = 0.00>
ST_2 : Operation 30 [1/1] (0.00ns)   --->   "%specloopname_ln1320 = specloopname void @_ssdm_op_SpecLoopName, void @empty_521" [../src/riccati_solver_hls.cpp:1320->../src/mpc_riccati_hls.cpp:647]   --->   Operation 30 'specloopname' 'specloopname_ln1320' <Predicate = true> <Delay = 0.00>
ST_2 : Operation 31 [1/2] ( I:0.67ns O:0.67ns )   --->   "%sol_x_load = load i5 %sol_x_addr" [../src/riccati_solver_hls.cpp:1321->../src/mpc_riccati_hls.cpp:647]   --->   Operation 31 'load' 'sol_x_load' <Predicate = true> <Delay = 0.67> <CoreInst = "RAM_2P_LUTRAM">   --->   Core 92 'RAM_2P_LUTRAM' <Latency = 1> <II = 1> <Delay = 0.67> <Storage> <Opcode : 'load' 'store'> <Ports = 2> <Width = 26> <Depth = 21> <RAM>
ST_2 : Operation 32 [1/2] ( I:0.67ns O:0.67ns )   --->   "%z_x_load = load i5 %z_x_addr" [../src/riccati_solver_hls.cpp:1321->../src/mpc_riccati_hls.cpp:647]   --->   Operation 32 'load' 'z_x_load' <Predicate = true> <Delay = 0.67> <CoreInst = "RAM_2P_LUTRAM">   --->   Core 92 'RAM_2P_LUTRAM' <Latency = 1> <II = 1> <Delay = 0.67> <Storage> <Opcode : 'load' 'store'> <Ports = 2> <Width = 26> <Depth = 21> <RAM>
ST_2 : Operation 33 [1/1] (0.95ns)   --->   "%sub_ln1321 = sub i26 %sol_x_load, i26 %z_x_load" [../src/riccati_solver_hls.cpp:1321->../src/mpc_riccati_hls.cpp:647]   --->   Operation 33 'sub' 'sub_ln1321' <Predicate = true> <Delay = 0.95> <CoreInst = "Adder">   --->   Core 1 'Adder' <Latency = 0> <II = 1> <Delay = 0.95> <FuncUnit> <Opcode : 'add' 'sub'> <InPorts = 2> <OutPorts = 1>
ST_2 : Operation 34 [1/1] (0.00ns)   --->   "%y_x_addr = getelementptr i26 %y_x, i64 0, i64 %zext_ln1320" [../src/riccati_solver_hls.cpp:1321->../src/mpc_riccati_hls.cpp:647]   --->   Operation 34 'getelementptr' 'y_x_addr' <Predicate = true> <Delay = 0.00>
ST_2 : Operation 35 [1/2] ( I:0.67ns O:0.67ns )   --->   "%sol_x_5_load = load i5 %sol_x_5_addr" [../src/riccati_solver_hls.cpp:1322->../src/mpc_riccati_hls.cpp:647]   --->   Operation 35 'load' 'sol_x_5_load' <Predicate = true> <Delay = 0.67> <CoreInst = "RAM_2P_LUTRAM">   --->   Core 92 'RAM_2P_LUTRAM' <Latency = 1> <II = 1> <Delay = 0.67> <Storage> <Opcode : 'load' 'store'> <Ports = 2> <Width = 26> <Depth = 21> <RAM>
ST_2 : Operation 36 [1/2] ( I:0.67ns O:0.67ns )   --->   "%z_x_5_load = load i5 %z_x_5_addr" [../src/riccati_solver_hls.cpp:1322->../src/mpc_riccati_hls.cpp:647]   --->   Operation 36 'load' 'z_x_5_load' <Predicate = true> <Delay = 0.67> <CoreInst = "RAM_2P_LUTRAM">   --->   Core 92 'RAM_2P_LUTRAM' <Latency = 1> <II = 1> <Delay = 0.67> <Storage> <Opcode : 'load' 'store'> <Ports = 2> <Width = 26> <Depth = 21> <RAM>
ST_2 : Operation 37 [1/1] (0.95ns)   --->   "%sub_ln1322 = sub i26 %sol_x_5_load, i26 %z_x_5_load" [../src/riccati_solver_hls.cpp:1322->../src/mpc_riccati_hls.cpp:647]   --->   Operation 37 'sub' 'sub_ln1322' <Predicate = true> <Delay = 0.95> <CoreInst = "Adder">   --->   Core 1 'Adder' <Latency = 0> <II = 1> <Delay = 0.95> <FuncUnit> <Opcode : 'add' 'sub'> <InPorts = 2> <OutPorts = 1>
ST_2 : Operation 38 [1/1] (0.00ns)   --->   "%y_x_5_addr = getelementptr i26 %y_x_5, i64 0, i64 %zext_ln1320" [../src/riccati_solver_hls.cpp:1322->../src/mpc_riccati_hls.cpp:647]   --->   Operation 38 'getelementptr' 'y_x_5_addr' <Predicate = true> <Delay = 0.00>
ST_2 : Operation 39 [1/1] ( I:0.67ns O:0.67ns )   --->   "%store_ln1321 = store i26 %sub_ln1321, i5 %y_x_addr" [../src/riccati_solver_hls.cpp:1321->../src/mpc_riccati_hls.cpp:647]   --->   Operation 39 'store' 'store_ln1321' <Predicate = true> <Delay = 0.67> <CoreInst = "RAM_2P_LUTRAM">   --->   Core 92 'RAM_2P_LUTRAM' <Latency = 1> <II = 1> <Delay = 0.67> <Storage> <Opcode : 'load' 'store'> <Ports = 2> <Width = 26> <Depth = 21> <RAM>
ST_2 : Operation 40 [1/1] ( I:0.67ns O:0.67ns )   --->   "%store_ln1322 = store i26 %sub_ln1322, i5 %y_x_5_addr" [../src/riccati_solver_hls.cpp:1322->../src/mpc_riccati_hls.cpp:647]   --->   Operation 40 'store' 'store_ln1322' <Predicate = true> <Delay = 0.67> <CoreInst = "RAM_2P_LUTRAM">   --->   Core 92 'RAM_2P_LUTRAM' <Latency = 1> <II = 1> <Delay = 0.67> <Storage> <Opcode : 'load' 'store'> <Ports = 2> <Width = 26> <Depth = 21> <RAM>
ST_2 : Operation 41 [1/1] (0.00ns)   --->   "%br_ln1320 = br void %for.body316.i" [../src/riccati_solver_hls.cpp:1320->../src/mpc_riccati_hls.cpp:647]   --->   Operation 41 'br' 'br_ln1320' <Predicate = true> <Delay = 0.00>


============================================================
+ Verbose Summary: Binding
============================================================
STG Binding: 
---------------- STG Properties BEGIN ----------------
- Is combinational: 0
- Is one-state seq: 0
- Is datapath-only: 0
- Is pipelined: 0
- Is top level: 0
Port [ Return ] is wired: 1; IO mode=ap_ctrl_hs:ce=0
Port [ y_x_5]:  wired=1; compound=1; hidden=0; nouse=0; global=0; static=0; extern=0; dir=1; type=1; pingpong=0; private_global=0; MemPort=[30]; IO mode=ap_memory:ce=0
Port [ y_x]:  wired=1; compound=1; hidden=0; nouse=0; global=0; static=0; extern=0; dir=1; type=1; pingpong=0; private_global=0; MemPort=[30]; IO mode=ap_memory:ce=0
Port [ sol_x]:  wired=1; compound=1; hidden=0; nouse=0; global=0; static=0; extern=0; dir=0; type=1; pingpong=0; private_global=0; MemPort=[13]; IO mode=ap_memory:ce=0
Port [ z_x]:  wired=1; compound=1; hidden=0; nouse=0; global=0; static=0; extern=0; dir=0; type=1; pingpong=0; private_global=0; MemPort=[13]; IO mode=ap_memory:ce=0
Port [ sol_x_5]:  wired=1; compound=1; hidden=0; nouse=0; global=0; static=0; extern=0; dir=0; type=1; pingpong=0; private_global=0; MemPort=[13]; IO mode=ap_memory:ce=0
Port [ z_x_5]:  wired=1; compound=1; hidden=0; nouse=0; global=0; static=0; extern=0; dir=0; type=1; pingpong=0; private_global=0; MemPort=[13]; IO mode=ap_memory:ce=0
---------------- STG Properties END ------------------

---------------- Datapath Model BEGIN ----------------

<LifeTime>
<method=bitvector/>
k                        (alloca           ) [ 010]
specmemcore_ln0          (specmemcore      ) [ 000]
specmemcore_ln0          (specmemcore      ) [ 000]
specmemcore_ln0          (specmemcore      ) [ 000]
specmemcore_ln0          (specmemcore      ) [ 000]
specmemcore_ln0          (specmemcore      ) [ 000]
specmemcore_ln0          (specmemcore      ) [ 000]
store_ln1189             (store            ) [ 000]
br_ln0                   (br               ) [ 000]
k_11                     (load             ) [ 000]
icmp_ln1320              (icmp             ) [ 010]
add_ln1320               (add              ) [ 000]
br_ln1320                (br               ) [ 000]
zext_ln1320              (zext             ) [ 011]
sol_x_addr               (getelementptr    ) [ 011]
z_x_addr                 (getelementptr    ) [ 011]
sol_x_5_addr             (getelementptr    ) [ 011]
z_x_5_addr               (getelementptr    ) [ 011]
store_ln1189             (store            ) [ 000]
specpipeline_ln1189      (specpipeline     ) [ 000]
speclooptripcount_ln1189 (speclooptripcount) [ 000]
specloopname_ln1320      (specloopname     ) [ 000]
sol_x_load               (load             ) [ 000]
z_x_load                 (load             ) [ 000]
sub_ln1321               (sub              ) [ 000]
y_x_addr                 (getelementptr    ) [ 000]
sol_x_5_load             (load             ) [ 000]
z_x_5_load               (load             ) [ 000]
sub_ln1322               (sub              ) [ 000]
y_x_5_addr               (getelementptr    ) [ 000]
store_ln1321             (store            ) [ 000]
store_ln1322             (store            ) [ 000]
br_ln1320                (br               ) [ 000]
ret_ln0                  (ret              ) [ 000]
</LifeTime>

<model>

<comp_list>
<comp id="0" class="1000" name="y_x_5">
<pin_list>
<pin id="1" dir="1" index="0" bw="1" slack="0"/>
</pin_list>
<bind>
<StgValue><ssdm name="y_x_5"/><MemPortTyVec>3 0 </MemPortTyVec>
</StgValue>
</bind>
</comp>

<comp id="2" class="1000" name="y_x">
<pin_list>
<pin id="3" dir="1" index="0" bw="1" slack="0"/>
</pin_list>
<bind>
<StgValue><ssdm name="y_x"/><MemPortTyVec>3 0 </MemPortTyVec>
</StgValue>
</bind>
</comp>

<comp id="4" class="1000" name="sol_x">
<pin_list>
<pin id="5" dir="1" index="0" bw="1" slack="0"/>
</pin_list>
<bind>
<StgValue><ssdm name="sol_x"/><MemPortTyVec>1 3 </MemPortTyVec>
</StgValue>
</bind>
</comp>

<comp id="6" class="1000" name="z_x">
<pin_list>
<pin id="7" dir="1" index="0" bw="1" slack="0"/>
</pin_list>
<bind>
<StgValue><ssdm name="z_x"/><MemPortTyVec>1 3 </MemPortTyVec>
</StgValue>
</bind>
</comp>

<comp id="8" class="1000" name="sol_x_5">
<pin_list>
<pin id="9" dir="1" index="0" bw="1" slack="0"/>
</pin_list>
<bind>
<StgValue><ssdm name="sol_x_5"/><MemPortTyVec>1 3 </MemPortTyVec>
</StgValue>
</bind>
</comp>

<comp id="10" class="1000" name="z_x_5">
<pin_list>
<pin id="11" dir="1" index="0" bw="1" slack="0"/>
</pin_list>
<bind>
<StgValue><ssdm name="z_x_5"/><MemPortTyVec>1 3 </MemPortTyVec>
</StgValue>
</bind>
</comp>

<comp id="12" class="1001" name="const_12">
<pin_list>
<pin id="13" dir="1" index="0" bw="1" slack="0"/>
</pin_list>
<bind>
<StgValue><ssdm name=""/></StgValue>
</bind>
</comp>

<comp id="14" class="1001" name="const_14">
<pin_list>
<pin id="15" dir="1" index="0" bw="1" slack="2147483647"/>
</pin_list>
<bind>
<StgValue><ssdm name="_ssdm_op_SpecMemCore"/></StgValue>
</bind>
</comp>

<comp id="16" class="1001" name="const_16">
<pin_list>
<pin id="17" dir="1" index="0" bw="1" slack="2147483647"/>
</pin_list>
<bind>
<StgValue><ssdm name=""/></StgValue>
</bind>
</comp>

<comp id="18" class="1001" name="const_18">
<pin_list>
<pin id="19" dir="1" index="0" bw="1" slack="2147483647"/>
</pin_list>
<bind>
<StgValue><ssdm name=""/></StgValue>
</bind>
</comp>

<comp id="20" class="1001" name="const_20">
<pin_list>
<pin id="21" dir="1" index="0" bw="1" slack="2147483647"/>
</pin_list>
<bind>
<StgValue><ssdm name=""/></StgValue>
</bind>
</comp>

<comp id="22" class="1001" name="const_22">
<pin_list>
<pin id="23" dir="1" index="0" bw="1" slack="2147483647"/>
</pin_list>
<bind>
<StgValue><ssdm name=""/></StgValue>
</bind>
</comp>

<comp id="24" class="1001" name="const_24">
<pin_list>
<pin id="25" dir="1" index="0" bw="1" slack="0"/>
</pin_list>
<bind>
<StgValue><ssdm name=""/></StgValue>
</bind>
</comp>

<comp id="26" class="1001" name="const_26">
<pin_list>
<pin id="27" dir="1" index="0" bw="1" slack="0"/>
</pin_list>
<bind>
<StgValue><ssdm name=""/></StgValue>
</bind>
</comp>

<comp id="28" class="1001" name="const_28">
<pin_list>
<pin id="29" dir="1" index="0" bw="1" slack="0"/>
</pin_list>
<bind>
<StgValue><ssdm name=""/></StgValue>
</bind>
</comp>

<comp id="30" class="1001" name="const_30">
<pin_list>
<pin id="31" dir="1" index="0" bw="1" slack="0"/>
</pin_list>
<bind>
<StgValue><ssdm name=""/></StgValue>
</bind>
</comp>

<comp id="32" class="1001" name="const_32">
<pin_list>
<pin id="33" dir="1" index="0" bw="1" slack="2147483647"/>
</pin_list>
<bind>
<StgValue><ssdm name="_ssdm_op_SpecPipeline"/></StgValue>
</bind>
</comp>

<comp id="34" class="1001" name="const_34">
<pin_list>
<pin id="35" dir="1" index="0" bw="1" slack="2147483647"/>
</pin_list>
<bind>
<StgValue><ssdm name=""/></StgValue>
</bind>
</comp>

<comp id="36" class="1001" name="const_36">
<pin_list>
<pin id="37" dir="1" index="0" bw="1" slack="2147483647"/>
</pin_list>
<bind>
<StgValue><ssdm name=""/></StgValue>
</bind>
</comp>

<comp id="38" class="1001" name="const_38">
<pin_list>
<pin id="39" dir="1" index="0" bw="1" slack="2147483647"/>
</pin_list>
<bind>
<StgValue><ssdm name="empty_524"/></StgValue>
</bind>
</comp>

<comp id="40" class="1001" name="const_40">
<pin_list>
<pin id="41" dir="1" index="0" bw="1" slack="2147483647"/>
</pin_list>
<bind>
<StgValue><ssdm name="_ssdm_op_SpecLoopTripCount"/></StgValue>
</bind>
</comp>

<comp id="42" class="1001" name="const_42">
<pin_list>
<pin id="43" dir="1" index="0" bw="1" slack="2147483647"/>
</pin_list>
<bind>
<StgValue><ssdm name=""/></StgValue>
</bind>
</comp>

<comp id="44" class="1001" name="const_44">
<pin_list>
<pin id="45" dir="1" index="0" bw="1" slack="2147483647"/>
</pin_list>
<bind>
<StgValue><ssdm name="_ssdm_op_SpecLoopName"/></StgValue>
</bind>
</comp>

<comp id="46" class="1001" name="const_46">
<pin_list>
<pin id="47" dir="1" index="0" bw="1" slack="2147483647"/>
</pin_list>
<bind>
<StgValue><ssdm name="empty_521"/></StgValue>
</bind>
</comp>

<comp id="48" class="1004" name="k_fu_48">
<pin_list>
<pin id="49" dir="0" index="0" bw="1" slack="0"/>
<pin id="50" dir="1" index="1" bw="5" slack="0"/>
</pin_list>
<bind>
<opcode="alloca(26) " fcode="alloca"/>
<opset="k/1 "/>
</bind>
</comp>

<comp id="52" class="1004" name="sol_x_addr_gep_fu_52">
<pin_list>
<pin id="53" dir="0" index="0" bw="26" slack="0"/>
<pin id="54" dir="0" index="1" bw="1" slack="0"/>
<pin id="55" dir="0" index="2" bw="5" slack="0"/>
<pin id="56" dir="1" index="3" bw="5" slack="0"/>
</pin_list>
<bind>
<opcode="getelementptr(29) " fcode="getelementptr"/>
<opset="sol_x_addr/1 "/>
</bind>
</comp>

<comp id="59" class="1004" name="grp_access_fu_59">
<pin_list>
<pin id="60" dir="0" index="0" bw="5" slack="0"/>
<pin id="61" dir="0" index="1" bw="26" slack="2147483647"/>
<pin id="62" dir="0" index="2" bw="0" slack="2147483647"/>
<pin id="63" dir="1" index="3" bw="26" slack="0"/>
</pin_list>
<bind>
<opcode="load(27) " fcode="load"/>
<opset="sol_x_load/1 "/>
</bind>
</comp>

<comp id="65" class="1004" name="z_x_addr_gep_fu_65">
<pin_list>
<pin id="66" dir="0" index="0" bw="26" slack="0"/>
<pin id="67" dir="0" index="1" bw="1" slack="0"/>
<pin id="68" dir="0" index="2" bw="5" slack="0"/>
<pin id="69" dir="1" index="3" bw="5" slack="0"/>
</pin_list>
<bind>
<opcode="getelementptr(29) " fcode="getelementptr"/>
<opset="z_x_addr/1 "/>
</bind>
</comp>

<comp id="72" class="1004" name="grp_access_fu_72">
<pin_list>
<pin id="73" dir="0" index="0" bw="5" slack="0"/>
<pin id="74" dir="0" index="1" bw="26" slack="2147483647"/>
<pin id="75" dir="0" index="2" bw="0" slack="2147483647"/>
<pin id="76" dir="1" index="3" bw="26" slack="0"/>
</pin_list>
<bind>
<opcode="load(27) " fcode="load"/>
<opset="z_x_load/1 "/>
</bind>
</comp>

<comp id="78" class="1004" name="sol_x_5_addr_gep_fu_78">
<pin_list>
<pin id="79" dir="0" index="0" bw="26" slack="0"/>
<pin id="80" dir="0" index="1" bw="1" slack="0"/>
<pin id="81" dir="0" index="2" bw="5" slack="0"/>
<pin id="82" dir="1" index="3" bw="5" slack="0"/>
</pin_list>
<bind>
<opcode="getelementptr(29) " fcode="getelementptr"/>
<opset="sol_x_5_addr/1 "/>
</bind>
</comp>

<comp id="85" class="1004" name="grp_access_fu_85">
<pin_list>
<pin id="86" dir="0" index="0" bw="5" slack="0"/>
<pin id="87" dir="0" index="1" bw="26" slack="2147483647"/>
<pin id="88" dir="0" index="2" bw="0" slack="2147483647"/>
<pin id="89" dir="1" index="3" bw="26" slack="0"/>
</pin_list>
<bind>
<opcode="load(27) " fcode="load"/>
<opset="sol_x_5_load/1 "/>
</bind>
</comp>

<comp id="91" class="1004" name="z_x_5_addr_gep_fu_91">
<pin_list>
<pin id="92" dir="0" index="0" bw="26" slack="0"/>
<pin id="93" dir="0" index="1" bw="1" slack="0"/>
<pin id="94" dir="0" index="2" bw="5" slack="0"/>
<pin id="95" dir="1" index="3" bw="5" slack="0"/>
</pin_list>
<bind>
<opcode="getelementptr(29) " fcode="getelementptr"/>
<opset="z_x_5_addr/1 "/>
</bind>
</comp>

<comp id="98" class="1004" name="grp_access_fu_98">
<pin_list>
<pin id="99" dir="0" index="0" bw="5" slack="0"/>
<pin id="100" dir="0" index="1" bw="26" slack="2147483647"/>
<pin id="101" dir="0" index="2" bw="0" slack="2147483647"/>
<pin id="102" dir="1" index="3" bw="26" slack="0"/>
</pin_list>
<bind>
<opcode="load(27) " fcode="load"/>
<opset="z_x_5_load/1 "/>
</bind>
</comp>

<comp id="104" class="1004" name="y_x_addr_gep_fu_104">
<pin_list>
<pin id="105" dir="0" index="0" bw="26" slack="0"/>
<pin id="106" dir="0" index="1" bw="1" slack="0"/>
<pin id="107" dir="0" index="2" bw="5" slack="1"/>
<pin id="108" dir="1" index="3" bw="5" slack="0"/>
</pin_list>
<bind>
<opcode="getelementptr(29) " fcode="getelementptr"/>
<opset="y_x_addr/2 "/>
</bind>
</comp>

<comp id="111" class="1004" name="y_x_5_addr_gep_fu_111">
<pin_list>
<pin id="112" dir="0" index="0" bw="26" slack="0"/>
<pin id="113" dir="0" index="1" bw="1" slack="0"/>
<pin id="114" dir="0" index="2" bw="5" slack="1"/>
<pin id="115" dir="1" index="3" bw="5" slack="0"/>
</pin_list>
<bind>
<opcode="getelementptr(29) " fcode="getelementptr"/>
<opset="y_x_5_addr/2 "/>
</bind>
</comp>

<comp id="118" class="1004" name="store_ln1321_access_fu_118">
<pin_list>
<pin id="119" dir="0" index="0" bw="5" slack="2147483647"/>
<pin id="120" dir="0" index="1" bw="26" slack="2147483647"/>
<pin id="121" dir="0" index="2" bw="0" slack="0"/>
<pin id="123" dir="0" index="4" bw="5" slack="0"/>
<pin id="124" dir="0" index="5" bw="26" slack="2147483647"/>
<pin id="125" dir="0" index="6" bw="0" slack="2147483647"/>
<pin id="122" dir="1" index="3" bw="26" slack="2147483647"/>
<pin id="126" dir="1" index="7" bw="26" slack="2147483647"/>
</pin_list>
<bind>
<opcode="store(28) " fcode="store"/>
<opset="store_ln1321/2 "/>
</bind>
</comp>

<comp id="128" class="1004" name="store_ln1322_access_fu_128">
<pin_list>
<pin id="129" dir="0" index="0" bw="5" slack="2147483647"/>
<pin id="130" dir="0" index="1" bw="26" slack="2147483647"/>
<pin id="131" dir="0" index="2" bw="0" slack="0"/>
<pin id="133" dir="0" index="4" bw="5" slack="0"/>
<pin id="134" dir="0" index="5" bw="26" slack="2147483647"/>
<pin id="135" dir="0" index="6" bw="0" slack="2147483647"/>
<pin id="132" dir="1" index="3" bw="26" slack="2147483647"/>
<pin id="136" dir="1" index="7" bw="26" slack="2147483647"/>
</pin_list>
<bind>
<opcode="store(28) " fcode="store"/>
<opset="store_ln1322/2 "/>
</bind>
</comp>

<comp id="138" class="1004" name="store_ln1189_store_fu_138">
<pin_list>
<pin id="139" dir="0" index="0" bw="1" slack="0"/>
<pin id="140" dir="0" index="1" bw="5" slack="0"/>
<pin id="141" dir="1" index="2" bw="0" slack="2147483647"/>
</pin_list>
<bind>
<opcode="store(28) " fcode="store"/>
<opset="store_ln1189/1 "/>
</bind>
</comp>

<comp id="143" class="1004" name="k_11_load_fu_143">
<pin_list>
<pin id="144" dir="0" index="0" bw="5" slack="0"/>
<pin id="145" dir="1" index="1" bw="5" slack="0"/>
</pin_list>
<bind>
<opcode="load(27) " fcode="load"/>
<opset="k_11/1 "/>
</bind>
</comp>

<comp id="146" class="1004" name="icmp_ln1320_fu_146">
<pin_list>
<pin id="147" dir="0" index="0" bw="5" slack="0"/>
<pin id="148" dir="0" index="1" bw="5" slack="0"/>
<pin id="149" dir="1" index="2" bw="1" slack="2147483647"/>
</pin_list>
<bind>
<opcode="icmp(45) " fcode="icmp"/>
<opset="icmp_ln1320/1 "/>
</bind>
</comp>

<comp id="152" class="1004" name="add_ln1320_fu_152">
<pin_list>
<pin id="153" dir="0" index="0" bw="5" slack="0"/>
<pin id="154" dir="0" index="1" bw="1" slack="0"/>
<pin id="155" dir="1" index="2" bw="5" slack="0"/>
</pin_list>
<bind>
<opcode="add(8) " fcode="add"/>
<opset="add_ln1320/1 "/>
</bind>
</comp>

<comp id="158" class="1004" name="zext_ln1320_fu_158">
<pin_list>
<pin id="159" dir="0" index="0" bw="5" slack="0"/>
<pin id="160" dir="1" index="1" bw="64" slack="0"/>
</pin_list>
<bind>
<opcode="zext(34) " fcode="zext"/>
<opset="zext_ln1320/1 "/>
</bind>
</comp>

<comp id="166" class="1004" name="store_ln1189_store_fu_166">
<pin_list>
<pin id="167" dir="0" index="0" bw="5" slack="0"/>
<pin id="168" dir="0" index="1" bw="5" slack="0"/>
<pin id="169" dir="1" index="2" bw="0" slack="2147483647"/>
</pin_list>
<bind>
<opcode="store(28) " fcode="store"/>
<opset="store_ln1189/1 "/>
</bind>
</comp>

<comp id="171" class="1004" name="sub_ln1321_fu_171">
<pin_list>
<pin id="172" dir="0" index="0" bw="26" slack="0"/>
<pin id="173" dir="0" index="1" bw="26" slack="0"/>
<pin id="174" dir="1" index="2" bw="26" slack="0"/>
</pin_list>
<bind>
<opcode="sub(10) " fcode="sub"/>
<opset="sub_ln1321/2 "/>
</bind>
</comp>

<comp id="178" class="1004" name="sub_ln1322_fu_178">
<pin_list>
<pin id="179" dir="0" index="0" bw="26" slack="0"/>
<pin id="180" dir="0" index="1" bw="26" slack="0"/>
<pin id="181" dir="1" index="2" bw="26" slack="0"/>
</pin_list>
<bind>
<opcode="sub(10) " fcode="sub"/>
<opset="sub_ln1322/2 "/>
</bind>
</comp>

<comp id="185" class="1005" name="k_reg_185">
<pin_list>
<pin id="186" dir="0" index="0" bw="5" slack="0"/>
<pin id="187" dir="1" index="1" bw="5" slack="0"/>
</pin_list>
<bind>
<opset="k "/>
</bind>
</comp>

<comp id="195" class="1005" name="zext_ln1320_reg_195">
<pin_list>
<pin id="196" dir="0" index="0" bw="64" slack="1"/>
<pin id="197" dir="1" index="1" bw="64" slack="1"/>
</pin_list>
<bind>
<opset="zext_ln1320 "/>
</bind>
</comp>

<comp id="201" class="1005" name="sol_x_addr_reg_201">
<pin_list>
<pin id="202" dir="0" index="0" bw="5" slack="1"/>
<pin id="203" dir="1" index="1" bw="5" slack="1"/>
</pin_list>
<bind>
<opset="sol_x_addr "/>
</bind>
</comp>

<comp id="206" class="1005" name="z_x_addr_reg_206">
<pin_list>
<pin id="207" dir="0" index="0" bw="5" slack="1"/>
<pin id="208" dir="1" index="1" bw="5" slack="1"/>
</pin_list>
<bind>
<opset="z_x_addr "/>
</bind>
</comp>

<comp id="211" class="1005" name="sol_x_5_addr_reg_211">
<pin_list>
<pin id="212" dir="0" index="0" bw="5" slack="1"/>
<pin id="213" dir="1" index="1" bw="5" slack="1"/>
</pin_list>
<bind>
<opset="sol_x_5_addr "/>
</bind>
</comp>

<comp id="216" class="1005" name="z_x_5_addr_reg_216">
<pin_list>
<pin id="217" dir="0" index="0" bw="5" slack="1"/>
<pin id="218" dir="1" index="1" bw="5" slack="1"/>
</pin_list>
<bind>
<opset="z_x_5_addr "/>
</bind>
</comp>

</comp_list>

<net_list>
<net id="51"><net_src comp="12" pin="0"/><net_sink comp="48" pin=0"/></net>

<net id="57"><net_src comp="4" pin="0"/><net_sink comp="52" pin=0"/></net>

<net id="58"><net_src comp="30" pin="0"/><net_sink comp="52" pin=1"/></net>

<net id="64"><net_src comp="52" pin="3"/><net_sink comp="59" pin=0"/></net>

<net id="70"><net_src comp="6" pin="0"/><net_sink comp="65" pin=0"/></net>

<net id="71"><net_src comp="30" pin="0"/><net_sink comp="65" pin=1"/></net>

<net id="77"><net_src comp="65" pin="3"/><net_sink comp="72" pin=0"/></net>

<net id="83"><net_src comp="8" pin="0"/><net_sink comp="78" pin=0"/></net>

<net id="84"><net_src comp="30" pin="0"/><net_sink comp="78" pin=1"/></net>

<net id="90"><net_src comp="78" pin="3"/><net_sink comp="85" pin=0"/></net>

<net id="96"><net_src comp="10" pin="0"/><net_sink comp="91" pin=0"/></net>

<net id="97"><net_src comp="30" pin="0"/><net_sink comp="91" pin=1"/></net>

<net id="103"><net_src comp="91" pin="3"/><net_sink comp="98" pin=0"/></net>

<net id="109"><net_src comp="2" pin="0"/><net_sink comp="104" pin=0"/></net>

<net id="110"><net_src comp="30" pin="0"/><net_sink comp="104" pin=1"/></net>

<net id="116"><net_src comp="0" pin="0"/><net_sink comp="111" pin=0"/></net>

<net id="117"><net_src comp="30" pin="0"/><net_sink comp="111" pin=1"/></net>

<net id="127"><net_src comp="104" pin="3"/><net_sink comp="118" pin=2"/></net>

<net id="137"><net_src comp="111" pin="3"/><net_sink comp="128" pin=2"/></net>

<net id="142"><net_src comp="24" pin="0"/><net_sink comp="138" pin=0"/></net>

<net id="150"><net_src comp="143" pin="1"/><net_sink comp="146" pin=0"/></net>

<net id="151"><net_src comp="26" pin="0"/><net_sink comp="146" pin=1"/></net>

<net id="156"><net_src comp="143" pin="1"/><net_sink comp="152" pin=0"/></net>

<net id="157"><net_src comp="28" pin="0"/><net_sink comp="152" pin=1"/></net>

<net id="161"><net_src comp="143" pin="1"/><net_sink comp="158" pin=0"/></net>

<net id="162"><net_src comp="158" pin="1"/><net_sink comp="52" pin=2"/></net>

<net id="163"><net_src comp="158" pin="1"/><net_sink comp="65" pin=2"/></net>

<net id="164"><net_src comp="158" pin="1"/><net_sink comp="78" pin=2"/></net>

<net id="165"><net_src comp="158" pin="1"/><net_sink comp="91" pin=2"/></net>

<net id="170"><net_src comp="152" pin="2"/><net_sink comp="166" pin=0"/></net>

<net id="175"><net_src comp="59" pin="3"/><net_sink comp="171" pin=0"/></net>

<net id="176"><net_src comp="72" pin="3"/><net_sink comp="171" pin=1"/></net>

<net id="177"><net_src comp="171" pin="2"/><net_sink comp="118" pin=4"/></net>

<net id="182"><net_src comp="85" pin="3"/><net_sink comp="178" pin=0"/></net>

<net id="183"><net_src comp="98" pin="3"/><net_sink comp="178" pin=1"/></net>

<net id="184"><net_src comp="178" pin="2"/><net_sink comp="128" pin=4"/></net>

<net id="188"><net_src comp="48" pin="1"/><net_sink comp="185" pin=0"/></net>

<net id="189"><net_src comp="185" pin="1"/><net_sink comp="138" pin=1"/></net>

<net id="190"><net_src comp="185" pin="1"/><net_sink comp="143" pin=0"/></net>

<net id="191"><net_src comp="185" pin="1"/><net_sink comp="166" pin=1"/></net>

<net id="198"><net_src comp="158" pin="1"/><net_sink comp="195" pin=0"/></net>

<net id="199"><net_src comp="195" pin="1"/><net_sink comp="104" pin=2"/></net>

<net id="200"><net_src comp="195" pin="1"/><net_sink comp="111" pin=2"/></net>

<net id="204"><net_src comp="52" pin="3"/><net_sink comp="201" pin=0"/></net>

<net id="205"><net_src comp="201" pin="1"/><net_sink comp="59" pin=0"/></net>

<net id="209"><net_src comp="65" pin="3"/><net_sink comp="206" pin=0"/></net>

<net id="210"><net_src comp="206" pin="1"/><net_sink comp="72" pin=0"/></net>

<net id="214"><net_src comp="78" pin="3"/><net_sink comp="211" pin=0"/></net>

<net id="215"><net_src comp="211" pin="1"/><net_sink comp="85" pin=0"/></net>

<net id="219"><net_src comp="91" pin="3"/><net_sink comp="216" pin=0"/></net>

<net id="220"><net_src comp="216" pin="1"/><net_sink comp="98" pin=0"/></net>

</net_list>

</model> 
---------------- Datapath Model END ------------------

* FSMD analyzer results:
  - Output states:
	Port: y_x_5 | {2 }
	Port: y_x | {2 }
 - Input state : 
	Port: mpc_compute_hls_Pipeline_VITIS_LOOP_1320_16 : sol_x | {1 2 }
	Port: mpc_compute_hls_Pipeline_VITIS_LOOP_1320_16 : z_x | {1 2 }
	Port: mpc_compute_hls_Pipeline_VITIS_LOOP_1320_16 : sol_x_5 | {1 2 }
	Port: mpc_compute_hls_Pipeline_VITIS_LOOP_1320_16 : z_x_5 | {1 2 }
  - Chain level:
	State 1
		store_ln1189 : 1
		k_11 : 1
		icmp_ln1320 : 2
		add_ln1320 : 2
		br_ln1320 : 3
		zext_ln1320 : 2
		sol_x_addr : 3
		sol_x_load : 4
		z_x_addr : 3
		z_x_load : 4
		sol_x_5_addr : 3
		sol_x_5_load : 4
		z_x_5_addr : 3
		z_x_5_load : 4
		store_ln1189 : 3
	State 2
		sub_ln1321 : 1
		sub_ln1322 : 1
		store_ln1321 : 2
		store_ln1322 : 2


============================================================
+ Verbose Summary: Datapath Resource usage 
============================================================

* Functional unit list:
|----------|--------------------|---------|---------|
| Operation|   Functional Unit  |    FF   |   LUT   |
|----------|--------------------|---------|---------|
|    sub   |  sub_ln1321_fu_171 |    0    |    33   |
|          |  sub_ln1322_fu_178 |    0    |    33   |
|----------|--------------------|---------|---------|
|   icmp   | icmp_ln1320_fu_146 |    0    |    12   |
|----------|--------------------|---------|---------|
|    add   |  add_ln1320_fu_152 |    0    |    12   |
|----------|--------------------|---------|---------|
|   zext   | zext_ln1320_fu_158 |    0    |    0    |
|----------|--------------------|---------|---------|
|   Total  |                    |    0    |    90   |
|----------|--------------------|---------|---------|

Memories:
N/A

* Register list:
+--------------------+--------+
|                    |   FF   |
+--------------------+--------+
|      k_reg_185     |    5   |
|sol_x_5_addr_reg_211|    5   |
| sol_x_addr_reg_201 |    5   |
| z_x_5_addr_reg_216 |    5   |
|  z_x_addr_reg_206  |    5   |
| zext_ln1320_reg_195|   64   |
+--------------------+--------+
|        Total       |   89   |
+--------------------+--------+

* Multiplexer (MUX) list: 
|------------------|------|------|------|--------||---------||---------||---------|
|       Comp       |  Pin | Size |  BW  | S x BW ||  Delay  ||    FF   ||   LUT   |
|------------------|------|------|------|--------||---------||---------||---------|
| grp_access_fu_59 |  p0  |   2  |   5  |   10   ||    0    ||    9    |
| grp_access_fu_72 |  p0  |   2  |   5  |   10   ||    0    ||    9    |
| grp_access_fu_85 |  p0  |   2  |   5  |   10   ||    0    ||    9    |
| grp_access_fu_98 |  p0  |   2  |   5  |   10   ||    0    ||    9    |
|------------------|------|------|------|--------||---------||---------||---------|
|       Total      |      |      |      |   40   ||  1.708  ||    0    ||    36   |
|------------------|------|------|------|--------||---------||---------||---------|



* Summary:
+-----------+--------+--------+--------+
|           |  Delay |   FF   |   LUT  |
+-----------+--------+--------+--------+
|  Function |    -   |    0   |   90   |
|   Memory  |    -   |    -   |    -   |
|Multiplexer|    1   |    0   |   36   |
|  Register |    -   |   89   |    -   |
+-----------+--------+--------+--------+
|   Total   |    1   |   89   |   126  |
+-----------+--------+--------+--------+
