

================================================================
== Vitis HLS Report for 'mpc_compute_hls_Pipeline_VITIS_LOOP_1324_17'
================================================================
* Date:           Thu Jun 11 16:06:55 2026

* Version:        2025.2 (Build 6295257 on Nov 14 2025)
* Project:        mpc_fpga_top_opencl
* Solution:       hls (Vitis Kernel Flow Target)
* Product family: zynquplus
* Target device:  xck26-sfvc784-2LV-c


================================================================
== Performance Estimates
================================================================
+ Timing: 
    * Summary: 
    +--------+---------+----------+------------+
    |  Clock |  Target | Estimated| Uncertainty|
    +--------+---------+----------+------------+
    |ap_clk  |  5.00 ns|  2.309 ns|     0.50 ns|
    +--------+---------+----------+------------+

+ Latency: 
    * Summary: 
    +---------+---------+----------+----------+-----+-----+-------------------+
    |  Latency (cycles) |  Latency (absolute) |  Interval |      Pipeline     |
    |   min   |   max   |    min   |    max   | min | max |        Type       |
    +---------+---------+----------+----------+-----+-----+-------------------+
    |       22|       22|  0.110 us|  0.110 us|    0|    0|  loop pipeline stp|
    +---------+---------+----------+----------+-----+-----+-------------------+

    + Detail: 
        * Instance: 
        N/A

        * Loop: 
        +----------------------+---------+---------+----------+-----------+-----------+------+----------+
        |                      |  Latency (cycles) | Iteration|  Initiation Interval  | Trip |          |
        |       Loop Name      |   min   |   max   |  Latency |  achieved |   target  | Count| Pipelined|
        +----------------------+---------+---------+----------+-----------+-----------+------+----------+
        |- VITIS_LOOP_1324_17  |       20|       20|         2|          1|          1|    20|       yes|
        +----------------------+---------+---------+----------+-----------+-----------+------+----------+

============================================================
+ Verbose Summary: Synthesis Manager
============================================================
InlineROM: 1
ExposeGlobal: 0
============================================================
+ Verbose Summary: CDFG Model
============================================================
IsTopModel: 0
ResetActiveHigh: 1
IsCombinational: 0
IsDatapathOnly: 0
HasWiredReturn: 1
HasMFsm: 2
HasVarLatency: 1
IsPipeline: 0
IsRtlPipelined: 0
IsInstanceOverlapped: 0
IsDontTouch: 0
HasImplIP: 0
IsGatedGlobalClock: 0

+ Individual pipeline summary: 
  * Pipeline-0: initiation interval (II) = 1, depth = 2


============================================================
+ Verbose Summary: Schedule
============================================================
* Number of FSM states : 2
* Pipeline : 1
  Pipeline-0 : II = 1, D = 2, States = { 1 2 }
* Dataflow Pipeline: 0

* FSM state transitions: 
1 --> 2 
2 --> 

* FSM state operations: 

State 1 <SV = 0> <Delay = 1.64>
ST_1 : Operation 5 [1/1] (0.00ns)   --->   "%k = alloca i32 1" [../src/riccati_solver_hls.cpp:1189->../src/mpc_riccati_hls.cpp:647]   --->   Operation 5 'alloca' 'k' <Predicate = true> <Delay = 0.00>
ST_1 : Operation 6 [1/1] (0.42ns)   --->   "%store_ln1189 = store i5 0, i5 %k" [../src/riccati_solver_hls.cpp:1189->../src/mpc_riccati_hls.cpp:647]   --->   Operation 6 'store' 'store_ln1189' <Predicate = true> <Delay = 0.42>
ST_1 : Operation 7 [1/1] (0.00ns)   --->   "%br_ln0 = br void %for.body344.i"   --->   Operation 7 'br' 'br_ln0' <Predicate = true> <Delay = 0.00>
ST_1 : Operation 8 [1/1] (0.00ns)   --->   "%k_10 = load i5 %k" [../src/riccati_solver_hls.cpp:1324->../src/mpc_riccati_hls.cpp:647]   --->   Operation 8 'load' 'k_10' <Predicate = true> <Delay = 0.00>
ST_1 : Operation 9 [1/1] (0.78ns)   --->   "%icmp_ln1324 = icmp_eq  i5 %k_10, i5 20" [../src/riccati_solver_hls.cpp:1324->../src/mpc_riccati_hls.cpp:647]   --->   Operation 9 'icmp' 'icmp_ln1324' <Predicate = true> <Delay = 0.78> <CoreInst = "Cmp">   --->   Core 9 'Cmp' <Latency = 0> <II = 1> <Delay = 0.78> <FuncUnit> <Opcode : 'seteq' 'setne' 'setle' 'setge' 'setlt' 'setgt'> <InPorts = 2> <OutPorts = 1>
ST_1 : Operation 10 [1/1] (0.78ns)   --->   "%add_ln1324 = add i5 %k_10, i5 1" [../src/riccati_solver_hls.cpp:1324->../src/mpc_riccati_hls.cpp:647]   --->   Operation 10 'add' 'add_ln1324' <Predicate = true> <Delay = 0.78> <CoreInst = "Adder">   --->   Core 1 'Adder' <Latency = 0> <II = 1> <Delay = 0.78> <FuncUnit> <Opcode : 'add' 'sub'> <InPorts = 2> <OutPorts = 1>
ST_1 : Operation 11 [1/1] (0.00ns)   --->   "%br_ln1324 = br i1 %icmp_ln1324, void %for.body344.i.split, void %for.inc763.i.loopexit.exitStub" [../src/riccati_solver_hls.cpp:1324->../src/mpc_riccati_hls.cpp:647]   --->   Operation 11 'br' 'br_ln1324' <Predicate = true> <Delay = 0.00>
ST_1 : Operation 12 [1/1] (0.00ns)   --->   "%zext_ln1324 = zext i5 %k_10" [../src/riccati_solver_hls.cpp:1324->../src/mpc_riccati_hls.cpp:647]   --->   Operation 12 'zext' 'zext_ln1324' <Predicate = (!icmp_ln1324)> <Delay = 0.00>
ST_1 : Operation 13 [1/1] (0.00ns)   --->   "%sol_u_addr = getelementptr i26 %sol_u, i64 0, i64 %zext_ln1324" [../src/riccati_solver_hls.cpp:1327->../src/mpc_riccati_hls.cpp:647]   --->   Operation 13 'getelementptr' 'sol_u_addr' <Predicate = (!icmp_ln1324)> <Delay = 0.00>
ST_1 : Operation 14 [2/2] (0.67ns)   --->   "%sol_u_load = load i5 %sol_u_addr" [../src/riccati_solver_hls.cpp:1327->../src/mpc_riccati_hls.cpp:647]   --->   Operation 14 'load' 'sol_u_load' <Predicate = (!icmp_ln1324)> <Delay = 0.67> <CoreInst = "RAM">   --->   Core 82 'RAM' <Latency = 1> <II = 1> <Delay = 0.67> <Storage> <Opcode : 'load' 'store'> <Ports = 2> <Width = 26> <Depth = 20> <RAM>
ST_1 : Operation 15 [1/1] (0.00ns)   --->   "%z_u_addr = getelementptr i26 %z_u, i64 0, i64 %zext_ln1324" [../src/riccati_solver_hls.cpp:1327->../src/mpc_riccati_hls.cpp:647]   --->   Operation 15 'getelementptr' 'z_u_addr' <Predicate = (!icmp_ln1324)> <Delay = 0.00>
ST_1 : Operation 16 [2/2] (0.67ns)   --->   "%z_u_load = load i5 %z_u_addr" [../src/riccati_solver_hls.cpp:1327->../src/mpc_riccati_hls.cpp:647]   --->   Operation 16 'load' 'z_u_load' <Predicate = (!icmp_ln1324)> <Delay = 0.67> <CoreInst = "RAM">   --->   Core 82 'RAM' <Latency = 1> <II = 1> <Delay = 0.67> <Storage> <Opcode : 'load' 'store'> <Ports = 2> <Width = 26> <Depth = 20> <RAM>
ST_1 : Operation 17 [1/1] (0.00ns)   --->   "%sol_u_1_addr = getelementptr i26 %sol_u_1, i64 0, i64 %zext_ln1324" [../src/riccati_solver_hls.cpp:1327->../src/mpc_riccati_hls.cpp:647]   --->   Operation 17 'getelementptr' 'sol_u_1_addr' <Predicate = (!icmp_ln1324)> <Delay = 0.00>
ST_1 : Operation 18 [2/2] (0.67ns)   --->   "%sol_u_1_load = load i5 %sol_u_1_addr" [../src/riccati_solver_hls.cpp:1327->../src/mpc_riccati_hls.cpp:647]   --->   Operation 18 'load' 'sol_u_1_load' <Predicate = (!icmp_ln1324)> <Delay = 0.67> <CoreInst = "RAM">   --->   Core 82 'RAM' <Latency = 1> <II = 1> <Delay = 0.67> <Storage> <Opcode : 'load' 'store'> <Ports = 2> <Width = 26> <Depth = 20> <RAM>
ST_1 : Operation 19 [1/1] (0.00ns)   --->   "%z_u_1_addr = getelementptr i26 %z_u_1, i64 0, i64 %zext_ln1324" [../src/riccati_solver_hls.cpp:1327->../src/mpc_riccati_hls.cpp:647]   --->   Operation 19 'getelementptr' 'z_u_1_addr' <Predicate = (!icmp_ln1324)> <Delay = 0.00>
ST_1 : Operation 20 [2/2] (0.67ns)   --->   "%z_u_1_load = load i5 %z_u_1_addr" [../src/riccati_solver_hls.cpp:1327->../src/mpc_riccati_hls.cpp:647]   --->   Operation 20 'load' 'z_u_1_load' <Predicate = (!icmp_ln1324)> <Delay = 0.67> <CoreInst = "RAM">   --->   Core 82 'RAM' <Latency = 1> <II = 1> <Delay = 0.67> <Storage> <Opcode : 'load' 'store'> <Ports = 2> <Width = 26> <Depth = 20> <RAM>
ST_1 : Operation 21 [1/1] (0.42ns)   --->   "%store_ln1189 = store i5 %add_ln1324, i5 %k" [../src/riccati_solver_hls.cpp:1189->../src/mpc_riccati_hls.cpp:647]   --->   Operation 21 'store' 'store_ln1189' <Predicate = (!icmp_ln1324)> <Delay = 0.42>
ST_1 : Operation 36 [1/1] (0.42ns)   --->   "%ret_ln0 = ret"   --->   Operation 36 'ret' 'ret_ln0' <Predicate = (icmp_ln1324)> <Delay = 0.42>

State 2 <SV = 1> <Delay = 2.30>
ST_2 : Operation 22 [1/1] (0.00ns)   --->   "%specpipeline_ln1189 = specpipeline void @_ssdm_op_SpecPipeline, i32 4294967295, i32 0, i32 0, i32 0, i32 4294967295, void @empty_524" [../src/riccati_solver_hls.cpp:1189->../src/mpc_riccati_hls.cpp:647]   --->   Operation 22 'specpipeline' 'specpipeline_ln1189' <Predicate = true> <Delay = 0.00>
ST_2 : Operation 23 [1/1] (0.00ns)   --->   "%speclooptripcount_ln1189 = speclooptripcount void @_ssdm_op_SpecLoopTripCount, i64 20, i64 20, i64 20" [../src/riccati_solver_hls.cpp:1189->../src/mpc_riccati_hls.cpp:647]   --->   Operation 23 'speclooptripcount' 'speclooptripcount_ln1189' <Predicate = true> <Delay = 0.00>
ST_2 : Operation 24 [1/1] (0.00ns)   --->   "%specloopname_ln1324 = specloopname void @_ssdm_op_SpecLoopName, void @empty_12" [../src/riccati_solver_hls.cpp:1324->../src/mpc_riccati_hls.cpp:647]   --->   Operation 24 'specloopname' 'specloopname_ln1324' <Predicate = true> <Delay = 0.00>
ST_2 : Operation 25 [1/2] ( I:0.67ns O:0.67ns )   --->   "%sol_u_load = load i5 %sol_u_addr" [../src/riccati_solver_hls.cpp:1327->../src/mpc_riccati_hls.cpp:647]   --->   Operation 25 'load' 'sol_u_load' <Predicate = true> <Delay = 0.67> <CoreInst = "RAM">   --->   Core 82 'RAM' <Latency = 1> <II = 1> <Delay = 0.67> <Storage> <Opcode : 'load' 'store'> <Ports = 2> <Width = 26> <Depth = 20> <RAM>
ST_2 : Operation 26 [1/2] ( I:0.67ns O:0.67ns )   --->   "%z_u_load = load i5 %z_u_addr" [../src/riccati_solver_hls.cpp:1327->../src/mpc_riccati_hls.cpp:647]   --->   Operation 26 'load' 'z_u_load' <Predicate = true> <Delay = 0.67> <CoreInst = "RAM">   --->   Core 82 'RAM' <Latency = 1> <II = 1> <Delay = 0.67> <Storage> <Opcode : 'load' 'store'> <Ports = 2> <Width = 26> <Depth = 20> <RAM>
ST_2 : Operation 27 [1/1] (0.95ns)   --->   "%sub_ln1327 = sub i26 %sol_u_load, i26 %z_u_load" [../src/riccati_solver_hls.cpp:1327->../src/mpc_riccati_hls.cpp:647]   --->   Operation 27 'sub' 'sub_ln1327' <Predicate = true> <Delay = 0.95> <CoreInst = "Adder">   --->   Core 1 'Adder' <Latency = 0> <II = 1> <Delay = 0.95> <FuncUnit> <Opcode : 'add' 'sub'> <InPorts = 2> <OutPorts = 1>
ST_2 : Operation 28 [1/1] (0.00ns)   --->   "%y_u_addr = getelementptr i26 %y_u, i64 0, i64 %zext_ln1324" [../src/riccati_solver_hls.cpp:1327->../src/mpc_riccati_hls.cpp:647]   --->   Operation 28 'getelementptr' 'y_u_addr' <Predicate = true> <Delay = 0.00>
ST_2 : Operation 29 [1/2] ( I:0.67ns O:0.67ns )   --->   "%sol_u_1_load = load i5 %sol_u_1_addr" [../src/riccati_solver_hls.cpp:1327->../src/mpc_riccati_hls.cpp:647]   --->   Operation 29 'load' 'sol_u_1_load' <Predicate = true> <Delay = 0.67> <CoreInst = "RAM">   --->   Core 82 'RAM' <Latency = 1> <II = 1> <Delay = 0.67> <Storage> <Opcode : 'load' 'store'> <Ports = 2> <Width = 26> <Depth = 20> <RAM>
ST_2 : Operation 30 [1/2] ( I:0.67ns O:0.67ns )   --->   "%z_u_1_load = load i5 %z_u_1_addr" [../src/riccati_solver_hls.cpp:1327->../src/mpc_riccati_hls.cpp:647]   --->   Operation 30 'load' 'z_u_1_load' <Predicate = true> <Delay = 0.67> <CoreInst = "RAM">   --->   Core 82 'RAM' <Latency = 1> <II = 1> <Delay = 0.67> <Storage> <Opcode : 'load' 'store'> <Ports = 2> <Width = 26> <Depth = 20> <RAM>
ST_2 : Operation 31 [1/1] (0.95ns)   --->   "%sub_ln1327_1 = sub i26 %sol_u_1_load, i26 %z_u_1_load" [../src/riccati_solver_hls.cpp:1327->../src/mpc_riccati_hls.cpp:647]   --->   Operation 31 'sub' 'sub_ln1327_1' <Predicate = true> <Delay = 0.95> <CoreInst = "Adder">   --->   Core 1 'Adder' <Latency = 0> <II = 1> <Delay = 0.95> <FuncUnit> <Opcode : 'add' 'sub'> <InPorts = 2> <OutPorts = 1>
ST_2 : Operation 32 [1/1] (0.00ns)   --->   "%y_u_1_addr = getelementptr i26 %y_u_1, i64 0, i64 %zext_ln1324" [../src/riccati_solver_hls.cpp:1327->../src/mpc_riccati_hls.cpp:647]   --->   Operation 32 'getelementptr' 'y_u_1_addr' <Predicate = true> <Delay = 0.00>
ST_2 : Operation 33 [1/1] ( I:0.67ns O:0.67ns )   --->   "%store_ln1327 = store i26 %sub_ln1327, i5 %y_u_addr" [../src/riccati_solver_hls.cpp:1327->../src/mpc_riccati_hls.cpp:647]   --->   Operation 33 'store' 'store_ln1327' <Predicate = true> <Delay = 0.67> <CoreInst = "RAM">   --->   Core 82 'RAM' <Latency = 1> <II = 1> <Delay = 0.67> <Storage> <Opcode : 'load' 'store'> <Ports = 2> <Width = 26> <Depth = 20> <RAM>
ST_2 : Operation 34 [1/1] ( I:0.67ns O:0.67ns )   --->   "%store_ln1327 = store i26 %sub_ln1327_1, i5 %y_u_1_addr" [../src/riccati_solver_hls.cpp:1327->../src/mpc_riccati_hls.cpp:647]   --->   Operation 34 'store' 'store_ln1327' <Predicate = true> <Delay = 0.67> <CoreInst = "RAM">   --->   Core 82 'RAM' <Latency = 1> <II = 1> <Delay = 0.67> <Storage> <Opcode : 'load' 'store'> <Ports = 2> <Width = 26> <Depth = 20> <RAM>
ST_2 : Operation 35 [1/1] (0.00ns)   --->   "%br_ln1324 = br void %for.body344.i" [../src/riccati_solver_hls.cpp:1324->../src/mpc_riccati_hls.cpp:647]   --->   Operation 35 'br' 'br_ln1324' <Predicate = true> <Delay = 0.00>


============================================================
+ Verbose Summary: Timing violations
============================================================
Target clock period: 5.000ns, clock uncertainty: 0.500ns.

 <State 1>: 1.643ns
The critical path consists of the following:
	'store' operation ('store_ln1189', ../src/riccati_solver_hls.cpp:1189->../src/mpc_riccati_hls.cpp:647) of constant 0 5 bit on local variable 'k', ../src/riccati_solver_hls.cpp:1189->../src/mpc_riccati_hls.cpp:647 [8]  (0.427 ns)
	'load' operation 5 bit ('k', ../src/riccati_solver_hls.cpp:1324->../src/mpc_riccati_hls.cpp:647) on local variable 'k', ../src/riccati_solver_hls.cpp:1189->../src/mpc_riccati_hls.cpp:647 [11]  (0.000 ns)
	'icmp' operation 1 bit ('icmp_ln1324', ../src/riccati_solver_hls.cpp:1324->../src/mpc_riccati_hls.cpp:647) [12]  (0.789 ns)
	'store' operation ('store_ln1189', ../src/riccati_solver_hls.cpp:1189->../src/mpc_riccati_hls.cpp:647) of variable 'add_ln1324', ../src/riccati_solver_hls.cpp:1324->../src/mpc_riccati_hls.cpp:647 5 bit on local variable 'k', ../src/riccati_solver_hls.cpp:1189->../src/mpc_riccati_hls.cpp:647 [34]  (0.427 ns)

 <State 2>: 2.309ns
The critical path consists of the following:
	'load' operation 26 bit ('sol_u_load', ../src/riccati_solver_hls.cpp:1327->../src/mpc_riccati_hls.cpp:647) on array 'sol_u' [21]  (0.677 ns)
	'sub' operation 26 bit ('sub_ln1327', ../src/riccati_solver_hls.cpp:1327->../src/mpc_riccati_hls.cpp:647) [24]  (0.955 ns)
	'store' operation ('store_ln1327', ../src/riccati_solver_hls.cpp:1327->../src/mpc_riccati_hls.cpp:647) of variable 'sub_ln1327', ../src/riccati_solver_hls.cpp:1327->../src/mpc_riccati_hls.cpp:647 26 bit on array 'y_u' [32]  (0.677 ns)


============================================================
+ Verbose Summary: Binding
============================================================
N/A
* FSMD analyzer results:
  - Output states:
 - Input state : 
  - Chain level:
	State 1
	State 2


============================================================
+ Verbose Summary: Datapath Resource usage 
============================================================
N/A
