

================================================================
== Vitis HLS Report for 'mpc_compute_hls_Pipeline_VITIS_LOOP_1320_16'
================================================================
* Date:           Thu Jun 11 17:48:32 2026

* Version:        2025.2 (Build 6295257 on Nov 14 2025)
* Project:        mpc_fpga_top_opencl
* Solution:       hls (Vitis Kernel Flow Target)
* Product family: zynquplus
* Target device:  xck26-sfvc784-2LV-c


================================================================
== Performance Estimates
================================================================
+ Timing: 
    * Summary: 
    +--------+---------+----------+------------+
    |  Clock |  Target | Estimated| Uncertainty|
    +--------+---------+----------+------------+
    |ap_clk  |  5.00 ns|  2.309 ns|     0.50 ns|
    +--------+---------+----------+------------+

+ Latency: 
    * Summary: 
    +---------+---------+----------+----------+-----+-----+-------------------+
    |  Latency (cycles) |  Latency (absolute) |  Interval |      Pipeline     |
    |   min   |   max   |    min   |    max   | min | max |        Type       |
    +---------+---------+----------+----------+-----+-----+-------------------+
    |       23|       23|  0.115 us|  0.115 us|    0|    0|  loop pipeline stp|
    +---------+---------+----------+----------+-----+-----+-------------------+

    + Detail: 
        * Instance: 
        N/A

        * Loop: 
        +----------------------+---------+---------+----------+-----------+-----------+------+----------+
        |                      |  Latency (cycles) | Iteration|  Initiation Interval  | Trip |          |
        |       Loop Name      |   min   |   max   |  Latency |  achieved |   target  | Count| Pipelined|
        +----------------------+---------+---------+----------+-----------+-----------+------+----------+
        |- VITIS_LOOP_1320_16  |       21|       21|         2|          1|          1|    21|       yes|
        +----------------------+---------+---------+----------+-----------+-----------+------+----------+

============================================================
+ Verbose Summary: Synthesis Manager
============================================================
InlineROM: 1
ExposeGlobal: 0
============================================================
+ Verbose Summary: CDFG Model
============================================================
IsTopModel: 0
ResetActiveHigh: 1
IsCombinational: 0
IsDatapathOnly: 0
HasWiredReturn: 1
HasMFsm: 2
HasVarLatency: 1
IsPipeline: 0
IsRtlPipelined: 0
IsInstanceOverlapped: 0
IsDontTouch: 0
HasImplIP: 0
IsGatedGlobalClock: 0

+ Individual pipeline summary: 
  * Pipeline-0: initiation interval (II) = 1, depth = 2


============================================================
+ Verbose Summary: Schedule
============================================================
* Number of FSM states : 2
* Pipeline : 1
  Pipeline-0 : II = 1, D = 2, States = { 1 2 }
* Dataflow Pipeline: 0

* FSM state transitions: 
1 --> 2 
2 --> 

* FSM state operations: 

State 1 <SV = 0> <Delay = 1.64>
ST_1 : Operation 5 [1/1] (0.00ns)   --->   "%k = alloca i32 1" [../src/riccati_solver_hls.cpp:1189->../src/mpc_riccati_hls.cpp:647]   --->   Operation 5 'alloca' 'k' <Predicate = true> <Delay = 0.00>
ST_1 : Operation 6 [1/1] (0.00ns)   --->   "%specmemcore_ln0 = specmemcore void @_ssdm_op_SpecMemCore, i26 %sol_x, i64 666, i64 23, i64 1, i1 0"   --->   Operation 6 'specmemcore' 'specmemcore_ln0' <Predicate = true> <Delay = 0.00>
ST_1 : Operation 7 [1/1] (0.00ns)   --->   "%specmemcore_ln0 = specmemcore void @_ssdm_op_SpecMemCore, i26 %sol_x_5, i64 666, i64 23, i64 1, i1 0"   --->   Operation 7 'specmemcore' 'specmemcore_ln0' <Predicate = true> <Delay = 0.00>
ST_1 : Operation 8 [1/1] (0.00ns)   --->   "%specmemcore_ln0 = specmemcore void @_ssdm_op_SpecMemCore, i26 %y_x, i64 666, i64 23, i64 1, i1 0"   --->   Operation 8 'specmemcore' 'specmemcore_ln0' <Predicate = true> <Delay = 0.00>
ST_1 : Operation 9 [1/1] (0.00ns)   --->   "%specmemcore_ln0 = specmemcore void @_ssdm_op_SpecMemCore, i26 %y_x_5, i64 666, i64 23, i64 1, i1 0"   --->   Operation 9 'specmemcore' 'specmemcore_ln0' <Predicate = true> <Delay = 0.00>
ST_1 : Operation 10 [1/1] (0.00ns)   --->   "%specmemcore_ln0 = specmemcore void @_ssdm_op_SpecMemCore, i26 %z_x, i64 666, i64 23, i64 1, i1 0"   --->   Operation 10 'specmemcore' 'specmemcore_ln0' <Predicate = true> <Delay = 0.00>
ST_1 : Operation 11 [1/1] (0.00ns)   --->   "%specmemcore_ln0 = specmemcore void @_ssdm_op_SpecMemCore, i26 %z_x_5, i64 666, i64 23, i64 1, i1 0"   --->   Operation 11 'specmemcore' 'specmemcore_ln0' <Predicate = true> <Delay = 0.00>
ST_1 : Operation 12 [1/1] (0.42ns)   --->   "%store_ln1189 = store i5 0, i5 %k" [../src/riccati_solver_hls.cpp:1189->../src/mpc_riccati_hls.cpp:647]   --->   Operation 12 'store' 'store_ln1189' <Predicate = true> <Delay = 0.42>
ST_1 : Operation 13 [1/1] (0.00ns)   --->   "%br_ln0 = br void %for.body316.i"   --->   Operation 13 'br' 'br_ln0' <Predicate = true> <Delay = 0.00>
ST_1 : Operation 14 [1/1] (0.00ns)   --->   "%k_11 = load i5 %k" [../src/riccati_solver_hls.cpp:1320->../src/mpc_riccati_hls.cpp:647]   --->   Operation 14 'load' 'k_11' <Predicate = true> <Delay = 0.00>
ST_1 : Operation 15 [1/1] (0.78ns)   --->   "%icmp_ln1320 = icmp_eq  i5 %k_11, i5 21" [../src/riccati_solver_hls.cpp:1320->../src/mpc_riccati_hls.cpp:647]   --->   Operation 15 'icmp' 'icmp_ln1320' <Predicate = true> <Delay = 0.78> <CoreInst = "Cmp">   --->   Core 9 'Cmp' <Latency = 0> <II = 1> <Delay = 0.78> <FuncUnit> <Opcode : 'seteq' 'setne' 'setle' 'setge' 'setlt' 'setgt'> <InPorts = 2> <OutPorts = 1>
ST_1 : Operation 16 [1/1] (0.78ns)   --->   "%add_ln1320 = add i5 %k_11, i5 1" [../src/riccati_solver_hls.cpp:1320->../src/mpc_riccati_hls.cpp:647]   --->   Operation 16 'add' 'add_ln1320' <Predicate = true> <Delay = 0.78> <CoreInst = "Adder">   --->   Core 1 'Adder' <Latency = 0> <II = 1> <Delay = 0.78> <FuncUnit> <Opcode : 'add' 'sub'> <InPorts = 2> <OutPorts = 1>
ST_1 : Operation 17 [1/1] (0.00ns)   --->   "%br_ln1320 = br i1 %icmp_ln1320, void %for.body316.i.split, void %for.body344.i.preheader.exitStub" [../src/riccati_solver_hls.cpp:1320->../src/mpc_riccati_hls.cpp:647]   --->   Operation 17 'br' 'br_ln1320' <Predicate = true> <Delay = 0.00>
ST_1 : Operation 18 [1/1] (0.00ns)   --->   "%zext_ln1320 = zext i5 %k_11" [../src/riccati_solver_hls.cpp:1320->../src/mpc_riccati_hls.cpp:647]   --->   Operation 18 'zext' 'zext_ln1320' <Predicate = (!icmp_ln1320)> <Delay = 0.00>
ST_1 : Operation 19 [1/1] (0.00ns)   --->   "%sol_x_addr = getelementptr i26 %sol_x, i64 0, i64 %zext_ln1320" [../src/riccati_solver_hls.cpp:1321->../src/mpc_riccati_hls.cpp:647]   --->   Operation 19 'getelementptr' 'sol_x_addr' <Predicate = (!icmp_ln1320)> <Delay = 0.00>
ST_1 : Operation 20 [2/2] (0.67ns)   --->   "%sol_x_load = load i5 %sol_x_addr" [../src/riccati_solver_hls.cpp:1321->../src/mpc_riccati_hls.cpp:647]   --->   Operation 20 'load' 'sol_x_load' <Predicate = (!icmp_ln1320)> <Delay = 0.67> <CoreInst = "RAM_2P_LUTRAM">   --->   Core 92 'RAM_2P_LUTRAM' <Latency = 1> <II = 1> <Delay = 0.67> <Storage> <Opcode : 'load' 'store'> <Ports = 2> <Width = 26> <Depth = 21> <RAM>
ST_1 : Operation 21 [1/1] (0.00ns)   --->   "%z_x_addr = getelementptr i26 %z_x, i64 0, i64 %zext_ln1320" [../src/riccati_solver_hls.cpp:1321->../src/mpc_riccati_hls.cpp:647]   --->   Operation 21 'getelementptr' 'z_x_addr' <Predicate = (!icmp_ln1320)> <Delay = 0.00>
ST_1 : Operation 22 [2/2] (0.67ns)   --->   "%z_x_load = load i5 %z_x_addr" [../src/riccati_solver_hls.cpp:1321->../src/mpc_riccati_hls.cpp:647]   --->   Operation 22 'load' 'z_x_load' <Predicate = (!icmp_ln1320)> <Delay = 0.67> <CoreInst = "RAM_2P_LUTRAM">   --->   Core 92 'RAM_2P_LUTRAM' <Latency = 1> <II = 1> <Delay = 0.67> <Storage> <Opcode : 'load' 'store'> <Ports = 2> <Width = 26> <Depth = 21> <RAM>
ST_1 : Operation 23 [1/1] (0.00ns)   --->   "%sol_x_5_addr = getelementptr i26 %sol_x_5, i64 0, i64 %zext_ln1320" [../src/riccati_solver_hls.cpp:1322->../src/mpc_riccati_hls.cpp:647]   --->   Operation 23 'getelementptr' 'sol_x_5_addr' <Predicate = (!icmp_ln1320)> <Delay = 0.00>
ST_1 : Operation 24 [2/2] (0.67ns)   --->   "%sol_x_5_load = load i5 %sol_x_5_addr" [../src/riccati_solver_hls.cpp:1322->../src/mpc_riccati_hls.cpp:647]   --->   Operation 24 'load' 'sol_x_5_load' <Predicate = (!icmp_ln1320)> <Delay = 0.67> <CoreInst = "RAM_2P_LUTRAM">   --->   Core 92 'RAM_2P_LUTRAM' <Latency = 1> <II = 1> <Delay = 0.67> <Storage> <Opcode : 'load' 'store'> <Ports = 2> <Width = 26> <Depth = 21> <RAM>
ST_1 : Operation 25 [1/1] (0.00ns)   --->   "%z_x_5_addr = getelementptr i26 %z_x_5, i64 0, i64 %zext_ln1320" [../src/riccati_solver_hls.cpp:1322->../src/mpc_riccati_hls.cpp:647]   --->   Operation 25 'getelementptr' 'z_x_5_addr' <Predicate = (!icmp_ln1320)> <Delay = 0.00>
ST_1 : Operation 26 [2/2] (0.67ns)   --->   "%z_x_5_load = load i5 %z_x_5_addr" [../src/riccati_solver_hls.cpp:1322->../src/mpc_riccati_hls.cpp:647]   --->   Operation 26 'load' 'z_x_5_load' <Predicate = (!icmp_ln1320)> <Delay = 0.67> <CoreInst = "RAM_2P_LUTRAM">   --->   Core 92 'RAM_2P_LUTRAM' <Latency = 1> <II = 1> <Delay = 0.67> <Storage> <Opcode : 'load' 'store'> <Ports = 2> <Width = 26> <Depth = 21> <RAM>
ST_1 : Operation 27 [1/1] (0.42ns)   --->   "%store_ln1189 = store i5 %add_ln1320, i5 %k" [../src/riccati_solver_hls.cpp:1189->../src/mpc_riccati_hls.cpp:647]   --->   Operation 27 'store' 'store_ln1189' <Predicate = (!icmp_ln1320)> <Delay = 0.42>
ST_1 : Operation 42 [1/1] (0.42ns)   --->   "%ret_ln0 = ret"   --->   Operation 42 'ret' 'ret_ln0' <Predicate = (icmp_ln1320)> <Delay = 0.42>

State 2 <SV = 1> <Delay = 2.30>
ST_2 : Operation 28 [1/1] (0.00ns)   --->   "%specpipeline_ln1189 = specpipeline void @_ssdm_op_SpecPipeline, i32 4294967295, i32 0, i32 0, i32 0, i32 4294967295, void @empty_524" [../src/riccati_solver_hls.cpp:1189->../src/mpc_riccati_hls.cpp:647]   --->   Operation 28 'specpipeline' 'specpipeline_ln1189' <Predicate = true> <Delay = 0.00>
ST_2 : Operation 29 [1/1] (0.00ns)   --->   "%speclooptripcount_ln1189 = speclooptripcount void @_ssdm_op_SpecLoopTripCount, i64 21, i64 21, i64 21" [../src/riccati_solver_hls.cpp:1189->../src/mpc_riccati_hls.cpp:647]   --->   Operation 29 'speclooptripcount' 'speclooptripcount_ln1189' <Predicate = true> <Delay = 0.00>
ST_2 : Operation 30 [1/1] (0.00ns)   --->   "%specloopname_ln1320 = specloopname void @_ssdm_op_SpecLoopName, void @empty_521" [../src/riccati_solver_hls.cpp:1320->../src/mpc_riccati_hls.cpp:647]   --->   Operation 30 'specloopname' 'specloopname_ln1320' <Predicate = true> <Delay = 0.00>
ST_2 : Operation 31 [1/2] ( I:0.67ns O:0.67ns )   --->   "%sol_x_load = load i5 %sol_x_addr" [../src/riccati_solver_hls.cpp:1321->../src/mpc_riccati_hls.cpp:647]   --->   Operation 31 'load' 'sol_x_load' <Predicate = true> <Delay = 0.67> <CoreInst = "RAM_2P_LUTRAM">   --->   Core 92 'RAM_2P_LUTRAM' <Latency = 1> <II = 1> <Delay = 0.67> <Storage> <Opcode : 'load' 'store'> <Ports = 2> <Width = 26> <Depth = 21> <RAM>
ST_2 : Operation 32 [1/2] ( I:0.67ns O:0.67ns )   --->   "%z_x_load = load i5 %z_x_addr" [../src/riccati_solver_hls.cpp:1321->../src/mpc_riccati_hls.cpp:647]   --->   Operation 32 'load' 'z_x_load' <Predicate = true> <Delay = 0.67> <CoreInst = "RAM_2P_LUTRAM">   --->   Core 92 'RAM_2P_LUTRAM' <Latency = 1> <II = 1> <Delay = 0.67> <Storage> <Opcode : 'load' 'store'> <Ports = 2> <Width = 26> <Depth = 21> <RAM>
ST_2 : Operation 33 [1/1] (0.95ns)   --->   "%sub_ln1321 = sub i26 %sol_x_load, i26 %z_x_load" [../src/riccati_solver_hls.cpp:1321->../src/mpc_riccati_hls.cpp:647]   --->   Operation 33 'sub' 'sub_ln1321' <Predicate = true> <Delay = 0.95> <CoreInst = "Adder">   --->   Core 1 'Adder' <Latency = 0> <II = 1> <Delay = 0.95> <FuncUnit> <Opcode : 'add' 'sub'> <InPorts = 2> <OutPorts = 1>
ST_2 : Operation 34 [1/1] (0.00ns)   --->   "%y_x_addr = getelementptr i26 %y_x, i64 0, i64 %zext_ln1320" [../src/riccati_solver_hls.cpp:1321->../src/mpc_riccati_hls.cpp:647]   --->   Operation 34 'getelementptr' 'y_x_addr' <Predicate = true> <Delay = 0.00>
ST_2 : Operation 35 [1/2] ( I:0.67ns O:0.67ns )   --->   "%sol_x_5_load = load i5 %sol_x_5_addr" [../src/riccati_solver_hls.cpp:1322->../src/mpc_riccati_hls.cpp:647]   --->   Operation 35 'load' 'sol_x_5_load' <Predicate = true> <Delay = 0.67> <CoreInst = "RAM_2P_LUTRAM">   --->   Core 92 'RAM_2P_LUTRAM' <Latency = 1> <II = 1> <Delay = 0.67> <Storage> <Opcode : 'load' 'store'> <Ports = 2> <Width = 26> <Depth = 21> <RAM>
ST_2 : Operation 36 [1/2] ( I:0.67ns O:0.67ns )   --->   "%z_x_5_load = load i5 %z_x_5_addr" [../src/riccati_solver_hls.cpp:1322->../src/mpc_riccati_hls.cpp:647]   --->   Operation 36 'load' 'z_x_5_load' <Predicate = true> <Delay = 0.67> <CoreInst = "RAM_2P_LUTRAM">   --->   Core 92 'RAM_2P_LUTRAM' <Latency = 1> <II = 1> <Delay = 0.67> <Storage> <Opcode : 'load' 'store'> <Ports = 2> <Width = 26> <Depth = 21> <RAM>
ST_2 : Operation 37 [1/1] (0.95ns)   --->   "%sub_ln1322 = sub i26 %sol_x_5_load, i26 %z_x_5_load" [../src/riccati_solver_hls.cpp:1322->../src/mpc_riccati_hls.cpp:647]   --->   Operation 37 'sub' 'sub_ln1322' <Predicate = true> <Delay = 0.95> <CoreInst = "Adder">   --->   Core 1 'Adder' <Latency = 0> <II = 1> <Delay = 0.95> <FuncUnit> <Opcode : 'add' 'sub'> <InPorts = 2> <OutPorts = 1>
ST_2 : Operation 38 [1/1] (0.00ns)   --->   "%y_x_5_addr = getelementptr i26 %y_x_5, i64 0, i64 %zext_ln1320" [../src/riccati_solver_hls.cpp:1322->../src/mpc_riccati_hls.cpp:647]   --->   Operation 38 'getelementptr' 'y_x_5_addr' <Predicate = true> <Delay = 0.00>
ST_2 : Operation 39 [1/1] ( I:0.67ns O:0.67ns )   --->   "%store_ln1321 = store i26 %sub_ln1321, i5 %y_x_addr" [../src/riccati_solver_hls.cpp:1321->../src/mpc_riccati_hls.cpp:647]   --->   Operation 39 'store' 'store_ln1321' <Predicate = true> <Delay = 0.67> <CoreInst = "RAM_2P_LUTRAM">   --->   Core 92 'RAM_2P_LUTRAM' <Latency = 1> <II = 1> <Delay = 0.67> <Storage> <Opcode : 'load' 'store'> <Ports = 2> <Width = 26> <Depth = 21> <RAM>
ST_2 : Operation 40 [1/1] ( I:0.67ns O:0.67ns )   --->   "%store_ln1322 = store i26 %sub_ln1322, i5 %y_x_5_addr" [../src/riccati_solver_hls.cpp:1322->../src/mpc_riccati_hls.cpp:647]   --->   Operation 40 'store' 'store_ln1322' <Predicate = true> <Delay = 0.67> <CoreInst = "RAM_2P_LUTRAM">   --->   Core 92 'RAM_2P_LUTRAM' <Latency = 1> <II = 1> <Delay = 0.67> <Storage> <Opcode : 'load' 'store'> <Ports = 2> <Width = 26> <Depth = 21> <RAM>
ST_2 : Operation 41 [1/1] (0.00ns)   --->   "%br_ln1320 = br void %for.body316.i" [../src/riccati_solver_hls.cpp:1320->../src/mpc_riccati_hls.cpp:647]   --->   Operation 41 'br' 'br_ln1320' <Predicate = true> <Delay = 0.00>


============================================================
+ Verbose Summary: Timing violations
============================================================
Target clock period: 5.000ns, clock uncertainty: 0.500ns.

 <State 1>: 1.643ns
The critical path consists of the following:
	'store' operation ('store_ln1189', ../src/riccati_solver_hls.cpp:1189->../src/mpc_riccati_hls.cpp:647) of constant 0 5 bit on local variable 'k', ../src/riccati_solver_hls.cpp:1189->../src/mpc_riccati_hls.cpp:647 [14]  (0.427 ns)
	'load' operation 5 bit ('k', ../src/riccati_solver_hls.cpp:1320->../src/mpc_riccati_hls.cpp:647) on local variable 'k', ../src/riccati_solver_hls.cpp:1189->../src/mpc_riccati_hls.cpp:647 [17]  (0.000 ns)
	'icmp' operation 1 bit ('icmp_ln1320', ../src/riccati_solver_hls.cpp:1320->../src/mpc_riccati_hls.cpp:647) [18]  (0.789 ns)
	'store' operation ('store_ln1189', ../src/riccati_solver_hls.cpp:1189->../src/mpc_riccati_hls.cpp:647) of variable 'add_ln1320', ../src/riccati_solver_hls.cpp:1320->../src/mpc_riccati_hls.cpp:647 5 bit on local variable 'k', ../src/riccati_solver_hls.cpp:1189->../src/mpc_riccati_hls.cpp:647 [40]  (0.427 ns)

 <State 2>: 2.309ns
The critical path consists of the following:
	'load' operation 26 bit ('sol_x_load', ../src/riccati_solver_hls.cpp:1321->../src/mpc_riccati_hls.cpp:647) on array 'sol_x' [27]  (0.677 ns)
	'sub' operation 26 bit ('sub_ln1321', ../src/riccati_solver_hls.cpp:1321->../src/mpc_riccati_hls.cpp:647) [30]  (0.955 ns)
	'store' operation ('store_ln1321', ../src/riccati_solver_hls.cpp:1321->../src/mpc_riccati_hls.cpp:647) of variable 'sub_ln1321', ../src/riccati_solver_hls.cpp:1321->../src/mpc_riccati_hls.cpp:647 26 bit on array 'y_x' [38]  (0.677 ns)


============================================================
+ Verbose Summary: Binding
============================================================
N/A
* FSMD analyzer results:
  - Output states:
 - Input state : 
  - Chain level:
	State 1
	State 2


============================================================
+ Verbose Summary: Datapath Resource usage 
============================================================
N/A
