

================================================================
== Vitis HLS Report for 'mpc_compute_hls_Pipeline_VITIS_LOOP_1214_4'
================================================================
* Date:           Thu Jun 11 16:07:02 2026

* Version:        2025.2 (Build 6295257 on Nov 14 2025)
* Project:        mpc_fpga_top_opencl
* Solution:       hls (Vitis Kernel Flow Target)
* Product family: zynquplus
* Target device:  xck26-sfvc784-2LV-c


================================================================
== Performance Estimates
================================================================
+ Timing: 
    * Summary: 
    +--------+---------+----------+------------+
    |  Clock |  Target | Estimated| Uncertainty|
    +--------+---------+----------+------------+
    |ap_clk  |  5.00 ns|  1.893 ns|     0.50 ns|
    +--------+---------+----------+------------+

+ Latency: 
    * Summary: 
    +---------+---------+----------+----------+-----+-----+-------------------+
    |  Latency (cycles) |  Latency (absolute) |  Interval |      Pipeline     |
    |   min   |   max   |    min   |    max   | min | max |        Type       |
    +---------+---------+----------+----------+-----+-----+-------------------+
    |       22|       22|  0.110 us|  0.110 us|    0|    0|  loop pipeline stp|
    +---------+---------+----------+----------+-----+-----+-------------------+

    + Detail: 
        * Instance: 
        N/A

        * Loop: 
        +---------------------+---------+---------+----------+-----------+-----------+------+----------+
        |                     |  Latency (cycles) | Iteration|  Initiation Interval  | Trip |          |
        |      Loop Name      |   min   |   max   |  Latency |  achieved |   target  | Count| Pipelined|
        +---------------------+---------+---------+----------+-----------+-----------+------+----------+
        |- VITIS_LOOP_1214_4  |       20|       20|         1|          1|          1|    20|       yes|
        +---------------------+---------+---------+----------+-----------+-----------+------+----------+



================================================================
== Utilization Estimates
================================================================
* Summary: 
+-----------------+---------+------+--------+--------+-----+
|       Name      | BRAM_18K|  DSP |   FF   |   LUT  | URAM|
+-----------------+---------+------+--------+--------+-----+
|DSP              |        -|     -|       -|       -|    -|
|Expression       |        -|     -|       0|      24|    -|
|FIFO             |        -|     -|       -|       -|    -|
|Instance         |        -|     -|       -|       -|    -|
|Memory           |        -|     -|       -|       -|    -|
|Multiplexer      |        -|     -|       0|      27|    -|
|Register         |        -|     -|       7|       -|    -|
+-----------------+---------+------+--------+--------+-----+
|Total            |        0|     0|       7|      51|    0|
+-----------------+---------+------+--------+--------+-----+
|Available        |      288|  1248|  234240|  117120|   64|
+-----------------+---------+------+--------+--------+-----+
|Utilization (%)  |        0|     0|      ~0|      ~0|    0|
+-----------------+---------+------+--------+--------+-----+

+ Detail: 
    * Instance: 
    N/A

    * DSP: 
    N/A

    * Memory: 
    N/A

    * FIFO: 
    N/A

    * Expression: 
    +-----------------------+----------+----+---+----+------------+------------+
    |     Variable Name     | Operation| DSP| FF| LUT| Bitwidth P0| Bitwidth P1|
    +-----------------------+----------+----+---+----+------------+------------+
    |add_ln1214_fu_110_p2   |         +|   0|  0|  12|           5|           1|
    |icmp_ln1214_fu_104_p2  |      icmp|   0|  0|  12|           5|           5|
    +-----------------------+----------+----+---+----+------------+------------+
    |Total                  |          |   0|  0|  24|          10|           6|
    +-----------------------+----------+----+---+----+------------+------------+

    * Multiplexer: 
    +--------------------+----+-----------+-----+-----------+
    |        Name        | LUT| Input Size| Bits| Total Bits|
    +--------------------+----+-----------+-----+-----------+
    |ap_done_int         |   9|          2|    1|          2|
    |ap_sig_allocacmp_k  |   9|          2|    5|         10|
    |k_6_fu_36           |   9|          2|    5|         10|
    +--------------------+----+-----------+-----+-----------+
    |Total               |  27|          6|   11|         22|
    +--------------------+----+-----------+-----+-----------+

    * Register: 
    +-------------+---+----+-----+-----------+
    |     Name    | FF| LUT| Bits| Const Bits|
    +-------------+---+----+-----+-----------+
    |ap_CS_fsm    |  1|   0|    1|          0|
    |ap_done_reg  |  1|   0|    1|          0|
    |k_6_fu_36    |  5|   0|    5|          0|
    +-------------+---+----+-----+-----------+
    |Total        |  7|   0|    7|          0|
    +-------------+---+----+-----+-----------+



================================================================
== Interface
================================================================
* Summary: 
+----------------+-----+-----+------------+--------------------------------------------+--------------+
|    RTL Ports   | Dir | Bits|  Protocol  |                Source Object               |    C Type    |
+----------------+-----+-----+------------+--------------------------------------------+--------------+
|ap_clk          |   in|    1|  ap_ctrl_hs|  mpc_compute_hls_Pipeline_VITIS_LOOP_1214_4|  return value|
|ap_rst          |   in|    1|  ap_ctrl_hs|  mpc_compute_hls_Pipeline_VITIS_LOOP_1214_4|  return value|
|ap_start        |   in|    1|  ap_ctrl_hs|  mpc_compute_hls_Pipeline_VITIS_LOOP_1214_4|  return value|
|ap_done         |  out|    1|  ap_ctrl_hs|  mpc_compute_hls_Pipeline_VITIS_LOOP_1214_4|  return value|
|ap_idle         |  out|    1|  ap_ctrl_hs|  mpc_compute_hls_Pipeline_VITIS_LOOP_1214_4|  return value|
|ap_ready        |  out|    1|  ap_ctrl_hs|  mpc_compute_hls_Pipeline_VITIS_LOOP_1214_4|  return value|
|y_u_1_address0  |  out|    5|   ap_memory|                                       y_u_1|         array|
|y_u_1_ce0       |  out|    1|   ap_memory|                                       y_u_1|         array|
|y_u_1_we0       |  out|    1|   ap_memory|                                       y_u_1|         array|
|y_u_1_d0        |  out|   26|   ap_memory|                                       y_u_1|         array|
|y_u_address0    |  out|    5|   ap_memory|                                         y_u|         array|
|y_u_ce0         |  out|    1|   ap_memory|                                         y_u|         array|
|y_u_we0         |  out|    1|   ap_memory|                                         y_u|         array|
|y_u_d0          |  out|   26|   ap_memory|                                         y_u|         array|
|z_u_1_address0  |  out|    5|   ap_memory|                                       z_u_1|         array|
|z_u_1_ce0       |  out|    1|   ap_memory|                                       z_u_1|         array|
|z_u_1_we0       |  out|    1|   ap_memory|                                       z_u_1|         array|
|z_u_1_d0        |  out|   26|   ap_memory|                                       z_u_1|         array|
|z_u_address0    |  out|    5|   ap_memory|                                         z_u|         array|
|z_u_ce0         |  out|    1|   ap_memory|                                         z_u|         array|
|z_u_we0         |  out|    1|   ap_memory|                                         z_u|         array|
|z_u_d0          |  out|   26|   ap_memory|                                         z_u|         array|
+----------------+-----+-----+------------+--------------------------------------------+--------------+

============================================================
+ Verbose Summary: Synthesis Manager
============================================================
InlineROM: 1
ExposeGlobal: 0
============================================================
+ Verbose Summary: CDFG Model
============================================================
IsTopModel: 0
ResetActiveHigh: 1
IsCombinational: 2
IsDatapathOnly: 2
HasWiredReturn: 1
HasMFsm: 2
HasVarLatency: 1
IsPipeline: 0
IsRtlPipelined: 0
IsInstanceOverlapped: 0
IsDontTouch: 0
HasImplIP: 0
IsGatedGlobalClock: 0

+ Individual pipeline summary: 
  * Pipeline-0: initiation interval (II) = 1, depth = 1


============================================================
+ Verbose Summary: Schedule
============================================================
* Number of FSM states : 1
* Pipeline : 1
  Pipeline-0 : II = 1, D = 1, States = { 1 }
* Dataflow Pipeline: 0

* FSM state transitions: 
1 --> 

* FSM state operations: 

State 1 <SV = 0> <Delay = 1.89>
ST_1 : Operation 4 [1/1] (0.00ns)   --->   "%k_6 = alloca i32 1" [../src/riccati_solver_hls.cpp:1189->../src/mpc_riccati_hls.cpp:647]   --->   Operation 4 'alloca' 'k_6' <Predicate = true> <Delay = 0.00>
ST_1 : Operation 5 [1/1] (0.42ns)   --->   "%store_ln1189 = store i5 0, i5 %k_6" [../src/riccati_solver_hls.cpp:1189->../src/mpc_riccati_hls.cpp:647]   --->   Operation 5 'store' 'store_ln1189' <Predicate = true> <Delay = 0.42>
ST_1 : Operation 6 [1/1] (0.00ns)   --->   "%br_ln0 = br void %for.body84.i"   --->   Operation 6 'br' 'br_ln0' <Predicate = true> <Delay = 0.00>
ST_1 : Operation 7 [1/1] (0.00ns)   --->   "%k = load i5 %k_6" [../src/riccati_solver_hls.cpp:1214->../src/mpc_riccati_hls.cpp:647]   --->   Operation 7 'load' 'k' <Predicate = true> <Delay = 0.00>
ST_1 : Operation 8 [1/1] (0.78ns)   --->   "%icmp_ln1214 = icmp_eq  i5 %k, i5 20" [../src/riccati_solver_hls.cpp:1214->../src/mpc_riccati_hls.cpp:647]   --->   Operation 8 'icmp' 'icmp_ln1214' <Predicate = true> <Delay = 0.78> <CoreInst = "Cmp">   --->   Core 9 'Cmp' <Latency = 0> <II = 1> <Delay = 0.78> <FuncUnit> <Opcode : 'seteq' 'setne' 'setle' 'setge' 'setlt' 'setgt'> <InPorts = 2> <OutPorts = 1>
ST_1 : Operation 9 [1/1] (0.78ns)   --->   "%add_ln1214 = add i5 %k, i5 1" [../src/riccati_solver_hls.cpp:1214->../src/mpc_riccati_hls.cpp:647]   --->   Operation 9 'add' 'add_ln1214' <Predicate = true> <Delay = 0.78> <CoreInst = "Adder">   --->   Core 1 'Adder' <Latency = 0> <II = 1> <Delay = 0.78> <FuncUnit> <Opcode : 'add' 'sub'> <InPorts = 2> <OutPorts = 1>
ST_1 : Operation 10 [1/1] (0.00ns)   --->   "%br_ln1214 = br i1 %icmp_ln1214, void %for.body84.i.split, void %_ZN8ap_fixedILi26ELi12EL9ap_q_mode5EL9ap_o_mode3ELi0EEC2Ei.exit494.i.loopexit1709.exitStub" [../src/riccati_solver_hls.cpp:1214->../src/mpc_riccati_hls.cpp:647]   --->   Operation 10 'br' 'br_ln1214' <Predicate = true> <Delay = 0.00>
ST_1 : Operation 11 [1/1] (0.00ns)   --->   "%zext_ln1214 = zext i5 %k" [../src/riccati_solver_hls.cpp:1214->../src/mpc_riccati_hls.cpp:647]   --->   Operation 11 'zext' 'zext_ln1214' <Predicate = (!icmp_ln1214)> <Delay = 0.00>
ST_1 : Operation 12 [1/1] (0.00ns)   --->   "%specpipeline_ln1189 = specpipeline void @_ssdm_op_SpecPipeline, i32 4294967295, i32 0, i32 0, i32 0, i32 4294967295, void @empty_524" [../src/riccati_solver_hls.cpp:1189->../src/mpc_riccati_hls.cpp:647]   --->   Operation 12 'specpipeline' 'specpipeline_ln1189' <Predicate = (!icmp_ln1214)> <Delay = 0.00>
ST_1 : Operation 13 [1/1] (0.00ns)   --->   "%speclooptripcount_ln1189 = speclooptripcount void @_ssdm_op_SpecLoopTripCount, i64 20, i64 20, i64 20" [../src/riccati_solver_hls.cpp:1189->../src/mpc_riccati_hls.cpp:647]   --->   Operation 13 'speclooptripcount' 'speclooptripcount_ln1189' <Predicate = (!icmp_ln1214)> <Delay = 0.00>
ST_1 : Operation 14 [1/1] (0.00ns)   --->   "%specloopname_ln1214 = specloopname void @_ssdm_op_SpecLoopName, void @empty_526" [../src/riccati_solver_hls.cpp:1214->../src/mpc_riccati_hls.cpp:647]   --->   Operation 14 'specloopname' 'specloopname_ln1214' <Predicate = (!icmp_ln1214)> <Delay = 0.00>
ST_1 : Operation 15 [1/1] (0.00ns)   --->   "%z_u_addr = getelementptr i26 %z_u, i64 0, i64 %zext_ln1214" [../src/riccati_solver_hls.cpp:1217->../src/mpc_riccati_hls.cpp:647]   --->   Operation 15 'getelementptr' 'z_u_addr' <Predicate = (!icmp_ln1214)> <Delay = 0.00>
ST_1 : Operation 16 [1/1] (0.00ns)   --->   "%y_u_addr = getelementptr i26 %y_u, i64 0, i64 %zext_ln1214" [../src/riccati_solver_hls.cpp:1218->../src/mpc_riccati_hls.cpp:647]   --->   Operation 16 'getelementptr' 'y_u_addr' <Predicate = (!icmp_ln1214)> <Delay = 0.00>
ST_1 : Operation 17 [1/1] (0.00ns)   --->   "%z_u_1_addr = getelementptr i26 %z_u_1, i64 0, i64 %zext_ln1214" [../src/riccati_solver_hls.cpp:1217->../src/mpc_riccati_hls.cpp:647]   --->   Operation 17 'getelementptr' 'z_u_1_addr' <Predicate = (!icmp_ln1214)> <Delay = 0.00>
ST_1 : Operation 18 [1/1] ( I:0.67ns O:0.67ns )   --->   "%store_ln1217 = store i26 0, i5 %z_u_addr" [../src/riccati_solver_hls.cpp:1217->../src/mpc_riccati_hls.cpp:647]   --->   Operation 18 'store' 'store_ln1217' <Predicate = (!icmp_ln1214)> <Delay = 0.67> <CoreInst = "RAM">   --->   Core 82 'RAM' <Latency = 1> <II = 1> <Delay = 0.67> <Storage> <Opcode : 'load' 'store'> <Ports = 2> <Width = 26> <Depth = 20> <RAM>
ST_1 : Operation 19 [1/1] ( I:0.67ns O:0.67ns )   --->   "%store_ln1217 = store i26 0, i5 %z_u_1_addr" [../src/riccati_solver_hls.cpp:1217->../src/mpc_riccati_hls.cpp:647]   --->   Operation 19 'store' 'store_ln1217' <Predicate = (!icmp_ln1214)> <Delay = 0.67> <CoreInst = "RAM">   --->   Core 82 'RAM' <Latency = 1> <II = 1> <Delay = 0.67> <Storage> <Opcode : 'load' 'store'> <Ports = 2> <Width = 26> <Depth = 20> <RAM>
ST_1 : Operation 20 [1/1] (0.00ns)   --->   "%y_u_1_addr = getelementptr i26 %y_u_1, i64 0, i64 %zext_ln1214" [../src/riccati_solver_hls.cpp:1218->../src/mpc_riccati_hls.cpp:647]   --->   Operation 20 'getelementptr' 'y_u_1_addr' <Predicate = (!icmp_ln1214)> <Delay = 0.00>
ST_1 : Operation 21 [1/1] ( I:0.67ns O:0.67ns )   --->   "%store_ln1218 = store i26 0, i5 %y_u_addr" [../src/riccati_solver_hls.cpp:1218->../src/mpc_riccati_hls.cpp:647]   --->   Operation 21 'store' 'store_ln1218' <Predicate = (!icmp_ln1214)> <Delay = 0.67> <CoreInst = "RAM">   --->   Core 82 'RAM' <Latency = 1> <II = 1> <Delay = 0.67> <Storage> <Opcode : 'load' 'store'> <Ports = 2> <Width = 26> <Depth = 20> <RAM>
ST_1 : Operation 22 [1/1] ( I:0.67ns O:0.67ns )   --->   "%store_ln1218 = store i26 0, i5 %y_u_1_addr" [../src/riccati_solver_hls.cpp:1218->../src/mpc_riccati_hls.cpp:647]   --->   Operation 22 'store' 'store_ln1218' <Predicate = (!icmp_ln1214)> <Delay = 0.67> <CoreInst = "RAM">   --->   Core 82 'RAM' <Latency = 1> <II = 1> <Delay = 0.67> <Storage> <Opcode : 'load' 'store'> <Ports = 2> <Width = 26> <Depth = 20> <RAM>
ST_1 : Operation 23 [1/1] (0.42ns)   --->   "%store_ln1189 = store i5 %add_ln1214, i5 %k_6" [../src/riccati_solver_hls.cpp:1189->../src/mpc_riccati_hls.cpp:647]   --->   Operation 23 'store' 'store_ln1189' <Predicate = (!icmp_ln1214)> <Delay = 0.42>
ST_1 : Operation 24 [1/1] (0.00ns)   --->   "%br_ln1214 = br void %for.body84.i" [../src/riccati_solver_hls.cpp:1214->../src/mpc_riccati_hls.cpp:647]   --->   Operation 24 'br' 'br_ln1214' <Predicate = (!icmp_ln1214)> <Delay = 0.00>
ST_1 : Operation 25 [1/1] (0.42ns)   --->   "%ret_ln0 = ret"   --->   Operation 25 'ret' 'ret_ln0' <Predicate = (icmp_ln1214)> <Delay = 0.42>


============================================================
+ Verbose Summary: Binding
============================================================
STG Binding: 
---------------- STG Properties BEGIN ----------------
- Is combinational: 0
- Is one-state seq: 0
- Is datapath-only: 0
- Is pipelined: 0
- Is top level: 0
Port [ Return ] is wired: 1; IO mode=ap_ctrl_hs:ce=0
Port [ y_u_1]:  wired=1; compound=1; hidden=0; nouse=0; global=0; static=0; extern=0; dir=1; type=1; pingpong=0; private_global=0; MemPort=[03]; IO mode=ap_memory:ce=0
Port [ y_u]:  wired=1; compound=1; hidden=0; nouse=0; global=0; static=0; extern=0; dir=1; type=1; pingpong=0; private_global=0; MemPort=[03]; IO mode=ap_memory:ce=0
Port [ z_u_1]:  wired=1; compound=1; hidden=0; nouse=0; global=0; static=0; extern=0; dir=1; type=1; pingpong=0; private_global=0; MemPort=[03]; IO mode=ap_memory:ce=0
Port [ z_u]:  wired=1; compound=1; hidden=0; nouse=0; global=0; static=0; extern=0; dir=1; type=1; pingpong=0; private_global=0; MemPort=[03]; IO mode=ap_memory:ce=0
---------------- STG Properties END ------------------

---------------- Datapath Model BEGIN ----------------

<LifeTime>
<method=bitvector/>
k_6                      (alloca           ) [ 01]
store_ln1189             (store            ) [ 00]
br_ln0                   (br               ) [ 00]
k                        (load             ) [ 00]
icmp_ln1214              (icmp             ) [ 01]
add_ln1214               (add              ) [ 00]
br_ln1214                (br               ) [ 00]
zext_ln1214              (zext             ) [ 00]
specpipeline_ln1189      (specpipeline     ) [ 00]
speclooptripcount_ln1189 (speclooptripcount) [ 00]
specloopname_ln1214      (specloopname     ) [ 00]
z_u_addr                 (getelementptr    ) [ 00]
y_u_addr                 (getelementptr    ) [ 00]
z_u_1_addr               (getelementptr    ) [ 00]
store_ln1217             (store            ) [ 00]
store_ln1217             (store            ) [ 00]
y_u_1_addr               (getelementptr    ) [ 00]
store_ln1218             (store            ) [ 00]
store_ln1218             (store            ) [ 00]
store_ln1189             (store            ) [ 00]
br_ln1214                (br               ) [ 00]
ret_ln0                  (ret              ) [ 00]
</LifeTime>

<model>

<comp_list>
<comp id="0" class="1000" name="y_u_1">
<pin_list>
<pin id="1" dir="1" index="0" bw="1" slack="0"/>
</pin_list>
<bind>
<StgValue><ssdm name="y_u_1"/><MemPortTyVec>0 3 </MemPortTyVec>
</StgValue>
</bind>
</comp>

<comp id="2" class="1000" name="y_u">
<pin_list>
<pin id="3" dir="1" index="0" bw="1" slack="0"/>
</pin_list>
<bind>
<StgValue><ssdm name="y_u"/><MemPortTyVec>0 3 </MemPortTyVec>
</StgValue>
</bind>
</comp>

<comp id="4" class="1000" name="z_u_1">
<pin_list>
<pin id="5" dir="1" index="0" bw="1" slack="0"/>
</pin_list>
<bind>
<StgValue><ssdm name="z_u_1"/><MemPortTyVec>0 3 </MemPortTyVec>
</StgValue>
</bind>
</comp>

<comp id="6" class="1000" name="z_u">
<pin_list>
<pin id="7" dir="1" index="0" bw="1" slack="0"/>
</pin_list>
<bind>
<StgValue><ssdm name="z_u"/><MemPortTyVec>0 3 </MemPortTyVec>
</StgValue>
</bind>
</comp>

<comp id="8" class="1001" name="const_8">
<pin_list>
<pin id="9" dir="1" index="0" bw="1" slack="0"/>
</pin_list>
<bind>
<StgValue><ssdm name=""/></StgValue>
</bind>
</comp>

<comp id="10" class="1001" name="const_10">
<pin_list>
<pin id="11" dir="1" index="0" bw="1" slack="0"/>
</pin_list>
<bind>
<StgValue><ssdm name=""/></StgValue>
</bind>
</comp>

<comp id="12" class="1001" name="const_12">
<pin_list>
<pin id="13" dir="1" index="0" bw="1" slack="0"/>
</pin_list>
<bind>
<StgValue><ssdm name=""/></StgValue>
</bind>
</comp>

<comp id="14" class="1001" name="const_14">
<pin_list>
<pin id="15" dir="1" index="0" bw="1" slack="0"/>
</pin_list>
<bind>
<StgValue><ssdm name=""/></StgValue>
</bind>
</comp>

<comp id="16" class="1001" name="const_16">
<pin_list>
<pin id="17" dir="1" index="0" bw="1" slack="2147483647"/>
</pin_list>
<bind>
<StgValue><ssdm name="_ssdm_op_SpecPipeline"/></StgValue>
</bind>
</comp>

<comp id="18" class="1001" name="const_18">
<pin_list>
<pin id="19" dir="1" index="0" bw="1" slack="2147483647"/>
</pin_list>
<bind>
<StgValue><ssdm name=""/></StgValue>
</bind>
</comp>

<comp id="20" class="1001" name="const_20">
<pin_list>
<pin id="21" dir="1" index="0" bw="1" slack="2147483647"/>
</pin_list>
<bind>
<StgValue><ssdm name=""/></StgValue>
</bind>
</comp>

<comp id="22" class="1001" name="const_22">
<pin_list>
<pin id="23" dir="1" index="0" bw="1" slack="2147483647"/>
</pin_list>
<bind>
<StgValue><ssdm name="empty_524"/></StgValue>
</bind>
</comp>

<comp id="24" class="1001" name="const_24">
<pin_list>
<pin id="25" dir="1" index="0" bw="1" slack="2147483647"/>
</pin_list>
<bind>
<StgValue><ssdm name="_ssdm_op_SpecLoopTripCount"/></StgValue>
</bind>
</comp>

<comp id="26" class="1001" name="const_26">
<pin_list>
<pin id="27" dir="1" index="0" bw="1" slack="2147483647"/>
</pin_list>
<bind>
<StgValue><ssdm name=""/></StgValue>
</bind>
</comp>

<comp id="28" class="1001" name="const_28">
<pin_list>
<pin id="29" dir="1" index="0" bw="1" slack="2147483647"/>
</pin_list>
<bind>
<StgValue><ssdm name="_ssdm_op_SpecLoopName"/></StgValue>
</bind>
</comp>

<comp id="30" class="1001" name="const_30">
<pin_list>
<pin id="31" dir="1" index="0" bw="1" slack="2147483647"/>
</pin_list>
<bind>
<StgValue><ssdm name="empty_526"/></StgValue>
</bind>
</comp>

<comp id="32" class="1001" name="const_32">
<pin_list>
<pin id="33" dir="1" index="0" bw="1" slack="0"/>
</pin_list>
<bind>
<StgValue><ssdm name=""/></StgValue>
</bind>
</comp>

<comp id="34" class="1001" name="const_34">
<pin_list>
<pin id="35" dir="1" index="0" bw="1" slack="0"/>
</pin_list>
<bind>
<StgValue><ssdm name=""/></StgValue>
</bind>
</comp>

<comp id="36" class="1004" name="k_6_fu_36">
<pin_list>
<pin id="37" dir="0" index="0" bw="1" slack="0"/>
<pin id="38" dir="1" index="1" bw="5" slack="0"/>
</pin_list>
<bind>
<opcode="alloca(26) " fcode="alloca"/>
<opset="k_6/1 "/>
</bind>
</comp>

<comp id="40" class="1004" name="z_u_addr_gep_fu_40">
<pin_list>
<pin id="41" dir="0" index="0" bw="26" slack="0"/>
<pin id="42" dir="0" index="1" bw="1" slack="0"/>
<pin id="43" dir="0" index="2" bw="5" slack="0"/>
<pin id="44" dir="1" index="3" bw="5" slack="0"/>
</pin_list>
<bind>
<opcode="getelementptr(29) " fcode="getelementptr"/>
<opset="z_u_addr/1 "/>
</bind>
</comp>

<comp id="47" class="1004" name="y_u_addr_gep_fu_47">
<pin_list>
<pin id="48" dir="0" index="0" bw="26" slack="0"/>
<pin id="49" dir="0" index="1" bw="1" slack="0"/>
<pin id="50" dir="0" index="2" bw="5" slack="0"/>
<pin id="51" dir="1" index="3" bw="5" slack="0"/>
</pin_list>
<bind>
<opcode="getelementptr(29) " fcode="getelementptr"/>
<opset="y_u_addr/1 "/>
</bind>
</comp>

<comp id="54" class="1004" name="z_u_1_addr_gep_fu_54">
<pin_list>
<pin id="55" dir="0" index="0" bw="26" slack="0"/>
<pin id="56" dir="0" index="1" bw="1" slack="0"/>
<pin id="57" dir="0" index="2" bw="5" slack="0"/>
<pin id="58" dir="1" index="3" bw="5" slack="0"/>
</pin_list>
<bind>
<opcode="getelementptr(29) " fcode="getelementptr"/>
<opset="z_u_1_addr/1 "/>
</bind>
</comp>

<comp id="61" class="1004" name="store_ln1217_access_fu_61">
<pin_list>
<pin id="62" dir="0" index="0" bw="5" slack="0"/>
<pin id="63" dir="0" index="1" bw="26" slack="0"/>
<pin id="64" dir="0" index="2" bw="0" slack="2147483647"/>
<pin id="65" dir="1" index="3" bw="26" slack="2147483647"/>
</pin_list>
<bind>
<opcode="store(28) " fcode="store"/>
<opset="store_ln1217/1 "/>
</bind>
</comp>

<comp id="68" class="1004" name="store_ln1217_access_fu_68">
<pin_list>
<pin id="69" dir="0" index="0" bw="5" slack="0"/>
<pin id="70" dir="0" index="1" bw="26" slack="0"/>
<pin id="71" dir="0" index="2" bw="0" slack="2147483647"/>
<pin id="72" dir="1" index="3" bw="26" slack="2147483647"/>
</pin_list>
<bind>
<opcode="store(28) " fcode="store"/>
<opset="store_ln1217/1 "/>
</bind>
</comp>

<comp id="75" class="1004" name="y_u_1_addr_gep_fu_75">
<pin_list>
<pin id="76" dir="0" index="0" bw="26" slack="0"/>
<pin id="77" dir="0" index="1" bw="1" slack="0"/>
<pin id="78" dir="0" index="2" bw="5" slack="0"/>
<pin id="79" dir="1" index="3" bw="5" slack="0"/>
</pin_list>
<bind>
<opcode="getelementptr(29) " fcode="getelementptr"/>
<opset="y_u_1_addr/1 "/>
</bind>
</comp>

<comp id="82" class="1004" name="store_ln1218_access_fu_82">
<pin_list>
<pin id="83" dir="0" index="0" bw="5" slack="0"/>
<pin id="84" dir="0" index="1" bw="26" slack="0"/>
<pin id="85" dir="0" index="2" bw="0" slack="2147483647"/>
<pin id="86" dir="1" index="3" bw="26" slack="2147483647"/>
</pin_list>
<bind>
<opcode="store(28) " fcode="store"/>
<opset="store_ln1218/1 "/>
</bind>
</comp>

<comp id="89" class="1004" name="store_ln1218_access_fu_89">
<pin_list>
<pin id="90" dir="0" index="0" bw="5" slack="0"/>
<pin id="91" dir="0" index="1" bw="26" slack="0"/>
<pin id="92" dir="0" index="2" bw="0" slack="2147483647"/>
<pin id="93" dir="1" index="3" bw="26" slack="2147483647"/>
</pin_list>
<bind>
<opcode="store(28) " fcode="store"/>
<opset="store_ln1218/1 "/>
</bind>
</comp>

<comp id="96" class="1004" name="store_ln1189_store_fu_96">
<pin_list>
<pin id="97" dir="0" index="0" bw="1" slack="0"/>
<pin id="98" dir="0" index="1" bw="5" slack="0"/>
<pin id="99" dir="1" index="2" bw="0" slack="2147483647"/>
</pin_list>
<bind>
<opcode="store(28) " fcode="store"/>
<opset="store_ln1189/1 "/>
</bind>
</comp>

<comp id="101" class="1004" name="k_load_fu_101">
<pin_list>
<pin id="102" dir="0" index="0" bw="5" slack="0"/>
<pin id="103" dir="1" index="1" bw="5" slack="0"/>
</pin_list>
<bind>
<opcode="load(27) " fcode="load"/>
<opset="k/1 "/>
</bind>
</comp>

<comp id="104" class="1004" name="icmp_ln1214_fu_104">
<pin_list>
<pin id="105" dir="0" index="0" bw="5" slack="0"/>
<pin id="106" dir="0" index="1" bw="5" slack="0"/>
<pin id="107" dir="1" index="2" bw="1" slack="2147483647"/>
</pin_list>
<bind>
<opcode="icmp(45) " fcode="icmp"/>
<opset="icmp_ln1214/1 "/>
</bind>
</comp>

<comp id="110" class="1004" name="add_ln1214_fu_110">
<pin_list>
<pin id="111" dir="0" index="0" bw="5" slack="0"/>
<pin id="112" dir="0" index="1" bw="1" slack="0"/>
<pin id="113" dir="1" index="2" bw="5" slack="0"/>
</pin_list>
<bind>
<opcode="add(8) " fcode="add"/>
<opset="add_ln1214/1 "/>
</bind>
</comp>

<comp id="116" class="1004" name="zext_ln1214_fu_116">
<pin_list>
<pin id="117" dir="0" index="0" bw="5" slack="0"/>
<pin id="118" dir="1" index="1" bw="64" slack="0"/>
</pin_list>
<bind>
<opcode="zext(34) " fcode="zext"/>
<opset="zext_ln1214/1 "/>
</bind>
</comp>

<comp id="124" class="1004" name="store_ln1189_store_fu_124">
<pin_list>
<pin id="125" dir="0" index="0" bw="5" slack="0"/>
<pin id="126" dir="0" index="1" bw="5" slack="0"/>
<pin id="127" dir="1" index="2" bw="0" slack="2147483647"/>
</pin_list>
<bind>
<opcode="store(28) " fcode="store"/>
<opset="store_ln1189/1 "/>
</bind>
</comp>

<comp id="129" class="1005" name="k_6_reg_129">
<pin_list>
<pin id="130" dir="0" index="0" bw="5" slack="0"/>
<pin id="131" dir="1" index="1" bw="5" slack="0"/>
</pin_list>
<bind>
<opset="k_6 "/>
</bind>
</comp>

</comp_list>

<net_list>
<net id="39"><net_src comp="8" pin="0"/><net_sink comp="36" pin=0"/></net>

<net id="45"><net_src comp="6" pin="0"/><net_sink comp="40" pin=0"/></net>

<net id="46"><net_src comp="32" pin="0"/><net_sink comp="40" pin=1"/></net>

<net id="52"><net_src comp="2" pin="0"/><net_sink comp="47" pin=0"/></net>

<net id="53"><net_src comp="32" pin="0"/><net_sink comp="47" pin=1"/></net>

<net id="59"><net_src comp="4" pin="0"/><net_sink comp="54" pin=0"/></net>

<net id="60"><net_src comp="32" pin="0"/><net_sink comp="54" pin=1"/></net>

<net id="66"><net_src comp="34" pin="0"/><net_sink comp="61" pin=1"/></net>

<net id="67"><net_src comp="40" pin="3"/><net_sink comp="61" pin=0"/></net>

<net id="73"><net_src comp="34" pin="0"/><net_sink comp="68" pin=1"/></net>

<net id="74"><net_src comp="54" pin="3"/><net_sink comp="68" pin=0"/></net>

<net id="80"><net_src comp="0" pin="0"/><net_sink comp="75" pin=0"/></net>

<net id="81"><net_src comp="32" pin="0"/><net_sink comp="75" pin=1"/></net>

<net id="87"><net_src comp="34" pin="0"/><net_sink comp="82" pin=1"/></net>

<net id="88"><net_src comp="47" pin="3"/><net_sink comp="82" pin=0"/></net>

<net id="94"><net_src comp="34" pin="0"/><net_sink comp="89" pin=1"/></net>

<net id="95"><net_src comp="75" pin="3"/><net_sink comp="89" pin=0"/></net>

<net id="100"><net_src comp="10" pin="0"/><net_sink comp="96" pin=0"/></net>

<net id="108"><net_src comp="101" pin="1"/><net_sink comp="104" pin=0"/></net>

<net id="109"><net_src comp="12" pin="0"/><net_sink comp="104" pin=1"/></net>

<net id="114"><net_src comp="101" pin="1"/><net_sink comp="110" pin=0"/></net>

<net id="115"><net_src comp="14" pin="0"/><net_sink comp="110" pin=1"/></net>

<net id="119"><net_src comp="101" pin="1"/><net_sink comp="116" pin=0"/></net>

<net id="120"><net_src comp="116" pin="1"/><net_sink comp="40" pin=2"/></net>

<net id="121"><net_src comp="116" pin="1"/><net_sink comp="47" pin=2"/></net>

<net id="122"><net_src comp="116" pin="1"/><net_sink comp="54" pin=2"/></net>

<net id="123"><net_src comp="116" pin="1"/><net_sink comp="75" pin=2"/></net>

<net id="128"><net_src comp="110" pin="2"/><net_sink comp="124" pin=0"/></net>

<net id="132"><net_src comp="36" pin="1"/><net_sink comp="129" pin=0"/></net>

<net id="133"><net_src comp="129" pin="1"/><net_sink comp="96" pin=1"/></net>

<net id="134"><net_src comp="129" pin="1"/><net_sink comp="101" pin=0"/></net>

<net id="135"><net_src comp="129" pin="1"/><net_sink comp="124" pin=1"/></net>

</net_list>

</model> 
---------------- Datapath Model END ------------------

* FSMD analyzer results:
  - Output states:
	Port: y_u_1 | {1 }
	Port: y_u | {1 }
	Port: z_u_1 | {1 }
	Port: z_u | {1 }
 - Input state : 
  - Chain level:
	State 1
		store_ln1189 : 1
		k : 1
		icmp_ln1214 : 2
		add_ln1214 : 2
		br_ln1214 : 3
		zext_ln1214 : 2
		z_u_addr : 3
		y_u_addr : 3
		z_u_1_addr : 3
		store_ln1217 : 4
		store_ln1217 : 4
		y_u_1_addr : 3
		store_ln1218 : 4
		store_ln1218 : 4
		store_ln1189 : 3


============================================================
+ Verbose Summary: Datapath Resource usage 
============================================================

* Functional unit list:
|----------|--------------------|---------|---------|
| Operation|   Functional Unit  |    FF   |   LUT   |
|----------|--------------------|---------|---------|
|   icmp   | icmp_ln1214_fu_104 |    0    |    12   |
|----------|--------------------|---------|---------|
|    add   |  add_ln1214_fu_110 |    0    |    12   |
|----------|--------------------|---------|---------|
|   zext   | zext_ln1214_fu_116 |    0    |    0    |
|----------|--------------------|---------|---------|
|   Total  |                    |    0    |    24   |
|----------|--------------------|---------|---------|

Memories:
N/A

* Register list:
+-----------+--------+
|           |   FF   |
+-----------+--------+
|k_6_reg_129|    5   |
+-----------+--------+
|   Total   |    5   |
+-----------+--------+

* Multiplexer (MUX) list: 
|--------|------|------|------|--------|
|  Comp  |  Pin | Size |  BW  | S x BW |
|--------|------|------|------|--------|
|  Total |      |      |      |    0   |
|--------|------|------|------|--------|



* Summary:
+-----------+--------+--------+
|           |   FF   |   LUT  |
+-----------+--------+--------+
|  Function |    0   |   24   |
|   Memory  |    -   |    -   |
|Multiplexer|    -   |    -   |
|  Register |    5   |    -   |
+-----------+--------+--------+
|   Total   |    5   |   24   |
+-----------+--------+--------+
