

================================================================
== Vitis HLS Report for 'mpc_compute_hls_Pipeline_VITIS_LOOP_1265_12'
================================================================
* Date:           Thu Jun 11 17:48:32 2026

* Version:        2025.2 (Build 6295257 on Nov 14 2025)
* Project:        mpc_fpga_top_opencl
* Solution:       hls (Vitis Kernel Flow Target)
* Product family: zynquplus
* Target device:  xck26-sfvc784-2LV-c


================================================================
== Performance Estimates
================================================================
+ Timing: 
    * Summary: 
    +--------+---------+----------+------------+
    |  Clock |  Target | Estimated| Uncertainty|
    +--------+---------+----------+------------+
    |ap_clk  |  5.00 ns|  3.910 ns|     0.50 ns|
    +--------+---------+----------+------------+

+ Latency: 
    * Summary: 
    +---------+---------+----------+----------+-----+-----+-------------------+
    |  Latency (cycles) |  Latency (absolute) |  Interval |      Pipeline     |
    |   min   |   max   |    min   |    max   | min | max |        Type       |
    +---------+---------+----------+----------+-----+-----+-------------------+
    |       24|       24|  0.120 us|  0.120 us|    0|    0|  loop pipeline stp|
    +---------+---------+----------+----------+-----+-----+-------------------+

    + Detail: 
        * Instance: 
        N/A

        * Loop: 
        +----------------------+---------+---------+----------+-----------+-----------+------+----------+
        |                      |  Latency (cycles) | Iteration|  Initiation Interval  | Trip |          |
        |       Loop Name      |   min   |   max   |  Latency |  achieved |   target  | Count| Pipelined|
        +----------------------+---------+---------+----------+-----------+-----------+------+----------+
        |- VITIS_LOOP_1265_12  |       22|       22|         3|          1|          1|    21|       yes|
        +----------------------+---------+---------+----------+-----------+-----------+------+----------+

============================================================
+ Verbose Summary: Synthesis Manager
============================================================
InlineROM: 1
ExposeGlobal: 0
============================================================
+ Verbose Summary: CDFG Model
============================================================
IsTopModel: 0
ResetActiveHigh: 1
IsCombinational: 0
IsDatapathOnly: 0
HasWiredReturn: 1
HasMFsm: 2
HasVarLatency: 1
IsPipeline: 0
IsRtlPipelined: 0
IsInstanceOverlapped: 0
IsDontTouch: 0
HasImplIP: 0
IsGatedGlobalClock: 0

+ Individual pipeline summary: 
  * Pipeline-0: initiation interval (II) = 1, depth = 3


============================================================
+ Verbose Summary: Schedule
============================================================
* Number of FSM states : 3
* Pipeline : 1
  Pipeline-0 : II = 1, D = 3, States = { 1 2 3 }
* Dataflow Pipeline: 0

* FSM state transitions: 
1 --> 2 
2 --> 3 
3 --> 

* FSM state operations: 

State 1 <SV = 0> <Delay = 1.66>
ST_1 : Operation 6 [1/1] (0.00ns)   --->   "%k_8 = alloca i32 1" [../src/riccati_solver_hls.cpp:1189->../src/mpc_riccati_hls.cpp:647]   --->   Operation 6 'alloca' 'k_8' <Predicate = true> <Delay = 0.00>
ST_1 : Operation 7 [1/1] (0.00ns)   --->   "%specmemcore_ln0 = specmemcore void @_ssdm_op_SpecMemCore, i26 %sol_x, i64 666, i64 23, i64 1, i1 0"   --->   Operation 7 'specmemcore' 'specmemcore_ln0' <Predicate = true> <Delay = 0.00>
ST_1 : Operation 8 [1/1] (0.00ns)   --->   "%specmemcore_ln0 = specmemcore void @_ssdm_op_SpecMemCore, i26 %sol_x_1, i64 666, i64 23, i64 1, i1 0"   --->   Operation 8 'specmemcore' 'specmemcore_ln0' <Predicate = true> <Delay = 0.00>
ST_1 : Operation 9 [1/1] (0.00ns)   --->   "%specmemcore_ln0 = specmemcore void @_ssdm_op_SpecMemCore, i26 %sol_x_2, i64 666, i64 23, i64 1, i1 0"   --->   Operation 9 'specmemcore' 'specmemcore_ln0' <Predicate = true> <Delay = 0.00>
ST_1 : Operation 10 [1/1] (0.00ns)   --->   "%specmemcore_ln0 = specmemcore void @_ssdm_op_SpecMemCore, i26 %sol_x_3, i64 666, i64 23, i64 1, i1 0"   --->   Operation 10 'specmemcore' 'specmemcore_ln0' <Predicate = true> <Delay = 0.00>
ST_1 : Operation 11 [1/1] (0.00ns)   --->   "%specmemcore_ln0 = specmemcore void @_ssdm_op_SpecMemCore, i26 %sol_x_4, i64 666, i64 23, i64 1, i1 0"   --->   Operation 11 'specmemcore' 'specmemcore_ln0' <Predicate = true> <Delay = 0.00>
ST_1 : Operation 12 [1/1] (0.00ns)   --->   "%specmemcore_ln0 = specmemcore void @_ssdm_op_SpecMemCore, i26 %sol_x_5, i64 666, i64 23, i64 1, i1 0"   --->   Operation 12 'specmemcore' 'specmemcore_ln0' <Predicate = true> <Delay = 0.00>
ST_1 : Operation 13 [1/1] (0.00ns)   --->   "%specmemcore_ln0 = specmemcore void @_ssdm_op_SpecMemCore, i26 %sol_x_6, i64 666, i64 23, i64 1, i1 0"   --->   Operation 13 'specmemcore' 'specmemcore_ln0' <Predicate = true> <Delay = 0.00>
ST_1 : Operation 14 [1/1] (0.00ns)   --->   "%specmemcore_ln0 = specmemcore void @_ssdm_op_SpecMemCore, i26 %sol_x_7, i64 666, i64 23, i64 1, i1 0"   --->   Operation 14 'specmemcore' 'specmemcore_ln0' <Predicate = true> <Delay = 0.00>
ST_1 : Operation 15 [1/1] (0.00ns)   --->   "%specmemcore_ln0 = specmemcore void @_ssdm_op_SpecMemCore, i26 %z_x, i64 666, i64 23, i64 1, i1 0"   --->   Operation 15 'specmemcore' 'specmemcore_ln0' <Predicate = true> <Delay = 0.00>
ST_1 : Operation 16 [1/1] (0.00ns)   --->   "%specmemcore_ln0 = specmemcore void @_ssdm_op_SpecMemCore, i26 %z_x_1, i64 666, i64 23, i64 1, i1 0"   --->   Operation 16 'specmemcore' 'specmemcore_ln0' <Predicate = true> <Delay = 0.00>
ST_1 : Operation 17 [1/1] (0.00ns)   --->   "%specmemcore_ln0 = specmemcore void @_ssdm_op_SpecMemCore, i26 %z_x_2, i64 666, i64 23, i64 1, i1 0"   --->   Operation 17 'specmemcore' 'specmemcore_ln0' <Predicate = true> <Delay = 0.00>
ST_1 : Operation 18 [1/1] (0.00ns)   --->   "%specmemcore_ln0 = specmemcore void @_ssdm_op_SpecMemCore, i26 %z_x_3, i64 666, i64 23, i64 1, i1 0"   --->   Operation 18 'specmemcore' 'specmemcore_ln0' <Predicate = true> <Delay = 0.00>
ST_1 : Operation 19 [1/1] (0.00ns)   --->   "%specmemcore_ln0 = specmemcore void @_ssdm_op_SpecMemCore, i26 %z_x_4, i64 666, i64 23, i64 1, i1 0"   --->   Operation 19 'specmemcore' 'specmemcore_ln0' <Predicate = true> <Delay = 0.00>
ST_1 : Operation 20 [1/1] (0.00ns)   --->   "%specmemcore_ln0 = specmemcore void @_ssdm_op_SpecMemCore, i26 %z_x_5, i64 666, i64 23, i64 1, i1 0"   --->   Operation 20 'specmemcore' 'specmemcore_ln0' <Predicate = true> <Delay = 0.00>
ST_1 : Operation 21 [1/1] (0.00ns)   --->   "%specmemcore_ln0 = specmemcore void @_ssdm_op_SpecMemCore, i26 %z_x_6, i64 666, i64 23, i64 1, i1 0"   --->   Operation 21 'specmemcore' 'specmemcore_ln0' <Predicate = true> <Delay = 0.00>
ST_1 : Operation 22 [1/1] (0.00ns)   --->   "%specmemcore_ln0 = specmemcore void @_ssdm_op_SpecMemCore, i26 %z_x_7, i64 666, i64 23, i64 1, i1 0"   --->   Operation 22 'specmemcore' 'specmemcore_ln0' <Predicate = true> <Delay = 0.00>
ST_1 : Operation 23 [1/1] (0.00ns)   --->   "%specmemcore_ln0 = specmemcore void @_ssdm_op_SpecMemCore, i26 %step_data_4, i64 666, i64 22, i64 1, i1 0"   --->   Operation 23 'specmemcore' 'specmemcore_ln0' <Predicate = true> <Delay = 0.00>
ST_1 : Operation 24 [1/1] (0.00ns)   --->   "%specmemcore_ln0 = specmemcore void @_ssdm_op_SpecMemCore, i26 %step_data_3, i64 666, i64 22, i64 1, i1 0"   --->   Operation 24 'specmemcore' 'specmemcore_ln0' <Predicate = true> <Delay = 0.00>
ST_1 : Operation 25 [1/1] (0.00ns)   --->   "%terminal_wall_x_ub_con_reload_read = read i26 @_ssdm_op_Read.ap_auto.i26, i26 %terminal_wall_x_ub_con_reload"   --->   Operation 25 'read' 'terminal_wall_x_ub_con_reload_read' <Predicate = true> <Delay = 0.00>
ST_1 : Operation 26 [1/1] (0.00ns)   --->   "%terminal_wall_x_lb_con_reload_read = read i26 @_ssdm_op_Read.ap_auto.i26, i26 %terminal_wall_x_lb_con_reload"   --->   Operation 26 'read' 'terminal_wall_x_lb_con_reload_read' <Predicate = true> <Delay = 0.00>
ST_1 : Operation 27 [1/1] (0.42ns)   --->   "%store_ln1189 = store i5 0, i5 %k_8" [../src/riccati_solver_hls.cpp:1189->../src/mpc_riccati_hls.cpp:647]   --->   Operation 27 'store' 'store_ln1189' <Predicate = true> <Delay = 0.42>
ST_1 : Operation 28 [1/1] (0.00ns)   --->   "%br_ln0 = br void %for.body210.i"   --->   Operation 28 'br' 'br_ln0' <Predicate = true> <Delay = 0.00>
ST_1 : Operation 29 [1/1] (0.00ns)   --->   "%k = load i5 %k_8" [../src/riccati_solver_hls.cpp:1265->../src/mpc_riccati_hls.cpp:647]   --->   Operation 29 'load' 'k' <Predicate = true> <Delay = 0.00>
ST_1 : Operation 30 [1/1] (0.78ns)   --->   "%icmp_ln1265 = icmp_eq  i5 %k, i5 21" [../src/riccati_solver_hls.cpp:1265->../src/mpc_riccati_hls.cpp:647]   --->   Operation 30 'icmp' 'icmp_ln1265' <Predicate = true> <Delay = 0.78> <CoreInst = "Cmp">   --->   Core 9 'Cmp' <Latency = 0> <II = 1> <Delay = 0.78> <FuncUnit> <Opcode : 'seteq' 'setne' 'setle' 'setge' 'setlt' 'setgt'> <InPorts = 2> <OutPorts = 1>
ST_1 : Operation 31 [1/1] (0.78ns)   --->   "%add_ln1265 = add i5 %k, i5 1" [../src/riccati_solver_hls.cpp:1265->../src/mpc_riccati_hls.cpp:647]   --->   Operation 31 'add' 'add_ln1265' <Predicate = true> <Delay = 0.78> <CoreInst = "Adder">   --->   Core 1 'Adder' <Latency = 0> <II = 1> <Delay = 0.78> <FuncUnit> <Opcode : 'add' 'sub'> <InPorts = 2> <OutPorts = 1>
ST_1 : Operation 32 [1/1] (0.00ns)   --->   "%br_ln1265 = br i1 %icmp_ln1265, void %for.body210.i.split_ifconv, void %for.body278.i.preheader.exitStub" [../src/riccati_solver_hls.cpp:1265->../src/mpc_riccati_hls.cpp:647]   --->   Operation 32 'br' 'br_ln1265' <Predicate = true> <Delay = 0.00>
ST_1 : Operation 33 [1/1] (0.00ns)   --->   "%zext_ln1265 = zext i5 %k" [../src/riccati_solver_hls.cpp:1265->../src/mpc_riccati_hls.cpp:647]   --->   Operation 33 'zext' 'zext_ln1265' <Predicate = (!icmp_ln1265)> <Delay = 0.00>
ST_1 : Operation 34 [1/1] (0.00ns)   --->   "%sol_x_1_addr = getelementptr i26 %sol_x_1, i64 0, i64 %zext_ln1265" [../src/riccati_solver_hls.cpp:1268->../src/mpc_riccati_hls.cpp:647]   --->   Operation 34 'getelementptr' 'sol_x_1_addr' <Predicate = (!icmp_ln1265)> <Delay = 0.00>
ST_1 : Operation 35 [2/2] (0.67ns)   --->   "%sol_x_1_load = load i5 %sol_x_1_addr" [../src/riccati_solver_hls.cpp:1268->../src/mpc_riccati_hls.cpp:647]   --->   Operation 35 'load' 'sol_x_1_load' <Predicate = (!icmp_ln1265)> <Delay = 0.67> <CoreInst = "RAM_2P_LUTRAM">   --->   Core 92 'RAM_2P_LUTRAM' <Latency = 1> <II = 1> <Delay = 0.67> <Storage> <Opcode : 'load' 'store'> <Ports = 2> <Width = 26> <Depth = 21> <RAM>
ST_1 : Operation 36 [1/1] (0.00ns)   --->   "%sol_x_2_addr = getelementptr i26 %sol_x_2, i64 0, i64 %zext_ln1265" [../src/riccati_solver_hls.cpp:1268->../src/mpc_riccati_hls.cpp:647]   --->   Operation 36 'getelementptr' 'sol_x_2_addr' <Predicate = (!icmp_ln1265)> <Delay = 0.00>
ST_1 : Operation 37 [1/1] (0.00ns)   --->   "%sol_x_3_addr = getelementptr i26 %sol_x_3, i64 0, i64 %zext_ln1265" [../src/riccati_solver_hls.cpp:1268->../src/mpc_riccati_hls.cpp:647]   --->   Operation 37 'getelementptr' 'sol_x_3_addr' <Predicate = (!icmp_ln1265)> <Delay = 0.00>
ST_1 : Operation 38 [1/1] (0.00ns)   --->   "%sol_x_4_addr = getelementptr i26 %sol_x_4, i64 0, i64 %zext_ln1265" [../src/riccati_solver_hls.cpp:1268->../src/mpc_riccati_hls.cpp:647]   --->   Operation 38 'getelementptr' 'sol_x_4_addr' <Predicate = (!icmp_ln1265)> <Delay = 0.00>
ST_1 : Operation 39 [1/1] (0.00ns)   --->   "%sol_x_5_addr = getelementptr i26 %sol_x_5, i64 0, i64 %zext_ln1265" [../src/riccati_solver_hls.cpp:1268->../src/mpc_riccati_hls.cpp:647]   --->   Operation 39 'getelementptr' 'sol_x_5_addr' <Predicate = (!icmp_ln1265)> <Delay = 0.00>
ST_1 : Operation 40 [1/1] (0.00ns)   --->   "%sol_x_6_addr = getelementptr i26 %sol_x_6, i64 0, i64 %zext_ln1265" [../src/riccati_solver_hls.cpp:1268->../src/mpc_riccati_hls.cpp:647]   --->   Operation 40 'getelementptr' 'sol_x_6_addr' <Predicate = (!icmp_ln1265)> <Delay = 0.00>
ST_1 : Operation 41 [1/1] (0.00ns)   --->   "%sol_x_7_addr = getelementptr i26 %sol_x_7, i64 0, i64 %zext_ln1265" [../src/riccati_solver_hls.cpp:1268->../src/mpc_riccati_hls.cpp:647]   --->   Operation 41 'getelementptr' 'sol_x_7_addr' <Predicate = (!icmp_ln1265)> <Delay = 0.00>
ST_1 : Operation 42 [2/2] (0.67ns)   --->   "%sol_x_2_load = load i5 %sol_x_2_addr" [../src/riccati_solver_hls.cpp:1268->../src/mpc_riccati_hls.cpp:647]   --->   Operation 42 'load' 'sol_x_2_load' <Predicate = (!icmp_ln1265)> <Delay = 0.67> <CoreInst = "RAM_2P_LUTRAM">   --->   Core 92 'RAM_2P_LUTRAM' <Latency = 1> <II = 1> <Delay = 0.67> <Storage> <Opcode : 'load' 'store'> <Ports = 2> <Width = 26> <Depth = 21> <RAM>
ST_1 : Operation 43 [2/2] (0.67ns)   --->   "%sol_x_3_load = load i5 %sol_x_3_addr" [../src/riccati_solver_hls.cpp:1268->../src/mpc_riccati_hls.cpp:647]   --->   Operation 43 'load' 'sol_x_3_load' <Predicate = (!icmp_ln1265)> <Delay = 0.67> <CoreInst = "RAM_2P_LUTRAM">   --->   Core 92 'RAM_2P_LUTRAM' <Latency = 1> <II = 1> <Delay = 0.67> <Storage> <Opcode : 'load' 'store'> <Ports = 2> <Width = 26> <Depth = 21> <RAM>
ST_1 : Operation 44 [2/2] (0.67ns)   --->   "%sol_x_4_load = load i5 %sol_x_4_addr" [../src/riccati_solver_hls.cpp:1268->../src/mpc_riccati_hls.cpp:647]   --->   Operation 44 'load' 'sol_x_4_load' <Predicate = (!icmp_ln1265)> <Delay = 0.67> <CoreInst = "RAM_2P_LUTRAM">   --->   Core 92 'RAM_2P_LUTRAM' <Latency = 1> <II = 1> <Delay = 0.67> <Storage> <Opcode : 'load' 'store'> <Ports = 2> <Width = 26> <Depth = 21> <RAM>
ST_1 : Operation 45 [2/2] (0.67ns)   --->   "%val_23 = load i5 %sol_x_5_addr" [../src/riccati_solver_hls.cpp:1268->../src/mpc_riccati_hls.cpp:647]   --->   Operation 45 'load' 'val_23' <Predicate = (!icmp_ln1265)> <Delay = 0.67> <CoreInst = "RAM_2P_LUTRAM">   --->   Core 92 'RAM_2P_LUTRAM' <Latency = 1> <II = 1> <Delay = 0.67> <Storage> <Opcode : 'load' 'store'> <Ports = 2> <Width = 26> <Depth = 21> <RAM>
ST_1 : Operation 46 [2/2] (0.67ns)   --->   "%sol_x_6_load = load i5 %sol_x_6_addr" [../src/riccati_solver_hls.cpp:1268->../src/mpc_riccati_hls.cpp:647]   --->   Operation 46 'load' 'sol_x_6_load' <Predicate = (!icmp_ln1265)> <Delay = 0.67> <CoreInst = "RAM_2P_LUTRAM">   --->   Core 92 'RAM_2P_LUTRAM' <Latency = 1> <II = 1> <Delay = 0.67> <Storage> <Opcode : 'load' 'store'> <Ports = 2> <Width = 26> <Depth = 21> <RAM>
ST_1 : Operation 47 [2/2] (0.67ns)   --->   "%sol_x_7_load = load i5 %sol_x_7_addr" [../src/riccati_solver_hls.cpp:1268->../src/mpc_riccati_hls.cpp:647]   --->   Operation 47 'load' 'sol_x_7_load' <Predicate = (!icmp_ln1265)> <Delay = 0.67> <CoreInst = "RAM_2P_LUTRAM">   --->   Core 92 'RAM_2P_LUTRAM' <Latency = 1> <II = 1> <Delay = 0.67> <Storage> <Opcode : 'load' 'store'> <Ports = 2> <Width = 26> <Depth = 21> <RAM>
ST_1 : Operation 48 [1/1] (0.78ns)   --->   "%icmp_ln1275 = icmp_ult  i5 %k, i5 20" [../src/riccati_solver_hls.cpp:1275->../src/mpc_riccati_hls.cpp:647]   --->   Operation 48 'icmp' 'icmp_ln1275' <Predicate = (!icmp_ln1265)> <Delay = 0.78> <CoreInst = "Cmp">   --->   Core 9 'Cmp' <Latency = 0> <II = 1> <Delay = 0.78> <FuncUnit> <Opcode : 'seteq' 'setne' 'setle' 'setge' 'setlt' 'setgt'> <InPorts = 2> <OutPorts = 1>
ST_1 : Operation 49 [1/1] (0.00ns)   --->   "%step_data_3_addr = getelementptr i26 %step_data_3, i64 0, i64 %zext_ln1265" [../src/riccati_solver_hls.cpp:121->../src/riccati_solver_hls.cpp:1276->../src/mpc_riccati_hls.cpp:647]   --->   Operation 49 'getelementptr' 'step_data_3_addr' <Predicate = (!icmp_ln1265)> <Delay = 0.00>
ST_1 : Operation 50 [2/2] (1.23ns)   --->   "%xlb = load i5 %step_data_3_addr" [../src/riccati_solver_hls.cpp:1276->../src/mpc_riccati_hls.cpp:647]   --->   Operation 50 'load' 'xlb' <Predicate = (!icmp_ln1265)> <Delay = 1.23> <CoreInst = "RAM_2P_BRAM">   --->   Core 93 'RAM_2P_BRAM' <Latency = 1> <II = 1> <Delay = 1.23> <Storage> <Opcode : 'load' 'store'> <Ports = 2> <Width = 26> <Depth = 20> <RAM>
ST_1 : Operation 51 [1/1] (0.42ns)   --->   "%store_ln1189 = store i5 %add_ln1265, i5 %k_8" [../src/riccati_solver_hls.cpp:1189->../src/mpc_riccati_hls.cpp:647]   --->   Operation 51 'store' 'store_ln1189' <Predicate = (!icmp_ln1265)> <Delay = 0.42>

State 2 <SV = 1> <Delay = 3.81>
ST_2 : Operation 52 [1/1] (0.00ns)   --->   "%sol_x_addr = getelementptr i26 %sol_x, i64 0, i64 %zext_ln1265" [../src/riccati_solver_hls.cpp:1268->../src/mpc_riccati_hls.cpp:647]   --->   Operation 52 'getelementptr' 'sol_x_addr' <Predicate = true> <Delay = 0.00>
ST_2 : Operation 53 [2/2] (0.67ns)   --->   "%val = load i5 %sol_x_addr" [../src/riccati_solver_hls.cpp:1268->../src/mpc_riccati_hls.cpp:647]   --->   Operation 53 'load' 'val' <Predicate = true> <Delay = 0.67> <CoreInst = "RAM_2P_LUTRAM">   --->   Core 92 'RAM_2P_LUTRAM' <Latency = 1> <II = 1> <Delay = 0.67> <Storage> <Opcode : 'load' 'store'> <Ports = 2> <Width = 26> <Depth = 21> <RAM>
ST_2 : Operation 54 [1/1] (0.00ns)   --->   "%z_x_1_addr = getelementptr i26 %z_x_1, i64 0, i64 %zext_ln1265" [../src/riccati_solver_hls.cpp:1268->../src/mpc_riccati_hls.cpp:647]   --->   Operation 54 'getelementptr' 'z_x_1_addr' <Predicate = true> <Delay = 0.00>
ST_2 : Operation 55 [1/2] ( I:0.67ns O:0.67ns )   --->   "%sol_x_1_load = load i5 %sol_x_1_addr" [../src/riccati_solver_hls.cpp:1268->../src/mpc_riccati_hls.cpp:647]   --->   Operation 55 'load' 'sol_x_1_load' <Predicate = true> <Delay = 0.67> <CoreInst = "RAM_2P_LUTRAM">   --->   Core 92 'RAM_2P_LUTRAM' <Latency = 1> <II = 1> <Delay = 0.67> <Storage> <Opcode : 'load' 'store'> <Ports = 2> <Width = 26> <Depth = 21> <RAM>
ST_2 : Operation 56 [1/1] (0.00ns)   --->   "%z_x_2_addr = getelementptr i26 %z_x_2, i64 0, i64 %zext_ln1265" [../src/riccati_solver_hls.cpp:1268->../src/mpc_riccati_hls.cpp:647]   --->   Operation 56 'getelementptr' 'z_x_2_addr' <Predicate = true> <Delay = 0.00>
ST_2 : Operation 57 [1/1] (0.00ns)   --->   "%z_x_3_addr = getelementptr i26 %z_x_3, i64 0, i64 %zext_ln1265" [../src/riccati_solver_hls.cpp:1268->../src/mpc_riccati_hls.cpp:647]   --->   Operation 57 'getelementptr' 'z_x_3_addr' <Predicate = true> <Delay = 0.00>
ST_2 : Operation 58 [1/1] (0.00ns)   --->   "%z_x_4_addr = getelementptr i26 %z_x_4, i64 0, i64 %zext_ln1265" [../src/riccati_solver_hls.cpp:1268->../src/mpc_riccati_hls.cpp:647]   --->   Operation 58 'getelementptr' 'z_x_4_addr' <Predicate = true> <Delay = 0.00>
ST_2 : Operation 59 [1/1] (0.00ns)   --->   "%z_x_5_addr = getelementptr i26 %z_x_5, i64 0, i64 %zext_ln1265" [../src/riccati_solver_hls.cpp:1268->../src/mpc_riccati_hls.cpp:647]   --->   Operation 59 'getelementptr' 'z_x_5_addr' <Predicate = true> <Delay = 0.00>
ST_2 : Operation 60 [1/1] (0.00ns)   --->   "%z_x_6_addr = getelementptr i26 %z_x_6, i64 0, i64 %zext_ln1265" [../src/riccati_solver_hls.cpp:1268->../src/mpc_riccati_hls.cpp:647]   --->   Operation 60 'getelementptr' 'z_x_6_addr' <Predicate = true> <Delay = 0.00>
ST_2 : Operation 61 [1/1] (0.00ns)   --->   "%z_x_7_addr = getelementptr i26 %z_x_7, i64 0, i64 %zext_ln1265" [../src/riccati_solver_hls.cpp:1268->../src/mpc_riccati_hls.cpp:647]   --->   Operation 61 'getelementptr' 'z_x_7_addr' <Predicate = true> <Delay = 0.00>
ST_2 : Operation 62 [1/2] ( I:0.67ns O:0.67ns )   --->   "%sol_x_2_load = load i5 %sol_x_2_addr" [../src/riccati_solver_hls.cpp:1268->../src/mpc_riccati_hls.cpp:647]   --->   Operation 62 'load' 'sol_x_2_load' <Predicate = true> <Delay = 0.67> <CoreInst = "RAM_2P_LUTRAM">   --->   Core 92 'RAM_2P_LUTRAM' <Latency = 1> <II = 1> <Delay = 0.67> <Storage> <Opcode : 'load' 'store'> <Ports = 2> <Width = 26> <Depth = 21> <RAM>
ST_2 : Operation 63 [1/2] ( I:0.67ns O:0.67ns )   --->   "%sol_x_3_load = load i5 %sol_x_3_addr" [../src/riccati_solver_hls.cpp:1268->../src/mpc_riccati_hls.cpp:647]   --->   Operation 63 'load' 'sol_x_3_load' <Predicate = true> <Delay = 0.67> <CoreInst = "RAM_2P_LUTRAM">   --->   Core 92 'RAM_2P_LUTRAM' <Latency = 1> <II = 1> <Delay = 0.67> <Storage> <Opcode : 'load' 'store'> <Ports = 2> <Width = 26> <Depth = 21> <RAM>
ST_2 : Operation 64 [1/2] ( I:0.67ns O:0.67ns )   --->   "%sol_x_4_load = load i5 %sol_x_4_addr" [../src/riccati_solver_hls.cpp:1268->../src/mpc_riccati_hls.cpp:647]   --->   Operation 64 'load' 'sol_x_4_load' <Predicate = true> <Delay = 0.67> <CoreInst = "RAM_2P_LUTRAM">   --->   Core 92 'RAM_2P_LUTRAM' <Latency = 1> <II = 1> <Delay = 0.67> <Storage> <Opcode : 'load' 'store'> <Ports = 2> <Width = 26> <Depth = 21> <RAM>
ST_2 : Operation 65 [1/2] ( I:0.67ns O:0.67ns )   --->   "%val_23 = load i5 %sol_x_5_addr" [../src/riccati_solver_hls.cpp:1268->../src/mpc_riccati_hls.cpp:647]   --->   Operation 65 'load' 'val_23' <Predicate = true> <Delay = 0.67> <CoreInst = "RAM_2P_LUTRAM">   --->   Core 92 'RAM_2P_LUTRAM' <Latency = 1> <II = 1> <Delay = 0.67> <Storage> <Opcode : 'load' 'store'> <Ports = 2> <Width = 26> <Depth = 21> <RAM>
ST_2 : Operation 66 [1/2] ( I:0.67ns O:0.67ns )   --->   "%sol_x_6_load = load i5 %sol_x_6_addr" [../src/riccati_solver_hls.cpp:1268->../src/mpc_riccati_hls.cpp:647]   --->   Operation 66 'load' 'sol_x_6_load' <Predicate = true> <Delay = 0.67> <CoreInst = "RAM_2P_LUTRAM">   --->   Core 92 'RAM_2P_LUTRAM' <Latency = 1> <II = 1> <Delay = 0.67> <Storage> <Opcode : 'load' 'store'> <Ports = 2> <Width = 26> <Depth = 21> <RAM>
ST_2 : Operation 67 [1/2] ( I:0.67ns O:0.67ns )   --->   "%sol_x_7_load = load i5 %sol_x_7_addr" [../src/riccati_solver_hls.cpp:1268->../src/mpc_riccati_hls.cpp:647]   --->   Operation 67 'load' 'sol_x_7_load' <Predicate = true> <Delay = 0.67> <CoreInst = "RAM_2P_LUTRAM">   --->   Core 92 'RAM_2P_LUTRAM' <Latency = 1> <II = 1> <Delay = 0.67> <Storage> <Opcode : 'load' 'store'> <Ports = 2> <Width = 26> <Depth = 21> <RAM>
ST_2 : Operation 68 [1/1] ( I:0.67ns O:0.67ns )   --->   "%store_ln1268 = store i26 %sol_x_1_load, i5 %z_x_1_addr" [../src/riccati_solver_hls.cpp:1268->../src/mpc_riccati_hls.cpp:647]   --->   Operation 68 'store' 'store_ln1268' <Predicate = true> <Delay = 0.67> <CoreInst = "RAM_2P_LUTRAM">   --->   Core 92 'RAM_2P_LUTRAM' <Latency = 1> <II = 1> <Delay = 0.67> <Storage> <Opcode : 'load' 'store'> <Ports = 2> <Width = 26> <Depth = 21> <RAM>
ST_2 : Operation 69 [1/1] ( I:0.67ns O:0.67ns )   --->   "%store_ln1268 = store i26 %sol_x_2_load, i5 %z_x_2_addr" [../src/riccati_solver_hls.cpp:1268->../src/mpc_riccati_hls.cpp:647]   --->   Operation 69 'store' 'store_ln1268' <Predicate = true> <Delay = 0.67> <CoreInst = "RAM_2P_LUTRAM">   --->   Core 92 'RAM_2P_LUTRAM' <Latency = 1> <II = 1> <Delay = 0.67> <Storage> <Opcode : 'load' 'store'> <Ports = 2> <Width = 26> <Depth = 21> <RAM>
ST_2 : Operation 70 [1/1] ( I:0.67ns O:0.67ns )   --->   "%store_ln1268 = store i26 %sol_x_3_load, i5 %z_x_3_addr" [../src/riccati_solver_hls.cpp:1268->../src/mpc_riccati_hls.cpp:647]   --->   Operation 70 'store' 'store_ln1268' <Predicate = true> <Delay = 0.67> <CoreInst = "RAM_2P_LUTRAM">   --->   Core 92 'RAM_2P_LUTRAM' <Latency = 1> <II = 1> <Delay = 0.67> <Storage> <Opcode : 'load' 'store'> <Ports = 2> <Width = 26> <Depth = 21> <RAM>
ST_2 : Operation 71 [1/1] ( I:0.67ns O:0.67ns )   --->   "%store_ln1268 = store i26 %sol_x_4_load, i5 %z_x_4_addr" [../src/riccati_solver_hls.cpp:1268->../src/mpc_riccati_hls.cpp:647]   --->   Operation 71 'store' 'store_ln1268' <Predicate = true> <Delay = 0.67> <CoreInst = "RAM_2P_LUTRAM">   --->   Core 92 'RAM_2P_LUTRAM' <Latency = 1> <II = 1> <Delay = 0.67> <Storage> <Opcode : 'load' 'store'> <Ports = 2> <Width = 26> <Depth = 21> <RAM>
ST_2 : Operation 72 [1/1] ( I:0.67ns O:0.67ns )   --->   "%store_ln1268 = store i26 %sol_x_6_load, i5 %z_x_6_addr" [../src/riccati_solver_hls.cpp:1268->../src/mpc_riccati_hls.cpp:647]   --->   Operation 72 'store' 'store_ln1268' <Predicate = true> <Delay = 0.67> <CoreInst = "RAM_2P_LUTRAM">   --->   Core 92 'RAM_2P_LUTRAM' <Latency = 1> <II = 1> <Delay = 0.67> <Storage> <Opcode : 'load' 'store'> <Ports = 2> <Width = 26> <Depth = 21> <RAM>
ST_2 : Operation 73 [1/1] ( I:0.67ns O:0.67ns )   --->   "%store_ln1268 = store i26 %sol_x_7_load, i5 %z_x_7_addr" [../src/riccati_solver_hls.cpp:1268->../src/mpc_riccati_hls.cpp:647]   --->   Operation 73 'store' 'store_ln1268' <Predicate = true> <Delay = 0.67> <CoreInst = "RAM_2P_LUTRAM">   --->   Core 92 'RAM_2P_LUTRAM' <Latency = 1> <II = 1> <Delay = 0.67> <Storage> <Opcode : 'load' 'store'> <Ports = 2> <Width = 26> <Depth = 21> <RAM>
ST_2 : Operation 74 [1/2] ( I:1.23ns O:1.23ns )   --->   "%xlb = load i5 %step_data_3_addr" [../src/riccati_solver_hls.cpp:1276->../src/mpc_riccati_hls.cpp:647]   --->   Operation 74 'load' 'xlb' <Predicate = true> <Delay = 1.23> <CoreInst = "RAM_2P_BRAM">   --->   Core 93 'RAM_2P_BRAM' <Latency = 1> <II = 1> <Delay = 1.23> <Storage> <Opcode : 'load' 'store'> <Ports = 2> <Width = 26> <Depth = 20> <RAM>
ST_2 : Operation 75 [1/1] (0.00ns)   --->   "%step_data_4_addr = getelementptr i26 %step_data_4, i64 0, i64 %zext_ln1265" [../src/riccati_solver_hls.cpp:126->../src/riccati_solver_hls.cpp:1277->../src/mpc_riccati_hls.cpp:647]   --->   Operation 75 'getelementptr' 'step_data_4_addr' <Predicate = (icmp_ln1275)> <Delay = 0.00>
ST_2 : Operation 76 [2/2] (1.23ns)   --->   "%xub_1 = load i5 %step_data_4_addr" [../src/riccati_solver_hls.cpp:1277->../src/mpc_riccati_hls.cpp:647]   --->   Operation 76 'load' 'xub_1' <Predicate = (icmp_ln1275)> <Delay = 1.23> <CoreInst = "RAM_2P_BRAM">   --->   Core 93 'RAM_2P_BRAM' <Latency = 1> <II = 1> <Delay = 1.23> <Storage> <Opcode : 'load' 'store'> <Ports = 2> <Width = 26> <Depth = 20> <RAM>
ST_2 : Operation 77 [1/1] (0.32ns)   --->   "%xlb_1 = select i1 %icmp_ln1275, i26 %xlb, i26 %terminal_wall_x_lb_con_reload_read" [../src/riccati_solver_hls.cpp:1275->../src/mpc_riccati_hls.cpp:647]   --->   Operation 77 'select' 'xlb_1' <Predicate = true> <Delay = 0.32> <CoreInst = "Sel">   --->   Core 73 'Sel' <Latency = 0> <II = 1> <Delay = 0.32> <FuncUnit> <Opcode : 'select'> <InPorts = 3> <OutPorts = 1>
ST_2 : Operation 78 [1/1] (0.95ns)   --->   "%icmp_ln1294 = icmp_slt  i26 %val_23, i26 67102475" [../src/riccati_solver_hls.cpp:1294->../src/mpc_riccati_hls.cpp:647]   --->   Operation 78 'icmp' 'icmp_ln1294' <Predicate = true> <Delay = 0.95> <CoreInst = "Cmp">   --->   Core 9 'Cmp' <Latency = 0> <II = 1> <Delay = 0.95> <FuncUnit> <Opcode : 'seteq' 'setne' 'setle' 'setge' 'setlt' 'setgt'> <InPorts = 2> <OutPorts = 1>
ST_2 : Operation 79 [1/1] (0.32ns)   --->   "%val_24 = select i1 %icmp_ln1294, i26 67102475, i26 %val_23" [../src/riccati_solver_hls.cpp:1294->../src/mpc_riccati_hls.cpp:647]   --->   Operation 79 'select' 'val_24' <Predicate = true> <Delay = 0.32> <CoreInst = "Sel">   --->   Core 73 'Sel' <Latency = 0> <II = 1> <Delay = 0.32> <FuncUnit> <Opcode : 'select'> <InPorts = 3> <OutPorts = 1>
ST_2 : Operation 80 [1/1] (0.00ns)   --->   "%trunc_ln1287 = trunc i26 %val_24" [../src/riccati_solver_hls.cpp:1287->../src/mpc_riccati_hls.cpp:647]   --->   Operation 80 'trunc' 'trunc_ln1287' <Predicate = true> <Delay = 0.00>
ST_2 : Operation 81 [1/1] (0.95ns)   --->   "%icmp_ln1296 = icmp_sgt  i26 %val_24, i26 6389" [../src/riccati_solver_hls.cpp:1296->../src/mpc_riccati_hls.cpp:647]   --->   Operation 81 'icmp' 'icmp_ln1296' <Predicate = true> <Delay = 0.95> <CoreInst = "Cmp">   --->   Core 9 'Cmp' <Latency = 0> <II = 1> <Delay = 0.95> <FuncUnit> <Opcode : 'seteq' 'setne' 'setle' 'setge' 'setlt' 'setgt'> <InPorts = 2> <OutPorts = 1>
ST_2 : Operation 82 [1/1] (0.23ns)   --->   "%val_25 = select i1 %icmp_ln1296, i14 6389, i14 %trunc_ln1287" [../src/riccati_solver_hls.cpp:1296->../src/mpc_riccati_hls.cpp:647]   --->   Operation 82 'select' 'val_25' <Predicate = true> <Delay = 0.23> <CoreInst = "Sel">   --->   Core 73 'Sel' <Latency = 0> <II = 1> <Delay = 0.23> <FuncUnit> <Opcode : 'select'> <InPorts = 3> <OutPorts = 1>
ST_2 : Operation 83 [1/1] (0.00ns)   --->   "%sext_ln1287 = sext i14 %val_25" [../src/riccati_solver_hls.cpp:1287->../src/mpc_riccati_hls.cpp:647]   --->   Operation 83 'sext' 'sext_ln1287' <Predicate = true> <Delay = 0.00>
ST_2 : Operation 84 [1/1] ( I:0.67ns O:0.67ns )   --->   "%store_ln1298 = store i26 %sext_ln1287, i5 %z_x_5_addr" [../src/riccati_solver_hls.cpp:1298->../src/mpc_riccati_hls.cpp:647]   --->   Operation 84 'store' 'store_ln1298' <Predicate = true> <Delay = 0.67> <CoreInst = "RAM_2P_LUTRAM">   --->   Core 92 'RAM_2P_LUTRAM' <Latency = 1> <II = 1> <Delay = 0.67> <Storage> <Opcode : 'load' 'store'> <Ports = 2> <Width = 26> <Depth = 21> <RAM>
ST_2 : Operation 98 [1/1] (0.42ns)   --->   "%ret_ln0 = ret"   --->   Operation 98 'ret' 'ret_ln0' <Predicate = (icmp_ln1265)> <Delay = 0.42>

State 3 <SV = 2> <Delay = 3.90>
ST_3 : Operation 85 [1/1] (0.00ns)   --->   "%specpipeline_ln1189 = specpipeline void @_ssdm_op_SpecPipeline, i32 4294967295, i32 0, i32 0, i32 0, i32 4294967295, void @empty_524" [../src/riccati_solver_hls.cpp:1189->../src/mpc_riccati_hls.cpp:647]   --->   Operation 85 'specpipeline' 'specpipeline_ln1189' <Predicate = true> <Delay = 0.00>
ST_3 : Operation 86 [1/1] (0.00ns)   --->   "%speclooptripcount_ln1189 = speclooptripcount void @_ssdm_op_SpecLoopTripCount, i64 21, i64 21, i64 21" [../src/riccati_solver_hls.cpp:1189->../src/mpc_riccati_hls.cpp:647]   --->   Operation 86 'speclooptripcount' 'speclooptripcount_ln1189' <Predicate = true> <Delay = 0.00>
ST_3 : Operation 87 [1/1] (0.00ns)   --->   "%specloopname_ln1265 = specloopname void @_ssdm_op_SpecLoopName, void @empty_549" [../src/riccati_solver_hls.cpp:1265->../src/mpc_riccati_hls.cpp:647]   --->   Operation 87 'specloopname' 'specloopname_ln1265' <Predicate = true> <Delay = 0.00>
ST_3 : Operation 88 [1/1] (0.00ns)   --->   "%z_x_addr = getelementptr i26 %z_x, i64 0, i64 %zext_ln1265" [../src/riccati_solver_hls.cpp:1268->../src/mpc_riccati_hls.cpp:647]   --->   Operation 88 'getelementptr' 'z_x_addr' <Predicate = true> <Delay = 0.00>
ST_3 : Operation 89 [1/2] ( I:0.67ns O:0.67ns )   --->   "%val = load i5 %sol_x_addr" [../src/riccati_solver_hls.cpp:1268->../src/mpc_riccati_hls.cpp:647]   --->   Operation 89 'load' 'val' <Predicate = true> <Delay = 0.67> <CoreInst = "RAM_2P_LUTRAM">   --->   Core 92 'RAM_2P_LUTRAM' <Latency = 1> <II = 1> <Delay = 0.67> <Storage> <Opcode : 'load' 'store'> <Ports = 2> <Width = 26> <Depth = 21> <RAM>
ST_3 : Operation 90 [1/2] ( I:1.23ns O:1.23ns )   --->   "%xub_1 = load i5 %step_data_4_addr" [../src/riccati_solver_hls.cpp:1277->../src/mpc_riccati_hls.cpp:647]   --->   Operation 90 'load' 'xub_1' <Predicate = (icmp_ln1275)> <Delay = 1.23> <CoreInst = "RAM_2P_BRAM">   --->   Core 93 'RAM_2P_BRAM' <Latency = 1> <II = 1> <Delay = 1.23> <Storage> <Opcode : 'load' 'store'> <Ports = 2> <Width = 26> <Depth = 20> <RAM>
ST_3 : Operation 91 [1/1] (0.32ns)   --->   "%xub = select i1 %icmp_ln1275, i26 %xub_1, i26 %terminal_wall_x_ub_con_reload_read" [../src/riccati_solver_hls.cpp:1275->../src/mpc_riccati_hls.cpp:647]   --->   Operation 91 'select' 'xub' <Predicate = true> <Delay = 0.32> <CoreInst = "Sel">   --->   Core 73 'Sel' <Latency = 0> <II = 1> <Delay = 0.32> <FuncUnit> <Opcode : 'select'> <InPorts = 3> <OutPorts = 1>
ST_3 : Operation 92 [1/1] (0.95ns)   --->   "%icmp_ln1279 = icmp_slt  i26 %val, i26 %xlb_1" [../src/riccati_solver_hls.cpp:1279->../src/mpc_riccati_hls.cpp:647]   --->   Operation 92 'icmp' 'icmp_ln1279' <Predicate = true> <Delay = 0.95> <CoreInst = "Cmp">   --->   Core 9 'Cmp' <Latency = 0> <II = 1> <Delay = 0.95> <FuncUnit> <Opcode : 'seteq' 'setne' 'setle' 'setge' 'setlt' 'setgt'> <InPorts = 2> <OutPorts = 1>
ST_3 : Operation 93 [1/1] (0.32ns)   --->   "%val_20 = select i1 %icmp_ln1279, i26 %xlb_1, i26 %val" [../src/riccati_solver_hls.cpp:1279->../src/mpc_riccati_hls.cpp:647]   --->   Operation 93 'select' 'val_20' <Predicate = true> <Delay = 0.32> <CoreInst = "Sel">   --->   Core 73 'Sel' <Latency = 0> <II = 1> <Delay = 0.32> <FuncUnit> <Opcode : 'select'> <InPorts = 3> <OutPorts = 1>
ST_3 : Operation 94 [1/1] (0.95ns)   --->   "%icmp_ln1281 = icmp_sgt  i26 %val_20, i26 %xub" [../src/riccati_solver_hls.cpp:1281->../src/mpc_riccati_hls.cpp:647]   --->   Operation 94 'icmp' 'icmp_ln1281' <Predicate = true> <Delay = 0.95> <CoreInst = "Cmp">   --->   Core 9 'Cmp' <Latency = 0> <II = 1> <Delay = 0.95> <FuncUnit> <Opcode : 'seteq' 'setne' 'setle' 'setge' 'setlt' 'setgt'> <InPorts = 2> <OutPorts = 1>
ST_3 : Operation 95 [1/1] (0.32ns)   --->   "%val_22 = select i1 %icmp_ln1281, i26 %xub, i26 %val_20" [../src/riccati_solver_hls.cpp:1281->../src/mpc_riccati_hls.cpp:647]   --->   Operation 95 'select' 'val_22' <Predicate = true> <Delay = 0.32> <CoreInst = "Sel">   --->   Core 73 'Sel' <Latency = 0> <II = 1> <Delay = 0.32> <FuncUnit> <Opcode : 'select'> <InPorts = 3> <OutPorts = 1>
ST_3 : Operation 96 [1/1] ( I:0.67ns O:0.67ns )   --->   "%store_ln1283 = store i26 %val_22, i5 %z_x_addr" [../src/riccati_solver_hls.cpp:1283->../src/mpc_riccati_hls.cpp:647]   --->   Operation 96 'store' 'store_ln1283' <Predicate = true> <Delay = 0.67> <CoreInst = "RAM_2P_LUTRAM">   --->   Core 92 'RAM_2P_LUTRAM' <Latency = 1> <II = 1> <Delay = 0.67> <Storage> <Opcode : 'load' 'store'> <Ports = 2> <Width = 26> <Depth = 21> <RAM>
ST_3 : Operation 97 [1/1] (0.00ns)   --->   "%br_ln1265 = br void %for.body210.i" [../src/riccati_solver_hls.cpp:1265->../src/mpc_riccati_hls.cpp:647]   --->   Operation 97 'br' 'br_ln1265' <Predicate = true> <Delay = 0.00>


============================================================
+ Verbose Summary: Timing violations
============================================================
Target clock period: 5.000ns, clock uncertainty: 0.500ns.

 <State 1>: 1.664ns
The critical path consists of the following:
	'store' operation ('store_ln1189', ../src/riccati_solver_hls.cpp:1189->../src/mpc_riccati_hls.cpp:647) of constant 0 5 bit on local variable 'k', ../src/riccati_solver_hls.cpp:1189->../src/mpc_riccati_hls.cpp:647 [42]  (0.427 ns)
	'load' operation 5 bit ('k', ../src/riccati_solver_hls.cpp:1265->../src/mpc_riccati_hls.cpp:647) on local variable 'k', ../src/riccati_solver_hls.cpp:1189->../src/mpc_riccati_hls.cpp:647 [45]  (0.000 ns)
	'getelementptr' operation 5 bit ('step_data_3_addr', ../src/riccati_solver_hls.cpp:121->../src/riccati_solver_hls.cpp:1276->../src/mpc_riccati_hls.cpp:647) [85]  (0.000 ns)
	'load' operation 26 bit ('xlb', ../src/riccati_solver_hls.cpp:1276->../src/mpc_riccati_hls.cpp:647) on array 'step_data_3' [86]  (1.237 ns)

 <State 2>: 3.819ns
The critical path consists of the following:
	'load' operation 26 bit ('val', ../src/riccati_solver_hls.cpp:1268->../src/mpc_riccati_hls.cpp:647) on array 'sol_x_5' [75]  (0.677 ns)
	'icmp' operation 1 bit ('icmp_ln1294', ../src/riccati_solver_hls.cpp:1294->../src/mpc_riccati_hls.cpp:647) [95]  (0.955 ns)
	'select' operation 26 bit ('val', ../src/riccati_solver_hls.cpp:1294->../src/mpc_riccati_hls.cpp:647) [96]  (0.323 ns)
	'icmp' operation 1 bit ('icmp_ln1296', ../src/riccati_solver_hls.cpp:1296->../src/mpc_riccati_hls.cpp:647) [98]  (0.955 ns)
	'select' operation 14 bit ('val', ../src/riccati_solver_hls.cpp:1296->../src/mpc_riccati_hls.cpp:647) [99]  (0.232 ns)
	'store' operation ('store_ln1298', ../src/riccati_solver_hls.cpp:1298->../src/mpc_riccati_hls.cpp:647) of variable 'sext_ln1287', ../src/riccati_solver_hls.cpp:1287->../src/mpc_riccati_hls.cpp:647 26 bit on array 'z_x_5' [102]  (0.677 ns)

 <State 3>: 3.910ns
The critical path consists of the following:
	'load' operation 26 bit ('val', ../src/riccati_solver_hls.cpp:1268->../src/mpc_riccati_hls.cpp:647) on array 'sol_x' [56]  (0.677 ns)
	'icmp' operation 1 bit ('icmp_ln1279', ../src/riccati_solver_hls.cpp:1279->../src/mpc_riccati_hls.cpp:647) [91]  (0.955 ns)
	'select' operation 26 bit ('val', ../src/riccati_solver_hls.cpp:1279->../src/mpc_riccati_hls.cpp:647) [92]  (0.323 ns)
	'icmp' operation 1 bit ('icmp_ln1281', ../src/riccati_solver_hls.cpp:1281->../src/mpc_riccati_hls.cpp:647) [93]  (0.955 ns)
	'select' operation 26 bit ('val', ../src/riccati_solver_hls.cpp:1281->../src/mpc_riccati_hls.cpp:647) [94]  (0.323 ns)
	'store' operation ('store_ln1283', ../src/riccati_solver_hls.cpp:1283->../src/mpc_riccati_hls.cpp:647) of variable 'val', ../src/riccati_solver_hls.cpp:1281->../src/mpc_riccati_hls.cpp:647 26 bit on array 'z_x' [101]  (0.677 ns)


============================================================
+ Verbose Summary: Binding
============================================================
N/A
* FSMD analyzer results:
  - Output states:
 - Input state : 
  - Chain level:
	State 1
	State 2
	State 3


============================================================
+ Verbose Summary: Datapath Resource usage 
============================================================
N/A
