

================================================================
== Vitis HLS Report for 'mpc_compute_hls_Pipeline_VITIS_LOOP_1202_1'
================================================================
* Date:           Thu Jun 11 16:06:51 2026

* Version:        2025.2 (Build 6295257 on Nov 14 2025)
* Project:        mpc_fpga_top_opencl
* Solution:       hls (Vitis Kernel Flow Target)
* Product family: zynquplus
* Target device:  xck26-sfvc784-2LV-c


================================================================
== Performance Estimates
================================================================
+ Timing: 
    * Summary: 
    +--------+---------+----------+------------+
    |  Clock |  Target | Estimated| Uncertainty|
    +--------+---------+----------+------------+
    |ap_clk  |  5.00 ns|  1.893 ns|     0.50 ns|
    +--------+---------+----------+------------+

+ Latency: 
    * Summary: 
    +---------+---------+----------+----------+-----+-----+-------------------+
    |  Latency (cycles) |  Latency (absolute) |  Interval |      Pipeline     |
    |   min   |   max   |    min   |    max   | min | max |        Type       |
    +---------+---------+----------+----------+-----+-----+-------------------+
    |       22|       22|  0.110 us|  0.110 us|    0|    0|  loop pipeline stp|
    +---------+---------+----------+----------+-----+-----+-------------------+

    + Detail: 
        * Instance: 
        N/A

        * Loop: 
        +---------------------+---------+---------+----------+-----------+-----------+------+----------+
        |                     |  Latency (cycles) | Iteration|  Initiation Interval  | Trip |          |
        |      Loop Name      |   min   |   max   |  Latency |  achieved |   target  | Count| Pipelined|
        +---------------------+---------+---------+----------+-----------+-----------+------+----------+
        |- VITIS_LOOP_1202_1  |       20|       20|         1|          1|          1|    20|       yes|
        +---------------------+---------+---------+----------+-----------+-----------+------+----------+

============================================================
+ Verbose Summary: Synthesis Manager
============================================================
InlineROM: 1
ExposeGlobal: 0
============================================================
+ Verbose Summary: CDFG Model
============================================================
IsTopModel: 0
ResetActiveHigh: 1
IsCombinational: 0
IsDatapathOnly: 0
HasWiredReturn: 1
HasMFsm: 2
HasVarLatency: 1
IsPipeline: 0
IsRtlPipelined: 0
IsInstanceOverlapped: 0
IsDontTouch: 0
HasImplIP: 0
IsGatedGlobalClock: 0

+ Individual pipeline summary: 
  * Pipeline-0: initiation interval (II) = 1, depth = 1


============================================================
+ Verbose Summary: Schedule
============================================================
* Number of FSM states : 1
* Pipeline : 1
  Pipeline-0 : II = 1, D = 1, States = { 1 }
* Dataflow Pipeline: 0

* FSM state transitions: 
1 --> 

* FSM state operations: 

State 1 <SV = 0> <Delay = 1.89>
ST_1 : Operation 4 [1/1] (0.00ns)   --->   "%k_4 = alloca i32 1" [../src/riccati_solver_hls.cpp:1189->../src/mpc_riccati_hls.cpp:647]   --->   Operation 4 'alloca' 'k_4' <Predicate = true> <Delay = 0.00>
ST_1 : Operation 5 [1/1] (0.00ns)   --->   "%specmemcore_ln0 = specmemcore void @_ssdm_op_SpecMemCore, i26 %y_x, i64 666, i64 23, i64 1, i1 0"   --->   Operation 5 'specmemcore' 'specmemcore_ln0' <Predicate = true> <Delay = 0.00>
ST_1 : Operation 6 [1/1] (0.00ns)   --->   "%specmemcore_ln0 = specmemcore void @_ssdm_op_SpecMemCore, i26 %y_x_1, i64 666, i64 23, i64 1, i1 0"   --->   Operation 6 'specmemcore' 'specmemcore_ln0' <Predicate = true> <Delay = 0.00>
ST_1 : Operation 7 [1/1] (0.00ns)   --->   "%specmemcore_ln0 = specmemcore void @_ssdm_op_SpecMemCore, i26 %y_x_2, i64 666, i64 23, i64 1, i1 0"   --->   Operation 7 'specmemcore' 'specmemcore_ln0' <Predicate = true> <Delay = 0.00>
ST_1 : Operation 8 [1/1] (0.00ns)   --->   "%specmemcore_ln0 = specmemcore void @_ssdm_op_SpecMemCore, i26 %y_x_3, i64 666, i64 23, i64 1, i1 0"   --->   Operation 8 'specmemcore' 'specmemcore_ln0' <Predicate = true> <Delay = 0.00>
ST_1 : Operation 9 [1/1] (0.00ns)   --->   "%specmemcore_ln0 = specmemcore void @_ssdm_op_SpecMemCore, i26 %y_x_4, i64 666, i64 23, i64 1, i1 0"   --->   Operation 9 'specmemcore' 'specmemcore_ln0' <Predicate = true> <Delay = 0.00>
ST_1 : Operation 10 [1/1] (0.00ns)   --->   "%specmemcore_ln0 = specmemcore void @_ssdm_op_SpecMemCore, i26 %y_x_5, i64 666, i64 23, i64 1, i1 0"   --->   Operation 10 'specmemcore' 'specmemcore_ln0' <Predicate = true> <Delay = 0.00>
ST_1 : Operation 11 [1/1] (0.00ns)   --->   "%specmemcore_ln0 = specmemcore void @_ssdm_op_SpecMemCore, i26 %y_x_6, i64 666, i64 23, i64 1, i1 0"   --->   Operation 11 'specmemcore' 'specmemcore_ln0' <Predicate = true> <Delay = 0.00>
ST_1 : Operation 12 [1/1] (0.00ns)   --->   "%specmemcore_ln0 = specmemcore void @_ssdm_op_SpecMemCore, i26 %y_x_7, i64 666, i64 23, i64 1, i1 0"   --->   Operation 12 'specmemcore' 'specmemcore_ln0' <Predicate = true> <Delay = 0.00>
ST_1 : Operation 13 [1/1] (0.00ns)   --->   "%specmemcore_ln0 = specmemcore void @_ssdm_op_SpecMemCore, i26 %z_x, i64 666, i64 23, i64 1, i1 0"   --->   Operation 13 'specmemcore' 'specmemcore_ln0' <Predicate = true> <Delay = 0.00>
ST_1 : Operation 14 [1/1] (0.00ns)   --->   "%specmemcore_ln0 = specmemcore void @_ssdm_op_SpecMemCore, i26 %z_x_1, i64 666, i64 23, i64 1, i1 0"   --->   Operation 14 'specmemcore' 'specmemcore_ln0' <Predicate = true> <Delay = 0.00>
ST_1 : Operation 15 [1/1] (0.00ns)   --->   "%specmemcore_ln0 = specmemcore void @_ssdm_op_SpecMemCore, i26 %z_x_2, i64 666, i64 23, i64 1, i1 0"   --->   Operation 15 'specmemcore' 'specmemcore_ln0' <Predicate = true> <Delay = 0.00>
ST_1 : Operation 16 [1/1] (0.00ns)   --->   "%specmemcore_ln0 = specmemcore void @_ssdm_op_SpecMemCore, i26 %z_x_3, i64 666, i64 23, i64 1, i1 0"   --->   Operation 16 'specmemcore' 'specmemcore_ln0' <Predicate = true> <Delay = 0.00>
ST_1 : Operation 17 [1/1] (0.00ns)   --->   "%specmemcore_ln0 = specmemcore void @_ssdm_op_SpecMemCore, i26 %z_x_4, i64 666, i64 23, i64 1, i1 0"   --->   Operation 17 'specmemcore' 'specmemcore_ln0' <Predicate = true> <Delay = 0.00>
ST_1 : Operation 18 [1/1] (0.00ns)   --->   "%specmemcore_ln0 = specmemcore void @_ssdm_op_SpecMemCore, i26 %z_x_5, i64 666, i64 23, i64 1, i1 0"   --->   Operation 18 'specmemcore' 'specmemcore_ln0' <Predicate = true> <Delay = 0.00>
ST_1 : Operation 19 [1/1] (0.00ns)   --->   "%specmemcore_ln0 = specmemcore void @_ssdm_op_SpecMemCore, i26 %z_x_6, i64 666, i64 23, i64 1, i1 0"   --->   Operation 19 'specmemcore' 'specmemcore_ln0' <Predicate = true> <Delay = 0.00>
ST_1 : Operation 20 [1/1] (0.00ns)   --->   "%specmemcore_ln0 = specmemcore void @_ssdm_op_SpecMemCore, i26 %z_x_7, i64 666, i64 23, i64 1, i1 0"   --->   Operation 20 'specmemcore' 'specmemcore_ln0' <Predicate = true> <Delay = 0.00>
ST_1 : Operation 21 [1/1] (0.42ns)   --->   "%store_ln1189 = store i5 0, i5 %k_4" [../src/riccati_solver_hls.cpp:1189->../src/mpc_riccati_hls.cpp:647]   --->   Operation 21 'store' 'store_ln1189' <Predicate = true> <Delay = 0.42>
ST_1 : Operation 22 [1/1] (0.00ns)   --->   "%br_ln0 = br void %for.body.i"   --->   Operation 22 'br' 'br_ln0' <Predicate = true> <Delay = 0.00>
ST_1 : Operation 23 [1/1] (0.00ns)   --->   "%k = load i5 %k_4" [../src/riccati_solver_hls.cpp:1202->../src/mpc_riccati_hls.cpp:647]   --->   Operation 23 'load' 'k' <Predicate = true> <Delay = 0.00>
ST_1 : Operation 24 [1/1] (0.78ns)   --->   "%icmp_ln1202 = icmp_eq  i5 %k, i5 20" [../src/riccati_solver_hls.cpp:1202->../src/mpc_riccati_hls.cpp:647]   --->   Operation 24 'icmp' 'icmp_ln1202' <Predicate = true> <Delay = 0.78> <CoreInst = "Cmp">   --->   Core 9 'Cmp' <Latency = 0> <II = 1> <Delay = 0.78> <FuncUnit> <Opcode : 'seteq' 'setne' 'setle' 'setge' 'setlt' 'setgt'> <InPorts = 2> <OutPorts = 1>
ST_1 : Operation 25 [1/1] (0.78ns)   --->   "%add_ln1202 = add i5 %k, i5 1" [../src/riccati_solver_hls.cpp:1202->../src/mpc_riccati_hls.cpp:647]   --->   Operation 25 'add' 'add_ln1202' <Predicate = true> <Delay = 0.78> <CoreInst = "Adder">   --->   Core 1 'Adder' <Latency = 0> <II = 1> <Delay = 0.78> <FuncUnit> <Opcode : 'add' 'sub'> <InPorts = 2> <OutPorts = 1>
ST_1 : Operation 26 [1/1] (0.00ns)   --->   "%br_ln1202 = br i1 %icmp_ln1202, void %for.body.i.split, void %_ZN8ap_fixedILi26ELi12EL9ap_q_mode5EL9ap_o_mode3ELi0EEC2Ei.exit307.i.exitStub" [../src/riccati_solver_hls.cpp:1202->../src/mpc_riccati_hls.cpp:647]   --->   Operation 26 'br' 'br_ln1202' <Predicate = true> <Delay = 0.00>
ST_1 : Operation 27 [1/1] (0.00ns)   --->   "%zext_ln1202 = zext i5 %k" [../src/riccati_solver_hls.cpp:1202->../src/mpc_riccati_hls.cpp:647]   --->   Operation 27 'zext' 'zext_ln1202' <Predicate = (!icmp_ln1202)> <Delay = 0.00>
ST_1 : Operation 28 [1/1] (0.00ns)   --->   "%specpipeline_ln1189 = specpipeline void @_ssdm_op_SpecPipeline, i32 4294967295, i32 0, i32 0, i32 0, i32 4294967295, void @empty_524" [../src/riccati_solver_hls.cpp:1189->../src/mpc_riccati_hls.cpp:647]   --->   Operation 28 'specpipeline' 'specpipeline_ln1189' <Predicate = (!icmp_ln1202)> <Delay = 0.00>
ST_1 : Operation 29 [1/1] (0.00ns)   --->   "%speclooptripcount_ln1189 = speclooptripcount void @_ssdm_op_SpecLoopTripCount, i64 20, i64 20, i64 20" [../src/riccati_solver_hls.cpp:1189->../src/mpc_riccati_hls.cpp:647]   --->   Operation 29 'speclooptripcount' 'speclooptripcount_ln1189' <Predicate = (!icmp_ln1202)> <Delay = 0.00>
ST_1 : Operation 30 [1/1] (0.00ns)   --->   "%specloopname_ln1202 = specloopname void @_ssdm_op_SpecLoopName, void @empty_488" [../src/riccati_solver_hls.cpp:1202->../src/mpc_riccati_hls.cpp:647]   --->   Operation 30 'specloopname' 'specloopname_ln1202' <Predicate = (!icmp_ln1202)> <Delay = 0.00>
ST_1 : Operation 31 [1/1] (0.00ns)   --->   "%z_x_addr = getelementptr i26 %z_x, i64 0, i64 %zext_ln1202" [../src/riccati_solver_hls.cpp:1205->../src/mpc_riccati_hls.cpp:647]   --->   Operation 31 'getelementptr' 'z_x_addr' <Predicate = (!icmp_ln1202)> <Delay = 0.00>
ST_1 : Operation 32 [1/1] (0.00ns)   --->   "%y_x_addr = getelementptr i26 %y_x, i64 0, i64 %zext_ln1202" [../src/riccati_solver_hls.cpp:1206->../src/mpc_riccati_hls.cpp:647]   --->   Operation 32 'getelementptr' 'y_x_addr' <Predicate = (!icmp_ln1202)> <Delay = 0.00>
ST_1 : Operation 33 [1/1] (0.00ns)   --->   "%z_x_1_addr = getelementptr i26 %z_x_1, i64 0, i64 %zext_ln1202" [../src/riccati_solver_hls.cpp:1205->../src/mpc_riccati_hls.cpp:647]   --->   Operation 33 'getelementptr' 'z_x_1_addr' <Predicate = (!icmp_ln1202)> <Delay = 0.00>
ST_1 : Operation 34 [1/1] (0.00ns)   --->   "%y_x_1_addr = getelementptr i26 %y_x_1, i64 0, i64 %zext_ln1202" [../src/riccati_solver_hls.cpp:1206->../src/mpc_riccati_hls.cpp:647]   --->   Operation 34 'getelementptr' 'y_x_1_addr' <Predicate = (!icmp_ln1202)> <Delay = 0.00>
ST_1 : Operation 35 [1/1] (0.00ns)   --->   "%z_x_2_addr = getelementptr i26 %z_x_2, i64 0, i64 %zext_ln1202" [../src/riccati_solver_hls.cpp:1205->../src/mpc_riccati_hls.cpp:647]   --->   Operation 35 'getelementptr' 'z_x_2_addr' <Predicate = (!icmp_ln1202)> <Delay = 0.00>
ST_1 : Operation 36 [1/1] (0.00ns)   --->   "%y_x_2_addr = getelementptr i26 %y_x_2, i64 0, i64 %zext_ln1202" [../src/riccati_solver_hls.cpp:1206->../src/mpc_riccati_hls.cpp:647]   --->   Operation 36 'getelementptr' 'y_x_2_addr' <Predicate = (!icmp_ln1202)> <Delay = 0.00>
ST_1 : Operation 37 [1/1] (0.00ns)   --->   "%z_x_3_addr = getelementptr i26 %z_x_3, i64 0, i64 %zext_ln1202" [../src/riccati_solver_hls.cpp:1205->../src/mpc_riccati_hls.cpp:647]   --->   Operation 37 'getelementptr' 'z_x_3_addr' <Predicate = (!icmp_ln1202)> <Delay = 0.00>
ST_1 : Operation 38 [1/1] (0.00ns)   --->   "%y_x_3_addr = getelementptr i26 %y_x_3, i64 0, i64 %zext_ln1202" [../src/riccati_solver_hls.cpp:1206->../src/mpc_riccati_hls.cpp:647]   --->   Operation 38 'getelementptr' 'y_x_3_addr' <Predicate = (!icmp_ln1202)> <Delay = 0.00>
ST_1 : Operation 39 [1/1] (0.00ns)   --->   "%z_x_4_addr = getelementptr i26 %z_x_4, i64 0, i64 %zext_ln1202" [../src/riccati_solver_hls.cpp:1205->../src/mpc_riccati_hls.cpp:647]   --->   Operation 39 'getelementptr' 'z_x_4_addr' <Predicate = (!icmp_ln1202)> <Delay = 0.00>
ST_1 : Operation 40 [1/1] (0.00ns)   --->   "%y_x_4_addr = getelementptr i26 %y_x_4, i64 0, i64 %zext_ln1202" [../src/riccati_solver_hls.cpp:1206->../src/mpc_riccati_hls.cpp:647]   --->   Operation 40 'getelementptr' 'y_x_4_addr' <Predicate = (!icmp_ln1202)> <Delay = 0.00>
ST_1 : Operation 41 [1/1] (0.00ns)   --->   "%z_x_5_addr = getelementptr i26 %z_x_5, i64 0, i64 %zext_ln1202" [../src/riccati_solver_hls.cpp:1205->../src/mpc_riccati_hls.cpp:647]   --->   Operation 41 'getelementptr' 'z_x_5_addr' <Predicate = (!icmp_ln1202)> <Delay = 0.00>
ST_1 : Operation 42 [1/1] (0.00ns)   --->   "%y_x_5_addr = getelementptr i26 %y_x_5, i64 0, i64 %zext_ln1202" [../src/riccati_solver_hls.cpp:1206->../src/mpc_riccati_hls.cpp:647]   --->   Operation 42 'getelementptr' 'y_x_5_addr' <Predicate = (!icmp_ln1202)> <Delay = 0.00>
ST_1 : Operation 43 [1/1] (0.00ns)   --->   "%z_x_6_addr = getelementptr i26 %z_x_6, i64 0, i64 %zext_ln1202" [../src/riccati_solver_hls.cpp:1205->../src/mpc_riccati_hls.cpp:647]   --->   Operation 43 'getelementptr' 'z_x_6_addr' <Predicate = (!icmp_ln1202)> <Delay = 0.00>
ST_1 : Operation 44 [1/1] (0.00ns)   --->   "%y_x_6_addr = getelementptr i26 %y_x_6, i64 0, i64 %zext_ln1202" [../src/riccati_solver_hls.cpp:1206->../src/mpc_riccati_hls.cpp:647]   --->   Operation 44 'getelementptr' 'y_x_6_addr' <Predicate = (!icmp_ln1202)> <Delay = 0.00>
ST_1 : Operation 45 [1/1] (0.00ns)   --->   "%z_x_7_addr = getelementptr i26 %z_x_7, i64 0, i64 %zext_ln1202" [../src/riccati_solver_hls.cpp:1205->../src/mpc_riccati_hls.cpp:647]   --->   Operation 45 'getelementptr' 'z_x_7_addr' <Predicate = (!icmp_ln1202)> <Delay = 0.00>
ST_1 : Operation 46 [1/1] ( I:0.67ns O:0.67ns )   --->   "%store_ln1205 = store i26 0, i5 %z_x_addr" [../src/riccati_solver_hls.cpp:1205->../src/mpc_riccati_hls.cpp:647]   --->   Operation 46 'store' 'store_ln1205' <Predicate = (!icmp_ln1202)> <Delay = 0.67> <CoreInst = "RAM_2P_LUTRAM">   --->   Core 92 'RAM_2P_LUTRAM' <Latency = 1> <II = 1> <Delay = 0.67> <Storage> <Opcode : 'load' 'store'> <Ports = 2> <Width = 26> <Depth = 21> <RAM>
ST_1 : Operation 47 [1/1] ( I:0.67ns O:0.67ns )   --->   "%store_ln1205 = store i26 0, i5 %z_x_1_addr" [../src/riccati_solver_hls.cpp:1205->../src/mpc_riccati_hls.cpp:647]   --->   Operation 47 'store' 'store_ln1205' <Predicate = (!icmp_ln1202)> <Delay = 0.67> <CoreInst = "RAM_2P_LUTRAM">   --->   Core 92 'RAM_2P_LUTRAM' <Latency = 1> <II = 1> <Delay = 0.67> <Storage> <Opcode : 'load' 'store'> <Ports = 2> <Width = 26> <Depth = 21> <RAM>
ST_1 : Operation 48 [1/1] ( I:0.67ns O:0.67ns )   --->   "%store_ln1205 = store i26 0, i5 %z_x_2_addr" [../src/riccati_solver_hls.cpp:1205->../src/mpc_riccati_hls.cpp:647]   --->   Operation 48 'store' 'store_ln1205' <Predicate = (!icmp_ln1202)> <Delay = 0.67> <CoreInst = "RAM_2P_LUTRAM">   --->   Core 92 'RAM_2P_LUTRAM' <Latency = 1> <II = 1> <Delay = 0.67> <Storage> <Opcode : 'load' 'store'> <Ports = 2> <Width = 26> <Depth = 21> <RAM>
ST_1 : Operation 49 [1/1] ( I:0.67ns O:0.67ns )   --->   "%store_ln1205 = store i26 0, i5 %z_x_3_addr" [../src/riccati_solver_hls.cpp:1205->../src/mpc_riccati_hls.cpp:647]   --->   Operation 49 'store' 'store_ln1205' <Predicate = (!icmp_ln1202)> <Delay = 0.67> <CoreInst = "RAM_2P_LUTRAM">   --->   Core 92 'RAM_2P_LUTRAM' <Latency = 1> <II = 1> <Delay = 0.67> <Storage> <Opcode : 'load' 'store'> <Ports = 2> <Width = 26> <Depth = 21> <RAM>
ST_1 : Operation 50 [1/1] ( I:0.67ns O:0.67ns )   --->   "%store_ln1205 = store i26 0, i5 %z_x_4_addr" [../src/riccati_solver_hls.cpp:1205->../src/mpc_riccati_hls.cpp:647]   --->   Operation 50 'store' 'store_ln1205' <Predicate = (!icmp_ln1202)> <Delay = 0.67> <CoreInst = "RAM_2P_LUTRAM">   --->   Core 92 'RAM_2P_LUTRAM' <Latency = 1> <II = 1> <Delay = 0.67> <Storage> <Opcode : 'load' 'store'> <Ports = 2> <Width = 26> <Depth = 21> <RAM>
ST_1 : Operation 51 [1/1] ( I:0.67ns O:0.67ns )   --->   "%store_ln1205 = store i26 0, i5 %z_x_5_addr" [../src/riccati_solver_hls.cpp:1205->../src/mpc_riccati_hls.cpp:647]   --->   Operation 51 'store' 'store_ln1205' <Predicate = (!icmp_ln1202)> <Delay = 0.67> <CoreInst = "RAM_2P_LUTRAM">   --->   Core 92 'RAM_2P_LUTRAM' <Latency = 1> <II = 1> <Delay = 0.67> <Storage> <Opcode : 'load' 'store'> <Ports = 2> <Width = 26> <Depth = 21> <RAM>
ST_1 : Operation 52 [1/1] ( I:0.67ns O:0.67ns )   --->   "%store_ln1205 = store i26 0, i5 %z_x_6_addr" [../src/riccati_solver_hls.cpp:1205->../src/mpc_riccati_hls.cpp:647]   --->   Operation 52 'store' 'store_ln1205' <Predicate = (!icmp_ln1202)> <Delay = 0.67> <CoreInst = "RAM_2P_LUTRAM">   --->   Core 92 'RAM_2P_LUTRAM' <Latency = 1> <II = 1> <Delay = 0.67> <Storage> <Opcode : 'load' 'store'> <Ports = 2> <Width = 26> <Depth = 21> <RAM>
ST_1 : Operation 53 [1/1] ( I:0.67ns O:0.67ns )   --->   "%store_ln1205 = store i26 0, i5 %z_x_7_addr" [../src/riccati_solver_hls.cpp:1205->../src/mpc_riccati_hls.cpp:647]   --->   Operation 53 'store' 'store_ln1205' <Predicate = (!icmp_ln1202)> <Delay = 0.67> <CoreInst = "RAM_2P_LUTRAM">   --->   Core 92 'RAM_2P_LUTRAM' <Latency = 1> <II = 1> <Delay = 0.67> <Storage> <Opcode : 'load' 'store'> <Ports = 2> <Width = 26> <Depth = 21> <RAM>
ST_1 : Operation 54 [1/1] (0.00ns)   --->   "%y_x_7_addr = getelementptr i26 %y_x_7, i64 0, i64 %zext_ln1202" [../src/riccati_solver_hls.cpp:1206->../src/mpc_riccati_hls.cpp:647]   --->   Operation 54 'getelementptr' 'y_x_7_addr' <Predicate = (!icmp_ln1202)> <Delay = 0.00>
ST_1 : Operation 55 [1/1] ( I:0.67ns O:0.67ns )   --->   "%store_ln1206 = store i26 0, i5 %y_x_addr" [../src/riccati_solver_hls.cpp:1206->../src/mpc_riccati_hls.cpp:647]   --->   Operation 55 'store' 'store_ln1206' <Predicate = (!icmp_ln1202)> <Delay = 0.67> <CoreInst = "RAM_2P_LUTRAM">   --->   Core 92 'RAM_2P_LUTRAM' <Latency = 1> <II = 1> <Delay = 0.67> <Storage> <Opcode : 'load' 'store'> <Ports = 2> <Width = 26> <Depth = 21> <RAM>
ST_1 : Operation 56 [1/1] ( I:0.67ns O:0.67ns )   --->   "%store_ln1206 = store i26 0, i5 %y_x_1_addr" [../src/riccati_solver_hls.cpp:1206->../src/mpc_riccati_hls.cpp:647]   --->   Operation 56 'store' 'store_ln1206' <Predicate = (!icmp_ln1202)> <Delay = 0.67> <CoreInst = "RAM_2P_LUTRAM">   --->   Core 92 'RAM_2P_LUTRAM' <Latency = 1> <II = 1> <Delay = 0.67> <Storage> <Opcode : 'load' 'store'> <Ports = 2> <Width = 26> <Depth = 21> <RAM>
ST_1 : Operation 57 [1/1] ( I:0.67ns O:0.67ns )   --->   "%store_ln1206 = store i26 0, i5 %y_x_2_addr" [../src/riccati_solver_hls.cpp:1206->../src/mpc_riccati_hls.cpp:647]   --->   Operation 57 'store' 'store_ln1206' <Predicate = (!icmp_ln1202)> <Delay = 0.67> <CoreInst = "RAM_2P_LUTRAM">   --->   Core 92 'RAM_2P_LUTRAM' <Latency = 1> <II = 1> <Delay = 0.67> <Storage> <Opcode : 'load' 'store'> <Ports = 2> <Width = 26> <Depth = 21> <RAM>
ST_1 : Operation 58 [1/1] ( I:0.67ns O:0.67ns )   --->   "%store_ln1206 = store i26 0, i5 %y_x_3_addr" [../src/riccati_solver_hls.cpp:1206->../src/mpc_riccati_hls.cpp:647]   --->   Operation 58 'store' 'store_ln1206' <Predicate = (!icmp_ln1202)> <Delay = 0.67> <CoreInst = "RAM_2P_LUTRAM">   --->   Core 92 'RAM_2P_LUTRAM' <Latency = 1> <II = 1> <Delay = 0.67> <Storage> <Opcode : 'load' 'store'> <Ports = 2> <Width = 26> <Depth = 21> <RAM>
ST_1 : Operation 59 [1/1] ( I:0.67ns O:0.67ns )   --->   "%store_ln1206 = store i26 0, i5 %y_x_4_addr" [../src/riccati_solver_hls.cpp:1206->../src/mpc_riccati_hls.cpp:647]   --->   Operation 59 'store' 'store_ln1206' <Predicate = (!icmp_ln1202)> <Delay = 0.67> <CoreInst = "RAM_2P_LUTRAM">   --->   Core 92 'RAM_2P_LUTRAM' <Latency = 1> <II = 1> <Delay = 0.67> <Storage> <Opcode : 'load' 'store'> <Ports = 2> <Width = 26> <Depth = 21> <RAM>
ST_1 : Operation 60 [1/1] ( I:0.67ns O:0.67ns )   --->   "%store_ln1206 = store i26 0, i5 %y_x_5_addr" [../src/riccati_solver_hls.cpp:1206->../src/mpc_riccati_hls.cpp:647]   --->   Operation 60 'store' 'store_ln1206' <Predicate = (!icmp_ln1202)> <Delay = 0.67> <CoreInst = "RAM_2P_LUTRAM">   --->   Core 92 'RAM_2P_LUTRAM' <Latency = 1> <II = 1> <Delay = 0.67> <Storage> <Opcode : 'load' 'store'> <Ports = 2> <Width = 26> <Depth = 21> <RAM>
ST_1 : Operation 61 [1/1] ( I:0.67ns O:0.67ns )   --->   "%store_ln1206 = store i26 0, i5 %y_x_6_addr" [../src/riccati_solver_hls.cpp:1206->../src/mpc_riccati_hls.cpp:647]   --->   Operation 61 'store' 'store_ln1206' <Predicate = (!icmp_ln1202)> <Delay = 0.67> <CoreInst = "RAM_2P_LUTRAM">   --->   Core 92 'RAM_2P_LUTRAM' <Latency = 1> <II = 1> <Delay = 0.67> <Storage> <Opcode : 'load' 'store'> <Ports = 2> <Width = 26> <Depth = 21> <RAM>
ST_1 : Operation 62 [1/1] ( I:0.67ns O:0.67ns )   --->   "%store_ln1206 = store i26 0, i5 %y_x_7_addr" [../src/riccati_solver_hls.cpp:1206->../src/mpc_riccati_hls.cpp:647]   --->   Operation 62 'store' 'store_ln1206' <Predicate = (!icmp_ln1202)> <Delay = 0.67> <CoreInst = "RAM_2P_LUTRAM">   --->   Core 92 'RAM_2P_LUTRAM' <Latency = 1> <II = 1> <Delay = 0.67> <Storage> <Opcode : 'load' 'store'> <Ports = 2> <Width = 26> <Depth = 21> <RAM>
ST_1 : Operation 63 [1/1] (0.42ns)   --->   "%store_ln1189 = store i5 %add_ln1202, i5 %k_4" [../src/riccati_solver_hls.cpp:1189->../src/mpc_riccati_hls.cpp:647]   --->   Operation 63 'store' 'store_ln1189' <Predicate = (!icmp_ln1202)> <Delay = 0.42>
ST_1 : Operation 64 [1/1] (0.00ns)   --->   "%br_ln1202 = br void %for.body.i" [../src/riccati_solver_hls.cpp:1202->../src/mpc_riccati_hls.cpp:647]   --->   Operation 64 'br' 'br_ln1202' <Predicate = (!icmp_ln1202)> <Delay = 0.00>
ST_1 : Operation 65 [1/1] (0.42ns)   --->   "%ret_ln0 = ret"   --->   Operation 65 'ret' 'ret_ln0' <Predicate = (icmp_ln1202)> <Delay = 0.42>


============================================================
+ Verbose Summary: Timing violations
============================================================
Target clock period: 5.000ns, clock uncertainty: 0.500ns.

 <State 1>: 1.893ns
The critical path consists of the following:
	'store' operation ('store_ln1189', ../src/riccati_solver_hls.cpp:1189->../src/mpc_riccati_hls.cpp:647) of constant 0 5 bit on local variable 'k', ../src/riccati_solver_hls.cpp:1189->../src/mpc_riccati_hls.cpp:647 [34]  (0.427 ns)
	'load' operation 5 bit ('k', ../src/riccati_solver_hls.cpp:1202->../src/mpc_riccati_hls.cpp:647) on local variable 'k', ../src/riccati_solver_hls.cpp:1189->../src/mpc_riccati_hls.cpp:647 [37]  (0.000 ns)
	'icmp' operation 1 bit ('icmp_ln1202', ../src/riccati_solver_hls.cpp:1202->../src/mpc_riccati_hls.cpp:647) [38]  (0.789 ns)
	'store' operation ('store_ln1205', ../src/riccati_solver_hls.cpp:1205->../src/mpc_riccati_hls.cpp:647) of constant 0 26 bit on array 'z_x' [61]  (0.677 ns)


============================================================
+ Verbose Summary: Binding
============================================================
N/A
* FSMD analyzer results:
  - Output states:
 - Input state : 
  - Chain level:
	State 1


============================================================
+ Verbose Summary: Datapath Resource usage 
============================================================
N/A
