

================================================================
== Vitis HLS Report for 'mpc_compute_hls_Pipeline_VITIS_LOOP_1511_21'
================================================================
* Date:           Thu May 21 15:23:13 2026

* Version:        2025.2 (Build 6295257 on Nov 14 2025)
* Project:        mpc_fpga_top_opencl
* Solution:       hls (Vitis Kernel Flow Target)
* Product family: zynquplus
* Target device:  xck26-sfvc784-2LV-c


================================================================
== Performance Estimates
================================================================
+ Timing: 
    * Summary: 
    +--------+---------+----------+------------+
    |  Clock |  Target | Estimated| Uncertainty|
    +--------+---------+----------+------------+
    |ap_clk  |  5.00 ns|  1.643 ns|     0.50 ns|
    +--------+---------+----------+------------+

+ Latency: 
    * Summary: 
    +---------+---------+----------+----------+-----+-----+-------------------+
    |  Latency (cycles) |  Latency (absolute) |  Interval |      Pipeline     |
    |   min   |   max   |    min   |    max   | min | max |        Type       |
    +---------+---------+----------+----------+-----+-----+-------------------+
    |       23|       23|  0.115 us|  0.115 us|    0|    0|  loop pipeline stp|
    +---------+---------+----------+----------+-----+-----+-------------------+

    + Detail: 
        * Instance: 
        N/A

        * Loop: 
        +----------------------+---------+---------+----------+-----------+-----------+------+----------+
        |                      |  Latency (cycles) | Iteration|  Initiation Interval  | Trip |          |
        |       Loop Name      |   min   |   max   |  Latency |  achieved |   target  | Count| Pipelined|
        +----------------------+---------+---------+----------+-----------+-----------+------+----------+
        |- VITIS_LOOP_1511_21  |       21|       21|         2|          1|          1|    21|       yes|
        +----------------------+---------+---------+----------+-----------+-----------+------+----------+



================================================================
== Utilization Estimates
================================================================
* Summary: 
+-----------------+---------+------+--------+--------+-----+
|       Name      | BRAM_18K|  DSP |   FF   |   LUT  | URAM|
+-----------------+---------+------+--------+--------+-----+
|DSP              |        -|     -|       -|       -|    -|
|Expression       |        -|     -|       0|      28|    -|
|FIFO             |        -|     -|       -|       -|    -|
|Instance         |        -|     -|       -|       -|    -|
|Memory           |        -|     -|       -|       -|    -|
|Multiplexer      |        -|     -|       0|      64|    -|
|Register         |        -|     -|      19|       -|    -|
+-----------------+---------+------+--------+--------+-----+
|Total            |        0|     0|      19|      92|    0|
+-----------------+---------+------+--------+--------+-----+
|Available        |      288|  1248|  234240|  117120|   64|
+-----------------+---------+------+--------+--------+-----+
|Utilization (%)  |        0|     0|      ~0|      ~0|    0|
+-----------------+---------+------+--------+--------+-----+

+ Detail: 
    * Instance: 
    N/A

    * DSP: 
    N/A

    * Memory: 
    N/A

    * FIFO: 
    N/A

    * Expression: 
    +-----------------------+----------+----+---+----+------------+------------+
    |     Variable Name     | Operation| DSP| FF| LUT| Bitwidth P0| Bitwidth P1|
    +-----------------------+----------+----+---+----+------------+------------+
    |add_ln1511_fu_116_p2   |         +|   0|  0|  12|           5|           1|
    |ap_condition_225       |       and|   0|  0|   2|           1|           1|
    |icmp_ln1511_fu_110_p2  |      icmp|   0|  0|  12|           5|           5|
    |ap_enable_pp0          |       xor|   0|  0|   2|           1|           2|
    +-----------------------+----------+----+---+----+------------+------------+
    |Total                  |          |   0|  0|  28|          12|           9|
    +-----------------------+----------+----+---+----+------------+------------+

    * Multiplexer: 
    +---------------------------------------+----+-----------+-----+-----------+
    |                  Name                 | LUT| Input Size| Bits| Total Bits|
    +---------------------------------------+----+-----------+-----+-----------+
    |ap_done_int                            |   9|          2|    1|          2|
    |ap_enable_reg_pp0_iter1                |   9|          2|    1|          2|
    |ap_phi_mux_storemerge376_phi_fu_95_p4  |  14|          3|   32|         96|
    |ap_sig_allocacmp_k_8                   |   9|          2|    5|         10|
    |k_fu_48                                |   9|          2|    5|         10|
    |y_x_d1_local                           |  14|          3|   32|         96|
    +---------------------------------------+----+-----------+-----+-----------+
    |Total                                  |  64|         14|   76|        216|
    +---------------------------------------+----+-----------+-----+-----------+

    * Register: 
    +-------------------------+---+----+-----+-----------+
    |           Name          | FF| LUT| Bits| Const Bits|
    +-------------------------+---+----+-----+-----------+
    |ap_CS_fsm                |  1|   0|    1|          0|
    |ap_done_reg              |  1|   0|    1|          0|
    |ap_enable_reg_pp0_iter1  |  1|   0|    1|          0|
    |icmp_ln1511_reg_188      |  1|   0|    1|          0|
    |k_fu_48                  |  5|   0|    5|          0|
    |y_x_5_addr_reg_198       |  5|   0|    5|          0|
    |y_x_addr_reg_192         |  5|   0|    5|          0|
    +-------------------------+---+----+-----+-----------+
    |Total                    | 19|   0|   19|          0|
    +-------------------------+---+----+-----+-----------+



================================================================
== Interface
================================================================
* Summary: 
+----------------+-----+-----+------------+---------------------------------------------+--------------+
|    RTL Ports   | Dir | Bits|  Protocol  |                Source Object                |    C Type    |
+----------------+-----+-----+------------+---------------------------------------------+--------------+
|ap_clk          |   in|    1|  ap_ctrl_hs|  mpc_compute_hls_Pipeline_VITIS_LOOP_1511_21|  return value|
|ap_rst          |   in|    1|  ap_ctrl_hs|  mpc_compute_hls_Pipeline_VITIS_LOOP_1511_21|  return value|
|ap_start        |   in|    1|  ap_ctrl_hs|  mpc_compute_hls_Pipeline_VITIS_LOOP_1511_21|  return value|
|ap_done         |  out|    1|  ap_ctrl_hs|  mpc_compute_hls_Pipeline_VITIS_LOOP_1511_21|  return value|
|ap_idle         |  out|    1|  ap_ctrl_hs|  mpc_compute_hls_Pipeline_VITIS_LOOP_1511_21|  return value|
|ap_ready        |  out|    1|  ap_ctrl_hs|  mpc_compute_hls_Pipeline_VITIS_LOOP_1511_21|  return value|
|y_x_5_address0  |  out|    5|   ap_memory|                                        y_x_5|         array|
|y_x_5_ce0       |  out|    1|   ap_memory|                                        y_x_5|         array|
|y_x_5_q0        |   in|   32|   ap_memory|                                        y_x_5|         array|
|y_x_5_address1  |  out|    5|   ap_memory|                                        y_x_5|         array|
|y_x_5_ce1       |  out|    1|   ap_memory|                                        y_x_5|         array|
|y_x_5_we1       |  out|    1|   ap_memory|                                        y_x_5|         array|
|y_x_5_d1        |  out|   32|   ap_memory|                                        y_x_5|         array|
|y_x_address0    |  out|    5|   ap_memory|                                          y_x|         array|
|y_x_ce0         |  out|    1|   ap_memory|                                          y_x|         array|
|y_x_q0          |   in|   32|   ap_memory|                                          y_x|         array|
|y_x_address1    |  out|    5|   ap_memory|                                          y_x|         array|
|y_x_ce1         |  out|    1|   ap_memory|                                          y_x|         array|
|y_x_we1         |  out|    1|   ap_memory|                                          y_x|         array|
|y_x_d1          |  out|   32|   ap_memory|                                          y_x|         array|
|scale_rho_up    |   in|    1|     ap_none|                                 scale_rho_up|        scalar|
+----------------+-----+-----+------------+---------------------------------------------+--------------+

============================================================
+ Verbose Summary: Synthesis Manager
============================================================
InlineROM: 1
ExposeGlobal: 0
============================================================
+ Verbose Summary: CDFG Model
============================================================
IsTopModel: 0
ResetActiveHigh: 1
IsCombinational: 2
IsDatapathOnly: 2
HasWiredReturn: 1
HasMFsm: 2
HasVarLatency: 1
IsPipeline: 0
IsRtlPipelined: 0
IsInstanceOverlapped: 0
IsDontTouch: 0
HasImplIP: 0
IsGatedGlobalClock: 0

+ Individual pipeline summary: 
  * Pipeline-0: initiation interval (II) = 1, depth = 2


============================================================
+ Verbose Summary: Schedule
============================================================
* Number of FSM states : 2
* Pipeline : 1
  Pipeline-0 : II = 1, D = 2, States = { 1 2 }
* Dataflow Pipeline: 0

* FSM state transitions: 
1 --> 2 
2 --> 

* FSM state operations: 

State 1 <SV = 0> <Delay = 1.64>
ST_1 : Operation 5 [1/1] (0.00ns)   --->   "%k = alloca i32 1" [../src/riccati_solver_hls.cpp:1170->../src/mpc_riccati_hls.cpp:649]   --->   Operation 5 'alloca' 'k' <Predicate = true> <Delay = 0.00>
ST_1 : Operation 6 [1/1] (0.00ns)   --->   "%specmemcore_ln0 = specmemcore void @_ssdm_op_SpecMemCore, i32 %y_x, i64 666, i64 23, i64 1, i1 0"   --->   Operation 6 'specmemcore' 'specmemcore_ln0' <Predicate = true> <Delay = 0.00>
ST_1 : Operation 7 [1/1] (0.00ns)   --->   "%specmemcore_ln0 = specmemcore void @_ssdm_op_SpecMemCore, i32 %y_x_5, i64 666, i64 23, i64 1, i1 0"   --->   Operation 7 'specmemcore' 'specmemcore_ln0' <Predicate = true> <Delay = 0.00>
ST_1 : Operation 8 [1/1] (0.00ns)   --->   "%scale_rho_up_read = read i1 @_ssdm_op_Read.ap_auto.i1, i1 %scale_rho_up"   --->   Operation 8 'read' 'scale_rho_up_read' <Predicate = true> <Delay = 0.00>
ST_1 : Operation 9 [1/1] (0.42ns)   --->   "%store_ln1170 = store i5 0, i5 %k" [../src/riccati_solver_hls.cpp:1170->../src/mpc_riccati_hls.cpp:649]   --->   Operation 9 'store' 'store_ln1170' <Predicate = true> <Delay = 0.42>
ST_1 : Operation 10 [1/1] (0.00ns)   --->   "%br_ln0 = br void %for.body686.i"   --->   Operation 10 'br' 'br_ln0' <Predicate = true> <Delay = 0.00>
ST_1 : Operation 11 [1/1] (0.00ns)   --->   "%k_8 = load i5 %k" [../src/riccati_solver_hls.cpp:1511->../src/mpc_riccati_hls.cpp:649]   --->   Operation 11 'load' 'k_8' <Predicate = true> <Delay = 0.00>
ST_1 : Operation 12 [1/1] (0.78ns)   --->   "%icmp_ln1511 = icmp_eq  i5 %k_8, i5 21" [../src/riccati_solver_hls.cpp:1511->../src/mpc_riccati_hls.cpp:649]   --->   Operation 12 'icmp' 'icmp_ln1511' <Predicate = true> <Delay = 0.78> <CoreInst = "Cmp">   --->   Core 9 'Cmp' <Latency = 0> <II = 1> <Delay = 0.78> <FuncUnit> <Opcode : 'seteq' 'setne' 'setle' 'setge' 'setlt' 'setgt'> <InPorts = 2> <OutPorts = 1>
ST_1 : Operation 13 [1/1] (0.78ns)   --->   "%add_ln1511 = add i5 %k_8, i5 1" [../src/riccati_solver_hls.cpp:1511->../src/mpc_riccati_hls.cpp:649]   --->   Operation 13 'add' 'add_ln1511' <Predicate = true> <Delay = 0.78> <CoreInst = "Adder">   --->   Core 1 'Adder' <Latency = 0> <II = 1> <Delay = 0.78> <FuncUnit> <Opcode : 'add' 'sub'> <InPorts = 2> <OutPorts = 1>
ST_1 : Operation 14 [1/1] (0.00ns)   --->   "%br_ln1511 = br i1 %icmp_ln1511, void %for.body686.i.split, void %if.end709.i.loopexit.exitStub" [../src/riccati_solver_hls.cpp:1511->../src/mpc_riccati_hls.cpp:649]   --->   Operation 14 'br' 'br_ln1511' <Predicate = true> <Delay = 0.00>
ST_1 : Operation 15 [1/1] (0.00ns)   --->   "%zext_ln1511 = zext i5 %k_8" [../src/riccati_solver_hls.cpp:1511->../src/mpc_riccati_hls.cpp:649]   --->   Operation 15 'zext' 'zext_ln1511' <Predicate = (!icmp_ln1511)> <Delay = 0.00>
ST_1 : Operation 16 [1/1] (0.00ns)   --->   "%y_x_addr = getelementptr i32 %y_x, i64 0, i64 %zext_ln1511" [../src/riccati_solver_hls.cpp:1514->../src/mpc_riccati_hls.cpp:649]   --->   Operation 16 'getelementptr' 'y_x_addr' <Predicate = (!icmp_ln1511)> <Delay = 0.00>
ST_1 : Operation 17 [1/1] (0.00ns)   --->   "%y_x_5_addr = getelementptr i32 %y_x_5, i64 0, i64 %zext_ln1511" [../src/riccati_solver_hls.cpp:1515->../src/mpc_riccati_hls.cpp:649]   --->   Operation 17 'getelementptr' 'y_x_5_addr' <Predicate = (!icmp_ln1511)> <Delay = 0.00>
ST_1 : Operation 18 [2/2] (0.67ns)   --->   "%y_x_load = load i5 %y_x_addr" [../src/riccati_solver_hls.cpp:1514->../src/mpc_riccati_hls.cpp:649]   --->   Operation 18 'load' 'y_x_load' <Predicate = (!icmp_ln1511)> <Delay = 0.67> <CoreInst = "RAM_2P_LUTRAM">   --->   Core 92 'RAM_2P_LUTRAM' <Latency = 1> <II = 1> <Delay = 0.67> <Storage> <Opcode : 'load' 'store'> <Ports = 2> <Width = 32> <Depth = 21> <RAM>
ST_1 : Operation 19 [1/1] (0.00ns)   --->   "%br_ln1513 = br i1 %scale_rho_up_read, void %if.else696.i, void %if.then687.i" [../src/riccati_solver_hls.cpp:1513->../src/mpc_riccati_hls.cpp:649]   --->   Operation 19 'br' 'br_ln1513' <Predicate = (!icmp_ln1511)> <Delay = 0.00>
ST_1 : Operation 20 [2/2] (0.67ns)   --->   "%y_x_5_load_1 = load i5 %y_x_5_addr" [../src/riccati_solver_hls.cpp:1518->../src/mpc_riccati_hls.cpp:649]   --->   Operation 20 'load' 'y_x_5_load_1' <Predicate = (!icmp_ln1511 & !scale_rho_up_read)> <Delay = 0.67> <CoreInst = "RAM_2P_LUTRAM">   --->   Core 92 'RAM_2P_LUTRAM' <Latency = 1> <II = 1> <Delay = 0.67> <Storage> <Opcode : 'load' 'store'> <Ports = 2> <Width = 32> <Depth = 21> <RAM>
ST_1 : Operation 21 [1/1] (0.42ns)   --->   "%br_ln0 = br void %if.end705.i"   --->   Operation 21 'br' 'br_ln0' <Predicate = (!icmp_ln1511 & !scale_rho_up_read)> <Delay = 0.42>
ST_1 : Operation 22 [2/2] (0.67ns)   --->   "%y_x_5_load = load i5 %y_x_5_addr" [../src/riccati_solver_hls.cpp:1515->../src/mpc_riccati_hls.cpp:649]   --->   Operation 22 'load' 'y_x_5_load' <Predicate = (!icmp_ln1511 & scale_rho_up_read)> <Delay = 0.67> <CoreInst = "RAM_2P_LUTRAM">   --->   Core 92 'RAM_2P_LUTRAM' <Latency = 1> <II = 1> <Delay = 0.67> <Storage> <Opcode : 'load' 'store'> <Ports = 2> <Width = 32> <Depth = 21> <RAM>
ST_1 : Operation 23 [1/1] (0.42ns)   --->   "%br_ln1516 = br void %if.end705.i" [../src/riccati_solver_hls.cpp:1516->../src/mpc_riccati_hls.cpp:649]   --->   Operation 23 'br' 'br_ln1516' <Predicate = (!icmp_ln1511 & scale_rho_up_read)> <Delay = 0.42>
ST_1 : Operation 24 [1/1] (0.42ns)   --->   "%store_ln1170 = store i5 %add_ln1511, i5 %k" [../src/riccati_solver_hls.cpp:1170->../src/mpc_riccati_hls.cpp:649]   --->   Operation 24 'store' 'store_ln1170' <Predicate = (!icmp_ln1511)> <Delay = 0.42>
ST_1 : Operation 42 [1/1] (0.42ns)   --->   "%ret_ln0 = ret"   --->   Operation 42 'ret' 'ret_ln0' <Predicate = (icmp_ln1511)> <Delay = 0.42>

State 2 <SV = 1> <Delay = 1.35>
ST_2 : Operation 25 [1/1] (0.00ns)   --->   "%specpipeline_ln1512 = specpipeline void @_ssdm_op_SpecPipeline, i32 1, i32 0, i32 0, i32 0, i32 4294967295, void @empty_485" [../src/riccati_solver_hls.cpp:1512->../src/mpc_riccati_hls.cpp:649]   --->   Operation 25 'specpipeline' 'specpipeline_ln1512' <Predicate = (!icmp_ln1511)> <Delay = 0.00>
ST_2 : Operation 26 [1/1] (0.00ns)   --->   "%speclooptripcount_ln1170 = speclooptripcount void @_ssdm_op_SpecLoopTripCount, i64 21, i64 21, i64 21" [../src/riccati_solver_hls.cpp:1170->../src/mpc_riccati_hls.cpp:649]   --->   Operation 26 'speclooptripcount' 'speclooptripcount_ln1170' <Predicate = (!icmp_ln1511)> <Delay = 0.00>
ST_2 : Operation 27 [1/1] (0.00ns)   --->   "%specloopname_ln1511 = specloopname void @_ssdm_op_SpecLoopName, void @empty_489" [../src/riccati_solver_hls.cpp:1511->../src/mpc_riccati_hls.cpp:649]   --->   Operation 27 'specloopname' 'specloopname_ln1511' <Predicate = (!icmp_ln1511)> <Delay = 0.00>
ST_2 : Operation 28 [1/2] ( I:0.67ns O:0.67ns )   --->   "%y_x_load = load i5 %y_x_addr" [../src/riccati_solver_hls.cpp:1514->../src/mpc_riccati_hls.cpp:649]   --->   Operation 28 'load' 'y_x_load' <Predicate = (!icmp_ln1511)> <Delay = 0.67> <CoreInst = "RAM_2P_LUTRAM">   --->   Core 92 'RAM_2P_LUTRAM' <Latency = 1> <II = 1> <Delay = 0.67> <Storage> <Opcode : 'load' 'store'> <Ports = 2> <Width = 32> <Depth = 21> <RAM>
ST_2 : Operation 29 [1/1] (0.00ns)   --->   "%shl_ln1517 = shl i32 %y_x_load, i32 1" [../src/riccati_solver_hls.cpp:1517->../src/mpc_riccati_hls.cpp:649]   --->   Operation 29 'shl' 'shl_ln1517' <Predicate = (!icmp_ln1511 & !scale_rho_up_read)> <Delay = 0.00>
ST_2 : Operation 30 [1/1] ( I:0.67ns O:0.67ns )   --->   "%store_ln1517 = store i32 %shl_ln1517, i5 %y_x_addr" [../src/riccati_solver_hls.cpp:1517->../src/mpc_riccati_hls.cpp:649]   --->   Operation 30 'store' 'store_ln1517' <Predicate = (!icmp_ln1511 & !scale_rho_up_read)> <Delay = 0.67> <CoreInst = "RAM_2P_LUTRAM">   --->   Core 92 'RAM_2P_LUTRAM' <Latency = 1> <II = 1> <Delay = 0.67> <Storage> <Opcode : 'load' 'store'> <Ports = 2> <Width = 32> <Depth = 21> <RAM>
ST_2 : Operation 31 [1/2] ( I:0.67ns O:0.67ns )   --->   "%y_x_5_load_1 = load i5 %y_x_5_addr" [../src/riccati_solver_hls.cpp:1518->../src/mpc_riccati_hls.cpp:649]   --->   Operation 31 'load' 'y_x_5_load_1' <Predicate = (!icmp_ln1511 & !scale_rho_up_read)> <Delay = 0.67> <CoreInst = "RAM_2P_LUTRAM">   --->   Core 92 'RAM_2P_LUTRAM' <Latency = 1> <II = 1> <Delay = 0.67> <Storage> <Opcode : 'load' 'store'> <Ports = 2> <Width = 32> <Depth = 21> <RAM>
ST_2 : Operation 32 [1/1] (0.00ns)   --->   "%shl_ln1518 = shl i32 %y_x_5_load_1, i32 1" [../src/riccati_solver_hls.cpp:1518->../src/mpc_riccati_hls.cpp:649]   --->   Operation 32 'shl' 'shl_ln1518' <Predicate = (!icmp_ln1511 & !scale_rho_up_read)> <Delay = 0.00>
ST_2 : Operation 33 [1/1] (0.00ns)   --->   "%trunc_ln = partselect i31 @_ssdm_op_PartSelect.i31.i32.i32.i32, i32 %y_x_load, i32 1, i32 31" [../src/riccati_solver_hls.cpp:1514->../src/mpc_riccati_hls.cpp:649]   --->   Operation 33 'partselect' 'trunc_ln' <Predicate = (!icmp_ln1511 & scale_rho_up_read)> <Delay = 0.00>
ST_2 : Operation 34 [1/1] (0.00ns)   --->   "%sext_ln1514 = sext i31 %trunc_ln" [../src/riccati_solver_hls.cpp:1514->../src/mpc_riccati_hls.cpp:649]   --->   Operation 34 'sext' 'sext_ln1514' <Predicate = (!icmp_ln1511 & scale_rho_up_read)> <Delay = 0.00>
ST_2 : Operation 35 [1/1] ( I:0.67ns O:0.67ns )   --->   "%store_ln1514 = store i32 %sext_ln1514, i5 %y_x_addr" [../src/riccati_solver_hls.cpp:1514->../src/mpc_riccati_hls.cpp:649]   --->   Operation 35 'store' 'store_ln1514' <Predicate = (!icmp_ln1511 & scale_rho_up_read)> <Delay = 0.67> <CoreInst = "RAM_2P_LUTRAM">   --->   Core 92 'RAM_2P_LUTRAM' <Latency = 1> <II = 1> <Delay = 0.67> <Storage> <Opcode : 'load' 'store'> <Ports = 2> <Width = 32> <Depth = 21> <RAM>
ST_2 : Operation 36 [1/2] ( I:0.67ns O:0.67ns )   --->   "%y_x_5_load = load i5 %y_x_5_addr" [../src/riccati_solver_hls.cpp:1515->../src/mpc_riccati_hls.cpp:649]   --->   Operation 36 'load' 'y_x_5_load' <Predicate = (!icmp_ln1511 & scale_rho_up_read)> <Delay = 0.67> <CoreInst = "RAM_2P_LUTRAM">   --->   Core 92 'RAM_2P_LUTRAM' <Latency = 1> <II = 1> <Delay = 0.67> <Storage> <Opcode : 'load' 'store'> <Ports = 2> <Width = 32> <Depth = 21> <RAM>
ST_2 : Operation 37 [1/1] (0.00ns)   --->   "%trunc_ln2 = partselect i31 @_ssdm_op_PartSelect.i31.i32.i32.i32, i32 %y_x_5_load, i32 1, i32 31" [../src/riccati_solver_hls.cpp:1515->../src/mpc_riccati_hls.cpp:649]   --->   Operation 37 'partselect' 'trunc_ln2' <Predicate = (!icmp_ln1511 & scale_rho_up_read)> <Delay = 0.00>
ST_2 : Operation 38 [1/1] (0.00ns)   --->   "%sext_ln1515 = sext i31 %trunc_ln2" [../src/riccati_solver_hls.cpp:1515->../src/mpc_riccati_hls.cpp:649]   --->   Operation 38 'sext' 'sext_ln1515' <Predicate = (!icmp_ln1511 & scale_rho_up_read)> <Delay = 0.00>
ST_2 : Operation 39 [1/1] (0.00ns)   --->   "%storemerge376 = phi i32 %shl_ln1518, void %if.else696.i, i32 %sext_ln1515, void %if.then687.i" [../src/riccati_solver_hls.cpp:1518->../src/mpc_riccati_hls.cpp:649]   --->   Operation 39 'phi' 'storemerge376' <Predicate = true> <Delay = 0.00>
ST_2 : Operation 40 [1/1] ( I:0.67ns O:0.67ns )   --->   "%store_ln1518 = store i32 %storemerge376, i5 %y_x_5_addr" [../src/riccati_solver_hls.cpp:1518->../src/mpc_riccati_hls.cpp:649]   --->   Operation 40 'store' 'store_ln1518' <Predicate = true> <Delay = 0.67> <CoreInst = "RAM_2P_LUTRAM">   --->   Core 92 'RAM_2P_LUTRAM' <Latency = 1> <II = 1> <Delay = 0.67> <Storage> <Opcode : 'load' 'store'> <Ports = 2> <Width = 32> <Depth = 21> <RAM>
ST_2 : Operation 41 [1/1] (0.00ns)   --->   "%br_ln1511 = br void %for.body686.i" [../src/riccati_solver_hls.cpp:1511->../src/mpc_riccati_hls.cpp:649]   --->   Operation 41 'br' 'br_ln1511' <Predicate = true> <Delay = 0.00>


============================================================
+ Verbose Summary: Binding
============================================================
STG Binding: 
---------------- STG Properties BEGIN ----------------
- Is combinational: 0
- Is one-state seq: 0
- Is datapath-only: 0
- Is pipelined: 0
- Is top level: 0
Port [ Return ] is wired: 1; IO mode=ap_ctrl_hs:ce=0
Port [ y_x_5]:  wired=1; compound=1; hidden=0; nouse=0; global=0; static=0; extern=0; dir=2; type=1; pingpong=0; private_global=0; MemPort=[10]; IO mode=ap_memory:ce=0
Port [ y_x]:  wired=1; compound=1; hidden=0; nouse=0; global=0; static=0; extern=0; dir=2; type=1; pingpong=0; private_global=0; MemPort=[10]; IO mode=ap_memory:ce=0
Port [ scale_rho_up]:  wired=1; compound=0; hidden=0; nouse=0; global=0; static=0; extern=0; dir=0; type=0; pingpong=0; private_global=0; IO mode=ap_none:ce=0
---------------- STG Properties END ------------------

---------------- Datapath Model BEGIN ----------------

<LifeTime>
<method=bitvector/>
k                        (alloca           ) [ 010]
specmemcore_ln0          (specmemcore      ) [ 000]
specmemcore_ln0          (specmemcore      ) [ 000]
scale_rho_up_read        (read             ) [ 011]
store_ln1170             (store            ) [ 000]
br_ln0                   (br               ) [ 000]
k_8                      (load             ) [ 000]
icmp_ln1511              (icmp             ) [ 011]
add_ln1511               (add              ) [ 000]
br_ln1511                (br               ) [ 000]
zext_ln1511              (zext             ) [ 000]
y_x_addr                 (getelementptr    ) [ 011]
y_x_5_addr               (getelementptr    ) [ 011]
br_ln1513                (br               ) [ 000]
br_ln0                   (br               ) [ 011]
br_ln1516                (br               ) [ 011]
store_ln1170             (store            ) [ 000]
specpipeline_ln1512      (specpipeline     ) [ 000]
speclooptripcount_ln1170 (speclooptripcount) [ 000]
specloopname_ln1511      (specloopname     ) [ 000]
y_x_load                 (load             ) [ 000]
shl_ln1517               (shl              ) [ 000]
store_ln1517             (store            ) [ 000]
y_x_5_load_1             (load             ) [ 000]
shl_ln1518               (shl              ) [ 000]
trunc_ln                 (partselect       ) [ 000]
sext_ln1514              (sext             ) [ 000]
store_ln1514             (store            ) [ 000]
y_x_5_load               (load             ) [ 000]
trunc_ln2                (partselect       ) [ 000]
sext_ln1515              (sext             ) [ 000]
storemerge376            (phi              ) [ 011]
store_ln1518             (store            ) [ 000]
br_ln1511                (br               ) [ 000]
ret_ln0                  (ret              ) [ 000]
</LifeTime>

<model>

<comp_list>
<comp id="0" class="1000" name="y_x_5">
<pin_list>
<pin id="1" dir="1" index="0" bw="1" slack="0"/>
</pin_list>
<bind>
<StgValue><ssdm name="y_x_5"/><MemPortTyVec>1 0 </MemPortTyVec>
</StgValue>
</bind>
</comp>

<comp id="2" class="1000" name="y_x">
<pin_list>
<pin id="3" dir="1" index="0" bw="1" slack="0"/>
</pin_list>
<bind>
<StgValue><ssdm name="y_x"/><MemPortTyVec>1 0 </MemPortTyVec>
</StgValue>
</bind>
</comp>

<comp id="4" class="1000" name="scale_rho_up">
<pin_list>
<pin id="5" dir="1" index="0" bw="1" slack="0"/>
</pin_list>
<bind>
<StgValue><ssdm name="scale_rho_up"/></StgValue>
</bind>
</comp>

<comp id="6" class="1001" name="const_6">
<pin_list>
<pin id="7" dir="1" index="0" bw="1" slack="0"/>
</pin_list>
<bind>
<StgValue><ssdm name=""/></StgValue>
</bind>
</comp>

<comp id="8" class="1001" name="const_8">
<pin_list>
<pin id="9" dir="1" index="0" bw="1" slack="2147483647"/>
</pin_list>
<bind>
<StgValue><ssdm name="_ssdm_op_SpecMemCore"/></StgValue>
</bind>
</comp>

<comp id="10" class="1001" name="const_10">
<pin_list>
<pin id="11" dir="1" index="0" bw="1" slack="2147483647"/>
</pin_list>
<bind>
<StgValue><ssdm name=""/></StgValue>
</bind>
</comp>

<comp id="12" class="1001" name="const_12">
<pin_list>
<pin id="13" dir="1" index="0" bw="1" slack="2147483647"/>
</pin_list>
<bind>
<StgValue><ssdm name=""/></StgValue>
</bind>
</comp>

<comp id="14" class="1001" name="const_14">
<pin_list>
<pin id="15" dir="1" index="0" bw="1" slack="2147483647"/>
</pin_list>
<bind>
<StgValue><ssdm name=""/></StgValue>
</bind>
</comp>

<comp id="16" class="1001" name="const_16">
<pin_list>
<pin id="17" dir="1" index="0" bw="1" slack="2147483647"/>
</pin_list>
<bind>
<StgValue><ssdm name=""/></StgValue>
</bind>
</comp>

<comp id="18" class="1001" name="const_18">
<pin_list>
<pin id="19" dir="1" index="0" bw="1" slack="0"/>
</pin_list>
<bind>
<StgValue><ssdm name="_ssdm_op_Read.ap_auto.i1"/></StgValue>
</bind>
</comp>

<comp id="20" class="1001" name="const_20">
<pin_list>
<pin id="21" dir="1" index="0" bw="1" slack="0"/>
</pin_list>
<bind>
<StgValue><ssdm name=""/></StgValue>
</bind>
</comp>

<comp id="22" class="1001" name="const_22">
<pin_list>
<pin id="23" dir="1" index="0" bw="1" slack="0"/>
</pin_list>
<bind>
<StgValue><ssdm name=""/></StgValue>
</bind>
</comp>

<comp id="24" class="1001" name="const_24">
<pin_list>
<pin id="25" dir="1" index="0" bw="1" slack="0"/>
</pin_list>
<bind>
<StgValue><ssdm name=""/></StgValue>
</bind>
</comp>

<comp id="26" class="1001" name="const_26">
<pin_list>
<pin id="27" dir="1" index="0" bw="1" slack="0"/>
</pin_list>
<bind>
<StgValue><ssdm name=""/></StgValue>
</bind>
</comp>

<comp id="28" class="1001" name="const_28">
<pin_list>
<pin id="29" dir="1" index="0" bw="1" slack="2147483647"/>
</pin_list>
<bind>
<StgValue><ssdm name="_ssdm_op_SpecPipeline"/></StgValue>
</bind>
</comp>

<comp id="30" class="1001" name="const_30">
<pin_list>
<pin id="31" dir="1" index="0" bw="1" slack="2147483647"/>
</pin_list>
<bind>
<StgValue><ssdm name=""/></StgValue>
</bind>
</comp>

<comp id="32" class="1001" name="const_32">
<pin_list>
<pin id="33" dir="1" index="0" bw="1" slack="2147483647"/>
</pin_list>
<bind>
<StgValue><ssdm name=""/></StgValue>
</bind>
</comp>

<comp id="34" class="1001" name="const_34">
<pin_list>
<pin id="35" dir="1" index="0" bw="1" slack="2147483647"/>
</pin_list>
<bind>
<StgValue><ssdm name="empty_485"/></StgValue>
</bind>
</comp>

<comp id="36" class="1001" name="const_36">
<pin_list>
<pin id="37" dir="1" index="0" bw="1" slack="2147483647"/>
</pin_list>
<bind>
<StgValue><ssdm name="_ssdm_op_SpecLoopTripCount"/></StgValue>
</bind>
</comp>

<comp id="38" class="1001" name="const_38">
<pin_list>
<pin id="39" dir="1" index="0" bw="1" slack="2147483647"/>
</pin_list>
<bind>
<StgValue><ssdm name=""/></StgValue>
</bind>
</comp>

<comp id="40" class="1001" name="const_40">
<pin_list>
<pin id="41" dir="1" index="0" bw="1" slack="2147483647"/>
</pin_list>
<bind>
<StgValue><ssdm name="_ssdm_op_SpecLoopName"/></StgValue>
</bind>
</comp>

<comp id="42" class="1001" name="const_42">
<pin_list>
<pin id="43" dir="1" index="0" bw="1" slack="2147483647"/>
</pin_list>
<bind>
<StgValue><ssdm name="empty_489"/></StgValue>
</bind>
</comp>

<comp id="44" class="1001" name="const_44">
<pin_list>
<pin id="45" dir="1" index="0" bw="1" slack="0"/>
</pin_list>
<bind>
<StgValue><ssdm name="_ssdm_op_PartSelect.i31.i32.i32.i32"/></StgValue>
</bind>
</comp>

<comp id="46" class="1001" name="const_46">
<pin_list>
<pin id="47" dir="1" index="0" bw="1" slack="0"/>
</pin_list>
<bind>
<StgValue><ssdm name=""/></StgValue>
</bind>
</comp>

<comp id="48" class="1004" name="k_fu_48">
<pin_list>
<pin id="49" dir="0" index="0" bw="1" slack="0"/>
<pin id="50" dir="1" index="1" bw="5" slack="0"/>
</pin_list>
<bind>
<opcode="alloca(26) " fcode="alloca"/>
<opset="k/1 "/>
</bind>
</comp>

<comp id="52" class="1004" name="scale_rho_up_read_read_fu_52">
<pin_list>
<pin id="53" dir="0" index="0" bw="1" slack="0"/>
<pin id="54" dir="0" index="1" bw="1" slack="0"/>
<pin id="55" dir="1" index="2" bw="1" slack="1"/>
</pin_list>
<bind>
<opcode="read(1150) " fcode="read"/>
<opset="scale_rho_up_read/1 "/>
</bind>
</comp>

<comp id="58" class="1004" name="y_x_addr_gep_fu_58">
<pin_list>
<pin id="59" dir="0" index="0" bw="32" slack="0"/>
<pin id="60" dir="0" index="1" bw="1" slack="0"/>
<pin id="61" dir="0" index="2" bw="5" slack="0"/>
<pin id="62" dir="1" index="3" bw="5" slack="0"/>
</pin_list>
<bind>
<opcode="getelementptr(29) " fcode="getelementptr"/>
<opset="y_x_addr/1 "/>
</bind>
</comp>

<comp id="65" class="1004" name="y_x_5_addr_gep_fu_65">
<pin_list>
<pin id="66" dir="0" index="0" bw="32" slack="0"/>
<pin id="67" dir="0" index="1" bw="1" slack="0"/>
<pin id="68" dir="0" index="2" bw="5" slack="0"/>
<pin id="69" dir="1" index="3" bw="5" slack="0"/>
</pin_list>
<bind>
<opcode="getelementptr(29) " fcode="getelementptr"/>
<opset="y_x_5_addr/1 "/>
</bind>
</comp>

<comp id="72" class="1004" name="grp_access_fu_72">
<pin_list>
<pin id="73" dir="0" index="0" bw="5" slack="0"/>
<pin id="74" dir="0" index="1" bw="32" slack="2147483647"/>
<pin id="75" dir="0" index="2" bw="0" slack="1"/>
<pin id="84" dir="0" index="4" bw="5" slack="0"/>
<pin id="85" dir="0" index="5" bw="32" slack="2147483647"/>
<pin id="86" dir="0" index="6" bw="0" slack="2147483647"/>
<pin id="76" dir="1" index="3" bw="32" slack="0"/>
<pin id="87" dir="1" index="7" bw="32" slack="2147483647"/>
</pin_list>
<bind>
<opcode="load(27) store(28) " fcode="store"/>
<opset="y_x_load/1 store_ln1517/2 store_ln1514/2 "/>
</bind>
</comp>

<comp id="78" class="1004" name="grp_access_fu_78">
<pin_list>
<pin id="79" dir="0" index="0" bw="5" slack="0"/>
<pin id="80" dir="0" index="1" bw="32" slack="2147483647"/>
<pin id="81" dir="0" index="2" bw="0" slack="1"/>
<pin id="88" dir="0" index="4" bw="5" slack="0"/>
<pin id="89" dir="0" index="5" bw="32" slack="2147483647"/>
<pin id="90" dir="0" index="6" bw="0" slack="2147483647"/>
<pin id="82" dir="1" index="3" bw="32" slack="0"/>
<pin id="91" dir="1" index="7" bw="32" slack="2147483647"/>
</pin_list>
<bind>
<opcode="load(27) store(28) " fcode="store"/>
<opset="y_x_5_load_1/1 y_x_5_load/1 store_ln1518/2 "/>
</bind>
</comp>

<comp id="92" class="1005" name="storemerge376_reg_92">
<pin_list>
<pin id="93" dir="0" index="0" bw="32" slack="2147483647"/>
<pin id="94" dir="1" index="1" bw="32" slack="2147483647"/>
</pin_list>
<bind>
<opset="storemerge376 (phireg) "/>
</bind>
</comp>

<comp id="95" class="1004" name="storemerge376_phi_fu_95">
<pin_list>
<pin id="96" dir="0" index="0" bw="32" slack="0"/>
<pin id="97" dir="0" index="1" bw="0" slack="2147483647"/>
<pin id="98" dir="0" index="2" bw="31" slack="0"/>
<pin id="99" dir="0" index="3" bw="0" slack="2147483647"/>
<pin id="100" dir="1" index="4" bw="32" slack="0"/>
</pin_list>
<bind>
<opcode="phi(47) " fcode="phi"/>
<opset="storemerge376/2 "/>
</bind>
</comp>

<comp id="102" class="1004" name="store_ln1170_store_fu_102">
<pin_list>
<pin id="103" dir="0" index="0" bw="1" slack="0"/>
<pin id="104" dir="0" index="1" bw="5" slack="0"/>
<pin id="105" dir="1" index="2" bw="0" slack="2147483647"/>
</pin_list>
<bind>
<opcode="store(28) " fcode="store"/>
<opset="store_ln1170/1 "/>
</bind>
</comp>

<comp id="107" class="1004" name="k_8_load_fu_107">
<pin_list>
<pin id="108" dir="0" index="0" bw="5" slack="0"/>
<pin id="109" dir="1" index="1" bw="5" slack="0"/>
</pin_list>
<bind>
<opcode="load(27) " fcode="load"/>
<opset="k_8/1 "/>
</bind>
</comp>

<comp id="110" class="1004" name="icmp_ln1511_fu_110">
<pin_list>
<pin id="111" dir="0" index="0" bw="5" slack="0"/>
<pin id="112" dir="0" index="1" bw="5" slack="0"/>
<pin id="113" dir="1" index="2" bw="1" slack="1"/>
</pin_list>
<bind>
<opcode="icmp(45) " fcode="icmp"/>
<opset="icmp_ln1511/1 "/>
</bind>
</comp>

<comp id="116" class="1004" name="add_ln1511_fu_116">
<pin_list>
<pin id="117" dir="0" index="0" bw="5" slack="0"/>
<pin id="118" dir="0" index="1" bw="1" slack="0"/>
<pin id="119" dir="1" index="2" bw="5" slack="0"/>
</pin_list>
<bind>
<opcode="add(8) " fcode="add"/>
<opset="add_ln1511/1 "/>
</bind>
</comp>

<comp id="122" class="1004" name="zext_ln1511_fu_122">
<pin_list>
<pin id="123" dir="0" index="0" bw="5" slack="0"/>
<pin id="124" dir="1" index="1" bw="64" slack="0"/>
</pin_list>
<bind>
<opcode="zext(34) " fcode="zext"/>
<opset="zext_ln1511/1 "/>
</bind>
</comp>

<comp id="128" class="1004" name="store_ln1170_store_fu_128">
<pin_list>
<pin id="129" dir="0" index="0" bw="5" slack="0"/>
<pin id="130" dir="0" index="1" bw="5" slack="0"/>
<pin id="131" dir="1" index="2" bw="0" slack="2147483647"/>
</pin_list>
<bind>
<opcode="store(28) " fcode="store"/>
<opset="store_ln1170/1 "/>
</bind>
</comp>

<comp id="133" class="1004" name="shl_ln1517_fu_133">
<pin_list>
<pin id="134" dir="0" index="0" bw="32" slack="0"/>
<pin id="135" dir="0" index="1" bw="1" slack="0"/>
<pin id="136" dir="1" index="2" bw="32" slack="0"/>
</pin_list>
<bind>
<opcode="shl(20) " fcode="shl"/>
<opset="shl_ln1517/2 "/>
</bind>
</comp>

<comp id="140" class="1004" name="shl_ln1518_fu_140">
<pin_list>
<pin id="141" dir="0" index="0" bw="32" slack="0"/>
<pin id="142" dir="0" index="1" bw="1" slack="0"/>
<pin id="143" dir="1" index="2" bw="32" slack="0"/>
</pin_list>
<bind>
<opcode="shl(20) " fcode="shl"/>
<opset="shl_ln1518/2 "/>
</bind>
</comp>

<comp id="147" class="1004" name="trunc_ln_fu_147">
<pin_list>
<pin id="148" dir="0" index="0" bw="31" slack="0"/>
<pin id="149" dir="0" index="1" bw="32" slack="0"/>
<pin id="150" dir="0" index="2" bw="1" slack="0"/>
<pin id="151" dir="0" index="3" bw="6" slack="0"/>
<pin id="152" dir="1" index="4" bw="31" slack="0"/>
</pin_list>
<bind>
<opcode="partselect(1002) " fcode="partselect"/>
<opset="trunc_ln/2 "/>
</bind>
</comp>

<comp id="157" class="1004" name="sext_ln1514_fu_157">
<pin_list>
<pin id="158" dir="0" index="0" bw="31" slack="0"/>
<pin id="159" dir="1" index="1" bw="32" slack="0"/>
</pin_list>
<bind>
<opcode="sext(35) " fcode="sext"/>
<opset="sext_ln1514/2 "/>
</bind>
</comp>

<comp id="162" class="1004" name="trunc_ln2_fu_162">
<pin_list>
<pin id="163" dir="0" index="0" bw="31" slack="0"/>
<pin id="164" dir="0" index="1" bw="32" slack="0"/>
<pin id="165" dir="0" index="2" bw="1" slack="0"/>
<pin id="166" dir="0" index="3" bw="6" slack="0"/>
<pin id="167" dir="1" index="4" bw="31" slack="0"/>
</pin_list>
<bind>
<opcode="partselect(1002) " fcode="partselect"/>
<opset="trunc_ln2/2 "/>
</bind>
</comp>

<comp id="172" class="1004" name="sext_ln1515_fu_172">
<pin_list>
<pin id="173" dir="0" index="0" bw="31" slack="0"/>
<pin id="174" dir="1" index="1" bw="32" slack="0"/>
</pin_list>
<bind>
<opcode="sext(35) " fcode="sext"/>
<opset="sext_ln1515/2 "/>
</bind>
</comp>

<comp id="177" class="1005" name="k_reg_177">
<pin_list>
<pin id="178" dir="0" index="0" bw="5" slack="0"/>
<pin id="179" dir="1" index="1" bw="5" slack="0"/>
</pin_list>
<bind>
<opset="k "/>
</bind>
</comp>

<comp id="184" class="1005" name="scale_rho_up_read_reg_184">
<pin_list>
<pin id="185" dir="0" index="0" bw="1" slack="1"/>
<pin id="186" dir="1" index="1" bw="1" slack="2147483647"/>
</pin_list>
<bind>
<opset="scale_rho_up_read "/>
</bind>
</comp>

<comp id="188" class="1005" name="icmp_ln1511_reg_188">
<pin_list>
<pin id="189" dir="0" index="0" bw="1" slack="1"/>
<pin id="190" dir="1" index="1" bw="1" slack="2147483647"/>
</pin_list>
<bind>
<opset="icmp_ln1511 "/>
</bind>
</comp>

<comp id="192" class="1005" name="y_x_addr_reg_192">
<pin_list>
<pin id="193" dir="0" index="0" bw="5" slack="1"/>
<pin id="194" dir="1" index="1" bw="5" slack="1"/>
</pin_list>
<bind>
<opset="y_x_addr "/>
</bind>
</comp>

<comp id="198" class="1005" name="y_x_5_addr_reg_198">
<pin_list>
<pin id="199" dir="0" index="0" bw="5" slack="1"/>
<pin id="200" dir="1" index="1" bw="5" slack="1"/>
</pin_list>
<bind>
<opset="y_x_5_addr "/>
</bind>
</comp>

</comp_list>

<net_list>
<net id="51"><net_src comp="6" pin="0"/><net_sink comp="48" pin=0"/></net>

<net id="56"><net_src comp="18" pin="0"/><net_sink comp="52" pin=0"/></net>

<net id="57"><net_src comp="4" pin="0"/><net_sink comp="52" pin=1"/></net>

<net id="63"><net_src comp="2" pin="0"/><net_sink comp="58" pin=0"/></net>

<net id="64"><net_src comp="26" pin="0"/><net_sink comp="58" pin=1"/></net>

<net id="70"><net_src comp="0" pin="0"/><net_sink comp="65" pin=0"/></net>

<net id="71"><net_src comp="26" pin="0"/><net_sink comp="65" pin=1"/></net>

<net id="77"><net_src comp="58" pin="3"/><net_sink comp="72" pin=0"/></net>

<net id="83"><net_src comp="65" pin="3"/><net_sink comp="78" pin=0"/></net>

<net id="101"><net_src comp="95" pin="4"/><net_sink comp="78" pin=4"/></net>

<net id="106"><net_src comp="20" pin="0"/><net_sink comp="102" pin=0"/></net>

<net id="114"><net_src comp="107" pin="1"/><net_sink comp="110" pin=0"/></net>

<net id="115"><net_src comp="22" pin="0"/><net_sink comp="110" pin=1"/></net>

<net id="120"><net_src comp="107" pin="1"/><net_sink comp="116" pin=0"/></net>

<net id="121"><net_src comp="24" pin="0"/><net_sink comp="116" pin=1"/></net>

<net id="125"><net_src comp="107" pin="1"/><net_sink comp="122" pin=0"/></net>

<net id="126"><net_src comp="122" pin="1"/><net_sink comp="58" pin=2"/></net>

<net id="127"><net_src comp="122" pin="1"/><net_sink comp="65" pin=2"/></net>

<net id="132"><net_src comp="116" pin="2"/><net_sink comp="128" pin=0"/></net>

<net id="137"><net_src comp="72" pin="3"/><net_sink comp="133" pin=0"/></net>

<net id="138"><net_src comp="6" pin="0"/><net_sink comp="133" pin=1"/></net>

<net id="139"><net_src comp="133" pin="2"/><net_sink comp="72" pin=4"/></net>

<net id="144"><net_src comp="78" pin="3"/><net_sink comp="140" pin=0"/></net>

<net id="145"><net_src comp="6" pin="0"/><net_sink comp="140" pin=1"/></net>

<net id="146"><net_src comp="140" pin="2"/><net_sink comp="95" pin=0"/></net>

<net id="153"><net_src comp="44" pin="0"/><net_sink comp="147" pin=0"/></net>

<net id="154"><net_src comp="72" pin="3"/><net_sink comp="147" pin=1"/></net>

<net id="155"><net_src comp="6" pin="0"/><net_sink comp="147" pin=2"/></net>

<net id="156"><net_src comp="46" pin="0"/><net_sink comp="147" pin=3"/></net>

<net id="160"><net_src comp="147" pin="4"/><net_sink comp="157" pin=0"/></net>

<net id="161"><net_src comp="157" pin="1"/><net_sink comp="72" pin=4"/></net>

<net id="168"><net_src comp="44" pin="0"/><net_sink comp="162" pin=0"/></net>

<net id="169"><net_src comp="78" pin="3"/><net_sink comp="162" pin=1"/></net>

<net id="170"><net_src comp="6" pin="0"/><net_sink comp="162" pin=2"/></net>

<net id="171"><net_src comp="46" pin="0"/><net_sink comp="162" pin=3"/></net>

<net id="175"><net_src comp="162" pin="4"/><net_sink comp="172" pin=0"/></net>

<net id="176"><net_src comp="172" pin="1"/><net_sink comp="95" pin=2"/></net>

<net id="180"><net_src comp="48" pin="1"/><net_sink comp="177" pin=0"/></net>

<net id="181"><net_src comp="177" pin="1"/><net_sink comp="102" pin=1"/></net>

<net id="182"><net_src comp="177" pin="1"/><net_sink comp="107" pin=0"/></net>

<net id="183"><net_src comp="177" pin="1"/><net_sink comp="128" pin=1"/></net>

<net id="187"><net_src comp="52" pin="2"/><net_sink comp="184" pin=0"/></net>

<net id="191"><net_src comp="110" pin="2"/><net_sink comp="188" pin=0"/></net>

<net id="195"><net_src comp="58" pin="3"/><net_sink comp="192" pin=0"/></net>

<net id="196"><net_src comp="192" pin="1"/><net_sink comp="72" pin=0"/></net>

<net id="197"><net_src comp="192" pin="1"/><net_sink comp="72" pin=2"/></net>

<net id="201"><net_src comp="65" pin="3"/><net_sink comp="198" pin=0"/></net>

<net id="202"><net_src comp="198" pin="1"/><net_sink comp="78" pin=0"/></net>

<net id="203"><net_src comp="198" pin="1"/><net_sink comp="78" pin=2"/></net>

</net_list>

</model> 
---------------- Datapath Model END ------------------

* FSMD analyzer results:
  - Output states:
	Port: y_x_5 | {2 }
	Port: y_x | {2 }
 - Input state : 
	Port: mpc_compute_hls_Pipeline_VITIS_LOOP_1511_21 : y_x_5 | {1 2 }
	Port: mpc_compute_hls_Pipeline_VITIS_LOOP_1511_21 : y_x | {1 2 }
	Port: mpc_compute_hls_Pipeline_VITIS_LOOP_1511_21 : scale_rho_up | {1 }
  - Chain level:
	State 1
		store_ln1170 : 1
		k_8 : 1
		icmp_ln1511 : 2
		add_ln1511 : 2
		br_ln1511 : 3
		zext_ln1511 : 2
		y_x_addr : 3
		y_x_5_addr : 3
		y_x_load : 4
		y_x_5_load_1 : 4
		y_x_5_load : 4
		store_ln1170 : 3
	State 2
		shl_ln1517 : 1
		store_ln1517 : 1
		shl_ln1518 : 1
		trunc_ln : 1
		sext_ln1514 : 2
		store_ln1514 : 3
		trunc_ln2 : 1
		sext_ln1515 : 2
		storemerge376 : 3
		store_ln1518 : 4


============================================================
+ Verbose Summary: Datapath Resource usage 
============================================================

* Functional unit list:
|----------|------------------------------|---------|---------|
| Operation|        Functional Unit       |    FF   |   LUT   |
|----------|------------------------------|---------|---------|
|   icmp   |      icmp_ln1511_fu_110      |    0    |    12   |
|----------|------------------------------|---------|---------|
|    add   |       add_ln1511_fu_116      |    0    |    12   |
|----------|------------------------------|---------|---------|
|   read   | scale_rho_up_read_read_fu_52 |    0    |    0    |
|----------|------------------------------|---------|---------|
|   zext   |      zext_ln1511_fu_122      |    0    |    0    |
|----------|------------------------------|---------|---------|
|    shl   |       shl_ln1517_fu_133      |    0    |    0    |
|          |       shl_ln1518_fu_140      |    0    |    0    |
|----------|------------------------------|---------|---------|
|partselect|        trunc_ln_fu_147       |    0    |    0    |
|          |       trunc_ln2_fu_162       |    0    |    0    |
|----------|------------------------------|---------|---------|
|   sext   |      sext_ln1514_fu_157      |    0    |    0    |
|          |      sext_ln1515_fu_172      |    0    |    0    |
|----------|------------------------------|---------|---------|
|   Total  |                              |    0    |    24   |
|----------|------------------------------|---------|---------|

Memories:
N/A

* Register list:
+-------------------------+--------+
|                         |   FF   |
+-------------------------+--------+
|   icmp_ln1511_reg_188   |    1   |
|        k_reg_177        |    5   |
|scale_rho_up_read_reg_184|    1   |
|   storemerge376_reg_92  |   32   |
|    y_x_5_addr_reg_198   |    5   |
|     y_x_addr_reg_192    |    5   |
+-------------------------+--------+
|          Total          |   49   |
+-------------------------+--------+

* Multiplexer (MUX) list: 
|------------------|------|------|------|--------||---------||---------||---------|
|       Comp       |  Pin | Size |  BW  | S x BW ||  Delay  ||    FF   ||   LUT   |
|------------------|------|------|------|--------||---------||---------||---------|
| grp_access_fu_72 |  p0  |   2  |   5  |   10   ||    0    ||    9    |
| grp_access_fu_72 |  p4  |   2  |   5  |   10   ||    0    ||    9    |
| grp_access_fu_78 |  p0  |   2  |   5  |   10   ||    0    ||    9    |
|------------------|------|------|------|--------||---------||---------||---------|
|       Total      |      |      |      |   30   ||  1.281  ||    0    ||    27   |
|------------------|------|------|------|--------||---------||---------||---------|



* Summary:
+-----------+--------+--------+--------+
|           |  Delay |   FF   |   LUT  |
+-----------+--------+--------+--------+
|  Function |    -   |    0   |   24   |
|   Memory  |    -   |    -   |    -   |
|Multiplexer|    1   |    0   |   27   |
|  Register |    -   |   49   |    -   |
+-----------+--------+--------+--------+
|   Total   |    1   |   49   |   51   |
+-----------+--------+--------+--------+
