

================================================================
== Vitis HLS Report for 'p_anonymous_namespace_mpc_fpga_compute_core'
================================================================
* Date:           Thu Jun 11 17:48:33 2026

* Version:        2025.2 (Build 6295257 on Nov 14 2025)
* Project:        mpc_fpga_top_opencl
* Solution:       hls (Vitis Kernel Flow Target)
* Product family: zynquplus
* Target device:  xck26-sfvc784-2LV-c


================================================================
== Performance Estimates
================================================================
+ Timing: 
    * Summary: 
    +--------+---------+----------+------------+
    |  Clock |  Target | Estimated| Uncertainty|
    +--------+---------+----------+------------+
    |ap_clk  |  5.00 ns|  4.491 ns|     0.50 ns|
    +--------+---------+----------+------------+

+ Latency: 
    * Summary: 
    +---------+---------+----------+----------+-----+--------+---------+
    |  Latency (cycles) |  Latency (absolute) |   Interval   | Pipeline|
    |   min   |   max   |    min   |    max   | min |   max  |   Type  |
    +---------+---------+----------+----------+-----+--------+---------+
    |        1|   101419|  5.000 ns|  0.507 ms|    1|  101419|       no|
    +---------+---------+----------+----------+-----+--------+---------+

    + Detail: 
        * Instance: 
        N/A

        * Loop: 
        N/A

============================================================
+ Verbose Summary: Synthesis Manager
============================================================
InlineROM: 1
ExposeGlobal: 0
============================================================
+ Verbose Summary: CDFG Model
============================================================
IsTopModel: 0
ResetActiveHigh: 1
IsCombinational: 0
IsDatapathOnly: 0
HasWiredReturn: 1
HasMFsm: 0
HasVarLatency: 1
IsPipeline: 0
IsRtlPipelined: 0
IsInstanceOverlapped: 0
IsDontTouch: 0
HasImplIP: 0
IsGatedGlobalClock: 0


============================================================
+ Verbose Summary: Schedule
============================================================
* Number of FSM states : 12
* Pipeline : 0
* Dataflow Pipeline: 0

* FSM state transitions: 
1 --> 12 2 3 
2 --> 3 
3 --> 4 7 
4 --> 5 
5 --> 6 
6 --> 8 
7 --> 6 
8 --> 9 
9 --> 10 
10 --> 11 
11 --> 12 
12 --> 

* FSM state operations: 

State 1 <SV = 0> <Delay = 1.08>
ST_1 : Operation 13 [1/1] (0.00ns)   --->   "%control_flags_read = read i3 @_ssdm_op_Read.ap_auto.i3, i3 %control_flags" [../src/mpc_fpga_top.cpp:265]   --->   Operation 13 'read' 'control_flags_read' <Predicate = true> <Delay = 0.00>
ST_1 : Operation 14 [1/1] (0.00ns)   --->   "%prev_accel_read = read i26 @_ssdm_op_Read.ap_auto.i26, i26 %prev_accel" [../src/mpc_fpga_top.cpp:265]   --->   Operation 14 'read' 'prev_accel_read' <Predicate = true> <Delay = 0.00>
ST_1 : Operation 15 [1/1] (0.00ns)   --->   "%steering_read = read i26 @_ssdm_op_Read.ap_auto.i26, i26 %steering" [../src/mpc_fpga_top.cpp:265]   --->   Operation 15 'read' 'steering_read' <Predicate = true> <Delay = 0.00>
ST_1 : Operation 16 [1/1] (0.00ns)   --->   "%omega_read = read i26 @_ssdm_op_Read.ap_auto.i26, i26 %omega" [../src/mpc_fpga_top.cpp:265]   --->   Operation 16 'read' 'omega_read' <Predicate = true> <Delay = 0.00>
ST_1 : Operation 17 [1/1] (0.00ns)   --->   "%vy_read = read i26 @_ssdm_op_Read.ap_auto.i26, i26 %vy" [../src/mpc_fpga_top.cpp:265]   --->   Operation 17 'read' 'vy_read' <Predicate = true> <Delay = 0.00>
ST_1 : Operation 18 [1/1] (0.00ns)   --->   "%vx_read = read i26 @_ssdm_op_Read.ap_auto.i26, i26 %vx" [../src/mpc_fpga_top.cpp:265]   --->   Operation 18 'read' 'vx_read' <Predicate = true> <Delay = 0.00>
ST_1 : Operation 19 [1/1] (0.00ns)   --->   "%epsi_read = read i26 @_ssdm_op_Read.ap_auto.i26, i26 %epsi" [../src/mpc_fpga_top.cpp:265]   --->   Operation 19 'read' 'epsi_read' <Predicate = true> <Delay = 0.00>
ST_1 : Operation 20 [1/1] (0.00ns)   --->   "%ey_read = read i26 @_ssdm_op_Read.ap_auto.i26, i26 %ey" [../src/mpc_fpga_top.cpp:265]   --->   Operation 20 'read' 'ey_read' <Predicate = true> <Delay = 0.00>
ST_1 : Operation 21 [1/1] (0.00ns)   --->   "%trunc_ln265 = trunc i3 %control_flags_read" [../src/mpc_fpga_top.cpp:265]   --->   Operation 21 'trunc' 'trunc_ln265' <Predicate = true> <Delay = 0.00>
ST_1 : Operation 22 [1/1] (0.00ns)   --->   "%out_steering_arg_index_load = load i11 %out_steering_arg_index" [../src/mpc_fpga_top.cpp:272]   --->   Operation 22 'load' 'out_steering_arg_index_load' <Predicate = true> <Delay = 0.00>
ST_1 : Operation 23 [1/1] (0.79ns)   --->   "%icmp_ln272 = icmp_ne  i11 %out_steering_arg_index_load, i11 0" [../src/mpc_fpga_top.cpp:272]   --->   Operation 23 'icmp' 'icmp_ln272' <Predicate = true> <Delay = 0.79> <CoreInst = "Cmp">   --->   Core 9 'Cmp' <Latency = 0> <II = 1> <Delay = 0.79> <FuncUnit> <Opcode : 'seteq' 'setne' 'setle' 'setge' 'setlt' 'setgt'> <InPorts = 2> <OutPorts = 1>
ST_1 : Operation 24 [1/1] (0.00ns)   --->   "%out_accel_arg_index_load = load i11 %out_accel_arg_index" [../src/mpc_fpga_top.cpp:272]   --->   Operation 24 'load' 'out_accel_arg_index_load' <Predicate = true> <Delay = 0.00>
ST_1 : Operation 25 [1/1] (0.79ns)   --->   "%icmp_ln272_1 = icmp_ne  i11 %out_accel_arg_index_load, i11 0" [../src/mpc_fpga_top.cpp:272]   --->   Operation 25 'icmp' 'icmp_ln272_1' <Predicate = true> <Delay = 0.79> <CoreInst = "Cmp">   --->   Core 9 'Cmp' <Latency = 0> <II = 1> <Delay = 0.79> <FuncUnit> <Opcode : 'seteq' 'setne' 'setle' 'setge' 'setlt' 'setgt'> <InPorts = 2> <OutPorts = 1>
ST_1 : Operation 26 [1/1] (0.00ns)   --->   "%out_status_arg_index_load = load i11 %out_status_arg_index" [../src/mpc_fpga_top.cpp:272]   --->   Operation 26 'load' 'out_status_arg_index_load' <Predicate = true> <Delay = 0.00>
ST_1 : Operation 27 [1/1] (0.79ns)   --->   "%icmp_ln272_2 = icmp_ne  i11 %out_status_arg_index_load, i11 0" [../src/mpc_fpga_top.cpp:272]   --->   Operation 27 'icmp' 'icmp_ln272_2' <Predicate = true> <Delay = 0.79> <CoreInst = "Cmp">   --->   Core 9 'Cmp' <Latency = 0> <II = 1> <Delay = 0.79> <FuncUnit> <Opcode : 'seteq' 'setne' 'setle' 'setge' 'setlt' 'setgt'> <InPorts = 2> <OutPorts = 1>
ST_1 : Operation 28 [1/1] (0.00ns)   --->   "%out_iters_arg_index_load = load i11 %out_iters_arg_index" [../src/mpc_fpga_top.cpp:272]   --->   Operation 28 'load' 'out_iters_arg_index_load' <Predicate = true> <Delay = 0.00>
ST_1 : Operation 29 [1/1] (0.79ns)   --->   "%icmp_ln272_3 = icmp_ne  i11 %out_iters_arg_index_load, i11 0" [../src/mpc_fpga_top.cpp:272]   --->   Operation 29 'icmp' 'icmp_ln272_3' <Predicate = true> <Delay = 0.79> <CoreInst = "Cmp">   --->   Core 9 'Cmp' <Latency = 0> <II = 1> <Delay = 0.79> <FuncUnit> <Opcode : 'seteq' 'setne' 'setle' 'setge' 'setlt' 'setgt'> <InPorts = 2> <OutPorts = 1>
ST_1 : Operation 30 [1/1] (0.00ns) (grouped into LUT with out node and_ln272_2)   --->   "%and_ln272 = and i1 %icmp_ln272_3, i1 %icmp_ln272_2" [../src/mpc_fpga_top.cpp:272]   --->   Operation 30 'and' 'and_ln272' <Predicate = true> <Delay = 0.00> <CoreInst = "LogicGate">   --->   Core 74 'LogicGate' <Latency = 0> <II = 1> <Delay = 0.28> <FuncUnit> <Opcode : 'and' 'or' 'xor'> <InPorts = 2> <OutPorts = 1>
ST_1 : Operation 31 [1/1] (0.00ns) (grouped into LUT with out node and_ln272_2)   --->   "%and_ln272_1 = and i1 %icmp_ln272_1, i1 %icmp_ln272" [../src/mpc_fpga_top.cpp:272]   --->   Operation 31 'and' 'and_ln272_1' <Predicate = true> <Delay = 0.00> <CoreInst = "LogicGate">   --->   Core 74 'LogicGate' <Latency = 0> <II = 1> <Delay = 0.28> <FuncUnit> <Opcode : 'and' 'or' 'xor'> <InPorts = 2> <OutPorts = 1>
ST_1 : Operation 32 [1/1] (0.28ns) (out node of the LUT)   --->   "%and_ln272_2 = and i1 %and_ln272_1, i1 %and_ln272" [../src/mpc_fpga_top.cpp:272]   --->   Operation 32 'and' 'and_ln272_2' <Predicate = true> <Delay = 0.28> <CoreInst = "LogicGate">   --->   Core 74 'LogicGate' <Latency = 0> <II = 1> <Delay = 0.28> <FuncUnit> <Opcode : 'and' 'or' 'xor'> <InPorts = 2> <OutPorts = 1>
ST_1 : Operation 33 [1/1] (0.00ns)   --->   "%br_ln272 = br i1 %and_ln272_2, void %return, void %if.end" [../src/mpc_fpga_top.cpp:272]   --->   Operation 33 'br' 'br_ln272' <Predicate = true> <Delay = 0.00>
ST_1 : Operation 34 [1/1] (0.00ns)   --->   "%br_ln275 = br i1 %trunc_ln265, void %if.end8, void %if.then7" [../src/mpc_fpga_top.cpp:275]   --->   Operation 34 'br' 'br_ln275' <Predicate = (and_ln272_2)> <Delay = 0.00>
ST_1 : Operation 35 [2/2] (0.00ns)   --->   "%call_ln276 = call void @(anonymous namespace)reset_core_state_hls, i26 %p_anonymous_namespace_g_core_state_admm_z_x_0, i26 %p_anonymous_namespace_g_core_state_admm_z_x_1, i26 %p_anonymous_namespace_g_core_state_admm_z_x_2, i26 %p_anonymous_namespace_g_core_state_admm_z_x_3, i26 %p_anonymous_namespace_g_core_state_admm_z_x_4, i26 %p_anonymous_namespace_g_core_state_admm_z_x_5, i26 %p_anonymous_namespace_g_core_state_admm_z_x_6, i26 %p_anonymous_namespace_g_core_state_admm_z_x_7, i26 %p_anonymous_namespace_g_core_state_admm_y_x_0, i26 %p_anonymous_namespace_g_core_state_admm_y_x_1, i26 %p_anonymous_namespace_g_core_state_admm_y_x_2, i26 %p_anonymous_namespace_g_core_state_admm_y_x_3, i26 %p_anonymous_namespace_g_core_state_admm_y_x_4, i26 %p_anonymous_namespace_g_core_state_admm_y_x_5, i26 %p_anonymous_namespace_g_core_state_admm_y_x_6, i26 %p_anonymous_namespace_g_core_state_admm_y_x_7, i26 %p_anonymous_namespace_g_core_state_admm_z_u_0, i26 %p_anonymous_namespace_g_core_state_admm_z_u_1, i26 %p_anonymous_namespace_g_core_state_admm_y_u_0, i26 %p_anonymous_namespace_g_core_state_admm_y_u_1, i26 %p_anonymous_namespace_g_core_state_admm_rho, i26 %p_anonymous_namespace_g_core_state_admm_rho_u, i1 %p_anonymous_namespace_g_core_state_admm_initialized, i26 %p_anonymous_namespace_g_core_state_persist_prev_steer_rate, i26 %p_anonymous_namespace_g_core_state_persist_prev_accel, i26 %p_anonymous_namespace_g_core_state_persist_actual_steering, i26 %p_anonymous_namespace_g_core_state_persist_prev_curvature, i1 %p_anonymous_namespace_g_core_state_persist_prev_model_signature, i32 %p_anonymous_namespace_g_core_state_persist_max_iter_streak, i1 %p_anonymous_namespace_g_core_state_initialized" [../src/mpc_fpga_top.cpp:276]   --->   Operation 35 'call' 'call_ln276' <Predicate = (and_ln272_2 & trunc_ln265)> <Delay = 0.00> <CoreType = "Generic">   --->   Generic Core

State 2 <SV = 1> <Delay = 0.00>
ST_2 : Operation 36 [1/2] (0.00ns)   --->   "%call_ln276 = call void @(anonymous namespace)reset_core_state_hls, i26 %p_anonymous_namespace_g_core_state_admm_z_x_0, i26 %p_anonymous_namespace_g_core_state_admm_z_x_1, i26 %p_anonymous_namespace_g_core_state_admm_z_x_2, i26 %p_anonymous_namespace_g_core_state_admm_z_x_3, i26 %p_anonymous_namespace_g_core_state_admm_z_x_4, i26 %p_anonymous_namespace_g_core_state_admm_z_x_5, i26 %p_anonymous_namespace_g_core_state_admm_z_x_6, i26 %p_anonymous_namespace_g_core_state_admm_z_x_7, i26 %p_anonymous_namespace_g_core_state_admm_y_x_0, i26 %p_anonymous_namespace_g_core_state_admm_y_x_1, i26 %p_anonymous_namespace_g_core_state_admm_y_x_2, i26 %p_anonymous_namespace_g_core_state_admm_y_x_3, i26 %p_anonymous_namespace_g_core_state_admm_y_x_4, i26 %p_anonymous_namespace_g_core_state_admm_y_x_5, i26 %p_anonymous_namespace_g_core_state_admm_y_x_6, i26 %p_anonymous_namespace_g_core_state_admm_y_x_7, i26 %p_anonymous_namespace_g_core_state_admm_z_u_0, i26 %p_anonymous_namespace_g_core_state_admm_z_u_1, i26 %p_anonymous_namespace_g_core_state_admm_y_u_0, i26 %p_anonymous_namespace_g_core_state_admm_y_u_1, i26 %p_anonymous_namespace_g_core_state_admm_rho, i26 %p_anonymous_namespace_g_core_state_admm_rho_u, i1 %p_anonymous_namespace_g_core_state_admm_initialized, i26 %p_anonymous_namespace_g_core_state_persist_prev_steer_rate, i26 %p_anonymous_namespace_g_core_state_persist_prev_accel, i26 %p_anonymous_namespace_g_core_state_persist_actual_steering, i26 %p_anonymous_namespace_g_core_state_persist_prev_curvature, i1 %p_anonymous_namespace_g_core_state_persist_prev_model_signature, i32 %p_anonymous_namespace_g_core_state_persist_max_iter_streak, i1 %p_anonymous_namespace_g_core_state_initialized" [../src/mpc_fpga_top.cpp:276]   --->   Operation 36 'call' 'call_ln276' <Predicate = true> <Delay = 0.00> <CoreType = "Generic">   --->   Generic Core
ST_2 : Operation 37 [1/1] (0.00ns)   --->   "%br_ln277 = br void %if.end8" [../src/mpc_fpga_top.cpp:277]   --->   Operation 37 'br' 'br_ln277' <Predicate = true> <Delay = 0.00>

State 3 <SV = 2> <Delay = 0.42>
ST_3 : Operation 38 [1/1] (0.00ns)   --->   "%p_anonymous_namespace_g_core_state_initialized_load = load i1 %p_anonymous_namespace_g_core_state_initialized" [../src/mpc_fpga_top.cpp:279]   --->   Operation 38 'load' 'p_anonymous_namespace_g_core_state_initialized_load' <Predicate = true> <Delay = 0.00>
ST_3 : Operation 39 [1/1] (0.00ns)   --->   "%br_ln279 = br i1 %p_anonymous_namespace_g_core_state_initialized_load, void %if.then10, void %if.else" [../src/mpc_fpga_top.cpp:279]   --->   Operation 39 'br' 'br_ln279' <Predicate = true> <Delay = 0.00>
ST_3 : Operation 40 [1/1] (0.00ns)   --->   "%tmp = bitselect i1 @_ssdm_op_BitSelect.i1.i3.i32, i3 %control_flags_read, i32 1" [../src/mpc_fpga_top.cpp:292]   --->   Operation 40 'bitselect' 'tmp' <Predicate = (p_anonymous_namespace_g_core_state_initialized_load)> <Delay = 0.00>
ST_3 : Operation 41 [1/1] (0.00ns)   --->   "%br_ln292 = br i1 %tmp, void %if.else15, void %for.body.i.i.preheader" [../src/mpc_fpga_top.cpp:292]   --->   Operation 41 'br' 'br_ln292' <Predicate = (p_anonymous_namespace_g_core_state_initialized_load)> <Delay = 0.00>
ST_3 : Operation 42 [1/1] (0.00ns)   --->   "%tmp_109 = bitselect i1 @_ssdm_op_BitSelect.i1.i3.i32, i3 %control_flags_read, i32 2" [../src/mpc_fpga_top.cpp:294]   --->   Operation 42 'bitselect' 'tmp_109' <Predicate = (p_anonymous_namespace_g_core_state_initialized_load & !tmp)> <Delay = 0.00>
ST_3 : Operation 43 [1/1] (0.00ns)   --->   "%br_ln294 = br i1 %tmp_109, void %if.end19, void %for.body.i.i6.preheader" [../src/mpc_fpga_top.cpp:294]   --->   Operation 43 'br' 'br_ln294' <Predicate = (p_anonymous_namespace_g_core_state_initialized_load & !tmp)> <Delay = 0.00>
ST_3 : Operation 44 [2/2] (0.00ns)   --->   "%call_ln0 = call void @(anonymous namespace)mpc_fpga_compute_core_Pipeline_VITIS_LOOP_348_1, i26 %p_anonymous_namespace_g_core_state_admm_y_x_0, i26 %p_anonymous_namespace_g_core_state_admm_y_x_1, i26 %p_anonymous_namespace_g_core_state_admm_y_x_2, i26 %p_anonymous_namespace_g_core_state_admm_y_x_3, i26 %p_anonymous_namespace_g_core_state_admm_y_x_4, i26 %p_anonymous_namespace_g_core_state_admm_y_x_5, i26 %p_anonymous_namespace_g_core_state_admm_y_x_6, i26 %p_anonymous_namespace_g_core_state_admm_y_x_7"   --->   Operation 44 'call' 'call_ln0' <Predicate = (p_anonymous_namespace_g_core_state_initialized_load & !tmp & tmp_109)> <Delay = 0.00> <CoreType = "Generic">   --->   Generic Core
ST_3 : Operation 45 [2/2] (0.00ns)   --->   "%call_ln0 = call void @(anonymous namespace)mpc_fpga_compute_core_Pipeline_VITIS_LOOP_355_3, i26 %p_anonymous_namespace_g_core_state_admm_y_u_0, i26 %p_anonymous_namespace_g_core_state_admm_y_u_1"   --->   Operation 45 'call' 'call_ln0' <Predicate = (p_anonymous_namespace_g_core_state_initialized_load & !tmp & tmp_109)> <Delay = 0.00> <CoreType = "Generic">   --->   Generic Core
ST_3 : Operation 46 [1/1] (0.00ns)   --->   "%store_ln362 = store i26 0, i26 %p_anonymous_namespace_g_core_state_admm_rho" [../src/../include/mpc_fpga_types.h:362->../src/mpc_fpga_top.cpp:90->../src/mpc_fpga_top.cpp:295]   --->   Operation 46 'store' 'store_ln362' <Predicate = (p_anonymous_namespace_g_core_state_initialized_load & !tmp & tmp_109)> <Delay = 0.00>
ST_3 : Operation 47 [1/1] (0.00ns)   --->   "%store_ln363 = store i26 0, i26 %p_anonymous_namespace_g_core_state_admm_rho_u" [../src/../include/mpc_fpga_types.h:363->../src/mpc_fpga_top.cpp:90->../src/mpc_fpga_top.cpp:295]   --->   Operation 47 'store' 'store_ln363' <Predicate = (p_anonymous_namespace_g_core_state_initialized_load & !tmp & tmp_109)> <Delay = 0.00>
ST_3 : Operation 48 [1/1] (0.42ns)   --->   "%store_ln364 = store i1 1, i1 %p_anonymous_namespace_g_core_state_admm_initialized" [../src/../include/mpc_fpga_types.h:364->../src/mpc_fpga_top.cpp:90->../src/mpc_fpga_top.cpp:295]   --->   Operation 48 'store' 'store_ln364' <Predicate = (p_anonymous_namespace_g_core_state_initialized_load & !tmp & tmp_109)> <Delay = 0.42>
ST_3 : Operation 49 [2/2] (0.00ns)   --->   "%call_ln0 = call void @(anonymous namespace)mpc_fpga_compute_core_Pipeline_VITIS_LOOP_322_1, i26 %p_anonymous_namespace_g_core_state_admm_z_x_0, i26 %p_anonymous_namespace_g_core_state_admm_z_x_1, i26 %p_anonymous_namespace_g_core_state_admm_z_x_2, i26 %p_anonymous_namespace_g_core_state_admm_z_x_3, i26 %p_anonymous_namespace_g_core_state_admm_z_x_4, i26 %p_anonymous_namespace_g_core_state_admm_z_x_5, i26 %p_anonymous_namespace_g_core_state_admm_z_x_6, i26 %p_anonymous_namespace_g_core_state_admm_z_x_7, i26 %p_anonymous_namespace_g_core_state_admm_y_x_0, i26 %p_anonymous_namespace_g_core_state_admm_y_x_1, i26 %p_anonymous_namespace_g_core_state_admm_y_x_2, i26 %p_anonymous_namespace_g_core_state_admm_y_x_3, i26 %p_anonymous_namespace_g_core_state_admm_y_x_4, i26 %p_anonymous_namespace_g_core_state_admm_y_x_5, i26 %p_anonymous_namespace_g_core_state_admm_y_x_6, i26 %p_anonymous_namespace_g_core_state_admm_y_x_7"   --->   Operation 49 'call' 'call_ln0' <Predicate = (p_anonymous_namespace_g_core_state_initialized_load & tmp)> <Delay = 0.00> <CoreType = "Generic">   --->   Generic Core
ST_3 : Operation 50 [2/2] (0.00ns)   --->   "%call_ln0 = call void @(anonymous namespace)mpc_fpga_compute_core_Pipeline_VITIS_LOOP_330_3, i26 %p_anonymous_namespace_g_core_state_admm_z_u_0, i26 %p_anonymous_namespace_g_core_state_admm_z_u_1, i26 %p_anonymous_namespace_g_core_state_admm_y_u_0, i26 %p_anonymous_namespace_g_core_state_admm_y_u_1"   --->   Operation 50 'call' 'call_ln0' <Predicate = (p_anonymous_namespace_g_core_state_initialized_load & tmp)> <Delay = 0.00> <CoreType = "Generic">   --->   Generic Core
ST_3 : Operation 51 [1/1] (0.00ns)   --->   "%store_ln338 = store i26 0, i26 %p_anonymous_namespace_g_core_state_admm_rho" [../src/../include/mpc_fpga_types.h:338->../src/mpc_fpga_top.cpp:85->../src/mpc_fpga_top.cpp:293]   --->   Operation 51 'store' 'store_ln338' <Predicate = (p_anonymous_namespace_g_core_state_initialized_load & tmp)> <Delay = 0.00>
ST_3 : Operation 52 [1/1] (0.00ns)   --->   "%store_ln339 = store i26 0, i26 %p_anonymous_namespace_g_core_state_admm_rho_u" [../src/../include/mpc_fpga_types.h:339->../src/mpc_fpga_top.cpp:85->../src/mpc_fpga_top.cpp:293]   --->   Operation 52 'store' 'store_ln339' <Predicate = (p_anonymous_namespace_g_core_state_initialized_load & tmp)> <Delay = 0.00>
ST_3 : Operation 53 [1/1] (0.42ns)   --->   "%store_ln340 = store i1 0, i1 %p_anonymous_namespace_g_core_state_admm_initialized" [../src/../include/mpc_fpga_types.h:340->../src/mpc_fpga_top.cpp:85->../src/mpc_fpga_top.cpp:293]   --->   Operation 53 'store' 'store_ln340' <Predicate = (p_anonymous_namespace_g_core_state_initialized_load & tmp)> <Delay = 0.42>

State 4 <SV = 3> <Delay = 0.00>
ST_4 : Operation 54 [2/2] (0.00ns)   --->   "%call_ln280 = call void @(anonymous namespace)reset_core_state_hls, i26 %p_anonymous_namespace_g_core_state_admm_z_x_0, i26 %p_anonymous_namespace_g_core_state_admm_z_x_1, i26 %p_anonymous_namespace_g_core_state_admm_z_x_2, i26 %p_anonymous_namespace_g_core_state_admm_z_x_3, i26 %p_anonymous_namespace_g_core_state_admm_z_x_4, i26 %p_anonymous_namespace_g_core_state_admm_z_x_5, i26 %p_anonymous_namespace_g_core_state_admm_z_x_6, i26 %p_anonymous_namespace_g_core_state_admm_z_x_7, i26 %p_anonymous_namespace_g_core_state_admm_y_x_0, i26 %p_anonymous_namespace_g_core_state_admm_y_x_1, i26 %p_anonymous_namespace_g_core_state_admm_y_x_2, i26 %p_anonymous_namespace_g_core_state_admm_y_x_3, i26 %p_anonymous_namespace_g_core_state_admm_y_x_4, i26 %p_anonymous_namespace_g_core_state_admm_y_x_5, i26 %p_anonymous_namespace_g_core_state_admm_y_x_6, i26 %p_anonymous_namespace_g_core_state_admm_y_x_7, i26 %p_anonymous_namespace_g_core_state_admm_z_u_0, i26 %p_anonymous_namespace_g_core_state_admm_z_u_1, i26 %p_anonymous_namespace_g_core_state_admm_y_u_0, i26 %p_anonymous_namespace_g_core_state_admm_y_u_1, i26 %p_anonymous_namespace_g_core_state_admm_rho, i26 %p_anonymous_namespace_g_core_state_admm_rho_u, i1 %p_anonymous_namespace_g_core_state_admm_initialized, i26 %p_anonymous_namespace_g_core_state_persist_prev_steer_rate, i26 %p_anonymous_namespace_g_core_state_persist_prev_accel, i26 %p_anonymous_namespace_g_core_state_persist_actual_steering, i26 %p_anonymous_namespace_g_core_state_persist_prev_curvature, i1 %p_anonymous_namespace_g_core_state_persist_prev_model_signature, i32 %p_anonymous_namespace_g_core_state_persist_max_iter_streak, i1 %p_anonymous_namespace_g_core_state_initialized" [../src/mpc_fpga_top.cpp:280]   --->   Operation 54 'call' 'call_ln280' <Predicate = true> <Delay = 0.00> <CoreType = "Generic">   --->   Generic Core

State 5 <SV = 4> <Delay = 0.00>
ST_5 : Operation 55 [1/2] (0.00ns)   --->   "%call_ln280 = call void @(anonymous namespace)reset_core_state_hls, i26 %p_anonymous_namespace_g_core_state_admm_z_x_0, i26 %p_anonymous_namespace_g_core_state_admm_z_x_1, i26 %p_anonymous_namespace_g_core_state_admm_z_x_2, i26 %p_anonymous_namespace_g_core_state_admm_z_x_3, i26 %p_anonymous_namespace_g_core_state_admm_z_x_4, i26 %p_anonymous_namespace_g_core_state_admm_z_x_5, i26 %p_anonymous_namespace_g_core_state_admm_z_x_6, i26 %p_anonymous_namespace_g_core_state_admm_z_x_7, i26 %p_anonymous_namespace_g_core_state_admm_y_x_0, i26 %p_anonymous_namespace_g_core_state_admm_y_x_1, i26 %p_anonymous_namespace_g_core_state_admm_y_x_2, i26 %p_anonymous_namespace_g_core_state_admm_y_x_3, i26 %p_anonymous_namespace_g_core_state_admm_y_x_4, i26 %p_anonymous_namespace_g_core_state_admm_y_x_5, i26 %p_anonymous_namespace_g_core_state_admm_y_x_6, i26 %p_anonymous_namespace_g_core_state_admm_y_x_7, i26 %p_anonymous_namespace_g_core_state_admm_z_u_0, i26 %p_anonymous_namespace_g_core_state_admm_z_u_1, i26 %p_anonymous_namespace_g_core_state_admm_y_u_0, i26 %p_anonymous_namespace_g_core_state_admm_y_u_1, i26 %p_anonymous_namespace_g_core_state_admm_rho, i26 %p_anonymous_namespace_g_core_state_admm_rho_u, i1 %p_anonymous_namespace_g_core_state_admm_initialized, i26 %p_anonymous_namespace_g_core_state_persist_prev_steer_rate, i26 %p_anonymous_namespace_g_core_state_persist_prev_accel, i26 %p_anonymous_namespace_g_core_state_persist_actual_steering, i26 %p_anonymous_namespace_g_core_state_persist_prev_curvature, i1 %p_anonymous_namespace_g_core_state_persist_prev_model_signature, i32 %p_anonymous_namespace_g_core_state_persist_max_iter_streak, i1 %p_anonymous_namespace_g_core_state_initialized" [../src/mpc_fpga_top.cpp:280]   --->   Operation 55 'call' 'call_ln280' <Predicate = true> <Delay = 0.00> <CoreType = "Generic">   --->   Generic Core

State 6 <SV = 5> <Delay = 2.89>
ST_6 : Operation 56 [1/1] (0.00ns)   --->   "%store_ln284 = store i26 %steering_read, i26 %p_anonymous_namespace_g_core_state_persist_actual_steering" [../src/mpc_fpga_top.cpp:284]   --->   Operation 56 'store' 'store_ln284' <Predicate = (!p_anonymous_namespace_g_core_state_initialized_load)> <Delay = 0.00>
ST_6 : Operation 57 [1/1] (0.00ns)   --->   "%store_ln288 = store i26 0, i26 %p_anonymous_namespace_g_core_state_persist_prev_curvature" [../src/mpc_fpga_top.cpp:288]   --->   Operation 57 'store' 'store_ln288' <Predicate = (!p_anonymous_namespace_g_core_state_initialized_load)> <Delay = 0.00>
ST_6 : Operation 58 [1/1] (0.00ns)   --->   "%store_ln289 = store i1 1, i1 %p_anonymous_namespace_g_core_state_persist_prev_model_signature" [../src/mpc_fpga_top.cpp:289]   --->   Operation 58 'store' 'store_ln289' <Predicate = (!p_anonymous_namespace_g_core_state_initialized_load)> <Delay = 0.00>
ST_6 : Operation 59 [1/1] (0.00ns)   --->   "%store_ln290 = store i1 1, i1 %p_anonymous_namespace_g_core_state_initialized" [../src/mpc_fpga_top.cpp:290]   --->   Operation 59 'store' 'store_ln290' <Predicate = (!p_anonymous_namespace_g_core_state_initialized_load)> <Delay = 0.00>
ST_6 : Operation 60 [1/1] (0.00ns)   --->   "%br_ln291 = br void %fpga_resource_hint._ZN13ap_fixed_baseILi27ELi13ELb1EL9ap_q_mode5EL9ap_o_mode3ELi0EEC2Ei.exit.i.78" [../src/mpc_fpga_top.cpp:291]   --->   Operation 60 'br' 'br_ln291' <Predicate = (!p_anonymous_namespace_g_core_state_initialized_load)> <Delay = 0.00>
ST_6 : Operation 61 [1/1] (0.00ns)   --->   "%p_anonymous_namespace_g_core_state_persist_actual_steering_load = load i26 %p_anonymous_namespace_g_core_state_persist_actual_steering" [../src/mpc_fpga_top.cpp:301]   --->   Operation 61 'load' 'p_anonymous_namespace_g_core_state_persist_actual_steering_load' <Predicate = true> <Delay = 0.00>
ST_6 : Operation 62 [1/1] (0.95ns)   --->   "%value = sub i26 %steering_read, i26 %p_anonymous_namespace_g_core_state_persist_actual_steering_load" [../src/mpc_fpga_top.cpp:301]   --->   Operation 62 'sub' 'value' <Predicate = true> <Delay = 0.95> <CoreInst = "Adder">   --->   Core 1 'Adder' <Latency = 0> <II = 1> <Delay = 0.95> <FuncUnit> <Opcode : 'add' 'sub'> <InPorts = 2> <OutPorts = 1>
ST_6 : Operation 63 [1/1] (0.00ns)   --->   "%sext_ln156 = sext i26 %value" [../src/fp_math_hls.cpp:156->../src/fp_math_hls.cpp:321->../src/mpc_fpga_top.cpp:301]   --->   Operation 63 'sext' 'sext_ln156' <Predicate = true> <Delay = 0.00>
ST_6 : Operation 64 [3/3] (1.94ns)   --->   "%mul_ln156 = mul i49 %sext_ln156, i49 3276800" [../src/fp_math_hls.cpp:156->../src/fp_math_hls.cpp:321->../src/mpc_fpga_top.cpp:301]   --->   Operation 64 'mul' 'mul_ln156' <Predicate = true> <Delay = 1.94> <CoreInst = "Mul_DSP">   --->   Core 5 'Mul_DSP' <Latency = 2> <II = 1> <Delay = 1.94> <FuncUnit> <Opcode : 'mul'> <InPorts = 2> <OutPorts = 1>
ST_6 : Operation 65 [1/1] (0.00ns)   --->   "%store_ln307 = store i26 %steering_read, i26 %p_anonymous_namespace_g_core_state_persist_actual_steering" [../src/mpc_fpga_top.cpp:307]   --->   Operation 65 'store' 'store_ln307' <Predicate = true> <Delay = 0.00>
ST_6 : Operation 66 [1/1] (0.00ns)   --->   "%store_ln308 = store i26 %prev_accel_read, i26 %p_anonymous_namespace_g_core_state_persist_prev_accel" [../src/mpc_fpga_top.cpp:308]   --->   Operation 66 'store' 'store_ln308' <Predicate = true> <Delay = 0.00>

State 7 <SV = 3> <Delay = 1.64>
ST_7 : Operation 67 [1/2] (1.64ns)   --->   "%call_ln0 = call void @(anonymous namespace)mpc_fpga_compute_core_Pipeline_VITIS_LOOP_348_1, i26 %p_anonymous_namespace_g_core_state_admm_y_x_0, i26 %p_anonymous_namespace_g_core_state_admm_y_x_1, i26 %p_anonymous_namespace_g_core_state_admm_y_x_2, i26 %p_anonymous_namespace_g_core_state_admm_y_x_3, i26 %p_anonymous_namespace_g_core_state_admm_y_x_4, i26 %p_anonymous_namespace_g_core_state_admm_y_x_5, i26 %p_anonymous_namespace_g_core_state_admm_y_x_6, i26 %p_anonymous_namespace_g_core_state_admm_y_x_7"   --->   Operation 67 'call' 'call_ln0' <Predicate = (!tmp & tmp_109)> <Delay = 1.64> <CoreType = "Generic">   --->   Generic Core
ST_7 : Operation 68 [1/2] (1.64ns)   --->   "%call_ln0 = call void @(anonymous namespace)mpc_fpga_compute_core_Pipeline_VITIS_LOOP_355_3, i26 %p_anonymous_namespace_g_core_state_admm_y_u_0, i26 %p_anonymous_namespace_g_core_state_admm_y_u_1"   --->   Operation 68 'call' 'call_ln0' <Predicate = (!tmp & tmp_109)> <Delay = 1.64> <CoreType = "Generic">   --->   Generic Core
ST_7 : Operation 69 [1/1] (0.00ns)   --->   "%br_ln296 = br void %if.end19" [../src/mpc_fpga_top.cpp:296]   --->   Operation 69 'br' 'br_ln296' <Predicate = (!tmp & tmp_109)> <Delay = 0.00>
ST_7 : Operation 70 [1/1] (0.00ns)   --->   "%br_ln0 = br void %if.end20"   --->   Operation 70 'br' 'br_ln0' <Predicate = (!tmp)> <Delay = 0.00>
ST_7 : Operation 71 [1/2] (1.64ns)   --->   "%call_ln0 = call void @(anonymous namespace)mpc_fpga_compute_core_Pipeline_VITIS_LOOP_322_1, i26 %p_anonymous_namespace_g_core_state_admm_z_x_0, i26 %p_anonymous_namespace_g_core_state_admm_z_x_1, i26 %p_anonymous_namespace_g_core_state_admm_z_x_2, i26 %p_anonymous_namespace_g_core_state_admm_z_x_3, i26 %p_anonymous_namespace_g_core_state_admm_z_x_4, i26 %p_anonymous_namespace_g_core_state_admm_z_x_5, i26 %p_anonymous_namespace_g_core_state_admm_z_x_6, i26 %p_anonymous_namespace_g_core_state_admm_z_x_7, i26 %p_anonymous_namespace_g_core_state_admm_y_x_0, i26 %p_anonymous_namespace_g_core_state_admm_y_x_1, i26 %p_anonymous_namespace_g_core_state_admm_y_x_2, i26 %p_anonymous_namespace_g_core_state_admm_y_x_3, i26 %p_anonymous_namespace_g_core_state_admm_y_x_4, i26 %p_anonymous_namespace_g_core_state_admm_y_x_5, i26 %p_anonymous_namespace_g_core_state_admm_y_x_6, i26 %p_anonymous_namespace_g_core_state_admm_y_x_7"   --->   Operation 71 'call' 'call_ln0' <Predicate = (tmp)> <Delay = 1.64> <CoreType = "Generic">   --->   Generic Core
ST_7 : Operation 72 [1/2] (1.64ns)   --->   "%call_ln0 = call void @(anonymous namespace)mpc_fpga_compute_core_Pipeline_VITIS_LOOP_330_3, i26 %p_anonymous_namespace_g_core_state_admm_z_u_0, i26 %p_anonymous_namespace_g_core_state_admm_z_u_1, i26 %p_anonymous_namespace_g_core_state_admm_y_u_0, i26 %p_anonymous_namespace_g_core_state_admm_y_u_1"   --->   Operation 72 'call' 'call_ln0' <Predicate = (tmp)> <Delay = 1.64> <CoreType = "Generic">   --->   Generic Core
ST_7 : Operation 73 [1/1] (0.00ns)   --->   "%br_ln294 = br void %if.end20" [../src/mpc_fpga_top.cpp:294]   --->   Operation 73 'br' 'br_ln294' <Predicate = (tmp)> <Delay = 0.00>
ST_7 : Operation 74 [1/1] (0.00ns)   --->   "%br_ln0 = br void %fpga_resource_hint._ZN13ap_fixed_baseILi27ELi13ELb1EL9ap_q_mode5EL9ap_o_mode3ELi0EEC2Ei.exit.i.78"   --->   Operation 74 'br' 'br_ln0' <Predicate = true> <Delay = 0.00>

State 8 <SV = 6> <Delay = 1.94>
ST_8 : Operation 75 [2/3] (1.94ns)   --->   "%mul_ln156 = mul i49 %sext_ln156, i49 3276800" [../src/fp_math_hls.cpp:156->../src/fp_math_hls.cpp:321->../src/mpc_fpga_top.cpp:301]   --->   Operation 75 'mul' 'mul_ln156' <Predicate = true> <Delay = 1.94> <CoreInst = "Mul_DSP">   --->   Core 5 'Mul_DSP' <Latency = 2> <II = 1> <Delay = 1.94> <FuncUnit> <Opcode : 'mul'> <InPorts = 2> <OutPorts = 1>

State 9 <SV = 7> <Delay = 3.25>
ST_9 : Operation 76 [1/3] (1.94ns)   --->   "%mul_ln156 = mul i49 %sext_ln156, i49 3276800" [../src/fp_math_hls.cpp:156->../src/fp_math_hls.cpp:321->../src/mpc_fpga_top.cpp:301]   --->   Operation 76 'mul' 'mul_ln156' <Predicate = true> <Delay = 1.94> <CoreInst = "Mul_DSP">   --->   Core 5 'Mul_DSP' <Latency = 2> <II = 1> <Delay = 1.94> <FuncUnit> <Opcode : 'mul'> <InPorts = 2> <OutPorts = 1>
ST_9 : Operation 77 [1/1] (0.00ns)   --->   "%specfucore_ln157 = specfucore void @_ssdm_op_SpecFUCore, i49 %mul_ln156, i64 12, i64 3, i64 2, i1 0" [../src/fp_math_hls.cpp:157->../src/fp_math_hls.cpp:321->../src/mpc_fpga_top.cpp:301]   --->   Operation 77 'specfucore' 'specfucore_ln157' <Predicate = true> <Delay = 0.00>
ST_9 : Operation 78 [1/1] (0.00ns)   --->   "%product_q = partselect i26 @_ssdm_op_PartSelect.i26.i49.i32.i32, i49 %mul_ln156, i32 14, i32 39" [include/fp_types_hls.hpp:752->../src/fp_math_hls.cpp:323->../src/mpc_fpga_top.cpp:301]   --->   Operation 78 'partselect' 'product_q' <Predicate = true> <Delay = 0.00>
ST_9 : Operation 79 [1/1] (0.00ns) (grouped into LUT with out node measured_steer_rate)   --->   "%product_q_cast = partselect i17 @_ssdm_op_PartSelect.i17.i49.i32.i32, i49 %mul_ln156, i32 14, i32 30" [../src/fp_math_hls.cpp:323->../src/mpc_fpga_top.cpp:301]   --->   Operation 79 'partselect' 'product_q_cast' <Predicate = true> <Delay = 0.00>
ST_9 : Operation 80 [1/1] (0.95ns)   --->   "%icmp_ln143 = icmp_slt  i26 %product_q, i26 67062186" [../src/../include/fp_math_hls.h:143->../src/mpc_fpga_top.cpp:304]   --->   Operation 80 'icmp' 'icmp_ln143' <Predicate = true> <Delay = 0.95> <CoreInst = "Cmp">   --->   Core 9 'Cmp' <Latency = 0> <II = 1> <Delay = 0.95> <FuncUnit> <Opcode : 'seteq' 'setne' 'setle' 'setge' 'setlt' 'setgt'> <InPorts = 2> <OutPorts = 1>
ST_9 : Operation 81 [1/1] (0.95ns)   --->   "%icmp_ln145 = icmp_sgt  i26 %product_q, i26 46678" [../src/../include/fp_math_hls.h:145->../src/mpc_fpga_top.cpp:304]   --->   Operation 81 'icmp' 'icmp_ln145' <Predicate = true> <Delay = 0.95> <CoreInst = "Cmp">   --->   Core 9 'Cmp' <Latency = 0> <II = 1> <Delay = 0.95> <FuncUnit> <Opcode : 'seteq' 'setne' 'setle' 'setge' 'setlt' 'setgt'> <InPorts = 2> <OutPorts = 1>
ST_9 : Operation 82 [1/1] (0.00ns) (grouped into LUT with out node measured_steer_rate)   --->   "%select_ln145 = select i1 %icmp_ln143, i17 84394, i17 46678" [../src/../include/fp_math_hls.h:143->../src/mpc_fpga_top.cpp:304]   --->   Operation 82 'select' 'select_ln145' <Predicate = true> <Delay = 0.00> <CoreInst = "Sel">   --->   Core 73 'Sel' <Latency = 0> <II = 1> <Delay = 0.35> <FuncUnit> <Opcode : 'select'> <InPorts = 3> <OutPorts = 1>
ST_9 : Operation 83 [1/1] (0.00ns) (grouped into LUT with out node measured_steer_rate)   --->   "%empty = or i1 %icmp_ln143, i1 %icmp_ln145" [../src/../include/fp_math_hls.h:143->../src/mpc_fpga_top.cpp:304]   --->   Operation 83 'or' 'empty' <Predicate = true> <Delay = 0.00> <CoreInst = "LogicGate">   --->   Core 74 'LogicGate' <Latency = 0> <II = 1> <Delay = 0.28> <FuncUnit> <Opcode : 'and' 'or' 'xor'> <InPorts = 2> <OutPorts = 1>
ST_9 : Operation 84 [1/1] (0.35ns) (out node of the LUT)   --->   "%measured_steer_rate = select i1 %empty, i17 %select_ln145, i17 %product_q_cast" [../src/../include/fp_math_hls.h:143->../src/mpc_fpga_top.cpp:304]   --->   Operation 84 'select' 'measured_steer_rate' <Predicate = true> <Delay = 0.35> <CoreInst = "Sel">   --->   Core 73 'Sel' <Latency = 0> <II = 1> <Delay = 0.35> <FuncUnit> <Opcode : 'select'> <InPorts = 3> <OutPorts = 1>
ST_9 : Operation 85 [1/1] (0.00ns)   --->   "%sext_ln300 = sext i17 %measured_steer_rate" [../src/mpc_fpga_top.cpp:300]   --->   Operation 85 'sext' 'sext_ln300' <Predicate = true> <Delay = 0.00>
ST_9 : Operation 86 [1/1] (0.00ns)   --->   "%store_ln306 = store i26 %sext_ln300, i26 %p_anonymous_namespace_g_core_state_persist_prev_steer_rate" [../src/mpc_fpga_top.cpp:306]   --->   Operation 86 'store' 'store_ln306' <Predicate = true> <Delay = 0.00>

State 10 <SV = 8> <Delay = 4.24>
ST_10 : Operation 87 [2/2] (4.24ns)   --->   "%call_ret = call i116 @mpc_compute_hls, i26 %ey_read, i26 %epsi_read, i26 %vx_read, i26 %vy_read, i26 %omega_read, i26 %ref_reference_heading_error, i26 %ref_reference_lateral_error, i26 %ref_reference_velocity, i26 %ref_reference_lateral_velocity, i26 %ref_reference_yaw_rate, i26 %ref_path_curvature, i26 %ref_left_wall_bound, i26 %ref_right_wall_bound, i26 %p_anonymous_namespace_g_core_state_persist_actual_steering, i26 %p_anonymous_namespace_g_core_state_persist_prev_steer_rate, i26 %p_anonymous_namespace_g_core_state_persist_prev_accel, i15 %atan_lut, i14 %recip_lut_fn, i13 %sin_lut_fn, i14 %cos_lut_fn, i13 %atan_lut_fn, i16 %recip_lut, i8 %slope_lut, i26 %p_anonymous_namespace_g_core_state_persist_prev_curvature, i1 %p_anonymous_namespace_g_core_state_persist_prev_model_signature, i1 %p_anonymous_namespace_g_core_state_admm_initialized, i26 %p_anonymous_namespace_g_core_state_admm_z_x_0, i26 %p_anonymous_namespace_g_core_state_admm_z_x_1, i26 %p_anonymous_namespace_g_core_state_admm_z_x_2, i26 %p_anonymous_namespace_g_core_state_admm_z_x_3, i26 %p_anonymous_namespace_g_core_state_admm_z_x_4, i26 %p_anonymous_namespace_g_core_state_admm_z_x_5, i26 %p_anonymous_namespace_g_core_state_admm_z_x_6, i26 %p_anonymous_namespace_g_core_state_admm_z_x_7, i26 %p_anonymous_namespace_g_core_state_admm_y_x_0, i26 %p_anonymous_namespace_g_core_state_admm_y_x_1, i26 %p_anonymous_namespace_g_core_state_admm_y_x_2, i26 %p_anonymous_namespace_g_core_state_admm_y_x_3, i26 %p_anonymous_namespace_g_core_state_admm_y_x_4, i26 %p_anonymous_namespace_g_core_state_admm_y_x_5, i26 %p_anonymous_namespace_g_core_state_admm_y_x_6, i26 %p_anonymous_namespace_g_core_state_admm_y_x_7, i26 %p_anonymous_namespace_g_core_state_admm_z_u_0, i26 %p_anonymous_namespace_g_core_state_admm_z_u_1, i26 %p_anonymous_namespace_g_core_state_admm_y_u_0, i26 %p_anonymous_namespace_g_core_state_admm_y_u_1, i26 %p_anonymous_namespace_g_core_state_admm_rho, i26 %p_anonymous_namespace_g_core_state_admm_rho_u" [../src/mpc_fpga_top.cpp:315]   --->   Operation 87 'call' 'call_ret' <Predicate = true> <Delay = 4.24> <CoreType = "Generic">   --->   Generic Core

State 11 <SV = 9> <Delay = 4.13>
ST_11 : Operation 88 [1/2] (4.13ns)   --->   "%call_ret = call i116 @mpc_compute_hls, i26 %ey_read, i26 %epsi_read, i26 %vx_read, i26 %vy_read, i26 %omega_read, i26 %ref_reference_heading_error, i26 %ref_reference_lateral_error, i26 %ref_reference_velocity, i26 %ref_reference_lateral_velocity, i26 %ref_reference_yaw_rate, i26 %ref_path_curvature, i26 %ref_left_wall_bound, i26 %ref_right_wall_bound, i26 %p_anonymous_namespace_g_core_state_persist_actual_steering, i26 %p_anonymous_namespace_g_core_state_persist_prev_steer_rate, i26 %p_anonymous_namespace_g_core_state_persist_prev_accel, i15 %atan_lut, i14 %recip_lut_fn, i13 %sin_lut_fn, i14 %cos_lut_fn, i13 %atan_lut_fn, i16 %recip_lut, i8 %slope_lut, i26 %p_anonymous_namespace_g_core_state_persist_prev_curvature, i1 %p_anonymous_namespace_g_core_state_persist_prev_model_signature, i1 %p_anonymous_namespace_g_core_state_admm_initialized, i26 %p_anonymous_namespace_g_core_state_admm_z_x_0, i26 %p_anonymous_namespace_g_core_state_admm_z_x_1, i26 %p_anonymous_namespace_g_core_state_admm_z_x_2, i26 %p_anonymous_namespace_g_core_state_admm_z_x_3, i26 %p_anonymous_namespace_g_core_state_admm_z_x_4, i26 %p_anonymous_namespace_g_core_state_admm_z_x_5, i26 %p_anonymous_namespace_g_core_state_admm_z_x_6, i26 %p_anonymous_namespace_g_core_state_admm_z_x_7, i26 %p_anonymous_namespace_g_core_state_admm_y_x_0, i26 %p_anonymous_namespace_g_core_state_admm_y_x_1, i26 %p_anonymous_namespace_g_core_state_admm_y_x_2, i26 %p_anonymous_namespace_g_core_state_admm_y_x_3, i26 %p_anonymous_namespace_g_core_state_admm_y_x_4, i26 %p_anonymous_namespace_g_core_state_admm_y_x_5, i26 %p_anonymous_namespace_g_core_state_admm_y_x_6, i26 %p_anonymous_namespace_g_core_state_admm_y_x_7, i26 %p_anonymous_namespace_g_core_state_admm_z_u_0, i26 %p_anonymous_namespace_g_core_state_admm_z_u_1, i26 %p_anonymous_namespace_g_core_state_admm_y_u_0, i26 %p_anonymous_namespace_g_core_state_admm_y_u_1, i26 %p_anonymous_namespace_g_core_state_admm_rho, i26 %p_anonymous_namespace_g_core_state_admm_rho_u" [../src/mpc_fpga_top.cpp:315]   --->   Operation 88 'call' 'call_ret' <Predicate = true> <Delay = 4.13> <CoreType = "Generic">   --->   Generic Core
ST_11 : Operation 89 [1/1] (0.00ns)   --->   "%steer_out = extractvalue i116 %call_ret" [../src/mpc_fpga_top.cpp:315]   --->   Operation 89 'extractvalue' 'steer_out' <Predicate = true> <Delay = 0.00>
ST_11 : Operation 90 [1/1] (0.00ns)   --->   "%accel_out = extractvalue i116 %call_ret" [../src/mpc_fpga_top.cpp:315]   --->   Operation 90 'extractvalue' 'accel_out' <Predicate = true> <Delay = 0.00>
ST_11 : Operation 91 [1/1] (0.00ns)   --->   "%solver_status = extractvalue i116 %call_ret" [../src/mpc_fpga_top.cpp:315]   --->   Operation 91 'extractvalue' 'solver_status' <Predicate = true> <Delay = 0.00>
ST_11 : Operation 92 [1/1] (0.00ns)   --->   "%iters = extractvalue i116 %call_ret" [../src/mpc_fpga_top.cpp:315]   --->   Operation 92 'extractvalue' 'iters' <Predicate = true> <Delay = 0.00>

State 12 <SV = 10> <Delay = 1.44>
ST_12 : Operation 93 [1/1] (0.00ns)   --->   "%rbegin = specregionbegin i32 @_ssdm_op_SpecRegionBegin, void @empty_68" [../src/fp_math_hls.cpp:156->../src/fp_math_hls.cpp:321->../src/mpc_fpga_top.cpp:301]   --->   Operation 93 'specregionbegin' 'rbegin' <Predicate = (and_ln272_2)> <Delay = 0.00>
ST_12 : Operation 94 [1/1] (0.00ns)   --->   "%rend = specregionend i32 @_ssdm_op_SpecRegionEnd, void @empty_68, i32 %rbegin" [../src/fp_math_hls.cpp:156->../src/fp_math_hls.cpp:321->../src/mpc_fpga_top.cpp:301]   --->   Operation 94 'specregionend' 'rend' <Predicate = (and_ln272_2)> <Delay = 0.00>
ST_12 : Operation 95 [1/1] (1.01ns)   --->   "%icmp_ln321 = icmp_eq  i32 %solver_status, i32 1" [../src/mpc_fpga_top.cpp:321]   --->   Operation 95 'icmp' 'icmp_ln321' <Predicate = (and_ln272_2)> <Delay = 1.01> <CoreInst = "Cmp">   --->   Core 9 'Cmp' <Latency = 0> <II = 1> <Delay = 1.01> <FuncUnit> <Opcode : 'seteq' 'setne' 'setle' 'setge' 'setlt' 'setgt'> <InPorts = 2> <OutPorts = 1>
ST_12 : Operation 96 [1/1] (0.00ns)   --->   "%br_ln321 = br i1 %icmp_ln321, void %if.else39, void %if.then35" [../src/mpc_fpga_top.cpp:321]   --->   Operation 96 'br' 'br_ln321' <Predicate = (and_ln272_2)> <Delay = 0.00>
ST_12 : Operation 97 [1/1] (0.42ns)   --->   "%store_ln326 = store i32 0, i32 %p_anonymous_namespace_g_core_state_persist_max_iter_streak" [../src/mpc_fpga_top.cpp:326]   --->   Operation 97 'store' 'store_ln326' <Predicate = (and_ln272_2 & !icmp_ln321)> <Delay = 0.42>
ST_12 : Operation 98 [1/1] (0.00ns)   --->   "%br_ln0 = br void %if.end40"   --->   Operation 98 'br' 'br_ln0' <Predicate = (and_ln272_2 & !icmp_ln321)> <Delay = 0.00>
ST_12 : Operation 99 [1/1] (0.00ns)   --->   "%p_anonymous_namespace_g_core_state_persist_max_iter_streak_load = load i32 %p_anonymous_namespace_g_core_state_persist_max_iter_streak" [../src/mpc_fpga_top.cpp:322]   --->   Operation 99 'load' 'p_anonymous_namespace_g_core_state_persist_max_iter_streak_load' <Predicate = (and_ln272_2 & icmp_ln321)> <Delay = 0.00>
ST_12 : Operation 100 [1/1] (1.01ns)   --->   "%icmp_ln322 = icmp_eq  i32 %p_anonymous_namespace_g_core_state_persist_max_iter_streak_load, i32 2147483647" [../src/mpc_fpga_top.cpp:322]   --->   Operation 100 'icmp' 'icmp_ln322' <Predicate = (and_ln272_2 & icmp_ln321)> <Delay = 1.01> <CoreInst = "Cmp">   --->   Core 9 'Cmp' <Latency = 0> <II = 1> <Delay = 1.01> <FuncUnit> <Opcode : 'seteq' 'setne' 'setle' 'setge' 'setlt' 'setgt'> <InPorts = 2> <OutPorts = 1>
ST_12 : Operation 101 [1/1] (0.00ns)   --->   "%br_ln322 = br i1 %icmp_ln322, void %if.then37, void %if.end38" [../src/mpc_fpga_top.cpp:322]   --->   Operation 101 'br' 'br_ln322' <Predicate = (and_ln272_2 & icmp_ln321)> <Delay = 0.00>
ST_12 : Operation 102 [1/1] (1.01ns)   --->   "%add_ln323 = add i32 %p_anonymous_namespace_g_core_state_persist_max_iter_streak_load, i32 1" [../src/mpc_fpga_top.cpp:323]   --->   Operation 102 'add' 'add_ln323' <Predicate = (and_ln272_2 & icmp_ln321 & !icmp_ln322)> <Delay = 1.01> <CoreInst = "Adder">   --->   Core 1 'Adder' <Latency = 0> <II = 1> <Delay = 1.01> <FuncUnit> <Opcode : 'add' 'sub'> <InPorts = 2> <OutPorts = 1>
ST_12 : Operation 103 [1/1] (0.42ns)   --->   "%store_ln323 = store i32 %add_ln323, i32 %p_anonymous_namespace_g_core_state_persist_max_iter_streak" [../src/mpc_fpga_top.cpp:323]   --->   Operation 103 'store' 'store_ln323' <Predicate = (and_ln272_2 & icmp_ln321 & !icmp_ln322)> <Delay = 0.42>
ST_12 : Operation 104 [1/1] (0.00ns)   --->   "%br_ln324 = br void %if.end38" [../src/mpc_fpga_top.cpp:324]   --->   Operation 104 'br' 'br_ln324' <Predicate = (and_ln272_2 & icmp_ln321 & !icmp_ln322)> <Delay = 0.00>
ST_12 : Operation 105 [1/1] (0.00ns)   --->   "%br_ln325 = br void %if.end40" [../src/mpc_fpga_top.cpp:325]   --->   Operation 105 'br' 'br_ln325' <Predicate = (and_ln272_2 & icmp_ln321)> <Delay = 0.00>
ST_12 : Operation 106 [1/1] (0.00ns)   --->   "%write_ln329 = write void @_ssdm_op_Write.ap_auto.i26P0A, i26 %out_steering, i26 %steer_out" [../src/mpc_fpga_top.cpp:329]   --->   Operation 106 'write' 'write_ln329' <Predicate = (and_ln272_2)> <Delay = 0.00>
ST_12 : Operation 107 [1/1] (0.00ns)   --->   "%write_ln330 = write void @_ssdm_op_Write.ap_auto.i26P0A, i26 %out_accel, i26 %accel_out" [../src/mpc_fpga_top.cpp:330]   --->   Operation 107 'write' 'write_ln330' <Predicate = (and_ln272_2)> <Delay = 0.00>
ST_12 : Operation 108 [1/1] (1.01ns)   --->   "%icmp_ln96 = icmp_ne  i32 %solver_status, i32 0" [../src/mpc_fpga_top.cpp:96->../src/mpc_fpga_top.cpp:331]   --->   Operation 108 'icmp' 'icmp_ln96' <Predicate = (and_ln272_2)> <Delay = 1.01> <CoreInst = "Cmp">   --->   Core 9 'Cmp' <Latency = 0> <II = 1> <Delay = 1.01> <FuncUnit> <Opcode : 'seteq' 'setne' 'setle' 'setge' 'setlt' 'setgt'> <InPorts = 2> <OutPorts = 1>
ST_12 : Operation 109 [1/1] (0.00ns)   --->   "%write_ln331 = write void @_ssdm_op_Write.ap_auto.i1P0A, i1 %out_status, i1 %icmp_ln96" [../src/mpc_fpga_top.cpp:331]   --->   Operation 109 'write' 'write_ln331' <Predicate = (and_ln272_2)> <Delay = 0.00>
ST_12 : Operation 110 [1/1] (0.00ns)   --->   "%write_ln332 = write void @_ssdm_op_Write.ap_auto.i32P0A, i32 %out_iters, i32 %iters" [../src/mpc_fpga_top.cpp:332]   --->   Operation 110 'write' 'write_ln332' <Predicate = (and_ln272_2)> <Delay = 0.00>
ST_12 : Operation 111 [1/1] (0.00ns)   --->   "%br_ln333 = br void %return" [../src/mpc_fpga_top.cpp:333]   --->   Operation 111 'br' 'br_ln333' <Predicate = (and_ln272_2)> <Delay = 0.00>
ST_12 : Operation 112 [1/1] (0.00ns)   --->   "%ret_ln333 = ret" [../src/mpc_fpga_top.cpp:333]   --->   Operation 112 'ret' 'ret_ln333' <Predicate = true> <Delay = 0.00>


============================================================
+ Verbose Summary: Timing violations
============================================================
Target clock period: 5.000ns, clock uncertainty: 0.500ns.

 <State 1>: 1.085ns
The critical path consists of the following:
	'load' operation 11 bit ('out_steering_arg_index_load', ../src/mpc_fpga_top.cpp:272) on static variable 'out_steering_arg_index' [71]  (0.000 ns)
	'icmp' operation 1 bit ('icmp_ln272', ../src/mpc_fpga_top.cpp:272) [72]  (0.798 ns)
	'and' operation 1 bit ('and_ln272_1', ../src/mpc_fpga_top.cpp:272) [80]  (0.000 ns)
	'and' operation 1 bit ('and_ln272_2', ../src/mpc_fpga_top.cpp:272) [81]  (0.287 ns)

 <State 2>: 0.000ns
The critical path consists of the following:

 <State 3>: 0.427ns
The critical path consists of the following:
	'load' operation 1 bit ('p_anonymous_namespace_g_core_state_initialized_load', ../src/mpc_fpga_top.cpp:279) on static variable 'p_anonymous_namespace_g_core_state_initialized' [89]  (0.000 ns)
	'store' operation ('store_ln364', ../src/../include/mpc_fpga_types.h:364->../src/mpc_fpga_top.cpp:90->../src/mpc_fpga_top.cpp:295) of constant 1 1 bit on static variable 'p_anonymous_namespace_g_core_state_admm_initialized' [109]  (0.427 ns)

 <State 4>: 0.000ns
The critical path consists of the following:

 <State 5>: 0.000ns
The critical path consists of the following:

 <State 6>: 2.896ns
The critical path consists of the following:
	'store' operation ('store_ln284', ../src/mpc_fpga_top.cpp:284) of variable 'steering_read', ../src/mpc_fpga_top.cpp:265 26 bit on static variable 'p_anonymous_namespace_g_core_state_persist_actual_steering' [93]  (0.000 ns)
	'load' operation 26 bit ('p_anonymous_namespace_g_core_state_persist_actual_steering_load', ../src/mpc_fpga_top.cpp:301) on static variable 'p_anonymous_namespace_g_core_state_persist_actual_steering' [123]  (0.000 ns)
	'sub' operation 26 bit ('value', ../src/mpc_fpga_top.cpp:301) [124]  (0.955 ns)
	'mul' operation 49 bit ('mul_ln156', ../src/fp_math_hls.cpp:156->../src/fp_math_hls.cpp:321->../src/mpc_fpga_top.cpp:301) [127]  (1.941 ns)

 <State 7>: 1.643ns
The critical path consists of the following:
	'call' operation ('call_ln0') to '(anonymous namespace)mpc_fpga_compute_core_Pipeline_VITIS_LOOP_348_1' [105]  (1.643 ns)

 <State 8>: 1.941ns
The critical path consists of the following:
	'mul' operation 49 bit ('mul_ln156', ../src/fp_math_hls.cpp:156->../src/fp_math_hls.cpp:321->../src/mpc_fpga_top.cpp:301) [127]  (1.941 ns)

 <State 9>: 3.254ns
The critical path consists of the following:
	'mul' operation 49 bit ('mul_ln156', ../src/fp_math_hls.cpp:156->../src/fp_math_hls.cpp:321->../src/mpc_fpga_top.cpp:301) [127]  (1.941 ns)
	'icmp' operation 1 bit ('icmp_ln143', ../src/../include/fp_math_hls.h:143->../src/mpc_fpga_top.cpp:304) [132]  (0.955 ns)
	'select' operation 17 bit ('select_ln145', ../src/../include/fp_math_hls.h:143->../src/mpc_fpga_top.cpp:304) [134]  (0.000 ns)
	'select' operation 17 bit ('measured_steer_rate', ../src/../include/fp_math_hls.h:143->../src/mpc_fpga_top.cpp:304) [136]  (0.358 ns)

 <State 10>: 4.248ns
The critical path consists of the following:
	'call' operation 116 bit ('call_ret', ../src/mpc_fpga_top.cpp:315) to 'mpc_compute_hls' [141]  (4.248 ns)

 <State 11>: 4.138ns
The critical path consists of the following:
	'call' operation 116 bit ('call_ret', ../src/mpc_fpga_top.cpp:315) to 'mpc_compute_hls' [141]  (4.138 ns)

 <State 12>: 1.443ns
The critical path consists of the following:
	'icmp' operation 1 bit ('icmp_ln321', ../src/mpc_fpga_top.cpp:321) [146]  (1.016 ns)
	'store' operation ('store_ln326', ../src/mpc_fpga_top.cpp:326) of constant 0 32 bit on static variable 'p_anonymous_namespace_g_core_state_persist_max_iter_streak' [149]  (0.427 ns)


============================================================
+ Verbose Summary: Binding
============================================================
N/A
* FSMD analyzer results:
  - Output states:
 - Input state : 
  - Chain level:
	State 1
	State 2
	State 3
	State 4
	State 5
	State 6
	State 7
	State 8
	State 9
	State 10
	State 11
	State 12


============================================================
+ Verbose Summary: Datapath Resource usage 
============================================================
N/A
