

================================================================
== Vitis HLS Report for 'p_anonymous_namespace_mpc_fpga_compute_core_Pipeline_VITIS_LOOP_348_1'
================================================================
* Date:           Thu Jun 11 16:06:58 2026

* Version:        2025.2 (Build 6295257 on Nov 14 2025)
* Project:        mpc_fpga_top_opencl
* Solution:       hls (Vitis Kernel Flow Target)
* Product family: zynquplus
* Target device:  xck26-sfvc784-2LV-c


================================================================
== Performance Estimates
================================================================
+ Timing: 
    * Summary: 
    +--------+---------+----------+------------+
    |  Clock |  Target | Estimated| Uncertainty|
    +--------+---------+----------+------------+
    |ap_clk  |  5.00 ns|  1.893 ns|     0.50 ns|
    +--------+---------+----------+------------+

+ Latency: 
    * Summary: 
    +---------+---------+----------+----------+-----+-----+-------------------+
    |  Latency (cycles) |  Latency (absolute) |  Interval |      Pipeline     |
    |   min   |   max   |    min   |    max   | min | max |        Type       |
    +---------+---------+----------+----------+-----+-----+-------------------+
    |       23|       23|  0.115 us|  0.115 us|    0|    0|  loop pipeline stp|
    +---------+---------+----------+----------+-----+-----+-------------------+

    + Detail: 
        * Instance: 
        N/A

        * Loop: 
        +--------------------+---------+---------+----------+-----------+-----------+------+----------+
        |                    |  Latency (cycles) | Iteration|  Initiation Interval  | Trip |          |
        |      Loop Name     |   min   |   max   |  Latency |  achieved |   target  | Count| Pipelined|
        +--------------------+---------+---------+----------+-----------+-----------+------+----------+
        |- VITIS_LOOP_348_1  |       21|       21|         1|          1|          1|    21|       yes|
        +--------------------+---------+---------+----------+-----------+-----------+------+----------+



================================================================
== Utilization Estimates
================================================================
* Summary: 
+-----------------+---------+------+--------+--------+-----+
|       Name      | BRAM_18K|  DSP |   FF   |   LUT  | URAM|
+-----------------+---------+------+--------+--------+-----+
|DSP              |        -|     -|       -|       -|    -|
|Expression       |        -|     -|       0|      24|    -|
|FIFO             |        -|     -|       -|       -|    -|
|Instance         |        -|     -|       -|       -|    -|
|Memory           |        -|     -|       -|       -|    -|
|Multiplexer      |        -|     -|       0|      27|    -|
|Register         |        -|     -|       7|       -|    -|
+-----------------+---------+------+--------+--------+-----+
|Total            |        0|     0|       7|      51|    0|
+-----------------+---------+------+--------+--------+-----+
|Available        |      288|  1248|  234240|  117120|   64|
+-----------------+---------+------+--------+--------+-----+
|Utilization (%)  |        0|     0|      ~0|      ~0|    0|
+-----------------+---------+------+--------+--------+-----+

+ Detail: 
    * Instance: 
    N/A

    * DSP: 
    N/A

    * Memory: 
    N/A

    * FIFO: 
    N/A

    * Expression: 
    +----------------------+----------+----+---+----+------------+------------+
    |     Variable Name    | Operation| DSP| FF| LUT| Bitwidth P0| Bitwidth P1|
    +----------------------+----------+----+---+----+------------+------------+
    |add_ln348_fu_174_p2   |         +|   0|  0|  12|           5|           1|
    |icmp_ln348_fu_168_p2  |      icmp|   0|  0|  12|           5|           5|
    +----------------------+----------+----+---+----+------------+------------+
    |Total                 |          |   0|  0|  24|          10|           6|
    +----------------------+----------+----+---+----+------------+------------+

    * Multiplexer: 
    +-----------------------+----+-----------+-----+-----------+
    |          Name         | LUT| Input Size| Bits| Total Bits|
    +-----------------------+----+-----------+-----+-----------+
    |ap_done_int            |   9|          2|    1|          2|
    |ap_sig_allocacmp_k_15  |   9|          2|    5|         10|
    |k_fu_44                |   9|          2|    5|         10|
    +-----------------------+----+-----------+-----+-----------+
    |Total                  |  27|          6|   11|         22|
    +-----------------------+----+-----------+-----+-----------+

    * Register: 
    +-------------+---+----+-----+-----------+
    |     Name    | FF| LUT| Bits| Const Bits|
    +-------------+---+----+-----+-----------+
    |ap_CS_fsm    |  1|   0|    1|          0|
    |ap_done_reg  |  1|   0|    1|          0|
    |k_fu_44      |  5|   0|    5|          0|
    +-------------+---+----+-----+-----------+
    |Total        |  7|   0|    7|          0|
    +-------------+---+----+-----+-----------+



================================================================
== Interface
================================================================
* Summary: 
+--------------------------------------------------------+-----+-----+------------+----------------------------------------------------------------------+--------------+
|                        RTL Ports                       | Dir | Bits|  Protocol  |                             Source Object                            |    C Type    |
+--------------------------------------------------------+-----+-----+------------+----------------------------------------------------------------------+--------------+
|ap_clk                                                  |   in|    1|  ap_ctrl_hs|  (anonymous namespace)mpc_fpga_compute_core_Pipeline_VITIS_LOOP_348_1|  return value|
|ap_rst                                                  |   in|    1|  ap_ctrl_hs|  (anonymous namespace)mpc_fpga_compute_core_Pipeline_VITIS_LOOP_348_1|  return value|
|ap_start                                                |   in|    1|  ap_ctrl_hs|  (anonymous namespace)mpc_fpga_compute_core_Pipeline_VITIS_LOOP_348_1|  return value|
|ap_done                                                 |  out|    1|  ap_ctrl_hs|  (anonymous namespace)mpc_fpga_compute_core_Pipeline_VITIS_LOOP_348_1|  return value|
|ap_idle                                                 |  out|    1|  ap_ctrl_hs|  (anonymous namespace)mpc_fpga_compute_core_Pipeline_VITIS_LOOP_348_1|  return value|
|ap_ready                                                |  out|    1|  ap_ctrl_hs|  (anonymous namespace)mpc_fpga_compute_core_Pipeline_VITIS_LOOP_348_1|  return value|
|p_anonymous_namespace_g_core_state_admm_y_x_0_address0  |  out|    5|   ap_memory|                         p_anonymous_namespace_g_core_state_admm_y_x_0|         array|
|p_anonymous_namespace_g_core_state_admm_y_x_0_ce0       |  out|    1|   ap_memory|                         p_anonymous_namespace_g_core_state_admm_y_x_0|         array|
|p_anonymous_namespace_g_core_state_admm_y_x_0_we0       |  out|    1|   ap_memory|                         p_anonymous_namespace_g_core_state_admm_y_x_0|         array|
|p_anonymous_namespace_g_core_state_admm_y_x_0_d0        |  out|   26|   ap_memory|                         p_anonymous_namespace_g_core_state_admm_y_x_0|         array|
|p_anonymous_namespace_g_core_state_admm_y_x_1_address0  |  out|    5|   ap_memory|                         p_anonymous_namespace_g_core_state_admm_y_x_1|         array|
|p_anonymous_namespace_g_core_state_admm_y_x_1_ce0       |  out|    1|   ap_memory|                         p_anonymous_namespace_g_core_state_admm_y_x_1|         array|
|p_anonymous_namespace_g_core_state_admm_y_x_1_we0       |  out|    1|   ap_memory|                         p_anonymous_namespace_g_core_state_admm_y_x_1|         array|
|p_anonymous_namespace_g_core_state_admm_y_x_1_d0        |  out|   26|   ap_memory|                         p_anonymous_namespace_g_core_state_admm_y_x_1|         array|
|p_anonymous_namespace_g_core_state_admm_y_x_2_address0  |  out|    5|   ap_memory|                         p_anonymous_namespace_g_core_state_admm_y_x_2|         array|
|p_anonymous_namespace_g_core_state_admm_y_x_2_ce0       |  out|    1|   ap_memory|                         p_anonymous_namespace_g_core_state_admm_y_x_2|         array|
|p_anonymous_namespace_g_core_state_admm_y_x_2_we0       |  out|    1|   ap_memory|                         p_anonymous_namespace_g_core_state_admm_y_x_2|         array|
|p_anonymous_namespace_g_core_state_admm_y_x_2_d0        |  out|   26|   ap_memory|                         p_anonymous_namespace_g_core_state_admm_y_x_2|         array|
|p_anonymous_namespace_g_core_state_admm_y_x_3_address0  |  out|    5|   ap_memory|                         p_anonymous_namespace_g_core_state_admm_y_x_3|         array|
|p_anonymous_namespace_g_core_state_admm_y_x_3_ce0       |  out|    1|   ap_memory|                         p_anonymous_namespace_g_core_state_admm_y_x_3|         array|
|p_anonymous_namespace_g_core_state_admm_y_x_3_we0       |  out|    1|   ap_memory|                         p_anonymous_namespace_g_core_state_admm_y_x_3|         array|
|p_anonymous_namespace_g_core_state_admm_y_x_3_d0        |  out|   26|   ap_memory|                         p_anonymous_namespace_g_core_state_admm_y_x_3|         array|
|p_anonymous_namespace_g_core_state_admm_y_x_4_address0  |  out|    5|   ap_memory|                         p_anonymous_namespace_g_core_state_admm_y_x_4|         array|
|p_anonymous_namespace_g_core_state_admm_y_x_4_ce0       |  out|    1|   ap_memory|                         p_anonymous_namespace_g_core_state_admm_y_x_4|         array|
|p_anonymous_namespace_g_core_state_admm_y_x_4_we0       |  out|    1|   ap_memory|                         p_anonymous_namespace_g_core_state_admm_y_x_4|         array|
|p_anonymous_namespace_g_core_state_admm_y_x_4_d0        |  out|   26|   ap_memory|                         p_anonymous_namespace_g_core_state_admm_y_x_4|         array|
|p_anonymous_namespace_g_core_state_admm_y_x_5_address0  |  out|    5|   ap_memory|                         p_anonymous_namespace_g_core_state_admm_y_x_5|         array|
|p_anonymous_namespace_g_core_state_admm_y_x_5_ce0       |  out|    1|   ap_memory|                         p_anonymous_namespace_g_core_state_admm_y_x_5|         array|
|p_anonymous_namespace_g_core_state_admm_y_x_5_we0       |  out|    1|   ap_memory|                         p_anonymous_namespace_g_core_state_admm_y_x_5|         array|
|p_anonymous_namespace_g_core_state_admm_y_x_5_d0        |  out|   26|   ap_memory|                         p_anonymous_namespace_g_core_state_admm_y_x_5|         array|
|p_anonymous_namespace_g_core_state_admm_y_x_6_address0  |  out|    5|   ap_memory|                         p_anonymous_namespace_g_core_state_admm_y_x_6|         array|
|p_anonymous_namespace_g_core_state_admm_y_x_6_ce0       |  out|    1|   ap_memory|                         p_anonymous_namespace_g_core_state_admm_y_x_6|         array|
|p_anonymous_namespace_g_core_state_admm_y_x_6_we0       |  out|    1|   ap_memory|                         p_anonymous_namespace_g_core_state_admm_y_x_6|         array|
|p_anonymous_namespace_g_core_state_admm_y_x_6_d0        |  out|   26|   ap_memory|                         p_anonymous_namespace_g_core_state_admm_y_x_6|         array|
|p_anonymous_namespace_g_core_state_admm_y_x_7_address0  |  out|    5|   ap_memory|                         p_anonymous_namespace_g_core_state_admm_y_x_7|         array|
|p_anonymous_namespace_g_core_state_admm_y_x_7_ce0       |  out|    1|   ap_memory|                         p_anonymous_namespace_g_core_state_admm_y_x_7|         array|
|p_anonymous_namespace_g_core_state_admm_y_x_7_we0       |  out|    1|   ap_memory|                         p_anonymous_namespace_g_core_state_admm_y_x_7|         array|
|p_anonymous_namespace_g_core_state_admm_y_x_7_d0        |  out|   26|   ap_memory|                         p_anonymous_namespace_g_core_state_admm_y_x_7|         array|
+--------------------------------------------------------+-----+-----+------------+----------------------------------------------------------------------+--------------+

============================================================
+ Verbose Summary: Synthesis Manager
============================================================
InlineROM: 1
ExposeGlobal: 0
============================================================
+ Verbose Summary: CDFG Model
============================================================
IsTopModel: 0
ResetActiveHigh: 1
IsCombinational: 2
IsDatapathOnly: 2
HasWiredReturn: 1
HasMFsm: 2
HasVarLatency: 1
IsPipeline: 0
IsRtlPipelined: 0
IsInstanceOverlapped: 0
IsDontTouch: 0
HasImplIP: 0
IsGatedGlobalClock: 0

+ Individual pipeline summary: 
  * Pipeline-0: initiation interval (II) = 1, depth = 1


============================================================
+ Verbose Summary: Schedule
============================================================
* Number of FSM states : 1
* Pipeline : 1
  Pipeline-0 : II = 1, D = 1, States = { 1 }
* Dataflow Pipeline: 0

* FSM state transitions: 
1 --> 

* FSM state operations: 

State 1 <SV = 0> <Delay = 1.89>
ST_1 : Operation 4 [1/1] (0.00ns)   --->   "%k = alloca i32 1" [../src/../include/mpc_fpga_types.h:348->../src/mpc_fpga_top.cpp:90->../src/mpc_fpga_top.cpp:295]   --->   Operation 4 'alloca' 'k' <Predicate = true> <Delay = 0.00>
ST_1 : Operation 5 [1/1] (0.42ns)   --->   "%store_ln348 = store i5 0, i5 %k" [../src/../include/mpc_fpga_types.h:348->../src/mpc_fpga_top.cpp:90->../src/mpc_fpga_top.cpp:295]   --->   Operation 5 'store' 'store_ln348' <Predicate = true> <Delay = 0.42>
ST_1 : Operation 6 [1/1] (0.00ns)   --->   "%br_ln0 = br void %for.body.i.i6"   --->   Operation 6 'br' 'br_ln0' <Predicate = true> <Delay = 0.00>
ST_1 : Operation 7 [1/1] (0.00ns)   --->   "%k_15 = load i5 %k" [../src/../include/mpc_fpga_types.h:348->../src/mpc_fpga_top.cpp:90->../src/mpc_fpga_top.cpp:295]   --->   Operation 7 'load' 'k_15' <Predicate = true> <Delay = 0.00>
ST_1 : Operation 8 [1/1] (0.78ns)   --->   "%icmp_ln348 = icmp_eq  i5 %k_15, i5 21" [../src/../include/mpc_fpga_types.h:348->../src/mpc_fpga_top.cpp:90->../src/mpc_fpga_top.cpp:295]   --->   Operation 8 'icmp' 'icmp_ln348' <Predicate = true> <Delay = 0.78> <CoreInst = "Cmp">   --->   Core 9 'Cmp' <Latency = 0> <II = 1> <Delay = 0.78> <FuncUnit> <Opcode : 'seteq' 'setne' 'setle' 'setge' 'setlt' 'setgt'> <InPorts = 2> <OutPorts = 1>
ST_1 : Operation 9 [1/1] (0.78ns)   --->   "%add_ln348 = add i5 %k_15, i5 1" [../src/../include/mpc_fpga_types.h:348->../src/mpc_fpga_top.cpp:90->../src/mpc_fpga_top.cpp:295]   --->   Operation 9 'add' 'add_ln348' <Predicate = true> <Delay = 0.78> <CoreInst = "Adder">   --->   Core 1 'Adder' <Latency = 0> <II = 1> <Delay = 0.78> <FuncUnit> <Opcode : 'add' 'sub'> <InPorts = 2> <OutPorts = 1>
ST_1 : Operation 10 [1/1] (0.00ns)   --->   "%br_ln348 = br i1 %icmp_ln348, void %for.body.i.i6.split, void %for.body14.i.i.preheader.exitStub" [../src/../include/mpc_fpga_types.h:348->../src/mpc_fpga_top.cpp:90->../src/mpc_fpga_top.cpp:295]   --->   Operation 10 'br' 'br_ln348' <Predicate = true> <Delay = 0.00>
ST_1 : Operation 11 [1/1] (0.00ns)   --->   "%zext_ln348 = zext i5 %k_15" [../src/../include/mpc_fpga_types.h:348->../src/mpc_fpga_top.cpp:90->../src/mpc_fpga_top.cpp:295]   --->   Operation 11 'zext' 'zext_ln348' <Predicate = (!icmp_ln348)> <Delay = 0.00>
ST_1 : Operation 12 [1/1] (0.00ns)   --->   "%specpipeline_ln349 = specpipeline void @_ssdm_op_SpecPipeline, i32 1, i32 0, i32 0, i32 0, i32 4294967295, void @empty_524" [../src/../include/mpc_fpga_types.h:349->../src/mpc_fpga_top.cpp:90->../src/mpc_fpga_top.cpp:295]   --->   Operation 12 'specpipeline' 'specpipeline_ln349' <Predicate = (!icmp_ln348)> <Delay = 0.00>
ST_1 : Operation 13 [1/1] (0.00ns)   --->   "%speclooptripcount_ln348 = speclooptripcount void @_ssdm_op_SpecLoopTripCount, i64 21, i64 21, i64 21" [../src/../include/mpc_fpga_types.h:348->../src/mpc_fpga_top.cpp:90->../src/mpc_fpga_top.cpp:295]   --->   Operation 13 'speclooptripcount' 'speclooptripcount_ln348' <Predicate = (!icmp_ln348)> <Delay = 0.00>
ST_1 : Operation 14 [1/1] (0.00ns)   --->   "%specloopname_ln348 = specloopname void @_ssdm_op_SpecLoopName, void @empty_503" [../src/../include/mpc_fpga_types.h:348->../src/mpc_fpga_top.cpp:90->../src/mpc_fpga_top.cpp:295]   --->   Operation 14 'specloopname' 'specloopname_ln348' <Predicate = (!icmp_ln348)> <Delay = 0.00>
ST_1 : Operation 15 [1/1] (0.00ns)   --->   "%p_anonymous_namespace_g_core_state_admm_y_x_0_addr = getelementptr i26 %p_anonymous_namespace_g_core_state_admm_y_x_0, i64 0, i64 %zext_ln348" [../src/../include/mpc_fpga_types.h:351->../src/mpc_fpga_top.cpp:90->../src/mpc_fpga_top.cpp:295]   --->   Operation 15 'getelementptr' 'p_anonymous_namespace_g_core_state_admm_y_x_0_addr' <Predicate = (!icmp_ln348)> <Delay = 0.00>
ST_1 : Operation 16 [1/1] (0.00ns)   --->   "%p_anonymous_namespace_g_core_state_admm_y_x_1_addr = getelementptr i26 %p_anonymous_namespace_g_core_state_admm_y_x_1, i64 0, i64 %zext_ln348" [../src/../include/mpc_fpga_types.h:351->../src/mpc_fpga_top.cpp:90->../src/mpc_fpga_top.cpp:295]   --->   Operation 16 'getelementptr' 'p_anonymous_namespace_g_core_state_admm_y_x_1_addr' <Predicate = (!icmp_ln348)> <Delay = 0.00>
ST_1 : Operation 17 [1/1] (0.00ns)   --->   "%p_anonymous_namespace_g_core_state_admm_y_x_2_addr = getelementptr i26 %p_anonymous_namespace_g_core_state_admm_y_x_2, i64 0, i64 %zext_ln348" [../src/../include/mpc_fpga_types.h:351->../src/mpc_fpga_top.cpp:90->../src/mpc_fpga_top.cpp:295]   --->   Operation 17 'getelementptr' 'p_anonymous_namespace_g_core_state_admm_y_x_2_addr' <Predicate = (!icmp_ln348)> <Delay = 0.00>
ST_1 : Operation 18 [1/1] (0.00ns)   --->   "%p_anonymous_namespace_g_core_state_admm_y_x_3_addr = getelementptr i26 %p_anonymous_namespace_g_core_state_admm_y_x_3, i64 0, i64 %zext_ln348" [../src/../include/mpc_fpga_types.h:351->../src/mpc_fpga_top.cpp:90->../src/mpc_fpga_top.cpp:295]   --->   Operation 18 'getelementptr' 'p_anonymous_namespace_g_core_state_admm_y_x_3_addr' <Predicate = (!icmp_ln348)> <Delay = 0.00>
ST_1 : Operation 19 [1/1] (0.00ns)   --->   "%p_anonymous_namespace_g_core_state_admm_y_x_4_addr = getelementptr i26 %p_anonymous_namespace_g_core_state_admm_y_x_4, i64 0, i64 %zext_ln348" [../src/../include/mpc_fpga_types.h:351->../src/mpc_fpga_top.cpp:90->../src/mpc_fpga_top.cpp:295]   --->   Operation 19 'getelementptr' 'p_anonymous_namespace_g_core_state_admm_y_x_4_addr' <Predicate = (!icmp_ln348)> <Delay = 0.00>
ST_1 : Operation 20 [1/1] (0.00ns)   --->   "%p_anonymous_namespace_g_core_state_admm_y_x_5_addr = getelementptr i26 %p_anonymous_namespace_g_core_state_admm_y_x_5, i64 0, i64 %zext_ln348" [../src/../include/mpc_fpga_types.h:351->../src/mpc_fpga_top.cpp:90->../src/mpc_fpga_top.cpp:295]   --->   Operation 20 'getelementptr' 'p_anonymous_namespace_g_core_state_admm_y_x_5_addr' <Predicate = (!icmp_ln348)> <Delay = 0.00>
ST_1 : Operation 21 [1/1] (0.00ns)   --->   "%p_anonymous_namespace_g_core_state_admm_y_x_6_addr = getelementptr i26 %p_anonymous_namespace_g_core_state_admm_y_x_6, i64 0, i64 %zext_ln348" [../src/../include/mpc_fpga_types.h:351->../src/mpc_fpga_top.cpp:90->../src/mpc_fpga_top.cpp:295]   --->   Operation 21 'getelementptr' 'p_anonymous_namespace_g_core_state_admm_y_x_6_addr' <Predicate = (!icmp_ln348)> <Delay = 0.00>
ST_1 : Operation 22 [1/1] (0.00ns)   --->   "%p_anonymous_namespace_g_core_state_admm_y_x_7_addr = getelementptr i26 %p_anonymous_namespace_g_core_state_admm_y_x_7, i64 0, i64 %zext_ln348" [../src/../include/mpc_fpga_types.h:351->../src/mpc_fpga_top.cpp:90->../src/mpc_fpga_top.cpp:295]   --->   Operation 22 'getelementptr' 'p_anonymous_namespace_g_core_state_admm_y_x_7_addr' <Predicate = (!icmp_ln348)> <Delay = 0.00>
ST_1 : Operation 23 [1/1] ( I:0.67ns O:0.67ns )   --->   "%store_ln351 = store i26 0, i5 %p_anonymous_namespace_g_core_state_admm_y_x_0_addr" [../src/../include/mpc_fpga_types.h:351->../src/mpc_fpga_top.cpp:90->../src/mpc_fpga_top.cpp:295]   --->   Operation 23 'store' 'store_ln351' <Predicate = (!icmp_ln348)> <Delay = 0.67> <CoreInst = "RAM">   --->   Core 82 'RAM' <Latency = 1> <II = 1> <Delay = 0.67> <Storage> <Opcode : 'load' 'store'> <Ports = 2> <Width = 26> <Depth = 21> <RAM>
ST_1 : Operation 24 [1/1] ( I:0.67ns O:0.67ns )   --->   "%store_ln351 = store i26 0, i5 %p_anonymous_namespace_g_core_state_admm_y_x_1_addr" [../src/../include/mpc_fpga_types.h:351->../src/mpc_fpga_top.cpp:90->../src/mpc_fpga_top.cpp:295]   --->   Operation 24 'store' 'store_ln351' <Predicate = (!icmp_ln348)> <Delay = 0.67> <CoreInst = "RAM">   --->   Core 82 'RAM' <Latency = 1> <II = 1> <Delay = 0.67> <Storage> <Opcode : 'load' 'store'> <Ports = 2> <Width = 26> <Depth = 21> <RAM>
ST_1 : Operation 25 [1/1] ( I:0.67ns O:0.67ns )   --->   "%store_ln351 = store i26 0, i5 %p_anonymous_namespace_g_core_state_admm_y_x_2_addr" [../src/../include/mpc_fpga_types.h:351->../src/mpc_fpga_top.cpp:90->../src/mpc_fpga_top.cpp:295]   --->   Operation 25 'store' 'store_ln351' <Predicate = (!icmp_ln348)> <Delay = 0.67> <CoreInst = "RAM">   --->   Core 82 'RAM' <Latency = 1> <II = 1> <Delay = 0.67> <Storage> <Opcode : 'load' 'store'> <Ports = 2> <Width = 26> <Depth = 21> <RAM>
ST_1 : Operation 26 [1/1] ( I:0.67ns O:0.67ns )   --->   "%store_ln351 = store i26 0, i5 %p_anonymous_namespace_g_core_state_admm_y_x_3_addr" [../src/../include/mpc_fpga_types.h:351->../src/mpc_fpga_top.cpp:90->../src/mpc_fpga_top.cpp:295]   --->   Operation 26 'store' 'store_ln351' <Predicate = (!icmp_ln348)> <Delay = 0.67> <CoreInst = "RAM">   --->   Core 82 'RAM' <Latency = 1> <II = 1> <Delay = 0.67> <Storage> <Opcode : 'load' 'store'> <Ports = 2> <Width = 26> <Depth = 21> <RAM>
ST_1 : Operation 27 [1/1] ( I:0.67ns O:0.67ns )   --->   "%store_ln351 = store i26 0, i5 %p_anonymous_namespace_g_core_state_admm_y_x_4_addr" [../src/../include/mpc_fpga_types.h:351->../src/mpc_fpga_top.cpp:90->../src/mpc_fpga_top.cpp:295]   --->   Operation 27 'store' 'store_ln351' <Predicate = (!icmp_ln348)> <Delay = 0.67> <CoreInst = "RAM">   --->   Core 82 'RAM' <Latency = 1> <II = 1> <Delay = 0.67> <Storage> <Opcode : 'load' 'store'> <Ports = 2> <Width = 26> <Depth = 21> <RAM>
ST_1 : Operation 28 [1/1] ( I:0.67ns O:0.67ns )   --->   "%store_ln351 = store i26 0, i5 %p_anonymous_namespace_g_core_state_admm_y_x_5_addr" [../src/../include/mpc_fpga_types.h:351->../src/mpc_fpga_top.cpp:90->../src/mpc_fpga_top.cpp:295]   --->   Operation 28 'store' 'store_ln351' <Predicate = (!icmp_ln348)> <Delay = 0.67> <CoreInst = "RAM">   --->   Core 82 'RAM' <Latency = 1> <II = 1> <Delay = 0.67> <Storage> <Opcode : 'load' 'store'> <Ports = 2> <Width = 26> <Depth = 21> <RAM>
ST_1 : Operation 29 [1/1] ( I:0.67ns O:0.67ns )   --->   "%store_ln351 = store i26 0, i5 %p_anonymous_namespace_g_core_state_admm_y_x_6_addr" [../src/../include/mpc_fpga_types.h:351->../src/mpc_fpga_top.cpp:90->../src/mpc_fpga_top.cpp:295]   --->   Operation 29 'store' 'store_ln351' <Predicate = (!icmp_ln348)> <Delay = 0.67> <CoreInst = "RAM">   --->   Core 82 'RAM' <Latency = 1> <II = 1> <Delay = 0.67> <Storage> <Opcode : 'load' 'store'> <Ports = 2> <Width = 26> <Depth = 21> <RAM>
ST_1 : Operation 30 [1/1] ( I:0.67ns O:0.67ns )   --->   "%store_ln351 = store i26 0, i5 %p_anonymous_namespace_g_core_state_admm_y_x_7_addr" [../src/../include/mpc_fpga_types.h:351->../src/mpc_fpga_top.cpp:90->../src/mpc_fpga_top.cpp:295]   --->   Operation 30 'store' 'store_ln351' <Predicate = (!icmp_ln348)> <Delay = 0.67> <CoreInst = "RAM">   --->   Core 82 'RAM' <Latency = 1> <II = 1> <Delay = 0.67> <Storage> <Opcode : 'load' 'store'> <Ports = 2> <Width = 26> <Depth = 21> <RAM>
ST_1 : Operation 31 [1/1] (0.42ns)   --->   "%store_ln348 = store i5 %add_ln348, i5 %k" [../src/../include/mpc_fpga_types.h:348->../src/mpc_fpga_top.cpp:90->../src/mpc_fpga_top.cpp:295]   --->   Operation 31 'store' 'store_ln348' <Predicate = (!icmp_ln348)> <Delay = 0.42>
ST_1 : Operation 32 [1/1] (0.00ns)   --->   "%br_ln348 = br void %for.body.i.i6" [../src/../include/mpc_fpga_types.h:348->../src/mpc_fpga_top.cpp:90->../src/mpc_fpga_top.cpp:295]   --->   Operation 32 'br' 'br_ln348' <Predicate = (!icmp_ln348)> <Delay = 0.00>
ST_1 : Operation 33 [1/1] (0.42ns)   --->   "%ret_ln0 = ret"   --->   Operation 33 'ret' 'ret_ln0' <Predicate = (icmp_ln348)> <Delay = 0.42>


============================================================
+ Verbose Summary: Binding
============================================================
STG Binding: 
---------------- STG Properties BEGIN ----------------
- Is combinational: 0
- Is one-state seq: 0
- Is datapath-only: 0
- Is pipelined: 0
- Is top level: 0
Port [ Return ] is wired: 1; IO mode=ap_ctrl_hs:ce=0
Port [ p_anonymous_namespace_g_core_state_admm_y_x_0]:  wired=1; compound=1; hidden=0; nouse=0; global=1; static=1; extern=0; dir=1; type=1; pingpong=0; private_global=0; MemPort=[03]; IO mode=ap_memory:ce=0
Port [ p_anonymous_namespace_g_core_state_admm_y_x_1]:  wired=1; compound=1; hidden=0; nouse=0; global=1; static=1; extern=0; dir=1; type=1; pingpong=0; private_global=0; MemPort=[03]; IO mode=ap_memory:ce=0
Port [ p_anonymous_namespace_g_core_state_admm_y_x_2]:  wired=1; compound=1; hidden=0; nouse=0; global=1; static=1; extern=0; dir=1; type=1; pingpong=0; private_global=0; MemPort=[03]; IO mode=ap_memory:ce=0
Port [ p_anonymous_namespace_g_core_state_admm_y_x_3]:  wired=1; compound=1; hidden=0; nouse=0; global=1; static=1; extern=0; dir=1; type=1; pingpong=0; private_global=0; MemPort=[03]; IO mode=ap_memory:ce=0
Port [ p_anonymous_namespace_g_core_state_admm_y_x_4]:  wired=1; compound=1; hidden=0; nouse=0; global=1; static=1; extern=0; dir=1; type=1; pingpong=0; private_global=0; MemPort=[03]; IO mode=ap_memory:ce=0
Port [ p_anonymous_namespace_g_core_state_admm_y_x_5]:  wired=1; compound=1; hidden=0; nouse=0; global=1; static=1; extern=0; dir=1; type=1; pingpong=0; private_global=0; MemPort=[03]; IO mode=ap_memory:ce=0
Port [ p_anonymous_namespace_g_core_state_admm_y_x_6]:  wired=1; compound=1; hidden=0; nouse=0; global=1; static=1; extern=0; dir=1; type=1; pingpong=0; private_global=0; MemPort=[03]; IO mode=ap_memory:ce=0
Port [ p_anonymous_namespace_g_core_state_admm_y_x_7]:  wired=1; compound=1; hidden=0; nouse=0; global=1; static=1; extern=0; dir=1; type=1; pingpong=0; private_global=0; MemPort=[03]; IO mode=ap_memory:ce=0
---------------- STG Properties END ------------------

---------------- Datapath Model BEGIN ----------------

<LifeTime>
<method=bitvector/>
k                                                  (alloca           ) [ 01]
store_ln348                                        (store            ) [ 00]
br_ln0                                             (br               ) [ 00]
k_15                                               (load             ) [ 00]
icmp_ln348                                         (icmp             ) [ 01]
add_ln348                                          (add              ) [ 00]
br_ln348                                           (br               ) [ 00]
zext_ln348                                         (zext             ) [ 00]
specpipeline_ln349                                 (specpipeline     ) [ 00]
speclooptripcount_ln348                            (speclooptripcount) [ 00]
specloopname_ln348                                 (specloopname     ) [ 00]
p_anonymous_namespace_g_core_state_admm_y_x_0_addr (getelementptr    ) [ 00]
p_anonymous_namespace_g_core_state_admm_y_x_1_addr (getelementptr    ) [ 00]
p_anonymous_namespace_g_core_state_admm_y_x_2_addr (getelementptr    ) [ 00]
p_anonymous_namespace_g_core_state_admm_y_x_3_addr (getelementptr    ) [ 00]
p_anonymous_namespace_g_core_state_admm_y_x_4_addr (getelementptr    ) [ 00]
p_anonymous_namespace_g_core_state_admm_y_x_5_addr (getelementptr    ) [ 00]
p_anonymous_namespace_g_core_state_admm_y_x_6_addr (getelementptr    ) [ 00]
p_anonymous_namespace_g_core_state_admm_y_x_7_addr (getelementptr    ) [ 00]
store_ln351                                        (store            ) [ 00]
store_ln351                                        (store            ) [ 00]
store_ln351                                        (store            ) [ 00]
store_ln351                                        (store            ) [ 00]
store_ln351                                        (store            ) [ 00]
store_ln351                                        (store            ) [ 00]
store_ln351                                        (store            ) [ 00]
store_ln351                                        (store            ) [ 00]
store_ln348                                        (store            ) [ 00]
br_ln348                                           (br               ) [ 00]
ret_ln0                                            (ret              ) [ 00]
</LifeTime>

<model>

<comp_list>
<comp id="0" class="1000" name="p_anonymous_namespace_g_core_state_admm_y_x_0">
<pin_list>
<pin id="1" dir="1" index="0" bw="1" slack="0"/>
</pin_list>
<bind>
<StgValue><ssdm name="p_anonymous_namespace_g_core_state_admm_y_x_0"/><MemPortTyVec>0 3 </MemPortTyVec>
</StgValue>
</bind>
</comp>

<comp id="2" class="1000" name="p_anonymous_namespace_g_core_state_admm_y_x_1">
<pin_list>
<pin id="3" dir="1" index="0" bw="1" slack="0"/>
</pin_list>
<bind>
<StgValue><ssdm name="p_anonymous_namespace_g_core_state_admm_y_x_1"/><MemPortTyVec>0 3 </MemPortTyVec>
</StgValue>
</bind>
</comp>

<comp id="4" class="1000" name="p_anonymous_namespace_g_core_state_admm_y_x_2">
<pin_list>
<pin id="5" dir="1" index="0" bw="1" slack="0"/>
</pin_list>
<bind>
<StgValue><ssdm name="p_anonymous_namespace_g_core_state_admm_y_x_2"/><MemPortTyVec>0 3 </MemPortTyVec>
</StgValue>
</bind>
</comp>

<comp id="6" class="1000" name="p_anonymous_namespace_g_core_state_admm_y_x_3">
<pin_list>
<pin id="7" dir="1" index="0" bw="1" slack="0"/>
</pin_list>
<bind>
<StgValue><ssdm name="p_anonymous_namespace_g_core_state_admm_y_x_3"/><MemPortTyVec>0 3 </MemPortTyVec>
</StgValue>
</bind>
</comp>

<comp id="8" class="1000" name="p_anonymous_namespace_g_core_state_admm_y_x_4">
<pin_list>
<pin id="9" dir="1" index="0" bw="1" slack="0"/>
</pin_list>
<bind>
<StgValue><ssdm name="p_anonymous_namespace_g_core_state_admm_y_x_4"/><MemPortTyVec>0 3 </MemPortTyVec>
</StgValue>
</bind>
</comp>

<comp id="10" class="1000" name="p_anonymous_namespace_g_core_state_admm_y_x_5">
<pin_list>
<pin id="11" dir="1" index="0" bw="1" slack="0"/>
</pin_list>
<bind>
<StgValue><ssdm name="p_anonymous_namespace_g_core_state_admm_y_x_5"/><MemPortTyVec>0 3 </MemPortTyVec>
</StgValue>
</bind>
</comp>

<comp id="12" class="1000" name="p_anonymous_namespace_g_core_state_admm_y_x_6">
<pin_list>
<pin id="13" dir="1" index="0" bw="1" slack="0"/>
</pin_list>
<bind>
<StgValue><ssdm name="p_anonymous_namespace_g_core_state_admm_y_x_6"/><MemPortTyVec>0 3 </MemPortTyVec>
</StgValue>
</bind>
</comp>

<comp id="14" class="1000" name="p_anonymous_namespace_g_core_state_admm_y_x_7">
<pin_list>
<pin id="15" dir="1" index="0" bw="1" slack="0"/>
</pin_list>
<bind>
<StgValue><ssdm name="p_anonymous_namespace_g_core_state_admm_y_x_7"/><MemPortTyVec>0 3 </MemPortTyVec>
</StgValue>
</bind>
</comp>

<comp id="16" class="1001" name="const_16">
<pin_list>
<pin id="17" dir="1" index="0" bw="1" slack="0"/>
</pin_list>
<bind>
<StgValue><ssdm name=""/></StgValue>
</bind>
</comp>

<comp id="18" class="1001" name="const_18">
<pin_list>
<pin id="19" dir="1" index="0" bw="1" slack="0"/>
</pin_list>
<bind>
<StgValue><ssdm name=""/></StgValue>
</bind>
</comp>

<comp id="20" class="1001" name="const_20">
<pin_list>
<pin id="21" dir="1" index="0" bw="1" slack="0"/>
</pin_list>
<bind>
<StgValue><ssdm name=""/></StgValue>
</bind>
</comp>

<comp id="22" class="1001" name="const_22">
<pin_list>
<pin id="23" dir="1" index="0" bw="1" slack="0"/>
</pin_list>
<bind>
<StgValue><ssdm name=""/></StgValue>
</bind>
</comp>

<comp id="24" class="1001" name="const_24">
<pin_list>
<pin id="25" dir="1" index="0" bw="1" slack="2147483647"/>
</pin_list>
<bind>
<StgValue><ssdm name="_ssdm_op_SpecPipeline"/></StgValue>
</bind>
</comp>

<comp id="26" class="1001" name="const_26">
<pin_list>
<pin id="27" dir="1" index="0" bw="1" slack="2147483647"/>
</pin_list>
<bind>
<StgValue><ssdm name=""/></StgValue>
</bind>
</comp>

<comp id="28" class="1001" name="const_28">
<pin_list>
<pin id="29" dir="1" index="0" bw="1" slack="2147483647"/>
</pin_list>
<bind>
<StgValue><ssdm name=""/></StgValue>
</bind>
</comp>

<comp id="30" class="1001" name="const_30">
<pin_list>
<pin id="31" dir="1" index="0" bw="1" slack="2147483647"/>
</pin_list>
<bind>
<StgValue><ssdm name="empty_524"/></StgValue>
</bind>
</comp>

<comp id="32" class="1001" name="const_32">
<pin_list>
<pin id="33" dir="1" index="0" bw="1" slack="2147483647"/>
</pin_list>
<bind>
<StgValue><ssdm name="_ssdm_op_SpecLoopTripCount"/></StgValue>
</bind>
</comp>

<comp id="34" class="1001" name="const_34">
<pin_list>
<pin id="35" dir="1" index="0" bw="1" slack="2147483647"/>
</pin_list>
<bind>
<StgValue><ssdm name=""/></StgValue>
</bind>
</comp>

<comp id="36" class="1001" name="const_36">
<pin_list>
<pin id="37" dir="1" index="0" bw="1" slack="2147483647"/>
</pin_list>
<bind>
<StgValue><ssdm name="_ssdm_op_SpecLoopName"/></StgValue>
</bind>
</comp>

<comp id="38" class="1001" name="const_38">
<pin_list>
<pin id="39" dir="1" index="0" bw="1" slack="2147483647"/>
</pin_list>
<bind>
<StgValue><ssdm name="empty_503"/></StgValue>
</bind>
</comp>

<comp id="40" class="1001" name="const_40">
<pin_list>
<pin id="41" dir="1" index="0" bw="1" slack="0"/>
</pin_list>
<bind>
<StgValue><ssdm name=""/></StgValue>
</bind>
</comp>

<comp id="42" class="1001" name="const_42">
<pin_list>
<pin id="43" dir="1" index="0" bw="1" slack="0"/>
</pin_list>
<bind>
<StgValue><ssdm name=""/></StgValue>
</bind>
</comp>

<comp id="44" class="1004" name="k_fu_44">
<pin_list>
<pin id="45" dir="0" index="0" bw="1" slack="0"/>
<pin id="46" dir="1" index="1" bw="5" slack="0"/>
</pin_list>
<bind>
<opcode="alloca(26) " fcode="alloca"/>
<opset="k/1 "/>
</bind>
</comp>

<comp id="48" class="1004" name="p_anonymous_namespace_g_core_state_admm_y_x_0_addr_gep_fu_48">
<pin_list>
<pin id="49" dir="0" index="0" bw="26" slack="0"/>
<pin id="50" dir="0" index="1" bw="1" slack="0"/>
<pin id="51" dir="0" index="2" bw="5" slack="0"/>
<pin id="52" dir="1" index="3" bw="5" slack="0"/>
</pin_list>
<bind>
<opcode="getelementptr(29) " fcode="getelementptr"/>
<opset="p_anonymous_namespace_g_core_state_admm_y_x_0_addr/1 "/>
</bind>
</comp>

<comp id="55" class="1004" name="p_anonymous_namespace_g_core_state_admm_y_x_1_addr_gep_fu_55">
<pin_list>
<pin id="56" dir="0" index="0" bw="26" slack="0"/>
<pin id="57" dir="0" index="1" bw="1" slack="0"/>
<pin id="58" dir="0" index="2" bw="5" slack="0"/>
<pin id="59" dir="1" index="3" bw="5" slack="0"/>
</pin_list>
<bind>
<opcode="getelementptr(29) " fcode="getelementptr"/>
<opset="p_anonymous_namespace_g_core_state_admm_y_x_1_addr/1 "/>
</bind>
</comp>

<comp id="62" class="1004" name="p_anonymous_namespace_g_core_state_admm_y_x_2_addr_gep_fu_62">
<pin_list>
<pin id="63" dir="0" index="0" bw="26" slack="0"/>
<pin id="64" dir="0" index="1" bw="1" slack="0"/>
<pin id="65" dir="0" index="2" bw="5" slack="0"/>
<pin id="66" dir="1" index="3" bw="5" slack="0"/>
</pin_list>
<bind>
<opcode="getelementptr(29) " fcode="getelementptr"/>
<opset="p_anonymous_namespace_g_core_state_admm_y_x_2_addr/1 "/>
</bind>
</comp>

<comp id="69" class="1004" name="p_anonymous_namespace_g_core_state_admm_y_x_3_addr_gep_fu_69">
<pin_list>
<pin id="70" dir="0" index="0" bw="26" slack="0"/>
<pin id="71" dir="0" index="1" bw="1" slack="0"/>
<pin id="72" dir="0" index="2" bw="5" slack="0"/>
<pin id="73" dir="1" index="3" bw="5" slack="0"/>
</pin_list>
<bind>
<opcode="getelementptr(29) " fcode="getelementptr"/>
<opset="p_anonymous_namespace_g_core_state_admm_y_x_3_addr/1 "/>
</bind>
</comp>

<comp id="76" class="1004" name="p_anonymous_namespace_g_core_state_admm_y_x_4_addr_gep_fu_76">
<pin_list>
<pin id="77" dir="0" index="0" bw="26" slack="0"/>
<pin id="78" dir="0" index="1" bw="1" slack="0"/>
<pin id="79" dir="0" index="2" bw="5" slack="0"/>
<pin id="80" dir="1" index="3" bw="5" slack="0"/>
</pin_list>
<bind>
<opcode="getelementptr(29) " fcode="getelementptr"/>
<opset="p_anonymous_namespace_g_core_state_admm_y_x_4_addr/1 "/>
</bind>
</comp>

<comp id="83" class="1004" name="p_anonymous_namespace_g_core_state_admm_y_x_5_addr_gep_fu_83">
<pin_list>
<pin id="84" dir="0" index="0" bw="26" slack="0"/>
<pin id="85" dir="0" index="1" bw="1" slack="0"/>
<pin id="86" dir="0" index="2" bw="5" slack="0"/>
<pin id="87" dir="1" index="3" bw="5" slack="0"/>
</pin_list>
<bind>
<opcode="getelementptr(29) " fcode="getelementptr"/>
<opset="p_anonymous_namespace_g_core_state_admm_y_x_5_addr/1 "/>
</bind>
</comp>

<comp id="90" class="1004" name="p_anonymous_namespace_g_core_state_admm_y_x_6_addr_gep_fu_90">
<pin_list>
<pin id="91" dir="0" index="0" bw="26" slack="0"/>
<pin id="92" dir="0" index="1" bw="1" slack="0"/>
<pin id="93" dir="0" index="2" bw="5" slack="0"/>
<pin id="94" dir="1" index="3" bw="5" slack="0"/>
</pin_list>
<bind>
<opcode="getelementptr(29) " fcode="getelementptr"/>
<opset="p_anonymous_namespace_g_core_state_admm_y_x_6_addr/1 "/>
</bind>
</comp>

<comp id="97" class="1004" name="p_anonymous_namespace_g_core_state_admm_y_x_7_addr_gep_fu_97">
<pin_list>
<pin id="98" dir="0" index="0" bw="26" slack="0"/>
<pin id="99" dir="0" index="1" bw="1" slack="0"/>
<pin id="100" dir="0" index="2" bw="5" slack="0"/>
<pin id="101" dir="1" index="3" bw="5" slack="0"/>
</pin_list>
<bind>
<opcode="getelementptr(29) " fcode="getelementptr"/>
<opset="p_anonymous_namespace_g_core_state_admm_y_x_7_addr/1 "/>
</bind>
</comp>

<comp id="104" class="1004" name="store_ln351_access_fu_104">
<pin_list>
<pin id="105" dir="0" index="0" bw="5" slack="0"/>
<pin id="106" dir="0" index="1" bw="26" slack="0"/>
<pin id="107" dir="0" index="2" bw="0" slack="2147483647"/>
<pin id="108" dir="1" index="3" bw="26" slack="2147483647"/>
</pin_list>
<bind>
<opcode="store(28) " fcode="store"/>
<opset="store_ln351/1 "/>
</bind>
</comp>

<comp id="111" class="1004" name="store_ln351_access_fu_111">
<pin_list>
<pin id="112" dir="0" index="0" bw="5" slack="0"/>
<pin id="113" dir="0" index="1" bw="26" slack="0"/>
<pin id="114" dir="0" index="2" bw="0" slack="2147483647"/>
<pin id="115" dir="1" index="3" bw="26" slack="2147483647"/>
</pin_list>
<bind>
<opcode="store(28) " fcode="store"/>
<opset="store_ln351/1 "/>
</bind>
</comp>

<comp id="118" class="1004" name="store_ln351_access_fu_118">
<pin_list>
<pin id="119" dir="0" index="0" bw="5" slack="0"/>
<pin id="120" dir="0" index="1" bw="26" slack="0"/>
<pin id="121" dir="0" index="2" bw="0" slack="2147483647"/>
<pin id="122" dir="1" index="3" bw="26" slack="2147483647"/>
</pin_list>
<bind>
<opcode="store(28) " fcode="store"/>
<opset="store_ln351/1 "/>
</bind>
</comp>

<comp id="125" class="1004" name="store_ln351_access_fu_125">
<pin_list>
<pin id="126" dir="0" index="0" bw="5" slack="0"/>
<pin id="127" dir="0" index="1" bw="26" slack="0"/>
<pin id="128" dir="0" index="2" bw="0" slack="2147483647"/>
<pin id="129" dir="1" index="3" bw="26" slack="2147483647"/>
</pin_list>
<bind>
<opcode="store(28) " fcode="store"/>
<opset="store_ln351/1 "/>
</bind>
</comp>

<comp id="132" class="1004" name="store_ln351_access_fu_132">
<pin_list>
<pin id="133" dir="0" index="0" bw="5" slack="0"/>
<pin id="134" dir="0" index="1" bw="26" slack="0"/>
<pin id="135" dir="0" index="2" bw="0" slack="2147483647"/>
<pin id="136" dir="1" index="3" bw="26" slack="2147483647"/>
</pin_list>
<bind>
<opcode="store(28) " fcode="store"/>
<opset="store_ln351/1 "/>
</bind>
</comp>

<comp id="139" class="1004" name="store_ln351_access_fu_139">
<pin_list>
<pin id="140" dir="0" index="0" bw="5" slack="0"/>
<pin id="141" dir="0" index="1" bw="26" slack="0"/>
<pin id="142" dir="0" index="2" bw="0" slack="2147483647"/>
<pin id="143" dir="1" index="3" bw="26" slack="2147483647"/>
</pin_list>
<bind>
<opcode="store(28) " fcode="store"/>
<opset="store_ln351/1 "/>
</bind>
</comp>

<comp id="146" class="1004" name="store_ln351_access_fu_146">
<pin_list>
<pin id="147" dir="0" index="0" bw="5" slack="0"/>
<pin id="148" dir="0" index="1" bw="26" slack="0"/>
<pin id="149" dir="0" index="2" bw="0" slack="2147483647"/>
<pin id="150" dir="1" index="3" bw="26" slack="2147483647"/>
</pin_list>
<bind>
<opcode="store(28) " fcode="store"/>
<opset="store_ln351/1 "/>
</bind>
</comp>

<comp id="153" class="1004" name="store_ln351_access_fu_153">
<pin_list>
<pin id="154" dir="0" index="0" bw="5" slack="0"/>
<pin id="155" dir="0" index="1" bw="26" slack="0"/>
<pin id="156" dir="0" index="2" bw="0" slack="2147483647"/>
<pin id="157" dir="1" index="3" bw="26" slack="2147483647"/>
</pin_list>
<bind>
<opcode="store(28) " fcode="store"/>
<opset="store_ln351/1 "/>
</bind>
</comp>

<comp id="160" class="1004" name="store_ln348_store_fu_160">
<pin_list>
<pin id="161" dir="0" index="0" bw="1" slack="0"/>
<pin id="162" dir="0" index="1" bw="5" slack="0"/>
<pin id="163" dir="1" index="2" bw="0" slack="2147483647"/>
</pin_list>
<bind>
<opcode="store(28) " fcode="store"/>
<opset="store_ln348/1 "/>
</bind>
</comp>

<comp id="165" class="1004" name="k_15_load_fu_165">
<pin_list>
<pin id="166" dir="0" index="0" bw="5" slack="0"/>
<pin id="167" dir="1" index="1" bw="5" slack="0"/>
</pin_list>
<bind>
<opcode="load(27) " fcode="load"/>
<opset="k_15/1 "/>
</bind>
</comp>

<comp id="168" class="1004" name="icmp_ln348_fu_168">
<pin_list>
<pin id="169" dir="0" index="0" bw="5" slack="0"/>
<pin id="170" dir="0" index="1" bw="5" slack="0"/>
<pin id="171" dir="1" index="2" bw="1" slack="2147483647"/>
</pin_list>
<bind>
<opcode="icmp(45) " fcode="icmp"/>
<opset="icmp_ln348/1 "/>
</bind>
</comp>

<comp id="174" class="1004" name="add_ln348_fu_174">
<pin_list>
<pin id="175" dir="0" index="0" bw="5" slack="0"/>
<pin id="176" dir="0" index="1" bw="1" slack="0"/>
<pin id="177" dir="1" index="2" bw="5" slack="0"/>
</pin_list>
<bind>
<opcode="add(8) " fcode="add"/>
<opset="add_ln348/1 "/>
</bind>
</comp>

<comp id="180" class="1004" name="zext_ln348_fu_180">
<pin_list>
<pin id="181" dir="0" index="0" bw="5" slack="0"/>
<pin id="182" dir="1" index="1" bw="64" slack="0"/>
</pin_list>
<bind>
<opcode="zext(34) " fcode="zext"/>
<opset="zext_ln348/1 "/>
</bind>
</comp>

<comp id="192" class="1004" name="store_ln348_store_fu_192">
<pin_list>
<pin id="193" dir="0" index="0" bw="5" slack="0"/>
<pin id="194" dir="0" index="1" bw="5" slack="0"/>
<pin id="195" dir="1" index="2" bw="0" slack="2147483647"/>
</pin_list>
<bind>
<opcode="store(28) " fcode="store"/>
<opset="store_ln348/1 "/>
</bind>
</comp>

<comp id="197" class="1005" name="k_reg_197">
<pin_list>
<pin id="198" dir="0" index="0" bw="5" slack="0"/>
<pin id="199" dir="1" index="1" bw="5" slack="0"/>
</pin_list>
<bind>
<opset="k "/>
</bind>
</comp>

</comp_list>

<net_list>
<net id="47"><net_src comp="16" pin="0"/><net_sink comp="44" pin=0"/></net>

<net id="53"><net_src comp="0" pin="0"/><net_sink comp="48" pin=0"/></net>

<net id="54"><net_src comp="40" pin="0"/><net_sink comp="48" pin=1"/></net>

<net id="60"><net_src comp="2" pin="0"/><net_sink comp="55" pin=0"/></net>

<net id="61"><net_src comp="40" pin="0"/><net_sink comp="55" pin=1"/></net>

<net id="67"><net_src comp="4" pin="0"/><net_sink comp="62" pin=0"/></net>

<net id="68"><net_src comp="40" pin="0"/><net_sink comp="62" pin=1"/></net>

<net id="74"><net_src comp="6" pin="0"/><net_sink comp="69" pin=0"/></net>

<net id="75"><net_src comp="40" pin="0"/><net_sink comp="69" pin=1"/></net>

<net id="81"><net_src comp="8" pin="0"/><net_sink comp="76" pin=0"/></net>

<net id="82"><net_src comp="40" pin="0"/><net_sink comp="76" pin=1"/></net>

<net id="88"><net_src comp="10" pin="0"/><net_sink comp="83" pin=0"/></net>

<net id="89"><net_src comp="40" pin="0"/><net_sink comp="83" pin=1"/></net>

<net id="95"><net_src comp="12" pin="0"/><net_sink comp="90" pin=0"/></net>

<net id="96"><net_src comp="40" pin="0"/><net_sink comp="90" pin=1"/></net>

<net id="102"><net_src comp="14" pin="0"/><net_sink comp="97" pin=0"/></net>

<net id="103"><net_src comp="40" pin="0"/><net_sink comp="97" pin=1"/></net>

<net id="109"><net_src comp="42" pin="0"/><net_sink comp="104" pin=1"/></net>

<net id="110"><net_src comp="48" pin="3"/><net_sink comp="104" pin=0"/></net>

<net id="116"><net_src comp="42" pin="0"/><net_sink comp="111" pin=1"/></net>

<net id="117"><net_src comp="55" pin="3"/><net_sink comp="111" pin=0"/></net>

<net id="123"><net_src comp="42" pin="0"/><net_sink comp="118" pin=1"/></net>

<net id="124"><net_src comp="62" pin="3"/><net_sink comp="118" pin=0"/></net>

<net id="130"><net_src comp="42" pin="0"/><net_sink comp="125" pin=1"/></net>

<net id="131"><net_src comp="69" pin="3"/><net_sink comp="125" pin=0"/></net>

<net id="137"><net_src comp="42" pin="0"/><net_sink comp="132" pin=1"/></net>

<net id="138"><net_src comp="76" pin="3"/><net_sink comp="132" pin=0"/></net>

<net id="144"><net_src comp="42" pin="0"/><net_sink comp="139" pin=1"/></net>

<net id="145"><net_src comp="83" pin="3"/><net_sink comp="139" pin=0"/></net>

<net id="151"><net_src comp="42" pin="0"/><net_sink comp="146" pin=1"/></net>

<net id="152"><net_src comp="90" pin="3"/><net_sink comp="146" pin=0"/></net>

<net id="158"><net_src comp="42" pin="0"/><net_sink comp="153" pin=1"/></net>

<net id="159"><net_src comp="97" pin="3"/><net_sink comp="153" pin=0"/></net>

<net id="164"><net_src comp="18" pin="0"/><net_sink comp="160" pin=0"/></net>

<net id="172"><net_src comp="165" pin="1"/><net_sink comp="168" pin=0"/></net>

<net id="173"><net_src comp="20" pin="0"/><net_sink comp="168" pin=1"/></net>

<net id="178"><net_src comp="165" pin="1"/><net_sink comp="174" pin=0"/></net>

<net id="179"><net_src comp="22" pin="0"/><net_sink comp="174" pin=1"/></net>

<net id="183"><net_src comp="165" pin="1"/><net_sink comp="180" pin=0"/></net>

<net id="184"><net_src comp="180" pin="1"/><net_sink comp="48" pin=2"/></net>

<net id="185"><net_src comp="180" pin="1"/><net_sink comp="55" pin=2"/></net>

<net id="186"><net_src comp="180" pin="1"/><net_sink comp="62" pin=2"/></net>

<net id="187"><net_src comp="180" pin="1"/><net_sink comp="69" pin=2"/></net>

<net id="188"><net_src comp="180" pin="1"/><net_sink comp="76" pin=2"/></net>

<net id="189"><net_src comp="180" pin="1"/><net_sink comp="83" pin=2"/></net>

<net id="190"><net_src comp="180" pin="1"/><net_sink comp="90" pin=2"/></net>

<net id="191"><net_src comp="180" pin="1"/><net_sink comp="97" pin=2"/></net>

<net id="196"><net_src comp="174" pin="2"/><net_sink comp="192" pin=0"/></net>

<net id="200"><net_src comp="44" pin="1"/><net_sink comp="197" pin=0"/></net>

<net id="201"><net_src comp="197" pin="1"/><net_sink comp="160" pin=1"/></net>

<net id="202"><net_src comp="197" pin="1"/><net_sink comp="165" pin=0"/></net>

<net id="203"><net_src comp="197" pin="1"/><net_sink comp="192" pin=1"/></net>

</net_list>

</model> 
---------------- Datapath Model END ------------------

* FSMD analyzer results:
  - Output states:
	Port: p_anonymous_namespace_g_core_state_admm_y_x_0 | {1 }
	Port: p_anonymous_namespace_g_core_state_admm_y_x_1 | {1 }
	Port: p_anonymous_namespace_g_core_state_admm_y_x_2 | {1 }
	Port: p_anonymous_namespace_g_core_state_admm_y_x_3 | {1 }
	Port: p_anonymous_namespace_g_core_state_admm_y_x_4 | {1 }
	Port: p_anonymous_namespace_g_core_state_admm_y_x_5 | {1 }
	Port: p_anonymous_namespace_g_core_state_admm_y_x_6 | {1 }
	Port: p_anonymous_namespace_g_core_state_admm_y_x_7 | {1 }
 - Input state : 
	Port: (anonymous namespace)mpc_fpga_compute_core_Pipeline_VITIS_LOOP_348_1 : p_anonymous_namespace_g_core_state_admm_y_x_0 | {}
	Port: (anonymous namespace)mpc_fpga_compute_core_Pipeline_VITIS_LOOP_348_1 : p_anonymous_namespace_g_core_state_admm_y_x_1 | {}
	Port: (anonymous namespace)mpc_fpga_compute_core_Pipeline_VITIS_LOOP_348_1 : p_anonymous_namespace_g_core_state_admm_y_x_2 | {}
	Port: (anonymous namespace)mpc_fpga_compute_core_Pipeline_VITIS_LOOP_348_1 : p_anonymous_namespace_g_core_state_admm_y_x_3 | {}
	Port: (anonymous namespace)mpc_fpga_compute_core_Pipeline_VITIS_LOOP_348_1 : p_anonymous_namespace_g_core_state_admm_y_x_4 | {}
	Port: (anonymous namespace)mpc_fpga_compute_core_Pipeline_VITIS_LOOP_348_1 : p_anonymous_namespace_g_core_state_admm_y_x_5 | {}
	Port: (anonymous namespace)mpc_fpga_compute_core_Pipeline_VITIS_LOOP_348_1 : p_anonymous_namespace_g_core_state_admm_y_x_6 | {}
	Port: (anonymous namespace)mpc_fpga_compute_core_Pipeline_VITIS_LOOP_348_1 : p_anonymous_namespace_g_core_state_admm_y_x_7 | {}
  - Chain level:
	State 1
		store_ln348 : 1
		k_15 : 1
		icmp_ln348 : 2
		add_ln348 : 2
		br_ln348 : 3
		zext_ln348 : 2
		p_anonymous_namespace_g_core_state_admm_y_x_0_addr : 3
		p_anonymous_namespace_g_core_state_admm_y_x_1_addr : 3
		p_anonymous_namespace_g_core_state_admm_y_x_2_addr : 3
		p_anonymous_namespace_g_core_state_admm_y_x_3_addr : 3
		p_anonymous_namespace_g_core_state_admm_y_x_4_addr : 3
		p_anonymous_namespace_g_core_state_admm_y_x_5_addr : 3
		p_anonymous_namespace_g_core_state_admm_y_x_6_addr : 3
		p_anonymous_namespace_g_core_state_admm_y_x_7_addr : 3
		store_ln351 : 4
		store_ln351 : 4
		store_ln351 : 4
		store_ln351 : 4
		store_ln351 : 4
		store_ln351 : 4
		store_ln351 : 4
		store_ln351 : 4
		store_ln348 : 3


============================================================
+ Verbose Summary: Datapath Resource usage 
============================================================

* Functional unit list:
|----------|-------------------|---------|---------|
| Operation|  Functional Unit  |    FF   |   LUT   |
|----------|-------------------|---------|---------|
|   icmp   | icmp_ln348_fu_168 |    0    |    12   |
|----------|-------------------|---------|---------|
|    add   |  add_ln348_fu_174 |    0    |    12   |
|----------|-------------------|---------|---------|
|   zext   | zext_ln348_fu_180 |    0    |    0    |
|----------|-------------------|---------|---------|
|   Total  |                   |    0    |    24   |
|----------|-------------------|---------|---------|

Memories:
N/A

* Register list:
+---------+--------+
|         |   FF   |
+---------+--------+
|k_reg_197|    5   |
+---------+--------+
|  Total  |    5   |
+---------+--------+

* Multiplexer (MUX) list: 
|--------|------|------|------|--------|
|  Comp  |  Pin | Size |  BW  | S x BW |
|--------|------|------|------|--------|
|  Total |      |      |      |    0   |
|--------|------|------|------|--------|



* Summary:
+-----------+--------+--------+
|           |   FF   |   LUT  |
+-----------+--------+--------+
|  Function |    0   |   24   |
|   Memory  |    -   |    -   |
|Multiplexer|    -   |    -   |
|  Register |    5   |    -   |
+-----------+--------+--------+
|   Total   |    5   |   24   |
+-----------+--------+--------+
