

================================================================
== Vitis HLS Report for 'p_anonymous_namespace_unpack_input_lane_words_Pipeline_VITIS_LOOP_213_1'
================================================================
* Date:           Thu Jun 11 16:06:47 2026

* Version:        2025.2 (Build 6295257 on Nov 14 2025)
* Project:        mpc_fpga_top_opencl
* Solution:       hls (Vitis Kernel Flow Target)
* Product family: zynquplus
* Target device:  xck26-sfvc784-2LV-c


================================================================
== Performance Estimates
================================================================
+ Timing: 
    * Summary: 
    +--------+---------+----------+------------+
    |  Clock |  Target | Estimated| Uncertainty|
    +--------+---------+----------+------------+
    |ap_clk  |  5.00 ns|  4.500 ns|     0.50 ns|
    +--------+---------+----------+------------+

+ Latency: 
    * Summary: 
    +---------+---------+-----------+-----------+-----+-----+-------------------+
    |  Latency (cycles) |   Latency (absolute)  |  Interval |      Pipeline     |
    |   min   |   max   |    min    |    max    | min | max |        Type       |
    +---------+---------+-----------+-----------+-----+-----+-------------------+
    |       14|       14|  70.000 ns|  70.000 ns|    0|    0|  loop pipeline stp|
    +---------+---------+-----------+-----------+-----+-----+-------------------+

    + Detail: 
        * Instance: 
        N/A

        * Loop: 
        +--------------------+---------+---------+----------+-----------+-----------+------+----------+
        |                    |  Latency (cycles) | Iteration|  Initiation Interval  | Trip |          |
        |      Loop Name     |   min   |   max   |  Latency |  achieved |   target  | Count| Pipelined|
        +--------------------+---------+---------+----------+-----------+-----------+------+----------+
        |- VITIS_LOOP_213_1  |       12|       12|         3|          1|          1|    11|       yes|
        +--------------------+---------+---------+----------+-----------+-----------+------+----------+

============================================================
+ Verbose Summary: Synthesis Manager
============================================================
InlineROM: 1
ExposeGlobal: 0
============================================================
+ Verbose Summary: CDFG Model
============================================================
IsTopModel: 0
ResetActiveHigh: 1
IsCombinational: 0
IsDatapathOnly: 0
HasWiredReturn: 1
HasMFsm: 2
HasVarLatency: 1
IsPipeline: 0
IsRtlPipelined: 0
IsInstanceOverlapped: 0
IsDontTouch: 0
HasImplIP: 0
IsGatedGlobalClock: 0

+ Individual pipeline summary: 
  * Pipeline-0: initiation interval (II) = 1, depth = 3


============================================================
+ Verbose Summary: Schedule
============================================================
* Number of FSM states : 3
* Pipeline : 1
  Pipeline-0 : II = 1, D = 3, States = { 1 2 3 }
* Dataflow Pipeline: 0

* FSM state transitions: 
1 --> 2 
2 --> 3 
3 --> 

* FSM state operations: 

State 1 <SV = 0> <Delay = 1.65>
ST_1 : Operation 6 [1/1] (0.00ns)   --->   "%packet_idx = alloca i32 1" [../src/mpc_fpga_top.cpp:213]   --->   Operation 6 'alloca' 'packet_idx' <Predicate = true> <Delay = 0.00>
ST_1 : Operation 7 [1/1] (0.00ns)   --->   "%sext_ln213_read = read i58 @_ssdm_op_Read.ap_auto.i58, i58 %sext_ln213"   --->   Operation 7 'read' 'sext_ln213_read' <Predicate = true> <Delay = 0.00>
ST_1 : Operation 8 [1/1] (0.00ns)   --->   "%sext_ln213_cast = sext i58 %sext_ln213_read"   --->   Operation 8 'sext' 'sext_ln213_cast' <Predicate = true> <Delay = 0.00>
ST_1 : Operation 9 [1/1] (0.00ns)   --->   "%specinterface_ln0 = specinterface void @_ssdm_op_SpecInterface, i512 %gmem0, void @empty_523, i32 0, i32 0, void @empty_524, i32 64, i32 11, void @empty_515, void @empty_430, void @empty_524, i32 16, i32 16, i32 16, i32 16, void @empty_524, void @empty_524, i32 4294967295, i32 0, i32 0, i32 64"   --->   Operation 9 'specinterface' 'specinterface_ln0' <Predicate = true> <Delay = 0.00>
ST_1 : Operation 10 [1/1] (0.42ns)   --->   "%store_ln213 = store i4 0, i4 %packet_idx" [../src/mpc_fpga_top.cpp:213]   --->   Operation 10 'store' 'store_ln213' <Predicate = true> <Delay = 0.42>
ST_1 : Operation 11 [1/1] (0.00ns)   --->   "%br_ln0 = br void %for.inc"   --->   Operation 11 'br' 'br_ln0' <Predicate = true> <Delay = 0.00>
ST_1 : Operation 12 [1/1] (0.00ns)   --->   "%packet_idx_1 = load i4 %packet_idx" [../src/mpc_fpga_top.cpp:213]   --->   Operation 12 'load' 'packet_idx_1' <Predicate = true> <Delay = 0.00>
ST_1 : Operation 13 [1/1] (0.79ns)   --->   "%icmp_ln213 = icmp_eq  i4 %packet_idx_1, i4 11" [../src/mpc_fpga_top.cpp:213]   --->   Operation 13 'icmp' 'icmp_ln213' <Predicate = true> <Delay = 0.79> <CoreInst = "Cmp">   --->   Core 9 'Cmp' <Latency = 0> <II = 1> <Delay = 0.79> <FuncUnit> <Opcode : 'seteq' 'setne' 'setle' 'setge' 'setlt' 'setgt'> <InPorts = 2> <OutPorts = 1>
ST_1 : Operation 14 [1/1] (0.79ns)   --->   "%add_ln213 = add i4 %packet_idx_1, i4 1" [../src/mpc_fpga_top.cpp:213]   --->   Operation 14 'add' 'add_ln213' <Predicate = true> <Delay = 0.79> <CoreInst = "Adder">   --->   Core 1 'Adder' <Latency = 0> <II = 1> <Delay = 0.79> <FuncUnit> <Opcode : 'add' 'sub'> <InPorts = 2> <OutPorts = 1>
ST_1 : Operation 15 [1/1] (0.00ns)   --->   "%br_ln213 = br i1 %icmp_ln213, void %for.inc.split, void %for.end.exitStub" [../src/mpc_fpga_top.cpp:213]   --->   Operation 15 'br' 'br_ln213' <Predicate = true> <Delay = 0.00>
ST_1 : Operation 16 [1/1] (0.42ns)   --->   "%store_ln213 = store i4 %add_ln213, i4 %packet_idx" [../src/mpc_fpga_top.cpp:213]   --->   Operation 16 'store' 'store_ln213' <Predicate = (!icmp_ln213)> <Delay = 0.42>

State 2 <SV = 1> <Delay = 4.50>
ST_2 : Operation 17 [1/1] (0.00ns)   --->   "%gmem0_addr = getelementptr i512 %gmem0, i64 %sext_ln213_cast" [../src/mpc_fpga_top.cpp:213]   --->   Operation 17 'getelementptr' 'gmem0_addr' <Predicate = true> <Delay = 0.00>
ST_2 : Operation 18 [1/1] ( I:4.50ns O:4.50ns )   --->   "%packet = read i512 @_ssdm_op_Read.m_axi.i512.p1i512, i512 %gmem0_addr" [../src/mpc_fpga_top.cpp:215]   --->   Operation 18 'read' 'packet' <Predicate = true> <Delay = 4.50> <CoreInst = "m_axi">   --->   Core 119 'm_axi' <Latency = 3> <II = 1> <Delay = 1.00> <Adapter> <Opcode : 'readrequnaligned' 'writerequnaligned' 'read' 'write' 'readreq' 'writereq' 'writeresp'>
ST_2 : Operation 19 [1/1] (0.00ns)   --->   "%trunc_ln218 = trunc i512 %packet" [../src/mpc_fpga_top.cpp:218]   --->   Operation 19 'trunc' 'trunc_ln218' <Predicate = true> <Delay = 0.00>
ST_2 : Operation 20 [1/1] (0.00ns)   --->   "%tmp_s = partselect i32 @_ssdm_op_PartSelect.i32.i512.i32, i512 %packet, i32 32" [../src/mpc_fpga_top.cpp:219]   --->   Operation 20 'partselect' 'tmp_s' <Predicate = true> <Delay = 0.00>
ST_2 : Operation 21 [1/1] (0.00ns)   --->   "%tmp_6 = partselect i32 @_ssdm_op_PartSelect.i32.i512.i32, i512 %packet, i32 64" [../src/mpc_fpga_top.cpp:220]   --->   Operation 21 'partselect' 'tmp_6' <Predicate = true> <Delay = 0.00>
ST_2 : Operation 22 [1/1] (0.00ns)   --->   "%tmp_7_cast = partselect i26 @_ssdm_op_PartSelect.i26.i512.i32.i32, i512 %packet, i32 96, i32 121" [../src/mpc_fpga_top.cpp:221]   --->   Operation 22 'partselect' 'tmp_7_cast' <Predicate = true> <Delay = 0.00>
ST_2 : Operation 23 [1/1] (0.00ns)   --->   "%tmp_8_cast = partselect i26 @_ssdm_op_PartSelect.i26.i512.i32.i32, i512 %packet, i32 128, i32 153" [../src/mpc_fpga_top.cpp:222]   --->   Operation 23 'partselect' 'tmp_8_cast' <Predicate = true> <Delay = 0.00>
ST_2 : Operation 24 [1/1] (0.00ns)   --->   "%tmp_9_cast = partselect i26 @_ssdm_op_PartSelect.i26.i512.i32.i32, i512 %packet, i32 160, i32 185" [../src/mpc_fpga_top.cpp:223]   --->   Operation 24 'partselect' 'tmp_9_cast' <Predicate = true> <Delay = 0.00>
ST_2 : Operation 25 [1/1] (0.00ns)   --->   "%tmp_1_cast = partselect i26 @_ssdm_op_PartSelect.i26.i512.i32.i32, i512 %packet, i32 192, i32 217" [../src/mpc_fpga_top.cpp:224]   --->   Operation 25 'partselect' 'tmp_1_cast' <Predicate = true> <Delay = 0.00>
ST_2 : Operation 26 [1/1] (0.00ns)   --->   "%tmp_2 = partselect i32 @_ssdm_op_PartSelect.i32.i512.i32, i512 %packet, i32 224" [../src/mpc_fpga_top.cpp:225]   --->   Operation 26 'partselect' 'tmp_2' <Predicate = true> <Delay = 0.00>
ST_2 : Operation 27 [1/1] (0.00ns)   --->   "%tmp_3_cast = partselect i26 @_ssdm_op_PartSelect.i26.i512.i32.i32, i512 %packet, i32 256, i32 281" [../src/mpc_fpga_top.cpp:226]   --->   Operation 27 'partselect' 'tmp_3_cast' <Predicate = true> <Delay = 0.00>
ST_2 : Operation 28 [1/1] (0.00ns)   --->   "%tmp_4_cast = partselect i26 @_ssdm_op_PartSelect.i26.i512.i32.i32, i512 %packet, i32 288, i32 313" [../src/mpc_fpga_top.cpp:227]   --->   Operation 28 'partselect' 'tmp_4_cast' <Predicate = true> <Delay = 0.00>
ST_2 : Operation 29 [1/1] (0.00ns)   --->   "%tmp_5_cast = partselect i26 @_ssdm_op_PartSelect.i26.i512.i32.i32, i512 %packet, i32 320, i32 345" [../src/mpc_fpga_top.cpp:228]   --->   Operation 29 'partselect' 'tmp_5_cast' <Predicate = true> <Delay = 0.00>
ST_2 : Operation 30 [1/1] (0.00ns)   --->   "%tmp_10_cast = partselect i26 @_ssdm_op_PartSelect.i26.i512.i32.i32, i512 %packet, i32 352, i32 377" [../src/mpc_fpga_top.cpp:229]   --->   Operation 30 'partselect' 'tmp_10_cast' <Predicate = true> <Delay = 0.00>
ST_2 : Operation 31 [1/1] (0.00ns)   --->   "%tmp_11_cast = partselect i26 @_ssdm_op_PartSelect.i26.i512.i32.i32, i512 %packet, i32 384, i32 409" [../src/mpc_fpga_top.cpp:230]   --->   Operation 31 'partselect' 'tmp_11_cast' <Predicate = true> <Delay = 0.00>
ST_2 : Operation 32 [1/1] (0.00ns)   --->   "%tmp_12_cast = partselect i26 @_ssdm_op_PartSelect.i26.i512.i32.i32, i512 %packet, i32 416, i32 441" [../src/mpc_fpga_top.cpp:231]   --->   Operation 32 'partselect' 'tmp_12_cast' <Predicate = true> <Delay = 0.00>
ST_2 : Operation 33 [1/1] (0.00ns)   --->   "%tmp_13_cast = partselect i26 @_ssdm_op_PartSelect.i26.i512.i32.i32, i512 %packet, i32 448, i32 473" [../src/mpc_fpga_top.cpp:232]   --->   Operation 33 'partselect' 'tmp_13_cast' <Predicate = true> <Delay = 0.00>
ST_2 : Operation 34 [1/1] (0.00ns)   --->   "%tmp_14_cast = partselect i26 @_ssdm_op_PartSelect.i26.i512.i32.i32, i512 %packet, i32 480, i32 505" [../src/mpc_fpga_top.cpp:233]   --->   Operation 34 'partselect' 'tmp_14_cast' <Predicate = true> <Delay = 0.00>
ST_2 : Operation 72 [1/1] (0.42ns)   --->   "%ret_ln0 = ret"   --->   Operation 72 'ret' 'ret_ln0' <Predicate = (icmp_ln213)> <Delay = 0.42>

State 3 <SV = 2> <Delay = 0.67>
ST_3 : Operation 35 [1/1] (0.00ns)   --->   "%zext_ln213 = zext i4 %packet_idx_1" [../src/mpc_fpga_top.cpp:213]   --->   Operation 35 'zext' 'zext_ln213' <Predicate = true> <Delay = 0.00>
ST_3 : Operation 36 [1/1] (0.00ns)   --->   "%specpipeline_ln214 = specpipeline void @_ssdm_op_SpecPipeline, i32 1, i32 0, i32 0, i32 0, i32 4294967295, void @empty_524" [../src/mpc_fpga_top.cpp:214]   --->   Operation 36 'specpipeline' 'specpipeline_ln214' <Predicate = true> <Delay = 0.00>
ST_3 : Operation 37 [1/1] (0.00ns)   --->   "%speclooptripcount_ln213 = speclooptripcount void @_ssdm_op_SpecLoopTripCount, i64 11, i64 11, i64 11" [../src/mpc_fpga_top.cpp:213]   --->   Operation 37 'speclooptripcount' 'speclooptripcount_ln213' <Predicate = true> <Delay = 0.00>
ST_3 : Operation 38 [1/1] (0.00ns)   --->   "%specloopname_ln213 = specloopname void @_ssdm_op_SpecLoopName, void @empty_529" [../src/mpc_fpga_top.cpp:213]   --->   Operation 38 'specloopname' 'specloopname_ln213' <Predicate = true> <Delay = 0.00>
ST_3 : Operation 39 [1/1] (0.00ns)   --->   "%lane_words_0_addr = getelementptr i32 %lane_words_0, i64 0, i64 %zext_ln213" [../src/mpc_fpga_top.cpp:218]   --->   Operation 39 'getelementptr' 'lane_words_0_addr' <Predicate = true> <Delay = 0.00>
ST_3 : Operation 40 [1/1] (0.00ns)   --->   "%lane_words_1_addr = getelementptr i32 %lane_words_1, i64 0, i64 %zext_ln213" [../src/mpc_fpga_top.cpp:219]   --->   Operation 40 'getelementptr' 'lane_words_1_addr' <Predicate = true> <Delay = 0.00>
ST_3 : Operation 41 [1/1] (0.00ns)   --->   "%lane_words_2_addr = getelementptr i32 %lane_words_2, i64 0, i64 %zext_ln213" [../src/mpc_fpga_top.cpp:220]   --->   Operation 41 'getelementptr' 'lane_words_2_addr' <Predicate = true> <Delay = 0.00>
ST_3 : Operation 42 [1/1] (0.00ns)   --->   "%lane_words_3_addr = getelementptr i26 %lane_words_3, i64 0, i64 %zext_ln213" [../src/mpc_fpga_top.cpp:221]   --->   Operation 42 'getelementptr' 'lane_words_3_addr' <Predicate = true> <Delay = 0.00>
ST_3 : Operation 43 [1/1] (0.00ns)   --->   "%lane_words_4_addr = getelementptr i26 %lane_words_4, i64 0, i64 %zext_ln213" [../src/mpc_fpga_top.cpp:222]   --->   Operation 43 'getelementptr' 'lane_words_4_addr' <Predicate = true> <Delay = 0.00>
ST_3 : Operation 44 [1/1] (0.00ns)   --->   "%lane_words_5_addr = getelementptr i26 %lane_words_5, i64 0, i64 %zext_ln213" [../src/mpc_fpga_top.cpp:223]   --->   Operation 44 'getelementptr' 'lane_words_5_addr' <Predicate = true> <Delay = 0.00>
ST_3 : Operation 45 [1/1] (0.00ns)   --->   "%lane_words_6_addr = getelementptr i26 %lane_words_6, i64 0, i64 %zext_ln213" [../src/mpc_fpga_top.cpp:224]   --->   Operation 45 'getelementptr' 'lane_words_6_addr' <Predicate = true> <Delay = 0.00>
ST_3 : Operation 46 [1/1] (0.00ns)   --->   "%lane_words_7_addr = getelementptr i32 %lane_words_7, i64 0, i64 %zext_ln213" [../src/mpc_fpga_top.cpp:225]   --->   Operation 46 'getelementptr' 'lane_words_7_addr' <Predicate = true> <Delay = 0.00>
ST_3 : Operation 47 [1/1] (0.00ns)   --->   "%lane_words_8_addr = getelementptr i26 %lane_words_8, i64 0, i64 %zext_ln213" [../src/mpc_fpga_top.cpp:226]   --->   Operation 47 'getelementptr' 'lane_words_8_addr' <Predicate = true> <Delay = 0.00>
ST_3 : Operation 48 [1/1] (0.00ns)   --->   "%lane_words_9_addr = getelementptr i26 %lane_words_9, i64 0, i64 %zext_ln213" [../src/mpc_fpga_top.cpp:227]   --->   Operation 48 'getelementptr' 'lane_words_9_addr' <Predicate = true> <Delay = 0.00>
ST_3 : Operation 49 [1/1] (0.00ns)   --->   "%lane_words_10_addr = getelementptr i26 %lane_words_10, i64 0, i64 %zext_ln213" [../src/mpc_fpga_top.cpp:228]   --->   Operation 49 'getelementptr' 'lane_words_10_addr' <Predicate = true> <Delay = 0.00>
ST_3 : Operation 50 [1/1] (0.00ns)   --->   "%lane_words_11_addr = getelementptr i26 %lane_words_11, i64 0, i64 %zext_ln213" [../src/mpc_fpga_top.cpp:229]   --->   Operation 50 'getelementptr' 'lane_words_11_addr' <Predicate = true> <Delay = 0.00>
ST_3 : Operation 51 [1/1] (0.00ns)   --->   "%lane_words_12_addr = getelementptr i26 %lane_words_12, i64 0, i64 %zext_ln213" [../src/mpc_fpga_top.cpp:230]   --->   Operation 51 'getelementptr' 'lane_words_12_addr' <Predicate = true> <Delay = 0.00>
ST_3 : Operation 52 [1/1] (0.00ns)   --->   "%lane_words_13_addr = getelementptr i26 %lane_words_13, i64 0, i64 %zext_ln213" [../src/mpc_fpga_top.cpp:231]   --->   Operation 52 'getelementptr' 'lane_words_13_addr' <Predicate = true> <Delay = 0.00>
ST_3 : Operation 53 [1/1] (0.00ns)   --->   "%lane_words_14_addr = getelementptr i26 %lane_words_14, i64 0, i64 %zext_ln213" [../src/mpc_fpga_top.cpp:232]   --->   Operation 53 'getelementptr' 'lane_words_14_addr' <Predicate = true> <Delay = 0.00>
ST_3 : Operation 54 [1/1] (0.00ns)   --->   "%lane_words_15_addr = getelementptr i26 %lane_words_15, i64 0, i64 %zext_ln213" [../src/mpc_fpga_top.cpp:233]   --->   Operation 54 'getelementptr' 'lane_words_15_addr' <Predicate = true> <Delay = 0.00>
ST_3 : Operation 55 [1/1] ( I:0.67ns O:0.67ns )   --->   "%store_ln218 = store i32 %trunc_ln218, i4 %lane_words_0_addr" [../src/mpc_fpga_top.cpp:218]   --->   Operation 55 'store' 'store_ln218' <Predicate = true> <Delay = 0.67> <CoreInst = "RAM">   --->   Core 82 'RAM' <Latency = 1> <II = 1> <Delay = 0.67> <Storage> <Opcode : 'load' 'store'> <Ports = 2> <Width = 32> <Depth = 11> <RAM>
ST_3 : Operation 56 [1/1] ( I:0.67ns O:0.67ns )   --->   "%store_ln219 = store i32 %tmp_s, i4 %lane_words_1_addr" [../src/mpc_fpga_top.cpp:219]   --->   Operation 56 'store' 'store_ln219' <Predicate = true> <Delay = 0.67> <CoreInst = "RAM">   --->   Core 82 'RAM' <Latency = 1> <II = 1> <Delay = 0.67> <Storage> <Opcode : 'load' 'store'> <Ports = 2> <Width = 32> <Depth = 11> <RAM>
ST_3 : Operation 57 [1/1] ( I:0.67ns O:0.67ns )   --->   "%store_ln220 = store i32 %tmp_6, i4 %lane_words_2_addr" [../src/mpc_fpga_top.cpp:220]   --->   Operation 57 'store' 'store_ln220' <Predicate = true> <Delay = 0.67> <CoreInst = "RAM">   --->   Core 82 'RAM' <Latency = 1> <II = 1> <Delay = 0.67> <Storage> <Opcode : 'load' 'store'> <Ports = 2> <Width = 32> <Depth = 11> <RAM>
ST_3 : Operation 58 [1/1] ( I:0.67ns O:0.67ns )   --->   "%store_ln221 = store i26 %tmp_7_cast, i4 %lane_words_3_addr" [../src/mpc_fpga_top.cpp:221]   --->   Operation 58 'store' 'store_ln221' <Predicate = true> <Delay = 0.67> <CoreInst = "RAM">   --->   Core 82 'RAM' <Latency = 1> <II = 1> <Delay = 0.67> <Storage> <Opcode : 'load' 'store'> <Ports = 2> <Width = 26> <Depth = 11> <RAM>
ST_3 : Operation 59 [1/1] ( I:0.67ns O:0.67ns )   --->   "%store_ln222 = store i26 %tmp_8_cast, i4 %lane_words_4_addr" [../src/mpc_fpga_top.cpp:222]   --->   Operation 59 'store' 'store_ln222' <Predicate = true> <Delay = 0.67> <CoreInst = "RAM">   --->   Core 82 'RAM' <Latency = 1> <II = 1> <Delay = 0.67> <Storage> <Opcode : 'load' 'store'> <Ports = 2> <Width = 26> <Depth = 11> <RAM>
ST_3 : Operation 60 [1/1] ( I:0.67ns O:0.67ns )   --->   "%store_ln223 = store i26 %tmp_9_cast, i4 %lane_words_5_addr" [../src/mpc_fpga_top.cpp:223]   --->   Operation 60 'store' 'store_ln223' <Predicate = true> <Delay = 0.67> <CoreInst = "RAM">   --->   Core 82 'RAM' <Latency = 1> <II = 1> <Delay = 0.67> <Storage> <Opcode : 'load' 'store'> <Ports = 2> <Width = 26> <Depth = 11> <RAM>
ST_3 : Operation 61 [1/1] ( I:0.67ns O:0.67ns )   --->   "%store_ln224 = store i26 %tmp_1_cast, i4 %lane_words_6_addr" [../src/mpc_fpga_top.cpp:224]   --->   Operation 61 'store' 'store_ln224' <Predicate = true> <Delay = 0.67> <CoreInst = "RAM">   --->   Core 82 'RAM' <Latency = 1> <II = 1> <Delay = 0.67> <Storage> <Opcode : 'load' 'store'> <Ports = 2> <Width = 26> <Depth = 11> <RAM>
ST_3 : Operation 62 [1/1] ( I:0.67ns O:0.67ns )   --->   "%store_ln225 = store i32 %tmp_2, i4 %lane_words_7_addr" [../src/mpc_fpga_top.cpp:225]   --->   Operation 62 'store' 'store_ln225' <Predicate = true> <Delay = 0.67> <CoreInst = "RAM">   --->   Core 82 'RAM' <Latency = 1> <II = 1> <Delay = 0.67> <Storage> <Opcode : 'load' 'store'> <Ports = 2> <Width = 32> <Depth = 11> <RAM>
ST_3 : Operation 63 [1/1] ( I:0.67ns O:0.67ns )   --->   "%store_ln226 = store i26 %tmp_3_cast, i4 %lane_words_8_addr" [../src/mpc_fpga_top.cpp:226]   --->   Operation 63 'store' 'store_ln226' <Predicate = true> <Delay = 0.67> <CoreInst = "RAM">   --->   Core 82 'RAM' <Latency = 1> <II = 1> <Delay = 0.67> <Storage> <Opcode : 'load' 'store'> <Ports = 2> <Width = 26> <Depth = 11> <RAM>
ST_3 : Operation 64 [1/1] ( I:0.67ns O:0.67ns )   --->   "%store_ln227 = store i26 %tmp_4_cast, i4 %lane_words_9_addr" [../src/mpc_fpga_top.cpp:227]   --->   Operation 64 'store' 'store_ln227' <Predicate = true> <Delay = 0.67> <CoreInst = "RAM">   --->   Core 82 'RAM' <Latency = 1> <II = 1> <Delay = 0.67> <Storage> <Opcode : 'load' 'store'> <Ports = 2> <Width = 26> <Depth = 11> <RAM>
ST_3 : Operation 65 [1/1] ( I:0.67ns O:0.67ns )   --->   "%store_ln228 = store i26 %tmp_5_cast, i4 %lane_words_10_addr" [../src/mpc_fpga_top.cpp:228]   --->   Operation 65 'store' 'store_ln228' <Predicate = true> <Delay = 0.67> <CoreInst = "RAM">   --->   Core 82 'RAM' <Latency = 1> <II = 1> <Delay = 0.67> <Storage> <Opcode : 'load' 'store'> <Ports = 2> <Width = 26> <Depth = 11> <RAM>
ST_3 : Operation 66 [1/1] ( I:0.67ns O:0.67ns )   --->   "%store_ln229 = store i26 %tmp_10_cast, i4 %lane_words_11_addr" [../src/mpc_fpga_top.cpp:229]   --->   Operation 66 'store' 'store_ln229' <Predicate = true> <Delay = 0.67> <CoreInst = "RAM">   --->   Core 82 'RAM' <Latency = 1> <II = 1> <Delay = 0.67> <Storage> <Opcode : 'load' 'store'> <Ports = 2> <Width = 26> <Depth = 11> <RAM>
ST_3 : Operation 67 [1/1] ( I:0.67ns O:0.67ns )   --->   "%store_ln230 = store i26 %tmp_11_cast, i4 %lane_words_12_addr" [../src/mpc_fpga_top.cpp:230]   --->   Operation 67 'store' 'store_ln230' <Predicate = true> <Delay = 0.67> <CoreInst = "RAM">   --->   Core 82 'RAM' <Latency = 1> <II = 1> <Delay = 0.67> <Storage> <Opcode : 'load' 'store'> <Ports = 2> <Width = 26> <Depth = 11> <RAM>
ST_3 : Operation 68 [1/1] ( I:0.67ns O:0.67ns )   --->   "%store_ln231 = store i26 %tmp_12_cast, i4 %lane_words_13_addr" [../src/mpc_fpga_top.cpp:231]   --->   Operation 68 'store' 'store_ln231' <Predicate = true> <Delay = 0.67> <CoreInst = "RAM">   --->   Core 82 'RAM' <Latency = 1> <II = 1> <Delay = 0.67> <Storage> <Opcode : 'load' 'store'> <Ports = 2> <Width = 26> <Depth = 11> <RAM>
ST_3 : Operation 69 [1/1] ( I:0.67ns O:0.67ns )   --->   "%store_ln232 = store i26 %tmp_13_cast, i4 %lane_words_14_addr" [../src/mpc_fpga_top.cpp:232]   --->   Operation 69 'store' 'store_ln232' <Predicate = true> <Delay = 0.67> <CoreInst = "RAM">   --->   Core 82 'RAM' <Latency = 1> <II = 1> <Delay = 0.67> <Storage> <Opcode : 'load' 'store'> <Ports = 2> <Width = 26> <Depth = 11> <RAM>
ST_3 : Operation 70 [1/1] ( I:0.67ns O:0.67ns )   --->   "%store_ln233 = store i26 %tmp_14_cast, i4 %lane_words_15_addr" [../src/mpc_fpga_top.cpp:233]   --->   Operation 70 'store' 'store_ln233' <Predicate = true> <Delay = 0.67> <CoreInst = "RAM">   --->   Core 82 'RAM' <Latency = 1> <II = 1> <Delay = 0.67> <Storage> <Opcode : 'load' 'store'> <Ports = 2> <Width = 26> <Depth = 11> <RAM>
ST_3 : Operation 71 [1/1] (0.00ns)   --->   "%br_ln213 = br void %for.inc" [../src/mpc_fpga_top.cpp:213]   --->   Operation 71 'br' 'br_ln213' <Predicate = true> <Delay = 0.00>


============================================================
+ Verbose Summary: Timing violations
============================================================
Target clock period: 5.000ns, clock uncertainty: 0.500ns.

 <State 1>: 1.651ns
The critical path consists of the following:
	'store' operation ('store_ln213', ../src/mpc_fpga_top.cpp:213) of constant 0 4 bit on local variable 'packet_idx', ../src/mpc_fpga_top.cpp:213 [23]  (0.427 ns)
	'load' operation 4 bit ('packet_idx', ../src/mpc_fpga_top.cpp:213) on local variable 'packet_idx', ../src/mpc_fpga_top.cpp:213 [26]  (0.000 ns)
	'icmp' operation 1 bit ('icmp_ln213', ../src/mpc_fpga_top.cpp:213) [27]  (0.797 ns)
	'store' operation ('store_ln213', ../src/mpc_fpga_top.cpp:213) of variable 'add_ln213', ../src/mpc_fpga_top.cpp:213 4 bit on local variable 'packet_idx', ../src/mpc_fpga_top.cpp:213 [85]  (0.427 ns)

 <State 2>: 4.500ns
The critical path consists of the following:
	'getelementptr' operation 512 bit ('gmem0_addr', ../src/mpc_fpga_top.cpp:213) [31]  (0.000 ns)
	bus read operation ('packet', ../src/mpc_fpga_top.cpp:215) on port 'gmem0' (../src/mpc_fpga_top.cpp:215) [36]  (4.500 ns)

 <State 3>: 0.677ns
The critical path consists of the following:
	'getelementptr' operation 4 bit ('lane_words_0_addr', ../src/mpc_fpga_top.cpp:218) [38]  (0.000 ns)
	'store' operation ('store_ln218', ../src/mpc_fpga_top.cpp:218) of variable 'trunc_ln218', ../src/mpc_fpga_top.cpp:218 32 bit on array 'lane_words_0' [69]  (0.677 ns)


============================================================
+ Verbose Summary: Binding
============================================================
N/A
* FSMD analyzer results:
  - Output states:
 - Input state : 
  - Chain level:
	State 1
	State 2
	State 3


============================================================
+ Verbose Summary: Datapath Resource usage 
============================================================
N/A
