

================================================================
== Vitis HLS Report for 'p_anonymous_namespace_mpc_fpga_compute_core_Pipeline_VITIS_LOOP_322_1'
================================================================
* Date:           Thu Jun 11 16:06:58 2026

* Version:        2025.2 (Build 6295257 on Nov 14 2025)
* Project:        mpc_fpga_top_opencl
* Solution:       hls (Vitis Kernel Flow Target)
* Product family: zynquplus
* Target device:  xck26-sfvc784-2LV-c


================================================================
== Performance Estimates
================================================================
+ Timing: 
    * Summary: 
    +--------+---------+----------+------------+
    |  Clock |  Target | Estimated| Uncertainty|
    +--------+---------+----------+------------+
    |ap_clk  |  5.00 ns|  1.893 ns|     0.50 ns|
    +--------+---------+----------+------------+

+ Latency: 
    * Summary: 
    +---------+---------+----------+----------+-----+-----+-------------------+
    |  Latency (cycles) |  Latency (absolute) |  Interval |      Pipeline     |
    |   min   |   max   |    min   |    max   | min | max |        Type       |
    +---------+---------+----------+----------+-----+-----+-------------------+
    |       23|       23|  0.115 us|  0.115 us|    0|    0|  loop pipeline stp|
    +---------+---------+----------+----------+-----+-----+-------------------+

    + Detail: 
        * Instance: 
        N/A

        * Loop: 
        +--------------------+---------+---------+----------+-----------+-----------+------+----------+
        |                    |  Latency (cycles) | Iteration|  Initiation Interval  | Trip |          |
        |      Loop Name     |   min   |   max   |  Latency |  achieved |   target  | Count| Pipelined|
        +--------------------+---------+---------+----------+-----------+-----------+------+----------+
        |- VITIS_LOOP_322_1  |       21|       21|         1|          1|          1|    21|       yes|
        +--------------------+---------+---------+----------+-----------+-----------+------+----------+



================================================================
== Utilization Estimates
================================================================
* Summary: 
+-----------------+---------+------+--------+--------+-----+
|       Name      | BRAM_18K|  DSP |   FF   |   LUT  | URAM|
+-----------------+---------+------+--------+--------+-----+
|DSP              |        -|     -|       -|       -|    -|
|Expression       |        -|     -|       0|      24|    -|
|FIFO             |        -|     -|       -|       -|    -|
|Instance         |        -|     -|       -|       -|    -|
|Memory           |        -|     -|       -|       -|    -|
|Multiplexer      |        -|     -|       0|      27|    -|
|Register         |        -|     -|       7|       -|    -|
+-----------------+---------+------+--------+--------+-----+
|Total            |        0|     0|       7|      51|    0|
+-----------------+---------+------+--------+--------+-----+
|Available        |      288|  1248|  234240|  117120|   64|
+-----------------+---------+------+--------+--------+-----+
|Utilization (%)  |        0|     0|      ~0|      ~0|    0|
+-----------------+---------+------+--------+--------+-----+

+ Detail: 
    * Instance: 
    N/A

    * DSP: 
    N/A

    * Memory: 
    N/A

    * FIFO: 
    N/A

    * Expression: 
    +----------------------+----------+----+---+----+------------+------------+
    |     Variable Name    | Operation| DSP| FF| LUT| Bitwidth P0| Bitwidth P1|
    +----------------------+----------+----+---+----+------------+------------+
    |add_ln322_fu_302_p2   |         +|   0|  0|  12|           5|           1|
    |icmp_ln322_fu_296_p2  |      icmp|   0|  0|  12|           5|           5|
    +----------------------+----------+----+---+----+------------+------------+
    |Total                 |          |   0|  0|  24|          10|           6|
    +----------------------+----------+----+---+----+------------+------------+

    * Multiplexer: 
    +-----------------------+----+-----------+-----+-----------+
    |          Name         | LUT| Input Size| Bits| Total Bits|
    +-----------------------+----+-----------+-----+-----------+
    |ap_done_int            |   9|          2|    1|          2|
    |ap_sig_allocacmp_k_17  |   9|          2|    5|         10|
    |k_fu_60                |   9|          2|    5|         10|
    +-----------------------+----+-----------+-----+-----------+
    |Total                  |  27|          6|   11|         22|
    +-----------------------+----+-----------+-----+-----------+

    * Register: 
    +-------------+---+----+-----+-----------+
    |     Name    | FF| LUT| Bits| Const Bits|
    +-------------+---+----+-----+-----------+
    |ap_CS_fsm    |  1|   0|    1|          0|
    |ap_done_reg  |  1|   0|    1|          0|
    |k_fu_60      |  5|   0|    5|          0|
    +-------------+---+----+-----+-----------+
    |Total        |  7|   0|    7|          0|
    +-------------+---+----+-----+-----------+



================================================================
== Interface
================================================================
* Summary: 
+--------------------------------------------------------+-----+-----+------------+----------------------------------------------------------------------+--------------+
|                        RTL Ports                       | Dir | Bits|  Protocol  |                             Source Object                            |    C Type    |
+--------------------------------------------------------+-----+-----+------------+----------------------------------------------------------------------+--------------+
|ap_clk                                                  |   in|    1|  ap_ctrl_hs|  (anonymous namespace)mpc_fpga_compute_core_Pipeline_VITIS_LOOP_322_1|  return value|
|ap_rst                                                  |   in|    1|  ap_ctrl_hs|  (anonymous namespace)mpc_fpga_compute_core_Pipeline_VITIS_LOOP_322_1|  return value|
|ap_start                                                |   in|    1|  ap_ctrl_hs|  (anonymous namespace)mpc_fpga_compute_core_Pipeline_VITIS_LOOP_322_1|  return value|
|ap_done                                                 |  out|    1|  ap_ctrl_hs|  (anonymous namespace)mpc_fpga_compute_core_Pipeline_VITIS_LOOP_322_1|  return value|
|ap_idle                                                 |  out|    1|  ap_ctrl_hs|  (anonymous namespace)mpc_fpga_compute_core_Pipeline_VITIS_LOOP_322_1|  return value|
|ap_ready                                                |  out|    1|  ap_ctrl_hs|  (anonymous namespace)mpc_fpga_compute_core_Pipeline_VITIS_LOOP_322_1|  return value|
|p_anonymous_namespace_g_core_state_admm_z_x_0_address0  |  out|    5|   ap_memory|                         p_anonymous_namespace_g_core_state_admm_z_x_0|         array|
|p_anonymous_namespace_g_core_state_admm_z_x_0_ce0       |  out|    1|   ap_memory|                         p_anonymous_namespace_g_core_state_admm_z_x_0|         array|
|p_anonymous_namespace_g_core_state_admm_z_x_0_we0       |  out|    1|   ap_memory|                         p_anonymous_namespace_g_core_state_admm_z_x_0|         array|
|p_anonymous_namespace_g_core_state_admm_z_x_0_d0        |  out|   26|   ap_memory|                         p_anonymous_namespace_g_core_state_admm_z_x_0|         array|
|p_anonymous_namespace_g_core_state_admm_z_x_1_address0  |  out|    5|   ap_memory|                         p_anonymous_namespace_g_core_state_admm_z_x_1|         array|
|p_anonymous_namespace_g_core_state_admm_z_x_1_ce0       |  out|    1|   ap_memory|                         p_anonymous_namespace_g_core_state_admm_z_x_1|         array|
|p_anonymous_namespace_g_core_state_admm_z_x_1_we0       |  out|    1|   ap_memory|                         p_anonymous_namespace_g_core_state_admm_z_x_1|         array|
|p_anonymous_namespace_g_core_state_admm_z_x_1_d0        |  out|   26|   ap_memory|                         p_anonymous_namespace_g_core_state_admm_z_x_1|         array|
|p_anonymous_namespace_g_core_state_admm_z_x_2_address0  |  out|    5|   ap_memory|                         p_anonymous_namespace_g_core_state_admm_z_x_2|         array|
|p_anonymous_namespace_g_core_state_admm_z_x_2_ce0       |  out|    1|   ap_memory|                         p_anonymous_namespace_g_core_state_admm_z_x_2|         array|
|p_anonymous_namespace_g_core_state_admm_z_x_2_we0       |  out|    1|   ap_memory|                         p_anonymous_namespace_g_core_state_admm_z_x_2|         array|
|p_anonymous_namespace_g_core_state_admm_z_x_2_d0        |  out|   26|   ap_memory|                         p_anonymous_namespace_g_core_state_admm_z_x_2|         array|
|p_anonymous_namespace_g_core_state_admm_z_x_3_address0  |  out|    5|   ap_memory|                         p_anonymous_namespace_g_core_state_admm_z_x_3|         array|
|p_anonymous_namespace_g_core_state_admm_z_x_3_ce0       |  out|    1|   ap_memory|                         p_anonymous_namespace_g_core_state_admm_z_x_3|         array|
|p_anonymous_namespace_g_core_state_admm_z_x_3_we0       |  out|    1|   ap_memory|                         p_anonymous_namespace_g_core_state_admm_z_x_3|         array|
|p_anonymous_namespace_g_core_state_admm_z_x_3_d0        |  out|   26|   ap_memory|                         p_anonymous_namespace_g_core_state_admm_z_x_3|         array|
|p_anonymous_namespace_g_core_state_admm_z_x_4_address0  |  out|    5|   ap_memory|                         p_anonymous_namespace_g_core_state_admm_z_x_4|         array|
|p_anonymous_namespace_g_core_state_admm_z_x_4_ce0       |  out|    1|   ap_memory|                         p_anonymous_namespace_g_core_state_admm_z_x_4|         array|
|p_anonymous_namespace_g_core_state_admm_z_x_4_we0       |  out|    1|   ap_memory|                         p_anonymous_namespace_g_core_state_admm_z_x_4|         array|
|p_anonymous_namespace_g_core_state_admm_z_x_4_d0        |  out|   26|   ap_memory|                         p_anonymous_namespace_g_core_state_admm_z_x_4|         array|
|p_anonymous_namespace_g_core_state_admm_z_x_5_address0  |  out|    5|   ap_memory|                         p_anonymous_namespace_g_core_state_admm_z_x_5|         array|
|p_anonymous_namespace_g_core_state_admm_z_x_5_ce0       |  out|    1|   ap_memory|                         p_anonymous_namespace_g_core_state_admm_z_x_5|         array|
|p_anonymous_namespace_g_core_state_admm_z_x_5_we0       |  out|    1|   ap_memory|                         p_anonymous_namespace_g_core_state_admm_z_x_5|         array|
|p_anonymous_namespace_g_core_state_admm_z_x_5_d0        |  out|   26|   ap_memory|                         p_anonymous_namespace_g_core_state_admm_z_x_5|         array|
|p_anonymous_namespace_g_core_state_admm_z_x_6_address0  |  out|    5|   ap_memory|                         p_anonymous_namespace_g_core_state_admm_z_x_6|         array|
|p_anonymous_namespace_g_core_state_admm_z_x_6_ce0       |  out|    1|   ap_memory|                         p_anonymous_namespace_g_core_state_admm_z_x_6|         array|
|p_anonymous_namespace_g_core_state_admm_z_x_6_we0       |  out|    1|   ap_memory|                         p_anonymous_namespace_g_core_state_admm_z_x_6|         array|
|p_anonymous_namespace_g_core_state_admm_z_x_6_d0        |  out|   26|   ap_memory|                         p_anonymous_namespace_g_core_state_admm_z_x_6|         array|
|p_anonymous_namespace_g_core_state_admm_z_x_7_address0  |  out|    5|   ap_memory|                         p_anonymous_namespace_g_core_state_admm_z_x_7|         array|
|p_anonymous_namespace_g_core_state_admm_z_x_7_ce0       |  out|    1|   ap_memory|                         p_anonymous_namespace_g_core_state_admm_z_x_7|         array|
|p_anonymous_namespace_g_core_state_admm_z_x_7_we0       |  out|    1|   ap_memory|                         p_anonymous_namespace_g_core_state_admm_z_x_7|         array|
|p_anonymous_namespace_g_core_state_admm_z_x_7_d0        |  out|   26|   ap_memory|                         p_anonymous_namespace_g_core_state_admm_z_x_7|         array|
|p_anonymous_namespace_g_core_state_admm_y_x_0_address0  |  out|    5|   ap_memory|                         p_anonymous_namespace_g_core_state_admm_y_x_0|         array|
|p_anonymous_namespace_g_core_state_admm_y_x_0_ce0       |  out|    1|   ap_memory|                         p_anonymous_namespace_g_core_state_admm_y_x_0|         array|
|p_anonymous_namespace_g_core_state_admm_y_x_0_we0       |  out|    1|   ap_memory|                         p_anonymous_namespace_g_core_state_admm_y_x_0|         array|
|p_anonymous_namespace_g_core_state_admm_y_x_0_d0        |  out|   26|   ap_memory|                         p_anonymous_namespace_g_core_state_admm_y_x_0|         array|
|p_anonymous_namespace_g_core_state_admm_y_x_1_address0  |  out|    5|   ap_memory|                         p_anonymous_namespace_g_core_state_admm_y_x_1|         array|
|p_anonymous_namespace_g_core_state_admm_y_x_1_ce0       |  out|    1|   ap_memory|                         p_anonymous_namespace_g_core_state_admm_y_x_1|         array|
|p_anonymous_namespace_g_core_state_admm_y_x_1_we0       |  out|    1|   ap_memory|                         p_anonymous_namespace_g_core_state_admm_y_x_1|         array|
|p_anonymous_namespace_g_core_state_admm_y_x_1_d0        |  out|   26|   ap_memory|                         p_anonymous_namespace_g_core_state_admm_y_x_1|         array|
|p_anonymous_namespace_g_core_state_admm_y_x_2_address0  |  out|    5|   ap_memory|                         p_anonymous_namespace_g_core_state_admm_y_x_2|         array|
|p_anonymous_namespace_g_core_state_admm_y_x_2_ce0       |  out|    1|   ap_memory|                         p_anonymous_namespace_g_core_state_admm_y_x_2|         array|
|p_anonymous_namespace_g_core_state_admm_y_x_2_we0       |  out|    1|   ap_memory|                         p_anonymous_namespace_g_core_state_admm_y_x_2|         array|
|p_anonymous_namespace_g_core_state_admm_y_x_2_d0        |  out|   26|   ap_memory|                         p_anonymous_namespace_g_core_state_admm_y_x_2|         array|
|p_anonymous_namespace_g_core_state_admm_y_x_3_address0  |  out|    5|   ap_memory|                         p_anonymous_namespace_g_core_state_admm_y_x_3|         array|
|p_anonymous_namespace_g_core_state_admm_y_x_3_ce0       |  out|    1|   ap_memory|                         p_anonymous_namespace_g_core_state_admm_y_x_3|         array|
|p_anonymous_namespace_g_core_state_admm_y_x_3_we0       |  out|    1|   ap_memory|                         p_anonymous_namespace_g_core_state_admm_y_x_3|         array|
|p_anonymous_namespace_g_core_state_admm_y_x_3_d0        |  out|   26|   ap_memory|                         p_anonymous_namespace_g_core_state_admm_y_x_3|         array|
|p_anonymous_namespace_g_core_state_admm_y_x_4_address0  |  out|    5|   ap_memory|                         p_anonymous_namespace_g_core_state_admm_y_x_4|         array|
|p_anonymous_namespace_g_core_state_admm_y_x_4_ce0       |  out|    1|   ap_memory|                         p_anonymous_namespace_g_core_state_admm_y_x_4|         array|
|p_anonymous_namespace_g_core_state_admm_y_x_4_we0       |  out|    1|   ap_memory|                         p_anonymous_namespace_g_core_state_admm_y_x_4|         array|
|p_anonymous_namespace_g_core_state_admm_y_x_4_d0        |  out|   26|   ap_memory|                         p_anonymous_namespace_g_core_state_admm_y_x_4|         array|
|p_anonymous_namespace_g_core_state_admm_y_x_5_address0  |  out|    5|   ap_memory|                         p_anonymous_namespace_g_core_state_admm_y_x_5|         array|
|p_anonymous_namespace_g_core_state_admm_y_x_5_ce0       |  out|    1|   ap_memory|                         p_anonymous_namespace_g_core_state_admm_y_x_5|         array|
|p_anonymous_namespace_g_core_state_admm_y_x_5_we0       |  out|    1|   ap_memory|                         p_anonymous_namespace_g_core_state_admm_y_x_5|         array|
|p_anonymous_namespace_g_core_state_admm_y_x_5_d0        |  out|   26|   ap_memory|                         p_anonymous_namespace_g_core_state_admm_y_x_5|         array|
|p_anonymous_namespace_g_core_state_admm_y_x_6_address0  |  out|    5|   ap_memory|                         p_anonymous_namespace_g_core_state_admm_y_x_6|         array|
|p_anonymous_namespace_g_core_state_admm_y_x_6_ce0       |  out|    1|   ap_memory|                         p_anonymous_namespace_g_core_state_admm_y_x_6|         array|
|p_anonymous_namespace_g_core_state_admm_y_x_6_we0       |  out|    1|   ap_memory|                         p_anonymous_namespace_g_core_state_admm_y_x_6|         array|
|p_anonymous_namespace_g_core_state_admm_y_x_6_d0        |  out|   26|   ap_memory|                         p_anonymous_namespace_g_core_state_admm_y_x_6|         array|
|p_anonymous_namespace_g_core_state_admm_y_x_7_address0  |  out|    5|   ap_memory|                         p_anonymous_namespace_g_core_state_admm_y_x_7|         array|
|p_anonymous_namespace_g_core_state_admm_y_x_7_ce0       |  out|    1|   ap_memory|                         p_anonymous_namespace_g_core_state_admm_y_x_7|         array|
|p_anonymous_namespace_g_core_state_admm_y_x_7_we0       |  out|    1|   ap_memory|                         p_anonymous_namespace_g_core_state_admm_y_x_7|         array|
|p_anonymous_namespace_g_core_state_admm_y_x_7_d0        |  out|   26|   ap_memory|                         p_anonymous_namespace_g_core_state_admm_y_x_7|         array|
+--------------------------------------------------------+-----+-----+------------+----------------------------------------------------------------------+--------------+

============================================================
+ Verbose Summary: Synthesis Manager
============================================================
InlineROM: 1
ExposeGlobal: 0
============================================================
+ Verbose Summary: CDFG Model
============================================================
IsTopModel: 0
ResetActiveHigh: 1
IsCombinational: 2
IsDatapathOnly: 2
HasWiredReturn: 1
HasMFsm: 2
HasVarLatency: 1
IsPipeline: 0
IsRtlPipelined: 0
IsInstanceOverlapped: 0
IsDontTouch: 0
HasImplIP: 0
IsGatedGlobalClock: 0

+ Individual pipeline summary: 
  * Pipeline-0: initiation interval (II) = 1, depth = 1


============================================================
+ Verbose Summary: Schedule
============================================================
* Number of FSM states : 1
* Pipeline : 1
  Pipeline-0 : II = 1, D = 1, States = { 1 }
* Dataflow Pipeline: 0

* FSM state transitions: 
1 --> 

* FSM state operations: 

State 1 <SV = 0> <Delay = 1.89>
ST_1 : Operation 4 [1/1] (0.00ns)   --->   "%k = alloca i32 1" [../src/../include/mpc_fpga_types.h:322->../src/mpc_fpga_top.cpp:85->../src/mpc_fpga_top.cpp:293]   --->   Operation 4 'alloca' 'k' <Predicate = true> <Delay = 0.00>
ST_1 : Operation 5 [1/1] (0.42ns)   --->   "%store_ln322 = store i5 0, i5 %k" [../src/../include/mpc_fpga_types.h:322->../src/mpc_fpga_top.cpp:85->../src/mpc_fpga_top.cpp:293]   --->   Operation 5 'store' 'store_ln322' <Predicate = true> <Delay = 0.42>
ST_1 : Operation 6 [1/1] (0.00ns)   --->   "%br_ln0 = br void %for.body.i.i"   --->   Operation 6 'br' 'br_ln0' <Predicate = true> <Delay = 0.00>
ST_1 : Operation 7 [1/1] (0.00ns)   --->   "%k_17 = load i5 %k" [../src/../include/mpc_fpga_types.h:322->../src/mpc_fpga_top.cpp:85->../src/mpc_fpga_top.cpp:293]   --->   Operation 7 'load' 'k_17' <Predicate = true> <Delay = 0.00>
ST_1 : Operation 8 [1/1] (0.78ns)   --->   "%icmp_ln322 = icmp_eq  i5 %k_17, i5 21" [../src/../include/mpc_fpga_types.h:322->../src/mpc_fpga_top.cpp:85->../src/mpc_fpga_top.cpp:293]   --->   Operation 8 'icmp' 'icmp_ln322' <Predicate = true> <Delay = 0.78> <CoreInst = "Cmp">   --->   Core 9 'Cmp' <Latency = 0> <II = 1> <Delay = 0.78> <FuncUnit> <Opcode : 'seteq' 'setne' 'setle' 'setge' 'setlt' 'setgt'> <InPorts = 2> <OutPorts = 1>
ST_1 : Operation 9 [1/1] (0.78ns)   --->   "%add_ln322 = add i5 %k_17, i5 1" [../src/../include/mpc_fpga_types.h:322->../src/mpc_fpga_top.cpp:85->../src/mpc_fpga_top.cpp:293]   --->   Operation 9 'add' 'add_ln322' <Predicate = true> <Delay = 0.78> <CoreInst = "Adder">   --->   Core 1 'Adder' <Latency = 0> <II = 1> <Delay = 0.78> <FuncUnit> <Opcode : 'add' 'sub'> <InPorts = 2> <OutPorts = 1>
ST_1 : Operation 10 [1/1] (0.00ns)   --->   "%br_ln322 = br i1 %icmp_ln322, void %for.body.i.i.split, void %for.body19.i.i.preheader.exitStub" [../src/../include/mpc_fpga_types.h:322->../src/mpc_fpga_top.cpp:85->../src/mpc_fpga_top.cpp:293]   --->   Operation 10 'br' 'br_ln322' <Predicate = true> <Delay = 0.00>
ST_1 : Operation 11 [1/1] (0.00ns)   --->   "%zext_ln322 = zext i5 %k_17" [../src/../include/mpc_fpga_types.h:322->../src/mpc_fpga_top.cpp:85->../src/mpc_fpga_top.cpp:293]   --->   Operation 11 'zext' 'zext_ln322' <Predicate = (!icmp_ln322)> <Delay = 0.00>
ST_1 : Operation 12 [1/1] (0.00ns)   --->   "%specpipeline_ln323 = specpipeline void @_ssdm_op_SpecPipeline, i32 1, i32 0, i32 0, i32 0, i32 4294967295, void @empty_524" [../src/../include/mpc_fpga_types.h:323->../src/mpc_fpga_top.cpp:85->../src/mpc_fpga_top.cpp:293]   --->   Operation 12 'specpipeline' 'specpipeline_ln323' <Predicate = (!icmp_ln322)> <Delay = 0.00>
ST_1 : Operation 13 [1/1] (0.00ns)   --->   "%speclooptripcount_ln322 = speclooptripcount void @_ssdm_op_SpecLoopTripCount, i64 21, i64 21, i64 21" [../src/../include/mpc_fpga_types.h:322->../src/mpc_fpga_top.cpp:85->../src/mpc_fpga_top.cpp:293]   --->   Operation 13 'speclooptripcount' 'speclooptripcount_ln322' <Predicate = (!icmp_ln322)> <Delay = 0.00>
ST_1 : Operation 14 [1/1] (0.00ns)   --->   "%specloopname_ln322 = specloopname void @_ssdm_op_SpecLoopName, void @empty_535" [../src/../include/mpc_fpga_types.h:322->../src/mpc_fpga_top.cpp:85->../src/mpc_fpga_top.cpp:293]   --->   Operation 14 'specloopname' 'specloopname_ln322' <Predicate = (!icmp_ln322)> <Delay = 0.00>
ST_1 : Operation 15 [1/1] (0.00ns)   --->   "%p_anonymous_namespace_g_core_state_admm_z_x_0_addr = getelementptr i26 %p_anonymous_namespace_g_core_state_admm_z_x_0, i64 0, i64 %zext_ln322" [../src/../include/mpc_fpga_types.h:325->../src/mpc_fpga_top.cpp:85->../src/mpc_fpga_top.cpp:293]   --->   Operation 15 'getelementptr' 'p_anonymous_namespace_g_core_state_admm_z_x_0_addr' <Predicate = (!icmp_ln322)> <Delay = 0.00>
ST_1 : Operation 16 [1/1] (0.00ns)   --->   "%p_anonymous_namespace_g_core_state_admm_y_x_0_addr = getelementptr i26 %p_anonymous_namespace_g_core_state_admm_y_x_0, i64 0, i64 %zext_ln322" [../src/../include/mpc_fpga_types.h:326->../src/mpc_fpga_top.cpp:85->../src/mpc_fpga_top.cpp:293]   --->   Operation 16 'getelementptr' 'p_anonymous_namespace_g_core_state_admm_y_x_0_addr' <Predicate = (!icmp_ln322)> <Delay = 0.00>
ST_1 : Operation 17 [1/1] (0.00ns)   --->   "%p_anonymous_namespace_g_core_state_admm_z_x_1_addr = getelementptr i26 %p_anonymous_namespace_g_core_state_admm_z_x_1, i64 0, i64 %zext_ln322" [../src/../include/mpc_fpga_types.h:325->../src/mpc_fpga_top.cpp:85->../src/mpc_fpga_top.cpp:293]   --->   Operation 17 'getelementptr' 'p_anonymous_namespace_g_core_state_admm_z_x_1_addr' <Predicate = (!icmp_ln322)> <Delay = 0.00>
ST_1 : Operation 18 [1/1] (0.00ns)   --->   "%p_anonymous_namespace_g_core_state_admm_y_x_1_addr = getelementptr i26 %p_anonymous_namespace_g_core_state_admm_y_x_1, i64 0, i64 %zext_ln322" [../src/../include/mpc_fpga_types.h:326->../src/mpc_fpga_top.cpp:85->../src/mpc_fpga_top.cpp:293]   --->   Operation 18 'getelementptr' 'p_anonymous_namespace_g_core_state_admm_y_x_1_addr' <Predicate = (!icmp_ln322)> <Delay = 0.00>
ST_1 : Operation 19 [1/1] (0.00ns)   --->   "%p_anonymous_namespace_g_core_state_admm_z_x_2_addr = getelementptr i26 %p_anonymous_namespace_g_core_state_admm_z_x_2, i64 0, i64 %zext_ln322" [../src/../include/mpc_fpga_types.h:325->../src/mpc_fpga_top.cpp:85->../src/mpc_fpga_top.cpp:293]   --->   Operation 19 'getelementptr' 'p_anonymous_namespace_g_core_state_admm_z_x_2_addr' <Predicate = (!icmp_ln322)> <Delay = 0.00>
ST_1 : Operation 20 [1/1] (0.00ns)   --->   "%p_anonymous_namespace_g_core_state_admm_y_x_2_addr = getelementptr i26 %p_anonymous_namespace_g_core_state_admm_y_x_2, i64 0, i64 %zext_ln322" [../src/../include/mpc_fpga_types.h:326->../src/mpc_fpga_top.cpp:85->../src/mpc_fpga_top.cpp:293]   --->   Operation 20 'getelementptr' 'p_anonymous_namespace_g_core_state_admm_y_x_2_addr' <Predicate = (!icmp_ln322)> <Delay = 0.00>
ST_1 : Operation 21 [1/1] (0.00ns)   --->   "%p_anonymous_namespace_g_core_state_admm_z_x_3_addr = getelementptr i26 %p_anonymous_namespace_g_core_state_admm_z_x_3, i64 0, i64 %zext_ln322" [../src/../include/mpc_fpga_types.h:325->../src/mpc_fpga_top.cpp:85->../src/mpc_fpga_top.cpp:293]   --->   Operation 21 'getelementptr' 'p_anonymous_namespace_g_core_state_admm_z_x_3_addr' <Predicate = (!icmp_ln322)> <Delay = 0.00>
ST_1 : Operation 22 [1/1] (0.00ns)   --->   "%p_anonymous_namespace_g_core_state_admm_y_x_3_addr = getelementptr i26 %p_anonymous_namespace_g_core_state_admm_y_x_3, i64 0, i64 %zext_ln322" [../src/../include/mpc_fpga_types.h:326->../src/mpc_fpga_top.cpp:85->../src/mpc_fpga_top.cpp:293]   --->   Operation 22 'getelementptr' 'p_anonymous_namespace_g_core_state_admm_y_x_3_addr' <Predicate = (!icmp_ln322)> <Delay = 0.00>
ST_1 : Operation 23 [1/1] (0.00ns)   --->   "%p_anonymous_namespace_g_core_state_admm_z_x_4_addr = getelementptr i26 %p_anonymous_namespace_g_core_state_admm_z_x_4, i64 0, i64 %zext_ln322" [../src/../include/mpc_fpga_types.h:325->../src/mpc_fpga_top.cpp:85->../src/mpc_fpga_top.cpp:293]   --->   Operation 23 'getelementptr' 'p_anonymous_namespace_g_core_state_admm_z_x_4_addr' <Predicate = (!icmp_ln322)> <Delay = 0.00>
ST_1 : Operation 24 [1/1] (0.00ns)   --->   "%p_anonymous_namespace_g_core_state_admm_y_x_4_addr = getelementptr i26 %p_anonymous_namespace_g_core_state_admm_y_x_4, i64 0, i64 %zext_ln322" [../src/../include/mpc_fpga_types.h:326->../src/mpc_fpga_top.cpp:85->../src/mpc_fpga_top.cpp:293]   --->   Operation 24 'getelementptr' 'p_anonymous_namespace_g_core_state_admm_y_x_4_addr' <Predicate = (!icmp_ln322)> <Delay = 0.00>
ST_1 : Operation 25 [1/1] (0.00ns)   --->   "%p_anonymous_namespace_g_core_state_admm_z_x_5_addr = getelementptr i26 %p_anonymous_namespace_g_core_state_admm_z_x_5, i64 0, i64 %zext_ln322" [../src/../include/mpc_fpga_types.h:325->../src/mpc_fpga_top.cpp:85->../src/mpc_fpga_top.cpp:293]   --->   Operation 25 'getelementptr' 'p_anonymous_namespace_g_core_state_admm_z_x_5_addr' <Predicate = (!icmp_ln322)> <Delay = 0.00>
ST_1 : Operation 26 [1/1] (0.00ns)   --->   "%p_anonymous_namespace_g_core_state_admm_y_x_5_addr = getelementptr i26 %p_anonymous_namespace_g_core_state_admm_y_x_5, i64 0, i64 %zext_ln322" [../src/../include/mpc_fpga_types.h:326->../src/mpc_fpga_top.cpp:85->../src/mpc_fpga_top.cpp:293]   --->   Operation 26 'getelementptr' 'p_anonymous_namespace_g_core_state_admm_y_x_5_addr' <Predicate = (!icmp_ln322)> <Delay = 0.00>
ST_1 : Operation 27 [1/1] (0.00ns)   --->   "%p_anonymous_namespace_g_core_state_admm_z_x_6_addr = getelementptr i26 %p_anonymous_namespace_g_core_state_admm_z_x_6, i64 0, i64 %zext_ln322" [../src/../include/mpc_fpga_types.h:325->../src/mpc_fpga_top.cpp:85->../src/mpc_fpga_top.cpp:293]   --->   Operation 27 'getelementptr' 'p_anonymous_namespace_g_core_state_admm_z_x_6_addr' <Predicate = (!icmp_ln322)> <Delay = 0.00>
ST_1 : Operation 28 [1/1] (0.00ns)   --->   "%p_anonymous_namespace_g_core_state_admm_y_x_6_addr = getelementptr i26 %p_anonymous_namespace_g_core_state_admm_y_x_6, i64 0, i64 %zext_ln322" [../src/../include/mpc_fpga_types.h:326->../src/mpc_fpga_top.cpp:85->../src/mpc_fpga_top.cpp:293]   --->   Operation 28 'getelementptr' 'p_anonymous_namespace_g_core_state_admm_y_x_6_addr' <Predicate = (!icmp_ln322)> <Delay = 0.00>
ST_1 : Operation 29 [1/1] (0.00ns)   --->   "%p_anonymous_namespace_g_core_state_admm_z_x_7_addr = getelementptr i26 %p_anonymous_namespace_g_core_state_admm_z_x_7, i64 0, i64 %zext_ln322" [../src/../include/mpc_fpga_types.h:325->../src/mpc_fpga_top.cpp:85->../src/mpc_fpga_top.cpp:293]   --->   Operation 29 'getelementptr' 'p_anonymous_namespace_g_core_state_admm_z_x_7_addr' <Predicate = (!icmp_ln322)> <Delay = 0.00>
ST_1 : Operation 30 [1/1] ( I:0.67ns O:0.67ns )   --->   "%store_ln325 = store i26 0, i5 %p_anonymous_namespace_g_core_state_admm_z_x_0_addr" [../src/../include/mpc_fpga_types.h:325->../src/mpc_fpga_top.cpp:85->../src/mpc_fpga_top.cpp:293]   --->   Operation 30 'store' 'store_ln325' <Predicate = (!icmp_ln322)> <Delay = 0.67> <CoreInst = "RAM">   --->   Core 82 'RAM' <Latency = 1> <II = 1> <Delay = 0.67> <Storage> <Opcode : 'load' 'store'> <Ports = 2> <Width = 26> <Depth = 21> <RAM>
ST_1 : Operation 31 [1/1] ( I:0.67ns O:0.67ns )   --->   "%store_ln325 = store i26 0, i5 %p_anonymous_namespace_g_core_state_admm_z_x_1_addr" [../src/../include/mpc_fpga_types.h:325->../src/mpc_fpga_top.cpp:85->../src/mpc_fpga_top.cpp:293]   --->   Operation 31 'store' 'store_ln325' <Predicate = (!icmp_ln322)> <Delay = 0.67> <CoreInst = "RAM">   --->   Core 82 'RAM' <Latency = 1> <II = 1> <Delay = 0.67> <Storage> <Opcode : 'load' 'store'> <Ports = 2> <Width = 26> <Depth = 21> <RAM>
ST_1 : Operation 32 [1/1] ( I:0.67ns O:0.67ns )   --->   "%store_ln325 = store i26 0, i5 %p_anonymous_namespace_g_core_state_admm_z_x_2_addr" [../src/../include/mpc_fpga_types.h:325->../src/mpc_fpga_top.cpp:85->../src/mpc_fpga_top.cpp:293]   --->   Operation 32 'store' 'store_ln325' <Predicate = (!icmp_ln322)> <Delay = 0.67> <CoreInst = "RAM">   --->   Core 82 'RAM' <Latency = 1> <II = 1> <Delay = 0.67> <Storage> <Opcode : 'load' 'store'> <Ports = 2> <Width = 26> <Depth = 21> <RAM>
ST_1 : Operation 33 [1/1] ( I:0.67ns O:0.67ns )   --->   "%store_ln325 = store i26 0, i5 %p_anonymous_namespace_g_core_state_admm_z_x_3_addr" [../src/../include/mpc_fpga_types.h:325->../src/mpc_fpga_top.cpp:85->../src/mpc_fpga_top.cpp:293]   --->   Operation 33 'store' 'store_ln325' <Predicate = (!icmp_ln322)> <Delay = 0.67> <CoreInst = "RAM">   --->   Core 82 'RAM' <Latency = 1> <II = 1> <Delay = 0.67> <Storage> <Opcode : 'load' 'store'> <Ports = 2> <Width = 26> <Depth = 21> <RAM>
ST_1 : Operation 34 [1/1] ( I:0.67ns O:0.67ns )   --->   "%store_ln325 = store i26 0, i5 %p_anonymous_namespace_g_core_state_admm_z_x_4_addr" [../src/../include/mpc_fpga_types.h:325->../src/mpc_fpga_top.cpp:85->../src/mpc_fpga_top.cpp:293]   --->   Operation 34 'store' 'store_ln325' <Predicate = (!icmp_ln322)> <Delay = 0.67> <CoreInst = "RAM">   --->   Core 82 'RAM' <Latency = 1> <II = 1> <Delay = 0.67> <Storage> <Opcode : 'load' 'store'> <Ports = 2> <Width = 26> <Depth = 21> <RAM>
ST_1 : Operation 35 [1/1] ( I:0.67ns O:0.67ns )   --->   "%store_ln325 = store i26 0, i5 %p_anonymous_namespace_g_core_state_admm_z_x_5_addr" [../src/../include/mpc_fpga_types.h:325->../src/mpc_fpga_top.cpp:85->../src/mpc_fpga_top.cpp:293]   --->   Operation 35 'store' 'store_ln325' <Predicate = (!icmp_ln322)> <Delay = 0.67> <CoreInst = "RAM">   --->   Core 82 'RAM' <Latency = 1> <II = 1> <Delay = 0.67> <Storage> <Opcode : 'load' 'store'> <Ports = 2> <Width = 26> <Depth = 21> <RAM>
ST_1 : Operation 36 [1/1] ( I:0.67ns O:0.67ns )   --->   "%store_ln325 = store i26 0, i5 %p_anonymous_namespace_g_core_state_admm_z_x_6_addr" [../src/../include/mpc_fpga_types.h:325->../src/mpc_fpga_top.cpp:85->../src/mpc_fpga_top.cpp:293]   --->   Operation 36 'store' 'store_ln325' <Predicate = (!icmp_ln322)> <Delay = 0.67> <CoreInst = "RAM">   --->   Core 82 'RAM' <Latency = 1> <II = 1> <Delay = 0.67> <Storage> <Opcode : 'load' 'store'> <Ports = 2> <Width = 26> <Depth = 21> <RAM>
ST_1 : Operation 37 [1/1] ( I:0.67ns O:0.67ns )   --->   "%store_ln325 = store i26 0, i5 %p_anonymous_namespace_g_core_state_admm_z_x_7_addr" [../src/../include/mpc_fpga_types.h:325->../src/mpc_fpga_top.cpp:85->../src/mpc_fpga_top.cpp:293]   --->   Operation 37 'store' 'store_ln325' <Predicate = (!icmp_ln322)> <Delay = 0.67> <CoreInst = "RAM">   --->   Core 82 'RAM' <Latency = 1> <II = 1> <Delay = 0.67> <Storage> <Opcode : 'load' 'store'> <Ports = 2> <Width = 26> <Depth = 21> <RAM>
ST_1 : Operation 38 [1/1] (0.00ns)   --->   "%p_anonymous_namespace_g_core_state_admm_y_x_7_addr = getelementptr i26 %p_anonymous_namespace_g_core_state_admm_y_x_7, i64 0, i64 %zext_ln322" [../src/../include/mpc_fpga_types.h:326->../src/mpc_fpga_top.cpp:85->../src/mpc_fpga_top.cpp:293]   --->   Operation 38 'getelementptr' 'p_anonymous_namespace_g_core_state_admm_y_x_7_addr' <Predicate = (!icmp_ln322)> <Delay = 0.00>
ST_1 : Operation 39 [1/1] ( I:0.67ns O:0.67ns )   --->   "%store_ln326 = store i26 0, i5 %p_anonymous_namespace_g_core_state_admm_y_x_0_addr" [../src/../include/mpc_fpga_types.h:326->../src/mpc_fpga_top.cpp:85->../src/mpc_fpga_top.cpp:293]   --->   Operation 39 'store' 'store_ln326' <Predicate = (!icmp_ln322)> <Delay = 0.67> <CoreInst = "RAM">   --->   Core 82 'RAM' <Latency = 1> <II = 1> <Delay = 0.67> <Storage> <Opcode : 'load' 'store'> <Ports = 2> <Width = 26> <Depth = 21> <RAM>
ST_1 : Operation 40 [1/1] ( I:0.67ns O:0.67ns )   --->   "%store_ln326 = store i26 0, i5 %p_anonymous_namespace_g_core_state_admm_y_x_1_addr" [../src/../include/mpc_fpga_types.h:326->../src/mpc_fpga_top.cpp:85->../src/mpc_fpga_top.cpp:293]   --->   Operation 40 'store' 'store_ln326' <Predicate = (!icmp_ln322)> <Delay = 0.67> <CoreInst = "RAM">   --->   Core 82 'RAM' <Latency = 1> <II = 1> <Delay = 0.67> <Storage> <Opcode : 'load' 'store'> <Ports = 2> <Width = 26> <Depth = 21> <RAM>
ST_1 : Operation 41 [1/1] ( I:0.67ns O:0.67ns )   --->   "%store_ln326 = store i26 0, i5 %p_anonymous_namespace_g_core_state_admm_y_x_2_addr" [../src/../include/mpc_fpga_types.h:326->../src/mpc_fpga_top.cpp:85->../src/mpc_fpga_top.cpp:293]   --->   Operation 41 'store' 'store_ln326' <Predicate = (!icmp_ln322)> <Delay = 0.67> <CoreInst = "RAM">   --->   Core 82 'RAM' <Latency = 1> <II = 1> <Delay = 0.67> <Storage> <Opcode : 'load' 'store'> <Ports = 2> <Width = 26> <Depth = 21> <RAM>
ST_1 : Operation 42 [1/1] ( I:0.67ns O:0.67ns )   --->   "%store_ln326 = store i26 0, i5 %p_anonymous_namespace_g_core_state_admm_y_x_3_addr" [../src/../include/mpc_fpga_types.h:326->../src/mpc_fpga_top.cpp:85->../src/mpc_fpga_top.cpp:293]   --->   Operation 42 'store' 'store_ln326' <Predicate = (!icmp_ln322)> <Delay = 0.67> <CoreInst = "RAM">   --->   Core 82 'RAM' <Latency = 1> <II = 1> <Delay = 0.67> <Storage> <Opcode : 'load' 'store'> <Ports = 2> <Width = 26> <Depth = 21> <RAM>
ST_1 : Operation 43 [1/1] ( I:0.67ns O:0.67ns )   --->   "%store_ln326 = store i26 0, i5 %p_anonymous_namespace_g_core_state_admm_y_x_4_addr" [../src/../include/mpc_fpga_types.h:326->../src/mpc_fpga_top.cpp:85->../src/mpc_fpga_top.cpp:293]   --->   Operation 43 'store' 'store_ln326' <Predicate = (!icmp_ln322)> <Delay = 0.67> <CoreInst = "RAM">   --->   Core 82 'RAM' <Latency = 1> <II = 1> <Delay = 0.67> <Storage> <Opcode : 'load' 'store'> <Ports = 2> <Width = 26> <Depth = 21> <RAM>
ST_1 : Operation 44 [1/1] ( I:0.67ns O:0.67ns )   --->   "%store_ln326 = store i26 0, i5 %p_anonymous_namespace_g_core_state_admm_y_x_5_addr" [../src/../include/mpc_fpga_types.h:326->../src/mpc_fpga_top.cpp:85->../src/mpc_fpga_top.cpp:293]   --->   Operation 44 'store' 'store_ln326' <Predicate = (!icmp_ln322)> <Delay = 0.67> <CoreInst = "RAM">   --->   Core 82 'RAM' <Latency = 1> <II = 1> <Delay = 0.67> <Storage> <Opcode : 'load' 'store'> <Ports = 2> <Width = 26> <Depth = 21> <RAM>
ST_1 : Operation 45 [1/1] ( I:0.67ns O:0.67ns )   --->   "%store_ln326 = store i26 0, i5 %p_anonymous_namespace_g_core_state_admm_y_x_6_addr" [../src/../include/mpc_fpga_types.h:326->../src/mpc_fpga_top.cpp:85->../src/mpc_fpga_top.cpp:293]   --->   Operation 45 'store' 'store_ln326' <Predicate = (!icmp_ln322)> <Delay = 0.67> <CoreInst = "RAM">   --->   Core 82 'RAM' <Latency = 1> <II = 1> <Delay = 0.67> <Storage> <Opcode : 'load' 'store'> <Ports = 2> <Width = 26> <Depth = 21> <RAM>
ST_1 : Operation 46 [1/1] ( I:0.67ns O:0.67ns )   --->   "%store_ln326 = store i26 0, i5 %p_anonymous_namespace_g_core_state_admm_y_x_7_addr" [../src/../include/mpc_fpga_types.h:326->../src/mpc_fpga_top.cpp:85->../src/mpc_fpga_top.cpp:293]   --->   Operation 46 'store' 'store_ln326' <Predicate = (!icmp_ln322)> <Delay = 0.67> <CoreInst = "RAM">   --->   Core 82 'RAM' <Latency = 1> <II = 1> <Delay = 0.67> <Storage> <Opcode : 'load' 'store'> <Ports = 2> <Width = 26> <Depth = 21> <RAM>
ST_1 : Operation 47 [1/1] (0.42ns)   --->   "%store_ln322 = store i5 %add_ln322, i5 %k" [../src/../include/mpc_fpga_types.h:322->../src/mpc_fpga_top.cpp:85->../src/mpc_fpga_top.cpp:293]   --->   Operation 47 'store' 'store_ln322' <Predicate = (!icmp_ln322)> <Delay = 0.42>
ST_1 : Operation 48 [1/1] (0.00ns)   --->   "%br_ln322 = br void %for.body.i.i" [../src/../include/mpc_fpga_types.h:322->../src/mpc_fpga_top.cpp:85->../src/mpc_fpga_top.cpp:293]   --->   Operation 48 'br' 'br_ln322' <Predicate = (!icmp_ln322)> <Delay = 0.00>
ST_1 : Operation 49 [1/1] (0.42ns)   --->   "%ret_ln0 = ret"   --->   Operation 49 'ret' 'ret_ln0' <Predicate = (icmp_ln322)> <Delay = 0.42>


============================================================
+ Verbose Summary: Binding
============================================================
STG Binding: 
---------------- STG Properties BEGIN ----------------
- Is combinational: 0
- Is one-state seq: 0
- Is datapath-only: 0
- Is pipelined: 0
- Is top level: 0
Port [ Return ] is wired: 1; IO mode=ap_ctrl_hs:ce=0
Port [ p_anonymous_namespace_g_core_state_admm_z_x_0]:  wired=1; compound=1; hidden=0; nouse=0; global=1; static=1; extern=0; dir=1; type=1; pingpong=0; private_global=0; MemPort=[03]; IO mode=ap_memory:ce=0
Port [ p_anonymous_namespace_g_core_state_admm_z_x_1]:  wired=1; compound=1; hidden=0; nouse=0; global=1; static=1; extern=0; dir=1; type=1; pingpong=0; private_global=0; MemPort=[03]; IO mode=ap_memory:ce=0
Port [ p_anonymous_namespace_g_core_state_admm_z_x_2]:  wired=1; compound=1; hidden=0; nouse=0; global=1; static=1; extern=0; dir=1; type=1; pingpong=0; private_global=0; MemPort=[03]; IO mode=ap_memory:ce=0
Port [ p_anonymous_namespace_g_core_state_admm_z_x_3]:  wired=1; compound=1; hidden=0; nouse=0; global=1; static=1; extern=0; dir=1; type=1; pingpong=0; private_global=0; MemPort=[03]; IO mode=ap_memory:ce=0
Port [ p_anonymous_namespace_g_core_state_admm_z_x_4]:  wired=1; compound=1; hidden=0; nouse=0; global=1; static=1; extern=0; dir=1; type=1; pingpong=0; private_global=0; MemPort=[03]; IO mode=ap_memory:ce=0
Port [ p_anonymous_namespace_g_core_state_admm_z_x_5]:  wired=1; compound=1; hidden=0; nouse=0; global=1; static=1; extern=0; dir=1; type=1; pingpong=0; private_global=0; MemPort=[03]; IO mode=ap_memory:ce=0
Port [ p_anonymous_namespace_g_core_state_admm_z_x_6]:  wired=1; compound=1; hidden=0; nouse=0; global=1; static=1; extern=0; dir=1; type=1; pingpong=0; private_global=0; MemPort=[03]; IO mode=ap_memory:ce=0
Port [ p_anonymous_namespace_g_core_state_admm_z_x_7]:  wired=1; compound=1; hidden=0; nouse=0; global=1; static=1; extern=0; dir=1; type=1; pingpong=0; private_global=0; MemPort=[03]; IO mode=ap_memory:ce=0
Port [ p_anonymous_namespace_g_core_state_admm_y_x_0]:  wired=1; compound=1; hidden=0; nouse=0; global=1; static=1; extern=0; dir=1; type=1; pingpong=0; private_global=0; MemPort=[03]; IO mode=ap_memory:ce=0
Port [ p_anonymous_namespace_g_core_state_admm_y_x_1]:  wired=1; compound=1; hidden=0; nouse=0; global=1; static=1; extern=0; dir=1; type=1; pingpong=0; private_global=0; MemPort=[03]; IO mode=ap_memory:ce=0
Port [ p_anonymous_namespace_g_core_state_admm_y_x_2]:  wired=1; compound=1; hidden=0; nouse=0; global=1; static=1; extern=0; dir=1; type=1; pingpong=0; private_global=0; MemPort=[03]; IO mode=ap_memory:ce=0
Port [ p_anonymous_namespace_g_core_state_admm_y_x_3]:  wired=1; compound=1; hidden=0; nouse=0; global=1; static=1; extern=0; dir=1; type=1; pingpong=0; private_global=0; MemPort=[03]; IO mode=ap_memory:ce=0
Port [ p_anonymous_namespace_g_core_state_admm_y_x_4]:  wired=1; compound=1; hidden=0; nouse=0; global=1; static=1; extern=0; dir=1; type=1; pingpong=0; private_global=0; MemPort=[03]; IO mode=ap_memory:ce=0
Port [ p_anonymous_namespace_g_core_state_admm_y_x_5]:  wired=1; compound=1; hidden=0; nouse=0; global=1; static=1; extern=0; dir=1; type=1; pingpong=0; private_global=0; MemPort=[03]; IO mode=ap_memory:ce=0
Port [ p_anonymous_namespace_g_core_state_admm_y_x_6]:  wired=1; compound=1; hidden=0; nouse=0; global=1; static=1; extern=0; dir=1; type=1; pingpong=0; private_global=0; MemPort=[03]; IO mode=ap_memory:ce=0
Port [ p_anonymous_namespace_g_core_state_admm_y_x_7]:  wired=1; compound=1; hidden=0; nouse=0; global=1; static=1; extern=0; dir=1; type=1; pingpong=0; private_global=0; MemPort=[03]; IO mode=ap_memory:ce=0
---------------- STG Properties END ------------------

---------------- Datapath Model BEGIN ----------------

<LifeTime>
<method=bitvector/>
k                                                  (alloca           ) [ 01]
store_ln322                                        (store            ) [ 00]
br_ln0                                             (br               ) [ 00]
k_17                                               (load             ) [ 00]
icmp_ln322                                         (icmp             ) [ 01]
add_ln322                                          (add              ) [ 00]
br_ln322                                           (br               ) [ 00]
zext_ln322                                         (zext             ) [ 00]
specpipeline_ln323                                 (specpipeline     ) [ 00]
speclooptripcount_ln322                            (speclooptripcount) [ 00]
specloopname_ln322                                 (specloopname     ) [ 00]
p_anonymous_namespace_g_core_state_admm_z_x_0_addr (getelementptr    ) [ 00]
p_anonymous_namespace_g_core_state_admm_y_x_0_addr (getelementptr    ) [ 00]
p_anonymous_namespace_g_core_state_admm_z_x_1_addr (getelementptr    ) [ 00]
p_anonymous_namespace_g_core_state_admm_y_x_1_addr (getelementptr    ) [ 00]
p_anonymous_namespace_g_core_state_admm_z_x_2_addr (getelementptr    ) [ 00]
p_anonymous_namespace_g_core_state_admm_y_x_2_addr (getelementptr    ) [ 00]
p_anonymous_namespace_g_core_state_admm_z_x_3_addr (getelementptr    ) [ 00]
p_anonymous_namespace_g_core_state_admm_y_x_3_addr (getelementptr    ) [ 00]
p_anonymous_namespace_g_core_state_admm_z_x_4_addr (getelementptr    ) [ 00]
p_anonymous_namespace_g_core_state_admm_y_x_4_addr (getelementptr    ) [ 00]
p_anonymous_namespace_g_core_state_admm_z_x_5_addr (getelementptr    ) [ 00]
p_anonymous_namespace_g_core_state_admm_y_x_5_addr (getelementptr    ) [ 00]
p_anonymous_namespace_g_core_state_admm_z_x_6_addr (getelementptr    ) [ 00]
p_anonymous_namespace_g_core_state_admm_y_x_6_addr (getelementptr    ) [ 00]
p_anonymous_namespace_g_core_state_admm_z_x_7_addr (getelementptr    ) [ 00]
store_ln325                                        (store            ) [ 00]
store_ln325                                        (store            ) [ 00]
store_ln325                                        (store            ) [ 00]
store_ln325                                        (store            ) [ 00]
store_ln325                                        (store            ) [ 00]
store_ln325                                        (store            ) [ 00]
store_ln325                                        (store            ) [ 00]
store_ln325                                        (store            ) [ 00]
p_anonymous_namespace_g_core_state_admm_y_x_7_addr (getelementptr    ) [ 00]
store_ln326                                        (store            ) [ 00]
store_ln326                                        (store            ) [ 00]
store_ln326                                        (store            ) [ 00]
store_ln326                                        (store            ) [ 00]
store_ln326                                        (store            ) [ 00]
store_ln326                                        (store            ) [ 00]
store_ln326                                        (store            ) [ 00]
store_ln326                                        (store            ) [ 00]
store_ln322                                        (store            ) [ 00]
br_ln322                                           (br               ) [ 00]
ret_ln0                                            (ret              ) [ 00]
</LifeTime>

<model>

<comp_list>
<comp id="0" class="1000" name="p_anonymous_namespace_g_core_state_admm_z_x_0">
<pin_list>
<pin id="1" dir="1" index="0" bw="1" slack="0"/>
</pin_list>
<bind>
<StgValue><ssdm name="p_anonymous_namespace_g_core_state_admm_z_x_0"/><MemPortTyVec>0 3 </MemPortTyVec>
</StgValue>
</bind>
</comp>

<comp id="2" class="1000" name="p_anonymous_namespace_g_core_state_admm_z_x_1">
<pin_list>
<pin id="3" dir="1" index="0" bw="1" slack="0"/>
</pin_list>
<bind>
<StgValue><ssdm name="p_anonymous_namespace_g_core_state_admm_z_x_1"/><MemPortTyVec>0 3 </MemPortTyVec>
</StgValue>
</bind>
</comp>

<comp id="4" class="1000" name="p_anonymous_namespace_g_core_state_admm_z_x_2">
<pin_list>
<pin id="5" dir="1" index="0" bw="1" slack="0"/>
</pin_list>
<bind>
<StgValue><ssdm name="p_anonymous_namespace_g_core_state_admm_z_x_2"/><MemPortTyVec>0 3 </MemPortTyVec>
</StgValue>
</bind>
</comp>

<comp id="6" class="1000" name="p_anonymous_namespace_g_core_state_admm_z_x_3">
<pin_list>
<pin id="7" dir="1" index="0" bw="1" slack="0"/>
</pin_list>
<bind>
<StgValue><ssdm name="p_anonymous_namespace_g_core_state_admm_z_x_3"/><MemPortTyVec>0 3 </MemPortTyVec>
</StgValue>
</bind>
</comp>

<comp id="8" class="1000" name="p_anonymous_namespace_g_core_state_admm_z_x_4">
<pin_list>
<pin id="9" dir="1" index="0" bw="1" slack="0"/>
</pin_list>
<bind>
<StgValue><ssdm name="p_anonymous_namespace_g_core_state_admm_z_x_4"/><MemPortTyVec>0 3 </MemPortTyVec>
</StgValue>
</bind>
</comp>

<comp id="10" class="1000" name="p_anonymous_namespace_g_core_state_admm_z_x_5">
<pin_list>
<pin id="11" dir="1" index="0" bw="1" slack="0"/>
</pin_list>
<bind>
<StgValue><ssdm name="p_anonymous_namespace_g_core_state_admm_z_x_5"/><MemPortTyVec>0 3 </MemPortTyVec>
</StgValue>
</bind>
</comp>

<comp id="12" class="1000" name="p_anonymous_namespace_g_core_state_admm_z_x_6">
<pin_list>
<pin id="13" dir="1" index="0" bw="1" slack="0"/>
</pin_list>
<bind>
<StgValue><ssdm name="p_anonymous_namespace_g_core_state_admm_z_x_6"/><MemPortTyVec>0 3 </MemPortTyVec>
</StgValue>
</bind>
</comp>

<comp id="14" class="1000" name="p_anonymous_namespace_g_core_state_admm_z_x_7">
<pin_list>
<pin id="15" dir="1" index="0" bw="1" slack="0"/>
</pin_list>
<bind>
<StgValue><ssdm name="p_anonymous_namespace_g_core_state_admm_z_x_7"/><MemPortTyVec>0 3 </MemPortTyVec>
</StgValue>
</bind>
</comp>

<comp id="16" class="1000" name="p_anonymous_namespace_g_core_state_admm_y_x_0">
<pin_list>
<pin id="17" dir="1" index="0" bw="1" slack="0"/>
</pin_list>
<bind>
<StgValue><ssdm name="p_anonymous_namespace_g_core_state_admm_y_x_0"/><MemPortTyVec>0 3 </MemPortTyVec>
</StgValue>
</bind>
</comp>

<comp id="18" class="1000" name="p_anonymous_namespace_g_core_state_admm_y_x_1">
<pin_list>
<pin id="19" dir="1" index="0" bw="1" slack="0"/>
</pin_list>
<bind>
<StgValue><ssdm name="p_anonymous_namespace_g_core_state_admm_y_x_1"/><MemPortTyVec>0 3 </MemPortTyVec>
</StgValue>
</bind>
</comp>

<comp id="20" class="1000" name="p_anonymous_namespace_g_core_state_admm_y_x_2">
<pin_list>
<pin id="21" dir="1" index="0" bw="1" slack="0"/>
</pin_list>
<bind>
<StgValue><ssdm name="p_anonymous_namespace_g_core_state_admm_y_x_2"/><MemPortTyVec>0 3 </MemPortTyVec>
</StgValue>
</bind>
</comp>

<comp id="22" class="1000" name="p_anonymous_namespace_g_core_state_admm_y_x_3">
<pin_list>
<pin id="23" dir="1" index="0" bw="1" slack="0"/>
</pin_list>
<bind>
<StgValue><ssdm name="p_anonymous_namespace_g_core_state_admm_y_x_3"/><MemPortTyVec>0 3 </MemPortTyVec>
</StgValue>
</bind>
</comp>

<comp id="24" class="1000" name="p_anonymous_namespace_g_core_state_admm_y_x_4">
<pin_list>
<pin id="25" dir="1" index="0" bw="1" slack="0"/>
</pin_list>
<bind>
<StgValue><ssdm name="p_anonymous_namespace_g_core_state_admm_y_x_4"/><MemPortTyVec>0 3 </MemPortTyVec>
</StgValue>
</bind>
</comp>

<comp id="26" class="1000" name="p_anonymous_namespace_g_core_state_admm_y_x_5">
<pin_list>
<pin id="27" dir="1" index="0" bw="1" slack="0"/>
</pin_list>
<bind>
<StgValue><ssdm name="p_anonymous_namespace_g_core_state_admm_y_x_5"/><MemPortTyVec>0 3 </MemPortTyVec>
</StgValue>
</bind>
</comp>

<comp id="28" class="1000" name="p_anonymous_namespace_g_core_state_admm_y_x_6">
<pin_list>
<pin id="29" dir="1" index="0" bw="1" slack="0"/>
</pin_list>
<bind>
<StgValue><ssdm name="p_anonymous_namespace_g_core_state_admm_y_x_6"/><MemPortTyVec>0 3 </MemPortTyVec>
</StgValue>
</bind>
</comp>

<comp id="30" class="1000" name="p_anonymous_namespace_g_core_state_admm_y_x_7">
<pin_list>
<pin id="31" dir="1" index="0" bw="1" slack="0"/>
</pin_list>
<bind>
<StgValue><ssdm name="p_anonymous_namespace_g_core_state_admm_y_x_7"/><MemPortTyVec>0 3 </MemPortTyVec>
</StgValue>
</bind>
</comp>

<comp id="32" class="1001" name="const_32">
<pin_list>
<pin id="33" dir="1" index="0" bw="1" slack="0"/>
</pin_list>
<bind>
<StgValue><ssdm name=""/></StgValue>
</bind>
</comp>

<comp id="34" class="1001" name="const_34">
<pin_list>
<pin id="35" dir="1" index="0" bw="1" slack="0"/>
</pin_list>
<bind>
<StgValue><ssdm name=""/></StgValue>
</bind>
</comp>

<comp id="36" class="1001" name="const_36">
<pin_list>
<pin id="37" dir="1" index="0" bw="1" slack="0"/>
</pin_list>
<bind>
<StgValue><ssdm name=""/></StgValue>
</bind>
</comp>

<comp id="38" class="1001" name="const_38">
<pin_list>
<pin id="39" dir="1" index="0" bw="1" slack="0"/>
</pin_list>
<bind>
<StgValue><ssdm name=""/></StgValue>
</bind>
</comp>

<comp id="40" class="1001" name="const_40">
<pin_list>
<pin id="41" dir="1" index="0" bw="1" slack="2147483647"/>
</pin_list>
<bind>
<StgValue><ssdm name="_ssdm_op_SpecPipeline"/></StgValue>
</bind>
</comp>

<comp id="42" class="1001" name="const_42">
<pin_list>
<pin id="43" dir="1" index="0" bw="1" slack="2147483647"/>
</pin_list>
<bind>
<StgValue><ssdm name=""/></StgValue>
</bind>
</comp>

<comp id="44" class="1001" name="const_44">
<pin_list>
<pin id="45" dir="1" index="0" bw="1" slack="2147483647"/>
</pin_list>
<bind>
<StgValue><ssdm name=""/></StgValue>
</bind>
</comp>

<comp id="46" class="1001" name="const_46">
<pin_list>
<pin id="47" dir="1" index="0" bw="1" slack="2147483647"/>
</pin_list>
<bind>
<StgValue><ssdm name="empty_524"/></StgValue>
</bind>
</comp>

<comp id="48" class="1001" name="const_48">
<pin_list>
<pin id="49" dir="1" index="0" bw="1" slack="2147483647"/>
</pin_list>
<bind>
<StgValue><ssdm name="_ssdm_op_SpecLoopTripCount"/></StgValue>
</bind>
</comp>

<comp id="50" class="1001" name="const_50">
<pin_list>
<pin id="51" dir="1" index="0" bw="1" slack="2147483647"/>
</pin_list>
<bind>
<StgValue><ssdm name=""/></StgValue>
</bind>
</comp>

<comp id="52" class="1001" name="const_52">
<pin_list>
<pin id="53" dir="1" index="0" bw="1" slack="2147483647"/>
</pin_list>
<bind>
<StgValue><ssdm name="_ssdm_op_SpecLoopName"/></StgValue>
</bind>
</comp>

<comp id="54" class="1001" name="const_54">
<pin_list>
<pin id="55" dir="1" index="0" bw="1" slack="2147483647"/>
</pin_list>
<bind>
<StgValue><ssdm name="empty_535"/></StgValue>
</bind>
</comp>

<comp id="56" class="1001" name="const_56">
<pin_list>
<pin id="57" dir="1" index="0" bw="1" slack="0"/>
</pin_list>
<bind>
<StgValue><ssdm name=""/></StgValue>
</bind>
</comp>

<comp id="58" class="1001" name="const_58">
<pin_list>
<pin id="59" dir="1" index="0" bw="1" slack="0"/>
</pin_list>
<bind>
<StgValue><ssdm name=""/></StgValue>
</bind>
</comp>

<comp id="60" class="1004" name="k_fu_60">
<pin_list>
<pin id="61" dir="0" index="0" bw="1" slack="0"/>
<pin id="62" dir="1" index="1" bw="5" slack="0"/>
</pin_list>
<bind>
<opcode="alloca(26) " fcode="alloca"/>
<opset="k/1 "/>
</bind>
</comp>

<comp id="64" class="1004" name="p_anonymous_namespace_g_core_state_admm_z_x_0_addr_gep_fu_64">
<pin_list>
<pin id="65" dir="0" index="0" bw="26" slack="0"/>
<pin id="66" dir="0" index="1" bw="1" slack="0"/>
<pin id="67" dir="0" index="2" bw="5" slack="0"/>
<pin id="68" dir="1" index="3" bw="5" slack="0"/>
</pin_list>
<bind>
<opcode="getelementptr(29) " fcode="getelementptr"/>
<opset="p_anonymous_namespace_g_core_state_admm_z_x_0_addr/1 "/>
</bind>
</comp>

<comp id="71" class="1004" name="p_anonymous_namespace_g_core_state_admm_y_x_0_addr_gep_fu_71">
<pin_list>
<pin id="72" dir="0" index="0" bw="26" slack="0"/>
<pin id="73" dir="0" index="1" bw="1" slack="0"/>
<pin id="74" dir="0" index="2" bw="5" slack="0"/>
<pin id="75" dir="1" index="3" bw="5" slack="0"/>
</pin_list>
<bind>
<opcode="getelementptr(29) " fcode="getelementptr"/>
<opset="p_anonymous_namespace_g_core_state_admm_y_x_0_addr/1 "/>
</bind>
</comp>

<comp id="78" class="1004" name="p_anonymous_namespace_g_core_state_admm_z_x_1_addr_gep_fu_78">
<pin_list>
<pin id="79" dir="0" index="0" bw="26" slack="0"/>
<pin id="80" dir="0" index="1" bw="1" slack="0"/>
<pin id="81" dir="0" index="2" bw="5" slack="0"/>
<pin id="82" dir="1" index="3" bw="5" slack="0"/>
</pin_list>
<bind>
<opcode="getelementptr(29) " fcode="getelementptr"/>
<opset="p_anonymous_namespace_g_core_state_admm_z_x_1_addr/1 "/>
</bind>
</comp>

<comp id="85" class="1004" name="p_anonymous_namespace_g_core_state_admm_y_x_1_addr_gep_fu_85">
<pin_list>
<pin id="86" dir="0" index="0" bw="26" slack="0"/>
<pin id="87" dir="0" index="1" bw="1" slack="0"/>
<pin id="88" dir="0" index="2" bw="5" slack="0"/>
<pin id="89" dir="1" index="3" bw="5" slack="0"/>
</pin_list>
<bind>
<opcode="getelementptr(29) " fcode="getelementptr"/>
<opset="p_anonymous_namespace_g_core_state_admm_y_x_1_addr/1 "/>
</bind>
</comp>

<comp id="92" class="1004" name="p_anonymous_namespace_g_core_state_admm_z_x_2_addr_gep_fu_92">
<pin_list>
<pin id="93" dir="0" index="0" bw="26" slack="0"/>
<pin id="94" dir="0" index="1" bw="1" slack="0"/>
<pin id="95" dir="0" index="2" bw="5" slack="0"/>
<pin id="96" dir="1" index="3" bw="5" slack="0"/>
</pin_list>
<bind>
<opcode="getelementptr(29) " fcode="getelementptr"/>
<opset="p_anonymous_namespace_g_core_state_admm_z_x_2_addr/1 "/>
</bind>
</comp>

<comp id="99" class="1004" name="p_anonymous_namespace_g_core_state_admm_y_x_2_addr_gep_fu_99">
<pin_list>
<pin id="100" dir="0" index="0" bw="26" slack="0"/>
<pin id="101" dir="0" index="1" bw="1" slack="0"/>
<pin id="102" dir="0" index="2" bw="5" slack="0"/>
<pin id="103" dir="1" index="3" bw="5" slack="0"/>
</pin_list>
<bind>
<opcode="getelementptr(29) " fcode="getelementptr"/>
<opset="p_anonymous_namespace_g_core_state_admm_y_x_2_addr/1 "/>
</bind>
</comp>

<comp id="106" class="1004" name="p_anonymous_namespace_g_core_state_admm_z_x_3_addr_gep_fu_106">
<pin_list>
<pin id="107" dir="0" index="0" bw="26" slack="0"/>
<pin id="108" dir="0" index="1" bw="1" slack="0"/>
<pin id="109" dir="0" index="2" bw="5" slack="0"/>
<pin id="110" dir="1" index="3" bw="5" slack="0"/>
</pin_list>
<bind>
<opcode="getelementptr(29) " fcode="getelementptr"/>
<opset="p_anonymous_namespace_g_core_state_admm_z_x_3_addr/1 "/>
</bind>
</comp>

<comp id="113" class="1004" name="p_anonymous_namespace_g_core_state_admm_y_x_3_addr_gep_fu_113">
<pin_list>
<pin id="114" dir="0" index="0" bw="26" slack="0"/>
<pin id="115" dir="0" index="1" bw="1" slack="0"/>
<pin id="116" dir="0" index="2" bw="5" slack="0"/>
<pin id="117" dir="1" index="3" bw="5" slack="0"/>
</pin_list>
<bind>
<opcode="getelementptr(29) " fcode="getelementptr"/>
<opset="p_anonymous_namespace_g_core_state_admm_y_x_3_addr/1 "/>
</bind>
</comp>

<comp id="120" class="1004" name="p_anonymous_namespace_g_core_state_admm_z_x_4_addr_gep_fu_120">
<pin_list>
<pin id="121" dir="0" index="0" bw="26" slack="0"/>
<pin id="122" dir="0" index="1" bw="1" slack="0"/>
<pin id="123" dir="0" index="2" bw="5" slack="0"/>
<pin id="124" dir="1" index="3" bw="5" slack="0"/>
</pin_list>
<bind>
<opcode="getelementptr(29) " fcode="getelementptr"/>
<opset="p_anonymous_namespace_g_core_state_admm_z_x_4_addr/1 "/>
</bind>
</comp>

<comp id="127" class="1004" name="p_anonymous_namespace_g_core_state_admm_y_x_4_addr_gep_fu_127">
<pin_list>
<pin id="128" dir="0" index="0" bw="26" slack="0"/>
<pin id="129" dir="0" index="1" bw="1" slack="0"/>
<pin id="130" dir="0" index="2" bw="5" slack="0"/>
<pin id="131" dir="1" index="3" bw="5" slack="0"/>
</pin_list>
<bind>
<opcode="getelementptr(29) " fcode="getelementptr"/>
<opset="p_anonymous_namespace_g_core_state_admm_y_x_4_addr/1 "/>
</bind>
</comp>

<comp id="134" class="1004" name="p_anonymous_namespace_g_core_state_admm_z_x_5_addr_gep_fu_134">
<pin_list>
<pin id="135" dir="0" index="0" bw="26" slack="0"/>
<pin id="136" dir="0" index="1" bw="1" slack="0"/>
<pin id="137" dir="0" index="2" bw="5" slack="0"/>
<pin id="138" dir="1" index="3" bw="5" slack="0"/>
</pin_list>
<bind>
<opcode="getelementptr(29) " fcode="getelementptr"/>
<opset="p_anonymous_namespace_g_core_state_admm_z_x_5_addr/1 "/>
</bind>
</comp>

<comp id="141" class="1004" name="p_anonymous_namespace_g_core_state_admm_y_x_5_addr_gep_fu_141">
<pin_list>
<pin id="142" dir="0" index="0" bw="26" slack="0"/>
<pin id="143" dir="0" index="1" bw="1" slack="0"/>
<pin id="144" dir="0" index="2" bw="5" slack="0"/>
<pin id="145" dir="1" index="3" bw="5" slack="0"/>
</pin_list>
<bind>
<opcode="getelementptr(29) " fcode="getelementptr"/>
<opset="p_anonymous_namespace_g_core_state_admm_y_x_5_addr/1 "/>
</bind>
</comp>

<comp id="148" class="1004" name="p_anonymous_namespace_g_core_state_admm_z_x_6_addr_gep_fu_148">
<pin_list>
<pin id="149" dir="0" index="0" bw="26" slack="0"/>
<pin id="150" dir="0" index="1" bw="1" slack="0"/>
<pin id="151" dir="0" index="2" bw="5" slack="0"/>
<pin id="152" dir="1" index="3" bw="5" slack="0"/>
</pin_list>
<bind>
<opcode="getelementptr(29) " fcode="getelementptr"/>
<opset="p_anonymous_namespace_g_core_state_admm_z_x_6_addr/1 "/>
</bind>
</comp>

<comp id="155" class="1004" name="p_anonymous_namespace_g_core_state_admm_y_x_6_addr_gep_fu_155">
<pin_list>
<pin id="156" dir="0" index="0" bw="26" slack="0"/>
<pin id="157" dir="0" index="1" bw="1" slack="0"/>
<pin id="158" dir="0" index="2" bw="5" slack="0"/>
<pin id="159" dir="1" index="3" bw="5" slack="0"/>
</pin_list>
<bind>
<opcode="getelementptr(29) " fcode="getelementptr"/>
<opset="p_anonymous_namespace_g_core_state_admm_y_x_6_addr/1 "/>
</bind>
</comp>

<comp id="162" class="1004" name="p_anonymous_namespace_g_core_state_admm_z_x_7_addr_gep_fu_162">
<pin_list>
<pin id="163" dir="0" index="0" bw="26" slack="0"/>
<pin id="164" dir="0" index="1" bw="1" slack="0"/>
<pin id="165" dir="0" index="2" bw="5" slack="0"/>
<pin id="166" dir="1" index="3" bw="5" slack="0"/>
</pin_list>
<bind>
<opcode="getelementptr(29) " fcode="getelementptr"/>
<opset="p_anonymous_namespace_g_core_state_admm_z_x_7_addr/1 "/>
</bind>
</comp>

<comp id="169" class="1004" name="store_ln325_access_fu_169">
<pin_list>
<pin id="170" dir="0" index="0" bw="5" slack="0"/>
<pin id="171" dir="0" index="1" bw="26" slack="0"/>
<pin id="172" dir="0" index="2" bw="0" slack="2147483647"/>
<pin id="173" dir="1" index="3" bw="26" slack="2147483647"/>
</pin_list>
<bind>
<opcode="store(28) " fcode="store"/>
<opset="store_ln325/1 "/>
</bind>
</comp>

<comp id="176" class="1004" name="store_ln325_access_fu_176">
<pin_list>
<pin id="177" dir="0" index="0" bw="5" slack="0"/>
<pin id="178" dir="0" index="1" bw="26" slack="0"/>
<pin id="179" dir="0" index="2" bw="0" slack="2147483647"/>
<pin id="180" dir="1" index="3" bw="26" slack="2147483647"/>
</pin_list>
<bind>
<opcode="store(28) " fcode="store"/>
<opset="store_ln325/1 "/>
</bind>
</comp>

<comp id="183" class="1004" name="store_ln325_access_fu_183">
<pin_list>
<pin id="184" dir="0" index="0" bw="5" slack="0"/>
<pin id="185" dir="0" index="1" bw="26" slack="0"/>
<pin id="186" dir="0" index="2" bw="0" slack="2147483647"/>
<pin id="187" dir="1" index="3" bw="26" slack="2147483647"/>
</pin_list>
<bind>
<opcode="store(28) " fcode="store"/>
<opset="store_ln325/1 "/>
</bind>
</comp>

<comp id="190" class="1004" name="store_ln325_access_fu_190">
<pin_list>
<pin id="191" dir="0" index="0" bw="5" slack="0"/>
<pin id="192" dir="0" index="1" bw="26" slack="0"/>
<pin id="193" dir="0" index="2" bw="0" slack="2147483647"/>
<pin id="194" dir="1" index="3" bw="26" slack="2147483647"/>
</pin_list>
<bind>
<opcode="store(28) " fcode="store"/>
<opset="store_ln325/1 "/>
</bind>
</comp>

<comp id="197" class="1004" name="store_ln325_access_fu_197">
<pin_list>
<pin id="198" dir="0" index="0" bw="5" slack="0"/>
<pin id="199" dir="0" index="1" bw="26" slack="0"/>
<pin id="200" dir="0" index="2" bw="0" slack="2147483647"/>
<pin id="201" dir="1" index="3" bw="26" slack="2147483647"/>
</pin_list>
<bind>
<opcode="store(28) " fcode="store"/>
<opset="store_ln325/1 "/>
</bind>
</comp>

<comp id="204" class="1004" name="store_ln325_access_fu_204">
<pin_list>
<pin id="205" dir="0" index="0" bw="5" slack="0"/>
<pin id="206" dir="0" index="1" bw="26" slack="0"/>
<pin id="207" dir="0" index="2" bw="0" slack="2147483647"/>
<pin id="208" dir="1" index="3" bw="26" slack="2147483647"/>
</pin_list>
<bind>
<opcode="store(28) " fcode="store"/>
<opset="store_ln325/1 "/>
</bind>
</comp>

<comp id="211" class="1004" name="store_ln325_access_fu_211">
<pin_list>
<pin id="212" dir="0" index="0" bw="5" slack="0"/>
<pin id="213" dir="0" index="1" bw="26" slack="0"/>
<pin id="214" dir="0" index="2" bw="0" slack="2147483647"/>
<pin id="215" dir="1" index="3" bw="26" slack="2147483647"/>
</pin_list>
<bind>
<opcode="store(28) " fcode="store"/>
<opset="store_ln325/1 "/>
</bind>
</comp>

<comp id="218" class="1004" name="store_ln325_access_fu_218">
<pin_list>
<pin id="219" dir="0" index="0" bw="5" slack="0"/>
<pin id="220" dir="0" index="1" bw="26" slack="0"/>
<pin id="221" dir="0" index="2" bw="0" slack="2147483647"/>
<pin id="222" dir="1" index="3" bw="26" slack="2147483647"/>
</pin_list>
<bind>
<opcode="store(28) " fcode="store"/>
<opset="store_ln325/1 "/>
</bind>
</comp>

<comp id="225" class="1004" name="p_anonymous_namespace_g_core_state_admm_y_x_7_addr_gep_fu_225">
<pin_list>
<pin id="226" dir="0" index="0" bw="26" slack="0"/>
<pin id="227" dir="0" index="1" bw="1" slack="0"/>
<pin id="228" dir="0" index="2" bw="5" slack="0"/>
<pin id="229" dir="1" index="3" bw="5" slack="0"/>
</pin_list>
<bind>
<opcode="getelementptr(29) " fcode="getelementptr"/>
<opset="p_anonymous_namespace_g_core_state_admm_y_x_7_addr/1 "/>
</bind>
</comp>

<comp id="232" class="1004" name="store_ln326_access_fu_232">
<pin_list>
<pin id="233" dir="0" index="0" bw="5" slack="0"/>
<pin id="234" dir="0" index="1" bw="26" slack="0"/>
<pin id="235" dir="0" index="2" bw="0" slack="2147483647"/>
<pin id="236" dir="1" index="3" bw="26" slack="2147483647"/>
</pin_list>
<bind>
<opcode="store(28) " fcode="store"/>
<opset="store_ln326/1 "/>
</bind>
</comp>

<comp id="239" class="1004" name="store_ln326_access_fu_239">
<pin_list>
<pin id="240" dir="0" index="0" bw="5" slack="0"/>
<pin id="241" dir="0" index="1" bw="26" slack="0"/>
<pin id="242" dir="0" index="2" bw="0" slack="2147483647"/>
<pin id="243" dir="1" index="3" bw="26" slack="2147483647"/>
</pin_list>
<bind>
<opcode="store(28) " fcode="store"/>
<opset="store_ln326/1 "/>
</bind>
</comp>

<comp id="246" class="1004" name="store_ln326_access_fu_246">
<pin_list>
<pin id="247" dir="0" index="0" bw="5" slack="0"/>
<pin id="248" dir="0" index="1" bw="26" slack="0"/>
<pin id="249" dir="0" index="2" bw="0" slack="2147483647"/>
<pin id="250" dir="1" index="3" bw="26" slack="2147483647"/>
</pin_list>
<bind>
<opcode="store(28) " fcode="store"/>
<opset="store_ln326/1 "/>
</bind>
</comp>

<comp id="253" class="1004" name="store_ln326_access_fu_253">
<pin_list>
<pin id="254" dir="0" index="0" bw="5" slack="0"/>
<pin id="255" dir="0" index="1" bw="26" slack="0"/>
<pin id="256" dir="0" index="2" bw="0" slack="2147483647"/>
<pin id="257" dir="1" index="3" bw="26" slack="2147483647"/>
</pin_list>
<bind>
<opcode="store(28) " fcode="store"/>
<opset="store_ln326/1 "/>
</bind>
</comp>

<comp id="260" class="1004" name="store_ln326_access_fu_260">
<pin_list>
<pin id="261" dir="0" index="0" bw="5" slack="0"/>
<pin id="262" dir="0" index="1" bw="26" slack="0"/>
<pin id="263" dir="0" index="2" bw="0" slack="2147483647"/>
<pin id="264" dir="1" index="3" bw="26" slack="2147483647"/>
</pin_list>
<bind>
<opcode="store(28) " fcode="store"/>
<opset="store_ln326/1 "/>
</bind>
</comp>

<comp id="267" class="1004" name="store_ln326_access_fu_267">
<pin_list>
<pin id="268" dir="0" index="0" bw="5" slack="0"/>
<pin id="269" dir="0" index="1" bw="26" slack="0"/>
<pin id="270" dir="0" index="2" bw="0" slack="2147483647"/>
<pin id="271" dir="1" index="3" bw="26" slack="2147483647"/>
</pin_list>
<bind>
<opcode="store(28) " fcode="store"/>
<opset="store_ln326/1 "/>
</bind>
</comp>

<comp id="274" class="1004" name="store_ln326_access_fu_274">
<pin_list>
<pin id="275" dir="0" index="0" bw="5" slack="0"/>
<pin id="276" dir="0" index="1" bw="26" slack="0"/>
<pin id="277" dir="0" index="2" bw="0" slack="2147483647"/>
<pin id="278" dir="1" index="3" bw="26" slack="2147483647"/>
</pin_list>
<bind>
<opcode="store(28) " fcode="store"/>
<opset="store_ln326/1 "/>
</bind>
</comp>

<comp id="281" class="1004" name="store_ln326_access_fu_281">
<pin_list>
<pin id="282" dir="0" index="0" bw="5" slack="0"/>
<pin id="283" dir="0" index="1" bw="26" slack="0"/>
<pin id="284" dir="0" index="2" bw="0" slack="2147483647"/>
<pin id="285" dir="1" index="3" bw="26" slack="2147483647"/>
</pin_list>
<bind>
<opcode="store(28) " fcode="store"/>
<opset="store_ln326/1 "/>
</bind>
</comp>

<comp id="288" class="1004" name="store_ln322_store_fu_288">
<pin_list>
<pin id="289" dir="0" index="0" bw="1" slack="0"/>
<pin id="290" dir="0" index="1" bw="5" slack="0"/>
<pin id="291" dir="1" index="2" bw="0" slack="2147483647"/>
</pin_list>
<bind>
<opcode="store(28) " fcode="store"/>
<opset="store_ln322/1 "/>
</bind>
</comp>

<comp id="293" class="1004" name="k_17_load_fu_293">
<pin_list>
<pin id="294" dir="0" index="0" bw="5" slack="0"/>
<pin id="295" dir="1" index="1" bw="5" slack="0"/>
</pin_list>
<bind>
<opcode="load(27) " fcode="load"/>
<opset="k_17/1 "/>
</bind>
</comp>

<comp id="296" class="1004" name="icmp_ln322_fu_296">
<pin_list>
<pin id="297" dir="0" index="0" bw="5" slack="0"/>
<pin id="298" dir="0" index="1" bw="5" slack="0"/>
<pin id="299" dir="1" index="2" bw="1" slack="2147483647"/>
</pin_list>
<bind>
<opcode="icmp(45) " fcode="icmp"/>
<opset="icmp_ln322/1 "/>
</bind>
</comp>

<comp id="302" class="1004" name="add_ln322_fu_302">
<pin_list>
<pin id="303" dir="0" index="0" bw="5" slack="0"/>
<pin id="304" dir="0" index="1" bw="1" slack="0"/>
<pin id="305" dir="1" index="2" bw="5" slack="0"/>
</pin_list>
<bind>
<opcode="add(8) " fcode="add"/>
<opset="add_ln322/1 "/>
</bind>
</comp>

<comp id="308" class="1004" name="zext_ln322_fu_308">
<pin_list>
<pin id="309" dir="0" index="0" bw="5" slack="0"/>
<pin id="310" dir="1" index="1" bw="64" slack="0"/>
</pin_list>
<bind>
<opcode="zext(34) " fcode="zext"/>
<opset="zext_ln322/1 "/>
</bind>
</comp>

<comp id="328" class="1004" name="store_ln322_store_fu_328">
<pin_list>
<pin id="329" dir="0" index="0" bw="5" slack="0"/>
<pin id="330" dir="0" index="1" bw="5" slack="0"/>
<pin id="331" dir="1" index="2" bw="0" slack="2147483647"/>
</pin_list>
<bind>
<opcode="store(28) " fcode="store"/>
<opset="store_ln322/1 "/>
</bind>
</comp>

<comp id="333" class="1005" name="k_reg_333">
<pin_list>
<pin id="334" dir="0" index="0" bw="5" slack="0"/>
<pin id="335" dir="1" index="1" bw="5" slack="0"/>
</pin_list>
<bind>
<opset="k "/>
</bind>
</comp>

</comp_list>

<net_list>
<net id="63"><net_src comp="32" pin="0"/><net_sink comp="60" pin=0"/></net>

<net id="69"><net_src comp="0" pin="0"/><net_sink comp="64" pin=0"/></net>

<net id="70"><net_src comp="56" pin="0"/><net_sink comp="64" pin=1"/></net>

<net id="76"><net_src comp="16" pin="0"/><net_sink comp="71" pin=0"/></net>

<net id="77"><net_src comp="56" pin="0"/><net_sink comp="71" pin=1"/></net>

<net id="83"><net_src comp="2" pin="0"/><net_sink comp="78" pin=0"/></net>

<net id="84"><net_src comp="56" pin="0"/><net_sink comp="78" pin=1"/></net>

<net id="90"><net_src comp="18" pin="0"/><net_sink comp="85" pin=0"/></net>

<net id="91"><net_src comp="56" pin="0"/><net_sink comp="85" pin=1"/></net>

<net id="97"><net_src comp="4" pin="0"/><net_sink comp="92" pin=0"/></net>

<net id="98"><net_src comp="56" pin="0"/><net_sink comp="92" pin=1"/></net>

<net id="104"><net_src comp="20" pin="0"/><net_sink comp="99" pin=0"/></net>

<net id="105"><net_src comp="56" pin="0"/><net_sink comp="99" pin=1"/></net>

<net id="111"><net_src comp="6" pin="0"/><net_sink comp="106" pin=0"/></net>

<net id="112"><net_src comp="56" pin="0"/><net_sink comp="106" pin=1"/></net>

<net id="118"><net_src comp="22" pin="0"/><net_sink comp="113" pin=0"/></net>

<net id="119"><net_src comp="56" pin="0"/><net_sink comp="113" pin=1"/></net>

<net id="125"><net_src comp="8" pin="0"/><net_sink comp="120" pin=0"/></net>

<net id="126"><net_src comp="56" pin="0"/><net_sink comp="120" pin=1"/></net>

<net id="132"><net_src comp="24" pin="0"/><net_sink comp="127" pin=0"/></net>

<net id="133"><net_src comp="56" pin="0"/><net_sink comp="127" pin=1"/></net>

<net id="139"><net_src comp="10" pin="0"/><net_sink comp="134" pin=0"/></net>

<net id="140"><net_src comp="56" pin="0"/><net_sink comp="134" pin=1"/></net>

<net id="146"><net_src comp="26" pin="0"/><net_sink comp="141" pin=0"/></net>

<net id="147"><net_src comp="56" pin="0"/><net_sink comp="141" pin=1"/></net>

<net id="153"><net_src comp="12" pin="0"/><net_sink comp="148" pin=0"/></net>

<net id="154"><net_src comp="56" pin="0"/><net_sink comp="148" pin=1"/></net>

<net id="160"><net_src comp="28" pin="0"/><net_sink comp="155" pin=0"/></net>

<net id="161"><net_src comp="56" pin="0"/><net_sink comp="155" pin=1"/></net>

<net id="167"><net_src comp="14" pin="0"/><net_sink comp="162" pin=0"/></net>

<net id="168"><net_src comp="56" pin="0"/><net_sink comp="162" pin=1"/></net>

<net id="174"><net_src comp="58" pin="0"/><net_sink comp="169" pin=1"/></net>

<net id="175"><net_src comp="64" pin="3"/><net_sink comp="169" pin=0"/></net>

<net id="181"><net_src comp="58" pin="0"/><net_sink comp="176" pin=1"/></net>

<net id="182"><net_src comp="78" pin="3"/><net_sink comp="176" pin=0"/></net>

<net id="188"><net_src comp="58" pin="0"/><net_sink comp="183" pin=1"/></net>

<net id="189"><net_src comp="92" pin="3"/><net_sink comp="183" pin=0"/></net>

<net id="195"><net_src comp="58" pin="0"/><net_sink comp="190" pin=1"/></net>

<net id="196"><net_src comp="106" pin="3"/><net_sink comp="190" pin=0"/></net>

<net id="202"><net_src comp="58" pin="0"/><net_sink comp="197" pin=1"/></net>

<net id="203"><net_src comp="120" pin="3"/><net_sink comp="197" pin=0"/></net>

<net id="209"><net_src comp="58" pin="0"/><net_sink comp="204" pin=1"/></net>

<net id="210"><net_src comp="134" pin="3"/><net_sink comp="204" pin=0"/></net>

<net id="216"><net_src comp="58" pin="0"/><net_sink comp="211" pin=1"/></net>

<net id="217"><net_src comp="148" pin="3"/><net_sink comp="211" pin=0"/></net>

<net id="223"><net_src comp="58" pin="0"/><net_sink comp="218" pin=1"/></net>

<net id="224"><net_src comp="162" pin="3"/><net_sink comp="218" pin=0"/></net>

<net id="230"><net_src comp="30" pin="0"/><net_sink comp="225" pin=0"/></net>

<net id="231"><net_src comp="56" pin="0"/><net_sink comp="225" pin=1"/></net>

<net id="237"><net_src comp="58" pin="0"/><net_sink comp="232" pin=1"/></net>

<net id="238"><net_src comp="71" pin="3"/><net_sink comp="232" pin=0"/></net>

<net id="244"><net_src comp="58" pin="0"/><net_sink comp="239" pin=1"/></net>

<net id="245"><net_src comp="85" pin="3"/><net_sink comp="239" pin=0"/></net>

<net id="251"><net_src comp="58" pin="0"/><net_sink comp="246" pin=1"/></net>

<net id="252"><net_src comp="99" pin="3"/><net_sink comp="246" pin=0"/></net>

<net id="258"><net_src comp="58" pin="0"/><net_sink comp="253" pin=1"/></net>

<net id="259"><net_src comp="113" pin="3"/><net_sink comp="253" pin=0"/></net>

<net id="265"><net_src comp="58" pin="0"/><net_sink comp="260" pin=1"/></net>

<net id="266"><net_src comp="127" pin="3"/><net_sink comp="260" pin=0"/></net>

<net id="272"><net_src comp="58" pin="0"/><net_sink comp="267" pin=1"/></net>

<net id="273"><net_src comp="141" pin="3"/><net_sink comp="267" pin=0"/></net>

<net id="279"><net_src comp="58" pin="0"/><net_sink comp="274" pin=1"/></net>

<net id="280"><net_src comp="155" pin="3"/><net_sink comp="274" pin=0"/></net>

<net id="286"><net_src comp="58" pin="0"/><net_sink comp="281" pin=1"/></net>

<net id="287"><net_src comp="225" pin="3"/><net_sink comp="281" pin=0"/></net>

<net id="292"><net_src comp="34" pin="0"/><net_sink comp="288" pin=0"/></net>

<net id="300"><net_src comp="293" pin="1"/><net_sink comp="296" pin=0"/></net>

<net id="301"><net_src comp="36" pin="0"/><net_sink comp="296" pin=1"/></net>

<net id="306"><net_src comp="293" pin="1"/><net_sink comp="302" pin=0"/></net>

<net id="307"><net_src comp="38" pin="0"/><net_sink comp="302" pin=1"/></net>

<net id="311"><net_src comp="293" pin="1"/><net_sink comp="308" pin=0"/></net>

<net id="312"><net_src comp="308" pin="1"/><net_sink comp="64" pin=2"/></net>

<net id="313"><net_src comp="308" pin="1"/><net_sink comp="71" pin=2"/></net>

<net id="314"><net_src comp="308" pin="1"/><net_sink comp="78" pin=2"/></net>

<net id="315"><net_src comp="308" pin="1"/><net_sink comp="85" pin=2"/></net>

<net id="316"><net_src comp="308" pin="1"/><net_sink comp="92" pin=2"/></net>

<net id="317"><net_src comp="308" pin="1"/><net_sink comp="99" pin=2"/></net>

<net id="318"><net_src comp="308" pin="1"/><net_sink comp="106" pin=2"/></net>

<net id="319"><net_src comp="308" pin="1"/><net_sink comp="113" pin=2"/></net>

<net id="320"><net_src comp="308" pin="1"/><net_sink comp="120" pin=2"/></net>

<net id="321"><net_src comp="308" pin="1"/><net_sink comp="127" pin=2"/></net>

<net id="322"><net_src comp="308" pin="1"/><net_sink comp="134" pin=2"/></net>

<net id="323"><net_src comp="308" pin="1"/><net_sink comp="141" pin=2"/></net>

<net id="324"><net_src comp="308" pin="1"/><net_sink comp="148" pin=2"/></net>

<net id="325"><net_src comp="308" pin="1"/><net_sink comp="155" pin=2"/></net>

<net id="326"><net_src comp="308" pin="1"/><net_sink comp="162" pin=2"/></net>

<net id="327"><net_src comp="308" pin="1"/><net_sink comp="225" pin=2"/></net>

<net id="332"><net_src comp="302" pin="2"/><net_sink comp="328" pin=0"/></net>

<net id="336"><net_src comp="60" pin="1"/><net_sink comp="333" pin=0"/></net>

<net id="337"><net_src comp="333" pin="1"/><net_sink comp="288" pin=1"/></net>

<net id="338"><net_src comp="333" pin="1"/><net_sink comp="293" pin=0"/></net>

<net id="339"><net_src comp="333" pin="1"/><net_sink comp="328" pin=1"/></net>

</net_list>

</model> 
---------------- Datapath Model END ------------------

* FSMD analyzer results:
  - Output states:
	Port: p_anonymous_namespace_g_core_state_admm_z_x_0 | {1 }
	Port: p_anonymous_namespace_g_core_state_admm_z_x_1 | {1 }
	Port: p_anonymous_namespace_g_core_state_admm_z_x_2 | {1 }
	Port: p_anonymous_namespace_g_core_state_admm_z_x_3 | {1 }
	Port: p_anonymous_namespace_g_core_state_admm_z_x_4 | {1 }
	Port: p_anonymous_namespace_g_core_state_admm_z_x_5 | {1 }
	Port: p_anonymous_namespace_g_core_state_admm_z_x_6 | {1 }
	Port: p_anonymous_namespace_g_core_state_admm_z_x_7 | {1 }
	Port: p_anonymous_namespace_g_core_state_admm_y_x_0 | {1 }
	Port: p_anonymous_namespace_g_core_state_admm_y_x_1 | {1 }
	Port: p_anonymous_namespace_g_core_state_admm_y_x_2 | {1 }
	Port: p_anonymous_namespace_g_core_state_admm_y_x_3 | {1 }
	Port: p_anonymous_namespace_g_core_state_admm_y_x_4 | {1 }
	Port: p_anonymous_namespace_g_core_state_admm_y_x_5 | {1 }
	Port: p_anonymous_namespace_g_core_state_admm_y_x_6 | {1 }
	Port: p_anonymous_namespace_g_core_state_admm_y_x_7 | {1 }
 - Input state : 
	Port: (anonymous namespace)mpc_fpga_compute_core_Pipeline_VITIS_LOOP_322_1 : p_anonymous_namespace_g_core_state_admm_z_x_0 | {}
	Port: (anonymous namespace)mpc_fpga_compute_core_Pipeline_VITIS_LOOP_322_1 : p_anonymous_namespace_g_core_state_admm_z_x_1 | {}
	Port: (anonymous namespace)mpc_fpga_compute_core_Pipeline_VITIS_LOOP_322_1 : p_anonymous_namespace_g_core_state_admm_z_x_2 | {}
	Port: (anonymous namespace)mpc_fpga_compute_core_Pipeline_VITIS_LOOP_322_1 : p_anonymous_namespace_g_core_state_admm_z_x_3 | {}
	Port: (anonymous namespace)mpc_fpga_compute_core_Pipeline_VITIS_LOOP_322_1 : p_anonymous_namespace_g_core_state_admm_z_x_4 | {}
	Port: (anonymous namespace)mpc_fpga_compute_core_Pipeline_VITIS_LOOP_322_1 : p_anonymous_namespace_g_core_state_admm_z_x_5 | {}
	Port: (anonymous namespace)mpc_fpga_compute_core_Pipeline_VITIS_LOOP_322_1 : p_anonymous_namespace_g_core_state_admm_z_x_6 | {}
	Port: (anonymous namespace)mpc_fpga_compute_core_Pipeline_VITIS_LOOP_322_1 : p_anonymous_namespace_g_core_state_admm_z_x_7 | {}
	Port: (anonymous namespace)mpc_fpga_compute_core_Pipeline_VITIS_LOOP_322_1 : p_anonymous_namespace_g_core_state_admm_y_x_0 | {}
	Port: (anonymous namespace)mpc_fpga_compute_core_Pipeline_VITIS_LOOP_322_1 : p_anonymous_namespace_g_core_state_admm_y_x_1 | {}
	Port: (anonymous namespace)mpc_fpga_compute_core_Pipeline_VITIS_LOOP_322_1 : p_anonymous_namespace_g_core_state_admm_y_x_2 | {}
	Port: (anonymous namespace)mpc_fpga_compute_core_Pipeline_VITIS_LOOP_322_1 : p_anonymous_namespace_g_core_state_admm_y_x_3 | {}
	Port: (anonymous namespace)mpc_fpga_compute_core_Pipeline_VITIS_LOOP_322_1 : p_anonymous_namespace_g_core_state_admm_y_x_4 | {}
	Port: (anonymous namespace)mpc_fpga_compute_core_Pipeline_VITIS_LOOP_322_1 : p_anonymous_namespace_g_core_state_admm_y_x_5 | {}
	Port: (anonymous namespace)mpc_fpga_compute_core_Pipeline_VITIS_LOOP_322_1 : p_anonymous_namespace_g_core_state_admm_y_x_6 | {}
	Port: (anonymous namespace)mpc_fpga_compute_core_Pipeline_VITIS_LOOP_322_1 : p_anonymous_namespace_g_core_state_admm_y_x_7 | {}
  - Chain level:
	State 1
		store_ln322 : 1
		k_17 : 1
		icmp_ln322 : 2
		add_ln322 : 2
		br_ln322 : 3
		zext_ln322 : 2
		p_anonymous_namespace_g_core_state_admm_z_x_0_addr : 3
		p_anonymous_namespace_g_core_state_admm_y_x_0_addr : 3
		p_anonymous_namespace_g_core_state_admm_z_x_1_addr : 3
		p_anonymous_namespace_g_core_state_admm_y_x_1_addr : 3
		p_anonymous_namespace_g_core_state_admm_z_x_2_addr : 3
		p_anonymous_namespace_g_core_state_admm_y_x_2_addr : 3
		p_anonymous_namespace_g_core_state_admm_z_x_3_addr : 3
		p_anonymous_namespace_g_core_state_admm_y_x_3_addr : 3
		p_anonymous_namespace_g_core_state_admm_z_x_4_addr : 3
		p_anonymous_namespace_g_core_state_admm_y_x_4_addr : 3
		p_anonymous_namespace_g_core_state_admm_z_x_5_addr : 3
		p_anonymous_namespace_g_core_state_admm_y_x_5_addr : 3
		p_anonymous_namespace_g_core_state_admm_z_x_6_addr : 3
		p_anonymous_namespace_g_core_state_admm_y_x_6_addr : 3
		p_anonymous_namespace_g_core_state_admm_z_x_7_addr : 3
		store_ln325 : 4
		store_ln325 : 4
		store_ln325 : 4
		store_ln325 : 4
		store_ln325 : 4
		store_ln325 : 4
		store_ln325 : 4
		store_ln325 : 4
		p_anonymous_namespace_g_core_state_admm_y_x_7_addr : 3
		store_ln326 : 4
		store_ln326 : 4
		store_ln326 : 4
		store_ln326 : 4
		store_ln326 : 4
		store_ln326 : 4
		store_ln326 : 4
		store_ln326 : 4
		store_ln322 : 3


============================================================
+ Verbose Summary: Datapath Resource usage 
============================================================

* Functional unit list:
|----------|-------------------|---------|---------|
| Operation|  Functional Unit  |    FF   |   LUT   |
|----------|-------------------|---------|---------|
|   icmp   | icmp_ln322_fu_296 |    0    |    12   |
|----------|-------------------|---------|---------|
|    add   |  add_ln322_fu_302 |    0    |    12   |
|----------|-------------------|---------|---------|
|   zext   | zext_ln322_fu_308 |    0    |    0    |
|----------|-------------------|---------|---------|
|   Total  |                   |    0    |    24   |
|----------|-------------------|---------|---------|

Memories:
N/A

* Register list:
+---------+--------+
|         |   FF   |
+---------+--------+
|k_reg_333|    5   |
+---------+--------+
|  Total  |    5   |
+---------+--------+

* Multiplexer (MUX) list: 
|--------|------|------|------|--------|
|  Comp  |  Pin | Size |  BW  | S x BW |
|--------|------|------|------|--------|
|  Total |      |      |      |    0   |
|--------|------|------|------|--------|



* Summary:
+-----------+--------+--------+
|           |   FF   |   LUT  |
+-----------+--------+--------+
|  Function |    0   |   24   |
|   Memory  |    -   |    -   |
|Multiplexer|    -   |    -   |
|  Register |    5   |    -   |
+-----------+--------+--------+
|   Total   |    5   |   24   |
+-----------+--------+--------+
