

================================================================
== Vitis HLS Report for 'p_anonymous_namespace_mpc_fpga_compute_core_Pipeline_VITIS_LOOP_364_1'
================================================================
* Date:           Thu May 21 15:23:08 2026

* Version:        2025.2 (Build 6295257 on Nov 14 2025)
* Project:        mpc_fpga_top_opencl
* Solution:       hls (Vitis Kernel Flow Target)
* Product family: zynquplus
* Target device:  xck26-sfvc784-2LV-c


================================================================
== Performance Estimates
================================================================
+ Timing: 
    * Summary: 
    +--------+---------+----------+------------+
    |  Clock |  Target | Estimated| Uncertainty|
    +--------+---------+----------+------------+
    |ap_clk  |  5.00 ns|  1.893 ns|     0.50 ns|
    +--------+---------+----------+------------+

+ Latency: 
    * Summary: 
    +---------+---------+----------+----------+-----+-----+-------------------+
    |  Latency (cycles) |  Latency (absolute) |  Interval |      Pipeline     |
    |   min   |   max   |    min   |    max   | min | max |        Type       |
    +---------+---------+----------+----------+-----+-----+-------------------+
    |       23|       23|  0.115 us|  0.115 us|    0|    0|  loop pipeline stp|
    +---------+---------+----------+----------+-----+-----+-------------------+

    + Detail: 
        * Instance: 
        N/A

        * Loop: 
        +--------------------+---------+---------+----------+-----------+-----------+------+----------+
        |                    |  Latency (cycles) | Iteration|  Initiation Interval  | Trip |          |
        |      Loop Name     |   min   |   max   |  Latency |  achieved |   target  | Count| Pipelined|
        +--------------------+---------+---------+----------+-----------+-----------+------+----------+
        |- VITIS_LOOP_364_1  |       21|       21|         1|          1|          1|    21|       yes|
        +--------------------+---------+---------+----------+-----------+-----------+------+----------+



================================================================
== Utilization Estimates
================================================================
* Summary: 
+-----------------+---------+------+--------+--------+-----+
|       Name      | BRAM_18K|  DSP |   FF   |   LUT  | URAM|
+-----------------+---------+------+--------+--------+-----+
|DSP              |        -|     -|       -|       -|    -|
|Expression       |        -|     -|       0|      24|    -|
|FIFO             |        -|     -|       -|       -|    -|
|Instance         |        -|     -|       -|       -|    -|
|Memory           |        -|     -|       -|       -|    -|
|Multiplexer      |        -|     -|       0|      27|    -|
|Register         |        -|     -|       7|       -|    -|
+-----------------+---------+------+--------+--------+-----+
|Total            |        0|     0|       7|      51|    0|
+-----------------+---------+------+--------+--------+-----+
|Available        |      288|  1248|  234240|  117120|   64|
+-----------------+---------+------+--------+--------+-----+
|Utilization (%)  |        0|     0|      ~0|      ~0|    0|
+-----------------+---------+------+--------+--------+-----+

+ Detail: 
    * Instance: 
    N/A

    * DSP: 
    N/A

    * Memory: 
    N/A

    * FIFO: 
    N/A

    * Expression: 
    +----------------------+----------+----+---+----+------------+------------+
    |     Variable Name    | Operation| DSP| FF| LUT| Bitwidth P0| Bitwidth P1|
    +----------------------+----------+----+---+----+------------+------------+
    |add_ln364_fu_300_p2   |         +|   0|  0|  12|           5|           1|
    |icmp_ln364_fu_294_p2  |      icmp|   0|  0|  12|           5|           5|
    +----------------------+----------+----+---+----+------------+------------+
    |Total                 |          |   0|  0|  24|          10|           6|
    +----------------------+----------+----+---+----+------------+------------+

    * Multiplexer: 
    +-----------------------+----+-----------+-----+-----------+
    |          Name         | LUT| Input Size| Bits| Total Bits|
    +-----------------------+----+-----------+-----+-----------+
    |ap_done_int            |   9|          2|    1|          2|
    |ap_sig_allocacmp_k_17  |   9|          2|    5|         10|
    |k_fu_58                |   9|          2|    5|         10|
    +-----------------------+----+-----------+-----+-----------+
    |Total                  |  27|          6|   11|         22|
    +-----------------------+----+-----------+-----+-----------+

    * Register: 
    +-------------+---+----+-----+-----------+
    |     Name    | FF| LUT| Bits| Const Bits|
    +-------------+---+----+-----+-----------+
    |ap_CS_fsm    |  1|   0|    1|          0|
    |ap_done_reg  |  1|   0|    1|          0|
    |k_fu_58      |  5|   0|    5|          0|
    +-------------+---+----+-----+-----------+
    |Total        |  7|   0|    7|          0|
    +-------------+---+----+-----+-----------+



================================================================
== Interface
================================================================
* Summary: 
+--------------------------------------------------------+-----+-----+------------+----------------------------------------------------------------------+--------------+
|                        RTL Ports                       | Dir | Bits|  Protocol  |                             Source Object                            |    C Type    |
+--------------------------------------------------------+-----+-----+------------+----------------------------------------------------------------------+--------------+
|ap_clk                                                  |   in|    1|  ap_ctrl_hs|  (anonymous namespace)mpc_fpga_compute_core_Pipeline_VITIS_LOOP_364_1|  return value|
|ap_rst                                                  |   in|    1|  ap_ctrl_hs|  (anonymous namespace)mpc_fpga_compute_core_Pipeline_VITIS_LOOP_364_1|  return value|
|ap_start                                                |   in|    1|  ap_ctrl_hs|  (anonymous namespace)mpc_fpga_compute_core_Pipeline_VITIS_LOOP_364_1|  return value|
|ap_done                                                 |  out|    1|  ap_ctrl_hs|  (anonymous namespace)mpc_fpga_compute_core_Pipeline_VITIS_LOOP_364_1|  return value|
|ap_idle                                                 |  out|    1|  ap_ctrl_hs|  (anonymous namespace)mpc_fpga_compute_core_Pipeline_VITIS_LOOP_364_1|  return value|
|ap_ready                                                |  out|    1|  ap_ctrl_hs|  (anonymous namespace)mpc_fpga_compute_core_Pipeline_VITIS_LOOP_364_1|  return value|
|p_anonymous_namespace_g_core_state_admm_z_x_0_address0  |  out|    5|   ap_memory|                         p_anonymous_namespace_g_core_state_admm_z_x_0|         array|
|p_anonymous_namespace_g_core_state_admm_z_x_0_ce0       |  out|    1|   ap_memory|                         p_anonymous_namespace_g_core_state_admm_z_x_0|         array|
|p_anonymous_namespace_g_core_state_admm_z_x_0_we0       |  out|    1|   ap_memory|                         p_anonymous_namespace_g_core_state_admm_z_x_0|         array|
|p_anonymous_namespace_g_core_state_admm_z_x_0_d0        |  out|   32|   ap_memory|                         p_anonymous_namespace_g_core_state_admm_z_x_0|         array|
|p_anonymous_namespace_g_core_state_admm_z_x_1_address0  |  out|    5|   ap_memory|                         p_anonymous_namespace_g_core_state_admm_z_x_1|         array|
|p_anonymous_namespace_g_core_state_admm_z_x_1_ce0       |  out|    1|   ap_memory|                         p_anonymous_namespace_g_core_state_admm_z_x_1|         array|
|p_anonymous_namespace_g_core_state_admm_z_x_1_we0       |  out|    1|   ap_memory|                         p_anonymous_namespace_g_core_state_admm_z_x_1|         array|
|p_anonymous_namespace_g_core_state_admm_z_x_1_d0        |  out|   32|   ap_memory|                         p_anonymous_namespace_g_core_state_admm_z_x_1|         array|
|p_anonymous_namespace_g_core_state_admm_z_x_2_address0  |  out|    5|   ap_memory|                         p_anonymous_namespace_g_core_state_admm_z_x_2|         array|
|p_anonymous_namespace_g_core_state_admm_z_x_2_ce0       |  out|    1|   ap_memory|                         p_anonymous_namespace_g_core_state_admm_z_x_2|         array|
|p_anonymous_namespace_g_core_state_admm_z_x_2_we0       |  out|    1|   ap_memory|                         p_anonymous_namespace_g_core_state_admm_z_x_2|         array|
|p_anonymous_namespace_g_core_state_admm_z_x_2_d0        |  out|   32|   ap_memory|                         p_anonymous_namespace_g_core_state_admm_z_x_2|         array|
|p_anonymous_namespace_g_core_state_admm_z_x_3_address0  |  out|    5|   ap_memory|                         p_anonymous_namespace_g_core_state_admm_z_x_3|         array|
|p_anonymous_namespace_g_core_state_admm_z_x_3_ce0       |  out|    1|   ap_memory|                         p_anonymous_namespace_g_core_state_admm_z_x_3|         array|
|p_anonymous_namespace_g_core_state_admm_z_x_3_we0       |  out|    1|   ap_memory|                         p_anonymous_namespace_g_core_state_admm_z_x_3|         array|
|p_anonymous_namespace_g_core_state_admm_z_x_3_d0        |  out|   32|   ap_memory|                         p_anonymous_namespace_g_core_state_admm_z_x_3|         array|
|p_anonymous_namespace_g_core_state_admm_z_x_4_address0  |  out|    5|   ap_memory|                         p_anonymous_namespace_g_core_state_admm_z_x_4|         array|
|p_anonymous_namespace_g_core_state_admm_z_x_4_ce0       |  out|    1|   ap_memory|                         p_anonymous_namespace_g_core_state_admm_z_x_4|         array|
|p_anonymous_namespace_g_core_state_admm_z_x_4_we0       |  out|    1|   ap_memory|                         p_anonymous_namespace_g_core_state_admm_z_x_4|         array|
|p_anonymous_namespace_g_core_state_admm_z_x_4_d0        |  out|   32|   ap_memory|                         p_anonymous_namespace_g_core_state_admm_z_x_4|         array|
|p_anonymous_namespace_g_core_state_admm_z_x_5_address0  |  out|    5|   ap_memory|                         p_anonymous_namespace_g_core_state_admm_z_x_5|         array|
|p_anonymous_namespace_g_core_state_admm_z_x_5_ce0       |  out|    1|   ap_memory|                         p_anonymous_namespace_g_core_state_admm_z_x_5|         array|
|p_anonymous_namespace_g_core_state_admm_z_x_5_we0       |  out|    1|   ap_memory|                         p_anonymous_namespace_g_core_state_admm_z_x_5|         array|
|p_anonymous_namespace_g_core_state_admm_z_x_5_d0        |  out|   32|   ap_memory|                         p_anonymous_namespace_g_core_state_admm_z_x_5|         array|
|p_anonymous_namespace_g_core_state_admm_z_x_6_address0  |  out|    5|   ap_memory|                         p_anonymous_namespace_g_core_state_admm_z_x_6|         array|
|p_anonymous_namespace_g_core_state_admm_z_x_6_ce0       |  out|    1|   ap_memory|                         p_anonymous_namespace_g_core_state_admm_z_x_6|         array|
|p_anonymous_namespace_g_core_state_admm_z_x_6_we0       |  out|    1|   ap_memory|                         p_anonymous_namespace_g_core_state_admm_z_x_6|         array|
|p_anonymous_namespace_g_core_state_admm_z_x_6_d0        |  out|   32|   ap_memory|                         p_anonymous_namespace_g_core_state_admm_z_x_6|         array|
|p_anonymous_namespace_g_core_state_admm_z_x_7_address0  |  out|    5|   ap_memory|                         p_anonymous_namespace_g_core_state_admm_z_x_7|         array|
|p_anonymous_namespace_g_core_state_admm_z_x_7_ce0       |  out|    1|   ap_memory|                         p_anonymous_namespace_g_core_state_admm_z_x_7|         array|
|p_anonymous_namespace_g_core_state_admm_z_x_7_we0       |  out|    1|   ap_memory|                         p_anonymous_namespace_g_core_state_admm_z_x_7|         array|
|p_anonymous_namespace_g_core_state_admm_z_x_7_d0        |  out|   32|   ap_memory|                         p_anonymous_namespace_g_core_state_admm_z_x_7|         array|
|p_anonymous_namespace_g_core_state_admm_y_x_0_address0  |  out|    5|   ap_memory|                         p_anonymous_namespace_g_core_state_admm_y_x_0|         array|
|p_anonymous_namespace_g_core_state_admm_y_x_0_ce0       |  out|    1|   ap_memory|                         p_anonymous_namespace_g_core_state_admm_y_x_0|         array|
|p_anonymous_namespace_g_core_state_admm_y_x_0_we0       |  out|    1|   ap_memory|                         p_anonymous_namespace_g_core_state_admm_y_x_0|         array|
|p_anonymous_namespace_g_core_state_admm_y_x_0_d0        |  out|   32|   ap_memory|                         p_anonymous_namespace_g_core_state_admm_y_x_0|         array|
|p_anonymous_namespace_g_core_state_admm_y_x_1_address0  |  out|    5|   ap_memory|                         p_anonymous_namespace_g_core_state_admm_y_x_1|         array|
|p_anonymous_namespace_g_core_state_admm_y_x_1_ce0       |  out|    1|   ap_memory|                         p_anonymous_namespace_g_core_state_admm_y_x_1|         array|
|p_anonymous_namespace_g_core_state_admm_y_x_1_we0       |  out|    1|   ap_memory|                         p_anonymous_namespace_g_core_state_admm_y_x_1|         array|
|p_anonymous_namespace_g_core_state_admm_y_x_1_d0        |  out|   32|   ap_memory|                         p_anonymous_namespace_g_core_state_admm_y_x_1|         array|
|p_anonymous_namespace_g_core_state_admm_y_x_2_address0  |  out|    5|   ap_memory|                         p_anonymous_namespace_g_core_state_admm_y_x_2|         array|
|p_anonymous_namespace_g_core_state_admm_y_x_2_ce0       |  out|    1|   ap_memory|                         p_anonymous_namespace_g_core_state_admm_y_x_2|         array|
|p_anonymous_namespace_g_core_state_admm_y_x_2_we0       |  out|    1|   ap_memory|                         p_anonymous_namespace_g_core_state_admm_y_x_2|         array|
|p_anonymous_namespace_g_core_state_admm_y_x_2_d0        |  out|   32|   ap_memory|                         p_anonymous_namespace_g_core_state_admm_y_x_2|         array|
|p_anonymous_namespace_g_core_state_admm_y_x_3_address0  |  out|    5|   ap_memory|                         p_anonymous_namespace_g_core_state_admm_y_x_3|         array|
|p_anonymous_namespace_g_core_state_admm_y_x_3_ce0       |  out|    1|   ap_memory|                         p_anonymous_namespace_g_core_state_admm_y_x_3|         array|
|p_anonymous_namespace_g_core_state_admm_y_x_3_we0       |  out|    1|   ap_memory|                         p_anonymous_namespace_g_core_state_admm_y_x_3|         array|
|p_anonymous_namespace_g_core_state_admm_y_x_3_d0        |  out|   32|   ap_memory|                         p_anonymous_namespace_g_core_state_admm_y_x_3|         array|
|p_anonymous_namespace_g_core_state_admm_y_x_4_address0  |  out|    5|   ap_memory|                         p_anonymous_namespace_g_core_state_admm_y_x_4|         array|
|p_anonymous_namespace_g_core_state_admm_y_x_4_ce0       |  out|    1|   ap_memory|                         p_anonymous_namespace_g_core_state_admm_y_x_4|         array|
|p_anonymous_namespace_g_core_state_admm_y_x_4_we0       |  out|    1|   ap_memory|                         p_anonymous_namespace_g_core_state_admm_y_x_4|         array|
|p_anonymous_namespace_g_core_state_admm_y_x_4_d0        |  out|   32|   ap_memory|                         p_anonymous_namespace_g_core_state_admm_y_x_4|         array|
|p_anonymous_namespace_g_core_state_admm_y_x_5_address0  |  out|    5|   ap_memory|                         p_anonymous_namespace_g_core_state_admm_y_x_5|         array|
|p_anonymous_namespace_g_core_state_admm_y_x_5_ce0       |  out|    1|   ap_memory|                         p_anonymous_namespace_g_core_state_admm_y_x_5|         array|
|p_anonymous_namespace_g_core_state_admm_y_x_5_we0       |  out|    1|   ap_memory|                         p_anonymous_namespace_g_core_state_admm_y_x_5|         array|
|p_anonymous_namespace_g_core_state_admm_y_x_5_d0        |  out|   32|   ap_memory|                         p_anonymous_namespace_g_core_state_admm_y_x_5|         array|
|p_anonymous_namespace_g_core_state_admm_y_x_6_address0  |  out|    5|   ap_memory|                         p_anonymous_namespace_g_core_state_admm_y_x_6|         array|
|p_anonymous_namespace_g_core_state_admm_y_x_6_ce0       |  out|    1|   ap_memory|                         p_anonymous_namespace_g_core_state_admm_y_x_6|         array|
|p_anonymous_namespace_g_core_state_admm_y_x_6_we0       |  out|    1|   ap_memory|                         p_anonymous_namespace_g_core_state_admm_y_x_6|         array|
|p_anonymous_namespace_g_core_state_admm_y_x_6_d0        |  out|   32|   ap_memory|                         p_anonymous_namespace_g_core_state_admm_y_x_6|         array|
|p_anonymous_namespace_g_core_state_admm_y_x_7_address0  |  out|    5|   ap_memory|                         p_anonymous_namespace_g_core_state_admm_y_x_7|         array|
|p_anonymous_namespace_g_core_state_admm_y_x_7_ce0       |  out|    1|   ap_memory|                         p_anonymous_namespace_g_core_state_admm_y_x_7|         array|
|p_anonymous_namespace_g_core_state_admm_y_x_7_we0       |  out|    1|   ap_memory|                         p_anonymous_namespace_g_core_state_admm_y_x_7|         array|
|p_anonymous_namespace_g_core_state_admm_y_x_7_d0        |  out|   32|   ap_memory|                         p_anonymous_namespace_g_core_state_admm_y_x_7|         array|
+--------------------------------------------------------+-----+-----+------------+----------------------------------------------------------------------+--------------+

============================================================
+ Verbose Summary: Synthesis Manager
============================================================
InlineROM: 1
ExposeGlobal: 0
============================================================
+ Verbose Summary: CDFG Model
============================================================
IsTopModel: 0
ResetActiveHigh: 1
IsCombinational: 2
IsDatapathOnly: 2
HasWiredReturn: 1
HasMFsm: 2
HasVarLatency: 1
IsPipeline: 0
IsRtlPipelined: 0
IsInstanceOverlapped: 0
IsDontTouch: 0
HasImplIP: 0
IsGatedGlobalClock: 0

+ Individual pipeline summary: 
  * Pipeline-0: initiation interval (II) = 1, depth = 1


============================================================
+ Verbose Summary: Schedule
============================================================
* Number of FSM states : 1
* Pipeline : 1
  Pipeline-0 : II = 1, D = 1, States = { 1 }
* Dataflow Pipeline: 0

* FSM state transitions: 
1 --> 

* FSM state operations: 

State 1 <SV = 0> <Delay = 1.89>
ST_1 : Operation 4 [1/1] (0.00ns)   --->   "%k = alloca i32 1" [../src/../include/mpc_fpga_types.h:364->../src/mpc_fpga_top.cpp:88->../src/mpc_fpga_top.cpp:300]   --->   Operation 4 'alloca' 'k' <Predicate = true> <Delay = 0.00>
ST_1 : Operation 5 [1/1] (0.42ns)   --->   "%store_ln364 = store i5 0, i5 %k" [../src/../include/mpc_fpga_types.h:364->../src/mpc_fpga_top.cpp:88->../src/mpc_fpga_top.cpp:300]   --->   Operation 5 'store' 'store_ln364' <Predicate = true> <Delay = 0.42>
ST_1 : Operation 6 [1/1] (0.00ns)   --->   "%br_ln0 = br void %for.body.i.i"   --->   Operation 6 'br' 'br_ln0' <Predicate = true> <Delay = 0.00>
ST_1 : Operation 7 [1/1] (0.00ns)   --->   "%k_17 = load i5 %k" [../src/../include/mpc_fpga_types.h:364->../src/mpc_fpga_top.cpp:88->../src/mpc_fpga_top.cpp:300]   --->   Operation 7 'load' 'k_17' <Predicate = true> <Delay = 0.00>
ST_1 : Operation 8 [1/1] (0.78ns)   --->   "%icmp_ln364 = icmp_eq  i5 %k_17, i5 21" [../src/../include/mpc_fpga_types.h:364->../src/mpc_fpga_top.cpp:88->../src/mpc_fpga_top.cpp:300]   --->   Operation 8 'icmp' 'icmp_ln364' <Predicate = true> <Delay = 0.78> <CoreInst = "Cmp">   --->   Core 9 'Cmp' <Latency = 0> <II = 1> <Delay = 0.78> <FuncUnit> <Opcode : 'seteq' 'setne' 'setle' 'setge' 'setlt' 'setgt'> <InPorts = 2> <OutPorts = 1>
ST_1 : Operation 9 [1/1] (0.78ns)   --->   "%add_ln364 = add i5 %k_17, i5 1" [../src/../include/mpc_fpga_types.h:364->../src/mpc_fpga_top.cpp:88->../src/mpc_fpga_top.cpp:300]   --->   Operation 9 'add' 'add_ln364' <Predicate = true> <Delay = 0.78> <CoreInst = "Adder">   --->   Core 1 'Adder' <Latency = 0> <II = 1> <Delay = 0.78> <FuncUnit> <Opcode : 'add' 'sub'> <InPorts = 2> <OutPorts = 1>
ST_1 : Operation 10 [1/1] (0.00ns)   --->   "%br_ln364 = br i1 %icmp_ln364, void %for.body.i.i.split, void %for.body19.i.i.preheader.exitStub" [../src/../include/mpc_fpga_types.h:364->../src/mpc_fpga_top.cpp:88->../src/mpc_fpga_top.cpp:300]   --->   Operation 10 'br' 'br_ln364' <Predicate = true> <Delay = 0.00>
ST_1 : Operation 11 [1/1] (0.00ns)   --->   "%zext_ln364 = zext i5 %k_17" [../src/../include/mpc_fpga_types.h:364->../src/mpc_fpga_top.cpp:88->../src/mpc_fpga_top.cpp:300]   --->   Operation 11 'zext' 'zext_ln364' <Predicate = (!icmp_ln364)> <Delay = 0.00>
ST_1 : Operation 12 [1/1] (0.00ns)   --->   "%specpipeline_ln365 = specpipeline void @_ssdm_op_SpecPipeline, i32 1, i32 0, i32 0, i32 0, i32 4294967295, void @empty_485" [../src/../include/mpc_fpga_types.h:365->../src/mpc_fpga_top.cpp:88->../src/mpc_fpga_top.cpp:300]   --->   Operation 12 'specpipeline' 'specpipeline_ln365' <Predicate = (!icmp_ln364)> <Delay = 0.00>
ST_1 : Operation 13 [1/1] (0.00ns)   --->   "%speclooptripcount_ln364 = speclooptripcount void @_ssdm_op_SpecLoopTripCount, i64 21, i64 21, i64 21" [../src/../include/mpc_fpga_types.h:364->../src/mpc_fpga_top.cpp:88->../src/mpc_fpga_top.cpp:300]   --->   Operation 13 'speclooptripcount' 'speclooptripcount_ln364' <Predicate = (!icmp_ln364)> <Delay = 0.00>
ST_1 : Operation 14 [1/1] (0.00ns)   --->   "%specloopname_ln364 = specloopname void @_ssdm_op_SpecLoopName, void @empty_498" [../src/../include/mpc_fpga_types.h:364->../src/mpc_fpga_top.cpp:88->../src/mpc_fpga_top.cpp:300]   --->   Operation 14 'specloopname' 'specloopname_ln364' <Predicate = (!icmp_ln364)> <Delay = 0.00>
ST_1 : Operation 15 [1/1] (0.00ns)   --->   "%p_anonymous_namespace_g_core_state_admm_z_x_0_addr = getelementptr i32 %p_anonymous_namespace_g_core_state_admm_z_x_0, i64 0, i64 %zext_ln364" [../src/../include/mpc_fpga_types.h:367->../src/mpc_fpga_top.cpp:88->../src/mpc_fpga_top.cpp:300]   --->   Operation 15 'getelementptr' 'p_anonymous_namespace_g_core_state_admm_z_x_0_addr' <Predicate = (!icmp_ln364)> <Delay = 0.00>
ST_1 : Operation 16 [1/1] (0.00ns)   --->   "%p_anonymous_namespace_g_core_state_admm_y_x_0_addr = getelementptr i32 %p_anonymous_namespace_g_core_state_admm_y_x_0, i64 0, i64 %zext_ln364" [../src/../include/mpc_fpga_types.h:368->../src/mpc_fpga_top.cpp:88->../src/mpc_fpga_top.cpp:300]   --->   Operation 16 'getelementptr' 'p_anonymous_namespace_g_core_state_admm_y_x_0_addr' <Predicate = (!icmp_ln364)> <Delay = 0.00>
ST_1 : Operation 17 [1/1] (0.00ns)   --->   "%p_anonymous_namespace_g_core_state_admm_z_x_1_addr = getelementptr i32 %p_anonymous_namespace_g_core_state_admm_z_x_1, i64 0, i64 %zext_ln364" [../src/../include/mpc_fpga_types.h:367->../src/mpc_fpga_top.cpp:88->../src/mpc_fpga_top.cpp:300]   --->   Operation 17 'getelementptr' 'p_anonymous_namespace_g_core_state_admm_z_x_1_addr' <Predicate = (!icmp_ln364)> <Delay = 0.00>
ST_1 : Operation 18 [1/1] (0.00ns)   --->   "%p_anonymous_namespace_g_core_state_admm_y_x_1_addr = getelementptr i32 %p_anonymous_namespace_g_core_state_admm_y_x_1, i64 0, i64 %zext_ln364" [../src/../include/mpc_fpga_types.h:368->../src/mpc_fpga_top.cpp:88->../src/mpc_fpga_top.cpp:300]   --->   Operation 18 'getelementptr' 'p_anonymous_namespace_g_core_state_admm_y_x_1_addr' <Predicate = (!icmp_ln364)> <Delay = 0.00>
ST_1 : Operation 19 [1/1] (0.00ns)   --->   "%p_anonymous_namespace_g_core_state_admm_z_x_2_addr = getelementptr i32 %p_anonymous_namespace_g_core_state_admm_z_x_2, i64 0, i64 %zext_ln364" [../src/../include/mpc_fpga_types.h:367->../src/mpc_fpga_top.cpp:88->../src/mpc_fpga_top.cpp:300]   --->   Operation 19 'getelementptr' 'p_anonymous_namespace_g_core_state_admm_z_x_2_addr' <Predicate = (!icmp_ln364)> <Delay = 0.00>
ST_1 : Operation 20 [1/1] (0.00ns)   --->   "%p_anonymous_namespace_g_core_state_admm_y_x_2_addr = getelementptr i32 %p_anonymous_namespace_g_core_state_admm_y_x_2, i64 0, i64 %zext_ln364" [../src/../include/mpc_fpga_types.h:368->../src/mpc_fpga_top.cpp:88->../src/mpc_fpga_top.cpp:300]   --->   Operation 20 'getelementptr' 'p_anonymous_namespace_g_core_state_admm_y_x_2_addr' <Predicate = (!icmp_ln364)> <Delay = 0.00>
ST_1 : Operation 21 [1/1] (0.00ns)   --->   "%p_anonymous_namespace_g_core_state_admm_z_x_3_addr = getelementptr i32 %p_anonymous_namespace_g_core_state_admm_z_x_3, i64 0, i64 %zext_ln364" [../src/../include/mpc_fpga_types.h:367->../src/mpc_fpga_top.cpp:88->../src/mpc_fpga_top.cpp:300]   --->   Operation 21 'getelementptr' 'p_anonymous_namespace_g_core_state_admm_z_x_3_addr' <Predicate = (!icmp_ln364)> <Delay = 0.00>
ST_1 : Operation 22 [1/1] (0.00ns)   --->   "%p_anonymous_namespace_g_core_state_admm_y_x_3_addr = getelementptr i32 %p_anonymous_namespace_g_core_state_admm_y_x_3, i64 0, i64 %zext_ln364" [../src/../include/mpc_fpga_types.h:368->../src/mpc_fpga_top.cpp:88->../src/mpc_fpga_top.cpp:300]   --->   Operation 22 'getelementptr' 'p_anonymous_namespace_g_core_state_admm_y_x_3_addr' <Predicate = (!icmp_ln364)> <Delay = 0.00>
ST_1 : Operation 23 [1/1] (0.00ns)   --->   "%p_anonymous_namespace_g_core_state_admm_z_x_4_addr = getelementptr i32 %p_anonymous_namespace_g_core_state_admm_z_x_4, i64 0, i64 %zext_ln364" [../src/../include/mpc_fpga_types.h:367->../src/mpc_fpga_top.cpp:88->../src/mpc_fpga_top.cpp:300]   --->   Operation 23 'getelementptr' 'p_anonymous_namespace_g_core_state_admm_z_x_4_addr' <Predicate = (!icmp_ln364)> <Delay = 0.00>
ST_1 : Operation 24 [1/1] (0.00ns)   --->   "%p_anonymous_namespace_g_core_state_admm_y_x_4_addr = getelementptr i32 %p_anonymous_namespace_g_core_state_admm_y_x_4, i64 0, i64 %zext_ln364" [../src/../include/mpc_fpga_types.h:368->../src/mpc_fpga_top.cpp:88->../src/mpc_fpga_top.cpp:300]   --->   Operation 24 'getelementptr' 'p_anonymous_namespace_g_core_state_admm_y_x_4_addr' <Predicate = (!icmp_ln364)> <Delay = 0.00>
ST_1 : Operation 25 [1/1] (0.00ns)   --->   "%p_anonymous_namespace_g_core_state_admm_z_x_5_addr = getelementptr i32 %p_anonymous_namespace_g_core_state_admm_z_x_5, i64 0, i64 %zext_ln364" [../src/../include/mpc_fpga_types.h:367->../src/mpc_fpga_top.cpp:88->../src/mpc_fpga_top.cpp:300]   --->   Operation 25 'getelementptr' 'p_anonymous_namespace_g_core_state_admm_z_x_5_addr' <Predicate = (!icmp_ln364)> <Delay = 0.00>
ST_1 : Operation 26 [1/1] (0.00ns)   --->   "%p_anonymous_namespace_g_core_state_admm_y_x_5_addr = getelementptr i32 %p_anonymous_namespace_g_core_state_admm_y_x_5, i64 0, i64 %zext_ln364" [../src/../include/mpc_fpga_types.h:368->../src/mpc_fpga_top.cpp:88->../src/mpc_fpga_top.cpp:300]   --->   Operation 26 'getelementptr' 'p_anonymous_namespace_g_core_state_admm_y_x_5_addr' <Predicate = (!icmp_ln364)> <Delay = 0.00>
ST_1 : Operation 27 [1/1] (0.00ns)   --->   "%p_anonymous_namespace_g_core_state_admm_z_x_6_addr = getelementptr i32 %p_anonymous_namespace_g_core_state_admm_z_x_6, i64 0, i64 %zext_ln364" [../src/../include/mpc_fpga_types.h:367->../src/mpc_fpga_top.cpp:88->../src/mpc_fpga_top.cpp:300]   --->   Operation 27 'getelementptr' 'p_anonymous_namespace_g_core_state_admm_z_x_6_addr' <Predicate = (!icmp_ln364)> <Delay = 0.00>
ST_1 : Operation 28 [1/1] (0.00ns)   --->   "%p_anonymous_namespace_g_core_state_admm_y_x_6_addr = getelementptr i32 %p_anonymous_namespace_g_core_state_admm_y_x_6, i64 0, i64 %zext_ln364" [../src/../include/mpc_fpga_types.h:368->../src/mpc_fpga_top.cpp:88->../src/mpc_fpga_top.cpp:300]   --->   Operation 28 'getelementptr' 'p_anonymous_namespace_g_core_state_admm_y_x_6_addr' <Predicate = (!icmp_ln364)> <Delay = 0.00>
ST_1 : Operation 29 [1/1] (0.00ns)   --->   "%p_anonymous_namespace_g_core_state_admm_z_x_7_addr = getelementptr i32 %p_anonymous_namespace_g_core_state_admm_z_x_7, i64 0, i64 %zext_ln364" [../src/../include/mpc_fpga_types.h:367->../src/mpc_fpga_top.cpp:88->../src/mpc_fpga_top.cpp:300]   --->   Operation 29 'getelementptr' 'p_anonymous_namespace_g_core_state_admm_z_x_7_addr' <Predicate = (!icmp_ln364)> <Delay = 0.00>
ST_1 : Operation 30 [1/1] ( I:0.67ns O:0.67ns )   --->   "%store_ln367 = store i32 0, i5 %p_anonymous_namespace_g_core_state_admm_z_x_0_addr" [../src/../include/mpc_fpga_types.h:367->../src/mpc_fpga_top.cpp:88->../src/mpc_fpga_top.cpp:300]   --->   Operation 30 'store' 'store_ln367' <Predicate = (!icmp_ln364)> <Delay = 0.67> <CoreInst = "RAM">   --->   Core 82 'RAM' <Latency = 1> <II = 1> <Delay = 0.67> <Storage> <Opcode : 'load' 'store'> <Ports = 2> <Width = 32> <Depth = 21> <RAM>
ST_1 : Operation 31 [1/1] ( I:0.67ns O:0.67ns )   --->   "%store_ln367 = store i32 0, i5 %p_anonymous_namespace_g_core_state_admm_z_x_1_addr" [../src/../include/mpc_fpga_types.h:367->../src/mpc_fpga_top.cpp:88->../src/mpc_fpga_top.cpp:300]   --->   Operation 31 'store' 'store_ln367' <Predicate = (!icmp_ln364)> <Delay = 0.67> <CoreInst = "RAM">   --->   Core 82 'RAM' <Latency = 1> <II = 1> <Delay = 0.67> <Storage> <Opcode : 'load' 'store'> <Ports = 2> <Width = 32> <Depth = 21> <RAM>
ST_1 : Operation 32 [1/1] ( I:0.67ns O:0.67ns )   --->   "%store_ln367 = store i32 0, i5 %p_anonymous_namespace_g_core_state_admm_z_x_2_addr" [../src/../include/mpc_fpga_types.h:367->../src/mpc_fpga_top.cpp:88->../src/mpc_fpga_top.cpp:300]   --->   Operation 32 'store' 'store_ln367' <Predicate = (!icmp_ln364)> <Delay = 0.67> <CoreInst = "RAM">   --->   Core 82 'RAM' <Latency = 1> <II = 1> <Delay = 0.67> <Storage> <Opcode : 'load' 'store'> <Ports = 2> <Width = 32> <Depth = 21> <RAM>
ST_1 : Operation 33 [1/1] ( I:0.67ns O:0.67ns )   --->   "%store_ln367 = store i32 0, i5 %p_anonymous_namespace_g_core_state_admm_z_x_3_addr" [../src/../include/mpc_fpga_types.h:367->../src/mpc_fpga_top.cpp:88->../src/mpc_fpga_top.cpp:300]   --->   Operation 33 'store' 'store_ln367' <Predicate = (!icmp_ln364)> <Delay = 0.67> <CoreInst = "RAM">   --->   Core 82 'RAM' <Latency = 1> <II = 1> <Delay = 0.67> <Storage> <Opcode : 'load' 'store'> <Ports = 2> <Width = 32> <Depth = 21> <RAM>
ST_1 : Operation 34 [1/1] ( I:0.67ns O:0.67ns )   --->   "%store_ln367 = store i32 0, i5 %p_anonymous_namespace_g_core_state_admm_z_x_4_addr" [../src/../include/mpc_fpga_types.h:367->../src/mpc_fpga_top.cpp:88->../src/mpc_fpga_top.cpp:300]   --->   Operation 34 'store' 'store_ln367' <Predicate = (!icmp_ln364)> <Delay = 0.67> <CoreInst = "RAM">   --->   Core 82 'RAM' <Latency = 1> <II = 1> <Delay = 0.67> <Storage> <Opcode : 'load' 'store'> <Ports = 2> <Width = 32> <Depth = 21> <RAM>
ST_1 : Operation 35 [1/1] ( I:0.67ns O:0.67ns )   --->   "%store_ln367 = store i32 0, i5 %p_anonymous_namespace_g_core_state_admm_z_x_5_addr" [../src/../include/mpc_fpga_types.h:367->../src/mpc_fpga_top.cpp:88->../src/mpc_fpga_top.cpp:300]   --->   Operation 35 'store' 'store_ln367' <Predicate = (!icmp_ln364)> <Delay = 0.67> <CoreInst = "RAM">   --->   Core 82 'RAM' <Latency = 1> <II = 1> <Delay = 0.67> <Storage> <Opcode : 'load' 'store'> <Ports = 2> <Width = 32> <Depth = 21> <RAM>
ST_1 : Operation 36 [1/1] ( I:0.67ns O:0.67ns )   --->   "%store_ln367 = store i32 0, i5 %p_anonymous_namespace_g_core_state_admm_z_x_6_addr" [../src/../include/mpc_fpga_types.h:367->../src/mpc_fpga_top.cpp:88->../src/mpc_fpga_top.cpp:300]   --->   Operation 36 'store' 'store_ln367' <Predicate = (!icmp_ln364)> <Delay = 0.67> <CoreInst = "RAM">   --->   Core 82 'RAM' <Latency = 1> <II = 1> <Delay = 0.67> <Storage> <Opcode : 'load' 'store'> <Ports = 2> <Width = 32> <Depth = 21> <RAM>
ST_1 : Operation 37 [1/1] ( I:0.67ns O:0.67ns )   --->   "%store_ln367 = store i32 0, i5 %p_anonymous_namespace_g_core_state_admm_z_x_7_addr" [../src/../include/mpc_fpga_types.h:367->../src/mpc_fpga_top.cpp:88->../src/mpc_fpga_top.cpp:300]   --->   Operation 37 'store' 'store_ln367' <Predicate = (!icmp_ln364)> <Delay = 0.67> <CoreInst = "RAM">   --->   Core 82 'RAM' <Latency = 1> <II = 1> <Delay = 0.67> <Storage> <Opcode : 'load' 'store'> <Ports = 2> <Width = 32> <Depth = 21> <RAM>
ST_1 : Operation 38 [1/1] (0.00ns)   --->   "%p_anonymous_namespace_g_core_state_admm_y_x_7_addr = getelementptr i32 %p_anonymous_namespace_g_core_state_admm_y_x_7, i64 0, i64 %zext_ln364" [../src/../include/mpc_fpga_types.h:368->../src/mpc_fpga_top.cpp:88->../src/mpc_fpga_top.cpp:300]   --->   Operation 38 'getelementptr' 'p_anonymous_namespace_g_core_state_admm_y_x_7_addr' <Predicate = (!icmp_ln364)> <Delay = 0.00>
ST_1 : Operation 39 [1/1] ( I:0.67ns O:0.67ns )   --->   "%store_ln368 = store i32 0, i5 %p_anonymous_namespace_g_core_state_admm_y_x_0_addr" [../src/../include/mpc_fpga_types.h:368->../src/mpc_fpga_top.cpp:88->../src/mpc_fpga_top.cpp:300]   --->   Operation 39 'store' 'store_ln368' <Predicate = (!icmp_ln364)> <Delay = 0.67> <CoreInst = "RAM">   --->   Core 82 'RAM' <Latency = 1> <II = 1> <Delay = 0.67> <Storage> <Opcode : 'load' 'store'> <Ports = 2> <Width = 32> <Depth = 21> <RAM>
ST_1 : Operation 40 [1/1] ( I:0.67ns O:0.67ns )   --->   "%store_ln368 = store i32 0, i5 %p_anonymous_namespace_g_core_state_admm_y_x_1_addr" [../src/../include/mpc_fpga_types.h:368->../src/mpc_fpga_top.cpp:88->../src/mpc_fpga_top.cpp:300]   --->   Operation 40 'store' 'store_ln368' <Predicate = (!icmp_ln364)> <Delay = 0.67> <CoreInst = "RAM">   --->   Core 82 'RAM' <Latency = 1> <II = 1> <Delay = 0.67> <Storage> <Opcode : 'load' 'store'> <Ports = 2> <Width = 32> <Depth = 21> <RAM>
ST_1 : Operation 41 [1/1] ( I:0.67ns O:0.67ns )   --->   "%store_ln368 = store i32 0, i5 %p_anonymous_namespace_g_core_state_admm_y_x_2_addr" [../src/../include/mpc_fpga_types.h:368->../src/mpc_fpga_top.cpp:88->../src/mpc_fpga_top.cpp:300]   --->   Operation 41 'store' 'store_ln368' <Predicate = (!icmp_ln364)> <Delay = 0.67> <CoreInst = "RAM">   --->   Core 82 'RAM' <Latency = 1> <II = 1> <Delay = 0.67> <Storage> <Opcode : 'load' 'store'> <Ports = 2> <Width = 32> <Depth = 21> <RAM>
ST_1 : Operation 42 [1/1] ( I:0.67ns O:0.67ns )   --->   "%store_ln368 = store i32 0, i5 %p_anonymous_namespace_g_core_state_admm_y_x_3_addr" [../src/../include/mpc_fpga_types.h:368->../src/mpc_fpga_top.cpp:88->../src/mpc_fpga_top.cpp:300]   --->   Operation 42 'store' 'store_ln368' <Predicate = (!icmp_ln364)> <Delay = 0.67> <CoreInst = "RAM">   --->   Core 82 'RAM' <Latency = 1> <II = 1> <Delay = 0.67> <Storage> <Opcode : 'load' 'store'> <Ports = 2> <Width = 32> <Depth = 21> <RAM>
ST_1 : Operation 43 [1/1] ( I:0.67ns O:0.67ns )   --->   "%store_ln368 = store i32 0, i5 %p_anonymous_namespace_g_core_state_admm_y_x_4_addr" [../src/../include/mpc_fpga_types.h:368->../src/mpc_fpga_top.cpp:88->../src/mpc_fpga_top.cpp:300]   --->   Operation 43 'store' 'store_ln368' <Predicate = (!icmp_ln364)> <Delay = 0.67> <CoreInst = "RAM">   --->   Core 82 'RAM' <Latency = 1> <II = 1> <Delay = 0.67> <Storage> <Opcode : 'load' 'store'> <Ports = 2> <Width = 32> <Depth = 21> <RAM>
ST_1 : Operation 44 [1/1] ( I:0.67ns O:0.67ns )   --->   "%store_ln368 = store i32 0, i5 %p_anonymous_namespace_g_core_state_admm_y_x_5_addr" [../src/../include/mpc_fpga_types.h:368->../src/mpc_fpga_top.cpp:88->../src/mpc_fpga_top.cpp:300]   --->   Operation 44 'store' 'store_ln368' <Predicate = (!icmp_ln364)> <Delay = 0.67> <CoreInst = "RAM">   --->   Core 82 'RAM' <Latency = 1> <II = 1> <Delay = 0.67> <Storage> <Opcode : 'load' 'store'> <Ports = 2> <Width = 32> <Depth = 21> <RAM>
ST_1 : Operation 45 [1/1] ( I:0.67ns O:0.67ns )   --->   "%store_ln368 = store i32 0, i5 %p_anonymous_namespace_g_core_state_admm_y_x_6_addr" [../src/../include/mpc_fpga_types.h:368->../src/mpc_fpga_top.cpp:88->../src/mpc_fpga_top.cpp:300]   --->   Operation 45 'store' 'store_ln368' <Predicate = (!icmp_ln364)> <Delay = 0.67> <CoreInst = "RAM">   --->   Core 82 'RAM' <Latency = 1> <II = 1> <Delay = 0.67> <Storage> <Opcode : 'load' 'store'> <Ports = 2> <Width = 32> <Depth = 21> <RAM>
ST_1 : Operation 46 [1/1] ( I:0.67ns O:0.67ns )   --->   "%store_ln368 = store i32 0, i5 %p_anonymous_namespace_g_core_state_admm_y_x_7_addr" [../src/../include/mpc_fpga_types.h:368->../src/mpc_fpga_top.cpp:88->../src/mpc_fpga_top.cpp:300]   --->   Operation 46 'store' 'store_ln368' <Predicate = (!icmp_ln364)> <Delay = 0.67> <CoreInst = "RAM">   --->   Core 82 'RAM' <Latency = 1> <II = 1> <Delay = 0.67> <Storage> <Opcode : 'load' 'store'> <Ports = 2> <Width = 32> <Depth = 21> <RAM>
ST_1 : Operation 47 [1/1] (0.42ns)   --->   "%store_ln364 = store i5 %add_ln364, i5 %k" [../src/../include/mpc_fpga_types.h:364->../src/mpc_fpga_top.cpp:88->../src/mpc_fpga_top.cpp:300]   --->   Operation 47 'store' 'store_ln364' <Predicate = (!icmp_ln364)> <Delay = 0.42>
ST_1 : Operation 48 [1/1] (0.00ns)   --->   "%br_ln364 = br void %for.body.i.i" [../src/../include/mpc_fpga_types.h:364->../src/mpc_fpga_top.cpp:88->../src/mpc_fpga_top.cpp:300]   --->   Operation 48 'br' 'br_ln364' <Predicate = (!icmp_ln364)> <Delay = 0.00>
ST_1 : Operation 49 [1/1] (0.42ns)   --->   "%ret_ln0 = ret"   --->   Operation 49 'ret' 'ret_ln0' <Predicate = (icmp_ln364)> <Delay = 0.42>


============================================================
+ Verbose Summary: Binding
============================================================
STG Binding: 
---------------- STG Properties BEGIN ----------------
- Is combinational: 0
- Is one-state seq: 0
- Is datapath-only: 0
- Is pipelined: 0
- Is top level: 0
Port [ Return ] is wired: 1; IO mode=ap_ctrl_hs:ce=0
Port [ p_anonymous_namespace_g_core_state_admm_z_x_0]:  wired=1; compound=1; hidden=0; nouse=0; global=1; static=1; extern=0; dir=1; type=1; pingpong=0; private_global=0; MemPort=[03]; IO mode=ap_memory:ce=0
Port [ p_anonymous_namespace_g_core_state_admm_z_x_1]:  wired=1; compound=1; hidden=0; nouse=0; global=1; static=1; extern=0; dir=1; type=1; pingpong=0; private_global=0; MemPort=[03]; IO mode=ap_memory:ce=0
Port [ p_anonymous_namespace_g_core_state_admm_z_x_2]:  wired=1; compound=1; hidden=0; nouse=0; global=1; static=1; extern=0; dir=1; type=1; pingpong=0; private_global=0; MemPort=[03]; IO mode=ap_memory:ce=0
Port [ p_anonymous_namespace_g_core_state_admm_z_x_3]:  wired=1; compound=1; hidden=0; nouse=0; global=1; static=1; extern=0; dir=1; type=1; pingpong=0; private_global=0; MemPort=[03]; IO mode=ap_memory:ce=0
Port [ p_anonymous_namespace_g_core_state_admm_z_x_4]:  wired=1; compound=1; hidden=0; nouse=0; global=1; static=1; extern=0; dir=1; type=1; pingpong=0; private_global=0; MemPort=[03]; IO mode=ap_memory:ce=0
Port [ p_anonymous_namespace_g_core_state_admm_z_x_5]:  wired=1; compound=1; hidden=0; nouse=0; global=1; static=1; extern=0; dir=1; type=1; pingpong=0; private_global=0; MemPort=[03]; IO mode=ap_memory:ce=0
Port [ p_anonymous_namespace_g_core_state_admm_z_x_6]:  wired=1; compound=1; hidden=0; nouse=0; global=1; static=1; extern=0; dir=1; type=1; pingpong=0; private_global=0; MemPort=[03]; IO mode=ap_memory:ce=0
Port [ p_anonymous_namespace_g_core_state_admm_z_x_7]:  wired=1; compound=1; hidden=0; nouse=0; global=1; static=1; extern=0; dir=1; type=1; pingpong=0; private_global=0; MemPort=[03]; IO mode=ap_memory:ce=0
Port [ p_anonymous_namespace_g_core_state_admm_y_x_0]:  wired=1; compound=1; hidden=0; nouse=0; global=1; static=1; extern=0; dir=1; type=1; pingpong=0; private_global=0; MemPort=[03]; IO mode=ap_memory:ce=0
Port [ p_anonymous_namespace_g_core_state_admm_y_x_1]:  wired=1; compound=1; hidden=0; nouse=0; global=1; static=1; extern=0; dir=1; type=1; pingpong=0; private_global=0; MemPort=[03]; IO mode=ap_memory:ce=0
Port [ p_anonymous_namespace_g_core_state_admm_y_x_2]:  wired=1; compound=1; hidden=0; nouse=0; global=1; static=1; extern=0; dir=1; type=1; pingpong=0; private_global=0; MemPort=[03]; IO mode=ap_memory:ce=0
Port [ p_anonymous_namespace_g_core_state_admm_y_x_3]:  wired=1; compound=1; hidden=0; nouse=0; global=1; static=1; extern=0; dir=1; type=1; pingpong=0; private_global=0; MemPort=[03]; IO mode=ap_memory:ce=0
Port [ p_anonymous_namespace_g_core_state_admm_y_x_4]:  wired=1; compound=1; hidden=0; nouse=0; global=1; static=1; extern=0; dir=1; type=1; pingpong=0; private_global=0; MemPort=[03]; IO mode=ap_memory:ce=0
Port [ p_anonymous_namespace_g_core_state_admm_y_x_5]:  wired=1; compound=1; hidden=0; nouse=0; global=1; static=1; extern=0; dir=1; type=1; pingpong=0; private_global=0; MemPort=[03]; IO mode=ap_memory:ce=0
Port [ p_anonymous_namespace_g_core_state_admm_y_x_6]:  wired=1; compound=1; hidden=0; nouse=0; global=1; static=1; extern=0; dir=1; type=1; pingpong=0; private_global=0; MemPort=[03]; IO mode=ap_memory:ce=0
Port [ p_anonymous_namespace_g_core_state_admm_y_x_7]:  wired=1; compound=1; hidden=0; nouse=0; global=1; static=1; extern=0; dir=1; type=1; pingpong=0; private_global=0; MemPort=[03]; IO mode=ap_memory:ce=0
---------------- STG Properties END ------------------

---------------- Datapath Model BEGIN ----------------

<LifeTime>
<method=bitvector/>
k                                                  (alloca           ) [ 01]
store_ln364                                        (store            ) [ 00]
br_ln0                                             (br               ) [ 00]
k_17                                               (load             ) [ 00]
icmp_ln364                                         (icmp             ) [ 01]
add_ln364                                          (add              ) [ 00]
br_ln364                                           (br               ) [ 00]
zext_ln364                                         (zext             ) [ 00]
specpipeline_ln365                                 (specpipeline     ) [ 00]
speclooptripcount_ln364                            (speclooptripcount) [ 00]
specloopname_ln364                                 (specloopname     ) [ 00]
p_anonymous_namespace_g_core_state_admm_z_x_0_addr (getelementptr    ) [ 00]
p_anonymous_namespace_g_core_state_admm_y_x_0_addr (getelementptr    ) [ 00]
p_anonymous_namespace_g_core_state_admm_z_x_1_addr (getelementptr    ) [ 00]
p_anonymous_namespace_g_core_state_admm_y_x_1_addr (getelementptr    ) [ 00]
p_anonymous_namespace_g_core_state_admm_z_x_2_addr (getelementptr    ) [ 00]
p_anonymous_namespace_g_core_state_admm_y_x_2_addr (getelementptr    ) [ 00]
p_anonymous_namespace_g_core_state_admm_z_x_3_addr (getelementptr    ) [ 00]
p_anonymous_namespace_g_core_state_admm_y_x_3_addr (getelementptr    ) [ 00]
p_anonymous_namespace_g_core_state_admm_z_x_4_addr (getelementptr    ) [ 00]
p_anonymous_namespace_g_core_state_admm_y_x_4_addr (getelementptr    ) [ 00]
p_anonymous_namespace_g_core_state_admm_z_x_5_addr (getelementptr    ) [ 00]
p_anonymous_namespace_g_core_state_admm_y_x_5_addr (getelementptr    ) [ 00]
p_anonymous_namespace_g_core_state_admm_z_x_6_addr (getelementptr    ) [ 00]
p_anonymous_namespace_g_core_state_admm_y_x_6_addr (getelementptr    ) [ 00]
p_anonymous_namespace_g_core_state_admm_z_x_7_addr (getelementptr    ) [ 00]
store_ln367                                        (store            ) [ 00]
store_ln367                                        (store            ) [ 00]
store_ln367                                        (store            ) [ 00]
store_ln367                                        (store            ) [ 00]
store_ln367                                        (store            ) [ 00]
store_ln367                                        (store            ) [ 00]
store_ln367                                        (store            ) [ 00]
store_ln367                                        (store            ) [ 00]
p_anonymous_namespace_g_core_state_admm_y_x_7_addr (getelementptr    ) [ 00]
store_ln368                                        (store            ) [ 00]
store_ln368                                        (store            ) [ 00]
store_ln368                                        (store            ) [ 00]
store_ln368                                        (store            ) [ 00]
store_ln368                                        (store            ) [ 00]
store_ln368                                        (store            ) [ 00]
store_ln368                                        (store            ) [ 00]
store_ln368                                        (store            ) [ 00]
store_ln364                                        (store            ) [ 00]
br_ln364                                           (br               ) [ 00]
ret_ln0                                            (ret              ) [ 00]
</LifeTime>

<model>

<comp_list>
<comp id="0" class="1000" name="p_anonymous_namespace_g_core_state_admm_z_x_0">
<pin_list>
<pin id="1" dir="1" index="0" bw="1" slack="0"/>
</pin_list>
<bind>
<StgValue><ssdm name="p_anonymous_namespace_g_core_state_admm_z_x_0"/><MemPortTyVec>0 3 </MemPortTyVec>
</StgValue>
</bind>
</comp>

<comp id="2" class="1000" name="p_anonymous_namespace_g_core_state_admm_z_x_1">
<pin_list>
<pin id="3" dir="1" index="0" bw="1" slack="0"/>
</pin_list>
<bind>
<StgValue><ssdm name="p_anonymous_namespace_g_core_state_admm_z_x_1"/><MemPortTyVec>0 3 </MemPortTyVec>
</StgValue>
</bind>
</comp>

<comp id="4" class="1000" name="p_anonymous_namespace_g_core_state_admm_z_x_2">
<pin_list>
<pin id="5" dir="1" index="0" bw="1" slack="0"/>
</pin_list>
<bind>
<StgValue><ssdm name="p_anonymous_namespace_g_core_state_admm_z_x_2"/><MemPortTyVec>0 3 </MemPortTyVec>
</StgValue>
</bind>
</comp>

<comp id="6" class="1000" name="p_anonymous_namespace_g_core_state_admm_z_x_3">
<pin_list>
<pin id="7" dir="1" index="0" bw="1" slack="0"/>
</pin_list>
<bind>
<StgValue><ssdm name="p_anonymous_namespace_g_core_state_admm_z_x_3"/><MemPortTyVec>0 3 </MemPortTyVec>
</StgValue>
</bind>
</comp>

<comp id="8" class="1000" name="p_anonymous_namespace_g_core_state_admm_z_x_4">
<pin_list>
<pin id="9" dir="1" index="0" bw="1" slack="0"/>
</pin_list>
<bind>
<StgValue><ssdm name="p_anonymous_namespace_g_core_state_admm_z_x_4"/><MemPortTyVec>0 3 </MemPortTyVec>
</StgValue>
</bind>
</comp>

<comp id="10" class="1000" name="p_anonymous_namespace_g_core_state_admm_z_x_5">
<pin_list>
<pin id="11" dir="1" index="0" bw="1" slack="0"/>
</pin_list>
<bind>
<StgValue><ssdm name="p_anonymous_namespace_g_core_state_admm_z_x_5"/><MemPortTyVec>0 3 </MemPortTyVec>
</StgValue>
</bind>
</comp>

<comp id="12" class="1000" name="p_anonymous_namespace_g_core_state_admm_z_x_6">
<pin_list>
<pin id="13" dir="1" index="0" bw="1" slack="0"/>
</pin_list>
<bind>
<StgValue><ssdm name="p_anonymous_namespace_g_core_state_admm_z_x_6"/><MemPortTyVec>0 3 </MemPortTyVec>
</StgValue>
</bind>
</comp>

<comp id="14" class="1000" name="p_anonymous_namespace_g_core_state_admm_z_x_7">
<pin_list>
<pin id="15" dir="1" index="0" bw="1" slack="0"/>
</pin_list>
<bind>
<StgValue><ssdm name="p_anonymous_namespace_g_core_state_admm_z_x_7"/><MemPortTyVec>0 3 </MemPortTyVec>
</StgValue>
</bind>
</comp>

<comp id="16" class="1000" name="p_anonymous_namespace_g_core_state_admm_y_x_0">
<pin_list>
<pin id="17" dir="1" index="0" bw="1" slack="0"/>
</pin_list>
<bind>
<StgValue><ssdm name="p_anonymous_namespace_g_core_state_admm_y_x_0"/><MemPortTyVec>0 3 </MemPortTyVec>
</StgValue>
</bind>
</comp>

<comp id="18" class="1000" name="p_anonymous_namespace_g_core_state_admm_y_x_1">
<pin_list>
<pin id="19" dir="1" index="0" bw="1" slack="0"/>
</pin_list>
<bind>
<StgValue><ssdm name="p_anonymous_namespace_g_core_state_admm_y_x_1"/><MemPortTyVec>0 3 </MemPortTyVec>
</StgValue>
</bind>
</comp>

<comp id="20" class="1000" name="p_anonymous_namespace_g_core_state_admm_y_x_2">
<pin_list>
<pin id="21" dir="1" index="0" bw="1" slack="0"/>
</pin_list>
<bind>
<StgValue><ssdm name="p_anonymous_namespace_g_core_state_admm_y_x_2"/><MemPortTyVec>0 3 </MemPortTyVec>
</StgValue>
</bind>
</comp>

<comp id="22" class="1000" name="p_anonymous_namespace_g_core_state_admm_y_x_3">
<pin_list>
<pin id="23" dir="1" index="0" bw="1" slack="0"/>
</pin_list>
<bind>
<StgValue><ssdm name="p_anonymous_namespace_g_core_state_admm_y_x_3"/><MemPortTyVec>0 3 </MemPortTyVec>
</StgValue>
</bind>
</comp>

<comp id="24" class="1000" name="p_anonymous_namespace_g_core_state_admm_y_x_4">
<pin_list>
<pin id="25" dir="1" index="0" bw="1" slack="0"/>
</pin_list>
<bind>
<StgValue><ssdm name="p_anonymous_namespace_g_core_state_admm_y_x_4"/><MemPortTyVec>0 3 </MemPortTyVec>
</StgValue>
</bind>
</comp>

<comp id="26" class="1000" name="p_anonymous_namespace_g_core_state_admm_y_x_5">
<pin_list>
<pin id="27" dir="1" index="0" bw="1" slack="0"/>
</pin_list>
<bind>
<StgValue><ssdm name="p_anonymous_namespace_g_core_state_admm_y_x_5"/><MemPortTyVec>0 3 </MemPortTyVec>
</StgValue>
</bind>
</comp>

<comp id="28" class="1000" name="p_anonymous_namespace_g_core_state_admm_y_x_6">
<pin_list>
<pin id="29" dir="1" index="0" bw="1" slack="0"/>
</pin_list>
<bind>
<StgValue><ssdm name="p_anonymous_namespace_g_core_state_admm_y_x_6"/><MemPortTyVec>0 3 </MemPortTyVec>
</StgValue>
</bind>
</comp>

<comp id="30" class="1000" name="p_anonymous_namespace_g_core_state_admm_y_x_7">
<pin_list>
<pin id="31" dir="1" index="0" bw="1" slack="0"/>
</pin_list>
<bind>
<StgValue><ssdm name="p_anonymous_namespace_g_core_state_admm_y_x_7"/><MemPortTyVec>0 3 </MemPortTyVec>
</StgValue>
</bind>
</comp>

<comp id="32" class="1001" name="const_32">
<pin_list>
<pin id="33" dir="1" index="0" bw="1" slack="0"/>
</pin_list>
<bind>
<StgValue><ssdm name=""/></StgValue>
</bind>
</comp>

<comp id="34" class="1001" name="const_34">
<pin_list>
<pin id="35" dir="1" index="0" bw="1" slack="0"/>
</pin_list>
<bind>
<StgValue><ssdm name=""/></StgValue>
</bind>
</comp>

<comp id="36" class="1001" name="const_36">
<pin_list>
<pin id="37" dir="1" index="0" bw="1" slack="0"/>
</pin_list>
<bind>
<StgValue><ssdm name=""/></StgValue>
</bind>
</comp>

<comp id="38" class="1001" name="const_38">
<pin_list>
<pin id="39" dir="1" index="0" bw="1" slack="0"/>
</pin_list>
<bind>
<StgValue><ssdm name=""/></StgValue>
</bind>
</comp>

<comp id="40" class="1001" name="const_40">
<pin_list>
<pin id="41" dir="1" index="0" bw="1" slack="2147483647"/>
</pin_list>
<bind>
<StgValue><ssdm name="_ssdm_op_SpecPipeline"/></StgValue>
</bind>
</comp>

<comp id="42" class="1001" name="const_42">
<pin_list>
<pin id="43" dir="1" index="0" bw="1" slack="0"/>
</pin_list>
<bind>
<StgValue><ssdm name=""/></StgValue>
</bind>
</comp>

<comp id="44" class="1001" name="const_44">
<pin_list>
<pin id="45" dir="1" index="0" bw="1" slack="2147483647"/>
</pin_list>
<bind>
<StgValue><ssdm name=""/></StgValue>
</bind>
</comp>

<comp id="46" class="1001" name="const_46">
<pin_list>
<pin id="47" dir="1" index="0" bw="1" slack="2147483647"/>
</pin_list>
<bind>
<StgValue><ssdm name="empty_485"/></StgValue>
</bind>
</comp>

<comp id="48" class="1001" name="const_48">
<pin_list>
<pin id="49" dir="1" index="0" bw="1" slack="2147483647"/>
</pin_list>
<bind>
<StgValue><ssdm name="_ssdm_op_SpecLoopTripCount"/></StgValue>
</bind>
</comp>

<comp id="50" class="1001" name="const_50">
<pin_list>
<pin id="51" dir="1" index="0" bw="1" slack="2147483647"/>
</pin_list>
<bind>
<StgValue><ssdm name=""/></StgValue>
</bind>
</comp>

<comp id="52" class="1001" name="const_52">
<pin_list>
<pin id="53" dir="1" index="0" bw="1" slack="2147483647"/>
</pin_list>
<bind>
<StgValue><ssdm name="_ssdm_op_SpecLoopName"/></StgValue>
</bind>
</comp>

<comp id="54" class="1001" name="const_54">
<pin_list>
<pin id="55" dir="1" index="0" bw="1" slack="2147483647"/>
</pin_list>
<bind>
<StgValue><ssdm name="empty_498"/></StgValue>
</bind>
</comp>

<comp id="56" class="1001" name="const_56">
<pin_list>
<pin id="57" dir="1" index="0" bw="1" slack="0"/>
</pin_list>
<bind>
<StgValue><ssdm name=""/></StgValue>
</bind>
</comp>

<comp id="58" class="1004" name="k_fu_58">
<pin_list>
<pin id="59" dir="0" index="0" bw="1" slack="0"/>
<pin id="60" dir="1" index="1" bw="5" slack="0"/>
</pin_list>
<bind>
<opcode="alloca(26) " fcode="alloca"/>
<opset="k/1 "/>
</bind>
</comp>

<comp id="62" class="1004" name="p_anonymous_namespace_g_core_state_admm_z_x_0_addr_gep_fu_62">
<pin_list>
<pin id="63" dir="0" index="0" bw="32" slack="0"/>
<pin id="64" dir="0" index="1" bw="1" slack="0"/>
<pin id="65" dir="0" index="2" bw="5" slack="0"/>
<pin id="66" dir="1" index="3" bw="5" slack="0"/>
</pin_list>
<bind>
<opcode="getelementptr(29) " fcode="getelementptr"/>
<opset="p_anonymous_namespace_g_core_state_admm_z_x_0_addr/1 "/>
</bind>
</comp>

<comp id="69" class="1004" name="p_anonymous_namespace_g_core_state_admm_y_x_0_addr_gep_fu_69">
<pin_list>
<pin id="70" dir="0" index="0" bw="32" slack="0"/>
<pin id="71" dir="0" index="1" bw="1" slack="0"/>
<pin id="72" dir="0" index="2" bw="5" slack="0"/>
<pin id="73" dir="1" index="3" bw="5" slack="0"/>
</pin_list>
<bind>
<opcode="getelementptr(29) " fcode="getelementptr"/>
<opset="p_anonymous_namespace_g_core_state_admm_y_x_0_addr/1 "/>
</bind>
</comp>

<comp id="76" class="1004" name="p_anonymous_namespace_g_core_state_admm_z_x_1_addr_gep_fu_76">
<pin_list>
<pin id="77" dir="0" index="0" bw="32" slack="0"/>
<pin id="78" dir="0" index="1" bw="1" slack="0"/>
<pin id="79" dir="0" index="2" bw="5" slack="0"/>
<pin id="80" dir="1" index="3" bw="5" slack="0"/>
</pin_list>
<bind>
<opcode="getelementptr(29) " fcode="getelementptr"/>
<opset="p_anonymous_namespace_g_core_state_admm_z_x_1_addr/1 "/>
</bind>
</comp>

<comp id="83" class="1004" name="p_anonymous_namespace_g_core_state_admm_y_x_1_addr_gep_fu_83">
<pin_list>
<pin id="84" dir="0" index="0" bw="32" slack="0"/>
<pin id="85" dir="0" index="1" bw="1" slack="0"/>
<pin id="86" dir="0" index="2" bw="5" slack="0"/>
<pin id="87" dir="1" index="3" bw="5" slack="0"/>
</pin_list>
<bind>
<opcode="getelementptr(29) " fcode="getelementptr"/>
<opset="p_anonymous_namespace_g_core_state_admm_y_x_1_addr/1 "/>
</bind>
</comp>

<comp id="90" class="1004" name="p_anonymous_namespace_g_core_state_admm_z_x_2_addr_gep_fu_90">
<pin_list>
<pin id="91" dir="0" index="0" bw="32" slack="0"/>
<pin id="92" dir="0" index="1" bw="1" slack="0"/>
<pin id="93" dir="0" index="2" bw="5" slack="0"/>
<pin id="94" dir="1" index="3" bw="5" slack="0"/>
</pin_list>
<bind>
<opcode="getelementptr(29) " fcode="getelementptr"/>
<opset="p_anonymous_namespace_g_core_state_admm_z_x_2_addr/1 "/>
</bind>
</comp>

<comp id="97" class="1004" name="p_anonymous_namespace_g_core_state_admm_y_x_2_addr_gep_fu_97">
<pin_list>
<pin id="98" dir="0" index="0" bw="32" slack="0"/>
<pin id="99" dir="0" index="1" bw="1" slack="0"/>
<pin id="100" dir="0" index="2" bw="5" slack="0"/>
<pin id="101" dir="1" index="3" bw="5" slack="0"/>
</pin_list>
<bind>
<opcode="getelementptr(29) " fcode="getelementptr"/>
<opset="p_anonymous_namespace_g_core_state_admm_y_x_2_addr/1 "/>
</bind>
</comp>

<comp id="104" class="1004" name="p_anonymous_namespace_g_core_state_admm_z_x_3_addr_gep_fu_104">
<pin_list>
<pin id="105" dir="0" index="0" bw="32" slack="0"/>
<pin id="106" dir="0" index="1" bw="1" slack="0"/>
<pin id="107" dir="0" index="2" bw="5" slack="0"/>
<pin id="108" dir="1" index="3" bw="5" slack="0"/>
</pin_list>
<bind>
<opcode="getelementptr(29) " fcode="getelementptr"/>
<opset="p_anonymous_namespace_g_core_state_admm_z_x_3_addr/1 "/>
</bind>
</comp>

<comp id="111" class="1004" name="p_anonymous_namespace_g_core_state_admm_y_x_3_addr_gep_fu_111">
<pin_list>
<pin id="112" dir="0" index="0" bw="32" slack="0"/>
<pin id="113" dir="0" index="1" bw="1" slack="0"/>
<pin id="114" dir="0" index="2" bw="5" slack="0"/>
<pin id="115" dir="1" index="3" bw="5" slack="0"/>
</pin_list>
<bind>
<opcode="getelementptr(29) " fcode="getelementptr"/>
<opset="p_anonymous_namespace_g_core_state_admm_y_x_3_addr/1 "/>
</bind>
</comp>

<comp id="118" class="1004" name="p_anonymous_namespace_g_core_state_admm_z_x_4_addr_gep_fu_118">
<pin_list>
<pin id="119" dir="0" index="0" bw="32" slack="0"/>
<pin id="120" dir="0" index="1" bw="1" slack="0"/>
<pin id="121" dir="0" index="2" bw="5" slack="0"/>
<pin id="122" dir="1" index="3" bw="5" slack="0"/>
</pin_list>
<bind>
<opcode="getelementptr(29) " fcode="getelementptr"/>
<opset="p_anonymous_namespace_g_core_state_admm_z_x_4_addr/1 "/>
</bind>
</comp>

<comp id="125" class="1004" name="p_anonymous_namespace_g_core_state_admm_y_x_4_addr_gep_fu_125">
<pin_list>
<pin id="126" dir="0" index="0" bw="32" slack="0"/>
<pin id="127" dir="0" index="1" bw="1" slack="0"/>
<pin id="128" dir="0" index="2" bw="5" slack="0"/>
<pin id="129" dir="1" index="3" bw="5" slack="0"/>
</pin_list>
<bind>
<opcode="getelementptr(29) " fcode="getelementptr"/>
<opset="p_anonymous_namespace_g_core_state_admm_y_x_4_addr/1 "/>
</bind>
</comp>

<comp id="132" class="1004" name="p_anonymous_namespace_g_core_state_admm_z_x_5_addr_gep_fu_132">
<pin_list>
<pin id="133" dir="0" index="0" bw="32" slack="0"/>
<pin id="134" dir="0" index="1" bw="1" slack="0"/>
<pin id="135" dir="0" index="2" bw="5" slack="0"/>
<pin id="136" dir="1" index="3" bw="5" slack="0"/>
</pin_list>
<bind>
<opcode="getelementptr(29) " fcode="getelementptr"/>
<opset="p_anonymous_namespace_g_core_state_admm_z_x_5_addr/1 "/>
</bind>
</comp>

<comp id="139" class="1004" name="p_anonymous_namespace_g_core_state_admm_y_x_5_addr_gep_fu_139">
<pin_list>
<pin id="140" dir="0" index="0" bw="32" slack="0"/>
<pin id="141" dir="0" index="1" bw="1" slack="0"/>
<pin id="142" dir="0" index="2" bw="5" slack="0"/>
<pin id="143" dir="1" index="3" bw="5" slack="0"/>
</pin_list>
<bind>
<opcode="getelementptr(29) " fcode="getelementptr"/>
<opset="p_anonymous_namespace_g_core_state_admm_y_x_5_addr/1 "/>
</bind>
</comp>

<comp id="146" class="1004" name="p_anonymous_namespace_g_core_state_admm_z_x_6_addr_gep_fu_146">
<pin_list>
<pin id="147" dir="0" index="0" bw="32" slack="0"/>
<pin id="148" dir="0" index="1" bw="1" slack="0"/>
<pin id="149" dir="0" index="2" bw="5" slack="0"/>
<pin id="150" dir="1" index="3" bw="5" slack="0"/>
</pin_list>
<bind>
<opcode="getelementptr(29) " fcode="getelementptr"/>
<opset="p_anonymous_namespace_g_core_state_admm_z_x_6_addr/1 "/>
</bind>
</comp>

<comp id="153" class="1004" name="p_anonymous_namespace_g_core_state_admm_y_x_6_addr_gep_fu_153">
<pin_list>
<pin id="154" dir="0" index="0" bw="32" slack="0"/>
<pin id="155" dir="0" index="1" bw="1" slack="0"/>
<pin id="156" dir="0" index="2" bw="5" slack="0"/>
<pin id="157" dir="1" index="3" bw="5" slack="0"/>
</pin_list>
<bind>
<opcode="getelementptr(29) " fcode="getelementptr"/>
<opset="p_anonymous_namespace_g_core_state_admm_y_x_6_addr/1 "/>
</bind>
</comp>

<comp id="160" class="1004" name="p_anonymous_namespace_g_core_state_admm_z_x_7_addr_gep_fu_160">
<pin_list>
<pin id="161" dir="0" index="0" bw="32" slack="0"/>
<pin id="162" dir="0" index="1" bw="1" slack="0"/>
<pin id="163" dir="0" index="2" bw="5" slack="0"/>
<pin id="164" dir="1" index="3" bw="5" slack="0"/>
</pin_list>
<bind>
<opcode="getelementptr(29) " fcode="getelementptr"/>
<opset="p_anonymous_namespace_g_core_state_admm_z_x_7_addr/1 "/>
</bind>
</comp>

<comp id="167" class="1004" name="store_ln367_access_fu_167">
<pin_list>
<pin id="168" dir="0" index="0" bw="5" slack="0"/>
<pin id="169" dir="0" index="1" bw="32" slack="0"/>
<pin id="170" dir="0" index="2" bw="0" slack="2147483647"/>
<pin id="171" dir="1" index="3" bw="32" slack="2147483647"/>
</pin_list>
<bind>
<opcode="store(28) " fcode="store"/>
<opset="store_ln367/1 "/>
</bind>
</comp>

<comp id="174" class="1004" name="store_ln367_access_fu_174">
<pin_list>
<pin id="175" dir="0" index="0" bw="5" slack="0"/>
<pin id="176" dir="0" index="1" bw="32" slack="0"/>
<pin id="177" dir="0" index="2" bw="0" slack="2147483647"/>
<pin id="178" dir="1" index="3" bw="32" slack="2147483647"/>
</pin_list>
<bind>
<opcode="store(28) " fcode="store"/>
<opset="store_ln367/1 "/>
</bind>
</comp>

<comp id="181" class="1004" name="store_ln367_access_fu_181">
<pin_list>
<pin id="182" dir="0" index="0" bw="5" slack="0"/>
<pin id="183" dir="0" index="1" bw="32" slack="0"/>
<pin id="184" dir="0" index="2" bw="0" slack="2147483647"/>
<pin id="185" dir="1" index="3" bw="32" slack="2147483647"/>
</pin_list>
<bind>
<opcode="store(28) " fcode="store"/>
<opset="store_ln367/1 "/>
</bind>
</comp>

<comp id="188" class="1004" name="store_ln367_access_fu_188">
<pin_list>
<pin id="189" dir="0" index="0" bw="5" slack="0"/>
<pin id="190" dir="0" index="1" bw="32" slack="0"/>
<pin id="191" dir="0" index="2" bw="0" slack="2147483647"/>
<pin id="192" dir="1" index="3" bw="32" slack="2147483647"/>
</pin_list>
<bind>
<opcode="store(28) " fcode="store"/>
<opset="store_ln367/1 "/>
</bind>
</comp>

<comp id="195" class="1004" name="store_ln367_access_fu_195">
<pin_list>
<pin id="196" dir="0" index="0" bw="5" slack="0"/>
<pin id="197" dir="0" index="1" bw="32" slack="0"/>
<pin id="198" dir="0" index="2" bw="0" slack="2147483647"/>
<pin id="199" dir="1" index="3" bw="32" slack="2147483647"/>
</pin_list>
<bind>
<opcode="store(28) " fcode="store"/>
<opset="store_ln367/1 "/>
</bind>
</comp>

<comp id="202" class="1004" name="store_ln367_access_fu_202">
<pin_list>
<pin id="203" dir="0" index="0" bw="5" slack="0"/>
<pin id="204" dir="0" index="1" bw="32" slack="0"/>
<pin id="205" dir="0" index="2" bw="0" slack="2147483647"/>
<pin id="206" dir="1" index="3" bw="32" slack="2147483647"/>
</pin_list>
<bind>
<opcode="store(28) " fcode="store"/>
<opset="store_ln367/1 "/>
</bind>
</comp>

<comp id="209" class="1004" name="store_ln367_access_fu_209">
<pin_list>
<pin id="210" dir="0" index="0" bw="5" slack="0"/>
<pin id="211" dir="0" index="1" bw="32" slack="0"/>
<pin id="212" dir="0" index="2" bw="0" slack="2147483647"/>
<pin id="213" dir="1" index="3" bw="32" slack="2147483647"/>
</pin_list>
<bind>
<opcode="store(28) " fcode="store"/>
<opset="store_ln367/1 "/>
</bind>
</comp>

<comp id="216" class="1004" name="store_ln367_access_fu_216">
<pin_list>
<pin id="217" dir="0" index="0" bw="5" slack="0"/>
<pin id="218" dir="0" index="1" bw="32" slack="0"/>
<pin id="219" dir="0" index="2" bw="0" slack="2147483647"/>
<pin id="220" dir="1" index="3" bw="32" slack="2147483647"/>
</pin_list>
<bind>
<opcode="store(28) " fcode="store"/>
<opset="store_ln367/1 "/>
</bind>
</comp>

<comp id="223" class="1004" name="p_anonymous_namespace_g_core_state_admm_y_x_7_addr_gep_fu_223">
<pin_list>
<pin id="224" dir="0" index="0" bw="32" slack="0"/>
<pin id="225" dir="0" index="1" bw="1" slack="0"/>
<pin id="226" dir="0" index="2" bw="5" slack="0"/>
<pin id="227" dir="1" index="3" bw="5" slack="0"/>
</pin_list>
<bind>
<opcode="getelementptr(29) " fcode="getelementptr"/>
<opset="p_anonymous_namespace_g_core_state_admm_y_x_7_addr/1 "/>
</bind>
</comp>

<comp id="230" class="1004" name="store_ln368_access_fu_230">
<pin_list>
<pin id="231" dir="0" index="0" bw="5" slack="0"/>
<pin id="232" dir="0" index="1" bw="32" slack="0"/>
<pin id="233" dir="0" index="2" bw="0" slack="2147483647"/>
<pin id="234" dir="1" index="3" bw="32" slack="2147483647"/>
</pin_list>
<bind>
<opcode="store(28) " fcode="store"/>
<opset="store_ln368/1 "/>
</bind>
</comp>

<comp id="237" class="1004" name="store_ln368_access_fu_237">
<pin_list>
<pin id="238" dir="0" index="0" bw="5" slack="0"/>
<pin id="239" dir="0" index="1" bw="32" slack="0"/>
<pin id="240" dir="0" index="2" bw="0" slack="2147483647"/>
<pin id="241" dir="1" index="3" bw="32" slack="2147483647"/>
</pin_list>
<bind>
<opcode="store(28) " fcode="store"/>
<opset="store_ln368/1 "/>
</bind>
</comp>

<comp id="244" class="1004" name="store_ln368_access_fu_244">
<pin_list>
<pin id="245" dir="0" index="0" bw="5" slack="0"/>
<pin id="246" dir="0" index="1" bw="32" slack="0"/>
<pin id="247" dir="0" index="2" bw="0" slack="2147483647"/>
<pin id="248" dir="1" index="3" bw="32" slack="2147483647"/>
</pin_list>
<bind>
<opcode="store(28) " fcode="store"/>
<opset="store_ln368/1 "/>
</bind>
</comp>

<comp id="251" class="1004" name="store_ln368_access_fu_251">
<pin_list>
<pin id="252" dir="0" index="0" bw="5" slack="0"/>
<pin id="253" dir="0" index="1" bw="32" slack="0"/>
<pin id="254" dir="0" index="2" bw="0" slack="2147483647"/>
<pin id="255" dir="1" index="3" bw="32" slack="2147483647"/>
</pin_list>
<bind>
<opcode="store(28) " fcode="store"/>
<opset="store_ln368/1 "/>
</bind>
</comp>

<comp id="258" class="1004" name="store_ln368_access_fu_258">
<pin_list>
<pin id="259" dir="0" index="0" bw="5" slack="0"/>
<pin id="260" dir="0" index="1" bw="32" slack="0"/>
<pin id="261" dir="0" index="2" bw="0" slack="2147483647"/>
<pin id="262" dir="1" index="3" bw="32" slack="2147483647"/>
</pin_list>
<bind>
<opcode="store(28) " fcode="store"/>
<opset="store_ln368/1 "/>
</bind>
</comp>

<comp id="265" class="1004" name="store_ln368_access_fu_265">
<pin_list>
<pin id="266" dir="0" index="0" bw="5" slack="0"/>
<pin id="267" dir="0" index="1" bw="32" slack="0"/>
<pin id="268" dir="0" index="2" bw="0" slack="2147483647"/>
<pin id="269" dir="1" index="3" bw="32" slack="2147483647"/>
</pin_list>
<bind>
<opcode="store(28) " fcode="store"/>
<opset="store_ln368/1 "/>
</bind>
</comp>

<comp id="272" class="1004" name="store_ln368_access_fu_272">
<pin_list>
<pin id="273" dir="0" index="0" bw="5" slack="0"/>
<pin id="274" dir="0" index="1" bw="32" slack="0"/>
<pin id="275" dir="0" index="2" bw="0" slack="2147483647"/>
<pin id="276" dir="1" index="3" bw="32" slack="2147483647"/>
</pin_list>
<bind>
<opcode="store(28) " fcode="store"/>
<opset="store_ln368/1 "/>
</bind>
</comp>

<comp id="279" class="1004" name="store_ln368_access_fu_279">
<pin_list>
<pin id="280" dir="0" index="0" bw="5" slack="0"/>
<pin id="281" dir="0" index="1" bw="32" slack="0"/>
<pin id="282" dir="0" index="2" bw="0" slack="2147483647"/>
<pin id="283" dir="1" index="3" bw="32" slack="2147483647"/>
</pin_list>
<bind>
<opcode="store(28) " fcode="store"/>
<opset="store_ln368/1 "/>
</bind>
</comp>

<comp id="286" class="1004" name="store_ln364_store_fu_286">
<pin_list>
<pin id="287" dir="0" index="0" bw="1" slack="0"/>
<pin id="288" dir="0" index="1" bw="5" slack="0"/>
<pin id="289" dir="1" index="2" bw="0" slack="2147483647"/>
</pin_list>
<bind>
<opcode="store(28) " fcode="store"/>
<opset="store_ln364/1 "/>
</bind>
</comp>

<comp id="291" class="1004" name="k_17_load_fu_291">
<pin_list>
<pin id="292" dir="0" index="0" bw="5" slack="0"/>
<pin id="293" dir="1" index="1" bw="5" slack="0"/>
</pin_list>
<bind>
<opcode="load(27) " fcode="load"/>
<opset="k_17/1 "/>
</bind>
</comp>

<comp id="294" class="1004" name="icmp_ln364_fu_294">
<pin_list>
<pin id="295" dir="0" index="0" bw="5" slack="0"/>
<pin id="296" dir="0" index="1" bw="5" slack="0"/>
<pin id="297" dir="1" index="2" bw="1" slack="2147483647"/>
</pin_list>
<bind>
<opcode="icmp(45) " fcode="icmp"/>
<opset="icmp_ln364/1 "/>
</bind>
</comp>

<comp id="300" class="1004" name="add_ln364_fu_300">
<pin_list>
<pin id="301" dir="0" index="0" bw="5" slack="0"/>
<pin id="302" dir="0" index="1" bw="1" slack="0"/>
<pin id="303" dir="1" index="2" bw="5" slack="0"/>
</pin_list>
<bind>
<opcode="add(8) " fcode="add"/>
<opset="add_ln364/1 "/>
</bind>
</comp>

<comp id="306" class="1004" name="zext_ln364_fu_306">
<pin_list>
<pin id="307" dir="0" index="0" bw="5" slack="0"/>
<pin id="308" dir="1" index="1" bw="64" slack="0"/>
</pin_list>
<bind>
<opcode="zext(34) " fcode="zext"/>
<opset="zext_ln364/1 "/>
</bind>
</comp>

<comp id="326" class="1004" name="store_ln364_store_fu_326">
<pin_list>
<pin id="327" dir="0" index="0" bw="5" slack="0"/>
<pin id="328" dir="0" index="1" bw="5" slack="0"/>
<pin id="329" dir="1" index="2" bw="0" slack="2147483647"/>
</pin_list>
<bind>
<opcode="store(28) " fcode="store"/>
<opset="store_ln364/1 "/>
</bind>
</comp>

<comp id="331" class="1005" name="k_reg_331">
<pin_list>
<pin id="332" dir="0" index="0" bw="5" slack="0"/>
<pin id="333" dir="1" index="1" bw="5" slack="0"/>
</pin_list>
<bind>
<opset="k "/>
</bind>
</comp>

</comp_list>

<net_list>
<net id="61"><net_src comp="32" pin="0"/><net_sink comp="58" pin=0"/></net>

<net id="67"><net_src comp="0" pin="0"/><net_sink comp="62" pin=0"/></net>

<net id="68"><net_src comp="56" pin="0"/><net_sink comp="62" pin=1"/></net>

<net id="74"><net_src comp="16" pin="0"/><net_sink comp="69" pin=0"/></net>

<net id="75"><net_src comp="56" pin="0"/><net_sink comp="69" pin=1"/></net>

<net id="81"><net_src comp="2" pin="0"/><net_sink comp="76" pin=0"/></net>

<net id="82"><net_src comp="56" pin="0"/><net_sink comp="76" pin=1"/></net>

<net id="88"><net_src comp="18" pin="0"/><net_sink comp="83" pin=0"/></net>

<net id="89"><net_src comp="56" pin="0"/><net_sink comp="83" pin=1"/></net>

<net id="95"><net_src comp="4" pin="0"/><net_sink comp="90" pin=0"/></net>

<net id="96"><net_src comp="56" pin="0"/><net_sink comp="90" pin=1"/></net>

<net id="102"><net_src comp="20" pin="0"/><net_sink comp="97" pin=0"/></net>

<net id="103"><net_src comp="56" pin="0"/><net_sink comp="97" pin=1"/></net>

<net id="109"><net_src comp="6" pin="0"/><net_sink comp="104" pin=0"/></net>

<net id="110"><net_src comp="56" pin="0"/><net_sink comp="104" pin=1"/></net>

<net id="116"><net_src comp="22" pin="0"/><net_sink comp="111" pin=0"/></net>

<net id="117"><net_src comp="56" pin="0"/><net_sink comp="111" pin=1"/></net>

<net id="123"><net_src comp="8" pin="0"/><net_sink comp="118" pin=0"/></net>

<net id="124"><net_src comp="56" pin="0"/><net_sink comp="118" pin=1"/></net>

<net id="130"><net_src comp="24" pin="0"/><net_sink comp="125" pin=0"/></net>

<net id="131"><net_src comp="56" pin="0"/><net_sink comp="125" pin=1"/></net>

<net id="137"><net_src comp="10" pin="0"/><net_sink comp="132" pin=0"/></net>

<net id="138"><net_src comp="56" pin="0"/><net_sink comp="132" pin=1"/></net>

<net id="144"><net_src comp="26" pin="0"/><net_sink comp="139" pin=0"/></net>

<net id="145"><net_src comp="56" pin="0"/><net_sink comp="139" pin=1"/></net>

<net id="151"><net_src comp="12" pin="0"/><net_sink comp="146" pin=0"/></net>

<net id="152"><net_src comp="56" pin="0"/><net_sink comp="146" pin=1"/></net>

<net id="158"><net_src comp="28" pin="0"/><net_sink comp="153" pin=0"/></net>

<net id="159"><net_src comp="56" pin="0"/><net_sink comp="153" pin=1"/></net>

<net id="165"><net_src comp="14" pin="0"/><net_sink comp="160" pin=0"/></net>

<net id="166"><net_src comp="56" pin="0"/><net_sink comp="160" pin=1"/></net>

<net id="172"><net_src comp="42" pin="0"/><net_sink comp="167" pin=1"/></net>

<net id="173"><net_src comp="62" pin="3"/><net_sink comp="167" pin=0"/></net>

<net id="179"><net_src comp="42" pin="0"/><net_sink comp="174" pin=1"/></net>

<net id="180"><net_src comp="76" pin="3"/><net_sink comp="174" pin=0"/></net>

<net id="186"><net_src comp="42" pin="0"/><net_sink comp="181" pin=1"/></net>

<net id="187"><net_src comp="90" pin="3"/><net_sink comp="181" pin=0"/></net>

<net id="193"><net_src comp="42" pin="0"/><net_sink comp="188" pin=1"/></net>

<net id="194"><net_src comp="104" pin="3"/><net_sink comp="188" pin=0"/></net>

<net id="200"><net_src comp="42" pin="0"/><net_sink comp="195" pin=1"/></net>

<net id="201"><net_src comp="118" pin="3"/><net_sink comp="195" pin=0"/></net>

<net id="207"><net_src comp="42" pin="0"/><net_sink comp="202" pin=1"/></net>

<net id="208"><net_src comp="132" pin="3"/><net_sink comp="202" pin=0"/></net>

<net id="214"><net_src comp="42" pin="0"/><net_sink comp="209" pin=1"/></net>

<net id="215"><net_src comp="146" pin="3"/><net_sink comp="209" pin=0"/></net>

<net id="221"><net_src comp="42" pin="0"/><net_sink comp="216" pin=1"/></net>

<net id="222"><net_src comp="160" pin="3"/><net_sink comp="216" pin=0"/></net>

<net id="228"><net_src comp="30" pin="0"/><net_sink comp="223" pin=0"/></net>

<net id="229"><net_src comp="56" pin="0"/><net_sink comp="223" pin=1"/></net>

<net id="235"><net_src comp="42" pin="0"/><net_sink comp="230" pin=1"/></net>

<net id="236"><net_src comp="69" pin="3"/><net_sink comp="230" pin=0"/></net>

<net id="242"><net_src comp="42" pin="0"/><net_sink comp="237" pin=1"/></net>

<net id="243"><net_src comp="83" pin="3"/><net_sink comp="237" pin=0"/></net>

<net id="249"><net_src comp="42" pin="0"/><net_sink comp="244" pin=1"/></net>

<net id="250"><net_src comp="97" pin="3"/><net_sink comp="244" pin=0"/></net>

<net id="256"><net_src comp="42" pin="0"/><net_sink comp="251" pin=1"/></net>

<net id="257"><net_src comp="111" pin="3"/><net_sink comp="251" pin=0"/></net>

<net id="263"><net_src comp="42" pin="0"/><net_sink comp="258" pin=1"/></net>

<net id="264"><net_src comp="125" pin="3"/><net_sink comp="258" pin=0"/></net>

<net id="270"><net_src comp="42" pin="0"/><net_sink comp="265" pin=1"/></net>

<net id="271"><net_src comp="139" pin="3"/><net_sink comp="265" pin=0"/></net>

<net id="277"><net_src comp="42" pin="0"/><net_sink comp="272" pin=1"/></net>

<net id="278"><net_src comp="153" pin="3"/><net_sink comp="272" pin=0"/></net>

<net id="284"><net_src comp="42" pin="0"/><net_sink comp="279" pin=1"/></net>

<net id="285"><net_src comp="223" pin="3"/><net_sink comp="279" pin=0"/></net>

<net id="290"><net_src comp="34" pin="0"/><net_sink comp="286" pin=0"/></net>

<net id="298"><net_src comp="291" pin="1"/><net_sink comp="294" pin=0"/></net>

<net id="299"><net_src comp="36" pin="0"/><net_sink comp="294" pin=1"/></net>

<net id="304"><net_src comp="291" pin="1"/><net_sink comp="300" pin=0"/></net>

<net id="305"><net_src comp="38" pin="0"/><net_sink comp="300" pin=1"/></net>

<net id="309"><net_src comp="291" pin="1"/><net_sink comp="306" pin=0"/></net>

<net id="310"><net_src comp="306" pin="1"/><net_sink comp="62" pin=2"/></net>

<net id="311"><net_src comp="306" pin="1"/><net_sink comp="69" pin=2"/></net>

<net id="312"><net_src comp="306" pin="1"/><net_sink comp="76" pin=2"/></net>

<net id="313"><net_src comp="306" pin="1"/><net_sink comp="83" pin=2"/></net>

<net id="314"><net_src comp="306" pin="1"/><net_sink comp="90" pin=2"/></net>

<net id="315"><net_src comp="306" pin="1"/><net_sink comp="97" pin=2"/></net>

<net id="316"><net_src comp="306" pin="1"/><net_sink comp="104" pin=2"/></net>

<net id="317"><net_src comp="306" pin="1"/><net_sink comp="111" pin=2"/></net>

<net id="318"><net_src comp="306" pin="1"/><net_sink comp="118" pin=2"/></net>

<net id="319"><net_src comp="306" pin="1"/><net_sink comp="125" pin=2"/></net>

<net id="320"><net_src comp="306" pin="1"/><net_sink comp="132" pin=2"/></net>

<net id="321"><net_src comp="306" pin="1"/><net_sink comp="139" pin=2"/></net>

<net id="322"><net_src comp="306" pin="1"/><net_sink comp="146" pin=2"/></net>

<net id="323"><net_src comp="306" pin="1"/><net_sink comp="153" pin=2"/></net>

<net id="324"><net_src comp="306" pin="1"/><net_sink comp="160" pin=2"/></net>

<net id="325"><net_src comp="306" pin="1"/><net_sink comp="223" pin=2"/></net>

<net id="330"><net_src comp="300" pin="2"/><net_sink comp="326" pin=0"/></net>

<net id="334"><net_src comp="58" pin="1"/><net_sink comp="331" pin=0"/></net>

<net id="335"><net_src comp="331" pin="1"/><net_sink comp="286" pin=1"/></net>

<net id="336"><net_src comp="331" pin="1"/><net_sink comp="291" pin=0"/></net>

<net id="337"><net_src comp="331" pin="1"/><net_sink comp="326" pin=1"/></net>

</net_list>

</model> 
---------------- Datapath Model END ------------------

* FSMD analyzer results:
  - Output states:
	Port: p_anonymous_namespace_g_core_state_admm_z_x_0 | {1 }
	Port: p_anonymous_namespace_g_core_state_admm_z_x_1 | {1 }
	Port: p_anonymous_namespace_g_core_state_admm_z_x_2 | {1 }
	Port: p_anonymous_namespace_g_core_state_admm_z_x_3 | {1 }
	Port: p_anonymous_namespace_g_core_state_admm_z_x_4 | {1 }
	Port: p_anonymous_namespace_g_core_state_admm_z_x_5 | {1 }
	Port: p_anonymous_namespace_g_core_state_admm_z_x_6 | {1 }
	Port: p_anonymous_namespace_g_core_state_admm_z_x_7 | {1 }
	Port: p_anonymous_namespace_g_core_state_admm_y_x_0 | {1 }
	Port: p_anonymous_namespace_g_core_state_admm_y_x_1 | {1 }
	Port: p_anonymous_namespace_g_core_state_admm_y_x_2 | {1 }
	Port: p_anonymous_namespace_g_core_state_admm_y_x_3 | {1 }
	Port: p_anonymous_namespace_g_core_state_admm_y_x_4 | {1 }
	Port: p_anonymous_namespace_g_core_state_admm_y_x_5 | {1 }
	Port: p_anonymous_namespace_g_core_state_admm_y_x_6 | {1 }
	Port: p_anonymous_namespace_g_core_state_admm_y_x_7 | {1 }
 - Input state : 
	Port: (anonymous namespace)mpc_fpga_compute_core_Pipeline_VITIS_LOOP_364_1 : p_anonymous_namespace_g_core_state_admm_z_x_0 | {}
	Port: (anonymous namespace)mpc_fpga_compute_core_Pipeline_VITIS_LOOP_364_1 : p_anonymous_namespace_g_core_state_admm_z_x_1 | {}
	Port: (anonymous namespace)mpc_fpga_compute_core_Pipeline_VITIS_LOOP_364_1 : p_anonymous_namespace_g_core_state_admm_z_x_2 | {}
	Port: (anonymous namespace)mpc_fpga_compute_core_Pipeline_VITIS_LOOP_364_1 : p_anonymous_namespace_g_core_state_admm_z_x_3 | {}
	Port: (anonymous namespace)mpc_fpga_compute_core_Pipeline_VITIS_LOOP_364_1 : p_anonymous_namespace_g_core_state_admm_z_x_4 | {}
	Port: (anonymous namespace)mpc_fpga_compute_core_Pipeline_VITIS_LOOP_364_1 : p_anonymous_namespace_g_core_state_admm_z_x_5 | {}
	Port: (anonymous namespace)mpc_fpga_compute_core_Pipeline_VITIS_LOOP_364_1 : p_anonymous_namespace_g_core_state_admm_z_x_6 | {}
	Port: (anonymous namespace)mpc_fpga_compute_core_Pipeline_VITIS_LOOP_364_1 : p_anonymous_namespace_g_core_state_admm_z_x_7 | {}
	Port: (anonymous namespace)mpc_fpga_compute_core_Pipeline_VITIS_LOOP_364_1 : p_anonymous_namespace_g_core_state_admm_y_x_0 | {}
	Port: (anonymous namespace)mpc_fpga_compute_core_Pipeline_VITIS_LOOP_364_1 : p_anonymous_namespace_g_core_state_admm_y_x_1 | {}
	Port: (anonymous namespace)mpc_fpga_compute_core_Pipeline_VITIS_LOOP_364_1 : p_anonymous_namespace_g_core_state_admm_y_x_2 | {}
	Port: (anonymous namespace)mpc_fpga_compute_core_Pipeline_VITIS_LOOP_364_1 : p_anonymous_namespace_g_core_state_admm_y_x_3 | {}
	Port: (anonymous namespace)mpc_fpga_compute_core_Pipeline_VITIS_LOOP_364_1 : p_anonymous_namespace_g_core_state_admm_y_x_4 | {}
	Port: (anonymous namespace)mpc_fpga_compute_core_Pipeline_VITIS_LOOP_364_1 : p_anonymous_namespace_g_core_state_admm_y_x_5 | {}
	Port: (anonymous namespace)mpc_fpga_compute_core_Pipeline_VITIS_LOOP_364_1 : p_anonymous_namespace_g_core_state_admm_y_x_6 | {}
	Port: (anonymous namespace)mpc_fpga_compute_core_Pipeline_VITIS_LOOP_364_1 : p_anonymous_namespace_g_core_state_admm_y_x_7 | {}
  - Chain level:
	State 1
		store_ln364 : 1
		k_17 : 1
		icmp_ln364 : 2
		add_ln364 : 2
		br_ln364 : 3
		zext_ln364 : 2
		p_anonymous_namespace_g_core_state_admm_z_x_0_addr : 3
		p_anonymous_namespace_g_core_state_admm_y_x_0_addr : 3
		p_anonymous_namespace_g_core_state_admm_z_x_1_addr : 3
		p_anonymous_namespace_g_core_state_admm_y_x_1_addr : 3
		p_anonymous_namespace_g_core_state_admm_z_x_2_addr : 3
		p_anonymous_namespace_g_core_state_admm_y_x_2_addr : 3
		p_anonymous_namespace_g_core_state_admm_z_x_3_addr : 3
		p_anonymous_namespace_g_core_state_admm_y_x_3_addr : 3
		p_anonymous_namespace_g_core_state_admm_z_x_4_addr : 3
		p_anonymous_namespace_g_core_state_admm_y_x_4_addr : 3
		p_anonymous_namespace_g_core_state_admm_z_x_5_addr : 3
		p_anonymous_namespace_g_core_state_admm_y_x_5_addr : 3
		p_anonymous_namespace_g_core_state_admm_z_x_6_addr : 3
		p_anonymous_namespace_g_core_state_admm_y_x_6_addr : 3
		p_anonymous_namespace_g_core_state_admm_z_x_7_addr : 3
		store_ln367 : 4
		store_ln367 : 4
		store_ln367 : 4
		store_ln367 : 4
		store_ln367 : 4
		store_ln367 : 4
		store_ln367 : 4
		store_ln367 : 4
		p_anonymous_namespace_g_core_state_admm_y_x_7_addr : 3
		store_ln368 : 4
		store_ln368 : 4
		store_ln368 : 4
		store_ln368 : 4
		store_ln368 : 4
		store_ln368 : 4
		store_ln368 : 4
		store_ln368 : 4
		store_ln364 : 3


============================================================
+ Verbose Summary: Datapath Resource usage 
============================================================

* Functional unit list:
|----------|-------------------|---------|---------|
| Operation|  Functional Unit  |    FF   |   LUT   |
|----------|-------------------|---------|---------|
|   icmp   | icmp_ln364_fu_294 |    0    |    12   |
|----------|-------------------|---------|---------|
|    add   |  add_ln364_fu_300 |    0    |    12   |
|----------|-------------------|---------|---------|
|   zext   | zext_ln364_fu_306 |    0    |    0    |
|----------|-------------------|---------|---------|
|   Total  |                   |    0    |    24   |
|----------|-------------------|---------|---------|

Memories:
N/A

* Register list:
+---------+--------+
|         |   FF   |
+---------+--------+
|k_reg_331|    5   |
+---------+--------+
|  Total  |    5   |
+---------+--------+

* Multiplexer (MUX) list: 
|--------|------|------|------|--------|
|  Comp  |  Pin | Size |  BW  | S x BW |
|--------|------|------|------|--------|
|  Total |      |      |      |    0   |
|--------|------|------|------|--------|



* Summary:
+-----------+--------+--------+
|           |   FF   |   LUT  |
+-----------+--------+--------+
|  Function |    0   |   24   |
|   Memory  |    -   |    -   |
|Multiplexer|    -   |    -   |
|  Register |    5   |    -   |
+-----------+--------+--------+
|   Total   |    5   |   24   |
+-----------+--------+--------+
