

================================================================
== Vitis HLS Report for 'p_anonymous_namespace_unpack_input_lane_words'
================================================================
* Date:           Thu Jun 11 16:06:47 2026

* Version:        2025.2 (Build 6295257 on Nov 14 2025)
* Project:        mpc_fpga_top_opencl
* Solution:       hls (Vitis Kernel Flow Target)
* Product family: zynquplus
* Target device:  xck26-sfvc784-2LV-c


================================================================
== Performance Estimates
================================================================
+ Timing: 
    * Summary: 
    +--------+---------+----------+------------+
    |  Clock |  Target | Estimated| Uncertainty|
    +--------+---------+----------+------------+
    |ap_clk  |  5.00 ns|  4.500 ns|     0.50 ns|
    +--------+---------+----------+------------+

+ Latency: 
    * Summary: 
    +---------+---------+----------+----------+-----+-----+---------+
    |  Latency (cycles) |  Latency (absolute) |  Interval | Pipeline|
    |   min   |   max   |    min   |    max   | min | max |   Type  |
    +---------+---------+----------+----------+-----+-----+---------+
    |       86|       86|  0.430 us|  0.430 us|   86|   86|       no|
    +---------+---------+----------+----------+-----+-----+---------+

    + Detail: 
        * Instance: 
        +-----------------------------------------------------------------------------------+-------------------------------------------------------------------------+---------+---------+-----------+-----------+-----+-----+-------------------+
        |                                                                                   |                                                                         |  Latency (cycles) |   Latency (absolute)  |  Interval |      Pipeline     |
        |                                      Instance                                     |                                  Module                                 |   min   |   max   |    min    |    max    | min | max |        Type       |
        +-----------------------------------------------------------------------------------+-------------------------------------------------------------------------+---------+---------+-----------+-----------+-----+-----+-------------------+
        |grp_p_anonymous_namespace_unpack_input_lane_words_Pipeline_VITIS_LOOP_213_1_fu_83  |p_anonymous_namespace_unpack_input_lane_words_Pipeline_VITIS_LOOP_213_1  |       14|       14|  70.000 ns|  70.000 ns|    0|    0|  loop pipeline stp|
        +-----------------------------------------------------------------------------------+-------------------------------------------------------------------------+---------+---------+-----------+-----------+-----+-----+-------------------+

        * Loop: 
        N/A

============================================================
+ Verbose Summary: Synthesis Manager
============================================================
InlineROM: 1
ExposeGlobal: 0
============================================================
+ Verbose Summary: CDFG Model
============================================================
IsTopModel: 0
ResetActiveHigh: 1
IsCombinational: 0
IsDatapathOnly: 0
HasWiredReturn: 1
HasMFsm: 0
HasVarLatency: 1
IsPipeline: 0
IsRtlPipelined: 0
IsInstanceOverlapped: 0
IsDontTouch: 0
HasImplIP: 0
IsGatedGlobalClock: 0


============================================================
+ Verbose Summary: Schedule
============================================================
* Number of FSM states : 73
* Pipeline : 0
* Dataflow Pipeline: 0

* FSM state transitions: 
1 --> 2 
2 --> 3 
3 --> 4 
4 --> 5 
5 --> 6 
6 --> 7 
7 --> 8 
8 --> 9 
9 --> 10 
10 --> 11 
11 --> 12 
12 --> 13 
13 --> 14 
14 --> 15 
15 --> 16 
16 --> 17 
17 --> 18 
18 --> 19 
19 --> 20 
20 --> 21 
21 --> 22 
22 --> 23 
23 --> 24 
24 --> 25 
25 --> 26 
26 --> 27 
27 --> 28 
28 --> 29 
29 --> 30 
30 --> 31 
31 --> 32 
32 --> 33 
33 --> 34 
34 --> 35 
35 --> 36 
36 --> 37 
37 --> 38 
38 --> 39 
39 --> 40 
40 --> 41 
41 --> 42 
42 --> 43 
43 --> 44 
44 --> 45 
45 --> 46 
46 --> 47 
47 --> 48 
48 --> 49 
49 --> 50 
50 --> 51 
51 --> 52 
52 --> 53 
53 --> 54 
54 --> 55 
55 --> 56 
56 --> 57 
57 --> 58 
58 --> 59 
59 --> 60 
60 --> 61 
61 --> 62 
62 --> 63 
63 --> 64 
64 --> 65 
65 --> 66 
66 --> 67 
67 --> 68 
68 --> 69 
69 --> 70 
70 --> 71 
71 --> 72 
72 --> 73 
73 --> 

* FSM state operations: 

State 1 <SV = 0> <Delay = 4.50>
ST_1 : Operation 74 [1/1] (0.00ns)   --->   "%input_words512_read = read i64 @_ssdm_op_Read.ap_auto.i64, i64 %input_words512" [../src/mpc_fpga_top.cpp:209]   --->   Operation 74 'read' 'input_words512_read' <Predicate = true> <Delay = 0.00>
ST_1 : Operation 75 [1/1] (0.00ns)   --->   "%trunc_ln = partselect i58 @_ssdm_op_PartSelect.i58.i64.i32.i32, i64 %input_words512_read, i32 6, i32 63" [../src/mpc_fpga_top.cpp:213]   --->   Operation 75 'partselect' 'trunc_ln' <Predicate = true> <Delay = 0.00>
ST_1 : Operation 76 [1/1] (0.00ns)   --->   "%sext_ln213 = sext i58 %trunc_ln" [../src/mpc_fpga_top.cpp:213]   --->   Operation 76 'sext' 'sext_ln213' <Predicate = true> <Delay = 0.00>
ST_1 : Operation 77 [1/1] (0.00ns)   --->   "%gmem0_addr = getelementptr i512 %gmem0, i64 %sext_ln213" [../src/mpc_fpga_top.cpp:213]   --->   Operation 77 'getelementptr' 'gmem0_addr' <Predicate = true> <Delay = 0.00>
ST_1 : Operation 78 [71/71] (4.50ns)   --->   "%empty = readreq i1 @_ssdm_op_ReadReq.m_axi.p1i512, i512 %gmem0_addr, i64 11" [../src/mpc_fpga_top.cpp:213]   --->   Operation 78 'readreq' 'empty' <Predicate = true> <Delay = 4.50> <CoreInst = "m_axi">   --->   Core 119 'm_axi' <Latency = 6> <II = 1> <Delay = 1.00> <Adapter> <Opcode : 'readrequnaligned' 'writerequnaligned' 'read' 'write' 'readreq' 'writereq' 'writeresp'>

State 2 <SV = 1> <Delay = 0.00>
ST_2 : Operation 79 [70/71] (4.50ns)   --->   "%empty = readreq i1 @_ssdm_op_ReadReq.m_axi.p1i512, i512 %gmem0_addr, i64 11" [../src/mpc_fpga_top.cpp:213]   --->   Operation 79 'readreq' 'empty' <Predicate = true> <Delay = 4.50> <CoreInst = "m_axi">   --->   Core 119 'm_axi' <Latency = 6> <II = 1> <Delay = 1.00> <Adapter> <Opcode : 'readrequnaligned' 'writerequnaligned' 'read' 'write' 'readreq' 'writereq' 'writeresp'>

State 3 <SV = 2> <Delay = 0.00>
ST_3 : Operation 80 [69/71] (4.50ns)   --->   "%empty = readreq i1 @_ssdm_op_ReadReq.m_axi.p1i512, i512 %gmem0_addr, i64 11" [../src/mpc_fpga_top.cpp:213]   --->   Operation 80 'readreq' 'empty' <Predicate = true> <Delay = 4.50> <CoreInst = "m_axi">   --->   Core 119 'm_axi' <Latency = 6> <II = 1> <Delay = 1.00> <Adapter> <Opcode : 'readrequnaligned' 'writerequnaligned' 'read' 'write' 'readreq' 'writereq' 'writeresp'>

State 4 <SV = 3> <Delay = 0.00>
ST_4 : Operation 81 [68/71] (4.50ns)   --->   "%empty = readreq i1 @_ssdm_op_ReadReq.m_axi.p1i512, i512 %gmem0_addr, i64 11" [../src/mpc_fpga_top.cpp:213]   --->   Operation 81 'readreq' 'empty' <Predicate = true> <Delay = 4.50> <CoreInst = "m_axi">   --->   Core 119 'm_axi' <Latency = 6> <II = 1> <Delay = 1.00> <Adapter> <Opcode : 'readrequnaligned' 'writerequnaligned' 'read' 'write' 'readreq' 'writereq' 'writeresp'>

State 5 <SV = 4> <Delay = 0.00>
ST_5 : Operation 82 [67/71] (4.50ns)   --->   "%empty = readreq i1 @_ssdm_op_ReadReq.m_axi.p1i512, i512 %gmem0_addr, i64 11" [../src/mpc_fpga_top.cpp:213]   --->   Operation 82 'readreq' 'empty' <Predicate = true> <Delay = 4.50> <CoreInst = "m_axi">   --->   Core 119 'm_axi' <Latency = 6> <II = 1> <Delay = 1.00> <Adapter> <Opcode : 'readrequnaligned' 'writerequnaligned' 'read' 'write' 'readreq' 'writereq' 'writeresp'>

State 6 <SV = 5> <Delay = 0.00>
ST_6 : Operation 83 [66/71] (4.50ns)   --->   "%empty = readreq i1 @_ssdm_op_ReadReq.m_axi.p1i512, i512 %gmem0_addr, i64 11" [../src/mpc_fpga_top.cpp:213]   --->   Operation 83 'readreq' 'empty' <Predicate = true> <Delay = 4.50> <CoreInst = "m_axi">   --->   Core 119 'm_axi' <Latency = 6> <II = 1> <Delay = 1.00> <Adapter> <Opcode : 'readrequnaligned' 'writerequnaligned' 'read' 'write' 'readreq' 'writereq' 'writeresp'>

State 7 <SV = 6> <Delay = 0.00>
ST_7 : Operation 84 [65/71] (4.50ns)   --->   "%empty = readreq i1 @_ssdm_op_ReadReq.m_axi.p1i512, i512 %gmem0_addr, i64 11" [../src/mpc_fpga_top.cpp:213]   --->   Operation 84 'readreq' 'empty' <Predicate = true> <Delay = 4.50> <CoreInst = "m_axi">   --->   Core 119 'm_axi' <Latency = 6> <II = 1> <Delay = 1.00> <Adapter> <Opcode : 'readrequnaligned' 'writerequnaligned' 'read' 'write' 'readreq' 'writereq' 'writeresp'>

State 8 <SV = 7> <Delay = 0.00>
ST_8 : Operation 85 [64/71] (4.50ns)   --->   "%empty = readreq i1 @_ssdm_op_ReadReq.m_axi.p1i512, i512 %gmem0_addr, i64 11" [../src/mpc_fpga_top.cpp:213]   --->   Operation 85 'readreq' 'empty' <Predicate = true> <Delay = 4.50> <CoreInst = "m_axi">   --->   Core 119 'm_axi' <Latency = 6> <II = 1> <Delay = 1.00> <Adapter> <Opcode : 'readrequnaligned' 'writerequnaligned' 'read' 'write' 'readreq' 'writereq' 'writeresp'>

State 9 <SV = 8> <Delay = 0.00>
ST_9 : Operation 86 [63/71] (4.50ns)   --->   "%empty = readreq i1 @_ssdm_op_ReadReq.m_axi.p1i512, i512 %gmem0_addr, i64 11" [../src/mpc_fpga_top.cpp:213]   --->   Operation 86 'readreq' 'empty' <Predicate = true> <Delay = 4.50> <CoreInst = "m_axi">   --->   Core 119 'm_axi' <Latency = 6> <II = 1> <Delay = 1.00> <Adapter> <Opcode : 'readrequnaligned' 'writerequnaligned' 'read' 'write' 'readreq' 'writereq' 'writeresp'>

State 10 <SV = 9> <Delay = 0.00>
ST_10 : Operation 87 [62/71] (4.50ns)   --->   "%empty = readreq i1 @_ssdm_op_ReadReq.m_axi.p1i512, i512 %gmem0_addr, i64 11" [../src/mpc_fpga_top.cpp:213]   --->   Operation 87 'readreq' 'empty' <Predicate = true> <Delay = 4.50> <CoreInst = "m_axi">   --->   Core 119 'm_axi' <Latency = 6> <II = 1> <Delay = 1.00> <Adapter> <Opcode : 'readrequnaligned' 'writerequnaligned' 'read' 'write' 'readreq' 'writereq' 'writeresp'>

State 11 <SV = 10> <Delay = 0.00>
ST_11 : Operation 88 [61/71] (4.50ns)   --->   "%empty = readreq i1 @_ssdm_op_ReadReq.m_axi.p1i512, i512 %gmem0_addr, i64 11" [../src/mpc_fpga_top.cpp:213]   --->   Operation 88 'readreq' 'empty' <Predicate = true> <Delay = 4.50> <CoreInst = "m_axi">   --->   Core 119 'm_axi' <Latency = 6> <II = 1> <Delay = 1.00> <Adapter> <Opcode : 'readrequnaligned' 'writerequnaligned' 'read' 'write' 'readreq' 'writereq' 'writeresp'>

State 12 <SV = 11> <Delay = 0.00>
ST_12 : Operation 89 [60/71] (4.50ns)   --->   "%empty = readreq i1 @_ssdm_op_ReadReq.m_axi.p1i512, i512 %gmem0_addr, i64 11" [../src/mpc_fpga_top.cpp:213]   --->   Operation 89 'readreq' 'empty' <Predicate = true> <Delay = 4.50> <CoreInst = "m_axi">   --->   Core 119 'm_axi' <Latency = 6> <II = 1> <Delay = 1.00> <Adapter> <Opcode : 'readrequnaligned' 'writerequnaligned' 'read' 'write' 'readreq' 'writereq' 'writeresp'>

State 13 <SV = 12> <Delay = 0.00>
ST_13 : Operation 90 [59/71] (4.50ns)   --->   "%empty = readreq i1 @_ssdm_op_ReadReq.m_axi.p1i512, i512 %gmem0_addr, i64 11" [../src/mpc_fpga_top.cpp:213]   --->   Operation 90 'readreq' 'empty' <Predicate = true> <Delay = 4.50> <CoreInst = "m_axi">   --->   Core 119 'm_axi' <Latency = 6> <II = 1> <Delay = 1.00> <Adapter> <Opcode : 'readrequnaligned' 'writerequnaligned' 'read' 'write' 'readreq' 'writereq' 'writeresp'>

State 14 <SV = 13> <Delay = 0.00>
ST_14 : Operation 91 [58/71] (4.50ns)   --->   "%empty = readreq i1 @_ssdm_op_ReadReq.m_axi.p1i512, i512 %gmem0_addr, i64 11" [../src/mpc_fpga_top.cpp:213]   --->   Operation 91 'readreq' 'empty' <Predicate = true> <Delay = 4.50> <CoreInst = "m_axi">   --->   Core 119 'm_axi' <Latency = 6> <II = 1> <Delay = 1.00> <Adapter> <Opcode : 'readrequnaligned' 'writerequnaligned' 'read' 'write' 'readreq' 'writereq' 'writeresp'>

State 15 <SV = 14> <Delay = 0.00>
ST_15 : Operation 92 [57/71] (4.50ns)   --->   "%empty = readreq i1 @_ssdm_op_ReadReq.m_axi.p1i512, i512 %gmem0_addr, i64 11" [../src/mpc_fpga_top.cpp:213]   --->   Operation 92 'readreq' 'empty' <Predicate = true> <Delay = 4.50> <CoreInst = "m_axi">   --->   Core 119 'm_axi' <Latency = 6> <II = 1> <Delay = 1.00> <Adapter> <Opcode : 'readrequnaligned' 'writerequnaligned' 'read' 'write' 'readreq' 'writereq' 'writeresp'>

State 16 <SV = 15> <Delay = 0.00>
ST_16 : Operation 93 [56/71] (4.50ns)   --->   "%empty = readreq i1 @_ssdm_op_ReadReq.m_axi.p1i512, i512 %gmem0_addr, i64 11" [../src/mpc_fpga_top.cpp:213]   --->   Operation 93 'readreq' 'empty' <Predicate = true> <Delay = 4.50> <CoreInst = "m_axi">   --->   Core 119 'm_axi' <Latency = 6> <II = 1> <Delay = 1.00> <Adapter> <Opcode : 'readrequnaligned' 'writerequnaligned' 'read' 'write' 'readreq' 'writereq' 'writeresp'>

State 17 <SV = 16> <Delay = 0.00>
ST_17 : Operation 94 [55/71] (4.50ns)   --->   "%empty = readreq i1 @_ssdm_op_ReadReq.m_axi.p1i512, i512 %gmem0_addr, i64 11" [../src/mpc_fpga_top.cpp:213]   --->   Operation 94 'readreq' 'empty' <Predicate = true> <Delay = 4.50> <CoreInst = "m_axi">   --->   Core 119 'm_axi' <Latency = 6> <II = 1> <Delay = 1.00> <Adapter> <Opcode : 'readrequnaligned' 'writerequnaligned' 'read' 'write' 'readreq' 'writereq' 'writeresp'>

State 18 <SV = 17> <Delay = 0.00>
ST_18 : Operation 95 [54/71] (4.50ns)   --->   "%empty = readreq i1 @_ssdm_op_ReadReq.m_axi.p1i512, i512 %gmem0_addr, i64 11" [../src/mpc_fpga_top.cpp:213]   --->   Operation 95 'readreq' 'empty' <Predicate = true> <Delay = 4.50> <CoreInst = "m_axi">   --->   Core 119 'm_axi' <Latency = 6> <II = 1> <Delay = 1.00> <Adapter> <Opcode : 'readrequnaligned' 'writerequnaligned' 'read' 'write' 'readreq' 'writereq' 'writeresp'>

State 19 <SV = 18> <Delay = 0.00>
ST_19 : Operation 96 [53/71] (4.50ns)   --->   "%empty = readreq i1 @_ssdm_op_ReadReq.m_axi.p1i512, i512 %gmem0_addr, i64 11" [../src/mpc_fpga_top.cpp:213]   --->   Operation 96 'readreq' 'empty' <Predicate = true> <Delay = 4.50> <CoreInst = "m_axi">   --->   Core 119 'm_axi' <Latency = 6> <II = 1> <Delay = 1.00> <Adapter> <Opcode : 'readrequnaligned' 'writerequnaligned' 'read' 'write' 'readreq' 'writereq' 'writeresp'>

State 20 <SV = 19> <Delay = 0.00>
ST_20 : Operation 97 [52/71] (4.50ns)   --->   "%empty = readreq i1 @_ssdm_op_ReadReq.m_axi.p1i512, i512 %gmem0_addr, i64 11" [../src/mpc_fpga_top.cpp:213]   --->   Operation 97 'readreq' 'empty' <Predicate = true> <Delay = 4.50> <CoreInst = "m_axi">   --->   Core 119 'm_axi' <Latency = 6> <II = 1> <Delay = 1.00> <Adapter> <Opcode : 'readrequnaligned' 'writerequnaligned' 'read' 'write' 'readreq' 'writereq' 'writeresp'>

State 21 <SV = 20> <Delay = 0.00>
ST_21 : Operation 98 [51/71] (4.50ns)   --->   "%empty = readreq i1 @_ssdm_op_ReadReq.m_axi.p1i512, i512 %gmem0_addr, i64 11" [../src/mpc_fpga_top.cpp:213]   --->   Operation 98 'readreq' 'empty' <Predicate = true> <Delay = 4.50> <CoreInst = "m_axi">   --->   Core 119 'm_axi' <Latency = 6> <II = 1> <Delay = 1.00> <Adapter> <Opcode : 'readrequnaligned' 'writerequnaligned' 'read' 'write' 'readreq' 'writereq' 'writeresp'>

State 22 <SV = 21> <Delay = 0.00>
ST_22 : Operation 99 [50/71] (4.50ns)   --->   "%empty = readreq i1 @_ssdm_op_ReadReq.m_axi.p1i512, i512 %gmem0_addr, i64 11" [../src/mpc_fpga_top.cpp:213]   --->   Operation 99 'readreq' 'empty' <Predicate = true> <Delay = 4.50> <CoreInst = "m_axi">   --->   Core 119 'm_axi' <Latency = 6> <II = 1> <Delay = 1.00> <Adapter> <Opcode : 'readrequnaligned' 'writerequnaligned' 'read' 'write' 'readreq' 'writereq' 'writeresp'>

State 23 <SV = 22> <Delay = 0.00>
ST_23 : Operation 100 [49/71] (4.50ns)   --->   "%empty = readreq i1 @_ssdm_op_ReadReq.m_axi.p1i512, i512 %gmem0_addr, i64 11" [../src/mpc_fpga_top.cpp:213]   --->   Operation 100 'readreq' 'empty' <Predicate = true> <Delay = 4.50> <CoreInst = "m_axi">   --->   Core 119 'm_axi' <Latency = 6> <II = 1> <Delay = 1.00> <Adapter> <Opcode : 'readrequnaligned' 'writerequnaligned' 'read' 'write' 'readreq' 'writereq' 'writeresp'>

State 24 <SV = 23> <Delay = 0.00>
ST_24 : Operation 101 [48/71] (4.50ns)   --->   "%empty = readreq i1 @_ssdm_op_ReadReq.m_axi.p1i512, i512 %gmem0_addr, i64 11" [../src/mpc_fpga_top.cpp:213]   --->   Operation 101 'readreq' 'empty' <Predicate = true> <Delay = 4.50> <CoreInst = "m_axi">   --->   Core 119 'm_axi' <Latency = 6> <II = 1> <Delay = 1.00> <Adapter> <Opcode : 'readrequnaligned' 'writerequnaligned' 'read' 'write' 'readreq' 'writereq' 'writeresp'>

State 25 <SV = 24> <Delay = 0.00>
ST_25 : Operation 102 [47/71] (4.50ns)   --->   "%empty = readreq i1 @_ssdm_op_ReadReq.m_axi.p1i512, i512 %gmem0_addr, i64 11" [../src/mpc_fpga_top.cpp:213]   --->   Operation 102 'readreq' 'empty' <Predicate = true> <Delay = 4.50> <CoreInst = "m_axi">   --->   Core 119 'm_axi' <Latency = 6> <II = 1> <Delay = 1.00> <Adapter> <Opcode : 'readrequnaligned' 'writerequnaligned' 'read' 'write' 'readreq' 'writereq' 'writeresp'>

State 26 <SV = 25> <Delay = 0.00>
ST_26 : Operation 103 [46/71] (4.50ns)   --->   "%empty = readreq i1 @_ssdm_op_ReadReq.m_axi.p1i512, i512 %gmem0_addr, i64 11" [../src/mpc_fpga_top.cpp:213]   --->   Operation 103 'readreq' 'empty' <Predicate = true> <Delay = 4.50> <CoreInst = "m_axi">   --->   Core 119 'm_axi' <Latency = 6> <II = 1> <Delay = 1.00> <Adapter> <Opcode : 'readrequnaligned' 'writerequnaligned' 'read' 'write' 'readreq' 'writereq' 'writeresp'>

State 27 <SV = 26> <Delay = 0.00>
ST_27 : Operation 104 [45/71] (4.50ns)   --->   "%empty = readreq i1 @_ssdm_op_ReadReq.m_axi.p1i512, i512 %gmem0_addr, i64 11" [../src/mpc_fpga_top.cpp:213]   --->   Operation 104 'readreq' 'empty' <Predicate = true> <Delay = 4.50> <CoreInst = "m_axi">   --->   Core 119 'm_axi' <Latency = 6> <II = 1> <Delay = 1.00> <Adapter> <Opcode : 'readrequnaligned' 'writerequnaligned' 'read' 'write' 'readreq' 'writereq' 'writeresp'>

State 28 <SV = 27> <Delay = 0.00>
ST_28 : Operation 105 [44/71] (4.50ns)   --->   "%empty = readreq i1 @_ssdm_op_ReadReq.m_axi.p1i512, i512 %gmem0_addr, i64 11" [../src/mpc_fpga_top.cpp:213]   --->   Operation 105 'readreq' 'empty' <Predicate = true> <Delay = 4.50> <CoreInst = "m_axi">   --->   Core 119 'm_axi' <Latency = 6> <II = 1> <Delay = 1.00> <Adapter> <Opcode : 'readrequnaligned' 'writerequnaligned' 'read' 'write' 'readreq' 'writereq' 'writeresp'>

State 29 <SV = 28> <Delay = 0.00>
ST_29 : Operation 106 [43/71] (4.50ns)   --->   "%empty = readreq i1 @_ssdm_op_ReadReq.m_axi.p1i512, i512 %gmem0_addr, i64 11" [../src/mpc_fpga_top.cpp:213]   --->   Operation 106 'readreq' 'empty' <Predicate = true> <Delay = 4.50> <CoreInst = "m_axi">   --->   Core 119 'm_axi' <Latency = 6> <II = 1> <Delay = 1.00> <Adapter> <Opcode : 'readrequnaligned' 'writerequnaligned' 'read' 'write' 'readreq' 'writereq' 'writeresp'>

State 30 <SV = 29> <Delay = 0.00>
ST_30 : Operation 107 [42/71] (4.50ns)   --->   "%empty = readreq i1 @_ssdm_op_ReadReq.m_axi.p1i512, i512 %gmem0_addr, i64 11" [../src/mpc_fpga_top.cpp:213]   --->   Operation 107 'readreq' 'empty' <Predicate = true> <Delay = 4.50> <CoreInst = "m_axi">   --->   Core 119 'm_axi' <Latency = 6> <II = 1> <Delay = 1.00> <Adapter> <Opcode : 'readrequnaligned' 'writerequnaligned' 'read' 'write' 'readreq' 'writereq' 'writeresp'>

State 31 <SV = 30> <Delay = 0.00>
ST_31 : Operation 108 [41/71] (4.50ns)   --->   "%empty = readreq i1 @_ssdm_op_ReadReq.m_axi.p1i512, i512 %gmem0_addr, i64 11" [../src/mpc_fpga_top.cpp:213]   --->   Operation 108 'readreq' 'empty' <Predicate = true> <Delay = 4.50> <CoreInst = "m_axi">   --->   Core 119 'm_axi' <Latency = 6> <II = 1> <Delay = 1.00> <Adapter> <Opcode : 'readrequnaligned' 'writerequnaligned' 'read' 'write' 'readreq' 'writereq' 'writeresp'>

State 32 <SV = 31> <Delay = 0.00>
ST_32 : Operation 109 [40/71] (4.50ns)   --->   "%empty = readreq i1 @_ssdm_op_ReadReq.m_axi.p1i512, i512 %gmem0_addr, i64 11" [../src/mpc_fpga_top.cpp:213]   --->   Operation 109 'readreq' 'empty' <Predicate = true> <Delay = 4.50> <CoreInst = "m_axi">   --->   Core 119 'm_axi' <Latency = 6> <II = 1> <Delay = 1.00> <Adapter> <Opcode : 'readrequnaligned' 'writerequnaligned' 'read' 'write' 'readreq' 'writereq' 'writeresp'>

State 33 <SV = 32> <Delay = 0.00>
ST_33 : Operation 110 [39/71] (4.50ns)   --->   "%empty = readreq i1 @_ssdm_op_ReadReq.m_axi.p1i512, i512 %gmem0_addr, i64 11" [../src/mpc_fpga_top.cpp:213]   --->   Operation 110 'readreq' 'empty' <Predicate = true> <Delay = 4.50> <CoreInst = "m_axi">   --->   Core 119 'm_axi' <Latency = 6> <II = 1> <Delay = 1.00> <Adapter> <Opcode : 'readrequnaligned' 'writerequnaligned' 'read' 'write' 'readreq' 'writereq' 'writeresp'>

State 34 <SV = 33> <Delay = 0.00>
ST_34 : Operation 111 [38/71] (4.50ns)   --->   "%empty = readreq i1 @_ssdm_op_ReadReq.m_axi.p1i512, i512 %gmem0_addr, i64 11" [../src/mpc_fpga_top.cpp:213]   --->   Operation 111 'readreq' 'empty' <Predicate = true> <Delay = 4.50> <CoreInst = "m_axi">   --->   Core 119 'm_axi' <Latency = 6> <II = 1> <Delay = 1.00> <Adapter> <Opcode : 'readrequnaligned' 'writerequnaligned' 'read' 'write' 'readreq' 'writereq' 'writeresp'>

State 35 <SV = 34> <Delay = 0.00>
ST_35 : Operation 112 [37/71] (4.50ns)   --->   "%empty = readreq i1 @_ssdm_op_ReadReq.m_axi.p1i512, i512 %gmem0_addr, i64 11" [../src/mpc_fpga_top.cpp:213]   --->   Operation 112 'readreq' 'empty' <Predicate = true> <Delay = 4.50> <CoreInst = "m_axi">   --->   Core 119 'm_axi' <Latency = 6> <II = 1> <Delay = 1.00> <Adapter> <Opcode : 'readrequnaligned' 'writerequnaligned' 'read' 'write' 'readreq' 'writereq' 'writeresp'>

State 36 <SV = 35> <Delay = 0.00>
ST_36 : Operation 113 [36/71] (4.50ns)   --->   "%empty = readreq i1 @_ssdm_op_ReadReq.m_axi.p1i512, i512 %gmem0_addr, i64 11" [../src/mpc_fpga_top.cpp:213]   --->   Operation 113 'readreq' 'empty' <Predicate = true> <Delay = 4.50> <CoreInst = "m_axi">   --->   Core 119 'm_axi' <Latency = 6> <II = 1> <Delay = 1.00> <Adapter> <Opcode : 'readrequnaligned' 'writerequnaligned' 'read' 'write' 'readreq' 'writereq' 'writeresp'>

State 37 <SV = 36> <Delay = 0.00>
ST_37 : Operation 114 [35/71] (4.50ns)   --->   "%empty = readreq i1 @_ssdm_op_ReadReq.m_axi.p1i512, i512 %gmem0_addr, i64 11" [../src/mpc_fpga_top.cpp:213]   --->   Operation 114 'readreq' 'empty' <Predicate = true> <Delay = 4.50> <CoreInst = "m_axi">   --->   Core 119 'm_axi' <Latency = 6> <II = 1> <Delay = 1.00> <Adapter> <Opcode : 'readrequnaligned' 'writerequnaligned' 'read' 'write' 'readreq' 'writereq' 'writeresp'>

State 38 <SV = 37> <Delay = 0.00>
ST_38 : Operation 115 [34/71] (4.50ns)   --->   "%empty = readreq i1 @_ssdm_op_ReadReq.m_axi.p1i512, i512 %gmem0_addr, i64 11" [../src/mpc_fpga_top.cpp:213]   --->   Operation 115 'readreq' 'empty' <Predicate = true> <Delay = 4.50> <CoreInst = "m_axi">   --->   Core 119 'm_axi' <Latency = 6> <II = 1> <Delay = 1.00> <Adapter> <Opcode : 'readrequnaligned' 'writerequnaligned' 'read' 'write' 'readreq' 'writereq' 'writeresp'>

State 39 <SV = 38> <Delay = 0.00>
ST_39 : Operation 116 [33/71] (4.50ns)   --->   "%empty = readreq i1 @_ssdm_op_ReadReq.m_axi.p1i512, i512 %gmem0_addr, i64 11" [../src/mpc_fpga_top.cpp:213]   --->   Operation 116 'readreq' 'empty' <Predicate = true> <Delay = 4.50> <CoreInst = "m_axi">   --->   Core 119 'm_axi' <Latency = 6> <II = 1> <Delay = 1.00> <Adapter> <Opcode : 'readrequnaligned' 'writerequnaligned' 'read' 'write' 'readreq' 'writereq' 'writeresp'>

State 40 <SV = 39> <Delay = 0.00>
ST_40 : Operation 117 [32/71] (4.50ns)   --->   "%empty = readreq i1 @_ssdm_op_ReadReq.m_axi.p1i512, i512 %gmem0_addr, i64 11" [../src/mpc_fpga_top.cpp:213]   --->   Operation 117 'readreq' 'empty' <Predicate = true> <Delay = 4.50> <CoreInst = "m_axi">   --->   Core 119 'm_axi' <Latency = 6> <II = 1> <Delay = 1.00> <Adapter> <Opcode : 'readrequnaligned' 'writerequnaligned' 'read' 'write' 'readreq' 'writereq' 'writeresp'>

State 41 <SV = 40> <Delay = 0.00>
ST_41 : Operation 118 [31/71] (4.50ns)   --->   "%empty = readreq i1 @_ssdm_op_ReadReq.m_axi.p1i512, i512 %gmem0_addr, i64 11" [../src/mpc_fpga_top.cpp:213]   --->   Operation 118 'readreq' 'empty' <Predicate = true> <Delay = 4.50> <CoreInst = "m_axi">   --->   Core 119 'm_axi' <Latency = 6> <II = 1> <Delay = 1.00> <Adapter> <Opcode : 'readrequnaligned' 'writerequnaligned' 'read' 'write' 'readreq' 'writereq' 'writeresp'>

State 42 <SV = 41> <Delay = 0.00>
ST_42 : Operation 119 [30/71] (4.50ns)   --->   "%empty = readreq i1 @_ssdm_op_ReadReq.m_axi.p1i512, i512 %gmem0_addr, i64 11" [../src/mpc_fpga_top.cpp:213]   --->   Operation 119 'readreq' 'empty' <Predicate = true> <Delay = 4.50> <CoreInst = "m_axi">   --->   Core 119 'm_axi' <Latency = 6> <II = 1> <Delay = 1.00> <Adapter> <Opcode : 'readrequnaligned' 'writerequnaligned' 'read' 'write' 'readreq' 'writereq' 'writeresp'>

State 43 <SV = 42> <Delay = 0.00>
ST_43 : Operation 120 [29/71] (4.50ns)   --->   "%empty = readreq i1 @_ssdm_op_ReadReq.m_axi.p1i512, i512 %gmem0_addr, i64 11" [../src/mpc_fpga_top.cpp:213]   --->   Operation 120 'readreq' 'empty' <Predicate = true> <Delay = 4.50> <CoreInst = "m_axi">   --->   Core 119 'm_axi' <Latency = 6> <II = 1> <Delay = 1.00> <Adapter> <Opcode : 'readrequnaligned' 'writerequnaligned' 'read' 'write' 'readreq' 'writereq' 'writeresp'>

State 44 <SV = 43> <Delay = 0.00>
ST_44 : Operation 121 [28/71] (4.50ns)   --->   "%empty = readreq i1 @_ssdm_op_ReadReq.m_axi.p1i512, i512 %gmem0_addr, i64 11" [../src/mpc_fpga_top.cpp:213]   --->   Operation 121 'readreq' 'empty' <Predicate = true> <Delay = 4.50> <CoreInst = "m_axi">   --->   Core 119 'm_axi' <Latency = 6> <II = 1> <Delay = 1.00> <Adapter> <Opcode : 'readrequnaligned' 'writerequnaligned' 'read' 'write' 'readreq' 'writereq' 'writeresp'>

State 45 <SV = 44> <Delay = 0.00>
ST_45 : Operation 122 [27/71] (4.50ns)   --->   "%empty = readreq i1 @_ssdm_op_ReadReq.m_axi.p1i512, i512 %gmem0_addr, i64 11" [../src/mpc_fpga_top.cpp:213]   --->   Operation 122 'readreq' 'empty' <Predicate = true> <Delay = 4.50> <CoreInst = "m_axi">   --->   Core 119 'm_axi' <Latency = 6> <II = 1> <Delay = 1.00> <Adapter> <Opcode : 'readrequnaligned' 'writerequnaligned' 'read' 'write' 'readreq' 'writereq' 'writeresp'>

State 46 <SV = 45> <Delay = 0.00>
ST_46 : Operation 123 [26/71] (4.50ns)   --->   "%empty = readreq i1 @_ssdm_op_ReadReq.m_axi.p1i512, i512 %gmem0_addr, i64 11" [../src/mpc_fpga_top.cpp:213]   --->   Operation 123 'readreq' 'empty' <Predicate = true> <Delay = 4.50> <CoreInst = "m_axi">   --->   Core 119 'm_axi' <Latency = 6> <II = 1> <Delay = 1.00> <Adapter> <Opcode : 'readrequnaligned' 'writerequnaligned' 'read' 'write' 'readreq' 'writereq' 'writeresp'>

State 47 <SV = 46> <Delay = 0.00>
ST_47 : Operation 124 [25/71] (4.50ns)   --->   "%empty = readreq i1 @_ssdm_op_ReadReq.m_axi.p1i512, i512 %gmem0_addr, i64 11" [../src/mpc_fpga_top.cpp:213]   --->   Operation 124 'readreq' 'empty' <Predicate = true> <Delay = 4.50> <CoreInst = "m_axi">   --->   Core 119 'm_axi' <Latency = 6> <II = 1> <Delay = 1.00> <Adapter> <Opcode : 'readrequnaligned' 'writerequnaligned' 'read' 'write' 'readreq' 'writereq' 'writeresp'>

State 48 <SV = 47> <Delay = 0.00>
ST_48 : Operation 125 [24/71] (4.50ns)   --->   "%empty = readreq i1 @_ssdm_op_ReadReq.m_axi.p1i512, i512 %gmem0_addr, i64 11" [../src/mpc_fpga_top.cpp:213]   --->   Operation 125 'readreq' 'empty' <Predicate = true> <Delay = 4.50> <CoreInst = "m_axi">   --->   Core 119 'm_axi' <Latency = 6> <II = 1> <Delay = 1.00> <Adapter> <Opcode : 'readrequnaligned' 'writerequnaligned' 'read' 'write' 'readreq' 'writereq' 'writeresp'>

State 49 <SV = 48> <Delay = 0.00>
ST_49 : Operation 126 [23/71] (4.50ns)   --->   "%empty = readreq i1 @_ssdm_op_ReadReq.m_axi.p1i512, i512 %gmem0_addr, i64 11" [../src/mpc_fpga_top.cpp:213]   --->   Operation 126 'readreq' 'empty' <Predicate = true> <Delay = 4.50> <CoreInst = "m_axi">   --->   Core 119 'm_axi' <Latency = 6> <II = 1> <Delay = 1.00> <Adapter> <Opcode : 'readrequnaligned' 'writerequnaligned' 'read' 'write' 'readreq' 'writereq' 'writeresp'>

State 50 <SV = 49> <Delay = 0.00>
ST_50 : Operation 127 [22/71] (4.50ns)   --->   "%empty = readreq i1 @_ssdm_op_ReadReq.m_axi.p1i512, i512 %gmem0_addr, i64 11" [../src/mpc_fpga_top.cpp:213]   --->   Operation 127 'readreq' 'empty' <Predicate = true> <Delay = 4.50> <CoreInst = "m_axi">   --->   Core 119 'm_axi' <Latency = 6> <II = 1> <Delay = 1.00> <Adapter> <Opcode : 'readrequnaligned' 'writerequnaligned' 'read' 'write' 'readreq' 'writereq' 'writeresp'>

State 51 <SV = 50> <Delay = 0.00>
ST_51 : Operation 128 [21/71] (4.50ns)   --->   "%empty = readreq i1 @_ssdm_op_ReadReq.m_axi.p1i512, i512 %gmem0_addr, i64 11" [../src/mpc_fpga_top.cpp:213]   --->   Operation 128 'readreq' 'empty' <Predicate = true> <Delay = 4.50> <CoreInst = "m_axi">   --->   Core 119 'm_axi' <Latency = 6> <II = 1> <Delay = 1.00> <Adapter> <Opcode : 'readrequnaligned' 'writerequnaligned' 'read' 'write' 'readreq' 'writereq' 'writeresp'>

State 52 <SV = 51> <Delay = 0.00>
ST_52 : Operation 129 [20/71] (4.50ns)   --->   "%empty = readreq i1 @_ssdm_op_ReadReq.m_axi.p1i512, i512 %gmem0_addr, i64 11" [../src/mpc_fpga_top.cpp:213]   --->   Operation 129 'readreq' 'empty' <Predicate = true> <Delay = 4.50> <CoreInst = "m_axi">   --->   Core 119 'm_axi' <Latency = 6> <II = 1> <Delay = 1.00> <Adapter> <Opcode : 'readrequnaligned' 'writerequnaligned' 'read' 'write' 'readreq' 'writereq' 'writeresp'>

State 53 <SV = 52> <Delay = 0.00>
ST_53 : Operation 130 [19/71] (4.50ns)   --->   "%empty = readreq i1 @_ssdm_op_ReadReq.m_axi.p1i512, i512 %gmem0_addr, i64 11" [../src/mpc_fpga_top.cpp:213]   --->   Operation 130 'readreq' 'empty' <Predicate = true> <Delay = 4.50> <CoreInst = "m_axi">   --->   Core 119 'm_axi' <Latency = 6> <II = 1> <Delay = 1.00> <Adapter> <Opcode : 'readrequnaligned' 'writerequnaligned' 'read' 'write' 'readreq' 'writereq' 'writeresp'>

State 54 <SV = 53> <Delay = 0.00>
ST_54 : Operation 131 [18/71] (4.50ns)   --->   "%empty = readreq i1 @_ssdm_op_ReadReq.m_axi.p1i512, i512 %gmem0_addr, i64 11" [../src/mpc_fpga_top.cpp:213]   --->   Operation 131 'readreq' 'empty' <Predicate = true> <Delay = 4.50> <CoreInst = "m_axi">   --->   Core 119 'm_axi' <Latency = 6> <II = 1> <Delay = 1.00> <Adapter> <Opcode : 'readrequnaligned' 'writerequnaligned' 'read' 'write' 'readreq' 'writereq' 'writeresp'>

State 55 <SV = 54> <Delay = 0.00>
ST_55 : Operation 132 [17/71] (4.50ns)   --->   "%empty = readreq i1 @_ssdm_op_ReadReq.m_axi.p1i512, i512 %gmem0_addr, i64 11" [../src/mpc_fpga_top.cpp:213]   --->   Operation 132 'readreq' 'empty' <Predicate = true> <Delay = 4.50> <CoreInst = "m_axi">   --->   Core 119 'm_axi' <Latency = 6> <II = 1> <Delay = 1.00> <Adapter> <Opcode : 'readrequnaligned' 'writerequnaligned' 'read' 'write' 'readreq' 'writereq' 'writeresp'>

State 56 <SV = 55> <Delay = 0.00>
ST_56 : Operation 133 [16/71] (4.50ns)   --->   "%empty = readreq i1 @_ssdm_op_ReadReq.m_axi.p1i512, i512 %gmem0_addr, i64 11" [../src/mpc_fpga_top.cpp:213]   --->   Operation 133 'readreq' 'empty' <Predicate = true> <Delay = 4.50> <CoreInst = "m_axi">   --->   Core 119 'm_axi' <Latency = 6> <II = 1> <Delay = 1.00> <Adapter> <Opcode : 'readrequnaligned' 'writerequnaligned' 'read' 'write' 'readreq' 'writereq' 'writeresp'>

State 57 <SV = 56> <Delay = 0.00>
ST_57 : Operation 134 [15/71] (4.50ns)   --->   "%empty = readreq i1 @_ssdm_op_ReadReq.m_axi.p1i512, i512 %gmem0_addr, i64 11" [../src/mpc_fpga_top.cpp:213]   --->   Operation 134 'readreq' 'empty' <Predicate = true> <Delay = 4.50> <CoreInst = "m_axi">   --->   Core 119 'm_axi' <Latency = 6> <II = 1> <Delay = 1.00> <Adapter> <Opcode : 'readrequnaligned' 'writerequnaligned' 'read' 'write' 'readreq' 'writereq' 'writeresp'>

State 58 <SV = 57> <Delay = 0.00>
ST_58 : Operation 135 [14/71] (4.50ns)   --->   "%empty = readreq i1 @_ssdm_op_ReadReq.m_axi.p1i512, i512 %gmem0_addr, i64 11" [../src/mpc_fpga_top.cpp:213]   --->   Operation 135 'readreq' 'empty' <Predicate = true> <Delay = 4.50> <CoreInst = "m_axi">   --->   Core 119 'm_axi' <Latency = 6> <II = 1> <Delay = 1.00> <Adapter> <Opcode : 'readrequnaligned' 'writerequnaligned' 'read' 'write' 'readreq' 'writereq' 'writeresp'>

State 59 <SV = 58> <Delay = 0.00>
ST_59 : Operation 136 [13/71] (4.50ns)   --->   "%empty = readreq i1 @_ssdm_op_ReadReq.m_axi.p1i512, i512 %gmem0_addr, i64 11" [../src/mpc_fpga_top.cpp:213]   --->   Operation 136 'readreq' 'empty' <Predicate = true> <Delay = 4.50> <CoreInst = "m_axi">   --->   Core 119 'm_axi' <Latency = 6> <II = 1> <Delay = 1.00> <Adapter> <Opcode : 'readrequnaligned' 'writerequnaligned' 'read' 'write' 'readreq' 'writereq' 'writeresp'>

State 60 <SV = 59> <Delay = 0.00>
ST_60 : Operation 137 [12/71] (4.50ns)   --->   "%empty = readreq i1 @_ssdm_op_ReadReq.m_axi.p1i512, i512 %gmem0_addr, i64 11" [../src/mpc_fpga_top.cpp:213]   --->   Operation 137 'readreq' 'empty' <Predicate = true> <Delay = 4.50> <CoreInst = "m_axi">   --->   Core 119 'm_axi' <Latency = 6> <II = 1> <Delay = 1.00> <Adapter> <Opcode : 'readrequnaligned' 'writerequnaligned' 'read' 'write' 'readreq' 'writereq' 'writeresp'>

State 61 <SV = 60> <Delay = 0.00>
ST_61 : Operation 138 [11/71] (4.50ns)   --->   "%empty = readreq i1 @_ssdm_op_ReadReq.m_axi.p1i512, i512 %gmem0_addr, i64 11" [../src/mpc_fpga_top.cpp:213]   --->   Operation 138 'readreq' 'empty' <Predicate = true> <Delay = 4.50> <CoreInst = "m_axi">   --->   Core 119 'm_axi' <Latency = 6> <II = 1> <Delay = 1.00> <Adapter> <Opcode : 'readrequnaligned' 'writerequnaligned' 'read' 'write' 'readreq' 'writereq' 'writeresp'>

State 62 <SV = 61> <Delay = 0.00>
ST_62 : Operation 139 [10/71] (4.50ns)   --->   "%empty = readreq i1 @_ssdm_op_ReadReq.m_axi.p1i512, i512 %gmem0_addr, i64 11" [../src/mpc_fpga_top.cpp:213]   --->   Operation 139 'readreq' 'empty' <Predicate = true> <Delay = 4.50> <CoreInst = "m_axi">   --->   Core 119 'm_axi' <Latency = 6> <II = 1> <Delay = 1.00> <Adapter> <Opcode : 'readrequnaligned' 'writerequnaligned' 'read' 'write' 'readreq' 'writereq' 'writeresp'>

State 63 <SV = 62> <Delay = 0.00>
ST_63 : Operation 140 [9/71] (4.50ns)   --->   "%empty = readreq i1 @_ssdm_op_ReadReq.m_axi.p1i512, i512 %gmem0_addr, i64 11" [../src/mpc_fpga_top.cpp:213]   --->   Operation 140 'readreq' 'empty' <Predicate = true> <Delay = 4.50> <CoreInst = "m_axi">   --->   Core 119 'm_axi' <Latency = 6> <II = 1> <Delay = 1.00> <Adapter> <Opcode : 'readrequnaligned' 'writerequnaligned' 'read' 'write' 'readreq' 'writereq' 'writeresp'>

State 64 <SV = 63> <Delay = 0.00>
ST_64 : Operation 141 [8/71] (4.50ns)   --->   "%empty = readreq i1 @_ssdm_op_ReadReq.m_axi.p1i512, i512 %gmem0_addr, i64 11" [../src/mpc_fpga_top.cpp:213]   --->   Operation 141 'readreq' 'empty' <Predicate = true> <Delay = 4.50> <CoreInst = "m_axi">   --->   Core 119 'm_axi' <Latency = 6> <II = 1> <Delay = 1.00> <Adapter> <Opcode : 'readrequnaligned' 'writerequnaligned' 'read' 'write' 'readreq' 'writereq' 'writeresp'>

State 65 <SV = 64> <Delay = 0.00>
ST_65 : Operation 142 [7/71] (4.50ns)   --->   "%empty = readreq i1 @_ssdm_op_ReadReq.m_axi.p1i512, i512 %gmem0_addr, i64 11" [../src/mpc_fpga_top.cpp:213]   --->   Operation 142 'readreq' 'empty' <Predicate = true> <Delay = 4.50> <CoreInst = "m_axi">   --->   Core 119 'm_axi' <Latency = 6> <II = 1> <Delay = 1.00> <Adapter> <Opcode : 'readrequnaligned' 'writerequnaligned' 'read' 'write' 'readreq' 'writereq' 'writeresp'>

State 66 <SV = 65> <Delay = 0.00>
ST_66 : Operation 143 [6/71] (4.50ns)   --->   "%empty = readreq i1 @_ssdm_op_ReadReq.m_axi.p1i512, i512 %gmem0_addr, i64 11" [../src/mpc_fpga_top.cpp:213]   --->   Operation 143 'readreq' 'empty' <Predicate = true> <Delay = 4.50> <CoreInst = "m_axi">   --->   Core 119 'm_axi' <Latency = 6> <II = 1> <Delay = 1.00> <Adapter> <Opcode : 'readrequnaligned' 'writerequnaligned' 'read' 'write' 'readreq' 'writereq' 'writeresp'>

State 67 <SV = 66> <Delay = 0.00>
ST_67 : Operation 144 [5/71] (4.50ns)   --->   "%empty = readreq i1 @_ssdm_op_ReadReq.m_axi.p1i512, i512 %gmem0_addr, i64 11" [../src/mpc_fpga_top.cpp:213]   --->   Operation 144 'readreq' 'empty' <Predicate = true> <Delay = 4.50> <CoreInst = "m_axi">   --->   Core 119 'm_axi' <Latency = 6> <II = 1> <Delay = 1.00> <Adapter> <Opcode : 'readrequnaligned' 'writerequnaligned' 'read' 'write' 'readreq' 'writereq' 'writeresp'>

State 68 <SV = 67> <Delay = 0.00>
ST_68 : Operation 145 [4/71] (4.50ns)   --->   "%empty = readreq i1 @_ssdm_op_ReadReq.m_axi.p1i512, i512 %gmem0_addr, i64 11" [../src/mpc_fpga_top.cpp:213]   --->   Operation 145 'readreq' 'empty' <Predicate = true> <Delay = 4.50> <CoreInst = "m_axi">   --->   Core 119 'm_axi' <Latency = 6> <II = 1> <Delay = 1.00> <Adapter> <Opcode : 'readrequnaligned' 'writerequnaligned' 'read' 'write' 'readreq' 'writereq' 'writeresp'>

State 69 <SV = 68> <Delay = 0.00>
ST_69 : Operation 146 [3/71] (4.50ns)   --->   "%empty = readreq i1 @_ssdm_op_ReadReq.m_axi.p1i512, i512 %gmem0_addr, i64 11" [../src/mpc_fpga_top.cpp:213]   --->   Operation 146 'readreq' 'empty' <Predicate = true> <Delay = 4.50> <CoreInst = "m_axi">   --->   Core 119 'm_axi' <Latency = 6> <II = 1> <Delay = 1.00> <Adapter> <Opcode : 'readrequnaligned' 'writerequnaligned' 'read' 'write' 'readreq' 'writereq' 'writeresp'>

State 70 <SV = 69> <Delay = 0.00>
ST_70 : Operation 147 [2/71] (4.50ns)   --->   "%empty = readreq i1 @_ssdm_op_ReadReq.m_axi.p1i512, i512 %gmem0_addr, i64 11" [../src/mpc_fpga_top.cpp:213]   --->   Operation 147 'readreq' 'empty' <Predicate = true> <Delay = 4.50> <CoreInst = "m_axi">   --->   Core 119 'm_axi' <Latency = 6> <II = 1> <Delay = 1.00> <Adapter> <Opcode : 'readrequnaligned' 'writerequnaligned' 'read' 'write' 'readreq' 'writereq' 'writeresp'>

State 71 <SV = 70> <Delay = 4.50>
ST_71 : Operation 148 [1/71] ( I:4.50ns O:4.50ns )   --->   "%empty = readreq i1 @_ssdm_op_ReadReq.m_axi.p1i512, i512 %gmem0_addr, i64 11" [../src/mpc_fpga_top.cpp:213]   --->   Operation 148 'readreq' 'empty' <Predicate = true> <Delay = 4.50> <CoreInst = "m_axi">   --->   Core 119 'm_axi' <Latency = 6> <II = 1> <Delay = 1.00> <Adapter> <Opcode : 'readrequnaligned' 'writerequnaligned' 'read' 'write' 'readreq' 'writereq' 'writeresp'>

State 72 <SV = 71> <Delay = 0.00>
ST_72 : Operation 149 [2/2] (0.00ns)   --->   "%call_ln213 = call void @(anonymous namespace)unpack_input_lane_words_Pipeline_VITIS_LOOP_213_1, i512 %gmem0, i58 %trunc_ln, i26 %lane_words_15, i26 %lane_words_14, i26 %lane_words_13, i26 %lane_words_12, i26 %lane_words_11, i26 %lane_words_10, i26 %lane_words_9, i26 %lane_words_8, i32 %lane_words_7, i26 %lane_words_6, i26 %lane_words_5, i26 %lane_words_4, i26 %lane_words_3, i32 %lane_words_2, i32 %lane_words_1, i32 %lane_words_0" [../src/mpc_fpga_top.cpp:213]   --->   Operation 149 'call' 'call_ln213' <Predicate = true> <Delay = 0.00> <CoreType = "Generic">   --->   Generic Core

State 73 <SV = 72> <Delay = 0.00>
ST_73 : Operation 150 [1/1] (0.00ns)   --->   "%specinterface_ln0 = specinterface void @_ssdm_op_SpecInterface, i512 %gmem0, void @empty_523, i32 0, i32 0, void @empty_524, i32 64, i32 11, void @empty_515, void @empty_430, void @empty_524, i32 16, i32 16, i32 16, i32 16, void @empty_524, void @empty_524, i32 4294967295, i32 0, i32 0, i32 64"   --->   Operation 150 'specinterface' 'specinterface_ln0' <Predicate = true> <Delay = 0.00>
ST_73 : Operation 151 [1/2] (0.00ns)   --->   "%call_ln213 = call void @(anonymous namespace)unpack_input_lane_words_Pipeline_VITIS_LOOP_213_1, i512 %gmem0, i58 %trunc_ln, i26 %lane_words_15, i26 %lane_words_14, i26 %lane_words_13, i26 %lane_words_12, i26 %lane_words_11, i26 %lane_words_10, i26 %lane_words_9, i26 %lane_words_8, i32 %lane_words_7, i26 %lane_words_6, i26 %lane_words_5, i26 %lane_words_4, i26 %lane_words_3, i32 %lane_words_2, i32 %lane_words_1, i32 %lane_words_0" [../src/mpc_fpga_top.cpp:213]   --->   Operation 151 'call' 'call_ln213' <Predicate = true> <Delay = 0.00> <CoreType = "Generic">   --->   Generic Core
ST_73 : Operation 152 [1/1] (0.00ns)   --->   "%ret_ln235 = ret" [../src/mpc_fpga_top.cpp:235]   --->   Operation 152 'ret' 'ret_ln235' <Predicate = true> <Delay = 0.00>


============================================================
+ Verbose Summary: Binding
============================================================
STG Binding: 
---------------- STG Properties BEGIN ----------------
- Is combinational: 0
- Is one-state seq: 0
- Is datapath-only: 0
- Is pipelined: 0
- Is top level: 0
Port [ Return ] is wired: 1; IO mode=ap_ctrl_hs:ce=0
Port [ gmem0]:  wired=1; compound=1; hidden=0; nouse=0; global=0; static=0; extern=0; dir=0; type=4; pingpong=0; private_global=0; IO mode=m_axi:ce=0
Port [ input_words512]:  wired=1; compound=0; hidden=0; nouse=0; global=0; static=0; extern=0; dir=0; type=0; pingpong=0; private_global=0; IO mode=ap_none:ce=0
Port [ lane_words_0]:  wired=1; compound=1; hidden=0; nouse=0; global=0; static=0; extern=0; dir=1; type=1; pingpong=0; private_global=0; MemPort=[03]; IO mode=ap_memory:ce=0
Port [ lane_words_1]:  wired=1; compound=1; hidden=0; nouse=0; global=0; static=0; extern=0; dir=1; type=1; pingpong=0; private_global=0; MemPort=[03]; IO mode=ap_memory:ce=0
Port [ lane_words_2]:  wired=1; compound=1; hidden=0; nouse=0; global=0; static=0; extern=0; dir=1; type=1; pingpong=0; private_global=0; MemPort=[03]; IO mode=ap_memory:ce=0
Port [ lane_words_3]:  wired=1; compound=1; hidden=0; nouse=0; global=0; static=0; extern=0; dir=1; type=1; pingpong=0; private_global=0; MemPort=[03]; IO mode=ap_memory:ce=0
Port [ lane_words_4]:  wired=1; compound=1; hidden=0; nouse=0; global=0; static=0; extern=0; dir=1; type=1; pingpong=0; private_global=0; MemPort=[03]; IO mode=ap_memory:ce=0
Port [ lane_words_5]:  wired=1; compound=1; hidden=0; nouse=0; global=0; static=0; extern=0; dir=1; type=1; pingpong=0; private_global=0; MemPort=[03]; IO mode=ap_memory:ce=0
Port [ lane_words_6]:  wired=1; compound=1; hidden=0; nouse=0; global=0; static=0; extern=0; dir=1; type=1; pingpong=0; private_global=0; MemPort=[03]; IO mode=ap_memory:ce=0
Port [ lane_words_7]:  wired=1; compound=1; hidden=0; nouse=0; global=0; static=0; extern=0; dir=1; type=1; pingpong=0; private_global=0; MemPort=[03]; IO mode=ap_memory:ce=0
Port [ lane_words_8]:  wired=1; compound=1; hidden=0; nouse=0; global=0; static=0; extern=0; dir=1; type=1; pingpong=0; private_global=0; MemPort=[03]; IO mode=ap_memory:ce=0
Port [ lane_words_9]:  wired=1; compound=1; hidden=0; nouse=0; global=0; static=0; extern=0; dir=1; type=1; pingpong=0; private_global=0; MemPort=[03]; IO mode=ap_memory:ce=0
Port [ lane_words_10]:  wired=1; compound=1; hidden=0; nouse=0; global=0; static=0; extern=0; dir=1; type=1; pingpong=0; private_global=0; MemPort=[03]; IO mode=ap_memory:ce=0
Port [ lane_words_11]:  wired=1; compound=1; hidden=0; nouse=0; global=0; static=0; extern=0; dir=1; type=1; pingpong=0; private_global=0; MemPort=[03]; IO mode=ap_memory:ce=0
Port [ lane_words_12]:  wired=1; compound=1; hidden=0; nouse=0; global=0; static=0; extern=0; dir=1; type=1; pingpong=0; private_global=0; MemPort=[03]; IO mode=ap_memory:ce=0
Port [ lane_words_13]:  wired=1; compound=1; hidden=0; nouse=0; global=0; static=0; extern=0; dir=1; type=1; pingpong=0; private_global=0; MemPort=[03]; IO mode=ap_memory:ce=0
Port [ lane_words_14]:  wired=1; compound=1; hidden=0; nouse=0; global=0; static=0; extern=0; dir=1; type=1; pingpong=0; private_global=0; MemPort=[03]; IO mode=ap_memory:ce=0
Port [ lane_words_15]:  wired=1; compound=1; hidden=0; nouse=0; global=0; static=0; extern=0; dir=1; type=1; pingpong=0; private_global=0; MemPort=[03]; IO mode=ap_memory:ce=0
---------------- STG Properties END ------------------

---------------- Datapath Model BEGIN ----------------

<LifeTime>
<method=bitvector/>
input_words512_read (read         ) [ 00000000000000000000000000000000000000000000000000000000000000000000000000]
trunc_ln            (partselect   ) [ 00111111111111111111111111111111111111111111111111111111111111111111111111]
sext_ln213          (sext         ) [ 00000000000000000000000000000000000000000000000000000000000000000000000000]
gmem0_addr          (getelementptr) [ 00111111111111111111111111111111111111111111111111111111111111111111111100]
empty               (readreq      ) [ 00000000000000000000000000000000000000000000000000000000000000000000000000]
specinterface_ln0   (specinterface) [ 00000000000000000000000000000000000000000000000000000000000000000000000000]
call_ln213          (call         ) [ 00000000000000000000000000000000000000000000000000000000000000000000000000]
ret_ln235           (ret          ) [ 00000000000000000000000000000000000000000000000000000000000000000000000000]
</LifeTime>

<model>

<comp_list>
<comp id="0" class="1000" name="gmem0">
<pin_list>
<pin id="1" dir="1" index="0" bw="1" slack="0"/>
</pin_list>
<bind>
<StgValue><ssdm name="gmem0"/><MemPortTyVec>0 </MemPortTyVec>
</StgValue>
</bind>
</comp>

<comp id="2" class="1000" name="input_words512">
<pin_list>
<pin id="3" dir="1" index="0" bw="1" slack="0"/>
</pin_list>
<bind>
<StgValue><ssdm name="input_words512"/></StgValue>
</bind>
</comp>

<comp id="4" class="1000" name="lane_words_0">
<pin_list>
<pin id="5" dir="1" index="0" bw="1" slack="0"/>
</pin_list>
<bind>
<StgValue><ssdm name="lane_words_0"/><MemPortTyVec>0 3 </MemPortTyVec>
</StgValue>
</bind>
</comp>

<comp id="6" class="1000" name="lane_words_1">
<pin_list>
<pin id="7" dir="1" index="0" bw="1" slack="0"/>
</pin_list>
<bind>
<StgValue><ssdm name="lane_words_1"/><MemPortTyVec>0 3 </MemPortTyVec>
</StgValue>
</bind>
</comp>

<comp id="8" class="1000" name="lane_words_2">
<pin_list>
<pin id="9" dir="1" index="0" bw="1" slack="0"/>
</pin_list>
<bind>
<StgValue><ssdm name="lane_words_2"/><MemPortTyVec>0 3 </MemPortTyVec>
</StgValue>
</bind>
</comp>

<comp id="10" class="1000" name="lane_words_3">
<pin_list>
<pin id="11" dir="1" index="0" bw="1" slack="0"/>
</pin_list>
<bind>
<StgValue><ssdm name="lane_words_3"/><MemPortTyVec>0 3 </MemPortTyVec>
</StgValue>
</bind>
</comp>

<comp id="12" class="1000" name="lane_words_4">
<pin_list>
<pin id="13" dir="1" index="0" bw="1" slack="0"/>
</pin_list>
<bind>
<StgValue><ssdm name="lane_words_4"/><MemPortTyVec>0 3 </MemPortTyVec>
</StgValue>
</bind>
</comp>

<comp id="14" class="1000" name="lane_words_5">
<pin_list>
<pin id="15" dir="1" index="0" bw="1" slack="0"/>
</pin_list>
<bind>
<StgValue><ssdm name="lane_words_5"/><MemPortTyVec>0 3 </MemPortTyVec>
</StgValue>
</bind>
</comp>

<comp id="16" class="1000" name="lane_words_6">
<pin_list>
<pin id="17" dir="1" index="0" bw="1" slack="0"/>
</pin_list>
<bind>
<StgValue><ssdm name="lane_words_6"/><MemPortTyVec>0 3 </MemPortTyVec>
</StgValue>
</bind>
</comp>

<comp id="18" class="1000" name="lane_words_7">
<pin_list>
<pin id="19" dir="1" index="0" bw="1" slack="0"/>
</pin_list>
<bind>
<StgValue><ssdm name="lane_words_7"/><MemPortTyVec>0 3 </MemPortTyVec>
</StgValue>
</bind>
</comp>

<comp id="20" class="1000" name="lane_words_8">
<pin_list>
<pin id="21" dir="1" index="0" bw="1" slack="0"/>
</pin_list>
<bind>
<StgValue><ssdm name="lane_words_8"/><MemPortTyVec>0 3 </MemPortTyVec>
</StgValue>
</bind>
</comp>

<comp id="22" class="1000" name="lane_words_9">
<pin_list>
<pin id="23" dir="1" index="0" bw="1" slack="0"/>
</pin_list>
<bind>
<StgValue><ssdm name="lane_words_9"/><MemPortTyVec>0 3 </MemPortTyVec>
</StgValue>
</bind>
</comp>

<comp id="24" class="1000" name="lane_words_10">
<pin_list>
<pin id="25" dir="1" index="0" bw="1" slack="0"/>
</pin_list>
<bind>
<StgValue><ssdm name="lane_words_10"/><MemPortTyVec>0 3 </MemPortTyVec>
</StgValue>
</bind>
</comp>

<comp id="26" class="1000" name="lane_words_11">
<pin_list>
<pin id="27" dir="1" index="0" bw="1" slack="0"/>
</pin_list>
<bind>
<StgValue><ssdm name="lane_words_11"/><MemPortTyVec>0 3 </MemPortTyVec>
</StgValue>
</bind>
</comp>

<comp id="28" class="1000" name="lane_words_12">
<pin_list>
<pin id="29" dir="1" index="0" bw="1" slack="0"/>
</pin_list>
<bind>
<StgValue><ssdm name="lane_words_12"/><MemPortTyVec>0 3 </MemPortTyVec>
</StgValue>
</bind>
</comp>

<comp id="30" class="1000" name="lane_words_13">
<pin_list>
<pin id="31" dir="1" index="0" bw="1" slack="0"/>
</pin_list>
<bind>
<StgValue><ssdm name="lane_words_13"/><MemPortTyVec>0 3 </MemPortTyVec>
</StgValue>
</bind>
</comp>

<comp id="32" class="1000" name="lane_words_14">
<pin_list>
<pin id="33" dir="1" index="0" bw="1" slack="0"/>
</pin_list>
<bind>
<StgValue><ssdm name="lane_words_14"/><MemPortTyVec>0 3 </MemPortTyVec>
</StgValue>
</bind>
</comp>

<comp id="34" class="1000" name="lane_words_15">
<pin_list>
<pin id="35" dir="1" index="0" bw="1" slack="0"/>
</pin_list>
<bind>
<StgValue><ssdm name="lane_words_15"/><MemPortTyVec>0 3 </MemPortTyVec>
</StgValue>
</bind>
</comp>

<comp id="36" class="1001" name="const_36">
<pin_list>
<pin id="37" dir="1" index="0" bw="1" slack="0"/>
</pin_list>
<bind>
<StgValue><ssdm name="_ssdm_op_Read.ap_auto.i64"/></StgValue>
</bind>
</comp>

<comp id="38" class="1001" name="const_38">
<pin_list>
<pin id="39" dir="1" index="0" bw="1" slack="0"/>
</pin_list>
<bind>
<StgValue><ssdm name="_ssdm_op_PartSelect.i58.i64.i32.i32"/></StgValue>
</bind>
</comp>

<comp id="40" class="1001" name="const_40">
<pin_list>
<pin id="41" dir="1" index="0" bw="1" slack="0"/>
</pin_list>
<bind>
<StgValue><ssdm name=""/></StgValue>
</bind>
</comp>

<comp id="42" class="1001" name="const_42">
<pin_list>
<pin id="43" dir="1" index="0" bw="1" slack="0"/>
</pin_list>
<bind>
<StgValue><ssdm name=""/></StgValue>
</bind>
</comp>

<comp id="44" class="1001" name="const_44">
<pin_list>
<pin id="45" dir="1" index="0" bw="1" slack="0"/>
</pin_list>
<bind>
<StgValue><ssdm name="_ssdm_op_ReadReq.m_axi.p1i512"/></StgValue>
</bind>
</comp>

<comp id="46" class="1001" name="const_46">
<pin_list>
<pin id="47" dir="1" index="0" bw="1" slack="0"/>
</pin_list>
<bind>
<StgValue><ssdm name=""/></StgValue>
</bind>
</comp>

<comp id="48" class="1001" name="const_48">
<pin_list>
<pin id="49" dir="1" index="0" bw="1" slack="0"/>
</pin_list>
<bind>
<StgValue><ssdm name="(anonymous namespace)unpack_input_lane_words_Pipeline_VITIS_LOOP_213_1"/></StgValue>
</bind>
</comp>

<comp id="50" class="1001" name="const_50">
<pin_list>
<pin id="51" dir="1" index="0" bw="1" slack="2147483647"/>
</pin_list>
<bind>
<StgValue><ssdm name="_ssdm_op_SpecInterface"/></StgValue>
</bind>
</comp>

<comp id="52" class="1001" name="const_52">
<pin_list>
<pin id="53" dir="1" index="0" bw="1" slack="2147483647"/>
</pin_list>
<bind>
<StgValue><ssdm name="empty_523"/></StgValue>
</bind>
</comp>

<comp id="54" class="1001" name="const_54">
<pin_list>
<pin id="55" dir="1" index="0" bw="1" slack="2147483647"/>
</pin_list>
<bind>
<StgValue><ssdm name=""/></StgValue>
</bind>
</comp>

<comp id="56" class="1001" name="const_56">
<pin_list>
<pin id="57" dir="1" index="0" bw="1" slack="2147483647"/>
</pin_list>
<bind>
<StgValue><ssdm name="empty_524"/></StgValue>
</bind>
</comp>

<comp id="58" class="1001" name="const_58">
<pin_list>
<pin id="59" dir="1" index="0" bw="1" slack="2147483647"/>
</pin_list>
<bind>
<StgValue><ssdm name=""/></StgValue>
</bind>
</comp>

<comp id="60" class="1001" name="const_60">
<pin_list>
<pin id="61" dir="1" index="0" bw="1" slack="2147483647"/>
</pin_list>
<bind>
<StgValue><ssdm name=""/></StgValue>
</bind>
</comp>

<comp id="62" class="1001" name="const_62">
<pin_list>
<pin id="63" dir="1" index="0" bw="1" slack="2147483647"/>
</pin_list>
<bind>
<StgValue><ssdm name="empty_515"/></StgValue>
</bind>
</comp>

<comp id="64" class="1001" name="const_64">
<pin_list>
<pin id="65" dir="1" index="0" bw="1" slack="2147483647"/>
</pin_list>
<bind>
<StgValue><ssdm name="empty_430"/></StgValue>
</bind>
</comp>

<comp id="66" class="1001" name="const_66">
<pin_list>
<pin id="67" dir="1" index="0" bw="1" slack="2147483647"/>
</pin_list>
<bind>
<StgValue><ssdm name=""/></StgValue>
</bind>
</comp>

<comp id="68" class="1001" name="const_68">
<pin_list>
<pin id="69" dir="1" index="0" bw="1" slack="2147483647"/>
</pin_list>
<bind>
<StgValue><ssdm name=""/></StgValue>
</bind>
</comp>

<comp id="70" class="1004" name="input_words512_read_read_fu_70">
<pin_list>
<pin id="71" dir="0" index="0" bw="64" slack="0"/>
<pin id="72" dir="0" index="1" bw="64" slack="0"/>
<pin id="73" dir="1" index="2" bw="64" slack="0"/>
</pin_list>
<bind>
<opcode="read(1150) " fcode="read"/>
<opset="input_words512_read/1 "/>
</bind>
</comp>

<comp id="76" class="1004" name="grp_readreq_fu_76">
<pin_list>
<pin id="77" dir="0" index="0" bw="1" slack="0"/>
<pin id="78" dir="0" index="1" bw="512" slack="0"/>
<pin id="79" dir="0" index="2" bw="5" slack="0"/>
<pin id="80" dir="1" index="3" bw="1" slack="2147483647"/>
</pin_list>
<bind>
<opcode="readreq(1154) " fcode="readreq"/>
<opset="empty/1 "/>
</bind>
</comp>

<comp id="83" class="1004" name="grp_p_anonymous_namespace_unpack_input_lane_words_Pipeline_VITIS_LOOP_213_1_fu_83">
<pin_list>
<pin id="84" dir="0" index="0" bw="0" slack="0"/>
<pin id="85" dir="0" index="1" bw="512" slack="0"/>
<pin id="86" dir="0" index="2" bw="58" slack="71"/>
<pin id="87" dir="0" index="3" bw="26" slack="0"/>
<pin id="88" dir="0" index="4" bw="26" slack="0"/>
<pin id="89" dir="0" index="5" bw="26" slack="0"/>
<pin id="90" dir="0" index="6" bw="26" slack="0"/>
<pin id="91" dir="0" index="7" bw="26" slack="0"/>
<pin id="92" dir="0" index="8" bw="26" slack="0"/>
<pin id="93" dir="0" index="9" bw="26" slack="0"/>
<pin id="94" dir="0" index="10" bw="26" slack="0"/>
<pin id="95" dir="0" index="11" bw="32" slack="0"/>
<pin id="96" dir="0" index="12" bw="26" slack="0"/>
<pin id="97" dir="0" index="13" bw="26" slack="0"/>
<pin id="98" dir="0" index="14" bw="26" slack="0"/>
<pin id="99" dir="0" index="15" bw="26" slack="0"/>
<pin id="100" dir="0" index="16" bw="32" slack="0"/>
<pin id="101" dir="0" index="17" bw="32" slack="0"/>
<pin id="102" dir="0" index="18" bw="32" slack="0"/>
<pin id="103" dir="1" index="19" bw="0" slack="2147483647"/>
</pin_list>
<bind>
<opcode="call(48) " fcode="call"/>
<opset="call_ln213/72 "/>
</bind>
</comp>

<comp id="122" class="1004" name="trunc_ln_fu_122">
<pin_list>
<pin id="123" dir="0" index="0" bw="58" slack="0"/>
<pin id="124" dir="0" index="1" bw="64" slack="0"/>
<pin id="125" dir="0" index="2" bw="4" slack="0"/>
<pin id="126" dir="0" index="3" bw="7" slack="0"/>
<pin id="127" dir="1" index="4" bw="58" slack="0"/>
</pin_list>
<bind>
<opcode="partselect(1002) " fcode="partselect"/>
<opset="trunc_ln/1 "/>
</bind>
</comp>

<comp id="132" class="1004" name="sext_ln213_fu_132">
<pin_list>
<pin id="133" dir="0" index="0" bw="58" slack="0"/>
<pin id="134" dir="1" index="1" bw="64" slack="0"/>
</pin_list>
<bind>
<opcode="sext(35) " fcode="sext"/>
<opset="sext_ln213/1 "/>
</bind>
</comp>

<comp id="136" class="1004" name="gmem0_addr_fu_136">
<pin_list>
<pin id="137" dir="0" index="0" bw="512" slack="0"/>
<pin id="138" dir="0" index="1" bw="58" slack="0"/>
<pin id="139" dir="1" index="2" bw="512" slack="0"/>
</pin_list>
<bind>
<opcode="getelementptr(29) " fcode="getelementptr"/>
<opset="gmem0_addr/1 "/>
</bind>
</comp>

<comp id="143" class="1005" name="trunc_ln_reg_143">
<pin_list>
<pin id="144" dir="0" index="0" bw="58" slack="71"/>
<pin id="145" dir="1" index="1" bw="58" slack="71"/>
</pin_list>
<bind>
<opset="trunc_ln "/>
</bind>
</comp>

<comp id="148" class="1005" name="gmem0_addr_reg_148">
<pin_list>
<pin id="149" dir="0" index="0" bw="512" slack="1"/>
<pin id="150" dir="1" index="1" bw="512" slack="1"/>
</pin_list>
<bind>
<opset="gmem0_addr "/>
</bind>
</comp>

</comp_list>

<net_list>
<net id="74"><net_src comp="36" pin="0"/><net_sink comp="70" pin=0"/></net>

<net id="75"><net_src comp="2" pin="0"/><net_sink comp="70" pin=1"/></net>

<net id="81"><net_src comp="44" pin="0"/><net_sink comp="76" pin=0"/></net>

<net id="82"><net_src comp="46" pin="0"/><net_sink comp="76" pin=2"/></net>

<net id="104"><net_src comp="48" pin="0"/><net_sink comp="83" pin=0"/></net>

<net id="105"><net_src comp="0" pin="0"/><net_sink comp="83" pin=1"/></net>

<net id="106"><net_src comp="34" pin="0"/><net_sink comp="83" pin=3"/></net>

<net id="107"><net_src comp="32" pin="0"/><net_sink comp="83" pin=4"/></net>

<net id="108"><net_src comp="30" pin="0"/><net_sink comp="83" pin=5"/></net>

<net id="109"><net_src comp="28" pin="0"/><net_sink comp="83" pin=6"/></net>

<net id="110"><net_src comp="26" pin="0"/><net_sink comp="83" pin=7"/></net>

<net id="111"><net_src comp="24" pin="0"/><net_sink comp="83" pin=8"/></net>

<net id="112"><net_src comp="22" pin="0"/><net_sink comp="83" pin=9"/></net>

<net id="113"><net_src comp="20" pin="0"/><net_sink comp="83" pin=10"/></net>

<net id="114"><net_src comp="18" pin="0"/><net_sink comp="83" pin=11"/></net>

<net id="115"><net_src comp="16" pin="0"/><net_sink comp="83" pin=12"/></net>

<net id="116"><net_src comp="14" pin="0"/><net_sink comp="83" pin=13"/></net>

<net id="117"><net_src comp="12" pin="0"/><net_sink comp="83" pin=14"/></net>

<net id="118"><net_src comp="10" pin="0"/><net_sink comp="83" pin=15"/></net>

<net id="119"><net_src comp="8" pin="0"/><net_sink comp="83" pin=16"/></net>

<net id="120"><net_src comp="6" pin="0"/><net_sink comp="83" pin=17"/></net>

<net id="121"><net_src comp="4" pin="0"/><net_sink comp="83" pin=18"/></net>

<net id="128"><net_src comp="38" pin="0"/><net_sink comp="122" pin=0"/></net>

<net id="129"><net_src comp="70" pin="2"/><net_sink comp="122" pin=1"/></net>

<net id="130"><net_src comp="40" pin="0"/><net_sink comp="122" pin=2"/></net>

<net id="131"><net_src comp="42" pin="0"/><net_sink comp="122" pin=3"/></net>

<net id="135"><net_src comp="122" pin="4"/><net_sink comp="132" pin=0"/></net>

<net id="140"><net_src comp="0" pin="0"/><net_sink comp="136" pin=0"/></net>

<net id="141"><net_src comp="132" pin="1"/><net_sink comp="136" pin=1"/></net>

<net id="142"><net_src comp="136" pin="2"/><net_sink comp="76" pin=1"/></net>

<net id="146"><net_src comp="122" pin="4"/><net_sink comp="143" pin=0"/></net>

<net id="147"><net_src comp="143" pin="1"/><net_sink comp="83" pin=2"/></net>

<net id="151"><net_src comp="136" pin="2"/><net_sink comp="148" pin=0"/></net>

<net id="152"><net_src comp="148" pin="1"/><net_sink comp="76" pin=1"/></net>

</net_list>

</model> 
---------------- Datapath Model END ------------------

* FSMD analyzer results:
  - Output states:
	Port: lane_words_0 | {72 73 }
	Port: lane_words_1 | {72 73 }
	Port: lane_words_2 | {72 73 }
	Port: lane_words_3 | {72 73 }
	Port: lane_words_4 | {72 73 }
	Port: lane_words_5 | {72 73 }
	Port: lane_words_6 | {72 73 }
	Port: lane_words_7 | {72 73 }
	Port: lane_words_8 | {72 73 }
	Port: lane_words_9 | {72 73 }
	Port: lane_words_10 | {72 73 }
	Port: lane_words_11 | {72 73 }
	Port: lane_words_12 | {72 73 }
	Port: lane_words_13 | {72 73 }
	Port: lane_words_14 | {72 73 }
	Port: lane_words_15 | {72 73 }
 - Input state : 
	Port: (anonymous namespace)unpack_input_lane_words : gmem0 | {1 2 3 4 5 6 7 8 9 10 11 12 13 14 15 16 17 18 19 20 21 22 23 24 25 26 27 28 29 30 31 32 33 34 35 36 37 38 39 40 41 42 43 44 45 46 47 48 49 50 51 52 53 54 55 56 57 58 59 60 61 62 63 64 65 66 67 68 69 70 71 72 73 }
	Port: (anonymous namespace)unpack_input_lane_words : input_words512 | {1 }
  - Chain level:
	State 1
		sext_ln213 : 1
		gmem0_addr : 2
		empty : 3
	State 2
	State 3
	State 4
	State 5
	State 6
	State 7
	State 8
	State 9
	State 10
	State 11
	State 12
	State 13
	State 14
	State 15
	State 16
	State 17
	State 18
	State 19
	State 20
	State 21
	State 22
	State 23
	State 24
	State 25
	State 26
	State 27
	State 28
	State 29
	State 30
	State 31
	State 32
	State 33
	State 34
	State 35
	State 36
	State 37
	State 38
	State 39
	State 40
	State 41
	State 42
	State 43
	State 44
	State 45
	State 46
	State 47
	State 48
	State 49
	State 50
	State 51
	State 52
	State 53
	State 54
	State 55
	State 56
	State 57
	State 58
	State 59
	State 60
	State 61
	State 62
	State 63
	State 64
	State 65
	State 66
	State 67
	State 68
	State 69
	State 70
	State 71
	State 72
	State 73


============================================================
+ Verbose Summary: Datapath Resource usage 
============================================================

* Functional unit list:
|----------|-----------------------------------------------------------------------------------|---------|---------|
| Operation|                                  Functional Unit                                  |    FF   |   LUT   |
|----------|-----------------------------------------------------------------------------------|---------|---------|
|   call   | grp_p_anonymous_namespace_unpack_input_lane_words_Pipeline_VITIS_LOOP_213_1_fu_83 |   513   |    24   |
|----------|-----------------------------------------------------------------------------------|---------|---------|
|   read   |                           input_words512_read_read_fu_70                          |    0    |    0    |
|----------|-----------------------------------------------------------------------------------|---------|---------|
|  readreq |                                 grp_readreq_fu_76                                 |    0    |    0    |
|----------|-----------------------------------------------------------------------------------|---------|---------|
|partselect|                                  trunc_ln_fu_122                                  |    0    |    0    |
|----------|-----------------------------------------------------------------------------------|---------|---------|
|   sext   |                                 sext_ln213_fu_132                                 |    0    |    0    |
|----------|-----------------------------------------------------------------------------------|---------|---------|
|   Total  |                                                                                   |   513   |    24   |
|----------|-----------------------------------------------------------------------------------|---------|---------|

Memories:
N/A

* Register list:
+------------------+--------+
|                  |   FF   |
+------------------+--------+
|gmem0_addr_reg_148|   512  |
| trunc_ln_reg_143 |   58   |
+------------------+--------+
|       Total      |   570  |
+------------------+--------+

* Multiplexer (MUX) list: 
|-------------------|------|------|------|--------||---------||---------||---------|
|        Comp       |  Pin | Size |  BW  | S x BW ||  Delay  ||    FF   ||   LUT   |
|-------------------|------|------|------|--------||---------||---------||---------|
| grp_readreq_fu_76 |  p1  |   2  |  512 |  1024  ||    0    ||    9    |
|-------------------|------|------|------|--------||---------||---------||---------|
|       Total       |      |      |      |  1024  ||  0.427  ||    0    ||    9    |
|-------------------|------|------|------|--------||---------||---------||---------|



* Summary:
+-----------+--------+--------+--------+
|           |  Delay |   FF   |   LUT  |
+-----------+--------+--------+--------+
|  Function |    -   |   513  |   24   |
|   Memory  |    -   |    -   |    -   |
|Multiplexer|    0   |    0   |    9   |
|  Register |    -   |   570  |    -   |
+-----------+--------+--------+--------+
|   Total   |    0   |  1083  |   33   |
+-----------+--------+--------+--------+
