

================================================================
== Vitis HLS Report for 'p_anonymous_namespace_mpc_fpga_compute_core_Pipeline_VITIS_LOOP_355_3'
================================================================
* Date:           Thu Jun 11 16:06:47 2026

* Version:        2025.2 (Build 6295257 on Nov 14 2025)
* Project:        mpc_fpga_top_opencl
* Solution:       hls (Vitis Kernel Flow Target)
* Product family: zynquplus
* Target device:  xck26-sfvc784-2LV-c


================================================================
== Performance Estimates
================================================================
+ Timing: 
    * Summary: 
    +--------+---------+----------+------------+
    |  Clock |  Target | Estimated| Uncertainty|
    +--------+---------+----------+------------+
    |ap_clk  |  5.00 ns|  1.893 ns|     0.50 ns|
    +--------+---------+----------+------------+

+ Latency: 
    * Summary: 
    +---------+---------+----------+----------+-----+-----+-------------------+
    |  Latency (cycles) |  Latency (absolute) |  Interval |      Pipeline     |
    |   min   |   max   |    min   |    max   | min | max |        Type       |
    +---------+---------+----------+----------+-----+-----+-------------------+
    |       22|       22|  0.110 us|  0.110 us|    0|    0|  loop pipeline stp|
    +---------+---------+----------+----------+-----+-----+-------------------+

    + Detail: 
        * Instance: 
        N/A

        * Loop: 
        +--------------------+---------+---------+----------+-----------+-----------+------+----------+
        |                    |  Latency (cycles) | Iteration|  Initiation Interval  | Trip |          |
        |      Loop Name     |   min   |   max   |  Latency |  achieved |   target  | Count| Pipelined|
        +--------------------+---------+---------+----------+-----------+-----------+------+----------+
        |- VITIS_LOOP_355_3  |       20|       20|         1|          1|          1|    20|       yes|
        +--------------------+---------+---------+----------+-----------+-----------+------+----------+

============================================================
+ Verbose Summary: Synthesis Manager
============================================================
InlineROM: 1
ExposeGlobal: 0
============================================================
+ Verbose Summary: CDFG Model
============================================================
IsTopModel: 0
ResetActiveHigh: 1
IsCombinational: 0
IsDatapathOnly: 0
HasWiredReturn: 1
HasMFsm: 2
HasVarLatency: 1
IsPipeline: 0
IsRtlPipelined: 0
IsInstanceOverlapped: 0
IsDontTouch: 0
HasImplIP: 0
IsGatedGlobalClock: 0

+ Individual pipeline summary: 
  * Pipeline-0: initiation interval (II) = 1, depth = 1


============================================================
+ Verbose Summary: Schedule
============================================================
* Number of FSM states : 1
* Pipeline : 1
  Pipeline-0 : II = 1, D = 1, States = { 1 }
* Dataflow Pipeline: 0

* FSM state transitions: 
1 --> 

* FSM state operations: 

State 1 <SV = 0> <Delay = 1.89>
ST_1 : Operation 4 [1/1] (0.00ns)   --->   "%k = alloca i32 1" [../src/../include/mpc_fpga_types.h:355->../src/mpc_fpga_top.cpp:90->../src/mpc_fpga_top.cpp:295]   --->   Operation 4 'alloca' 'k' <Predicate = true> <Delay = 0.00>
ST_1 : Operation 5 [1/1] (0.42ns)   --->   "%store_ln355 = store i5 0, i5 %k" [../src/../include/mpc_fpga_types.h:355->../src/mpc_fpga_top.cpp:90->../src/mpc_fpga_top.cpp:295]   --->   Operation 5 'store' 'store_ln355' <Predicate = true> <Delay = 0.42>
ST_1 : Operation 6 [1/1] (0.00ns)   --->   "%br_ln0 = br void %for.body14.i.i"   --->   Operation 6 'br' 'br_ln0' <Predicate = true> <Delay = 0.00>
ST_1 : Operation 7 [1/1] (0.00ns)   --->   "%k_14 = load i5 %k" [../src/../include/mpc_fpga_types.h:355->../src/mpc_fpga_top.cpp:90->../src/mpc_fpga_top.cpp:295]   --->   Operation 7 'load' 'k_14' <Predicate = true> <Delay = 0.00>
ST_1 : Operation 8 [1/1] (0.78ns)   --->   "%icmp_ln355 = icmp_eq  i5 %k_14, i5 20" [../src/../include/mpc_fpga_types.h:355->../src/mpc_fpga_top.cpp:90->../src/mpc_fpga_top.cpp:295]   --->   Operation 8 'icmp' 'icmp_ln355' <Predicate = true> <Delay = 0.78> <CoreInst = "Cmp">   --->   Core 9 'Cmp' <Latency = 0> <II = 1> <Delay = 0.78> <FuncUnit> <Opcode : 'seteq' 'setne' 'setle' 'setge' 'setlt' 'setgt'> <InPorts = 2> <OutPorts = 1>
ST_1 : Operation 9 [1/1] (0.78ns)   --->   "%add_ln355 = add i5 %k_14, i5 1" [../src/../include/mpc_fpga_types.h:355->../src/mpc_fpga_top.cpp:90->../src/mpc_fpga_top.cpp:295]   --->   Operation 9 'add' 'add_ln355' <Predicate = true> <Delay = 0.78> <CoreInst = "Adder">   --->   Core 1 'Adder' <Latency = 0> <II = 1> <Delay = 0.78> <FuncUnit> <Opcode : 'add' 'sub'> <InPorts = 2> <OutPorts = 1>
ST_1 : Operation 10 [1/1] (0.00ns)   --->   "%br_ln355 = br i1 %icmp_ln355, void %for.body14.i.i.split, void %_ZN12_GLOBAL__N_123zero_admm_duals_top_hlsEP11AdmmState_t.exit.exitStub" [../src/../include/mpc_fpga_types.h:355->../src/mpc_fpga_top.cpp:90->../src/mpc_fpga_top.cpp:295]   --->   Operation 10 'br' 'br_ln355' <Predicate = true> <Delay = 0.00>
ST_1 : Operation 11 [1/1] (0.00ns)   --->   "%zext_ln355 = zext i5 %k_14" [../src/../include/mpc_fpga_types.h:355->../src/mpc_fpga_top.cpp:90->../src/mpc_fpga_top.cpp:295]   --->   Operation 11 'zext' 'zext_ln355' <Predicate = (!icmp_ln355)> <Delay = 0.00>
ST_1 : Operation 12 [1/1] (0.00ns)   --->   "%specpipeline_ln356 = specpipeline void @_ssdm_op_SpecPipeline, i32 1, i32 0, i32 0, i32 0, i32 4294967295, void @empty_524" [../src/../include/mpc_fpga_types.h:356->../src/mpc_fpga_top.cpp:90->../src/mpc_fpga_top.cpp:295]   --->   Operation 12 'specpipeline' 'specpipeline_ln356' <Predicate = (!icmp_ln355)> <Delay = 0.00>
ST_1 : Operation 13 [1/1] (0.00ns)   --->   "%speclooptripcount_ln355 = speclooptripcount void @_ssdm_op_SpecLoopTripCount, i64 20, i64 20, i64 20" [../src/../include/mpc_fpga_types.h:355->../src/mpc_fpga_top.cpp:90->../src/mpc_fpga_top.cpp:295]   --->   Operation 13 'speclooptripcount' 'speclooptripcount_ln355' <Predicate = (!icmp_ln355)> <Delay = 0.00>
ST_1 : Operation 14 [1/1] (0.00ns)   --->   "%specloopname_ln355 = specloopname void @_ssdm_op_SpecLoopName, void @empty_538" [../src/../include/mpc_fpga_types.h:355->../src/mpc_fpga_top.cpp:90->../src/mpc_fpga_top.cpp:295]   --->   Operation 14 'specloopname' 'specloopname_ln355' <Predicate = (!icmp_ln355)> <Delay = 0.00>
ST_1 : Operation 15 [1/1] (0.00ns)   --->   "%p_anonymous_namespace_g_core_state_admm_y_u_0_addr = getelementptr i26 %p_anonymous_namespace_g_core_state_admm_y_u_0, i64 0, i64 %zext_ln355" [../src/../include/mpc_fpga_types.h:358->../src/mpc_fpga_top.cpp:90->../src/mpc_fpga_top.cpp:295]   --->   Operation 15 'getelementptr' 'p_anonymous_namespace_g_core_state_admm_y_u_0_addr' <Predicate = (!icmp_ln355)> <Delay = 0.00>
ST_1 : Operation 16 [1/1] (0.00ns)   --->   "%p_anonymous_namespace_g_core_state_admm_y_u_1_addr = getelementptr i26 %p_anonymous_namespace_g_core_state_admm_y_u_1, i64 0, i64 %zext_ln355" [../src/../include/mpc_fpga_types.h:358->../src/mpc_fpga_top.cpp:90->../src/mpc_fpga_top.cpp:295]   --->   Operation 16 'getelementptr' 'p_anonymous_namespace_g_core_state_admm_y_u_1_addr' <Predicate = (!icmp_ln355)> <Delay = 0.00>
ST_1 : Operation 17 [1/1] ( I:0.67ns O:0.67ns )   --->   "%store_ln358 = store i26 0, i5 %p_anonymous_namespace_g_core_state_admm_y_u_0_addr" [../src/../include/mpc_fpga_types.h:358->../src/mpc_fpga_top.cpp:90->../src/mpc_fpga_top.cpp:295]   --->   Operation 17 'store' 'store_ln358' <Predicate = (!icmp_ln355)> <Delay = 0.67> <CoreInst = "RAM">   --->   Core 82 'RAM' <Latency = 1> <II = 1> <Delay = 0.67> <Storage> <Opcode : 'load' 'store'> <Ports = 2> <Width = 26> <Depth = 20> <RAM>
ST_1 : Operation 18 [1/1] ( I:0.67ns O:0.67ns )   --->   "%store_ln358 = store i26 0, i5 %p_anonymous_namespace_g_core_state_admm_y_u_1_addr" [../src/../include/mpc_fpga_types.h:358->../src/mpc_fpga_top.cpp:90->../src/mpc_fpga_top.cpp:295]   --->   Operation 18 'store' 'store_ln358' <Predicate = (!icmp_ln355)> <Delay = 0.67> <CoreInst = "RAM">   --->   Core 82 'RAM' <Latency = 1> <II = 1> <Delay = 0.67> <Storage> <Opcode : 'load' 'store'> <Ports = 2> <Width = 26> <Depth = 20> <RAM>
ST_1 : Operation 19 [1/1] (0.42ns)   --->   "%store_ln355 = store i5 %add_ln355, i5 %k" [../src/../include/mpc_fpga_types.h:355->../src/mpc_fpga_top.cpp:90->../src/mpc_fpga_top.cpp:295]   --->   Operation 19 'store' 'store_ln355' <Predicate = (!icmp_ln355)> <Delay = 0.42>
ST_1 : Operation 20 [1/1] (0.00ns)   --->   "%br_ln355 = br void %for.body14.i.i" [../src/../include/mpc_fpga_types.h:355->../src/mpc_fpga_top.cpp:90->../src/mpc_fpga_top.cpp:295]   --->   Operation 20 'br' 'br_ln355' <Predicate = (!icmp_ln355)> <Delay = 0.00>
ST_1 : Operation 21 [1/1] (0.42ns)   --->   "%ret_ln0 = ret"   --->   Operation 21 'ret' 'ret_ln0' <Predicate = (icmp_ln355)> <Delay = 0.42>


============================================================
+ Verbose Summary: Timing violations
============================================================
Target clock period: 5.000ns, clock uncertainty: 0.500ns.

 <State 1>: 1.893ns
The critical path consists of the following:
	'store' operation ('store_ln355', ../src/../include/mpc_fpga_types.h:355->../src/mpc_fpga_top.cpp:90->../src/mpc_fpga_top.cpp:295) of constant 0 5 bit on local variable 'k', ../src/../include/mpc_fpga_types.h:355->../src/mpc_fpga_top.cpp:90->../src/mpc_fpga_top.cpp:295 [4]  (0.427 ns)
	'load' operation 5 bit ('k', ../src/../include/mpc_fpga_types.h:355->../src/mpc_fpga_top.cpp:90->../src/mpc_fpga_top.cpp:295) on local variable 'k', ../src/../include/mpc_fpga_types.h:355->../src/mpc_fpga_top.cpp:90->../src/mpc_fpga_top.cpp:295 [7]  (0.000 ns)
	'icmp' operation 1 bit ('icmp_ln355', ../src/../include/mpc_fpga_types.h:355->../src/mpc_fpga_top.cpp:90->../src/mpc_fpga_top.cpp:295) [8]  (0.789 ns)
	'store' operation ('store_ln358', ../src/../include/mpc_fpga_types.h:358->../src/mpc_fpga_top.cpp:90->../src/mpc_fpga_top.cpp:295) of constant 0 26 bit on array 'p_anonymous_namespace_g_core_state_admm_y_u_0' [18]  (0.677 ns)


============================================================
+ Verbose Summary: Binding
============================================================
N/A
* FSMD analyzer results:
  - Output states:
 - Input state : 
  - Chain level:
	State 1


============================================================
+ Verbose Summary: Datapath Resource usage 
============================================================
N/A
