

================================================================
== Vitis HLS Report for 'p_anonymous_namespace_reset_core_state_hls'
================================================================
* Date:           Thu Jun 11 16:06:47 2026

* Version:        2025.2 (Build 6295257 on Nov 14 2025)
* Project:        mpc_fpga_top_opencl
* Solution:       hls (Vitis Kernel Flow Target)
* Product family: zynquplus
* Target device:  xck26-sfvc784-2LV-c


================================================================
== Performance Estimates
================================================================
+ Timing: 
    * Summary: 
    +--------+---------+----------+------------+
    |  Clock |  Target | Estimated| Uncertainty|
    +--------+---------+----------+------------+
    |ap_clk  |  5.00 ns|  1.893 ns|     0.50 ns|
    +--------+---------+----------+------------+

+ Latency: 
    * Summary: 
    +---------+---------+----------+----------+-----+-----+---------+
    |  Latency (cycles) |  Latency (absolute) |  Interval | Pipeline|
    |   min   |   max   |    min   |    max   | min | max |   Type  |
    +---------+---------+----------+----------+-----+-----+---------+
    |       24|       24|  0.120 us|  0.120 us|   24|   24|       no|
    +---------+---------+----------+----------+-----+-----+---------+

    + Detail: 
        * Instance: 
        N/A

        * Loop: 
        N/A

============================================================
+ Verbose Summary: Synthesis Manager
============================================================
InlineROM: 1
ExposeGlobal: 0
============================================================
+ Verbose Summary: CDFG Model
============================================================
IsTopModel: 0
ResetActiveHigh: 1
IsCombinational: 0
IsDatapathOnly: 0
HasWiredReturn: 1
HasMFsm: 0
HasVarLatency: 1
IsPipeline: 0
IsRtlPipelined: 0
IsInstanceOverlapped: 0
IsDontTouch: 0
HasImplIP: 0
IsGatedGlobalClock: 0


============================================================
+ Verbose Summary: Schedule
============================================================
* Number of FSM states : 2
* Pipeline : 0
* Dataflow Pipeline: 0

* FSM state transitions: 
1 --> 2 
2 --> 

* FSM state operations: 

State 1 <SV = 0> <Delay = 0.00>
ST_1 : Operation 3 [2/2] (0.00ns)   --->   "%call_ln0 = call void @(anonymous namespace)reset_core_state_hls_Pipeline_VITIS_LOOP_322_1, i26 %p_anonymous_namespace_g_core_state_admm_z_x_0, i26 %p_anonymous_namespace_g_core_state_admm_z_x_1, i26 %p_anonymous_namespace_g_core_state_admm_z_x_2, i26 %p_anonymous_namespace_g_core_state_admm_z_x_3, i26 %p_anonymous_namespace_g_core_state_admm_z_x_4, i26 %p_anonymous_namespace_g_core_state_admm_z_x_5, i26 %p_anonymous_namespace_g_core_state_admm_z_x_6, i26 %p_anonymous_namespace_g_core_state_admm_z_x_7, i26 %p_anonymous_namespace_g_core_state_admm_y_x_0, i26 %p_anonymous_namespace_g_core_state_admm_y_x_1, i26 %p_anonymous_namespace_g_core_state_admm_y_x_2, i26 %p_anonymous_namespace_g_core_state_admm_y_x_3, i26 %p_anonymous_namespace_g_core_state_admm_y_x_4, i26 %p_anonymous_namespace_g_core_state_admm_y_x_5, i26 %p_anonymous_namespace_g_core_state_admm_y_x_6, i26 %p_anonymous_namespace_g_core_state_admm_y_x_7"   --->   Operation 3 'call' 'call_ln0' <Predicate = true> <Delay = 0.00> <CoreType = "Generic">   --->   Generic Core
ST_1 : Operation 4 [2/2] (0.00ns)   --->   "%call_ln0 = call void @(anonymous namespace)reset_core_state_hls_Pipeline_VITIS_LOOP_330_3, i26 %p_anonymous_namespace_g_core_state_admm_z_u_0, i26 %p_anonymous_namespace_g_core_state_admm_z_u_1, i26 %p_anonymous_namespace_g_core_state_admm_y_u_0, i26 %p_anonymous_namespace_g_core_state_admm_y_u_1"   --->   Operation 4 'call' 'call_ln0' <Predicate = true> <Delay = 0.00> <CoreType = "Generic">   --->   Generic Core

State 2 <SV = 1> <Delay = 1.64>
ST_2 : Operation 5 [1/2] (1.64ns)   --->   "%call_ln0 = call void @(anonymous namespace)reset_core_state_hls_Pipeline_VITIS_LOOP_322_1, i26 %p_anonymous_namespace_g_core_state_admm_z_x_0, i26 %p_anonymous_namespace_g_core_state_admm_z_x_1, i26 %p_anonymous_namespace_g_core_state_admm_z_x_2, i26 %p_anonymous_namespace_g_core_state_admm_z_x_3, i26 %p_anonymous_namespace_g_core_state_admm_z_x_4, i26 %p_anonymous_namespace_g_core_state_admm_z_x_5, i26 %p_anonymous_namespace_g_core_state_admm_z_x_6, i26 %p_anonymous_namespace_g_core_state_admm_z_x_7, i26 %p_anonymous_namespace_g_core_state_admm_y_x_0, i26 %p_anonymous_namespace_g_core_state_admm_y_x_1, i26 %p_anonymous_namespace_g_core_state_admm_y_x_2, i26 %p_anonymous_namespace_g_core_state_admm_y_x_3, i26 %p_anonymous_namespace_g_core_state_admm_y_x_4, i26 %p_anonymous_namespace_g_core_state_admm_y_x_5, i26 %p_anonymous_namespace_g_core_state_admm_y_x_6, i26 %p_anonymous_namespace_g_core_state_admm_y_x_7"   --->   Operation 5 'call' 'call_ln0' <Predicate = true> <Delay = 1.64> <CoreType = "Generic">   --->   Generic Core
ST_2 : Operation 6 [1/2] (1.64ns)   --->   "%call_ln0 = call void @(anonymous namespace)reset_core_state_hls_Pipeline_VITIS_LOOP_330_3, i26 %p_anonymous_namespace_g_core_state_admm_z_u_0, i26 %p_anonymous_namespace_g_core_state_admm_z_u_1, i26 %p_anonymous_namespace_g_core_state_admm_y_u_0, i26 %p_anonymous_namespace_g_core_state_admm_y_u_1"   --->   Operation 6 'call' 'call_ln0' <Predicate = true> <Delay = 1.64> <CoreType = "Generic">   --->   Generic Core
ST_2 : Operation 7 [1/1] (0.00ns)   --->   "%store_ln338 = store i26 0, i26 %p_anonymous_namespace_g_core_state_admm_rho" [../src/../include/mpc_fpga_types.h:338->../src/mpc_fpga_top.cpp:85->../src/mpc_fpga_top.cpp:107]   --->   Operation 7 'store' 'store_ln338' <Predicate = true> <Delay = 0.00>
ST_2 : Operation 8 [1/1] (0.00ns)   --->   "%store_ln339 = store i26 0, i26 %p_anonymous_namespace_g_core_state_admm_rho_u" [../src/../include/mpc_fpga_types.h:339->../src/mpc_fpga_top.cpp:85->../src/mpc_fpga_top.cpp:107]   --->   Operation 8 'store' 'store_ln339' <Predicate = true> <Delay = 0.00>
ST_2 : Operation 9 [1/1] (0.00ns)   --->   "%store_ln340 = store i1 0, i1 %p_anonymous_namespace_g_core_state_admm_initialized" [../src/../include/mpc_fpga_types.h:340->../src/mpc_fpga_top.cpp:85->../src/mpc_fpga_top.cpp:107]   --->   Operation 9 'store' 'store_ln340' <Predicate = true> <Delay = 0.00>
ST_2 : Operation 10 [1/1] (0.00ns)   --->   "%store_ln109 = store i26 0, i26 %p_anonymous_namespace_g_core_state_persist_prev_steer_rate" [../src/mpc_fpga_top.cpp:109]   --->   Operation 10 'store' 'store_ln109' <Predicate = true> <Delay = 0.00>
ST_2 : Operation 11 [1/1] (0.00ns)   --->   "%store_ln110 = store i26 0, i26 %p_anonymous_namespace_g_core_state_persist_prev_accel" [../src/mpc_fpga_top.cpp:110]   --->   Operation 11 'store' 'store_ln110' <Predicate = true> <Delay = 0.00>
ST_2 : Operation 12 [1/1] (0.00ns)   --->   "%store_ln112 = store i26 0, i26 %p_anonymous_namespace_g_core_state_persist_actual_steering" [../src/mpc_fpga_top.cpp:112]   --->   Operation 12 'store' 'store_ln112' <Predicate = true> <Delay = 0.00>
ST_2 : Operation 13 [1/1] (0.00ns)   --->   "%store_ln114 = store i26 0, i26 %p_anonymous_namespace_g_core_state_persist_prev_curvature" [../src/mpc_fpga_top.cpp:114]   --->   Operation 13 'store' 'store_ln114' <Predicate = true> <Delay = 0.00>
ST_2 : Operation 14 [1/1] (0.00ns)   --->   "%store_ln119 = store i1 0, i1 %p_anonymous_namespace_g_core_state_persist_prev_model_signature" [../src/mpc_fpga_top.cpp:119]   --->   Operation 14 'store' 'store_ln119' <Predicate = true> <Delay = 0.00>
ST_2 : Operation 15 [1/1] (0.00ns)   --->   "%store_ln122 = store i32 0, i32 %p_anonymous_namespace_g_core_state_persist_max_iter_streak" [../src/mpc_fpga_top.cpp:122]   --->   Operation 15 'store' 'store_ln122' <Predicate = true> <Delay = 0.00>
ST_2 : Operation 16 [1/1] (0.00ns)   --->   "%store_ln124 = store i1 0, i1 %p_anonymous_namespace_g_core_state_initialized" [../src/mpc_fpga_top.cpp:124]   --->   Operation 16 'store' 'store_ln124' <Predicate = true> <Delay = 0.00>
ST_2 : Operation 17 [1/1] (0.00ns)   --->   "%ret_ln125 = ret" [../src/mpc_fpga_top.cpp:125]   --->   Operation 17 'ret' 'ret_ln125' <Predicate = true> <Delay = 0.00>


============================================================
+ Verbose Summary: Timing violations
============================================================
Target clock period: 5.000ns, clock uncertainty: 0.500ns.

 <State 1>: 0.000ns
The critical path consists of the following:

 <State 2>: 1.643ns
The critical path consists of the following:
	'call' operation ('call_ln0') to '(anonymous namespace)reset_core_state_hls_Pipeline_VITIS_LOOP_322_1' [31]  (1.643 ns)


============================================================
+ Verbose Summary: Binding
============================================================
N/A
* FSMD analyzer results:
  - Output states:
 - Input state : 
  - Chain level:
	State 1
	State 2


============================================================
+ Verbose Summary: Datapath Resource usage 
============================================================
N/A
