

================================================================
== Vitis HLS Report for 'p_anonymous_namespace_reset_core_state_hls'
================================================================
* Date:           Thu May 21 15:23:03 2026

* Version:        2025.2 (Build 6295257 on Nov 14 2025)
* Project:        mpc_fpga_top_opencl
* Solution:       hls (Vitis Kernel Flow Target)
* Product family: zynquplus
* Target device:  xck26-sfvc784-2LV-c


================================================================
== Performance Estimates
================================================================
+ Timing: 
    * Summary: 
    +--------+---------+----------+------------+
    |  Clock |  Target | Estimated| Uncertainty|
    +--------+---------+----------+------------+
    |ap_clk  |  5.00 ns|  1.893 ns|     0.50 ns|
    +--------+---------+----------+------------+

+ Latency: 
    * Summary: 
    +---------+---------+----------+----------+-----+-----+---------+
    |  Latency (cycles) |  Latency (absolute) |  Interval | Pipeline|
    |   min   |   max   |    min   |    max   | min | max |   Type  |
    +---------+---------+----------+----------+-----+-----+---------+
    |       24|       24|  0.120 us|  0.120 us|   24|   24|       no|
    +---------+---------+----------+----------+-----+-----+---------+

    + Detail: 
        * Instance: 
        +---------------------------------------------------------------------------------+----------------------------------------------------------------------+---------+---------+----------+----------+-----+-----+-------------------+
        |                                                                                 |                                                                      |  Latency (cycles) |  Latency (absolute) |  Interval |      Pipeline     |
        |                                     Instance                                    |                                Module                                |   min   |   max   |    min   |    max   | min | max |        Type       |
        +---------------------------------------------------------------------------------+----------------------------------------------------------------------+---------+---------+----------+----------+-----+-----+-------------------+
        |grp_p_anonymous_namespace_reset_core_state_hls_Pipeline_VITIS_LOOP_364_1_fu_68   |p_anonymous_namespace_reset_core_state_hls_Pipeline_VITIS_LOOP_364_1  |       23|       23|  0.115 us|  0.115 us|    0|    0|  loop pipeline stp|
        |grp_p_anonymous_namespace_reset_core_state_hls_Pipeline_VITIS_LOOP_372_3_fu_104  |p_anonymous_namespace_reset_core_state_hls_Pipeline_VITIS_LOOP_372_3  |       22|       22|  0.110 us|  0.110 us|    0|    0|  loop pipeline stp|
        +---------------------------------------------------------------------------------+----------------------------------------------------------------------+---------+---------+----------+----------+-----+-----+-------------------+

        * Loop: 
        N/A

============================================================
+ Verbose Summary: Synthesis Manager
============================================================
InlineROM: 1
ExposeGlobal: 0
============================================================
+ Verbose Summary: CDFG Model
============================================================
IsTopModel: 0
ResetActiveHigh: 1
IsCombinational: 0
IsDatapathOnly: 0
HasWiredReturn: 1
HasMFsm: 0
HasVarLatency: 1
IsPipeline: 0
IsRtlPipelined: 0
IsInstanceOverlapped: 0
IsDontTouch: 0
HasImplIP: 0
IsGatedGlobalClock: 0


============================================================
+ Verbose Summary: Schedule
============================================================
* Number of FSM states : 2
* Pipeline : 0
* Dataflow Pipeline: 0

* FSM state transitions: 
1 --> 2 
2 --> 

* FSM state operations: 

State 1 <SV = 0> <Delay = 0.00>
ST_1 : Operation 3 [2/2] (0.00ns)   --->   "%call_ln0 = call void @(anonymous namespace)reset_core_state_hls_Pipeline_VITIS_LOOP_364_1, i32 %p_anonymous_namespace_g_core_state_admm_z_x_0, i32 %p_anonymous_namespace_g_core_state_admm_z_x_1, i32 %p_anonymous_namespace_g_core_state_admm_z_x_2, i32 %p_anonymous_namespace_g_core_state_admm_z_x_3, i32 %p_anonymous_namespace_g_core_state_admm_z_x_4, i32 %p_anonymous_namespace_g_core_state_admm_z_x_5, i32 %p_anonymous_namespace_g_core_state_admm_z_x_6, i32 %p_anonymous_namespace_g_core_state_admm_z_x_7, i32 %p_anonymous_namespace_g_core_state_admm_y_x_0, i32 %p_anonymous_namespace_g_core_state_admm_y_x_1, i32 %p_anonymous_namespace_g_core_state_admm_y_x_2, i32 %p_anonymous_namespace_g_core_state_admm_y_x_3, i32 %p_anonymous_namespace_g_core_state_admm_y_x_4, i32 %p_anonymous_namespace_g_core_state_admm_y_x_5, i32 %p_anonymous_namespace_g_core_state_admm_y_x_6, i32 %p_anonymous_namespace_g_core_state_admm_y_x_7"   --->   Operation 3 'call' 'call_ln0' <Predicate = true> <Delay = 0.00> <CoreType = "Generic">   --->   Generic Core
ST_1 : Operation 4 [2/2] (0.00ns)   --->   "%call_ln0 = call void @(anonymous namespace)reset_core_state_hls_Pipeline_VITIS_LOOP_372_3, i32 %p_anonymous_namespace_g_core_state_admm_z_u_0, i32 %p_anonymous_namespace_g_core_state_admm_z_u_1, i32 %p_anonymous_namespace_g_core_state_admm_y_u_0, i32 %p_anonymous_namespace_g_core_state_admm_y_u_1"   --->   Operation 4 'call' 'call_ln0' <Predicate = true> <Delay = 0.00> <CoreType = "Generic">   --->   Generic Core

State 2 <SV = 1> <Delay = 1.64>
ST_2 : Operation 5 [1/2] (1.64ns)   --->   "%call_ln0 = call void @(anonymous namespace)reset_core_state_hls_Pipeline_VITIS_LOOP_364_1, i32 %p_anonymous_namespace_g_core_state_admm_z_x_0, i32 %p_anonymous_namespace_g_core_state_admm_z_x_1, i32 %p_anonymous_namespace_g_core_state_admm_z_x_2, i32 %p_anonymous_namespace_g_core_state_admm_z_x_3, i32 %p_anonymous_namespace_g_core_state_admm_z_x_4, i32 %p_anonymous_namespace_g_core_state_admm_z_x_5, i32 %p_anonymous_namespace_g_core_state_admm_z_x_6, i32 %p_anonymous_namespace_g_core_state_admm_z_x_7, i32 %p_anonymous_namespace_g_core_state_admm_y_x_0, i32 %p_anonymous_namespace_g_core_state_admm_y_x_1, i32 %p_anonymous_namespace_g_core_state_admm_y_x_2, i32 %p_anonymous_namespace_g_core_state_admm_y_x_3, i32 %p_anonymous_namespace_g_core_state_admm_y_x_4, i32 %p_anonymous_namespace_g_core_state_admm_y_x_5, i32 %p_anonymous_namespace_g_core_state_admm_y_x_6, i32 %p_anonymous_namespace_g_core_state_admm_y_x_7"   --->   Operation 5 'call' 'call_ln0' <Predicate = true> <Delay = 1.64> <CoreType = "Generic">   --->   Generic Core
ST_2 : Operation 6 [1/2] (1.64ns)   --->   "%call_ln0 = call void @(anonymous namespace)reset_core_state_hls_Pipeline_VITIS_LOOP_372_3, i32 %p_anonymous_namespace_g_core_state_admm_z_u_0, i32 %p_anonymous_namespace_g_core_state_admm_z_u_1, i32 %p_anonymous_namespace_g_core_state_admm_y_u_0, i32 %p_anonymous_namespace_g_core_state_admm_y_u_1"   --->   Operation 6 'call' 'call_ln0' <Predicate = true> <Delay = 1.64> <CoreType = "Generic">   --->   Generic Core
ST_2 : Operation 7 [1/1] (0.00ns)   --->   "%store_ln380 = store i32 0, i32 %p_anonymous_namespace_g_core_state_admm_rho" [../src/../include/mpc_fpga_types.h:380->../src/mpc_fpga_top.cpp:88->../src/mpc_fpga_top.cpp:110]   --->   Operation 7 'store' 'store_ln380' <Predicate = true> <Delay = 0.00>
ST_2 : Operation 8 [1/1] (0.00ns)   --->   "%store_ln381 = store i32 0, i32 %p_anonymous_namespace_g_core_state_admm_rho_u" [../src/../include/mpc_fpga_types.h:381->../src/mpc_fpga_top.cpp:88->../src/mpc_fpga_top.cpp:110]   --->   Operation 8 'store' 'store_ln381' <Predicate = true> <Delay = 0.00>
ST_2 : Operation 9 [1/1] (0.00ns)   --->   "%store_ln382 = store i1 0, i1 %p_anonymous_namespace_g_core_state_admm_initialized" [../src/../include/mpc_fpga_types.h:382->../src/mpc_fpga_top.cpp:88->../src/mpc_fpga_top.cpp:110]   --->   Operation 9 'store' 'store_ln382' <Predicate = true> <Delay = 0.00>
ST_2 : Operation 10 [1/1] (0.00ns)   --->   "%store_ln112 = store i32 0, i32 %p_anonymous_namespace_g_core_state_persist_prev_steer_rate" [../src/mpc_fpga_top.cpp:112]   --->   Operation 10 'store' 'store_ln112' <Predicate = true> <Delay = 0.00>
ST_2 : Operation 11 [1/1] (0.00ns)   --->   "%store_ln113 = store i32 0, i32 %p_anonymous_namespace_g_core_state_persist_prev_accel" [../src/mpc_fpga_top.cpp:113]   --->   Operation 11 'store' 'store_ln113' <Predicate = true> <Delay = 0.00>
ST_2 : Operation 12 [1/1] (0.00ns)   --->   "%store_ln115 = store i32 0, i32 %p_anonymous_namespace_g_core_state_persist_actual_steering" [../src/mpc_fpga_top.cpp:115]   --->   Operation 12 'store' 'store_ln115' <Predicate = true> <Delay = 0.00>
ST_2 : Operation 13 [1/1] (0.00ns)   --->   "%store_ln117 = store i32 0, i32 %p_anonymous_namespace_g_core_state_persist_prev_curvature" [../src/mpc_fpga_top.cpp:117]   --->   Operation 13 'store' 'store_ln117' <Predicate = true> <Delay = 0.00>
ST_2 : Operation 14 [1/1] (0.00ns)   --->   "%store_ln122 = store i1 0, i1 %p_anonymous_namespace_g_core_state_persist_prev_model_signature" [../src/mpc_fpga_top.cpp:122]   --->   Operation 14 'store' 'store_ln122' <Predicate = true> <Delay = 0.00>
ST_2 : Operation 15 [1/1] (0.00ns)   --->   "%store_ln125 = store i32 0, i32 %p_anonymous_namespace_g_core_state_persist_max_iter_streak" [../src/mpc_fpga_top.cpp:125]   --->   Operation 15 'store' 'store_ln125' <Predicate = true> <Delay = 0.00>
ST_2 : Operation 16 [1/1] (0.00ns)   --->   "%store_ln127 = store i1 0, i1 %p_anonymous_namespace_g_core_state_initialized" [../src/mpc_fpga_top.cpp:127]   --->   Operation 16 'store' 'store_ln127' <Predicate = true> <Delay = 0.00>
ST_2 : Operation 17 [1/1] (0.00ns)   --->   "%ret_ln128 = ret" [../src/mpc_fpga_top.cpp:128]   --->   Operation 17 'ret' 'ret_ln128' <Predicate = true> <Delay = 0.00>


============================================================
+ Verbose Summary: Binding
============================================================
STG Binding: 
---------------- STG Properties BEGIN ----------------
- Is combinational: 0
- Is one-state seq: 0
- Is datapath-only: 0
- Is pipelined: 0
- Is top level: 0
Port [ Return ] is wired: 1; IO mode=ap_ctrl_hs:ce=0
Port [ p_anonymous_namespace_g_core_state_admm_z_x_0]:  wired=1; compound=1; hidden=0; nouse=0; global=1; static=1; extern=0; dir=1; type=1; pingpong=0; private_global=0; MemPort=[03]; IO mode=ap_memory:ce=0
Port [ p_anonymous_namespace_g_core_state_admm_z_x_1]:  wired=1; compound=1; hidden=0; nouse=0; global=1; static=1; extern=0; dir=1; type=1; pingpong=0; private_global=0; MemPort=[03]; IO mode=ap_memory:ce=0
Port [ p_anonymous_namespace_g_core_state_admm_z_x_2]:  wired=1; compound=1; hidden=0; nouse=0; global=1; static=1; extern=0; dir=1; type=1; pingpong=0; private_global=0; MemPort=[03]; IO mode=ap_memory:ce=0
Port [ p_anonymous_namespace_g_core_state_admm_z_x_3]:  wired=1; compound=1; hidden=0; nouse=0; global=1; static=1; extern=0; dir=1; type=1; pingpong=0; private_global=0; MemPort=[03]; IO mode=ap_memory:ce=0
Port [ p_anonymous_namespace_g_core_state_admm_z_x_4]:  wired=1; compound=1; hidden=0; nouse=0; global=1; static=1; extern=0; dir=1; type=1; pingpong=0; private_global=0; MemPort=[03]; IO mode=ap_memory:ce=0
Port [ p_anonymous_namespace_g_core_state_admm_z_x_5]:  wired=1; compound=1; hidden=0; nouse=0; global=1; static=1; extern=0; dir=1; type=1; pingpong=0; private_global=0; MemPort=[03]; IO mode=ap_memory:ce=0
Port [ p_anonymous_namespace_g_core_state_admm_z_x_6]:  wired=1; compound=1; hidden=0; nouse=0; global=1; static=1; extern=0; dir=1; type=1; pingpong=0; private_global=0; MemPort=[03]; IO mode=ap_memory:ce=0
Port [ p_anonymous_namespace_g_core_state_admm_z_x_7]:  wired=1; compound=1; hidden=0; nouse=0; global=1; static=1; extern=0; dir=1; type=1; pingpong=0; private_global=0; MemPort=[03]; IO mode=ap_memory:ce=0
Port [ p_anonymous_namespace_g_core_state_admm_y_x_0]:  wired=1; compound=1; hidden=0; nouse=0; global=1; static=1; extern=0; dir=1; type=1; pingpong=0; private_global=0; MemPort=[03]; IO mode=ap_memory:ce=0
Port [ p_anonymous_namespace_g_core_state_admm_y_x_1]:  wired=1; compound=1; hidden=0; nouse=0; global=1; static=1; extern=0; dir=1; type=1; pingpong=0; private_global=0; MemPort=[03]; IO mode=ap_memory:ce=0
Port [ p_anonymous_namespace_g_core_state_admm_y_x_2]:  wired=1; compound=1; hidden=0; nouse=0; global=1; static=1; extern=0; dir=1; type=1; pingpong=0; private_global=0; MemPort=[03]; IO mode=ap_memory:ce=0
Port [ p_anonymous_namespace_g_core_state_admm_y_x_3]:  wired=1; compound=1; hidden=0; nouse=0; global=1; static=1; extern=0; dir=1; type=1; pingpong=0; private_global=0; MemPort=[03]; IO mode=ap_memory:ce=0
Port [ p_anonymous_namespace_g_core_state_admm_y_x_4]:  wired=1; compound=1; hidden=0; nouse=0; global=1; static=1; extern=0; dir=1; type=1; pingpong=0; private_global=0; MemPort=[03]; IO mode=ap_memory:ce=0
Port [ p_anonymous_namespace_g_core_state_admm_y_x_5]:  wired=1; compound=1; hidden=0; nouse=0; global=1; static=1; extern=0; dir=1; type=1; pingpong=0; private_global=0; MemPort=[03]; IO mode=ap_memory:ce=0
Port [ p_anonymous_namespace_g_core_state_admm_y_x_6]:  wired=1; compound=1; hidden=0; nouse=0; global=1; static=1; extern=0; dir=1; type=1; pingpong=0; private_global=0; MemPort=[03]; IO mode=ap_memory:ce=0
Port [ p_anonymous_namespace_g_core_state_admm_y_x_7]:  wired=1; compound=1; hidden=0; nouse=0; global=1; static=1; extern=0; dir=1; type=1; pingpong=0; private_global=0; MemPort=[03]; IO mode=ap_memory:ce=0
Port [ p_anonymous_namespace_g_core_state_admm_z_u_0]:  wired=1; compound=1; hidden=0; nouse=0; global=1; static=1; extern=0; dir=1; type=1; pingpong=0; private_global=0; MemPort=[03]; IO mode=ap_memory:ce=0
Port [ p_anonymous_namespace_g_core_state_admm_z_u_1]:  wired=1; compound=1; hidden=0; nouse=0; global=1; static=1; extern=0; dir=1; type=1; pingpong=0; private_global=0; MemPort=[03]; IO mode=ap_memory:ce=0
Port [ p_anonymous_namespace_g_core_state_admm_y_u_0]:  wired=1; compound=1; hidden=0; nouse=0; global=1; static=1; extern=0; dir=1; type=1; pingpong=0; private_global=0; MemPort=[03]; IO mode=ap_memory:ce=0
Port [ p_anonymous_namespace_g_core_state_admm_y_u_1]:  wired=1; compound=1; hidden=0; nouse=0; global=1; static=1; extern=0; dir=1; type=1; pingpong=0; private_global=0; MemPort=[03]; IO mode=ap_memory:ce=0
Port [ p_anonymous_namespace_g_core_state_admm_rho]:  wired=1; compound=0; hidden=0; nouse=0; global=1; static=1; extern=0; dir=1; type=0; pingpong=0; private_global=0; IO mode=ap_vld:ce=0
Port [ p_anonymous_namespace_g_core_state_admm_rho_u]:  wired=1; compound=0; hidden=0; nouse=0; global=1; static=1; extern=0; dir=1; type=0; pingpong=0; private_global=0; IO mode=ap_vld:ce=0
Port [ p_anonymous_namespace_g_core_state_admm_initialized]:  wired=1; compound=0; hidden=0; nouse=0; global=1; static=1; extern=0; dir=1; type=0; pingpong=0; private_global=0; IO mode=ap_vld:ce=0
Port [ p_anonymous_namespace_g_core_state_persist_prev_steer_rate]:  wired=1; compound=0; hidden=0; nouse=0; global=1; static=1; extern=0; dir=1; type=0; pingpong=0; private_global=0; IO mode=ap_vld:ce=0
Port [ p_anonymous_namespace_g_core_state_persist_prev_accel]:  wired=1; compound=0; hidden=0; nouse=0; global=1; static=1; extern=0; dir=1; type=0; pingpong=0; private_global=0; IO mode=ap_vld:ce=0
Port [ p_anonymous_namespace_g_core_state_persist_actual_steering]:  wired=1; compound=0; hidden=0; nouse=0; global=1; static=1; extern=0; dir=1; type=0; pingpong=0; private_global=0; IO mode=ap_vld:ce=0
Port [ p_anonymous_namespace_g_core_state_persist_prev_curvature]:  wired=1; compound=0; hidden=0; nouse=0; global=1; static=1; extern=0; dir=1; type=0; pingpong=0; private_global=0; IO mode=ap_vld:ce=0
Port [ p_anonymous_namespace_g_core_state_persist_prev_model_signature]:  wired=1; compound=0; hidden=0; nouse=0; global=1; static=1; extern=0; dir=1; type=0; pingpong=0; private_global=0; IO mode=ap_vld:ce=0
Port [ p_anonymous_namespace_g_core_state_persist_max_iter_streak]:  wired=1; compound=0; hidden=0; nouse=0; global=1; static=1; extern=0; dir=1; type=0; pingpong=0; private_global=0; IO mode=ap_vld:ce=0
Port [ p_anonymous_namespace_g_core_state_initialized]:  wired=1; compound=0; hidden=0; nouse=0; global=1; static=1; extern=0; dir=1; type=0; pingpong=0; private_global=0; IO mode=ap_vld:ce=0
---------------- STG Properties END ------------------

---------------- Datapath Model BEGIN ----------------

<LifeTime>
<method=bitvector/>
call_ln0    (call ) [ 000]
call_ln0    (call ) [ 000]
store_ln380 (store) [ 000]
store_ln381 (store) [ 000]
store_ln382 (store) [ 000]
store_ln112 (store) [ 000]
store_ln113 (store) [ 000]
store_ln115 (store) [ 000]
store_ln117 (store) [ 000]
store_ln122 (store) [ 000]
store_ln125 (store) [ 000]
store_ln127 (store) [ 000]
ret_ln128   (ret  ) [ 000]
</LifeTime>

<model>

<comp_list>
<comp id="0" class="1000" name="p_anonymous_namespace_g_core_state_admm_z_x_0">
<pin_list>
<pin id="1" dir="1" index="0" bw="1" slack="0"/>
</pin_list>
<bind>
<StgValue><ssdm name="p_anonymous_namespace_g_core_state_admm_z_x_0"/><MemPortTyVec>0 3 </MemPortTyVec>
</StgValue>
</bind>
</comp>

<comp id="2" class="1000" name="p_anonymous_namespace_g_core_state_admm_z_x_1">
<pin_list>
<pin id="3" dir="1" index="0" bw="1" slack="0"/>
</pin_list>
<bind>
<StgValue><ssdm name="p_anonymous_namespace_g_core_state_admm_z_x_1"/><MemPortTyVec>0 3 </MemPortTyVec>
</StgValue>
</bind>
</comp>

<comp id="4" class="1000" name="p_anonymous_namespace_g_core_state_admm_z_x_2">
<pin_list>
<pin id="5" dir="1" index="0" bw="1" slack="0"/>
</pin_list>
<bind>
<StgValue><ssdm name="p_anonymous_namespace_g_core_state_admm_z_x_2"/><MemPortTyVec>0 3 </MemPortTyVec>
</StgValue>
</bind>
</comp>

<comp id="6" class="1000" name="p_anonymous_namespace_g_core_state_admm_z_x_3">
<pin_list>
<pin id="7" dir="1" index="0" bw="1" slack="0"/>
</pin_list>
<bind>
<StgValue><ssdm name="p_anonymous_namespace_g_core_state_admm_z_x_3"/><MemPortTyVec>0 3 </MemPortTyVec>
</StgValue>
</bind>
</comp>

<comp id="8" class="1000" name="p_anonymous_namespace_g_core_state_admm_z_x_4">
<pin_list>
<pin id="9" dir="1" index="0" bw="1" slack="0"/>
</pin_list>
<bind>
<StgValue><ssdm name="p_anonymous_namespace_g_core_state_admm_z_x_4"/><MemPortTyVec>0 3 </MemPortTyVec>
</StgValue>
</bind>
</comp>

<comp id="10" class="1000" name="p_anonymous_namespace_g_core_state_admm_z_x_5">
<pin_list>
<pin id="11" dir="1" index="0" bw="1" slack="0"/>
</pin_list>
<bind>
<StgValue><ssdm name="p_anonymous_namespace_g_core_state_admm_z_x_5"/><MemPortTyVec>0 3 </MemPortTyVec>
</StgValue>
</bind>
</comp>

<comp id="12" class="1000" name="p_anonymous_namespace_g_core_state_admm_z_x_6">
<pin_list>
<pin id="13" dir="1" index="0" bw="1" slack="0"/>
</pin_list>
<bind>
<StgValue><ssdm name="p_anonymous_namespace_g_core_state_admm_z_x_6"/><MemPortTyVec>0 3 </MemPortTyVec>
</StgValue>
</bind>
</comp>

<comp id="14" class="1000" name="p_anonymous_namespace_g_core_state_admm_z_x_7">
<pin_list>
<pin id="15" dir="1" index="0" bw="1" slack="0"/>
</pin_list>
<bind>
<StgValue><ssdm name="p_anonymous_namespace_g_core_state_admm_z_x_7"/><MemPortTyVec>0 3 </MemPortTyVec>
</StgValue>
</bind>
</comp>

<comp id="16" class="1000" name="p_anonymous_namespace_g_core_state_admm_y_x_0">
<pin_list>
<pin id="17" dir="1" index="0" bw="1" slack="0"/>
</pin_list>
<bind>
<StgValue><ssdm name="p_anonymous_namespace_g_core_state_admm_y_x_0"/><MemPortTyVec>0 3 </MemPortTyVec>
</StgValue>
</bind>
</comp>

<comp id="18" class="1000" name="p_anonymous_namespace_g_core_state_admm_y_x_1">
<pin_list>
<pin id="19" dir="1" index="0" bw="1" slack="0"/>
</pin_list>
<bind>
<StgValue><ssdm name="p_anonymous_namespace_g_core_state_admm_y_x_1"/><MemPortTyVec>0 3 </MemPortTyVec>
</StgValue>
</bind>
</comp>

<comp id="20" class="1000" name="p_anonymous_namespace_g_core_state_admm_y_x_2">
<pin_list>
<pin id="21" dir="1" index="0" bw="1" slack="0"/>
</pin_list>
<bind>
<StgValue><ssdm name="p_anonymous_namespace_g_core_state_admm_y_x_2"/><MemPortTyVec>0 3 </MemPortTyVec>
</StgValue>
</bind>
</comp>

<comp id="22" class="1000" name="p_anonymous_namespace_g_core_state_admm_y_x_3">
<pin_list>
<pin id="23" dir="1" index="0" bw="1" slack="0"/>
</pin_list>
<bind>
<StgValue><ssdm name="p_anonymous_namespace_g_core_state_admm_y_x_3"/><MemPortTyVec>0 3 </MemPortTyVec>
</StgValue>
</bind>
</comp>

<comp id="24" class="1000" name="p_anonymous_namespace_g_core_state_admm_y_x_4">
<pin_list>
<pin id="25" dir="1" index="0" bw="1" slack="0"/>
</pin_list>
<bind>
<StgValue><ssdm name="p_anonymous_namespace_g_core_state_admm_y_x_4"/><MemPortTyVec>0 3 </MemPortTyVec>
</StgValue>
</bind>
</comp>

<comp id="26" class="1000" name="p_anonymous_namespace_g_core_state_admm_y_x_5">
<pin_list>
<pin id="27" dir="1" index="0" bw="1" slack="0"/>
</pin_list>
<bind>
<StgValue><ssdm name="p_anonymous_namespace_g_core_state_admm_y_x_5"/><MemPortTyVec>0 3 </MemPortTyVec>
</StgValue>
</bind>
</comp>

<comp id="28" class="1000" name="p_anonymous_namespace_g_core_state_admm_y_x_6">
<pin_list>
<pin id="29" dir="1" index="0" bw="1" slack="0"/>
</pin_list>
<bind>
<StgValue><ssdm name="p_anonymous_namespace_g_core_state_admm_y_x_6"/><MemPortTyVec>0 3 </MemPortTyVec>
</StgValue>
</bind>
</comp>

<comp id="30" class="1000" name="p_anonymous_namespace_g_core_state_admm_y_x_7">
<pin_list>
<pin id="31" dir="1" index="0" bw="1" slack="0"/>
</pin_list>
<bind>
<StgValue><ssdm name="p_anonymous_namespace_g_core_state_admm_y_x_7"/><MemPortTyVec>0 3 </MemPortTyVec>
</StgValue>
</bind>
</comp>

<comp id="32" class="1000" name="p_anonymous_namespace_g_core_state_admm_z_u_0">
<pin_list>
<pin id="33" dir="1" index="0" bw="1" slack="0"/>
</pin_list>
<bind>
<StgValue><ssdm name="p_anonymous_namespace_g_core_state_admm_z_u_0"/><MemPortTyVec>0 3 </MemPortTyVec>
</StgValue>
</bind>
</comp>

<comp id="34" class="1000" name="p_anonymous_namespace_g_core_state_admm_z_u_1">
<pin_list>
<pin id="35" dir="1" index="0" bw="1" slack="0"/>
</pin_list>
<bind>
<StgValue><ssdm name="p_anonymous_namespace_g_core_state_admm_z_u_1"/><MemPortTyVec>0 3 </MemPortTyVec>
</StgValue>
</bind>
</comp>

<comp id="36" class="1000" name="p_anonymous_namespace_g_core_state_admm_y_u_0">
<pin_list>
<pin id="37" dir="1" index="0" bw="1" slack="0"/>
</pin_list>
<bind>
<StgValue><ssdm name="p_anonymous_namespace_g_core_state_admm_y_u_0"/><MemPortTyVec>0 3 </MemPortTyVec>
</StgValue>
</bind>
</comp>

<comp id="38" class="1000" name="p_anonymous_namespace_g_core_state_admm_y_u_1">
<pin_list>
<pin id="39" dir="1" index="0" bw="1" slack="0"/>
</pin_list>
<bind>
<StgValue><ssdm name="p_anonymous_namespace_g_core_state_admm_y_u_1"/><MemPortTyVec>0 3 </MemPortTyVec>
</StgValue>
</bind>
</comp>

<comp id="40" class="1000" name="p_anonymous_namespace_g_core_state_admm_rho">
<pin_list>
<pin id="41" dir="1" index="0" bw="1" slack="0"/>
</pin_list>
<bind>
<StgValue><ssdm name="p_anonymous_namespace_g_core_state_admm_rho"/></StgValue>
</bind>
</comp>

<comp id="42" class="1000" name="p_anonymous_namespace_g_core_state_admm_rho_u">
<pin_list>
<pin id="43" dir="1" index="0" bw="1" slack="0"/>
</pin_list>
<bind>
<StgValue><ssdm name="p_anonymous_namespace_g_core_state_admm_rho_u"/></StgValue>
</bind>
</comp>

<comp id="44" class="1000" name="p_anonymous_namespace_g_core_state_admm_initialized">
<pin_list>
<pin id="45" dir="1" index="0" bw="1" slack="0"/>
</pin_list>
<bind>
<StgValue><ssdm name="p_anonymous_namespace_g_core_state_admm_initialized"/></StgValue>
</bind>
</comp>

<comp id="46" class="1000" name="p_anonymous_namespace_g_core_state_persist_prev_steer_rate">
<pin_list>
<pin id="47" dir="1" index="0" bw="1" slack="0"/>
</pin_list>
<bind>
<StgValue><ssdm name="p_anonymous_namespace_g_core_state_persist_prev_steer_rate"/></StgValue>
</bind>
</comp>

<comp id="48" class="1000" name="p_anonymous_namespace_g_core_state_persist_prev_accel">
<pin_list>
<pin id="49" dir="1" index="0" bw="1" slack="0"/>
</pin_list>
<bind>
<StgValue><ssdm name="p_anonymous_namespace_g_core_state_persist_prev_accel"/></StgValue>
</bind>
</comp>

<comp id="50" class="1000" name="p_anonymous_namespace_g_core_state_persist_actual_steering">
<pin_list>
<pin id="51" dir="1" index="0" bw="1" slack="0"/>
</pin_list>
<bind>
<StgValue><ssdm name="p_anonymous_namespace_g_core_state_persist_actual_steering"/></StgValue>
</bind>
</comp>

<comp id="52" class="1000" name="p_anonymous_namespace_g_core_state_persist_prev_curvature">
<pin_list>
<pin id="53" dir="1" index="0" bw="1" slack="0"/>
</pin_list>
<bind>
<StgValue><ssdm name="p_anonymous_namespace_g_core_state_persist_prev_curvature"/></StgValue>
</bind>
</comp>

<comp id="54" class="1000" name="p_anonymous_namespace_g_core_state_persist_prev_model_signature">
<pin_list>
<pin id="55" dir="1" index="0" bw="1" slack="0"/>
</pin_list>
<bind>
<StgValue><ssdm name="p_anonymous_namespace_g_core_state_persist_prev_model_signature"/></StgValue>
</bind>
</comp>

<comp id="56" class="1000" name="p_anonymous_namespace_g_core_state_persist_max_iter_streak">
<pin_list>
<pin id="57" dir="1" index="0" bw="1" slack="0"/>
</pin_list>
<bind>
<StgValue><ssdm name="p_anonymous_namespace_g_core_state_persist_max_iter_streak"/></StgValue>
</bind>
</comp>

<comp id="58" class="1000" name="p_anonymous_namespace_g_core_state_initialized">
<pin_list>
<pin id="59" dir="1" index="0" bw="1" slack="0"/>
</pin_list>
<bind>
<StgValue><ssdm name="p_anonymous_namespace_g_core_state_initialized"/></StgValue>
</bind>
</comp>

<comp id="60" class="1001" name="const_60">
<pin_list>
<pin id="61" dir="1" index="0" bw="1" slack="0"/>
</pin_list>
<bind>
<StgValue><ssdm name="(anonymous namespace)reset_core_state_hls_Pipeline_VITIS_LOOP_364_1"/></StgValue>
</bind>
</comp>

<comp id="62" class="1001" name="const_62">
<pin_list>
<pin id="63" dir="1" index="0" bw="1" slack="0"/>
</pin_list>
<bind>
<StgValue><ssdm name="(anonymous namespace)reset_core_state_hls_Pipeline_VITIS_LOOP_372_3"/></StgValue>
</bind>
</comp>

<comp id="64" class="1001" name="const_64">
<pin_list>
<pin id="65" dir="1" index="0" bw="1" slack="0"/>
</pin_list>
<bind>
<StgValue><ssdm name=""/></StgValue>
</bind>
</comp>

<comp id="66" class="1001" name="const_66">
<pin_list>
<pin id="67" dir="1" index="0" bw="1" slack="0"/>
</pin_list>
<bind>
<StgValue><ssdm name=""/></StgValue>
</bind>
</comp>

<comp id="68" class="1004" name="grp_p_anonymous_namespace_reset_core_state_hls_Pipeline_VITIS_LOOP_364_1_fu_68">
<pin_list>
<pin id="69" dir="0" index="0" bw="0" slack="0"/>
<pin id="70" dir="0" index="1" bw="32" slack="0"/>
<pin id="71" dir="0" index="2" bw="32" slack="0"/>
<pin id="72" dir="0" index="3" bw="32" slack="0"/>
<pin id="73" dir="0" index="4" bw="32" slack="0"/>
<pin id="74" dir="0" index="5" bw="32" slack="0"/>
<pin id="75" dir="0" index="6" bw="32" slack="0"/>
<pin id="76" dir="0" index="7" bw="32" slack="0"/>
<pin id="77" dir="0" index="8" bw="32" slack="0"/>
<pin id="78" dir="0" index="9" bw="32" slack="0"/>
<pin id="79" dir="0" index="10" bw="32" slack="0"/>
<pin id="80" dir="0" index="11" bw="32" slack="0"/>
<pin id="81" dir="0" index="12" bw="32" slack="0"/>
<pin id="82" dir="0" index="13" bw="32" slack="0"/>
<pin id="83" dir="0" index="14" bw="32" slack="0"/>
<pin id="84" dir="0" index="15" bw="32" slack="0"/>
<pin id="85" dir="0" index="16" bw="32" slack="0"/>
<pin id="86" dir="1" index="17" bw="0" slack="2147483647"/>
</pin_list>
<bind>
<opcode="call(48) " fcode="call"/>
<opset="call_ln0/1 "/>
</bind>
</comp>

<comp id="104" class="1004" name="grp_p_anonymous_namespace_reset_core_state_hls_Pipeline_VITIS_LOOP_372_3_fu_104">
<pin_list>
<pin id="105" dir="0" index="0" bw="0" slack="0"/>
<pin id="106" dir="0" index="1" bw="32" slack="0"/>
<pin id="107" dir="0" index="2" bw="32" slack="0"/>
<pin id="108" dir="0" index="3" bw="32" slack="0"/>
<pin id="109" dir="0" index="4" bw="32" slack="0"/>
<pin id="110" dir="1" index="5" bw="0" slack="2147483647"/>
</pin_list>
<bind>
<opcode="call(48) " fcode="call"/>
<opset="call_ln0/1 "/>
</bind>
</comp>

<comp id="116" class="1004" name="store_ln380_store_fu_116">
<pin_list>
<pin id="117" dir="0" index="0" bw="1" slack="0"/>
<pin id="118" dir="0" index="1" bw="32" slack="0"/>
<pin id="119" dir="1" index="2" bw="0" slack="2147483647"/>
</pin_list>
<bind>
<opcode="store(28) " fcode="store"/>
<opset="store_ln380/2 "/>
</bind>
</comp>

<comp id="122" class="1004" name="store_ln381_store_fu_122">
<pin_list>
<pin id="123" dir="0" index="0" bw="1" slack="0"/>
<pin id="124" dir="0" index="1" bw="32" slack="0"/>
<pin id="125" dir="1" index="2" bw="0" slack="2147483647"/>
</pin_list>
<bind>
<opcode="store(28) " fcode="store"/>
<opset="store_ln381/2 "/>
</bind>
</comp>

<comp id="128" class="1004" name="store_ln382_store_fu_128">
<pin_list>
<pin id="129" dir="0" index="0" bw="1" slack="0"/>
<pin id="130" dir="0" index="1" bw="1" slack="0"/>
<pin id="131" dir="1" index="2" bw="0" slack="2147483647"/>
</pin_list>
<bind>
<opcode="store(28) " fcode="store"/>
<opset="store_ln382/2 "/>
</bind>
</comp>

<comp id="134" class="1004" name="store_ln112_store_fu_134">
<pin_list>
<pin id="135" dir="0" index="0" bw="1" slack="0"/>
<pin id="136" dir="0" index="1" bw="32" slack="0"/>
<pin id="137" dir="1" index="2" bw="0" slack="2147483647"/>
</pin_list>
<bind>
<opcode="store(28) " fcode="store"/>
<opset="store_ln112/2 "/>
</bind>
</comp>

<comp id="140" class="1004" name="store_ln113_store_fu_140">
<pin_list>
<pin id="141" dir="0" index="0" bw="1" slack="0"/>
<pin id="142" dir="0" index="1" bw="32" slack="0"/>
<pin id="143" dir="1" index="2" bw="0" slack="2147483647"/>
</pin_list>
<bind>
<opcode="store(28) " fcode="store"/>
<opset="store_ln113/2 "/>
</bind>
</comp>

<comp id="146" class="1004" name="store_ln115_store_fu_146">
<pin_list>
<pin id="147" dir="0" index="0" bw="1" slack="0"/>
<pin id="148" dir="0" index="1" bw="32" slack="0"/>
<pin id="149" dir="1" index="2" bw="0" slack="2147483647"/>
</pin_list>
<bind>
<opcode="store(28) " fcode="store"/>
<opset="store_ln115/2 "/>
</bind>
</comp>

<comp id="152" class="1004" name="store_ln117_store_fu_152">
<pin_list>
<pin id="153" dir="0" index="0" bw="1" slack="0"/>
<pin id="154" dir="0" index="1" bw="32" slack="0"/>
<pin id="155" dir="1" index="2" bw="0" slack="2147483647"/>
</pin_list>
<bind>
<opcode="store(28) " fcode="store"/>
<opset="store_ln117/2 "/>
</bind>
</comp>

<comp id="158" class="1004" name="store_ln122_store_fu_158">
<pin_list>
<pin id="159" dir="0" index="0" bw="1" slack="0"/>
<pin id="160" dir="0" index="1" bw="1" slack="0"/>
<pin id="161" dir="1" index="2" bw="0" slack="2147483647"/>
</pin_list>
<bind>
<opcode="store(28) " fcode="store"/>
<opset="store_ln122/2 "/>
</bind>
</comp>

<comp id="164" class="1004" name="store_ln125_store_fu_164">
<pin_list>
<pin id="165" dir="0" index="0" bw="1" slack="0"/>
<pin id="166" dir="0" index="1" bw="32" slack="0"/>
<pin id="167" dir="1" index="2" bw="0" slack="2147483647"/>
</pin_list>
<bind>
<opcode="store(28) " fcode="store"/>
<opset="store_ln125/2 "/>
</bind>
</comp>

<comp id="170" class="1004" name="store_ln127_store_fu_170">
<pin_list>
<pin id="171" dir="0" index="0" bw="1" slack="0"/>
<pin id="172" dir="0" index="1" bw="1" slack="0"/>
<pin id="173" dir="1" index="2" bw="0" slack="2147483647"/>
</pin_list>
<bind>
<opcode="store(28) " fcode="store"/>
<opset="store_ln127/2 "/>
</bind>
</comp>

</comp_list>

<net_list>
<net id="87"><net_src comp="60" pin="0"/><net_sink comp="68" pin=0"/></net>

<net id="88"><net_src comp="0" pin="0"/><net_sink comp="68" pin=1"/></net>

<net id="89"><net_src comp="2" pin="0"/><net_sink comp="68" pin=2"/></net>

<net id="90"><net_src comp="4" pin="0"/><net_sink comp="68" pin=3"/></net>

<net id="91"><net_src comp="6" pin="0"/><net_sink comp="68" pin=4"/></net>

<net id="92"><net_src comp="8" pin="0"/><net_sink comp="68" pin=5"/></net>

<net id="93"><net_src comp="10" pin="0"/><net_sink comp="68" pin=6"/></net>

<net id="94"><net_src comp="12" pin="0"/><net_sink comp="68" pin=7"/></net>

<net id="95"><net_src comp="14" pin="0"/><net_sink comp="68" pin=8"/></net>

<net id="96"><net_src comp="16" pin="0"/><net_sink comp="68" pin=9"/></net>

<net id="97"><net_src comp="18" pin="0"/><net_sink comp="68" pin=10"/></net>

<net id="98"><net_src comp="20" pin="0"/><net_sink comp="68" pin=11"/></net>

<net id="99"><net_src comp="22" pin="0"/><net_sink comp="68" pin=12"/></net>

<net id="100"><net_src comp="24" pin="0"/><net_sink comp="68" pin=13"/></net>

<net id="101"><net_src comp="26" pin="0"/><net_sink comp="68" pin=14"/></net>

<net id="102"><net_src comp="28" pin="0"/><net_sink comp="68" pin=15"/></net>

<net id="103"><net_src comp="30" pin="0"/><net_sink comp="68" pin=16"/></net>

<net id="111"><net_src comp="62" pin="0"/><net_sink comp="104" pin=0"/></net>

<net id="112"><net_src comp="32" pin="0"/><net_sink comp="104" pin=1"/></net>

<net id="113"><net_src comp="34" pin="0"/><net_sink comp="104" pin=2"/></net>

<net id="114"><net_src comp="36" pin="0"/><net_sink comp="104" pin=3"/></net>

<net id="115"><net_src comp="38" pin="0"/><net_sink comp="104" pin=4"/></net>

<net id="120"><net_src comp="64" pin="0"/><net_sink comp="116" pin=0"/></net>

<net id="121"><net_src comp="40" pin="0"/><net_sink comp="116" pin=1"/></net>

<net id="126"><net_src comp="64" pin="0"/><net_sink comp="122" pin=0"/></net>

<net id="127"><net_src comp="42" pin="0"/><net_sink comp="122" pin=1"/></net>

<net id="132"><net_src comp="66" pin="0"/><net_sink comp="128" pin=0"/></net>

<net id="133"><net_src comp="44" pin="0"/><net_sink comp="128" pin=1"/></net>

<net id="138"><net_src comp="64" pin="0"/><net_sink comp="134" pin=0"/></net>

<net id="139"><net_src comp="46" pin="0"/><net_sink comp="134" pin=1"/></net>

<net id="144"><net_src comp="64" pin="0"/><net_sink comp="140" pin=0"/></net>

<net id="145"><net_src comp="48" pin="0"/><net_sink comp="140" pin=1"/></net>

<net id="150"><net_src comp="64" pin="0"/><net_sink comp="146" pin=0"/></net>

<net id="151"><net_src comp="50" pin="0"/><net_sink comp="146" pin=1"/></net>

<net id="156"><net_src comp="64" pin="0"/><net_sink comp="152" pin=0"/></net>

<net id="157"><net_src comp="52" pin="0"/><net_sink comp="152" pin=1"/></net>

<net id="162"><net_src comp="66" pin="0"/><net_sink comp="158" pin=0"/></net>

<net id="163"><net_src comp="54" pin="0"/><net_sink comp="158" pin=1"/></net>

<net id="168"><net_src comp="64" pin="0"/><net_sink comp="164" pin=0"/></net>

<net id="169"><net_src comp="56" pin="0"/><net_sink comp="164" pin=1"/></net>

<net id="174"><net_src comp="66" pin="0"/><net_sink comp="170" pin=0"/></net>

<net id="175"><net_src comp="58" pin="0"/><net_sink comp="170" pin=1"/></net>

</net_list>

</model> 
---------------- Datapath Model END ------------------

* FSMD analyzer results:
  - Output states:
	Port: p_anonymous_namespace_g_core_state_admm_z_x_0 | {1 2 }
	Port: p_anonymous_namespace_g_core_state_admm_z_x_1 | {1 2 }
	Port: p_anonymous_namespace_g_core_state_admm_z_x_2 | {1 2 }
	Port: p_anonymous_namespace_g_core_state_admm_z_x_3 | {1 2 }
	Port: p_anonymous_namespace_g_core_state_admm_z_x_4 | {1 2 }
	Port: p_anonymous_namespace_g_core_state_admm_z_x_5 | {1 2 }
	Port: p_anonymous_namespace_g_core_state_admm_z_x_6 | {1 2 }
	Port: p_anonymous_namespace_g_core_state_admm_z_x_7 | {1 2 }
	Port: p_anonymous_namespace_g_core_state_admm_y_x_0 | {1 2 }
	Port: p_anonymous_namespace_g_core_state_admm_y_x_1 | {1 2 }
	Port: p_anonymous_namespace_g_core_state_admm_y_x_2 | {1 2 }
	Port: p_anonymous_namespace_g_core_state_admm_y_x_3 | {1 2 }
	Port: p_anonymous_namespace_g_core_state_admm_y_x_4 | {1 2 }
	Port: p_anonymous_namespace_g_core_state_admm_y_x_5 | {1 2 }
	Port: p_anonymous_namespace_g_core_state_admm_y_x_6 | {1 2 }
	Port: p_anonymous_namespace_g_core_state_admm_y_x_7 | {1 2 }
	Port: p_anonymous_namespace_g_core_state_admm_z_u_0 | {1 2 }
	Port: p_anonymous_namespace_g_core_state_admm_z_u_1 | {1 2 }
	Port: p_anonymous_namespace_g_core_state_admm_y_u_0 | {1 2 }
	Port: p_anonymous_namespace_g_core_state_admm_y_u_1 | {1 2 }
	Port: p_anonymous_namespace_g_core_state_admm_rho | {2 }
	Port: p_anonymous_namespace_g_core_state_admm_rho_u | {2 }
	Port: p_anonymous_namespace_g_core_state_admm_initialized | {2 }
	Port: p_anonymous_namespace_g_core_state_persist_prev_steer_rate | {2 }
	Port: p_anonymous_namespace_g_core_state_persist_prev_accel | {2 }
	Port: p_anonymous_namespace_g_core_state_persist_actual_steering | {2 }
	Port: p_anonymous_namespace_g_core_state_persist_prev_curvature | {2 }
	Port: p_anonymous_namespace_g_core_state_persist_prev_model_signature | {2 }
	Port: p_anonymous_namespace_g_core_state_persist_max_iter_streak | {2 }
	Port: p_anonymous_namespace_g_core_state_initialized | {2 }
 - Input state : 
  - Chain level:
	State 1
	State 2


============================================================
+ Verbose Summary: Datapath Resource usage 
============================================================

* Functional unit list:
|----------|---------------------------------------------------------------------------------|---------|---------|
| Operation|                                 Functional Unit                                 |    FF   |   LUT   |
|----------|---------------------------------------------------------------------------------|---------|---------|
|   call   |  grp_p_anonymous_namespace_reset_core_state_hls_Pipeline_VITIS_LOOP_364_1_fu_68 |    5    |    24   |
|          | grp_p_anonymous_namespace_reset_core_state_hls_Pipeline_VITIS_LOOP_372_3_fu_104 |    5    |    24   |
|----------|---------------------------------------------------------------------------------|---------|---------|
|   Total  |                                                                                 |    10   |    48   |
|----------|---------------------------------------------------------------------------------|---------|---------|

Memories:
N/A

* Register list:
N/A

* Multiplexer (MUX) list: 
|--------|------|------|------|--------|
|  Comp  |  Pin | Size |  BW  | S x BW |
|--------|------|------|------|--------|
|  Total |      |      |      |    0   |
|--------|------|------|------|--------|



* Summary:
+-----------+--------+--------+
|           |   FF   |   LUT  |
+-----------+--------+--------+
|  Function |   10   |   48   |
|   Memory  |    -   |    -   |
|Multiplexer|    -   |    -   |
|  Register |    -   |    -   |
+-----------+--------+--------+
|   Total   |   10   |   48   |
+-----------+--------+--------+
