

================================================================
== Vitis HLS Report for 'reset_admm_state_hls_Pipeline_VITIS_LOOP_322_1'
================================================================
* Date:           Thu Jun 11 16:06:50 2026

* Version:        2025.2 (Build 6295257 on Nov 14 2025)
* Project:        mpc_fpga_top_opencl
* Solution:       hls (Vitis Kernel Flow Target)
* Product family: zynquplus
* Target device:  xck26-sfvc784-2LV-c


================================================================
== Performance Estimates
================================================================
+ Timing: 
    * Summary: 
    +--------+---------+----------+------------+
    |  Clock |  Target | Estimated| Uncertainty|
    +--------+---------+----------+------------+
    |ap_clk  |  5.00 ns|  1.893 ns|     0.50 ns|
    +--------+---------+----------+------------+

+ Latency: 
    * Summary: 
    +---------+---------+----------+----------+-----+-----+-------------------+
    |  Latency (cycles) |  Latency (absolute) |  Interval |      Pipeline     |
    |   min   |   max   |    min   |    max   | min | max |        Type       |
    +---------+---------+----------+----------+-----+-----+-------------------+
    |       23|       23|  0.115 us|  0.115 us|    0|    0|  loop pipeline stp|
    +---------+---------+----------+----------+-----+-----+-------------------+

    + Detail: 
        * Instance: 
        N/A

        * Loop: 
        +--------------------+---------+---------+----------+-----------+-----------+------+----------+
        |                    |  Latency (cycles) | Iteration|  Initiation Interval  | Trip |          |
        |      Loop Name     |   min   |   max   |  Latency |  achieved |   target  | Count| Pipelined|
        +--------------------+---------+---------+----------+-----------+-----------+------+----------+
        |- VITIS_LOOP_322_1  |       21|       21|         1|          1|          1|    21|       yes|
        +--------------------+---------+---------+----------+-----------+-----------+------+----------+

============================================================
+ Verbose Summary: Synthesis Manager
============================================================
InlineROM: 1
ExposeGlobal: 0
============================================================
+ Verbose Summary: CDFG Model
============================================================
IsTopModel: 0
ResetActiveHigh: 1
IsCombinational: 0
IsDatapathOnly: 0
HasWiredReturn: 1
HasMFsm: 2
HasVarLatency: 1
IsPipeline: 0
IsRtlPipelined: 0
IsInstanceOverlapped: 0
IsDontTouch: 0
HasImplIP: 0
IsGatedGlobalClock: 0

+ Individual pipeline summary: 
  * Pipeline-0: initiation interval (II) = 1, depth = 1


============================================================
+ Verbose Summary: Schedule
============================================================
* Number of FSM states : 1
* Pipeline : 1
  Pipeline-0 : II = 1, D = 1, States = { 1 }
* Dataflow Pipeline: 0

* FSM state transitions: 
1 --> 

* FSM state operations: 

State 1 <SV = 0> <Delay = 1.89>
ST_1 : Operation 4 [1/1] (0.00ns)   --->   "%k = alloca i32 1" [include/mpc_fpga_types.h:322->../src/mpc_riccati_hls.cpp:112]   --->   Operation 4 'alloca' 'k' <Predicate = true> <Delay = 0.00>
ST_1 : Operation 5 [1/1] (0.42ns)   --->   "%store_ln322 = store i5 0, i5 %k" [include/mpc_fpga_types.h:322->../src/mpc_riccati_hls.cpp:112]   --->   Operation 5 'store' 'store_ln322' <Predicate = true> <Delay = 0.42>
ST_1 : Operation 6 [1/1] (0.00ns)   --->   "%br_ln0 = br void %for.body.i"   --->   Operation 6 'br' 'br_ln0' <Predicate = true> <Delay = 0.00>
ST_1 : Operation 7 [1/1] (0.00ns)   --->   "%k_3 = load i5 %k" [include/mpc_fpga_types.h:322->../src/mpc_riccati_hls.cpp:112]   --->   Operation 7 'load' 'k_3' <Predicate = true> <Delay = 0.00>
ST_1 : Operation 8 [1/1] (0.78ns)   --->   "%icmp_ln322 = icmp_eq  i5 %k_3, i5 21" [include/mpc_fpga_types.h:322->../src/mpc_riccati_hls.cpp:112]   --->   Operation 8 'icmp' 'icmp_ln322' <Predicate = true> <Delay = 0.78> <CoreInst = "Cmp">   --->   Core 9 'Cmp' <Latency = 0> <II = 1> <Delay = 0.78> <FuncUnit> <Opcode : 'seteq' 'setne' 'setle' 'setge' 'setlt' 'setgt'> <InPorts = 2> <OutPorts = 1>
ST_1 : Operation 9 [1/1] (0.78ns)   --->   "%add_ln322 = add i5 %k_3, i5 1" [include/mpc_fpga_types.h:322->../src/mpc_riccati_hls.cpp:112]   --->   Operation 9 'add' 'add_ln322' <Predicate = true> <Delay = 0.78> <CoreInst = "Adder">   --->   Core 1 'Adder' <Latency = 0> <II = 1> <Delay = 0.78> <FuncUnit> <Opcode : 'add' 'sub'> <InPorts = 2> <OutPorts = 1>
ST_1 : Operation 10 [1/1] (0.00ns)   --->   "%br_ln322 = br i1 %icmp_ln322, void %for.body.i.split, void %for.body19.i.preheader.exitStub" [include/mpc_fpga_types.h:322->../src/mpc_riccati_hls.cpp:112]   --->   Operation 10 'br' 'br_ln322' <Predicate = true> <Delay = 0.00>
ST_1 : Operation 11 [1/1] (0.00ns)   --->   "%zext_ln322 = zext i5 %k_3" [include/mpc_fpga_types.h:322->../src/mpc_riccati_hls.cpp:112]   --->   Operation 11 'zext' 'zext_ln322' <Predicate = (!icmp_ln322)> <Delay = 0.00>
ST_1 : Operation 12 [1/1] (0.00ns)   --->   "%specpipeline_ln323 = specpipeline void @_ssdm_op_SpecPipeline, i32 1, i32 0, i32 0, i32 0, i32 4294967295, void @empty_524" [include/mpc_fpga_types.h:323->../src/mpc_riccati_hls.cpp:112]   --->   Operation 12 'specpipeline' 'specpipeline_ln323' <Predicate = (!icmp_ln322)> <Delay = 0.00>
ST_1 : Operation 13 [1/1] (0.00ns)   --->   "%speclooptripcount_ln322 = speclooptripcount void @_ssdm_op_SpecLoopTripCount, i64 21, i64 21, i64 21" [include/mpc_fpga_types.h:322->../src/mpc_riccati_hls.cpp:112]   --->   Operation 13 'speclooptripcount' 'speclooptripcount_ln322' <Predicate = (!icmp_ln322)> <Delay = 0.00>
ST_1 : Operation 14 [1/1] (0.00ns)   --->   "%specloopname_ln322 = specloopname void @_ssdm_op_SpecLoopName, void @empty_535" [include/mpc_fpga_types.h:322->../src/mpc_riccati_hls.cpp:112]   --->   Operation 14 'specloopname' 'specloopname_ln322' <Predicate = (!icmp_ln322)> <Delay = 0.00>
ST_1 : Operation 15 [1/1] (0.00ns)   --->   "%p_anonymous_namespace_g_core_state_admm_z_x_0_addr = getelementptr i26 %p_anonymous_namespace_g_core_state_admm_z_x_0, i64 0, i64 %zext_ln322" [include/mpc_fpga_types.h:325->../src/mpc_riccati_hls.cpp:112]   --->   Operation 15 'getelementptr' 'p_anonymous_namespace_g_core_state_admm_z_x_0_addr' <Predicate = (!icmp_ln322)> <Delay = 0.00>
ST_1 : Operation 16 [1/1] (0.00ns)   --->   "%p_anonymous_namespace_g_core_state_admm_y_x_0_addr = getelementptr i26 %p_anonymous_namespace_g_core_state_admm_y_x_0, i64 0, i64 %zext_ln322" [include/mpc_fpga_types.h:326->../src/mpc_riccati_hls.cpp:112]   --->   Operation 16 'getelementptr' 'p_anonymous_namespace_g_core_state_admm_y_x_0_addr' <Predicate = (!icmp_ln322)> <Delay = 0.00>
ST_1 : Operation 17 [1/1] (0.00ns)   --->   "%p_anonymous_namespace_g_core_state_admm_z_x_1_addr = getelementptr i26 %p_anonymous_namespace_g_core_state_admm_z_x_1, i64 0, i64 %zext_ln322" [include/mpc_fpga_types.h:325->../src/mpc_riccati_hls.cpp:112]   --->   Operation 17 'getelementptr' 'p_anonymous_namespace_g_core_state_admm_z_x_1_addr' <Predicate = (!icmp_ln322)> <Delay = 0.00>
ST_1 : Operation 18 [1/1] (0.00ns)   --->   "%p_anonymous_namespace_g_core_state_admm_y_x_1_addr = getelementptr i26 %p_anonymous_namespace_g_core_state_admm_y_x_1, i64 0, i64 %zext_ln322" [include/mpc_fpga_types.h:326->../src/mpc_riccati_hls.cpp:112]   --->   Operation 18 'getelementptr' 'p_anonymous_namespace_g_core_state_admm_y_x_1_addr' <Predicate = (!icmp_ln322)> <Delay = 0.00>
ST_1 : Operation 19 [1/1] (0.00ns)   --->   "%p_anonymous_namespace_g_core_state_admm_z_x_2_addr = getelementptr i26 %p_anonymous_namespace_g_core_state_admm_z_x_2, i64 0, i64 %zext_ln322" [include/mpc_fpga_types.h:325->../src/mpc_riccati_hls.cpp:112]   --->   Operation 19 'getelementptr' 'p_anonymous_namespace_g_core_state_admm_z_x_2_addr' <Predicate = (!icmp_ln322)> <Delay = 0.00>
ST_1 : Operation 20 [1/1] (0.00ns)   --->   "%p_anonymous_namespace_g_core_state_admm_y_x_2_addr = getelementptr i26 %p_anonymous_namespace_g_core_state_admm_y_x_2, i64 0, i64 %zext_ln322" [include/mpc_fpga_types.h:326->../src/mpc_riccati_hls.cpp:112]   --->   Operation 20 'getelementptr' 'p_anonymous_namespace_g_core_state_admm_y_x_2_addr' <Predicate = (!icmp_ln322)> <Delay = 0.00>
ST_1 : Operation 21 [1/1] (0.00ns)   --->   "%p_anonymous_namespace_g_core_state_admm_z_x_3_addr = getelementptr i26 %p_anonymous_namespace_g_core_state_admm_z_x_3, i64 0, i64 %zext_ln322" [include/mpc_fpga_types.h:325->../src/mpc_riccati_hls.cpp:112]   --->   Operation 21 'getelementptr' 'p_anonymous_namespace_g_core_state_admm_z_x_3_addr' <Predicate = (!icmp_ln322)> <Delay = 0.00>
ST_1 : Operation 22 [1/1] (0.00ns)   --->   "%p_anonymous_namespace_g_core_state_admm_y_x_3_addr = getelementptr i26 %p_anonymous_namespace_g_core_state_admm_y_x_3, i64 0, i64 %zext_ln322" [include/mpc_fpga_types.h:326->../src/mpc_riccati_hls.cpp:112]   --->   Operation 22 'getelementptr' 'p_anonymous_namespace_g_core_state_admm_y_x_3_addr' <Predicate = (!icmp_ln322)> <Delay = 0.00>
ST_1 : Operation 23 [1/1] (0.00ns)   --->   "%p_anonymous_namespace_g_core_state_admm_z_x_4_addr = getelementptr i26 %p_anonymous_namespace_g_core_state_admm_z_x_4, i64 0, i64 %zext_ln322" [include/mpc_fpga_types.h:325->../src/mpc_riccati_hls.cpp:112]   --->   Operation 23 'getelementptr' 'p_anonymous_namespace_g_core_state_admm_z_x_4_addr' <Predicate = (!icmp_ln322)> <Delay = 0.00>
ST_1 : Operation 24 [1/1] (0.00ns)   --->   "%p_anonymous_namespace_g_core_state_admm_y_x_4_addr = getelementptr i26 %p_anonymous_namespace_g_core_state_admm_y_x_4, i64 0, i64 %zext_ln322" [include/mpc_fpga_types.h:326->../src/mpc_riccati_hls.cpp:112]   --->   Operation 24 'getelementptr' 'p_anonymous_namespace_g_core_state_admm_y_x_4_addr' <Predicate = (!icmp_ln322)> <Delay = 0.00>
ST_1 : Operation 25 [1/1] (0.00ns)   --->   "%p_anonymous_namespace_g_core_state_admm_z_x_5_addr = getelementptr i26 %p_anonymous_namespace_g_core_state_admm_z_x_5, i64 0, i64 %zext_ln322" [include/mpc_fpga_types.h:325->../src/mpc_riccati_hls.cpp:112]   --->   Operation 25 'getelementptr' 'p_anonymous_namespace_g_core_state_admm_z_x_5_addr' <Predicate = (!icmp_ln322)> <Delay = 0.00>
ST_1 : Operation 26 [1/1] (0.00ns)   --->   "%p_anonymous_namespace_g_core_state_admm_y_x_5_addr = getelementptr i26 %p_anonymous_namespace_g_core_state_admm_y_x_5, i64 0, i64 %zext_ln322" [include/mpc_fpga_types.h:326->../src/mpc_riccati_hls.cpp:112]   --->   Operation 26 'getelementptr' 'p_anonymous_namespace_g_core_state_admm_y_x_5_addr' <Predicate = (!icmp_ln322)> <Delay = 0.00>
ST_1 : Operation 27 [1/1] (0.00ns)   --->   "%p_anonymous_namespace_g_core_state_admm_z_x_6_addr = getelementptr i26 %p_anonymous_namespace_g_core_state_admm_z_x_6, i64 0, i64 %zext_ln322" [include/mpc_fpga_types.h:325->../src/mpc_riccati_hls.cpp:112]   --->   Operation 27 'getelementptr' 'p_anonymous_namespace_g_core_state_admm_z_x_6_addr' <Predicate = (!icmp_ln322)> <Delay = 0.00>
ST_1 : Operation 28 [1/1] (0.00ns)   --->   "%p_anonymous_namespace_g_core_state_admm_y_x_6_addr = getelementptr i26 %p_anonymous_namespace_g_core_state_admm_y_x_6, i64 0, i64 %zext_ln322" [include/mpc_fpga_types.h:326->../src/mpc_riccati_hls.cpp:112]   --->   Operation 28 'getelementptr' 'p_anonymous_namespace_g_core_state_admm_y_x_6_addr' <Predicate = (!icmp_ln322)> <Delay = 0.00>
ST_1 : Operation 29 [1/1] (0.00ns)   --->   "%p_anonymous_namespace_g_core_state_admm_z_x_7_addr = getelementptr i26 %p_anonymous_namespace_g_core_state_admm_z_x_7, i64 0, i64 %zext_ln322" [include/mpc_fpga_types.h:325->../src/mpc_riccati_hls.cpp:112]   --->   Operation 29 'getelementptr' 'p_anonymous_namespace_g_core_state_admm_z_x_7_addr' <Predicate = (!icmp_ln322)> <Delay = 0.00>
ST_1 : Operation 30 [1/1] ( I:0.67ns O:0.67ns )   --->   "%store_ln325 = store i26 0, i5 %p_anonymous_namespace_g_core_state_admm_z_x_0_addr" [include/mpc_fpga_types.h:325->../src/mpc_riccati_hls.cpp:112]   --->   Operation 30 'store' 'store_ln325' <Predicate = (!icmp_ln322)> <Delay = 0.67> <CoreInst = "RAM">   --->   Core 82 'RAM' <Latency = 1> <II = 1> <Delay = 0.67> <Storage> <Opcode : 'load' 'store'> <Ports = 2> <Width = 26> <Depth = 21> <RAM>
ST_1 : Operation 31 [1/1] ( I:0.67ns O:0.67ns )   --->   "%store_ln325 = store i26 0, i5 %p_anonymous_namespace_g_core_state_admm_z_x_1_addr" [include/mpc_fpga_types.h:325->../src/mpc_riccati_hls.cpp:112]   --->   Operation 31 'store' 'store_ln325' <Predicate = (!icmp_ln322)> <Delay = 0.67> <CoreInst = "RAM">   --->   Core 82 'RAM' <Latency = 1> <II = 1> <Delay = 0.67> <Storage> <Opcode : 'load' 'store'> <Ports = 2> <Width = 26> <Depth = 21> <RAM>
ST_1 : Operation 32 [1/1] ( I:0.67ns O:0.67ns )   --->   "%store_ln325 = store i26 0, i5 %p_anonymous_namespace_g_core_state_admm_z_x_2_addr" [include/mpc_fpga_types.h:325->../src/mpc_riccati_hls.cpp:112]   --->   Operation 32 'store' 'store_ln325' <Predicate = (!icmp_ln322)> <Delay = 0.67> <CoreInst = "RAM">   --->   Core 82 'RAM' <Latency = 1> <II = 1> <Delay = 0.67> <Storage> <Opcode : 'load' 'store'> <Ports = 2> <Width = 26> <Depth = 21> <RAM>
ST_1 : Operation 33 [1/1] ( I:0.67ns O:0.67ns )   --->   "%store_ln325 = store i26 0, i5 %p_anonymous_namespace_g_core_state_admm_z_x_3_addr" [include/mpc_fpga_types.h:325->../src/mpc_riccati_hls.cpp:112]   --->   Operation 33 'store' 'store_ln325' <Predicate = (!icmp_ln322)> <Delay = 0.67> <CoreInst = "RAM">   --->   Core 82 'RAM' <Latency = 1> <II = 1> <Delay = 0.67> <Storage> <Opcode : 'load' 'store'> <Ports = 2> <Width = 26> <Depth = 21> <RAM>
ST_1 : Operation 34 [1/1] ( I:0.67ns O:0.67ns )   --->   "%store_ln325 = store i26 0, i5 %p_anonymous_namespace_g_core_state_admm_z_x_4_addr" [include/mpc_fpga_types.h:325->../src/mpc_riccati_hls.cpp:112]   --->   Operation 34 'store' 'store_ln325' <Predicate = (!icmp_ln322)> <Delay = 0.67> <CoreInst = "RAM">   --->   Core 82 'RAM' <Latency = 1> <II = 1> <Delay = 0.67> <Storage> <Opcode : 'load' 'store'> <Ports = 2> <Width = 26> <Depth = 21> <RAM>
ST_1 : Operation 35 [1/1] ( I:0.67ns O:0.67ns )   --->   "%store_ln325 = store i26 0, i5 %p_anonymous_namespace_g_core_state_admm_z_x_5_addr" [include/mpc_fpga_types.h:325->../src/mpc_riccati_hls.cpp:112]   --->   Operation 35 'store' 'store_ln325' <Predicate = (!icmp_ln322)> <Delay = 0.67> <CoreInst = "RAM">   --->   Core 82 'RAM' <Latency = 1> <II = 1> <Delay = 0.67> <Storage> <Opcode : 'load' 'store'> <Ports = 2> <Width = 26> <Depth = 21> <RAM>
ST_1 : Operation 36 [1/1] ( I:0.67ns O:0.67ns )   --->   "%store_ln325 = store i26 0, i5 %p_anonymous_namespace_g_core_state_admm_z_x_6_addr" [include/mpc_fpga_types.h:325->../src/mpc_riccati_hls.cpp:112]   --->   Operation 36 'store' 'store_ln325' <Predicate = (!icmp_ln322)> <Delay = 0.67> <CoreInst = "RAM">   --->   Core 82 'RAM' <Latency = 1> <II = 1> <Delay = 0.67> <Storage> <Opcode : 'load' 'store'> <Ports = 2> <Width = 26> <Depth = 21> <RAM>
ST_1 : Operation 37 [1/1] ( I:0.67ns O:0.67ns )   --->   "%store_ln325 = store i26 0, i5 %p_anonymous_namespace_g_core_state_admm_z_x_7_addr" [include/mpc_fpga_types.h:325->../src/mpc_riccati_hls.cpp:112]   --->   Operation 37 'store' 'store_ln325' <Predicate = (!icmp_ln322)> <Delay = 0.67> <CoreInst = "RAM">   --->   Core 82 'RAM' <Latency = 1> <II = 1> <Delay = 0.67> <Storage> <Opcode : 'load' 'store'> <Ports = 2> <Width = 26> <Depth = 21> <RAM>
ST_1 : Operation 38 [1/1] (0.00ns)   --->   "%p_anonymous_namespace_g_core_state_admm_y_x_7_addr = getelementptr i26 %p_anonymous_namespace_g_core_state_admm_y_x_7, i64 0, i64 %zext_ln322" [include/mpc_fpga_types.h:326->../src/mpc_riccati_hls.cpp:112]   --->   Operation 38 'getelementptr' 'p_anonymous_namespace_g_core_state_admm_y_x_7_addr' <Predicate = (!icmp_ln322)> <Delay = 0.00>
ST_1 : Operation 39 [1/1] ( I:0.67ns O:0.67ns )   --->   "%store_ln326 = store i26 0, i5 %p_anonymous_namespace_g_core_state_admm_y_x_0_addr" [include/mpc_fpga_types.h:326->../src/mpc_riccati_hls.cpp:112]   --->   Operation 39 'store' 'store_ln326' <Predicate = (!icmp_ln322)> <Delay = 0.67> <CoreInst = "RAM">   --->   Core 82 'RAM' <Latency = 1> <II = 1> <Delay = 0.67> <Storage> <Opcode : 'load' 'store'> <Ports = 2> <Width = 26> <Depth = 21> <RAM>
ST_1 : Operation 40 [1/1] ( I:0.67ns O:0.67ns )   --->   "%store_ln326 = store i26 0, i5 %p_anonymous_namespace_g_core_state_admm_y_x_1_addr" [include/mpc_fpga_types.h:326->../src/mpc_riccati_hls.cpp:112]   --->   Operation 40 'store' 'store_ln326' <Predicate = (!icmp_ln322)> <Delay = 0.67> <CoreInst = "RAM">   --->   Core 82 'RAM' <Latency = 1> <II = 1> <Delay = 0.67> <Storage> <Opcode : 'load' 'store'> <Ports = 2> <Width = 26> <Depth = 21> <RAM>
ST_1 : Operation 41 [1/1] ( I:0.67ns O:0.67ns )   --->   "%store_ln326 = store i26 0, i5 %p_anonymous_namespace_g_core_state_admm_y_x_2_addr" [include/mpc_fpga_types.h:326->../src/mpc_riccati_hls.cpp:112]   --->   Operation 41 'store' 'store_ln326' <Predicate = (!icmp_ln322)> <Delay = 0.67> <CoreInst = "RAM">   --->   Core 82 'RAM' <Latency = 1> <II = 1> <Delay = 0.67> <Storage> <Opcode : 'load' 'store'> <Ports = 2> <Width = 26> <Depth = 21> <RAM>
ST_1 : Operation 42 [1/1] ( I:0.67ns O:0.67ns )   --->   "%store_ln326 = store i26 0, i5 %p_anonymous_namespace_g_core_state_admm_y_x_3_addr" [include/mpc_fpga_types.h:326->../src/mpc_riccati_hls.cpp:112]   --->   Operation 42 'store' 'store_ln326' <Predicate = (!icmp_ln322)> <Delay = 0.67> <CoreInst = "RAM">   --->   Core 82 'RAM' <Latency = 1> <II = 1> <Delay = 0.67> <Storage> <Opcode : 'load' 'store'> <Ports = 2> <Width = 26> <Depth = 21> <RAM>
ST_1 : Operation 43 [1/1] ( I:0.67ns O:0.67ns )   --->   "%store_ln326 = store i26 0, i5 %p_anonymous_namespace_g_core_state_admm_y_x_4_addr" [include/mpc_fpga_types.h:326->../src/mpc_riccati_hls.cpp:112]   --->   Operation 43 'store' 'store_ln326' <Predicate = (!icmp_ln322)> <Delay = 0.67> <CoreInst = "RAM">   --->   Core 82 'RAM' <Latency = 1> <II = 1> <Delay = 0.67> <Storage> <Opcode : 'load' 'store'> <Ports = 2> <Width = 26> <Depth = 21> <RAM>
ST_1 : Operation 44 [1/1] ( I:0.67ns O:0.67ns )   --->   "%store_ln326 = store i26 0, i5 %p_anonymous_namespace_g_core_state_admm_y_x_5_addr" [include/mpc_fpga_types.h:326->../src/mpc_riccati_hls.cpp:112]   --->   Operation 44 'store' 'store_ln326' <Predicate = (!icmp_ln322)> <Delay = 0.67> <CoreInst = "RAM">   --->   Core 82 'RAM' <Latency = 1> <II = 1> <Delay = 0.67> <Storage> <Opcode : 'load' 'store'> <Ports = 2> <Width = 26> <Depth = 21> <RAM>
ST_1 : Operation 45 [1/1] ( I:0.67ns O:0.67ns )   --->   "%store_ln326 = store i26 0, i5 %p_anonymous_namespace_g_core_state_admm_y_x_6_addr" [include/mpc_fpga_types.h:326->../src/mpc_riccati_hls.cpp:112]   --->   Operation 45 'store' 'store_ln326' <Predicate = (!icmp_ln322)> <Delay = 0.67> <CoreInst = "RAM">   --->   Core 82 'RAM' <Latency = 1> <II = 1> <Delay = 0.67> <Storage> <Opcode : 'load' 'store'> <Ports = 2> <Width = 26> <Depth = 21> <RAM>
ST_1 : Operation 46 [1/1] ( I:0.67ns O:0.67ns )   --->   "%store_ln326 = store i26 0, i5 %p_anonymous_namespace_g_core_state_admm_y_x_7_addr" [include/mpc_fpga_types.h:326->../src/mpc_riccati_hls.cpp:112]   --->   Operation 46 'store' 'store_ln326' <Predicate = (!icmp_ln322)> <Delay = 0.67> <CoreInst = "RAM">   --->   Core 82 'RAM' <Latency = 1> <II = 1> <Delay = 0.67> <Storage> <Opcode : 'load' 'store'> <Ports = 2> <Width = 26> <Depth = 21> <RAM>
ST_1 : Operation 47 [1/1] (0.42ns)   --->   "%store_ln322 = store i5 %add_ln322, i5 %k" [include/mpc_fpga_types.h:322->../src/mpc_riccati_hls.cpp:112]   --->   Operation 47 'store' 'store_ln322' <Predicate = (!icmp_ln322)> <Delay = 0.42>
ST_1 : Operation 48 [1/1] (0.00ns)   --->   "%br_ln322 = br void %for.body.i" [include/mpc_fpga_types.h:322->../src/mpc_riccati_hls.cpp:112]   --->   Operation 48 'br' 'br_ln322' <Predicate = (!icmp_ln322)> <Delay = 0.00>
ST_1 : Operation 49 [1/1] (0.42ns)   --->   "%ret_ln0 = ret"   --->   Operation 49 'ret' 'ret_ln0' <Predicate = (icmp_ln322)> <Delay = 0.42>


============================================================
+ Verbose Summary: Timing violations
============================================================
Target clock period: 5.000ns, clock uncertainty: 0.500ns.

 <State 1>: 1.893ns
The critical path consists of the following:
	'store' operation ('store_ln322', include/mpc_fpga_types.h:322->../src/mpc_riccati_hls.cpp:112) of constant 0 5 bit on local variable 'k', include/mpc_fpga_types.h:322->../src/mpc_riccati_hls.cpp:112 [18]  (0.427 ns)
	'load' operation 5 bit ('k', include/mpc_fpga_types.h:322->../src/mpc_riccati_hls.cpp:112) on local variable 'k', include/mpc_fpga_types.h:322->../src/mpc_riccati_hls.cpp:112 [21]  (0.000 ns)
	'icmp' operation 1 bit ('icmp_ln322', include/mpc_fpga_types.h:322->../src/mpc_riccati_hls.cpp:112) [22]  (0.789 ns)
	'store' operation ('store_ln325', include/mpc_fpga_types.h:325->../src/mpc_riccati_hls.cpp:112) of constant 0 26 bit on array 'p_anonymous_namespace_g_core_state_admm_z_x_0' [45]  (0.677 ns)


============================================================
+ Verbose Summary: Binding
============================================================
N/A
* FSMD analyzer results:
  - Output states:
 - Input state : 
  - Chain level:
	State 1


============================================================
+ Verbose Summary: Datapath Resource usage 
============================================================
N/A
