

================================================================
== Vitis HLS Report for 'riccati_pass_hls'
================================================================
* Date:           Thu Jun 11 16:06:55 2026

* Version:        2025.2 (Build 6295257 on Nov 14 2025)
* Project:        mpc_fpga_top_opencl
* Solution:       hls (Vitis Kernel Flow Target)
* Product family: zynquplus
* Target device:  xck26-sfvc784-2LV-c


================================================================
== Performance Estimates
================================================================
+ Timing: 
    * Summary: 
    +--------+---------+----------+------------+
    |  Clock |  Target | Estimated| Uncertainty|
    +--------+---------+----------+------------+
    |ap_clk  |  5.00 ns|  4.491 ns|     0.50 ns|
    +--------+---------+----------+------------+

+ Latency: 
    * Summary: 
    +---------+---------+----------+----------+------+------+---------+
    |  Latency (cycles) |  Latency (absolute) |   Interval  | Pipeline|
    |   min   |   max   |    min   |    max   |  min |  max |   Type  |
    +---------+---------+----------+----------+------+------+---------+
    |     1572|     1872|  7.860 us|  9.360 us|  1572|  1872|       no|
    +---------+---------+----------+----------+------+------+---------+

    + Detail: 
        * Instance: 
        N/A

        * Loop: 
        N/A

============================================================
+ Verbose Summary: Synthesis Manager
============================================================
InlineROM: 1
ExposeGlobal: 0
============================================================
+ Verbose Summary: CDFG Model
============================================================
IsTopModel: 0
ResetActiveHigh: 1
IsCombinational: 0
IsDatapathOnly: 0
HasWiredReturn: 1
HasMFsm: 0
HasVarLatency: 1
IsPipeline: 0
IsRtlPipelined: 0
IsInstanceOverlapped: 0
IsDontTouch: 0
HasImplIP: 0
IsGatedGlobalClock: 0


============================================================
+ Verbose Summary: Schedule
============================================================
* Number of FSM states : 4
* Pipeline : 0
* Dataflow Pipeline: 0

* FSM state transitions: 
1 --> 2 
2 --> 3 
3 --> 4 
4 --> 

* FSM state operations: 

State 1 <SV = 0> <Delay = 1.94>
ST_1 : Operation 5 [1/1] (0.00ns)   --->   "%rho_u_read = read i26 @_ssdm_op_Read.ap_auto.i26, i26 %rho_u"   --->   Operation 5 'read' 'rho_u_read' <Predicate = true> <Delay = 0.00>
ST_1 : Operation 6 [1/1] (0.00ns)   --->   "%rho_read = read i26 @_ssdm_op_Read.ap_auto.i26, i26 %rho"   --->   Operation 6 'read' 'rho_read' <Predicate = true> <Delay = 0.00>
ST_1 : Operation 7 [1/1] (0.00ns)   --->   "%p_read_9 = read i26 @_ssdm_op_Read.ap_auto.i26, i26 %p_read5"   --->   Operation 7 'read' 'p_read_9' <Predicate = true> <Delay = 0.00>
ST_1 : Operation 8 [1/1] (0.00ns)   --->   "%p_read_10 = read i26 @_ssdm_op_Read.ap_auto.i26, i26 %p_read4"   --->   Operation 8 'read' 'p_read_10' <Predicate = true> <Delay = 0.00>
ST_1 : Operation 9 [1/1] (0.00ns)   --->   "%p_read_11 = read i26 @_ssdm_op_Read.ap_auto.i26, i26 %p_read3"   --->   Operation 9 'read' 'p_read_11' <Predicate = true> <Delay = 0.00>
ST_1 : Operation 10 [1/1] (0.00ns)   --->   "%p_read_12 = read i26 @_ssdm_op_Read.ap_auto.i26, i26 %p_read2"   --->   Operation 10 'read' 'p_read_12' <Predicate = true> <Delay = 0.00>
ST_1 : Operation 11 [1/1] (0.00ns)   --->   "%p_read_13 = read i26 @_ssdm_op_Read.ap_auto.i26, i26 %p_read1"   --->   Operation 11 'read' 'p_read_13' <Predicate = true> <Delay = 0.00>
ST_1 : Operation 12 [1/1] (0.00ns)   --->   "%p_read14 = read i26 @_ssdm_op_Read.ap_auto.i26, i26 %p_read"   --->   Operation 12 'read' 'p_read14' <Predicate = true> <Delay = 0.00>
ST_1 : Operation 13 [1/1] (0.00ns)   --->   "%empty = trunc i26 %p_read_9"   --->   Operation 13 'trunc' 'empty' <Predicate = true> <Delay = 0.00>
ST_1 : Operation 14 [2/2] (1.94ns)   --->   "%call_ln1094 = call void @riccati_backward_pass, i26 %step_data_0_0, i26 %step_data_0_1, i26 %step_data_0_2, i26 %step_data_0_3, i26 %step_data_0_4, i26 %step_data_0_5, i26 %step_data_1, i26 %step_data_2, i26 %B_sparse_0, i26 %B_sparse_1, i26 %B_sparse_2, i26 %B_sparse_3, i26 %p_read14, i26 %p_read_13, i26 %p_read_12, i26 %p_read_11, i26 %p_read_10, i14 %empty, i26 %rho_read, i26 %rho_u_read, i26 %z_x_0, i26 %z_x_5, i26 %y_x_0, i26 %y_x_5, i26 %z_u_0, i26 %z_u_1, i26 %y_u_0, i26 %y_u_1, i17 %K_0_0_0, i17 %K_0_0_1, i17 %K_0_0_2, i17 %K_0_0_3, i17 %K_0_0_4, i17 %K_0_0_5, i17 %K_0_0_6, i17 %K_0_0_7, i17 %K_0_1_0, i17 %K_0_1_1, i17 %K_0_1_2, i17 %K_0_1_3, i17 %K_0_1_4, i17 %K_0_1_5, i17 %K_0_1_6, i17 %K_0_1_7, i17 %K_1_0_0, i17 %K_1_0_1, i17 %K_1_0_2, i17 %K_1_0_3, i17 %K_1_0_4, i17 %K_1_0_5, i17 %K_1_0_6, i17 %K_1_0_7, i17 %K_1_1_0, i17 %K_1_1_1, i17 %K_1_1_2, i17 %K_1_1_3, i17 %K_1_1_4, i17 %K_1_1_5, i17 %K_1_1_6, i17 %K_1_1_7, i17 %K_2_0_0, i17 %K_2_0_1, i17 %K_2_0_2, i17 %K_2_0_3, i17 %K_2_0_4, i17 %K_2_0_5, i17 %K_2_0_6, i17 %K_2_0_7, i17 %K_2_1_0, i17 %K_2_1_1, i17 %K_2_1_2, i17 %K_2_1_3, i17 %K_2_1_4, i17 %K_2_1_5, i17 %K_2_1_6, i17 %K_2_1_7, i17 %K_3_0_0, i17 %K_3_0_1, i17 %K_3_0_2, i17 %K_3_0_3, i17 %K_3_0_4, i17 %K_3_0_5, i17 %K_3_0_6, i17 %K_3_0_7, i17 %K_3_1_0, i17 %K_3_1_1, i17 %K_3_1_2, i17 %K_3_1_3, i17 %K_3_1_4, i17 %K_3_1_5, i17 %K_3_1_6, i17 %K_3_1_7, i17 %kk_0, i17 %kk_1, i16 %recip_lut, i8 %slope_lut" [../src/riccati_solver_hls.cpp:1094]   --->   Operation 14 'call' 'call_ln1094' <Predicate = true> <Delay = 1.94> <CoreType = "Generic">   --->   Generic Core

State 2 <SV = 1> <Delay = 0.00>
ST_2 : Operation 15 [1/2] (0.00ns)   --->   "%call_ln1094 = call void @riccati_backward_pass, i26 %step_data_0_0, i26 %step_data_0_1, i26 %step_data_0_2, i26 %step_data_0_3, i26 %step_data_0_4, i26 %step_data_0_5, i26 %step_data_1, i26 %step_data_2, i26 %B_sparse_0, i26 %B_sparse_1, i26 %B_sparse_2, i26 %B_sparse_3, i26 %p_read14, i26 %p_read_13, i26 %p_read_12, i26 %p_read_11, i26 %p_read_10, i14 %empty, i26 %rho_read, i26 %rho_u_read, i26 %z_x_0, i26 %z_x_5, i26 %y_x_0, i26 %y_x_5, i26 %z_u_0, i26 %z_u_1, i26 %y_u_0, i26 %y_u_1, i17 %K_0_0_0, i17 %K_0_0_1, i17 %K_0_0_2, i17 %K_0_0_3, i17 %K_0_0_4, i17 %K_0_0_5, i17 %K_0_0_6, i17 %K_0_0_7, i17 %K_0_1_0, i17 %K_0_1_1, i17 %K_0_1_2, i17 %K_0_1_3, i17 %K_0_1_4, i17 %K_0_1_5, i17 %K_0_1_6, i17 %K_0_1_7, i17 %K_1_0_0, i17 %K_1_0_1, i17 %K_1_0_2, i17 %K_1_0_3, i17 %K_1_0_4, i17 %K_1_0_5, i17 %K_1_0_6, i17 %K_1_0_7, i17 %K_1_1_0, i17 %K_1_1_1, i17 %K_1_1_2, i17 %K_1_1_3, i17 %K_1_1_4, i17 %K_1_1_5, i17 %K_1_1_6, i17 %K_1_1_7, i17 %K_2_0_0, i17 %K_2_0_1, i17 %K_2_0_2, i17 %K_2_0_3, i17 %K_2_0_4, i17 %K_2_0_5, i17 %K_2_0_6, i17 %K_2_0_7, i17 %K_2_1_0, i17 %K_2_1_1, i17 %K_2_1_2, i17 %K_2_1_3, i17 %K_2_1_4, i17 %K_2_1_5, i17 %K_2_1_6, i17 %K_2_1_7, i17 %K_3_0_0, i17 %K_3_0_1, i17 %K_3_0_2, i17 %K_3_0_3, i17 %K_3_0_4, i17 %K_3_0_5, i17 %K_3_0_6, i17 %K_3_0_7, i17 %K_3_1_0, i17 %K_3_1_1, i17 %K_3_1_2, i17 %K_3_1_3, i17 %K_3_1_4, i17 %K_3_1_5, i17 %K_3_1_6, i17 %K_3_1_7, i17 %kk_0, i17 %kk_1, i16 %recip_lut, i8 %slope_lut" [../src/riccati_solver_hls.cpp:1094]   --->   Operation 15 'call' 'call_ln1094' <Predicate = true> <Delay = 0.00> <CoreType = "Generic">   --->   Generic Core

State 3 <SV = 2> <Delay = 0.67>
ST_3 : Operation 16 [1/1] (0.00ns)   --->   "%p_read_1 = read i26 @_ssdm_op_Read.ap_auto.i26, i26 %p_read13"   --->   Operation 16 'read' 'p_read_1' <Predicate = true> <Delay = 0.00>
ST_3 : Operation 17 [1/1] (0.00ns)   --->   "%p_read_2 = read i26 @_ssdm_op_Read.ap_auto.i26, i26 %p_read12"   --->   Operation 17 'read' 'p_read_2' <Predicate = true> <Delay = 0.00>
ST_3 : Operation 18 [1/1] (0.00ns)   --->   "%p_read_3 = read i26 @_ssdm_op_Read.ap_auto.i26, i26 %p_read11"   --->   Operation 18 'read' 'p_read_3' <Predicate = true> <Delay = 0.00>
ST_3 : Operation 19 [1/1] (0.00ns)   --->   "%p_read_4 = read i26 @_ssdm_op_Read.ap_auto.i26, i26 %p_read10"   --->   Operation 19 'read' 'p_read_4' <Predicate = true> <Delay = 0.00>
ST_3 : Operation 20 [1/1] (0.00ns)   --->   "%p_read_5 = read i26 @_ssdm_op_Read.ap_auto.i26, i26 %p_read9"   --->   Operation 20 'read' 'p_read_5' <Predicate = true> <Delay = 0.00>
ST_3 : Operation 21 [1/1] (0.00ns)   --->   "%p_read_6 = read i26 @_ssdm_op_Read.ap_auto.i26, i26 %p_read8"   --->   Operation 21 'read' 'p_read_6' <Predicate = true> <Delay = 0.00>
ST_3 : Operation 22 [1/1] (0.00ns)   --->   "%p_read_7 = read i26 @_ssdm_op_Read.ap_auto.i26, i26 %p_read7"   --->   Operation 22 'read' 'p_read_7' <Predicate = true> <Delay = 0.00>
ST_3 : Operation 23 [1/1] (0.00ns)   --->   "%p_read_8 = read i26 @_ssdm_op_Read.ap_auto.i26, i26 %p_read6"   --->   Operation 23 'read' 'p_read_8' <Predicate = true> <Delay = 0.00>
ST_3 : Operation 24 [2/2] (0.67ns)   --->   "%call_ln1097 = call void @riccati_forward_pass, i26 %step_data_0_0, i26 %step_data_0_1, i26 %step_data_0_2, i26 %step_data_0_3, i26 %step_data_0_4, i26 %step_data_0_5, i26 %step_data_1, i26 %B_sparse_0, i26 %B_sparse_1, i26 %B_sparse_2, i26 %B_sparse_3, i26 %p_read_8, i26 %p_read_7, i26 %p_read_6, i26 %p_read_5, i26 %p_read_4, i26 %p_read_3, i26 %p_read_2, i26 %p_read_1, i17 %K_0_0_0, i17 %K_0_0_1, i17 %K_0_0_2, i17 %K_0_0_3, i17 %K_0_0_4, i17 %K_0_0_5, i17 %K_0_0_6, i17 %K_0_0_7, i17 %K_0_1_0, i17 %K_0_1_1, i17 %K_0_1_2, i17 %K_0_1_3, i17 %K_0_1_4, i17 %K_0_1_5, i17 %K_0_1_6, i17 %K_0_1_7, i17 %K_1_0_0, i17 %K_1_0_1, i17 %K_1_0_2, i17 %K_1_0_3, i17 %K_1_0_4, i17 %K_1_0_5, i17 %K_1_0_6, i17 %K_1_0_7, i17 %K_1_1_0, i17 %K_1_1_1, i17 %K_1_1_2, i17 %K_1_1_3, i17 %K_1_1_4, i17 %K_1_1_5, i17 %K_1_1_6, i17 %K_1_1_7, i17 %K_2_0_0, i17 %K_2_0_1, i17 %K_2_0_2, i17 %K_2_0_3, i17 %K_2_0_4, i17 %K_2_0_5, i17 %K_2_0_6, i17 %K_2_0_7, i17 %K_2_1_0, i17 %K_2_1_1, i17 %K_2_1_2, i17 %K_2_1_3, i17 %K_2_1_4, i17 %K_2_1_5, i17 %K_2_1_6, i17 %K_2_1_7, i17 %K_3_0_0, i17 %K_3_0_1, i17 %K_3_0_2, i17 %K_3_0_3, i17 %K_3_0_4, i17 %K_3_0_5, i17 %K_3_0_6, i17 %K_3_0_7, i17 %K_3_1_0, i17 %K_3_1_1, i17 %K_3_1_2, i17 %K_3_1_3, i17 %K_3_1_4, i17 %K_3_1_5, i17 %K_3_1_6, i17 %K_3_1_7, i17 %kk_0, i17 %kk_1, i26 %x_out_0, i26 %x_out_1, i26 %x_out_2, i26 %x_out_3, i26 %x_out_4, i26 %x_out_5, i26 %x_out_6, i26 %x_out_7, i26 %u_out_0, i26 %u_out_1" [../src/riccati_solver_hls.cpp:1097]   --->   Operation 24 'call' 'call_ln1097' <Predicate = true> <Delay = 0.67> <CoreType = "Generic">   --->   Generic Core

State 4 <SV = 3> <Delay = 0.78>
ST_4 : Operation 25 [1/1] (0.00ns)   --->   "%specmemcore_ln0 = specmemcore void @_ssdm_op_SpecMemCore, i26 %x_out_0, i64 666, i64 23, i64 1, i1 0"   --->   Operation 25 'specmemcore' 'specmemcore_ln0' <Predicate = true> <Delay = 0.00>
ST_4 : Operation 26 [1/1] (0.00ns)   --->   "%specmemcore_ln0 = specmemcore void @_ssdm_op_SpecMemCore, i26 %x_out_1, i64 666, i64 23, i64 1, i1 0"   --->   Operation 26 'specmemcore' 'specmemcore_ln0' <Predicate = true> <Delay = 0.00>
ST_4 : Operation 27 [1/1] (0.00ns)   --->   "%specmemcore_ln0 = specmemcore void @_ssdm_op_SpecMemCore, i26 %x_out_2, i64 666, i64 23, i64 1, i1 0"   --->   Operation 27 'specmemcore' 'specmemcore_ln0' <Predicate = true> <Delay = 0.00>
ST_4 : Operation 28 [1/1] (0.00ns)   --->   "%specmemcore_ln0 = specmemcore void @_ssdm_op_SpecMemCore, i26 %x_out_3, i64 666, i64 23, i64 1, i1 0"   --->   Operation 28 'specmemcore' 'specmemcore_ln0' <Predicate = true> <Delay = 0.00>
ST_4 : Operation 29 [1/1] (0.00ns)   --->   "%specmemcore_ln0 = specmemcore void @_ssdm_op_SpecMemCore, i26 %x_out_4, i64 666, i64 23, i64 1, i1 0"   --->   Operation 29 'specmemcore' 'specmemcore_ln0' <Predicate = true> <Delay = 0.00>
ST_4 : Operation 30 [1/1] (0.00ns)   --->   "%specmemcore_ln0 = specmemcore void @_ssdm_op_SpecMemCore, i26 %x_out_5, i64 666, i64 23, i64 1, i1 0"   --->   Operation 30 'specmemcore' 'specmemcore_ln0' <Predicate = true> <Delay = 0.00>
ST_4 : Operation 31 [1/1] (0.00ns)   --->   "%specmemcore_ln0 = specmemcore void @_ssdm_op_SpecMemCore, i26 %x_out_6, i64 666, i64 23, i64 1, i1 0"   --->   Operation 31 'specmemcore' 'specmemcore_ln0' <Predicate = true> <Delay = 0.00>
ST_4 : Operation 32 [1/1] (0.00ns)   --->   "%specmemcore_ln0 = specmemcore void @_ssdm_op_SpecMemCore, i26 %x_out_7, i64 666, i64 23, i64 1, i1 0"   --->   Operation 32 'specmemcore' 'specmemcore_ln0' <Predicate = true> <Delay = 0.00>
ST_4 : Operation 33 [1/1] (0.00ns)   --->   "%specmemcore_ln0 = specmemcore void @_ssdm_op_SpecMemCore, i26 %y_x_0, i64 666, i64 23, i64 1, i1 0"   --->   Operation 33 'specmemcore' 'specmemcore_ln0' <Predicate = true> <Delay = 0.00>
ST_4 : Operation 34 [1/1] (0.00ns)   --->   "%specmemcore_ln0 = specmemcore void @_ssdm_op_SpecMemCore, i26 %y_x_5, i64 666, i64 23, i64 1, i1 0"   --->   Operation 34 'specmemcore' 'specmemcore_ln0' <Predicate = true> <Delay = 0.00>
ST_4 : Operation 35 [1/1] (0.00ns)   --->   "%specmemcore_ln0 = specmemcore void @_ssdm_op_SpecMemCore, i26 %z_x_0, i64 666, i64 23, i64 1, i1 0"   --->   Operation 35 'specmemcore' 'specmemcore_ln0' <Predicate = true> <Delay = 0.00>
ST_4 : Operation 36 [1/1] (0.00ns)   --->   "%specmemcore_ln0 = specmemcore void @_ssdm_op_SpecMemCore, i26 %z_x_5, i64 666, i64 23, i64 1, i1 0"   --->   Operation 36 'specmemcore' 'specmemcore_ln0' <Predicate = true> <Delay = 0.00>
ST_4 : Operation 37 [1/1] (0.00ns)   --->   "%specmemcore_ln0 = specmemcore void @_ssdm_op_SpecMemCore, i26 %step_data_2, i64 666, i64 22, i64 1, i1 0"   --->   Operation 37 'specmemcore' 'specmemcore_ln0' <Predicate = true> <Delay = 0.00>
ST_4 : Operation 38 [1/1] (0.00ns)   --->   "%specmemcore_ln0 = specmemcore void @_ssdm_op_SpecMemCore, i26 %step_data_1, i64 666, i64 22, i64 1, i1 0"   --->   Operation 38 'specmemcore' 'specmemcore_ln0' <Predicate = true> <Delay = 0.00>
ST_4 : Operation 39 [1/1] (0.00ns)   --->   "%specmemcore_ln0 = specmemcore void @_ssdm_op_SpecMemCore, i26 %step_data_0_0, i64 666, i64 22, i64 1, i1 0"   --->   Operation 39 'specmemcore' 'specmemcore_ln0' <Predicate = true> <Delay = 0.00>
ST_4 : Operation 40 [1/1] (0.00ns)   --->   "%specmemcore_ln0 = specmemcore void @_ssdm_op_SpecMemCore, i26 %step_data_0_1, i64 666, i64 22, i64 1, i1 0"   --->   Operation 40 'specmemcore' 'specmemcore_ln0' <Predicate = true> <Delay = 0.00>
ST_4 : Operation 41 [1/1] (0.00ns)   --->   "%specmemcore_ln0 = specmemcore void @_ssdm_op_SpecMemCore, i26 %step_data_0_2, i64 666, i64 22, i64 1, i1 0"   --->   Operation 41 'specmemcore' 'specmemcore_ln0' <Predicate = true> <Delay = 0.00>
ST_4 : Operation 42 [1/1] (0.00ns)   --->   "%specmemcore_ln0 = specmemcore void @_ssdm_op_SpecMemCore, i26 %step_data_0_3, i64 666, i64 22, i64 1, i1 0"   --->   Operation 42 'specmemcore' 'specmemcore_ln0' <Predicate = true> <Delay = 0.00>
ST_4 : Operation 43 [1/1] (0.00ns)   --->   "%specmemcore_ln0 = specmemcore void @_ssdm_op_SpecMemCore, i26 %step_data_0_4, i64 666, i64 22, i64 1, i1 0"   --->   Operation 43 'specmemcore' 'specmemcore_ln0' <Predicate = true> <Delay = 0.00>
ST_4 : Operation 44 [1/1] (0.00ns)   --->   "%specmemcore_ln0 = specmemcore void @_ssdm_op_SpecMemCore, i26 %step_data_0_5, i64 666, i64 22, i64 1, i1 0"   --->   Operation 44 'specmemcore' 'specmemcore_ln0' <Predicate = true> <Delay = 0.00>
ST_4 : Operation 45 [1/2] (0.78ns)   --->   "%call_ln1097 = call void @riccati_forward_pass, i26 %step_data_0_0, i26 %step_data_0_1, i26 %step_data_0_2, i26 %step_data_0_3, i26 %step_data_0_4, i26 %step_data_0_5, i26 %step_data_1, i26 %B_sparse_0, i26 %B_sparse_1, i26 %B_sparse_2, i26 %B_sparse_3, i26 %p_read_8, i26 %p_read_7, i26 %p_read_6, i26 %p_read_5, i26 %p_read_4, i26 %p_read_3, i26 %p_read_2, i26 %p_read_1, i17 %K_0_0_0, i17 %K_0_0_1, i17 %K_0_0_2, i17 %K_0_0_3, i17 %K_0_0_4, i17 %K_0_0_5, i17 %K_0_0_6, i17 %K_0_0_7, i17 %K_0_1_0, i17 %K_0_1_1, i17 %K_0_1_2, i17 %K_0_1_3, i17 %K_0_1_4, i17 %K_0_1_5, i17 %K_0_1_6, i17 %K_0_1_7, i17 %K_1_0_0, i17 %K_1_0_1, i17 %K_1_0_2, i17 %K_1_0_3, i17 %K_1_0_4, i17 %K_1_0_5, i17 %K_1_0_6, i17 %K_1_0_7, i17 %K_1_1_0, i17 %K_1_1_1, i17 %K_1_1_2, i17 %K_1_1_3, i17 %K_1_1_4, i17 %K_1_1_5, i17 %K_1_1_6, i17 %K_1_1_7, i17 %K_2_0_0, i17 %K_2_0_1, i17 %K_2_0_2, i17 %K_2_0_3, i17 %K_2_0_4, i17 %K_2_0_5, i17 %K_2_0_6, i17 %K_2_0_7, i17 %K_2_1_0, i17 %K_2_1_1, i17 %K_2_1_2, i17 %K_2_1_3, i17 %K_2_1_4, i17 %K_2_1_5, i17 %K_2_1_6, i17 %K_2_1_7, i17 %K_3_0_0, i17 %K_3_0_1, i17 %K_3_0_2, i17 %K_3_0_3, i17 %K_3_0_4, i17 %K_3_0_5, i17 %K_3_0_6, i17 %K_3_0_7, i17 %K_3_1_0, i17 %K_3_1_1, i17 %K_3_1_2, i17 %K_3_1_3, i17 %K_3_1_4, i17 %K_3_1_5, i17 %K_3_1_6, i17 %K_3_1_7, i17 %kk_0, i17 %kk_1, i26 %x_out_0, i26 %x_out_1, i26 %x_out_2, i26 %x_out_3, i26 %x_out_4, i26 %x_out_5, i26 %x_out_6, i26 %x_out_7, i26 %u_out_0, i26 %u_out_1" [../src/riccati_solver_hls.cpp:1097]   --->   Operation 45 'call' 'call_ln1097' <Predicate = true> <Delay = 0.78> <CoreType = "Generic">   --->   Generic Core
ST_4 : Operation 46 [1/1] (0.00ns)   --->   "%ret_ln1098 = ret" [../src/riccati_solver_hls.cpp:1098]   --->   Operation 46 'ret' 'ret_ln1098' <Predicate = true> <Delay = 0.00>


============================================================
+ Verbose Summary: Timing violations
============================================================
Target clock period: 5.000ns, clock uncertainty: 0.500ns.

 <State 1>: 1.941ns
The critical path consists of the following:
	wire read operation ('rho_u_read') on port 'rho_u' [115]  (0.000 ns)
	'call' operation ('call_ln1094', ../src/riccati_solver_hls.cpp:1094) to 'riccati_backward_pass' [152]  (1.941 ns)

 <State 2>: 0.000ns
The critical path consists of the following:

 <State 3>: 0.677ns
The critical path consists of the following:
	wire read operation ('p_read_1') on port 'p_read13' [117]  (0.000 ns)
	'call' operation ('call_ln1097', ../src/riccati_solver_hls.cpp:1097) to 'riccati_forward_pass' [153]  (0.677 ns)

 <State 4>: 0.789ns
The critical path consists of the following:
	'call' operation ('call_ln1097', ../src/riccati_solver_hls.cpp:1097) to 'riccati_forward_pass' [153]  (0.789 ns)


============================================================
+ Verbose Summary: Binding
============================================================
N/A
* FSMD analyzer results:
  - Output states:
 - Input state : 
  - Chain level:
	State 1
	State 2
	State 3
	State 4


============================================================
+ Verbose Summary: Datapath Resource usage 
============================================================
N/A
