

================================================================
== Vitis HLS Report for 'riccati_backward_pass_Pipeline_VITIS_LOOP_831_12_VITIS_LOOP_832_13'
================================================================
* Date:           Thu May 21 15:23:05 2026

* Version:        2025.2 (Build 6295257 on Nov 14 2025)
* Project:        mpc_fpga_top_opencl
* Solution:       hls (Vitis Kernel Flow Target)
* Product family: zynquplus
* Target device:  xck26-sfvc784-2LV-c


================================================================
== Performance Estimates
================================================================
+ Timing: 
    * Summary: 
    +--------+---------+----------+------------+
    |  Clock |  Target | Estimated| Uncertainty|
    +--------+---------+----------+------------+
    |ap_clk  |  5.00 ns|  4.184 ns|     0.50 ns|
    +--------+---------+----------+------------+

+ Latency: 
    * Summary: 
    +---------+---------+----------+----------+-----+-----+-------------------+
    |  Latency (cycles) |  Latency (absolute) |  Interval |      Pipeline     |
    |   min   |   max   |    min   |    max   | min | max |        Type       |
    +---------+---------+----------+----------+-----+-----+-------------------+
    |       36|       36|  0.180 us|  0.180 us|    0|    0|  loop pipeline stp|
    +---------+---------+----------+----------+-----+-----+-------------------+

    + Detail: 
        * Instance: 
        N/A

        * Loop: 
        +---------------------------------------+---------+---------+----------+-----------+-----------+------+----------+
        |                                       |  Latency (cycles) | Iteration|  Initiation Interval  | Trip |          |
        |               Loop Name               |   min   |   max   |  Latency |  achieved |   target  | Count| Pipelined|
        +---------------------------------------+---------+---------+----------+-----------+-----------+------+----------+
        |- VITIS_LOOP_831_12_VITIS_LOOP_832_13  |       34|       34|         6|          1|          1|    30|       yes|
        +---------------------------------------+---------+---------+----------+-----------+-----------+------+----------+

============================================================
+ Verbose Summary: Synthesis Manager
============================================================
InlineROM: 1
ExposeGlobal: 0
============================================================
+ Verbose Summary: CDFG Model
============================================================
IsTopModel: 0
ResetActiveHigh: 1
IsCombinational: 0
IsDatapathOnly: 0
HasWiredReturn: 1
HasMFsm: 2
HasVarLatency: 1
IsPipeline: 0
IsRtlPipelined: 0
IsInstanceOverlapped: 0
IsDontTouch: 0
HasImplIP: 0
IsGatedGlobalClock: 0

+ Individual pipeline summary: 
  * Pipeline-0: initiation interval (II) = 1, depth = 6


============================================================
+ Verbose Summary: Schedule
============================================================
* Number of FSM states : 6
* Pipeline : 1
  Pipeline-0 : II = 1, D = 6, States = { 1 2 3 4 5 6 }
* Dataflow Pipeline: 0

* FSM state transitions: 
1 --> 2 
2 --> 3 
3 --> 4 
4 --> 5 
5 --> 6 
6 --> 

* FSM state operations: 

State 1 <SV = 0> <Delay = 2.40>
ST_1 : Operation 9 [1/1] (0.00ns)   --->   "%j = alloca i32 1" [../src/riccati_solver_hls.cpp:475]   --->   Operation 9 'alloca' 'j' <Predicate = true> <Delay = 0.00>
ST_1 : Operation 10 [1/1] (0.00ns)   --->   "%i_1 = alloca i32 1" [../src/riccati_solver_hls.cpp:475]   --->   Operation 10 'alloca' 'i_1' <Predicate = true> <Delay = 0.00>
ST_1 : Operation 11 [1/1] (0.00ns)   --->   "%indvar_flatten6 = alloca i32 1"   --->   Operation 11 'alloca' 'indvar_flatten6' <Predicate = true> <Delay = 0.00>
ST_1 : Operation 12 [1/1] (0.00ns)   --->   "%specmemcore_ln0 = specmemcore void @_ssdm_op_SpecMemCore, i40 %PA, i64 666, i64 23, i64 1, i1 0"   --->   Operation 12 'specmemcore' 'specmemcore_ln0' <Predicate = true> <Delay = 0.00>
ST_1 : Operation 13 [1/1] (0.00ns)   --->   "%specmemcore_ln0 = specmemcore void @_ssdm_op_SpecMemCore, i40 %PA_1, i64 666, i64 23, i64 1, i1 0"   --->   Operation 13 'specmemcore' 'specmemcore_ln0' <Predicate = true> <Delay = 0.00>
ST_1 : Operation 14 [1/1] (0.00ns)   --->   "%specmemcore_ln0 = specmemcore void @_ssdm_op_SpecMemCore, i40 %PA_2, i64 666, i64 23, i64 1, i1 0"   --->   Operation 14 'specmemcore' 'specmemcore_ln0' <Predicate = true> <Delay = 0.00>
ST_1 : Operation 15 [1/1] (0.00ns)   --->   "%specmemcore_ln0 = specmemcore void @_ssdm_op_SpecMemCore, i40 %PA_3, i64 666, i64 23, i64 1, i1 0"   --->   Operation 15 'specmemcore' 'specmemcore_ln0' <Predicate = true> <Delay = 0.00>
ST_1 : Operation 16 [1/1] (0.00ns)   --->   "%specmemcore_ln0 = specmemcore void @_ssdm_op_SpecMemCore, i40 %PA_4, i64 666, i64 23, i64 1, i1 0"   --->   Operation 16 'specmemcore' 'specmemcore_ln0' <Predicate = true> <Delay = 0.00>
ST_1 : Operation 17 [1/1] (0.00ns)   --->   "%specmemcore_ln0 = specmemcore void @_ssdm_op_SpecMemCore, i40 %PA_5, i64 666, i64 23, i64 1, i1 0"   --->   Operation 17 'specmemcore' 'specmemcore_ln0' <Predicate = true> <Delay = 0.00>
ST_1 : Operation 18 [1/1] (0.00ns)   --->   "%specmemcore_ln0 = specmemcore void @_ssdm_op_SpecMemCore, i40 %P, i64 666, i64 23, i64 1, i1 0"   --->   Operation 18 'specmemcore' 'specmemcore_ln0' <Predicate = true> <Delay = 0.00>
ST_1 : Operation 19 [1/1] (0.00ns)   --->   "%specmemcore_ln0 = specmemcore void @_ssdm_op_SpecMemCore, i40 %P_1, i64 666, i64 23, i64 1, i1 0"   --->   Operation 19 'specmemcore' 'specmemcore_ln0' <Predicate = true> <Delay = 0.00>
ST_1 : Operation 20 [1/1] (0.00ns)   --->   "%specmemcore_ln0 = specmemcore void @_ssdm_op_SpecMemCore, i40 %P_2, i64 666, i64 23, i64 1, i1 0"   --->   Operation 20 'specmemcore' 'specmemcore_ln0' <Predicate = true> <Delay = 0.00>
ST_1 : Operation 21 [1/1] (0.00ns)   --->   "%specmemcore_ln0 = specmemcore void @_ssdm_op_SpecMemCore, i40 %P_3, i64 666, i64 23, i64 1, i1 0"   --->   Operation 21 'specmemcore' 'specmemcore_ln0' <Predicate = true> <Delay = 0.00>
ST_1 : Operation 22 [1/1] (0.00ns)   --->   "%specmemcore_ln0 = specmemcore void @_ssdm_op_SpecMemCore, i40 %P_4, i64 666, i64 23, i64 1, i1 0"   --->   Operation 22 'specmemcore' 'specmemcore_ln0' <Predicate = true> <Delay = 0.00>
ST_1 : Operation 23 [1/1] (0.00ns)   --->   "%specmemcore_ln0 = specmemcore void @_ssdm_op_SpecMemCore, i40 %P_5, i64 666, i64 23, i64 1, i1 0"   --->   Operation 23 'specmemcore' 'specmemcore_ln0' <Predicate = true> <Delay = 0.00>
ST_1 : Operation 24 [1/1] (0.00ns)   --->   "%a_97_read = read i32 @_ssdm_op_Read.ap_auto.i32, i32 %a_97"   --->   Operation 24 'read' 'a_97_read' <Predicate = true> <Delay = 0.00>
ST_1 : Operation 25 [1/1] (0.00ns)   --->   "%a_89_read = read i32 @_ssdm_op_Read.ap_auto.i32, i32 %a_89"   --->   Operation 25 'read' 'a_89_read' <Predicate = true> <Delay = 0.00>
ST_1 : Operation 26 [1/1] (0.00ns)   --->   "%a_81_read = read i32 @_ssdm_op_Read.ap_auto.i32, i32 %a_81"   --->   Operation 26 'read' 'a_81_read' <Predicate = true> <Delay = 0.00>
ST_1 : Operation 27 [1/1] (0.00ns)   --->   "%a_73_read = read i32 @_ssdm_op_Read.ap_auto.i32, i32 %a_73"   --->   Operation 27 'read' 'a_73_read' <Predicate = true> <Delay = 0.00>
ST_1 : Operation 28 [1/1] (0.00ns)   --->   "%a_65_read = read i32 @_ssdm_op_Read.ap_auto.i32, i32 %a_65"   --->   Operation 28 'read' 'a_65_read' <Predicate = true> <Delay = 0.00>
ST_1 : Operation 29 [1/1] (0.00ns)   --->   "%a_96_read = read i32 @_ssdm_op_Read.ap_auto.i32, i32 %a_96"   --->   Operation 29 'read' 'a_96_read' <Predicate = true> <Delay = 0.00>
ST_1 : Operation 30 [1/1] (0.00ns)   --->   "%a_88_read = read i32 @_ssdm_op_Read.ap_auto.i32, i32 %a_88"   --->   Operation 30 'read' 'a_88_read' <Predicate = true> <Delay = 0.00>
ST_1 : Operation 31 [1/1] (0.00ns)   --->   "%a_80_read = read i32 @_ssdm_op_Read.ap_auto.i32, i32 %a_80"   --->   Operation 31 'read' 'a_80_read' <Predicate = true> <Delay = 0.00>
ST_1 : Operation 32 [1/1] (0.00ns)   --->   "%a_72_read = read i32 @_ssdm_op_Read.ap_auto.i32, i32 %a_72"   --->   Operation 32 'read' 'a_72_read' <Predicate = true> <Delay = 0.00>
ST_1 : Operation 33 [1/1] (0.00ns)   --->   "%a_64_read = read i32 @_ssdm_op_Read.ap_auto.i32, i32 %a_64"   --->   Operation 33 'read' 'a_64_read' <Predicate = true> <Delay = 0.00>
ST_1 : Operation 34 [1/1] (0.00ns)   --->   "%a_95_read = read i32 @_ssdm_op_Read.ap_auto.i32, i32 %a_95"   --->   Operation 34 'read' 'a_95_read' <Predicate = true> <Delay = 0.00>
ST_1 : Operation 35 [1/1] (0.00ns)   --->   "%a_87_read = read i32 @_ssdm_op_Read.ap_auto.i32, i32 %a_87"   --->   Operation 35 'read' 'a_87_read' <Predicate = true> <Delay = 0.00>
ST_1 : Operation 36 [1/1] (0.00ns)   --->   "%a_79_read = read i32 @_ssdm_op_Read.ap_auto.i32, i32 %a_79"   --->   Operation 36 'read' 'a_79_read' <Predicate = true> <Delay = 0.00>
ST_1 : Operation 37 [1/1] (0.00ns)   --->   "%a_71_read = read i32 @_ssdm_op_Read.ap_auto.i32, i32 %a_71"   --->   Operation 37 'read' 'a_71_read' <Predicate = true> <Delay = 0.00>
ST_1 : Operation 38 [1/1] (0.00ns)   --->   "%a_63_read = read i32 @_ssdm_op_Read.ap_auto.i32, i32 %a_63"   --->   Operation 38 'read' 'a_63_read' <Predicate = true> <Delay = 0.00>
ST_1 : Operation 39 [1/1] (0.00ns)   --->   "%a_94_read = read i32 @_ssdm_op_Read.ap_auto.i32, i32 %a_94"   --->   Operation 39 'read' 'a_94_read' <Predicate = true> <Delay = 0.00>
ST_1 : Operation 40 [1/1] (0.00ns)   --->   "%a_86_read = read i32 @_ssdm_op_Read.ap_auto.i32, i32 %a_86"   --->   Operation 40 'read' 'a_86_read' <Predicate = true> <Delay = 0.00>
ST_1 : Operation 41 [1/1] (0.00ns)   --->   "%a_78_read = read i32 @_ssdm_op_Read.ap_auto.i32, i32 %a_78"   --->   Operation 41 'read' 'a_78_read' <Predicate = true> <Delay = 0.00>
ST_1 : Operation 42 [1/1] (0.00ns)   --->   "%a_70_read = read i32 @_ssdm_op_Read.ap_auto.i32, i32 %a_70"   --->   Operation 42 'read' 'a_70_read' <Predicate = true> <Delay = 0.00>
ST_1 : Operation 43 [1/1] (0.00ns)   --->   "%a_62_read = read i32 @_ssdm_op_Read.ap_auto.i32, i32 %a_62"   --->   Operation 43 'read' 'a_62_read' <Predicate = true> <Delay = 0.00>
ST_1 : Operation 44 [1/1] (0.00ns)   --->   "%a_93_read = read i32 @_ssdm_op_Read.ap_auto.i32, i32 %a_93"   --->   Operation 44 'read' 'a_93_read' <Predicate = true> <Delay = 0.00>
ST_1 : Operation 45 [1/1] (0.00ns)   --->   "%a_85_read = read i32 @_ssdm_op_Read.ap_auto.i32, i32 %a_85"   --->   Operation 45 'read' 'a_85_read' <Predicate = true> <Delay = 0.00>
ST_1 : Operation 46 [1/1] (0.00ns)   --->   "%a_77_read = read i32 @_ssdm_op_Read.ap_auto.i32, i32 %a_77"   --->   Operation 46 'read' 'a_77_read' <Predicate = true> <Delay = 0.00>
ST_1 : Operation 47 [1/1] (0.00ns)   --->   "%a_69_read = read i32 @_ssdm_op_Read.ap_auto.i32, i32 %a_69"   --->   Operation 47 'read' 'a_69_read' <Predicate = true> <Delay = 0.00>
ST_1 : Operation 48 [1/1] (0.00ns)   --->   "%a_61_read = read i32 @_ssdm_op_Read.ap_auto.i32, i32 %a_61"   --->   Operation 48 'read' 'a_61_read' <Predicate = true> <Delay = 0.00>
ST_1 : Operation 49 [1/1] (0.00ns)   --->   "%a_92_read = read i32 @_ssdm_op_Read.ap_auto.i32, i32 %a_92"   --->   Operation 49 'read' 'a_92_read' <Predicate = true> <Delay = 0.00>
ST_1 : Operation 50 [1/1] (0.00ns)   --->   "%a_84_read = read i32 @_ssdm_op_Read.ap_auto.i32, i32 %a_84"   --->   Operation 50 'read' 'a_84_read' <Predicate = true> <Delay = 0.00>
ST_1 : Operation 51 [1/1] (0.00ns)   --->   "%a_76_read = read i32 @_ssdm_op_Read.ap_auto.i32, i32 %a_76"   --->   Operation 51 'read' 'a_76_read' <Predicate = true> <Delay = 0.00>
ST_1 : Operation 52 [1/1] (0.00ns)   --->   "%a_68_read = read i32 @_ssdm_op_Read.ap_auto.i32, i32 %a_68"   --->   Operation 52 'read' 'a_68_read' <Predicate = true> <Delay = 0.00>
ST_1 : Operation 53 [1/1] (0.00ns)   --->   "%a_60_read = read i32 @_ssdm_op_Read.ap_auto.i32, i32 %a_60"   --->   Operation 53 'read' 'a_60_read' <Predicate = true> <Delay = 0.00>
ST_1 : Operation 54 [1/1] (0.42ns)   --->   "%store_ln0 = store i5 0, i5 %indvar_flatten6"   --->   Operation 54 'store' 'store_ln0' <Predicate = true> <Delay = 0.42>
ST_1 : Operation 55 [1/1] (0.42ns)   --->   "%store_ln475 = store i3 0, i3 %i_1" [../src/riccati_solver_hls.cpp:475]   --->   Operation 55 'store' 'store_ln475' <Predicate = true> <Delay = 0.42>
ST_1 : Operation 56 [1/1] (0.42ns)   --->   "%store_ln475 = store i3 1, i3 %j" [../src/riccati_solver_hls.cpp:475]   --->   Operation 56 'store' 'store_ln475' <Predicate = true> <Delay = 0.42>
ST_1 : Operation 57 [1/1] (0.00ns)   --->   "%br_ln0 = br void %for.inc996"   --->   Operation 57 'br' 'br_ln0' <Predicate = true> <Delay = 0.00>
ST_1 : Operation 58 [1/1] (0.00ns)   --->   "%indvar_flatten6_load = load i5 %indvar_flatten6" [../src/riccati_solver_hls.cpp:831]   --->   Operation 58 'load' 'indvar_flatten6_load' <Predicate = true> <Delay = 0.00>
ST_1 : Operation 59 [1/1] (0.78ns)   --->   "%icmp_ln831 = icmp_eq  i5 %indvar_flatten6_load, i5 30" [../src/riccati_solver_hls.cpp:831]   --->   Operation 59 'icmp' 'icmp_ln831' <Predicate = true> <Delay = 0.78> <CoreInst = "Cmp">   --->   Core 9 'Cmp' <Latency = 0> <II = 1> <Delay = 0.78> <FuncUnit> <Opcode : 'seteq' 'setne' 'setle' 'setge' 'setlt' 'setgt'> <InPorts = 2> <OutPorts = 1>
ST_1 : Operation 60 [1/1] (0.78ns)   --->   "%add_ln831_1 = add i5 %indvar_flatten6_load, i5 1" [../src/riccati_solver_hls.cpp:831]   --->   Operation 60 'add' 'add_ln831_1' <Predicate = true> <Delay = 0.78> <CoreInst = "Adder">   --->   Core 1 'Adder' <Latency = 0> <II = 1> <Delay = 0.78> <FuncUnit> <Opcode : 'add' 'sub'> <InPorts = 2> <OutPorts = 1>
ST_1 : Operation 61 [1/1] (0.00ns)   --->   "%br_ln831 = br i1 %icmp_ln831, void %fpga_resource_hint.for.inc996.390, void %fpga_resource_hint.VITIS_LOOP_965_35.384.exitStub" [../src/riccati_solver_hls.cpp:831]   --->   Operation 61 'br' 'br_ln831' <Predicate = true> <Delay = 0.00>
ST_1 : Operation 62 [1/1] (0.00ns)   --->   "%j_load = load i3 %j" [../src/riccati_solver_hls.cpp:832]   --->   Operation 62 'load' 'j_load' <Predicate = (!icmp_ln831)> <Delay = 0.00>
ST_1 : Operation 63 [1/1] (0.00ns)   --->   "%i_1_load = load i3 %i_1" [../src/riccati_solver_hls.cpp:831]   --->   Operation 63 'load' 'i_1_load' <Predicate = (!icmp_ln831)> <Delay = 0.00>
ST_1 : Operation 64 [1/1] (0.67ns)   --->   "%add_ln831 = add i3 %i_1_load, i3 1" [../src/riccati_solver_hls.cpp:831]   --->   Operation 64 'add' 'add_ln831' <Predicate = (!icmp_ln831)> <Delay = 0.67> <CoreInst = "Adder">   --->   Core 1 'Adder' <Latency = 0> <II = 1> <Delay = 0.67> <FuncUnit> <Opcode : 'add' 'sub'> <InPorts = 2> <OutPorts = 1>
ST_1 : Operation 65 [1/1] (0.67ns)   --->   "%icmp_ln832 = icmp_eq  i3 %j_load, i3 6" [../src/riccati_solver_hls.cpp:832]   --->   Operation 65 'icmp' 'icmp_ln832' <Predicate = (!icmp_ln831)> <Delay = 0.67> <CoreInst = "Cmp">   --->   Core 9 'Cmp' <Latency = 0> <II = 1> <Delay = 0.67> <FuncUnit> <Opcode : 'seteq' 'setne' 'setle' 'setge' 'setlt' 'setgt'> <InPorts = 2> <OutPorts = 1>
ST_1 : Operation 66 [1/1] (0.20ns)   --->   "%select_ln475 = select i1 %icmp_ln832, i3 1, i3 %j_load" [../src/riccati_solver_hls.cpp:475]   --->   Operation 66 'select' 'select_ln475' <Predicate = (!icmp_ln831)> <Delay = 0.20> <CoreInst = "Sel">   --->   Core 73 'Sel' <Latency = 0> <II = 1> <Delay = 0.20> <FuncUnit> <Opcode : 'select'> <InPorts = 3> <OutPorts = 1>
ST_1 : Operation 67 [1/1] (0.20ns)   --->   "%select_ln831 = select i1 %icmp_ln832, i3 %add_ln831, i3 %i_1_load" [../src/riccati_solver_hls.cpp:831]   --->   Operation 67 'select' 'select_ln831' <Predicate = (!icmp_ln831)> <Delay = 0.20> <CoreInst = "Sel">   --->   Core 73 'Sel' <Latency = 0> <II = 1> <Delay = 0.20> <FuncUnit> <Opcode : 'select'> <InPorts = 3> <OutPorts = 1>
ST_1 : Operation 68 [1/1] (0.00ns)   --->   "%zext_ln831 = zext i3 %select_ln831" [../src/riccati_solver_hls.cpp:831]   --->   Operation 68 'zext' 'zext_ln831' <Predicate = (!icmp_ln831)> <Delay = 0.00>
ST_1 : Operation 69 [1/1] (0.00ns)   --->   "%P_addr = getelementptr i40 %P, i64 0, i64 %zext_ln831" [../src/riccati_solver_hls.cpp:835]   --->   Operation 69 'getelementptr' 'P_addr' <Predicate = (!icmp_ln831)> <Delay = 0.00>
ST_1 : Operation 70 [2/2] (0.67ns)   --->   "%a = load i3 %P_addr" [../src/riccati_solver_hls.cpp:835]   --->   Operation 70 'load' 'a' <Predicate = (!icmp_ln831)> <Delay = 0.67> <CoreInst = "RAM_2P_LUTRAM">   --->   Core 92 'RAM_2P_LUTRAM' <Latency = 1> <II = 1> <Delay = 0.67> <Storage> <Opcode : 'load' 'store'> <Ports = 2> <Width = 40> <Depth = 8> <RAM>
ST_1 : Operation 71 [1/1] (0.00ns)   --->   "%P_1_addr = getelementptr i40 %P_1, i64 0, i64 %zext_ln831" [../src/riccati_solver_hls.cpp:836]   --->   Operation 71 'getelementptr' 'P_1_addr' <Predicate = (!icmp_ln831)> <Delay = 0.00>
ST_1 : Operation 72 [2/2] (0.67ns)   --->   "%a_16 = load i3 %P_1_addr" [../src/riccati_solver_hls.cpp:836]   --->   Operation 72 'load' 'a_16' <Predicate = (!icmp_ln831)> <Delay = 0.67> <CoreInst = "RAM_2P_LUTRAM">   --->   Core 92 'RAM_2P_LUTRAM' <Latency = 1> <II = 1> <Delay = 0.67> <Storage> <Opcode : 'load' 'store'> <Ports = 2> <Width = 40> <Depth = 8> <RAM>
ST_1 : Operation 73 [1/1] (0.00ns)   --->   "%P_2_addr = getelementptr i40 %P_2, i64 0, i64 %zext_ln831" [../src/riccati_solver_hls.cpp:837]   --->   Operation 73 'getelementptr' 'P_2_addr' <Predicate = (!icmp_ln831)> <Delay = 0.00>
ST_1 : Operation 74 [2/2] (0.67ns)   --->   "%a_17 = load i3 %P_2_addr" [../src/riccati_solver_hls.cpp:837]   --->   Operation 74 'load' 'a_17' <Predicate = (!icmp_ln831)> <Delay = 0.67> <CoreInst = "RAM_2P_LUTRAM">   --->   Core 92 'RAM_2P_LUTRAM' <Latency = 1> <II = 1> <Delay = 0.67> <Storage> <Opcode : 'load' 'store'> <Ports = 2> <Width = 40> <Depth = 8> <RAM>
ST_1 : Operation 75 [1/1] (0.00ns)   --->   "%P_3_addr = getelementptr i40 %P_3, i64 0, i64 %zext_ln831" [../src/riccati_solver_hls.cpp:838]   --->   Operation 75 'getelementptr' 'P_3_addr' <Predicate = (!icmp_ln831)> <Delay = 0.00>
ST_1 : Operation 76 [2/2] (0.67ns)   --->   "%a_18 = load i3 %P_3_addr" [../src/riccati_solver_hls.cpp:838]   --->   Operation 76 'load' 'a_18' <Predicate = (!icmp_ln831)> <Delay = 0.67> <CoreInst = "RAM_2P_LUTRAM">   --->   Core 92 'RAM_2P_LUTRAM' <Latency = 1> <II = 1> <Delay = 0.67> <Storage> <Opcode : 'load' 'store'> <Ports = 2> <Width = 40> <Depth = 8> <RAM>
ST_1 : Operation 77 [1/1] (0.00ns)   --->   "%P_4_addr = getelementptr i40 %P_4, i64 0, i64 %zext_ln831" [../src/riccati_solver_hls.cpp:839]   --->   Operation 77 'getelementptr' 'P_4_addr' <Predicate = (!icmp_ln831)> <Delay = 0.00>
ST_1 : Operation 78 [2/2] (0.67ns)   --->   "%a_19 = load i3 %P_4_addr" [../src/riccati_solver_hls.cpp:839]   --->   Operation 78 'load' 'a_19' <Predicate = (!icmp_ln831)> <Delay = 0.67> <CoreInst = "RAM_2P_LUTRAM">   --->   Core 92 'RAM_2P_LUTRAM' <Latency = 1> <II = 1> <Delay = 0.67> <Storage> <Opcode : 'load' 'store'> <Ports = 2> <Width = 40> <Depth = 8> <RAM>
ST_1 : Operation 79 [1/1] (0.00ns)   --->   "%P_5_addr = getelementptr i40 %P_5, i64 0, i64 %zext_ln831" [../src/riccati_solver_hls.cpp:840]   --->   Operation 79 'getelementptr' 'P_5_addr' <Predicate = (!icmp_ln831)> <Delay = 0.00>
ST_1 : Operation 80 [2/2] (0.67ns)   --->   "%a_20 = load i3 %P_5_addr" [../src/riccati_solver_hls.cpp:840]   --->   Operation 80 'load' 'a_20' <Predicate = (!icmp_ln831)> <Delay = 0.67> <CoreInst = "RAM_2P_LUTRAM">   --->   Core 92 'RAM_2P_LUTRAM' <Latency = 1> <II = 1> <Delay = 0.67> <Storage> <Opcode : 'load' 'store'> <Ports = 2> <Width = 40> <Depth = 8> <RAM>
ST_1 : Operation 81 [1/1] (0.67ns)   --->   "%switch_ln841 = switch i3 %select_ln831, void %arrayidx995818.case.5, i3 0, void %arrayidx995818.case.0, i3 1, void %arrayidx995818.case.1, i3 2, void %arrayidx995818.case.2, i3 3, void %arrayidx995818.case.3, i3 4, void %arrayidx995818.case.4" [../src/riccati_solver_hls.cpp:841]   --->   Operation 81 'switch' 'switch_ln841' <Predicate = (!icmp_ln831)> <Delay = 0.67>
ST_1 : Operation 82 [1/1] (0.67ns)   --->   "%add_ln832 = add i3 %select_ln475, i3 1" [../src/riccati_solver_hls.cpp:832]   --->   Operation 82 'add' 'add_ln832' <Predicate = (!icmp_ln831)> <Delay = 0.67> <CoreInst = "Adder">   --->   Core 1 'Adder' <Latency = 0> <II = 1> <Delay = 0.67> <FuncUnit> <Opcode : 'add' 'sub'> <InPorts = 2> <OutPorts = 1>
ST_1 : Operation 83 [1/1] (0.42ns)   --->   "%store_ln831 = store i5 %add_ln831_1, i5 %indvar_flatten6" [../src/riccati_solver_hls.cpp:831]   --->   Operation 83 'store' 'store_ln831' <Predicate = (!icmp_ln831)> <Delay = 0.42>
ST_1 : Operation 84 [1/1] (0.42ns)   --->   "%store_ln475 = store i3 %select_ln831, i3 %i_1" [../src/riccati_solver_hls.cpp:475]   --->   Operation 84 'store' 'store_ln475' <Predicate = (!icmp_ln831)> <Delay = 0.42>
ST_1 : Operation 85 [1/1] (0.42ns)   --->   "%store_ln475 = store i3 %add_ln832, i3 %j" [../src/riccati_solver_hls.cpp:475]   --->   Operation 85 'store' 'store_ln475' <Predicate = (!icmp_ln831)> <Delay = 0.42>
ST_1 : Operation 86 [1/1] (0.00ns)   --->   "%br_ln832 = br void %for.inc996" [../src/riccati_solver_hls.cpp:832]   --->   Operation 86 'br' 'br_ln832' <Predicate = (!icmp_ln831)> <Delay = 0.00>

State 2 <SV = 1> <Delay = 2.96>
ST_2 : Operation 87 [1/2] ( I:0.67ns O:0.67ns )   --->   "%a = load i3 %P_addr" [../src/riccati_solver_hls.cpp:835]   --->   Operation 87 'load' 'a' <Predicate = true> <Delay = 0.67> <CoreInst = "RAM_2P_LUTRAM">   --->   Core 92 'RAM_2P_LUTRAM' <Latency = 1> <II = 1> <Delay = 0.67> <Storage> <Opcode : 'load' 'store'> <Ports = 2> <Width = 40> <Depth = 8> <RAM>
ST_2 : Operation 88 [1/1] (0.00ns)   --->   "%sext_ln836 = sext i40 %a" [../src/riccati_solver_hls.cpp:836]   --->   Operation 88 'sext' 'sext_ln836' <Predicate = true> <Delay = 0.00>
ST_2 : Operation 89 [1/2] ( I:0.67ns O:0.67ns )   --->   "%a_16 = load i3 %P_1_addr" [../src/riccati_solver_hls.cpp:836]   --->   Operation 89 'load' 'a_16' <Predicate = true> <Delay = 0.67> <CoreInst = "RAM_2P_LUTRAM">   --->   Core 92 'RAM_2P_LUTRAM' <Latency = 1> <II = 1> <Delay = 0.67> <Storage> <Opcode : 'load' 'store'> <Ports = 2> <Width = 40> <Depth = 8> <RAM>
ST_2 : Operation 90 [1/1] (0.00ns)   --->   "%sext_ln837 = sext i40 %a_16" [../src/riccati_solver_hls.cpp:837]   --->   Operation 90 'sext' 'sext_ln837' <Predicate = true> <Delay = 0.00>
ST_2 : Operation 91 [1/2] ( I:0.67ns O:0.67ns )   --->   "%a_17 = load i3 %P_2_addr" [../src/riccati_solver_hls.cpp:837]   --->   Operation 91 'load' 'a_17' <Predicate = true> <Delay = 0.67> <CoreInst = "RAM_2P_LUTRAM">   --->   Core 92 'RAM_2P_LUTRAM' <Latency = 1> <II = 1> <Delay = 0.67> <Storage> <Opcode : 'load' 'store'> <Ports = 2> <Width = 40> <Depth = 8> <RAM>
ST_2 : Operation 92 [1/1] (0.00ns)   --->   "%sext_ln838 = sext i40 %a_17" [../src/riccati_solver_hls.cpp:838]   --->   Operation 92 'sext' 'sext_ln838' <Predicate = true> <Delay = 0.00>
ST_2 : Operation 93 [1/2] ( I:0.67ns O:0.67ns )   --->   "%a_18 = load i3 %P_3_addr" [../src/riccati_solver_hls.cpp:838]   --->   Operation 93 'load' 'a_18' <Predicate = true> <Delay = 0.67> <CoreInst = "RAM_2P_LUTRAM">   --->   Core 92 'RAM_2P_LUTRAM' <Latency = 1> <II = 1> <Delay = 0.67> <Storage> <Opcode : 'load' 'store'> <Ports = 2> <Width = 40> <Depth = 8> <RAM>
ST_2 : Operation 94 [1/1] (0.00ns)   --->   "%sext_ln839 = sext i40 %a_18" [../src/riccati_solver_hls.cpp:839]   --->   Operation 94 'sext' 'sext_ln839' <Predicate = true> <Delay = 0.00>
ST_2 : Operation 95 [1/2] ( I:0.67ns O:0.67ns )   --->   "%a_19 = load i3 %P_4_addr" [../src/riccati_solver_hls.cpp:839]   --->   Operation 95 'load' 'a_19' <Predicate = true> <Delay = 0.67> <CoreInst = "RAM_2P_LUTRAM">   --->   Core 92 'RAM_2P_LUTRAM' <Latency = 1> <II = 1> <Delay = 0.67> <Storage> <Opcode : 'load' 'store'> <Ports = 2> <Width = 40> <Depth = 8> <RAM>
ST_2 : Operation 96 [1/1] (0.00ns)   --->   "%sext_ln840 = sext i40 %a_19" [../src/riccati_solver_hls.cpp:840]   --->   Operation 96 'sext' 'sext_ln840' <Predicate = true> <Delay = 0.00>
ST_2 : Operation 97 [1/2] ( I:0.67ns O:0.67ns )   --->   "%a_20 = load i3 %P_5_addr" [../src/riccati_solver_hls.cpp:840]   --->   Operation 97 'load' 'a_20' <Predicate = true> <Delay = 0.67> <CoreInst = "RAM_2P_LUTRAM">   --->   Core 92 'RAM_2P_LUTRAM' <Latency = 1> <II = 1> <Delay = 0.67> <Storage> <Opcode : 'load' 'store'> <Ports = 2> <Width = 40> <Depth = 8> <RAM>
ST_2 : Operation 98 [1/1] (0.00ns)   --->   "%sext_ln841 = sext i40 %a_20" [../src/riccati_solver_hls.cpp:841]   --->   Operation 98 'sext' 'sext_ln841' <Predicate = true> <Delay = 0.00>
ST_2 : Operation 99 [1/1] (0.57ns)   --->   "%b = sparsemux i32 @_ssdm_op_SparseMux.ap_auto.5i32.i32.i3, i3 1, i32 %a_60_read, i3 2, i32 %a_68_read, i3 3, i32 %a_76_read, i3 4, i32 %a_84_read, i3 5, i32 %a_92_read, i32 0, i3 %select_ln475" [../src/riccati_solver_hls.cpp:475]   --->   Operation 99 'sparsemux' 'b' <Predicate = true> <Delay = 0.57> <CoreInst = "BinarySparseMux_DontCare">   --->   Core 149 'BinarySparseMux_DontCare' <Latency = 0> <II = 1> <Delay = 0.57> <FuncUnit> <Opcode : 'sparsemux'> <InPorts = 2> <OutPorts = 1>
ST_2 : Operation 100 [1/1] (0.00ns)   --->   "%sext_ln835 = sext i32 %b" [../src/riccati_solver_hls.cpp:835]   --->   Operation 100 'sext' 'sext_ln835' <Predicate = true> <Delay = 0.00>
ST_2 : Operation 101 [4/4] (2.29ns)   --->   "%mul_ln835 = mul i58 %sext_ln836, i58 %sext_ln835" [../src/riccati_solver_hls.cpp:835]   --->   Operation 101 'mul' 'mul_ln835' <Predicate = true> <Delay = 2.29> <CoreInst = "Mul_DSP">   --->   Core 5 'Mul_DSP' <Latency = 3> <II = 1> <Delay = 2.29> <FuncUnit> <Opcode : 'mul'> <InPorts = 2> <OutPorts = 1>
ST_2 : Operation 102 [1/1] (0.57ns)   --->   "%b_8 = sparsemux i32 @_ssdm_op_SparseMux.ap_auto.5i32.i32.i3, i3 1, i32 %a_61_read, i3 2, i32 %a_69_read, i3 3, i32 %a_77_read, i3 4, i32 %a_85_read, i3 5, i32 %a_93_read, i32 0, i3 %select_ln475" [../src/riccati_solver_hls.cpp:475]   --->   Operation 102 'sparsemux' 'b_8' <Predicate = true> <Delay = 0.57> <CoreInst = "BinarySparseMux_DontCare">   --->   Core 149 'BinarySparseMux_DontCare' <Latency = 0> <II = 1> <Delay = 0.57> <FuncUnit> <Opcode : 'sparsemux'> <InPorts = 2> <OutPorts = 1>
ST_2 : Operation 103 [1/1] (0.00ns)   --->   "%sext_ln836_1 = sext i32 %b_8" [../src/riccati_solver_hls.cpp:836]   --->   Operation 103 'sext' 'sext_ln836_1' <Predicate = true> <Delay = 0.00>
ST_2 : Operation 104 [4/4] (2.29ns)   --->   "%mul_ln836 = mul i58 %sext_ln837, i58 %sext_ln836_1" [../src/riccati_solver_hls.cpp:836]   --->   Operation 104 'mul' 'mul_ln836' <Predicate = true> <Delay = 2.29> <CoreInst = "Mul_DSP">   --->   Core 5 'Mul_DSP' <Latency = 3> <II = 1> <Delay = 2.29> <FuncUnit> <Opcode : 'mul'> <InPorts = 2> <OutPorts = 1>
ST_2 : Operation 105 [1/1] (0.57ns)   --->   "%b_9 = sparsemux i32 @_ssdm_op_SparseMux.ap_auto.5i32.i32.i3, i3 1, i32 %a_62_read, i3 2, i32 %a_70_read, i3 3, i32 %a_78_read, i3 4, i32 %a_86_read, i3 5, i32 %a_94_read, i32 0, i3 %select_ln475" [../src/riccati_solver_hls.cpp:475]   --->   Operation 105 'sparsemux' 'b_9' <Predicate = true> <Delay = 0.57> <CoreInst = "BinarySparseMux_DontCare">   --->   Core 149 'BinarySparseMux_DontCare' <Latency = 0> <II = 1> <Delay = 0.57> <FuncUnit> <Opcode : 'sparsemux'> <InPorts = 2> <OutPorts = 1>
ST_2 : Operation 106 [1/1] (0.00ns)   --->   "%sext_ln837_1 = sext i32 %b_9" [../src/riccati_solver_hls.cpp:837]   --->   Operation 106 'sext' 'sext_ln837_1' <Predicate = true> <Delay = 0.00>
ST_2 : Operation 107 [4/4] (2.29ns)   --->   "%mul_ln837 = mul i58 %sext_ln838, i58 %sext_ln837_1" [../src/riccati_solver_hls.cpp:837]   --->   Operation 107 'mul' 'mul_ln837' <Predicate = true> <Delay = 2.29> <CoreInst = "Mul_DSP">   --->   Core 5 'Mul_DSP' <Latency = 3> <II = 1> <Delay = 2.29> <FuncUnit> <Opcode : 'mul'> <InPorts = 2> <OutPorts = 1>
ST_2 : Operation 108 [1/1] (0.57ns)   --->   "%b_10 = sparsemux i32 @_ssdm_op_SparseMux.ap_auto.5i32.i32.i3, i3 1, i32 %a_63_read, i3 2, i32 %a_71_read, i3 3, i32 %a_79_read, i3 4, i32 %a_87_read, i3 5, i32 %a_95_read, i32 0, i3 %select_ln475" [../src/riccati_solver_hls.cpp:475]   --->   Operation 108 'sparsemux' 'b_10' <Predicate = true> <Delay = 0.57> <CoreInst = "BinarySparseMux_DontCare">   --->   Core 149 'BinarySparseMux_DontCare' <Latency = 0> <II = 1> <Delay = 0.57> <FuncUnit> <Opcode : 'sparsemux'> <InPorts = 2> <OutPorts = 1>
ST_2 : Operation 109 [1/1] (0.00ns)   --->   "%sext_ln838_1 = sext i32 %b_10" [../src/riccati_solver_hls.cpp:838]   --->   Operation 109 'sext' 'sext_ln838_1' <Predicate = true> <Delay = 0.00>
ST_2 : Operation 110 [4/4] (2.29ns)   --->   "%mul_ln838 = mul i58 %sext_ln839, i58 %sext_ln838_1" [../src/riccati_solver_hls.cpp:838]   --->   Operation 110 'mul' 'mul_ln838' <Predicate = true> <Delay = 2.29> <CoreInst = "Mul_DSP">   --->   Core 5 'Mul_DSP' <Latency = 3> <II = 1> <Delay = 2.29> <FuncUnit> <Opcode : 'mul'> <InPorts = 2> <OutPorts = 1>
ST_2 : Operation 111 [1/1] (0.57ns)   --->   "%b_11 = sparsemux i32 @_ssdm_op_SparseMux.ap_auto.5i32.i32.i3, i3 1, i32 %a_64_read, i3 2, i32 %a_72_read, i3 3, i32 %a_80_read, i3 4, i32 %a_88_read, i3 5, i32 %a_96_read, i32 0, i3 %select_ln475" [../src/riccati_solver_hls.cpp:475]   --->   Operation 111 'sparsemux' 'b_11' <Predicate = true> <Delay = 0.57> <CoreInst = "BinarySparseMux_DontCare">   --->   Core 149 'BinarySparseMux_DontCare' <Latency = 0> <II = 1> <Delay = 0.57> <FuncUnit> <Opcode : 'sparsemux'> <InPorts = 2> <OutPorts = 1>
ST_2 : Operation 112 [1/1] (0.00ns)   --->   "%sext_ln839_1 = sext i32 %b_11" [../src/riccati_solver_hls.cpp:839]   --->   Operation 112 'sext' 'sext_ln839_1' <Predicate = true> <Delay = 0.00>
ST_2 : Operation 113 [4/4] (2.29ns)   --->   "%mul_ln839 = mul i58 %sext_ln840, i58 %sext_ln839_1" [../src/riccati_solver_hls.cpp:839]   --->   Operation 113 'mul' 'mul_ln839' <Predicate = true> <Delay = 2.29> <CoreInst = "Mul_DSP">   --->   Core 5 'Mul_DSP' <Latency = 3> <II = 1> <Delay = 2.29> <FuncUnit> <Opcode : 'mul'> <InPorts = 2> <OutPorts = 1>
ST_2 : Operation 114 [1/1] (0.57ns)   --->   "%b_12 = sparsemux i32 @_ssdm_op_SparseMux.ap_auto.5i32.i32.i3, i3 1, i32 %a_65_read, i3 2, i32 %a_73_read, i3 3, i32 %a_81_read, i3 4, i32 %a_89_read, i3 5, i32 %a_97_read, i32 0, i3 %select_ln475" [../src/riccati_solver_hls.cpp:475]   --->   Operation 114 'sparsemux' 'b_12' <Predicate = true> <Delay = 0.57> <CoreInst = "BinarySparseMux_DontCare">   --->   Core 149 'BinarySparseMux_DontCare' <Latency = 0> <II = 1> <Delay = 0.57> <FuncUnit> <Opcode : 'sparsemux'> <InPorts = 2> <OutPorts = 1>
ST_2 : Operation 115 [1/1] (0.00ns)   --->   "%sext_ln840_1 = sext i32 %b_12" [../src/riccati_solver_hls.cpp:840]   --->   Operation 115 'sext' 'sext_ln840_1' <Predicate = true> <Delay = 0.00>
ST_2 : Operation 116 [4/4] (2.29ns)   --->   "%mul_ln840 = mul i58 %sext_ln841, i58 %sext_ln840_1" [../src/riccati_solver_hls.cpp:840]   --->   Operation 116 'mul' 'mul_ln840' <Predicate = true> <Delay = 2.29> <CoreInst = "Mul_DSP">   --->   Core 5 'Mul_DSP' <Latency = 3> <II = 1> <Delay = 2.29> <FuncUnit> <Opcode : 'mul'> <InPorts = 2> <OutPorts = 1>

State 3 <SV = 2> <Delay = 2.29>
ST_3 : Operation 117 [3/4] (2.29ns)   --->   "%mul_ln835 = mul i58 %sext_ln836, i58 %sext_ln835" [../src/riccati_solver_hls.cpp:835]   --->   Operation 117 'mul' 'mul_ln835' <Predicate = true> <Delay = 2.29> <CoreInst = "Mul_DSP">   --->   Core 5 'Mul_DSP' <Latency = 3> <II = 1> <Delay = 2.29> <FuncUnit> <Opcode : 'mul'> <InPorts = 2> <OutPorts = 1>
ST_3 : Operation 118 [3/4] (2.29ns)   --->   "%mul_ln836 = mul i58 %sext_ln837, i58 %sext_ln836_1" [../src/riccati_solver_hls.cpp:836]   --->   Operation 118 'mul' 'mul_ln836' <Predicate = true> <Delay = 2.29> <CoreInst = "Mul_DSP">   --->   Core 5 'Mul_DSP' <Latency = 3> <II = 1> <Delay = 2.29> <FuncUnit> <Opcode : 'mul'> <InPorts = 2> <OutPorts = 1>
ST_3 : Operation 119 [3/4] (2.29ns)   --->   "%mul_ln837 = mul i58 %sext_ln838, i58 %sext_ln837_1" [../src/riccati_solver_hls.cpp:837]   --->   Operation 119 'mul' 'mul_ln837' <Predicate = true> <Delay = 2.29> <CoreInst = "Mul_DSP">   --->   Core 5 'Mul_DSP' <Latency = 3> <II = 1> <Delay = 2.29> <FuncUnit> <Opcode : 'mul'> <InPorts = 2> <OutPorts = 1>
ST_3 : Operation 120 [3/4] (2.29ns)   --->   "%mul_ln838 = mul i58 %sext_ln839, i58 %sext_ln838_1" [../src/riccati_solver_hls.cpp:838]   --->   Operation 120 'mul' 'mul_ln838' <Predicate = true> <Delay = 2.29> <CoreInst = "Mul_DSP">   --->   Core 5 'Mul_DSP' <Latency = 3> <II = 1> <Delay = 2.29> <FuncUnit> <Opcode : 'mul'> <InPorts = 2> <OutPorts = 1>
ST_3 : Operation 121 [3/4] (2.29ns)   --->   "%mul_ln839 = mul i58 %sext_ln840, i58 %sext_ln839_1" [../src/riccati_solver_hls.cpp:839]   --->   Operation 121 'mul' 'mul_ln839' <Predicate = true> <Delay = 2.29> <CoreInst = "Mul_DSP">   --->   Core 5 'Mul_DSP' <Latency = 3> <II = 1> <Delay = 2.29> <FuncUnit> <Opcode : 'mul'> <InPorts = 2> <OutPorts = 1>
ST_3 : Operation 122 [3/4] (2.29ns)   --->   "%mul_ln840 = mul i58 %sext_ln841, i58 %sext_ln840_1" [../src/riccati_solver_hls.cpp:840]   --->   Operation 122 'mul' 'mul_ln840' <Predicate = true> <Delay = 2.29> <CoreInst = "Mul_DSP">   --->   Core 5 'Mul_DSP' <Latency = 3> <II = 1> <Delay = 2.29> <FuncUnit> <Opcode : 'mul'> <InPorts = 2> <OutPorts = 1>

State 4 <SV = 3> <Delay = 2.29>
ST_4 : Operation 123 [2/4] (2.29ns)   --->   "%mul_ln835 = mul i58 %sext_ln836, i58 %sext_ln835" [../src/riccati_solver_hls.cpp:835]   --->   Operation 123 'mul' 'mul_ln835' <Predicate = true> <Delay = 2.29> <CoreInst = "Mul_DSP">   --->   Core 5 'Mul_DSP' <Latency = 3> <II = 1> <Delay = 2.29> <FuncUnit> <Opcode : 'mul'> <InPorts = 2> <OutPorts = 1>
ST_4 : Operation 124 [2/4] (2.29ns)   --->   "%mul_ln836 = mul i58 %sext_ln837, i58 %sext_ln836_1" [../src/riccati_solver_hls.cpp:836]   --->   Operation 124 'mul' 'mul_ln836' <Predicate = true> <Delay = 2.29> <CoreInst = "Mul_DSP">   --->   Core 5 'Mul_DSP' <Latency = 3> <II = 1> <Delay = 2.29> <FuncUnit> <Opcode : 'mul'> <InPorts = 2> <OutPorts = 1>
ST_4 : Operation 125 [2/4] (2.29ns)   --->   "%mul_ln837 = mul i58 %sext_ln838, i58 %sext_ln837_1" [../src/riccati_solver_hls.cpp:837]   --->   Operation 125 'mul' 'mul_ln837' <Predicate = true> <Delay = 2.29> <CoreInst = "Mul_DSP">   --->   Core 5 'Mul_DSP' <Latency = 3> <II = 1> <Delay = 2.29> <FuncUnit> <Opcode : 'mul'> <InPorts = 2> <OutPorts = 1>
ST_4 : Operation 126 [2/4] (2.29ns)   --->   "%mul_ln838 = mul i58 %sext_ln839, i58 %sext_ln838_1" [../src/riccati_solver_hls.cpp:838]   --->   Operation 126 'mul' 'mul_ln838' <Predicate = true> <Delay = 2.29> <CoreInst = "Mul_DSP">   --->   Core 5 'Mul_DSP' <Latency = 3> <II = 1> <Delay = 2.29> <FuncUnit> <Opcode : 'mul'> <InPorts = 2> <OutPorts = 1>
ST_4 : Operation 127 [2/4] (2.29ns)   --->   "%mul_ln839 = mul i58 %sext_ln840, i58 %sext_ln839_1" [../src/riccati_solver_hls.cpp:839]   --->   Operation 127 'mul' 'mul_ln839' <Predicate = true> <Delay = 2.29> <CoreInst = "Mul_DSP">   --->   Core 5 'Mul_DSP' <Latency = 3> <II = 1> <Delay = 2.29> <FuncUnit> <Opcode : 'mul'> <InPorts = 2> <OutPorts = 1>
ST_4 : Operation 128 [2/4] (2.29ns)   --->   "%mul_ln840 = mul i58 %sext_ln841, i58 %sext_ln840_1" [../src/riccati_solver_hls.cpp:840]   --->   Operation 128 'mul' 'mul_ln840' <Predicate = true> <Delay = 2.29> <CoreInst = "Mul_DSP">   --->   Core 5 'Mul_DSP' <Latency = 3> <II = 1> <Delay = 2.29> <FuncUnit> <Opcode : 'mul'> <InPorts = 2> <OutPorts = 1>

State 5 <SV = 4> <Delay = 4.18>
ST_5 : Operation 129 [1/4] (2.29ns)   --->   "%mul_ln835 = mul i58 %sext_ln836, i58 %sext_ln835" [../src/riccati_solver_hls.cpp:835]   --->   Operation 129 'mul' 'mul_ln835' <Predicate = true> <Delay = 2.29> <CoreInst = "Mul_DSP">   --->   Core 5 'Mul_DSP' <Latency = 3> <II = 1> <Delay = 2.29> <FuncUnit> <Opcode : 'mul'> <InPorts = 2> <OutPorts = 1>
ST_5 : Operation 130 [1/1] (0.00ns)   --->   "%specfucore_ln260 = specfucore void @_ssdm_op_SpecFUCore, i58 %mul_ln835, i64 12, i64 3, i64 3, i1 0" [../src/fp_math_hls.cpp:260->../src/riccati_solver_hls.cpp:835]   --->   Operation 130 'specfucore' 'specfucore_ln260' <Predicate = true> <Delay = 0.00>
ST_5 : Operation 131 [1/4] (2.29ns)   --->   "%mul_ln836 = mul i58 %sext_ln837, i58 %sext_ln836_1" [../src/riccati_solver_hls.cpp:836]   --->   Operation 131 'mul' 'mul_ln836' <Predicate = true> <Delay = 2.29> <CoreInst = "Mul_DSP">   --->   Core 5 'Mul_DSP' <Latency = 3> <II = 1> <Delay = 2.29> <FuncUnit> <Opcode : 'mul'> <InPorts = 2> <OutPorts = 1>
ST_5 : Operation 132 [1/1] (0.00ns)   --->   "%specfucore_ln260 = specfucore void @_ssdm_op_SpecFUCore, i58 %mul_ln836, i64 12, i64 3, i64 3, i1 0" [../src/fp_math_hls.cpp:260->../src/riccati_solver_hls.cpp:836]   --->   Operation 132 'specfucore' 'specfucore_ln260' <Predicate = true> <Delay = 0.00>
ST_5 : Operation 133 [1/4] (2.29ns)   --->   "%mul_ln837 = mul i58 %sext_ln838, i58 %sext_ln837_1" [../src/riccati_solver_hls.cpp:837]   --->   Operation 133 'mul' 'mul_ln837' <Predicate = true> <Delay = 2.29> <CoreInst = "Mul_DSP">   --->   Core 5 'Mul_DSP' <Latency = 3> <II = 1> <Delay = 2.29> <FuncUnit> <Opcode : 'mul'> <InPorts = 2> <OutPorts = 1>
ST_5 : Operation 134 [1/1] (0.00ns)   --->   "%specfucore_ln260 = specfucore void @_ssdm_op_SpecFUCore, i58 %mul_ln837, i64 12, i64 3, i64 3, i1 0" [../src/fp_math_hls.cpp:260->../src/riccati_solver_hls.cpp:837]   --->   Operation 134 'specfucore' 'specfucore_ln260' <Predicate = true> <Delay = 0.00>
ST_5 : Operation 135 [1/4] (2.29ns)   --->   "%mul_ln838 = mul i58 %sext_ln839, i58 %sext_ln838_1" [../src/riccati_solver_hls.cpp:838]   --->   Operation 135 'mul' 'mul_ln838' <Predicate = true> <Delay = 2.29> <CoreInst = "Mul_DSP">   --->   Core 5 'Mul_DSP' <Latency = 3> <II = 1> <Delay = 2.29> <FuncUnit> <Opcode : 'mul'> <InPorts = 2> <OutPorts = 1>
ST_5 : Operation 136 [1/1] (0.00ns)   --->   "%specfucore_ln260 = specfucore void @_ssdm_op_SpecFUCore, i58 %mul_ln838, i64 12, i64 3, i64 3, i1 0" [../src/fp_math_hls.cpp:260->../src/riccati_solver_hls.cpp:838]   --->   Operation 136 'specfucore' 'specfucore_ln260' <Predicate = true> <Delay = 0.00>
ST_5 : Operation 137 [1/4] (2.29ns)   --->   "%mul_ln839 = mul i58 %sext_ln840, i58 %sext_ln839_1" [../src/riccati_solver_hls.cpp:839]   --->   Operation 137 'mul' 'mul_ln839' <Predicate = true> <Delay = 2.29> <CoreInst = "Mul_DSP">   --->   Core 5 'Mul_DSP' <Latency = 3> <II = 1> <Delay = 2.29> <FuncUnit> <Opcode : 'mul'> <InPorts = 2> <OutPorts = 1>
ST_5 : Operation 138 [1/1] (0.00ns)   --->   "%specfucore_ln260 = specfucore void @_ssdm_op_SpecFUCore, i58 %mul_ln839, i64 12, i64 3, i64 3, i1 0" [../src/fp_math_hls.cpp:260->../src/riccati_solver_hls.cpp:839]   --->   Operation 138 'specfucore' 'specfucore_ln260' <Predicate = true> <Delay = 0.00>
ST_5 : Operation 139 [1/4] (2.29ns)   --->   "%mul_ln840 = mul i58 %sext_ln841, i58 %sext_ln840_1" [../src/riccati_solver_hls.cpp:840]   --->   Operation 139 'mul' 'mul_ln840' <Predicate = true> <Delay = 2.29> <CoreInst = "Mul_DSP">   --->   Core 5 'Mul_DSP' <Latency = 3> <II = 1> <Delay = 2.29> <FuncUnit> <Opcode : 'mul'> <InPorts = 2> <OutPorts = 1>
ST_5 : Operation 140 [1/1] (0.00ns)   --->   "%specfucore_ln260 = specfucore void @_ssdm_op_SpecFUCore, i58 %mul_ln840, i64 12, i64 3, i64 3, i1 0" [../src/fp_math_hls.cpp:260->../src/riccati_solver_hls.cpp:840]   --->   Operation 140 'specfucore' 'specfucore_ln260' <Predicate = true> <Delay = 0.00>
ST_5 : Operation 141 [1/1] (1.89ns)   --->   "%sum = call i58 @sum6_P_QP_raw, i58 %mul_ln835, i58 %mul_ln836, i58 %mul_ln837, i58 %mul_ln838, i58 %mul_ln839, i58 %mul_ln840" [../src/riccati_solver_hls.cpp:834]   --->   Operation 141 'call' 'sum' <Predicate = (!icmp_ln831)> <Delay = 1.89> <CoreType = "Generic">   --->   Generic Core
ST_5 : Operation 142 [1/1] (0.00ns)   --->   "%trunc_ln167_s = partselect i40 @_ssdm_op_PartSelect.i40.i58.i32.i32, i58 %sum, i32 18, i32 57" [include/fp_math_hls.h:167->../src/riccati_solver_hls.cpp:841]   --->   Operation 142 'partselect' 'trunc_ln167_s' <Predicate = true> <Delay = 0.00>
ST_5 : Operation 177 [1/1] (0.42ns)   --->   "%ret_ln0 = ret"   --->   Operation 177 'ret' 'ret_ln0' <Predicate = (icmp_ln831)> <Delay = 0.42>

State 6 <SV = 5> <Delay = 0.67>
ST_6 : Operation 143 [1/1] (0.00ns)   --->   "%specloopname_ln0 = specloopname void @_ssdm_op_SpecLoopName, void @VITIS_LOOP_831_12_VITIS_LOOP_832_13_str"   --->   Operation 143 'specloopname' 'specloopname_ln0' <Predicate = true> <Delay = 0.00>
ST_6 : Operation 144 [1/1] (0.00ns)   --->   "%speclooptripcount_ln0 = speclooptripcount void @_ssdm_op_SpecLoopTripCount, i64 30, i64 30, i64 30"   --->   Operation 144 'speclooptripcount' 'speclooptripcount_ln0' <Predicate = true> <Delay = 0.00>
ST_6 : Operation 145 [1/1] (0.00ns)   --->   "%zext_ln832 = zext i3 %select_ln475" [../src/riccati_solver_hls.cpp:832]   --->   Operation 145 'zext' 'zext_ln832' <Predicate = true> <Delay = 0.00>
ST_6 : Operation 146 [1/1] (0.00ns)   --->   "%specpipeline_ln833 = specpipeline void @_ssdm_op_SpecPipeline, i32 1, i32 0, i32 0, i32 0, i32 4294967295, void @empty_485" [../src/riccati_solver_hls.cpp:833]   --->   Operation 146 'specpipeline' 'specpipeline_ln833' <Predicate = true> <Delay = 0.00>
ST_6 : Operation 147 [1/1] (0.00ns)   --->   "%rbegin = specregionbegin i32 @_ssdm_op_SpecRegionBegin, void @empty_382" [../src/fp_math_hls.cpp:259->../src/riccati_solver_hls.cpp:835]   --->   Operation 147 'specregionbegin' 'rbegin' <Predicate = true> <Delay = 0.00>
ST_6 : Operation 148 [1/1] (0.00ns)   --->   "%rend492 = specregionend i32 @_ssdm_op_SpecRegionEnd, void @empty_382, i32 %rbegin" [../src/fp_math_hls.cpp:259->../src/riccati_solver_hls.cpp:835]   --->   Operation 148 'specregionend' 'rend492' <Predicate = true> <Delay = 0.00>
ST_6 : Operation 149 [1/1] (0.00ns)   --->   "%rbegin16 = specregionbegin i32 @_ssdm_op_SpecRegionBegin, void @empty_275" [../src/fp_math_hls.cpp:259->../src/riccati_solver_hls.cpp:836]   --->   Operation 149 'specregionbegin' 'rbegin16' <Predicate = true> <Delay = 0.00>
ST_6 : Operation 150 [1/1] (0.00ns)   --->   "%rend490 = specregionend i32 @_ssdm_op_SpecRegionEnd, void @empty_275, i32 %rbegin16" [../src/fp_math_hls.cpp:259->../src/riccati_solver_hls.cpp:836]   --->   Operation 150 'specregionend' 'rend490' <Predicate = true> <Delay = 0.00>
ST_6 : Operation 151 [1/1] (0.00ns)   --->   "%rbegin17 = specregionbegin i32 @_ssdm_op_SpecRegionBegin, void @empty_320" [../src/fp_math_hls.cpp:259->../src/riccati_solver_hls.cpp:837]   --->   Operation 151 'specregionbegin' 'rbegin17' <Predicate = true> <Delay = 0.00>
ST_6 : Operation 152 [1/1] (0.00ns)   --->   "%rend488 = specregionend i32 @_ssdm_op_SpecRegionEnd, void @empty_320, i32 %rbegin17" [../src/fp_math_hls.cpp:259->../src/riccati_solver_hls.cpp:837]   --->   Operation 152 'specregionend' 'rend488' <Predicate = true> <Delay = 0.00>
ST_6 : Operation 153 [1/1] (0.00ns)   --->   "%rbegin18 = specregionbegin i32 @_ssdm_op_SpecRegionBegin, void @empty_274" [../src/fp_math_hls.cpp:259->../src/riccati_solver_hls.cpp:838]   --->   Operation 153 'specregionbegin' 'rbegin18' <Predicate = true> <Delay = 0.00>
ST_6 : Operation 154 [1/1] (0.00ns)   --->   "%rend486 = specregionend i32 @_ssdm_op_SpecRegionEnd, void @empty_274, i32 %rbegin18" [../src/fp_math_hls.cpp:259->../src/riccati_solver_hls.cpp:838]   --->   Operation 154 'specregionend' 'rend486' <Predicate = true> <Delay = 0.00>
ST_6 : Operation 155 [1/1] (0.00ns)   --->   "%rbegin19 = specregionbegin i32 @_ssdm_op_SpecRegionBegin, void @empty_373" [../src/fp_math_hls.cpp:259->../src/riccati_solver_hls.cpp:839]   --->   Operation 155 'specregionbegin' 'rbegin19' <Predicate = true> <Delay = 0.00>
ST_6 : Operation 156 [1/1] (0.00ns)   --->   "%rend484 = specregionend i32 @_ssdm_op_SpecRegionEnd, void @empty_373, i32 %rbegin19" [../src/fp_math_hls.cpp:259->../src/riccati_solver_hls.cpp:839]   --->   Operation 156 'specregionend' 'rend484' <Predicate = true> <Delay = 0.00>
ST_6 : Operation 157 [1/1] (0.00ns)   --->   "%rbegin20 = specregionbegin i32 @_ssdm_op_SpecRegionBegin, void @empty_455" [../src/fp_math_hls.cpp:259->../src/riccati_solver_hls.cpp:840]   --->   Operation 157 'specregionbegin' 'rbegin20' <Predicate = true> <Delay = 0.00>
ST_6 : Operation 158 [1/1] (0.00ns)   --->   "%rend482 = specregionend i32 @_ssdm_op_SpecRegionEnd, void @empty_455, i32 %rbegin20" [../src/fp_math_hls.cpp:259->../src/riccati_solver_hls.cpp:840]   --->   Operation 158 'specregionend' 'rend482' <Predicate = true> <Delay = 0.00>
ST_6 : Operation 159 [1/1] (0.00ns)   --->   "%PA_addr = getelementptr i40 %PA, i64 0, i64 %zext_ln832" [../src/riccati_solver_hls.cpp:841]   --->   Operation 159 'getelementptr' 'PA_addr' <Predicate = true> <Delay = 0.00>
ST_6 : Operation 160 [1/1] (0.00ns)   --->   "%PA_1_addr = getelementptr i40 %PA_1, i64 0, i64 %zext_ln832" [../src/riccati_solver_hls.cpp:841]   --->   Operation 160 'getelementptr' 'PA_1_addr' <Predicate = true> <Delay = 0.00>
ST_6 : Operation 161 [1/1] (0.00ns)   --->   "%PA_2_addr = getelementptr i40 %PA_2, i64 0, i64 %zext_ln832" [../src/riccati_solver_hls.cpp:841]   --->   Operation 161 'getelementptr' 'PA_2_addr' <Predicate = true> <Delay = 0.00>
ST_6 : Operation 162 [1/1] (0.00ns)   --->   "%PA_3_addr = getelementptr i40 %PA_3, i64 0, i64 %zext_ln832" [../src/riccati_solver_hls.cpp:841]   --->   Operation 162 'getelementptr' 'PA_3_addr' <Predicate = true> <Delay = 0.00>
ST_6 : Operation 163 [1/1] (0.00ns)   --->   "%PA_4_addr = getelementptr i40 %PA_4, i64 0, i64 %zext_ln832" [../src/riccati_solver_hls.cpp:841]   --->   Operation 163 'getelementptr' 'PA_4_addr' <Predicate = true> <Delay = 0.00>
ST_6 : Operation 164 [1/1] (0.00ns)   --->   "%PA_5_addr = getelementptr i40 %PA_5, i64 0, i64 %zext_ln832" [../src/riccati_solver_hls.cpp:841]   --->   Operation 164 'getelementptr' 'PA_5_addr' <Predicate = true> <Delay = 0.00>
ST_6 : Operation 165 [1/1] ( I:0.67ns O:0.67ns )   --->   "%store_ln841 = store i40 %trunc_ln167_s, i3 %PA_4_addr" [../src/riccati_solver_hls.cpp:841]   --->   Operation 165 'store' 'store_ln841' <Predicate = (select_ln831 == 4)> <Delay = 0.67> <CoreInst = "RAM_2P_LUTRAM">   --->   Core 92 'RAM_2P_LUTRAM' <Latency = 1> <II = 1> <Delay = 0.67> <Storage> <Opcode : 'load' 'store'> <Ports = 2> <Width = 40> <Depth = 6> <RAM>
ST_6 : Operation 166 [1/1] (0.00ns)   --->   "%br_ln841 = br void %arrayidx995818.exit" [../src/riccati_solver_hls.cpp:841]   --->   Operation 166 'br' 'br_ln841' <Predicate = (select_ln831 == 4)> <Delay = 0.00>
ST_6 : Operation 167 [1/1] ( I:0.67ns O:0.67ns )   --->   "%store_ln841 = store i40 %trunc_ln167_s, i3 %PA_3_addr" [../src/riccati_solver_hls.cpp:841]   --->   Operation 167 'store' 'store_ln841' <Predicate = (select_ln831 == 3)> <Delay = 0.67> <CoreInst = "RAM_2P_LUTRAM">   --->   Core 92 'RAM_2P_LUTRAM' <Latency = 1> <II = 1> <Delay = 0.67> <Storage> <Opcode : 'load' 'store'> <Ports = 2> <Width = 40> <Depth = 6> <RAM>
ST_6 : Operation 168 [1/1] (0.00ns)   --->   "%br_ln841 = br void %arrayidx995818.exit" [../src/riccati_solver_hls.cpp:841]   --->   Operation 168 'br' 'br_ln841' <Predicate = (select_ln831 == 3)> <Delay = 0.00>
ST_6 : Operation 169 [1/1] ( I:0.67ns O:0.67ns )   --->   "%store_ln841 = store i40 %trunc_ln167_s, i3 %PA_2_addr" [../src/riccati_solver_hls.cpp:841]   --->   Operation 169 'store' 'store_ln841' <Predicate = (select_ln831 == 2)> <Delay = 0.67> <CoreInst = "RAM_2P_LUTRAM">   --->   Core 92 'RAM_2P_LUTRAM' <Latency = 1> <II = 1> <Delay = 0.67> <Storage> <Opcode : 'load' 'store'> <Ports = 2> <Width = 40> <Depth = 6> <RAM>
ST_6 : Operation 170 [1/1] (0.00ns)   --->   "%br_ln841 = br void %arrayidx995818.exit" [../src/riccati_solver_hls.cpp:841]   --->   Operation 170 'br' 'br_ln841' <Predicate = (select_ln831 == 2)> <Delay = 0.00>
ST_6 : Operation 171 [1/1] ( I:0.67ns O:0.67ns )   --->   "%store_ln841 = store i40 %trunc_ln167_s, i3 %PA_1_addr" [../src/riccati_solver_hls.cpp:841]   --->   Operation 171 'store' 'store_ln841' <Predicate = (select_ln831 == 1)> <Delay = 0.67> <CoreInst = "RAM_2P_LUTRAM">   --->   Core 92 'RAM_2P_LUTRAM' <Latency = 1> <II = 1> <Delay = 0.67> <Storage> <Opcode : 'load' 'store'> <Ports = 2> <Width = 40> <Depth = 6> <RAM>
ST_6 : Operation 172 [1/1] (0.00ns)   --->   "%br_ln841 = br void %arrayidx995818.exit" [../src/riccati_solver_hls.cpp:841]   --->   Operation 172 'br' 'br_ln841' <Predicate = (select_ln831 == 1)> <Delay = 0.00>
ST_6 : Operation 173 [1/1] ( I:0.67ns O:0.67ns )   --->   "%store_ln841 = store i40 %trunc_ln167_s, i3 %PA_addr" [../src/riccati_solver_hls.cpp:841]   --->   Operation 173 'store' 'store_ln841' <Predicate = (select_ln831 == 0)> <Delay = 0.67> <CoreInst = "RAM_2P_LUTRAM">   --->   Core 92 'RAM_2P_LUTRAM' <Latency = 1> <II = 1> <Delay = 0.67> <Storage> <Opcode : 'load' 'store'> <Ports = 2> <Width = 40> <Depth = 6> <RAM>
ST_6 : Operation 174 [1/1] (0.00ns)   --->   "%br_ln841 = br void %arrayidx995818.exit" [../src/riccati_solver_hls.cpp:841]   --->   Operation 174 'br' 'br_ln841' <Predicate = (select_ln831 == 0)> <Delay = 0.00>
ST_6 : Operation 175 [1/1] ( I:0.67ns O:0.67ns )   --->   "%store_ln841 = store i40 %trunc_ln167_s, i3 %PA_5_addr" [../src/riccati_solver_hls.cpp:841]   --->   Operation 175 'store' 'store_ln841' <Predicate = (select_ln831 != 0 & select_ln831 != 1 & select_ln831 != 2 & select_ln831 != 3 & select_ln831 != 4)> <Delay = 0.67> <CoreInst = "RAM_2P_LUTRAM">   --->   Core 92 'RAM_2P_LUTRAM' <Latency = 1> <II = 1> <Delay = 0.67> <Storage> <Opcode : 'load' 'store'> <Ports = 2> <Width = 40> <Depth = 6> <RAM>
ST_6 : Operation 176 [1/1] (0.00ns)   --->   "%br_ln841 = br void %arrayidx995818.exit" [../src/riccati_solver_hls.cpp:841]   --->   Operation 176 'br' 'br_ln841' <Predicate = (select_ln831 != 0 & select_ln831 != 1 & select_ln831 != 2 & select_ln831 != 3 & select_ln831 != 4)> <Delay = 0.00>


============================================================
+ Verbose Summary: Timing violations
============================================================
Target clock period: 5.000ns, clock uncertainty: 0.500ns.

 <State 1>: 2.407ns
The critical path consists of the following:
	'store' operation ('store_ln475', ../src/riccati_solver_hls.cpp:475) of constant 1 3 bit on local variable 'j', ../src/riccati_solver_hls.cpp:475 [90]  (0.427 ns)
	'load' operation 3 bit ('j_load', ../src/riccati_solver_hls.cpp:832) on local variable 'j', ../src/riccati_solver_hls.cpp:475 [98]  (0.000 ns)
	'icmp' operation 1 bit ('icmp_ln832', ../src/riccati_solver_hls.cpp:832) [103]  (0.673 ns)
	'select' operation 3 bit ('select_ln475', ../src/riccati_solver_hls.cpp:475) [104]  (0.208 ns)
	'add' operation 3 bit ('add_ln832', ../src/riccati_solver_hls.cpp:832) [191]  (0.673 ns)
	'store' operation ('store_ln475', ../src/riccati_solver_hls.cpp:475) of variable 'add_ln832', ../src/riccati_solver_hls.cpp:832 3 bit on local variable 'j', ../src/riccati_solver_hls.cpp:475 [194]  (0.427 ns)

 <State 2>: 2.968ns
The critical path consists of the following:
	'load' operation 40 bit ('a', ../src/riccati_solver_hls.cpp:835) on array 'P' [108]  (0.677 ns)
	'mul' operation 58 bit ('mul_ln835', ../src/riccati_solver_hls.cpp:835) [130]  (2.291 ns)

 <State 3>: 2.291ns
The critical path consists of the following:
	'mul' operation 58 bit ('mul_ln835', ../src/riccati_solver_hls.cpp:835) [130]  (2.291 ns)

 <State 4>: 2.291ns
The critical path consists of the following:
	'mul' operation 58 bit ('mul_ln835', ../src/riccati_solver_hls.cpp:835) [130]  (2.291 ns)

 <State 5>: 4.184ns
The critical path consists of the following:
	'mul' operation 58 bit ('mul_ln835', ../src/riccati_solver_hls.cpp:835) [130]  (2.291 ns)
	'call' operation 58 bit ('sum', ../src/riccati_solver_hls.cpp:834) to 'sum6_P_QP_raw' [163]  (1.893 ns)

 <State 6>: 0.677ns
The critical path consists of the following:
	'getelementptr' operation 3 bit ('PA_4_addr', ../src/riccati_solver_hls.cpp:841) [169]  (0.000 ns)
	'store' operation ('store_ln841', ../src/riccati_solver_hls.cpp:841) of variable 'trunc_ln167_s', include/fp_math_hls.h:167->../src/riccati_solver_hls.cpp:841 40 bit on array 'PA_4' [173]  (0.677 ns)


============================================================
+ Verbose Summary: Binding
============================================================
N/A
* FSMD analyzer results:
  - Output states:
 - Input state : 
  - Chain level:
	State 1
	State 2
	State 3
	State 4
	State 5
	State 6


============================================================
+ Verbose Summary: Datapath Resource usage 
============================================================
N/A
