

================================================================
== Vitis HLS Report for 'riccati_backward_pass_Pipeline_VITIS_LOOP_1029_38'
================================================================
* Date:           Thu May 21 15:23:05 2026

* Version:        2025.2 (Build 6295257 on Nov 14 2025)
* Project:        mpc_fpga_top_opencl
* Solution:       hls (Vitis Kernel Flow Target)
* Product family: zynquplus
* Target device:  xck26-sfvc784-2LV-c


================================================================
== Performance Estimates
================================================================
+ Timing: 
    * Summary: 
    +--------+---------+----------+------------+
    |  Clock |  Target | Estimated| Uncertainty|
    +--------+---------+----------+------------+
    |ap_clk  |  5.00 ns|  3.608 ns|     0.50 ns|
    +--------+---------+----------+------------+

+ Latency: 
    * Summary: 
    +---------+---------+-----------+-----------+-----+-----+-------------------+
    |  Latency (cycles) |   Latency (absolute)  |  Interval |      Pipeline     |
    |   min   |   max   |    min    |    max    | min | max |        Type       |
    +---------+---------+-----------+-----------+-----+-----+-------------------+
    |        6|        6|  30.000 ns|  30.000 ns|    0|    0|  loop pipeline stp|
    +---------+---------+-----------+-----------+-----+-----+-------------------+

    + Detail: 
        * Instance: 
        N/A

        * Loop: 
        +----------------------+---------+---------+----------+-----------+-----------+------+----------+
        |                      |  Latency (cycles) | Iteration|  Initiation Interval  | Trip |          |
        |       Loop Name      |   min   |   max   |  Latency |  achieved |   target  | Count| Pipelined|
        +----------------------+---------+---------+----------+-----------+-----------+------+----------+
        |- VITIS_LOOP_1029_38  |        4|        4|         4|          1|          1|     2|       yes|
        +----------------------+---------+---------+----------+-----------+-----------+------+----------+

============================================================
+ Verbose Summary: Synthesis Manager
============================================================
InlineROM: 1
ExposeGlobal: 0
============================================================
+ Verbose Summary: CDFG Model
============================================================
IsTopModel: 0
ResetActiveHigh: 1
IsCombinational: 0
IsDatapathOnly: 0
HasWiredReturn: 1
HasMFsm: 2
HasVarLatency: 1
IsPipeline: 0
IsRtlPipelined: 0
IsInstanceOverlapped: 0
IsDontTouch: 0
HasImplIP: 0
IsGatedGlobalClock: 0

+ Individual pipeline summary: 
  * Pipeline-0: initiation interval (II) = 1, depth = 4


============================================================
+ Verbose Summary: Schedule
============================================================
* Number of FSM states : 4
* Pipeline : 1
  Pipeline-0 : II = 1, D = 4, States = { 1 2 3 4 }
* Dataflow Pipeline: 0

* FSM state transitions: 
1 --> 2 
2 --> 3 
3 --> 4 
4 --> 

* FSM state operations: 

State 1 <SV = 0> <Delay = 3.33>
ST_1 : Operation 7 [1/1] (0.00ns)   --->   "%i = alloca i32 1" [../src/riccati_solver_hls.cpp:475]   --->   Operation 7 'alloca' 'i' <Predicate = true> <Delay = 0.00>
ST_1 : Operation 8 [1/1] (0.00ns)   --->   "%sext_ln1013_read = read i26 @_ssdm_op_Read.ap_auto.i26, i26 %sext_ln1013"   --->   Operation 8 'read' 'sext_ln1013_read' <Predicate = true> <Delay = 0.00>
ST_1 : Operation 9 [1/1] (0.00ns)   --->   "%sext_ln291_42_read = read i26 @_ssdm_op_Read.ap_auto.i26, i26 %sext_ln291_42"   --->   Operation 9 'read' 'sext_ln291_42_read' <Predicate = true> <Delay = 0.00>
ST_1 : Operation 10 [1/1] (0.00ns)   --->   "%G_37_read = read i23 @_ssdm_op_Read.ap_auto.i23, i23 %G_37"   --->   Operation 10 'read' 'G_37_read' <Predicate = true> <Delay = 0.00>
ST_1 : Operation 11 [1/1] (0.00ns)   --->   "%sext_ln1013_cast = sext i26 %sext_ln1013_read"   --->   Operation 11 'sext' 'sext_ln1013_cast' <Predicate = true> <Delay = 0.00>
ST_1 : Operation 12 [1/1] (0.00ns)   --->   "%sext_ln291_42_cast = sext i26 %sext_ln291_42_read"   --->   Operation 12 'sext' 'sext_ln291_42_cast' <Predicate = true> <Delay = 0.00>
ST_1 : Operation 13 [1/1] (0.42ns)   --->   "%store_ln1011 = store i40 0, i40 %p_new_14_out" [../src/riccati_solver_hls.cpp:1011]   --->   Operation 13 'store' 'store_ln1011' <Predicate = true> <Delay = 0.42>
ST_1 : Operation 14 [1/1] (0.42ns)   --->   "%store_ln1011 = store i40 0, i40 %p_new_13_out" [../src/riccati_solver_hls.cpp:1011]   --->   Operation 14 'store' 'store_ln1011' <Predicate = true> <Delay = 0.42>
ST_1 : Operation 15 [1/1] (0.42ns)   --->   "%store_ln475 = store i4 6, i4 %i" [../src/riccati_solver_hls.cpp:475]   --->   Operation 15 'store' 'store_ln475' <Predicate = true> <Delay = 0.42>
ST_1 : Operation 16 [1/1] (0.00ns)   --->   "%br_ln0 = br void %for.inc2959"   --->   Operation 16 'br' 'br_ln0' <Predicate = true> <Delay = 0.00>
ST_1 : Operation 17 [1/1] (0.00ns)   --->   "%i_3 = load i4 %i" [../src/riccati_solver_hls.cpp:1029]   --->   Operation 17 'load' 'i_3' <Predicate = true> <Delay = 0.00>
ST_1 : Operation 18 [1/1] (0.79ns)   --->   "%icmp_ln1029 = icmp_eq  i4 %i_3, i4 8" [../src/riccati_solver_hls.cpp:1029]   --->   Operation 18 'icmp' 'icmp_ln1029' <Predicate = true> <Delay = 0.79> <CoreInst = "Cmp">   --->   Core 9 'Cmp' <Latency = 0> <II = 1> <Delay = 0.79> <FuncUnit> <Opcode : 'seteq' 'setne' 'setle' 'setge' 'setlt' 'setgt'> <InPorts = 2> <OutPorts = 1>
ST_1 : Operation 19 [1/1] (0.00ns)   --->   "%br_ln1029 = br i1 %icmp_ln1029, void %fpga_resource_hint.for.inc2959.181, void %for.inc2971.exitStub" [../src/riccati_solver_hls.cpp:1029]   --->   Operation 19 'br' 'br_ln1029' <Predicate = true> <Delay = 0.00>
ST_1 : Operation 20 [1/1] (0.79ns)   --->   "%empty = icmp_eq  i4 %i_3, i4 7" [../src/riccati_solver_hls.cpp:1029]   --->   Operation 20 'icmp' 'empty' <Predicate = (!icmp_ln1029)> <Delay = 0.79> <CoreInst = "Cmp">   --->   Core 9 'Cmp' <Latency = 0> <II = 1> <Delay = 0.79> <FuncUnit> <Opcode : 'seteq' 'setne' 'setle' 'setge' 'setlt' 'setgt'> <InPorts = 2> <OutPorts = 1>
ST_1 : Operation 21 [1/1] (0.33ns)   --->   "%a = select i1 %empty, i23 0, i23 %G_37_read" [../src/riccati_solver_hls.cpp:1029]   --->   Operation 21 'select' 'a' <Predicate = (!icmp_ln1029)> <Delay = 0.33> <CoreInst = "Sel">   --->   Core 73 'Sel' <Latency = 0> <II = 1> <Delay = 0.33> <FuncUnit> <Opcode : 'select'> <InPorts = 3> <OutPorts = 1>
ST_1 : Operation 22 [1/1] (0.00ns)   --->   "%sext_ln291 = sext i23 %a" [../src/fp_math_hls.cpp:291->../src/riccati_solver_hls.cpp:1032]   --->   Operation 22 'sext' 'sext_ln291' <Predicate = (!icmp_ln1029)> <Delay = 0.00>
ST_1 : Operation 23 [4/4] (1.78ns)   --->   "%mul_ln291 = mul i49 %sext_ln291, i49 %sext_ln291_42_cast" [../src/fp_math_hls.cpp:291->../src/riccati_solver_hls.cpp:1032]   --->   Operation 23 'mul' 'mul_ln291' <Predicate = (!icmp_ln1029)> <Delay = 1.78> <CoreInst = "Mul_DSP">   --->   Core 5 'Mul_DSP' <Latency = 3> <II = 1> <Delay = 1.78> <FuncUnit> <Opcode : 'mul'> <InPorts = 2> <OutPorts = 1>
ST_1 : Operation 24 [1/1] (0.33ns)   --->   "%a_27 = select i1 %empty, i23 %G_37_read, i23 0" [../src/riccati_solver_hls.cpp:1029]   --->   Operation 24 'select' 'a_27' <Predicate = (!icmp_ln1029)> <Delay = 0.33> <CoreInst = "Sel">   --->   Core 73 'Sel' <Latency = 0> <II = 1> <Delay = 0.33> <FuncUnit> <Opcode : 'select'> <InPorts = 3> <OutPorts = 1>
ST_1 : Operation 25 [1/1] (0.00ns)   --->   "%sext_ln291_1 = sext i23 %a_27" [../src/fp_math_hls.cpp:291->../src/riccati_solver_hls.cpp:1033]   --->   Operation 25 'sext' 'sext_ln291_1' <Predicate = (!icmp_ln1029)> <Delay = 0.00>
ST_1 : Operation 26 [4/4] (1.78ns)   --->   "%mul_ln291_1 = mul i49 %sext_ln291_1, i49 %sext_ln1013_cast" [../src/fp_math_hls.cpp:291->../src/riccati_solver_hls.cpp:1033]   --->   Operation 26 'mul' 'mul_ln291_1' <Predicate = (!icmp_ln1029)> <Delay = 1.78> <CoreInst = "Mul_DSP">   --->   Core 5 'Mul_DSP' <Latency = 3> <II = 1> <Delay = 1.78> <FuncUnit> <Opcode : 'mul'> <InPorts = 2> <OutPorts = 1>
ST_1 : Operation 27 [1/1] (0.79ns)   --->   "%icmp_ln1035 = icmp_eq  i4 %i_3, i4 6" [../src/riccati_solver_hls.cpp:1035]   --->   Operation 27 'icmp' 'icmp_ln1035' <Predicate = (!icmp_ln1029)> <Delay = 0.79> <CoreInst = "Cmp">   --->   Core 9 'Cmp' <Latency = 0> <II = 1> <Delay = 0.79> <FuncUnit> <Opcode : 'seteq' 'setne' 'setle' 'setge' 'setlt' 'setgt'> <InPorts = 2> <OutPorts = 1>
ST_1 : Operation 28 [1/1] (0.79ns)   --->   "%add_ln1029 = add i4 %i_3, i4 1" [../src/riccati_solver_hls.cpp:1029]   --->   Operation 28 'add' 'add_ln1029' <Predicate = (!icmp_ln1029)> <Delay = 0.79> <CoreInst = "Adder">   --->   Core 1 'Adder' <Latency = 0> <II = 1> <Delay = 0.79> <FuncUnit> <Opcode : 'add' 'sub'> <InPorts = 2> <OutPorts = 1>
ST_1 : Operation 29 [1/1] (0.42ns)   --->   "%store_ln475 = store i4 %add_ln1029, i4 %i" [../src/riccati_solver_hls.cpp:475]   --->   Operation 29 'store' 'store_ln475' <Predicate = (!icmp_ln1029)> <Delay = 0.42>

State 2 <SV = 1> <Delay = 1.78>
ST_2 : Operation 30 [3/4] (1.78ns)   --->   "%mul_ln291 = mul i49 %sext_ln291, i49 %sext_ln291_42_cast" [../src/fp_math_hls.cpp:291->../src/riccati_solver_hls.cpp:1032]   --->   Operation 30 'mul' 'mul_ln291' <Predicate = true> <Delay = 1.78> <CoreInst = "Mul_DSP">   --->   Core 5 'Mul_DSP' <Latency = 3> <II = 1> <Delay = 1.78> <FuncUnit> <Opcode : 'mul'> <InPorts = 2> <OutPorts = 1>
ST_2 : Operation 31 [3/4] (1.78ns)   --->   "%mul_ln291_1 = mul i49 %sext_ln291_1, i49 %sext_ln1013_cast" [../src/fp_math_hls.cpp:291->../src/riccati_solver_hls.cpp:1033]   --->   Operation 31 'mul' 'mul_ln291_1' <Predicate = true> <Delay = 1.78> <CoreInst = "Mul_DSP">   --->   Core 5 'Mul_DSP' <Latency = 3> <II = 1> <Delay = 1.78> <FuncUnit> <Opcode : 'mul'> <InPorts = 2> <OutPorts = 1>

State 3 <SV = 2> <Delay = 1.78>
ST_3 : Operation 32 [2/4] (1.78ns)   --->   "%mul_ln291 = mul i49 %sext_ln291, i49 %sext_ln291_42_cast" [../src/fp_math_hls.cpp:291->../src/riccati_solver_hls.cpp:1032]   --->   Operation 32 'mul' 'mul_ln291' <Predicate = true> <Delay = 1.78> <CoreInst = "Mul_DSP">   --->   Core 5 'Mul_DSP' <Latency = 3> <II = 1> <Delay = 1.78> <FuncUnit> <Opcode : 'mul'> <InPorts = 2> <OutPorts = 1>
ST_3 : Operation 33 [2/4] (1.78ns)   --->   "%mul_ln291_1 = mul i49 %sext_ln291_1, i49 %sext_ln1013_cast" [../src/fp_math_hls.cpp:291->../src/riccati_solver_hls.cpp:1033]   --->   Operation 33 'mul' 'mul_ln291_1' <Predicate = true> <Delay = 1.78> <CoreInst = "Mul_DSP">   --->   Core 5 'Mul_DSP' <Latency = 3> <II = 1> <Delay = 1.78> <FuncUnit> <Opcode : 'mul'> <InPorts = 2> <OutPorts = 1>
ST_3 : Operation 59 [1/1] (0.42ns)   --->   "%ret_ln0 = ret"   --->   Operation 59 'ret' 'ret_ln0' <Predicate = (icmp_ln1029)> <Delay = 0.42>

State 4 <SV = 3> <Delay = 3.60>
ST_4 : Operation 34 [1/1] (0.00ns)   --->   "%p_new_13_out_load = load i40 %p_new_13_out" [../src/riccati_solver_hls.cpp:1035]   --->   Operation 34 'load' 'p_new_13_out_load' <Predicate = (icmp_ln1035)> <Delay = 0.00>
ST_4 : Operation 35 [1/1] (0.00ns)   --->   "%p_new_14_out_load = load i40 %p_new_14_out" [../src/riccati_solver_hls.cpp:1035]   --->   Operation 35 'load' 'p_new_14_out_load' <Predicate = (!icmp_ln1035)> <Delay = 0.00>
ST_4 : Operation 36 [1/1] (0.00ns)   --->   "%specpipeline_ln1030 = specpipeline void @_ssdm_op_SpecPipeline, i32 1, i32 0, i32 0, i32 0, i32 4294967295, void @empty_485" [../src/riccati_solver_hls.cpp:1030]   --->   Operation 36 'specpipeline' 'specpipeline_ln1030' <Predicate = true> <Delay = 0.00>
ST_4 : Operation 37 [1/1] (0.00ns)   --->   "%speclooptripcount_ln1011 = speclooptripcount void @_ssdm_op_SpecLoopTripCount, i64 2, i64 2, i64 2" [../src/riccati_solver_hls.cpp:1011]   --->   Operation 37 'speclooptripcount' 'speclooptripcount_ln1011' <Predicate = true> <Delay = 0.00>
ST_4 : Operation 38 [1/1] (0.00ns)   --->   "%specloopname_ln1029 = specloopname void @_ssdm_op_SpecLoopName, void @empty_5" [../src/riccati_solver_hls.cpp:1029]   --->   Operation 38 'specloopname' 'specloopname_ln1029' <Predicate = true> <Delay = 0.00>
ST_4 : Operation 39 [1/1] (0.00ns)   --->   "%rbegin = specregionbegin i32 @_ssdm_op_SpecRegionBegin, void @empty_155" [../src/fp_math_hls.cpp:291->../src/riccati_solver_hls.cpp:1032]   --->   Operation 39 'specregionbegin' 'rbegin' <Predicate = true> <Delay = 0.00>
ST_4 : Operation 40 [1/4] (1.78ns)   --->   "%mul_ln291 = mul i49 %sext_ln291, i49 %sext_ln291_42_cast" [../src/fp_math_hls.cpp:291->../src/riccati_solver_hls.cpp:1032]   --->   Operation 40 'mul' 'mul_ln291' <Predicate = true> <Delay = 1.78> <CoreInst = "Mul_DSP">   --->   Core 5 'Mul_DSP' <Latency = 3> <II = 1> <Delay = 1.78> <FuncUnit> <Opcode : 'mul'> <InPorts = 2> <OutPorts = 1>
ST_4 : Operation 41 [1/1] (0.00ns)   --->   "%specfucore_ln292 = specfucore void @_ssdm_op_SpecFUCore, i49 %mul_ln291, i64 12, i64 3, i64 3, i1 0" [../src/fp_math_hls.cpp:292->../src/riccati_solver_hls.cpp:1032]   --->   Operation 41 'specfucore' 'specfucore_ln292' <Predicate = true> <Delay = 0.00>
ST_4 : Operation 42 [1/1] (0.00ns)   --->   "%rend448 = specregionend i32 @_ssdm_op_SpecRegionEnd, void @empty_155, i32 %rbegin" [../src/fp_math_hls.cpp:291->../src/riccati_solver_hls.cpp:1032]   --->   Operation 42 'specregionend' 'rend448' <Predicate = true> <Delay = 0.00>
ST_4 : Operation 43 [1/1] (0.00ns)   --->   "%trunc_ln1032 = trunc i49 %mul_ln291" [../src/riccati_solver_hls.cpp:1032]   --->   Operation 43 'trunc' 'trunc_ln1032' <Predicate = true> <Delay = 0.00>
ST_4 : Operation 44 [1/1] (0.00ns)   --->   "%sext_ln1032 = sext i48 %trunc_ln1032" [../src/riccati_solver_hls.cpp:1032]   --->   Operation 44 'sext' 'sext_ln1032' <Predicate = true> <Delay = 0.00>
ST_4 : Operation 45 [1/1] (0.00ns)   --->   "%rbegin34 = specregionbegin i32 @_ssdm_op_SpecRegionBegin, void @empty_163" [../src/fp_math_hls.cpp:291->../src/riccati_solver_hls.cpp:1033]   --->   Operation 45 'specregionbegin' 'rbegin34' <Predicate = true> <Delay = 0.00>
ST_4 : Operation 46 [1/4] (1.78ns)   --->   "%mul_ln291_1 = mul i49 %sext_ln291_1, i49 %sext_ln1013_cast" [../src/fp_math_hls.cpp:291->../src/riccati_solver_hls.cpp:1033]   --->   Operation 46 'mul' 'mul_ln291_1' <Predicate = true> <Delay = 1.78> <CoreInst = "Mul_DSP">   --->   Core 5 'Mul_DSP' <Latency = 3> <II = 1> <Delay = 1.78> <FuncUnit> <Opcode : 'mul'> <InPorts = 2> <OutPorts = 1>
ST_4 : Operation 47 [1/1] (0.00ns)   --->   "%specfucore_ln292 = specfucore void @_ssdm_op_SpecFUCore, i49 %mul_ln291_1, i64 12, i64 3, i64 3, i1 0" [../src/fp_math_hls.cpp:292->../src/riccati_solver_hls.cpp:1033]   --->   Operation 47 'specfucore' 'specfucore_ln292' <Predicate = true> <Delay = 0.00>
ST_4 : Operation 48 [1/1] (0.00ns)   --->   "%rend446 = specregionend i32 @_ssdm_op_SpecRegionEnd, void @empty_163, i32 %rbegin34" [../src/fp_math_hls.cpp:291->../src/riccati_solver_hls.cpp:1033]   --->   Operation 48 'specregionend' 'rend446' <Predicate = true> <Delay = 0.00>
ST_4 : Operation 49 [1/1] (0.00ns)   --->   "%trunc_ln1033 = trunc i49 %mul_ln291_1" [../src/riccati_solver_hls.cpp:1033]   --->   Operation 49 'trunc' 'trunc_ln1033' <Predicate = true> <Delay = 0.00>
ST_4 : Operation 50 [1/1] (0.00ns)   --->   "%sext_ln1033 = sext i48 %trunc_ln1033" [../src/riccati_solver_hls.cpp:1033]   --->   Operation 50 'sext' 'sext_ln1033' <Predicate = true> <Delay = 0.00>
ST_4 : Operation 51 [1/1] (1.09ns)   --->   "%total = add i49 %sext_ln1033, i49 %sext_ln1032" [../src/riccati_solver_hls.cpp:1032]   --->   Operation 51 'add' 'total' <Predicate = true> <Delay = 1.09> <CoreInst = "Adder">   --->   Core 1 'Adder' <Latency = 0> <II = 1> <Delay = 1.09> <FuncUnit> <Opcode : 'add' 'sub'> <InPorts = 2> <OutPorts = 1>
ST_4 : Operation 52 [1/1] (0.00ns)   --->   "%trunc_ln167_s = partselect i31 @_ssdm_op_PartSelect.i31.i49.i32.i32, i49 %total, i32 18, i32 48" [include/fp_math_hls.h:167->../src/riccati_solver_hls.cpp:1037]   --->   Operation 52 'partselect' 'trunc_ln167_s' <Predicate = true> <Delay = 0.00>
ST_4 : Operation 53 [1/1] (0.00ns)   --->   "%sext_ln167 = sext i31 %trunc_ln167_s" [include/fp_math_hls.h:167->../src/riccati_solver_hls.cpp:1037]   --->   Operation 53 'sext' 'sext_ln167' <Predicate = true> <Delay = 0.00>
ST_4 : Operation 54 [1/1] (0.31ns)   --->   "%p_new_1 = select i1 %icmp_ln1035, i40 %sext_ln167, i40 %p_new_14_out_load" [../src/riccati_solver_hls.cpp:1035]   --->   Operation 54 'select' 'p_new_1' <Predicate = true> <Delay = 0.31> <CoreInst = "Sel">   --->   Core 73 'Sel' <Latency = 0> <II = 1> <Delay = 0.31> <FuncUnit> <Opcode : 'select'> <InPorts = 3> <OutPorts = 1>
ST_4 : Operation 55 [1/1] (0.31ns)   --->   "%p_new = select i1 %icmp_ln1035, i40 %p_new_13_out_load, i40 %sext_ln167" [../src/riccati_solver_hls.cpp:1035]   --->   Operation 55 'select' 'p_new' <Predicate = true> <Delay = 0.31> <CoreInst = "Sel">   --->   Core 73 'Sel' <Latency = 0> <II = 1> <Delay = 0.31> <FuncUnit> <Opcode : 'select'> <InPorts = 3> <OutPorts = 1>
ST_4 : Operation 56 [1/1] (0.42ns)   --->   "%store_ln1011 = store i40 %p_new_1, i40 %p_new_14_out" [../src/riccati_solver_hls.cpp:1011]   --->   Operation 56 'store' 'store_ln1011' <Predicate = true> <Delay = 0.42>
ST_4 : Operation 57 [1/1] (0.42ns)   --->   "%store_ln1011 = store i40 %p_new, i40 %p_new_13_out" [../src/riccati_solver_hls.cpp:1011]   --->   Operation 57 'store' 'store_ln1011' <Predicate = true> <Delay = 0.42>
ST_4 : Operation 58 [1/1] (0.00ns)   --->   "%br_ln1029 = br void %for.inc2959" [../src/riccati_solver_hls.cpp:1029]   --->   Operation 58 'br' 'br_ln1029' <Predicate = true> <Delay = 0.00>


============================================================
+ Verbose Summary: Timing violations
============================================================
Target clock period: 5.000ns, clock uncertainty: 0.500ns.

 <State 1>: 3.337ns
The critical path consists of the following:
	'store' operation ('store_ln475', ../src/riccati_solver_hls.cpp:475) of constant 6 4 bit on local variable 'i', ../src/riccati_solver_hls.cpp:475 [14]  (0.427 ns)
	'load' operation 4 bit ('i', ../src/riccati_solver_hls.cpp:1029) on local variable 'i', ../src/riccati_solver_hls.cpp:475 [17]  (0.000 ns)
	'icmp' operation 1 bit ('empty', ../src/riccati_solver_hls.cpp:1029) [26]  (0.797 ns)
	'select' operation 23 bit ('a', ../src/riccati_solver_hls.cpp:1029) [27]  (0.332 ns)
	'mul' operation 49 bit ('mul_ln291', ../src/fp_math_hls.cpp:291->../src/riccati_solver_hls.cpp:1032) [30]  (1.781 ns)

 <State 2>: 1.781ns
The critical path consists of the following:
	'mul' operation 49 bit ('mul_ln291', ../src/fp_math_hls.cpp:291->../src/riccati_solver_hls.cpp:1032) [30]  (1.781 ns)

 <State 3>: 1.781ns
The critical path consists of the following:
	'mul' operation 49 bit ('mul_ln291', ../src/fp_math_hls.cpp:291->../src/riccati_solver_hls.cpp:1032) [30]  (1.781 ns)

 <State 4>: 3.608ns
The critical path consists of the following:
	'mul' operation 49 bit ('mul_ln291', ../src/fp_math_hls.cpp:291->../src/riccati_solver_hls.cpp:1032) [30]  (1.781 ns)
	'add' operation 49 bit ('total', ../src/riccati_solver_hls.cpp:1032) [43]  (1.090 ns)
	'select' operation 40 bit ('p_new', ../src/riccati_solver_hls.cpp:1035) [47]  (0.310 ns)
	'store' operation ('store_ln1011', ../src/riccati_solver_hls.cpp:1011) of variable 'p_new', ../src/riccati_solver_hls.cpp:1035 40 bit on local variable 'p_new_14_out' [50]  (0.427 ns)


============================================================
+ Verbose Summary: Binding
============================================================
N/A
* FSMD analyzer results:
  - Output states:
 - Input state : 
  - Chain level:
	State 1
	State 2
	State 3
	State 4


============================================================
+ Verbose Summary: Datapath Resource usage 
============================================================
N/A
