

================================================================
== Vitis HLS Report for 'riccati_backward_pass_Pipeline_VITIS_LOOP_766_10'
================================================================
* Date:           Thu May 21 15:23:05 2026

* Version:        2025.2 (Build 6295257 on Nov 14 2025)
* Project:        mpc_fpga_top_opencl
* Solution:       hls (Vitis Kernel Flow Target)
* Product family: zynquplus
* Target device:  xck26-sfvc784-2LV-c


================================================================
== Performance Estimates
================================================================
+ Timing: 
    * Summary: 
    +--------+---------+----------+------------+
    |  Clock |  Target | Estimated| Uncertainty|
    +--------+---------+----------+------------+
    |ap_clk  |  5.00 ns|  4.184 ns|     0.50 ns|
    +--------+---------+----------+------------+

+ Latency: 
    * Summary: 
    +---------+---------+-----------+-----------+-----+-----+-------------------+
    |  Latency (cycles) |   Latency (absolute)  |  Interval |      Pipeline     |
    |   min   |   max   |    min    |    max    | min | max |        Type       |
    +---------+---------+-----------+-----------+-----+-----+-------------------+
    |       15|       15|  75.000 ns|  75.000 ns|    0|    0|  loop pipeline stp|
    +---------+---------+-----------+-----------+-----+-----+-------------------+

    + Detail: 
        * Instance: 
        N/A

        * Loop: 
        +---------------------+---------+---------+----------+-----------+-----------+------+----------+
        |                     |  Latency (cycles) | Iteration|  Initiation Interval  | Trip |          |
        |      Loop Name      |   min   |   max   |  Latency |  achieved |   target  | Count| Pipelined|
        +---------------------+---------+---------+----------+-----------+-----------+------+----------+
        |- VITIS_LOOP_766_10  |       13|       13|         6|          1|          1|     8|       yes|
        +---------------------+---------+---------+----------+-----------+-----------+------+----------+

============================================================
+ Verbose Summary: Synthesis Manager
============================================================
InlineROM: 1
ExposeGlobal: 0
============================================================
+ Verbose Summary: CDFG Model
============================================================
IsTopModel: 0
ResetActiveHigh: 1
IsCombinational: 0
IsDatapathOnly: 0
HasWiredReturn: 1
HasMFsm: 2
HasVarLatency: 1
IsPipeline: 0
IsRtlPipelined: 0
IsInstanceOverlapped: 0
IsDontTouch: 0
HasImplIP: 0
IsGatedGlobalClock: 0

+ Individual pipeline summary: 
  * Pipeline-0: initiation interval (II) = 1, depth = 6


============================================================
+ Verbose Summary: Schedule
============================================================
* Number of FSM states : 6
* Pipeline : 1
  Pipeline-0 : II = 1, D = 6, States = { 1 2 3 4 5 6 }
* Dataflow Pipeline: 0

* FSM state transitions: 
1 --> 2 
2 --> 3 
3 --> 4 
4 --> 5 
5 --> 6 
6 --> 

* FSM state operations: 

State 1 <SV = 0> <Delay = 1.65>
ST_1 : Operation 9 [1/1] (0.00ns)   --->   "%i = alloca i32 1" [../src/riccati_solver_hls.cpp:475]   --->   Operation 9 'alloca' 'i' <Predicate = true> <Delay = 0.00>
ST_1 : Operation 10 [1/1] (0.00ns)   --->   "%p_shift = alloca i32 1" [../src/riccati_solver_hls.cpp:764]   --->   Operation 10 'alloca' 'p_shift' <Predicate = true> <Delay = 0.00>
ST_1 : Operation 11 [1/1] (0.00ns)   --->   "%p_shift_1 = alloca i32 1" [../src/riccati_solver_hls.cpp:764]   --->   Operation 11 'alloca' 'p_shift_1' <Predicate = true> <Delay = 0.00>
ST_1 : Operation 12 [1/1] (0.00ns)   --->   "%p_shift_2 = alloca i32 1" [../src/riccati_solver_hls.cpp:764]   --->   Operation 12 'alloca' 'p_shift_2' <Predicate = true> <Delay = 0.00>
ST_1 : Operation 13 [1/1] (0.00ns)   --->   "%p_shift_3 = alloca i32 1" [../src/riccati_solver_hls.cpp:764]   --->   Operation 13 'alloca' 'p_shift_3' <Predicate = true> <Delay = 0.00>
ST_1 : Operation 14 [1/1] (0.00ns)   --->   "%p_shift_4 = alloca i32 1" [../src/riccati_solver_hls.cpp:764]   --->   Operation 14 'alloca' 'p_shift_4' <Predicate = true> <Delay = 0.00>
ST_1 : Operation 15 [1/1] (0.00ns)   --->   "%p_shift_5 = alloca i32 1" [../src/riccati_solver_hls.cpp:764]   --->   Operation 15 'alloca' 'p_shift_5' <Predicate = true> <Delay = 0.00>
ST_1 : Operation 16 [1/1] (0.00ns)   --->   "%p_shift_6 = alloca i32 1" [../src/riccati_solver_hls.cpp:764]   --->   Operation 16 'alloca' 'p_shift_6' <Predicate = true> <Delay = 0.00>
ST_1 : Operation 17 [1/1] (0.00ns)   --->   "%p_shift_7 = alloca i32 1" [../src/riccati_solver_hls.cpp:764]   --->   Operation 17 'alloca' 'p_shift_7' <Predicate = true> <Delay = 0.00>
ST_1 : Operation 18 [1/1] (0.00ns)   --->   "%p_9_read = read i40 @_ssdm_op_Read.ap_auto.i40, i40 %p_9"   --->   Operation 18 'read' 'p_9_read' <Predicate = true> <Delay = 0.00>
ST_1 : Operation 19 [1/1] (0.00ns)   --->   "%p_8_read = read i40 @_ssdm_op_Read.ap_auto.i40, i40 %p_8"   --->   Operation 19 'read' 'p_8_read' <Predicate = true> <Delay = 0.00>
ST_1 : Operation 20 [1/1] (0.00ns)   --->   "%p_7_read = read i40 @_ssdm_op_Read.ap_auto.i40, i40 %p_7"   --->   Operation 20 'read' 'p_7_read' <Predicate = true> <Delay = 0.00>
ST_1 : Operation 21 [1/1] (0.00ns)   --->   "%p_6_read = read i40 @_ssdm_op_Read.ap_auto.i40, i40 %p_6"   --->   Operation 21 'read' 'p_6_read' <Predicate = true> <Delay = 0.00>
ST_1 : Operation 22 [1/1] (0.00ns)   --->   "%p_5_read = read i40 @_ssdm_op_Read.ap_auto.i40, i40 %p_5_r"   --->   Operation 22 'read' 'p_5_read' <Predicate = true> <Delay = 0.00>
ST_1 : Operation 23 [1/1] (0.00ns)   --->   "%p_4_read = read i40 @_ssdm_op_Read.ap_auto.i40, i40 %p_4_r"   --->   Operation 23 'read' 'p_4_read' <Predicate = true> <Delay = 0.00>
ST_1 : Operation 24 [1/1] (0.00ns)   --->   "%p_3_read = read i40 @_ssdm_op_Read.ap_auto.i40, i40 %p_3_r"   --->   Operation 24 'read' 'p_3_read' <Predicate = true> <Delay = 0.00>
ST_1 : Operation 25 [1/1] (0.00ns)   --->   "%p_2_read = read i40 @_ssdm_op_Read.ap_auto.i40, i40 %p_2_r"   --->   Operation 25 'read' 'p_2_read' <Predicate = true> <Delay = 0.00>
ST_1 : Operation 26 [1/1] (0.00ns)   --->   "%sext_ln766_1_read = read i32 @_ssdm_op_Read.ap_auto.i32, i32 %sext_ln766_1"   --->   Operation 26 'read' 'sext_ln766_1_read' <Predicate = true> <Delay = 0.00>
ST_1 : Operation 27 [1/1] (0.00ns)   --->   "%sext_ln766_read = read i32 @_ssdm_op_Read.ap_auto.i32, i32 %sext_ln766"   --->   Operation 27 'read' 'sext_ln766_read' <Predicate = true> <Delay = 0.00>
ST_1 : Operation 28 [1/1] (0.00ns)   --->   "%sext_ln259_3_read = read i32 @_ssdm_op_Read.ap_auto.i32, i32 %sext_ln259_3"   --->   Operation 28 'read' 'sext_ln259_3_read' <Predicate = true> <Delay = 0.00>
ST_1 : Operation 29 [1/1] (0.00ns)   --->   "%sext_ln259_2_read = read i32 @_ssdm_op_Read.ap_auto.i32, i32 %sext_ln259_2"   --->   Operation 29 'read' 'sext_ln259_2_read' <Predicate = true> <Delay = 0.00>
ST_1 : Operation 30 [1/1] (0.00ns)   --->   "%sext_ln259_1_read = read i32 @_ssdm_op_Read.ap_auto.i32, i32 %sext_ln259_1"   --->   Operation 30 'read' 'sext_ln259_1_read' <Predicate = true> <Delay = 0.00>
ST_1 : Operation 31 [1/1] (0.00ns)   --->   "%sext_ln259_read = read i32 @_ssdm_op_Read.ap_auto.i32, i32 %sext_ln259"   --->   Operation 31 'read' 'sext_ln259_read' <Predicate = true> <Delay = 0.00>
ST_1 : Operation 32 [1/1] (0.00ns)   --->   "%sext_ln766_1_cast = sext i32 %sext_ln766_1_read"   --->   Operation 32 'sext' 'sext_ln766_1_cast' <Predicate = true> <Delay = 0.00>
ST_1 : Operation 33 [1/1] (0.00ns)   --->   "%sext_ln766_cast = sext i32 %sext_ln766_read"   --->   Operation 33 'sext' 'sext_ln766_cast' <Predicate = true> <Delay = 0.00>
ST_1 : Operation 34 [1/1] (0.00ns)   --->   "%sext_ln259_3_cast = sext i32 %sext_ln259_3_read"   --->   Operation 34 'sext' 'sext_ln259_3_cast' <Predicate = true> <Delay = 0.00>
ST_1 : Operation 35 [1/1] (0.00ns)   --->   "%sext_ln259_2_cast = sext i32 %sext_ln259_2_read"   --->   Operation 35 'sext' 'sext_ln259_2_cast' <Predicate = true> <Delay = 0.00>
ST_1 : Operation 36 [1/1] (0.00ns)   --->   "%sext_ln259_1_cast = sext i32 %sext_ln259_1_read"   --->   Operation 36 'sext' 'sext_ln259_1_cast' <Predicate = true> <Delay = 0.00>
ST_1 : Operation 37 [1/1] (0.00ns)   --->   "%sext_ln259_cast = sext i32 %sext_ln259_read"   --->   Operation 37 'sext' 'sext_ln259_cast' <Predicate = true> <Delay = 0.00>
ST_1 : Operation 38 [1/1] (0.00ns)   --->   "%specmemcore_ln0 = specmemcore void @_ssdm_op_SpecMemCore, i40 %P, i64 666, i64 23, i64 1, i1 0"   --->   Operation 38 'specmemcore' 'specmemcore_ln0' <Predicate = true> <Delay = 0.00>
ST_1 : Operation 39 [1/1] (0.00ns)   --->   "%specmemcore_ln0 = specmemcore void @_ssdm_op_SpecMemCore, i40 %P_1, i64 666, i64 23, i64 1, i1 0"   --->   Operation 39 'specmemcore' 'specmemcore_ln0' <Predicate = true> <Delay = 0.00>
ST_1 : Operation 40 [1/1] (0.00ns)   --->   "%specmemcore_ln0 = specmemcore void @_ssdm_op_SpecMemCore, i40 %P_2, i64 666, i64 23, i64 1, i1 0"   --->   Operation 40 'specmemcore' 'specmemcore_ln0' <Predicate = true> <Delay = 0.00>
ST_1 : Operation 41 [1/1] (0.00ns)   --->   "%specmemcore_ln0 = specmemcore void @_ssdm_op_SpecMemCore, i40 %P_3, i64 666, i64 23, i64 1, i1 0"   --->   Operation 41 'specmemcore' 'specmemcore_ln0' <Predicate = true> <Delay = 0.00>
ST_1 : Operation 42 [1/1] (0.00ns)   --->   "%specmemcore_ln0 = specmemcore void @_ssdm_op_SpecMemCore, i40 %P_4, i64 666, i64 23, i64 1, i1 0"   --->   Operation 42 'specmemcore' 'specmemcore_ln0' <Predicate = true> <Delay = 0.00>
ST_1 : Operation 43 [1/1] (0.00ns)   --->   "%specmemcore_ln0 = specmemcore void @_ssdm_op_SpecMemCore, i40 %P_5, i64 666, i64 23, i64 1, i1 0"   --->   Operation 43 'specmemcore' 'specmemcore_ln0' <Predicate = true> <Delay = 0.00>
ST_1 : Operation 44 [1/1] (0.42ns)   --->   "%store_ln475 = store i4 0, i4 %i" [../src/riccati_solver_hls.cpp:475]   --->   Operation 44 'store' 'store_ln475' <Predicate = true> <Delay = 0.42>
ST_1 : Operation 45 [1/1] (0.00ns)   --->   "%br_ln0 = br void %for.inc801"   --->   Operation 45 'br' 'br_ln0' <Predicate = true> <Delay = 0.00>
ST_1 : Operation 46 [1/1] (0.00ns)   --->   "%i_2 = load i4 %i" [../src/riccati_solver_hls.cpp:766]   --->   Operation 46 'load' 'i_2' <Predicate = true> <Delay = 0.00>
ST_1 : Operation 47 [1/1] (0.79ns)   --->   "%icmp_ln766 = icmp_eq  i4 %i_2, i4 8" [../src/riccati_solver_hls.cpp:766]   --->   Operation 47 'icmp' 'icmp_ln766' <Predicate = true> <Delay = 0.79> <CoreInst = "Cmp">   --->   Core 9 'Cmp' <Latency = 0> <II = 1> <Delay = 0.79> <FuncUnit> <Opcode : 'seteq' 'setne' 'setle' 'setge' 'setlt' 'setgt'> <InPorts = 2> <OutPorts = 1>
ST_1 : Operation 48 [1/1] (0.79ns)   --->   "%add_ln766 = add i4 %i_2, i4 1" [../src/riccati_solver_hls.cpp:766]   --->   Operation 48 'add' 'add_ln766' <Predicate = true> <Delay = 0.79> <CoreInst = "Adder">   --->   Core 1 'Adder' <Latency = 0> <II = 1> <Delay = 0.79> <FuncUnit> <Opcode : 'add' 'sub'> <InPorts = 2> <OutPorts = 1>
ST_1 : Operation 49 [1/1] (0.00ns)   --->   "%br_ln766 = br i1 %icmp_ln766, void %fpga_resource_hint.for.inc801.404, void %fpga_resource_hint.VITIS_LOOP_826_11.398.exitStub" [../src/riccati_solver_hls.cpp:766]   --->   Operation 49 'br' 'br_ln766' <Predicate = true> <Delay = 0.00>
ST_1 : Operation 50 [1/1] (0.00ns)   --->   "%zext_ln766 = zext i4 %i_2" [../src/riccati_solver_hls.cpp:766]   --->   Operation 50 'zext' 'zext_ln766' <Predicate = (!icmp_ln766)> <Delay = 0.00>
ST_1 : Operation 51 [1/1] (0.00ns)   --->   "%trunc_ln766_2 = trunc i4 %i_2" [../src/riccati_solver_hls.cpp:766]   --->   Operation 51 'trunc' 'trunc_ln766_2' <Predicate = (!icmp_ln766)> <Delay = 0.00>
ST_1 : Operation 52 [1/1] (0.00ns)   --->   "%P_addr = getelementptr i40 %P, i64 0, i64 %zext_ln766" [../src/riccati_solver_hls.cpp:769]   --->   Operation 52 'getelementptr' 'P_addr' <Predicate = (!icmp_ln766)> <Delay = 0.00>
ST_1 : Operation 53 [2/2] (0.67ns)   --->   "%a = load i3 %P_addr" [../src/riccati_solver_hls.cpp:769]   --->   Operation 53 'load' 'a' <Predicate = (!icmp_ln766)> <Delay = 0.67> <CoreInst = "RAM_2P_LUTRAM">   --->   Core 92 'RAM_2P_LUTRAM' <Latency = 1> <II = 1> <Delay = 0.67> <Storage> <Opcode : 'load' 'store'> <Ports = 2> <Width = 40> <Depth = 8> <RAM>
ST_1 : Operation 54 [1/1] (0.00ns)   --->   "%P_1_addr = getelementptr i40 %P_1, i64 0, i64 %zext_ln766" [../src/riccati_solver_hls.cpp:770]   --->   Operation 54 'getelementptr' 'P_1_addr' <Predicate = (!icmp_ln766)> <Delay = 0.00>
ST_1 : Operation 55 [2/2] (0.67ns)   --->   "%a_21 = load i3 %P_1_addr" [../src/riccati_solver_hls.cpp:770]   --->   Operation 55 'load' 'a_21' <Predicate = (!icmp_ln766)> <Delay = 0.67> <CoreInst = "RAM_2P_LUTRAM">   --->   Core 92 'RAM_2P_LUTRAM' <Latency = 1> <II = 1> <Delay = 0.67> <Storage> <Opcode : 'load' 'store'> <Ports = 2> <Width = 40> <Depth = 8> <RAM>
ST_1 : Operation 56 [1/1] (0.00ns)   --->   "%P_2_addr = getelementptr i40 %P_2, i64 0, i64 %zext_ln766" [../src/riccati_solver_hls.cpp:771]   --->   Operation 56 'getelementptr' 'P_2_addr' <Predicate = (!icmp_ln766)> <Delay = 0.00>
ST_1 : Operation 57 [2/2] (0.67ns)   --->   "%a_22 = load i3 %P_2_addr" [../src/riccati_solver_hls.cpp:771]   --->   Operation 57 'load' 'a_22' <Predicate = (!icmp_ln766)> <Delay = 0.67> <CoreInst = "RAM_2P_LUTRAM">   --->   Core 92 'RAM_2P_LUTRAM' <Latency = 1> <II = 1> <Delay = 0.67> <Storage> <Opcode : 'load' 'store'> <Ports = 2> <Width = 40> <Depth = 8> <RAM>
ST_1 : Operation 58 [1/1] (0.00ns)   --->   "%P_3_addr = getelementptr i40 %P_3, i64 0, i64 %zext_ln766" [../src/riccati_solver_hls.cpp:772]   --->   Operation 58 'getelementptr' 'P_3_addr' <Predicate = (!icmp_ln766)> <Delay = 0.00>
ST_1 : Operation 59 [2/2] (0.67ns)   --->   "%a_23 = load i3 %P_3_addr" [../src/riccati_solver_hls.cpp:772]   --->   Operation 59 'load' 'a_23' <Predicate = (!icmp_ln766)> <Delay = 0.67> <CoreInst = "RAM_2P_LUTRAM">   --->   Core 92 'RAM_2P_LUTRAM' <Latency = 1> <II = 1> <Delay = 0.67> <Storage> <Opcode : 'load' 'store'> <Ports = 2> <Width = 40> <Depth = 8> <RAM>
ST_1 : Operation 60 [1/1] (0.00ns)   --->   "%P_4_addr = getelementptr i40 %P_4, i64 0, i64 %zext_ln766" [../src/riccati_solver_hls.cpp:773]   --->   Operation 60 'getelementptr' 'P_4_addr' <Predicate = (!icmp_ln766)> <Delay = 0.00>
ST_1 : Operation 61 [2/2] (0.67ns)   --->   "%a_24 = load i3 %P_4_addr" [../src/riccati_solver_hls.cpp:773]   --->   Operation 61 'load' 'a_24' <Predicate = (!icmp_ln766)> <Delay = 0.67> <CoreInst = "RAM_2P_LUTRAM">   --->   Core 92 'RAM_2P_LUTRAM' <Latency = 1> <II = 1> <Delay = 0.67> <Storage> <Opcode : 'load' 'store'> <Ports = 2> <Width = 40> <Depth = 8> <RAM>
ST_1 : Operation 62 [1/1] (0.00ns)   --->   "%P_5_addr = getelementptr i40 %P_5, i64 0, i64 %zext_ln766" [../src/riccati_solver_hls.cpp:774]   --->   Operation 62 'getelementptr' 'P_5_addr' <Predicate = (!icmp_ln766)> <Delay = 0.00>
ST_1 : Operation 63 [2/2] (0.67ns)   --->   "%a_25 = load i3 %P_5_addr" [../src/riccati_solver_hls.cpp:774]   --->   Operation 63 'load' 'a_25' <Predicate = (!icmp_ln766)> <Delay = 0.67> <CoreInst = "RAM_2P_LUTRAM">   --->   Core 92 'RAM_2P_LUTRAM' <Latency = 1> <II = 1> <Delay = 0.67> <Storage> <Opcode : 'load' 'store'> <Ports = 2> <Width = 40> <Depth = 8> <RAM>
ST_1 : Operation 64 [1/1] (0.72ns)   --->   "%tmp_s = sparsemux i40 @_ssdm_op_SparseMux.ap_auto.8i40.i40.i3, i3 0, i40 %p_2_read, i3 1, i40 %p_3_read, i3 2, i40 %p_4_read, i3 3, i40 %p_5_read, i3 4, i40 %p_6_read, i3 5, i40 %p_7_read, i3 6, i40 %p_8_read, i3 7, i40 %p_9_read, i40 0, i3 %trunc_ln766_2" [../src/riccati_solver_hls.cpp:776]   --->   Operation 64 'sparsemux' 'tmp_s' <Predicate = (!icmp_ln766)> <Delay = 0.72> <CoreInst = "BinarySparseMux_DontCare">   --->   Core 149 'BinarySparseMux_DontCare' <Latency = 0> <II = 1> <Delay = 0.72> <FuncUnit> <Opcode : 'sparsemux'> <InPorts = 2> <OutPorts = 1>
ST_1 : Operation 65 [1/1] (0.67ns)   --->   "%switch_ln775 = switch i3 %trunc_ln766_2, void %arrayidx800.case.7, i3 0, void %arrayidx800.case.0, i3 1, void %arrayidx800.case.1, i3 2, void %arrayidx800.case.2, i3 3, void %arrayidx800.case.3, i3 4, void %arrayidx800.case.4, i3 5, void %arrayidx800.case.5, i3 6, void %fpga_resource_hint.for.inc801.404.arrayidx800.exit_crit_edge" [../src/riccati_solver_hls.cpp:775]   --->   Operation 65 'switch' 'switch_ln775' <Predicate = (!icmp_ln766)> <Delay = 0.67>
ST_1 : Operation 66 [1/1] (0.42ns)   --->   "%store_ln475 = store i4 %add_ln766, i4 %i" [../src/riccati_solver_hls.cpp:475]   --->   Operation 66 'store' 'store_ln475' <Predicate = (!icmp_ln766)> <Delay = 0.42>
ST_1 : Operation 67 [1/1] (0.00ns)   --->   "%br_ln766 = br void %for.inc801" [../src/riccati_solver_hls.cpp:766]   --->   Operation 67 'br' 'br_ln766' <Predicate = (!icmp_ln766)> <Delay = 0.00>

State 2 <SV = 1> <Delay = 2.96>
ST_2 : Operation 68 [1/2] ( I:0.67ns O:0.67ns )   --->   "%a = load i3 %P_addr" [../src/riccati_solver_hls.cpp:769]   --->   Operation 68 'load' 'a' <Predicate = (!icmp_ln766)> <Delay = 0.67> <CoreInst = "RAM_2P_LUTRAM">   --->   Core 92 'RAM_2P_LUTRAM' <Latency = 1> <II = 1> <Delay = 0.67> <Storage> <Opcode : 'load' 'store'> <Ports = 2> <Width = 40> <Depth = 8> <RAM>
ST_2 : Operation 69 [1/1] (0.00ns)   --->   "%sext_ln769 = sext i40 %a" [../src/riccati_solver_hls.cpp:769]   --->   Operation 69 'sext' 'sext_ln769' <Predicate = (!icmp_ln766)> <Delay = 0.00>
ST_2 : Operation 70 [4/4] (2.29ns)   --->   "%mul_ln769 = mul i58 %sext_ln769, i58 %sext_ln259_cast" [../src/riccati_solver_hls.cpp:769]   --->   Operation 70 'mul' 'mul_ln769' <Predicate = (!icmp_ln766)> <Delay = 2.29> <CoreInst = "Mul_DSP">   --->   Core 5 'Mul_DSP' <Latency = 3> <II = 1> <Delay = 2.29> <FuncUnit> <Opcode : 'mul'> <InPorts = 2> <OutPorts = 1>
ST_2 : Operation 71 [1/2] ( I:0.67ns O:0.67ns )   --->   "%a_21 = load i3 %P_1_addr" [../src/riccati_solver_hls.cpp:770]   --->   Operation 71 'load' 'a_21' <Predicate = (!icmp_ln766)> <Delay = 0.67> <CoreInst = "RAM_2P_LUTRAM">   --->   Core 92 'RAM_2P_LUTRAM' <Latency = 1> <II = 1> <Delay = 0.67> <Storage> <Opcode : 'load' 'store'> <Ports = 2> <Width = 40> <Depth = 8> <RAM>
ST_2 : Operation 72 [1/1] (0.00ns)   --->   "%sext_ln770 = sext i40 %a_21" [../src/riccati_solver_hls.cpp:770]   --->   Operation 72 'sext' 'sext_ln770' <Predicate = (!icmp_ln766)> <Delay = 0.00>
ST_2 : Operation 73 [4/4] (2.29ns)   --->   "%mul_ln770 = mul i58 %sext_ln770, i58 %sext_ln259_1_cast" [../src/riccati_solver_hls.cpp:770]   --->   Operation 73 'mul' 'mul_ln770' <Predicate = (!icmp_ln766)> <Delay = 2.29> <CoreInst = "Mul_DSP">   --->   Core 5 'Mul_DSP' <Latency = 3> <II = 1> <Delay = 2.29> <FuncUnit> <Opcode : 'mul'> <InPorts = 2> <OutPorts = 1>
ST_2 : Operation 74 [1/2] ( I:0.67ns O:0.67ns )   --->   "%a_22 = load i3 %P_2_addr" [../src/riccati_solver_hls.cpp:771]   --->   Operation 74 'load' 'a_22' <Predicate = (!icmp_ln766)> <Delay = 0.67> <CoreInst = "RAM_2P_LUTRAM">   --->   Core 92 'RAM_2P_LUTRAM' <Latency = 1> <II = 1> <Delay = 0.67> <Storage> <Opcode : 'load' 'store'> <Ports = 2> <Width = 40> <Depth = 8> <RAM>
ST_2 : Operation 75 [1/1] (0.00ns)   --->   "%sext_ln771 = sext i40 %a_22" [../src/riccati_solver_hls.cpp:771]   --->   Operation 75 'sext' 'sext_ln771' <Predicate = (!icmp_ln766)> <Delay = 0.00>
ST_2 : Operation 76 [4/4] (2.29ns)   --->   "%mul_ln771 = mul i58 %sext_ln771, i58 %sext_ln259_2_cast" [../src/riccati_solver_hls.cpp:771]   --->   Operation 76 'mul' 'mul_ln771' <Predicate = (!icmp_ln766)> <Delay = 2.29> <CoreInst = "Mul_DSP">   --->   Core 5 'Mul_DSP' <Latency = 3> <II = 1> <Delay = 2.29> <FuncUnit> <Opcode : 'mul'> <InPorts = 2> <OutPorts = 1>
ST_2 : Operation 77 [1/2] ( I:0.67ns O:0.67ns )   --->   "%a_23 = load i3 %P_3_addr" [../src/riccati_solver_hls.cpp:772]   --->   Operation 77 'load' 'a_23' <Predicate = (!icmp_ln766)> <Delay = 0.67> <CoreInst = "RAM_2P_LUTRAM">   --->   Core 92 'RAM_2P_LUTRAM' <Latency = 1> <II = 1> <Delay = 0.67> <Storage> <Opcode : 'load' 'store'> <Ports = 2> <Width = 40> <Depth = 8> <RAM>
ST_2 : Operation 78 [1/1] (0.00ns)   --->   "%sext_ln772 = sext i40 %a_23" [../src/riccati_solver_hls.cpp:772]   --->   Operation 78 'sext' 'sext_ln772' <Predicate = (!icmp_ln766)> <Delay = 0.00>
ST_2 : Operation 79 [4/4] (2.29ns)   --->   "%mul_ln772 = mul i58 %sext_ln772, i58 %sext_ln259_3_cast" [../src/riccati_solver_hls.cpp:772]   --->   Operation 79 'mul' 'mul_ln772' <Predicate = (!icmp_ln766)> <Delay = 2.29> <CoreInst = "Mul_DSP">   --->   Core 5 'Mul_DSP' <Latency = 3> <II = 1> <Delay = 2.29> <FuncUnit> <Opcode : 'mul'> <InPorts = 2> <OutPorts = 1>
ST_2 : Operation 80 [1/2] ( I:0.67ns O:0.67ns )   --->   "%a_24 = load i3 %P_4_addr" [../src/riccati_solver_hls.cpp:773]   --->   Operation 80 'load' 'a_24' <Predicate = (!icmp_ln766)> <Delay = 0.67> <CoreInst = "RAM_2P_LUTRAM">   --->   Core 92 'RAM_2P_LUTRAM' <Latency = 1> <II = 1> <Delay = 0.67> <Storage> <Opcode : 'load' 'store'> <Ports = 2> <Width = 40> <Depth = 8> <RAM>
ST_2 : Operation 81 [1/1] (0.00ns)   --->   "%sext_ln773 = sext i40 %a_24" [../src/riccati_solver_hls.cpp:773]   --->   Operation 81 'sext' 'sext_ln773' <Predicate = (!icmp_ln766)> <Delay = 0.00>
ST_2 : Operation 82 [4/4] (2.29ns)   --->   "%mul_ln773 = mul i58 %sext_ln773, i58 %sext_ln766_cast" [../src/riccati_solver_hls.cpp:773]   --->   Operation 82 'mul' 'mul_ln773' <Predicate = (!icmp_ln766)> <Delay = 2.29> <CoreInst = "Mul_DSP">   --->   Core 5 'Mul_DSP' <Latency = 3> <II = 1> <Delay = 2.29> <FuncUnit> <Opcode : 'mul'> <InPorts = 2> <OutPorts = 1>
ST_2 : Operation 83 [1/2] ( I:0.67ns O:0.67ns )   --->   "%a_25 = load i3 %P_5_addr" [../src/riccati_solver_hls.cpp:774]   --->   Operation 83 'load' 'a_25' <Predicate = (!icmp_ln766)> <Delay = 0.67> <CoreInst = "RAM_2P_LUTRAM">   --->   Core 92 'RAM_2P_LUTRAM' <Latency = 1> <II = 1> <Delay = 0.67> <Storage> <Opcode : 'load' 'store'> <Ports = 2> <Width = 40> <Depth = 8> <RAM>
ST_2 : Operation 84 [1/1] (0.00ns)   --->   "%sext_ln774 = sext i40 %a_25" [../src/riccati_solver_hls.cpp:774]   --->   Operation 84 'sext' 'sext_ln774' <Predicate = (!icmp_ln766)> <Delay = 0.00>
ST_2 : Operation 85 [4/4] (2.29ns)   --->   "%mul_ln774 = mul i58 %sext_ln774, i58 %sext_ln766_1_cast" [../src/riccati_solver_hls.cpp:774]   --->   Operation 85 'mul' 'mul_ln774' <Predicate = (!icmp_ln766)> <Delay = 2.29> <CoreInst = "Mul_DSP">   --->   Core 5 'Mul_DSP' <Latency = 3> <II = 1> <Delay = 2.29> <FuncUnit> <Opcode : 'mul'> <InPorts = 2> <OutPorts = 1>

State 3 <SV = 2> <Delay = 2.29>
ST_3 : Operation 86 [3/4] (2.29ns)   --->   "%mul_ln769 = mul i58 %sext_ln769, i58 %sext_ln259_cast" [../src/riccati_solver_hls.cpp:769]   --->   Operation 86 'mul' 'mul_ln769' <Predicate = (!icmp_ln766)> <Delay = 2.29> <CoreInst = "Mul_DSP">   --->   Core 5 'Mul_DSP' <Latency = 3> <II = 1> <Delay = 2.29> <FuncUnit> <Opcode : 'mul'> <InPorts = 2> <OutPorts = 1>
ST_3 : Operation 87 [3/4] (2.29ns)   --->   "%mul_ln770 = mul i58 %sext_ln770, i58 %sext_ln259_1_cast" [../src/riccati_solver_hls.cpp:770]   --->   Operation 87 'mul' 'mul_ln770' <Predicate = (!icmp_ln766)> <Delay = 2.29> <CoreInst = "Mul_DSP">   --->   Core 5 'Mul_DSP' <Latency = 3> <II = 1> <Delay = 2.29> <FuncUnit> <Opcode : 'mul'> <InPorts = 2> <OutPorts = 1>
ST_3 : Operation 88 [3/4] (2.29ns)   --->   "%mul_ln771 = mul i58 %sext_ln771, i58 %sext_ln259_2_cast" [../src/riccati_solver_hls.cpp:771]   --->   Operation 88 'mul' 'mul_ln771' <Predicate = (!icmp_ln766)> <Delay = 2.29> <CoreInst = "Mul_DSP">   --->   Core 5 'Mul_DSP' <Latency = 3> <II = 1> <Delay = 2.29> <FuncUnit> <Opcode : 'mul'> <InPorts = 2> <OutPorts = 1>
ST_3 : Operation 89 [3/4] (2.29ns)   --->   "%mul_ln772 = mul i58 %sext_ln772, i58 %sext_ln259_3_cast" [../src/riccati_solver_hls.cpp:772]   --->   Operation 89 'mul' 'mul_ln772' <Predicate = (!icmp_ln766)> <Delay = 2.29> <CoreInst = "Mul_DSP">   --->   Core 5 'Mul_DSP' <Latency = 3> <II = 1> <Delay = 2.29> <FuncUnit> <Opcode : 'mul'> <InPorts = 2> <OutPorts = 1>
ST_3 : Operation 90 [3/4] (2.29ns)   --->   "%mul_ln773 = mul i58 %sext_ln773, i58 %sext_ln766_cast" [../src/riccati_solver_hls.cpp:773]   --->   Operation 90 'mul' 'mul_ln773' <Predicate = (!icmp_ln766)> <Delay = 2.29> <CoreInst = "Mul_DSP">   --->   Core 5 'Mul_DSP' <Latency = 3> <II = 1> <Delay = 2.29> <FuncUnit> <Opcode : 'mul'> <InPorts = 2> <OutPorts = 1>
ST_3 : Operation 91 [3/4] (2.29ns)   --->   "%mul_ln774 = mul i58 %sext_ln774, i58 %sext_ln766_1_cast" [../src/riccati_solver_hls.cpp:774]   --->   Operation 91 'mul' 'mul_ln774' <Predicate = (!icmp_ln766)> <Delay = 2.29> <CoreInst = "Mul_DSP">   --->   Core 5 'Mul_DSP' <Latency = 3> <II = 1> <Delay = 2.29> <FuncUnit> <Opcode : 'mul'> <InPorts = 2> <OutPorts = 1>

State 4 <SV = 3> <Delay = 2.29>
ST_4 : Operation 92 [2/4] (2.29ns)   --->   "%mul_ln769 = mul i58 %sext_ln769, i58 %sext_ln259_cast" [../src/riccati_solver_hls.cpp:769]   --->   Operation 92 'mul' 'mul_ln769' <Predicate = (!icmp_ln766)> <Delay = 2.29> <CoreInst = "Mul_DSP">   --->   Core 5 'Mul_DSP' <Latency = 3> <II = 1> <Delay = 2.29> <FuncUnit> <Opcode : 'mul'> <InPorts = 2> <OutPorts = 1>
ST_4 : Operation 93 [2/4] (2.29ns)   --->   "%mul_ln770 = mul i58 %sext_ln770, i58 %sext_ln259_1_cast" [../src/riccati_solver_hls.cpp:770]   --->   Operation 93 'mul' 'mul_ln770' <Predicate = (!icmp_ln766)> <Delay = 2.29> <CoreInst = "Mul_DSP">   --->   Core 5 'Mul_DSP' <Latency = 3> <II = 1> <Delay = 2.29> <FuncUnit> <Opcode : 'mul'> <InPorts = 2> <OutPorts = 1>
ST_4 : Operation 94 [2/4] (2.29ns)   --->   "%mul_ln771 = mul i58 %sext_ln771, i58 %sext_ln259_2_cast" [../src/riccati_solver_hls.cpp:771]   --->   Operation 94 'mul' 'mul_ln771' <Predicate = (!icmp_ln766)> <Delay = 2.29> <CoreInst = "Mul_DSP">   --->   Core 5 'Mul_DSP' <Latency = 3> <II = 1> <Delay = 2.29> <FuncUnit> <Opcode : 'mul'> <InPorts = 2> <OutPorts = 1>
ST_4 : Operation 95 [2/4] (2.29ns)   --->   "%mul_ln772 = mul i58 %sext_ln772, i58 %sext_ln259_3_cast" [../src/riccati_solver_hls.cpp:772]   --->   Operation 95 'mul' 'mul_ln772' <Predicate = (!icmp_ln766)> <Delay = 2.29> <CoreInst = "Mul_DSP">   --->   Core 5 'Mul_DSP' <Latency = 3> <II = 1> <Delay = 2.29> <FuncUnit> <Opcode : 'mul'> <InPorts = 2> <OutPorts = 1>
ST_4 : Operation 96 [2/4] (2.29ns)   --->   "%mul_ln773 = mul i58 %sext_ln773, i58 %sext_ln766_cast" [../src/riccati_solver_hls.cpp:773]   --->   Operation 96 'mul' 'mul_ln773' <Predicate = (!icmp_ln766)> <Delay = 2.29> <CoreInst = "Mul_DSP">   --->   Core 5 'Mul_DSP' <Latency = 3> <II = 1> <Delay = 2.29> <FuncUnit> <Opcode : 'mul'> <InPorts = 2> <OutPorts = 1>
ST_4 : Operation 97 [2/4] (2.29ns)   --->   "%mul_ln774 = mul i58 %sext_ln774, i58 %sext_ln766_1_cast" [../src/riccati_solver_hls.cpp:774]   --->   Operation 97 'mul' 'mul_ln774' <Predicate = (!icmp_ln766)> <Delay = 2.29> <CoreInst = "Mul_DSP">   --->   Core 5 'Mul_DSP' <Latency = 3> <II = 1> <Delay = 2.29> <FuncUnit> <Opcode : 'mul'> <InPorts = 2> <OutPorts = 1>

State 5 <SV = 4> <Delay = 4.18>
ST_5 : Operation 98 [1/4] (2.29ns)   --->   "%mul_ln769 = mul i58 %sext_ln769, i58 %sext_ln259_cast" [../src/riccati_solver_hls.cpp:769]   --->   Operation 98 'mul' 'mul_ln769' <Predicate = (!icmp_ln766)> <Delay = 2.29> <CoreInst = "Mul_DSP">   --->   Core 5 'Mul_DSP' <Latency = 3> <II = 1> <Delay = 2.29> <FuncUnit> <Opcode : 'mul'> <InPorts = 2> <OutPorts = 1>
ST_5 : Operation 99 [1/1] (0.00ns)   --->   "%specfucore_ln260 = specfucore void @_ssdm_op_SpecFUCore, i58 %mul_ln769, i64 12, i64 3, i64 3, i1 0" [../src/fp_math_hls.cpp:260->../src/riccati_solver_hls.cpp:769]   --->   Operation 99 'specfucore' 'specfucore_ln260' <Predicate = (!icmp_ln766)> <Delay = 0.00>
ST_5 : Operation 100 [1/4] (2.29ns)   --->   "%mul_ln770 = mul i58 %sext_ln770, i58 %sext_ln259_1_cast" [../src/riccati_solver_hls.cpp:770]   --->   Operation 100 'mul' 'mul_ln770' <Predicate = (!icmp_ln766)> <Delay = 2.29> <CoreInst = "Mul_DSP">   --->   Core 5 'Mul_DSP' <Latency = 3> <II = 1> <Delay = 2.29> <FuncUnit> <Opcode : 'mul'> <InPorts = 2> <OutPorts = 1>
ST_5 : Operation 101 [1/1] (0.00ns)   --->   "%specfucore_ln260 = specfucore void @_ssdm_op_SpecFUCore, i58 %mul_ln770, i64 12, i64 3, i64 3, i1 0" [../src/fp_math_hls.cpp:260->../src/riccati_solver_hls.cpp:770]   --->   Operation 101 'specfucore' 'specfucore_ln260' <Predicate = (!icmp_ln766)> <Delay = 0.00>
ST_5 : Operation 102 [1/4] (2.29ns)   --->   "%mul_ln771 = mul i58 %sext_ln771, i58 %sext_ln259_2_cast" [../src/riccati_solver_hls.cpp:771]   --->   Operation 102 'mul' 'mul_ln771' <Predicate = (!icmp_ln766)> <Delay = 2.29> <CoreInst = "Mul_DSP">   --->   Core 5 'Mul_DSP' <Latency = 3> <II = 1> <Delay = 2.29> <FuncUnit> <Opcode : 'mul'> <InPorts = 2> <OutPorts = 1>
ST_5 : Operation 103 [1/1] (0.00ns)   --->   "%specfucore_ln260 = specfucore void @_ssdm_op_SpecFUCore, i58 %mul_ln771, i64 12, i64 3, i64 3, i1 0" [../src/fp_math_hls.cpp:260->../src/riccati_solver_hls.cpp:771]   --->   Operation 103 'specfucore' 'specfucore_ln260' <Predicate = (!icmp_ln766)> <Delay = 0.00>
ST_5 : Operation 104 [1/4] (2.29ns)   --->   "%mul_ln772 = mul i58 %sext_ln772, i58 %sext_ln259_3_cast" [../src/riccati_solver_hls.cpp:772]   --->   Operation 104 'mul' 'mul_ln772' <Predicate = (!icmp_ln766)> <Delay = 2.29> <CoreInst = "Mul_DSP">   --->   Core 5 'Mul_DSP' <Latency = 3> <II = 1> <Delay = 2.29> <FuncUnit> <Opcode : 'mul'> <InPorts = 2> <OutPorts = 1>
ST_5 : Operation 105 [1/1] (0.00ns)   --->   "%specfucore_ln260 = specfucore void @_ssdm_op_SpecFUCore, i58 %mul_ln772, i64 12, i64 3, i64 3, i1 0" [../src/fp_math_hls.cpp:260->../src/riccati_solver_hls.cpp:772]   --->   Operation 105 'specfucore' 'specfucore_ln260' <Predicate = (!icmp_ln766)> <Delay = 0.00>
ST_5 : Operation 106 [1/4] (2.29ns)   --->   "%mul_ln773 = mul i58 %sext_ln773, i58 %sext_ln766_cast" [../src/riccati_solver_hls.cpp:773]   --->   Operation 106 'mul' 'mul_ln773' <Predicate = (!icmp_ln766)> <Delay = 2.29> <CoreInst = "Mul_DSP">   --->   Core 5 'Mul_DSP' <Latency = 3> <II = 1> <Delay = 2.29> <FuncUnit> <Opcode : 'mul'> <InPorts = 2> <OutPorts = 1>
ST_5 : Operation 107 [1/1] (0.00ns)   --->   "%specfucore_ln260 = specfucore void @_ssdm_op_SpecFUCore, i58 %mul_ln773, i64 12, i64 3, i64 3, i1 0" [../src/fp_math_hls.cpp:260->../src/riccati_solver_hls.cpp:773]   --->   Operation 107 'specfucore' 'specfucore_ln260' <Predicate = (!icmp_ln766)> <Delay = 0.00>
ST_5 : Operation 108 [1/4] (2.29ns)   --->   "%mul_ln774 = mul i58 %sext_ln774, i58 %sext_ln766_1_cast" [../src/riccati_solver_hls.cpp:774]   --->   Operation 108 'mul' 'mul_ln774' <Predicate = (!icmp_ln766)> <Delay = 2.29> <CoreInst = "Mul_DSP">   --->   Core 5 'Mul_DSP' <Latency = 3> <II = 1> <Delay = 2.29> <FuncUnit> <Opcode : 'mul'> <InPorts = 2> <OutPorts = 1>
ST_5 : Operation 109 [1/1] (0.00ns)   --->   "%specfucore_ln260 = specfucore void @_ssdm_op_SpecFUCore, i58 %mul_ln774, i64 12, i64 3, i64 3, i1 0" [../src/fp_math_hls.cpp:260->../src/riccati_solver_hls.cpp:774]   --->   Operation 109 'specfucore' 'specfucore_ln260' <Predicate = (!icmp_ln766)> <Delay = 0.00>
ST_5 : Operation 110 [1/1] (1.89ns)   --->   "%pd_sum = call i58 @sum6_P_QP_raw, i58 %mul_ln769, i58 %mul_ln770, i58 %mul_ln771, i58 %mul_ln772, i58 %mul_ln773, i58 %mul_ln774" [../src/riccati_solver_hls.cpp:768]   --->   Operation 110 'call' 'pd_sum' <Predicate = (!icmp_ln766)> <Delay = 1.89> <CoreType = "Generic">   --->   Generic Core
ST_5 : Operation 111 [1/1] (0.00ns)   --->   "%trunc_ln167_7 = partselect i40 @_ssdm_op_PartSelect.i40.i58.i32.i32, i58 %pd_sum, i32 18, i32 57" [include/fp_math_hls.h:167->../src/riccati_solver_hls.cpp:777]   --->   Operation 111 'partselect' 'trunc_ln167_7' <Predicate = (!icmp_ln766)> <Delay = 0.00>

State 6 <SV = 5> <Delay = 1.03>
ST_6 : Operation 112 [1/1] (0.00ns)   --->   "%p_shift_9 = load i40 %p_shift" [../src/riccati_solver_hls.cpp:766]   --->   Operation 112 'load' 'p_shift_9' <Predicate = true> <Delay = 0.00>
ST_6 : Operation 113 [1/1] (0.00ns)   --->   "%p_shift_10 = load i40 %p_shift_1" [../src/riccati_solver_hls.cpp:766]   --->   Operation 113 'load' 'p_shift_10' <Predicate = true> <Delay = 0.00>
ST_6 : Operation 114 [1/1] (0.00ns)   --->   "%trunc_ln766 = trunc i40 %p_shift_9" [../src/riccati_solver_hls.cpp:766]   --->   Operation 114 'trunc' 'trunc_ln766' <Predicate = true> <Delay = 0.00>
ST_6 : Operation 115 [1/1] (0.00ns)   --->   "%trunc_ln766_1 = trunc i40 %p_shift_10" [../src/riccati_solver_hls.cpp:766]   --->   Operation 115 'trunc' 'trunc_ln766_1' <Predicate = true> <Delay = 0.00>
ST_6 : Operation 116 [1/1] (0.00ns)   --->   "%specpipeline_ln767 = specpipeline void @_ssdm_op_SpecPipeline, i32 1, i32 0, i32 0, i32 0, i32 4294967295, void @empty_485" [../src/riccati_solver_hls.cpp:767]   --->   Operation 116 'specpipeline' 'specpipeline_ln767' <Predicate = (!icmp_ln766)> <Delay = 0.00>
ST_6 : Operation 117 [1/1] (0.00ns)   --->   "%speclooptripcount_ln764 = speclooptripcount void @_ssdm_op_SpecLoopTripCount, i64 8, i64 8, i64 8" [../src/riccati_solver_hls.cpp:764]   --->   Operation 117 'speclooptripcount' 'speclooptripcount_ln764' <Predicate = (!icmp_ln766)> <Delay = 0.00>
ST_6 : Operation 118 [1/1] (0.00ns)   --->   "%specloopname_ln766 = specloopname void @_ssdm_op_SpecLoopName, void @empty_511" [../src/riccati_solver_hls.cpp:766]   --->   Operation 118 'specloopname' 'specloopname_ln766' <Predicate = (!icmp_ln766)> <Delay = 0.00>
ST_6 : Operation 119 [1/1] (0.00ns)   --->   "%rbegin = specregionbegin i32 @_ssdm_op_SpecRegionBegin, void @empty_431" [../src/fp_math_hls.cpp:259->../src/riccati_solver_hls.cpp:769]   --->   Operation 119 'specregionbegin' 'rbegin' <Predicate = (!icmp_ln766)> <Delay = 0.00>
ST_6 : Operation 120 [1/1] (0.00ns)   --->   "%rend480 = specregionend i32 @_ssdm_op_SpecRegionEnd, void @empty_431, i32 %rbegin" [../src/fp_math_hls.cpp:259->../src/riccati_solver_hls.cpp:769]   --->   Operation 120 'specregionend' 'rend480' <Predicate = (!icmp_ln766)> <Delay = 0.00>
ST_6 : Operation 121 [1/1] (0.00ns)   --->   "%rbegin21 = specregionbegin i32 @_ssdm_op_SpecRegionBegin, void @empty_447" [../src/fp_math_hls.cpp:259->../src/riccati_solver_hls.cpp:770]   --->   Operation 121 'specregionbegin' 'rbegin21' <Predicate = (!icmp_ln766)> <Delay = 0.00>
ST_6 : Operation 122 [1/1] (0.00ns)   --->   "%rend478 = specregionend i32 @_ssdm_op_SpecRegionEnd, void @empty_447, i32 %rbegin21" [../src/fp_math_hls.cpp:259->../src/riccati_solver_hls.cpp:770]   --->   Operation 122 'specregionend' 'rend478' <Predicate = (!icmp_ln766)> <Delay = 0.00>
ST_6 : Operation 123 [1/1] (0.00ns)   --->   "%rbegin22 = specregionbegin i32 @_ssdm_op_SpecRegionBegin, void @empty_459" [../src/fp_math_hls.cpp:259->../src/riccati_solver_hls.cpp:771]   --->   Operation 123 'specregionbegin' 'rbegin22' <Predicate = (!icmp_ln766)> <Delay = 0.00>
ST_6 : Operation 124 [1/1] (0.00ns)   --->   "%rend476 = specregionend i32 @_ssdm_op_SpecRegionEnd, void @empty_459, i32 %rbegin22" [../src/fp_math_hls.cpp:259->../src/riccati_solver_hls.cpp:771]   --->   Operation 124 'specregionend' 'rend476' <Predicate = (!icmp_ln766)> <Delay = 0.00>
ST_6 : Operation 125 [1/1] (0.00ns)   --->   "%rbegin23 = specregionbegin i32 @_ssdm_op_SpecRegionBegin, void @empty_411" [../src/fp_math_hls.cpp:259->../src/riccati_solver_hls.cpp:772]   --->   Operation 125 'specregionbegin' 'rbegin23' <Predicate = (!icmp_ln766)> <Delay = 0.00>
ST_6 : Operation 126 [1/1] (0.00ns)   --->   "%rend474 = specregionend i32 @_ssdm_op_SpecRegionEnd, void @empty_411, i32 %rbegin23" [../src/fp_math_hls.cpp:259->../src/riccati_solver_hls.cpp:772]   --->   Operation 126 'specregionend' 'rend474' <Predicate = (!icmp_ln766)> <Delay = 0.00>
ST_6 : Operation 127 [1/1] (0.00ns)   --->   "%rbegin24 = specregionbegin i32 @_ssdm_op_SpecRegionBegin, void @empty_401" [../src/fp_math_hls.cpp:259->../src/riccati_solver_hls.cpp:773]   --->   Operation 127 'specregionbegin' 'rbegin24' <Predicate = (!icmp_ln766)> <Delay = 0.00>
ST_6 : Operation 128 [1/1] (0.00ns)   --->   "%rend472 = specregionend i32 @_ssdm_op_SpecRegionEnd, void @empty_401, i32 %rbegin24" [../src/fp_math_hls.cpp:259->../src/riccati_solver_hls.cpp:773]   --->   Operation 128 'specregionend' 'rend472' <Predicate = (!icmp_ln766)> <Delay = 0.00>
ST_6 : Operation 129 [1/1] (0.00ns)   --->   "%rbegin25 = specregionbegin i32 @_ssdm_op_SpecRegionBegin, void @empty_391" [../src/fp_math_hls.cpp:259->../src/riccati_solver_hls.cpp:774]   --->   Operation 129 'specregionbegin' 'rbegin25' <Predicate = (!icmp_ln766)> <Delay = 0.00>
ST_6 : Operation 130 [1/1] (0.00ns)   --->   "%rend470 = specregionend i32 @_ssdm_op_SpecRegionEnd, void @empty_391, i32 %rbegin25" [../src/fp_math_hls.cpp:259->../src/riccati_solver_hls.cpp:774]   --->   Operation 130 'specregionend' 'rend470' <Predicate = (!icmp_ln766)> <Delay = 0.00>
ST_6 : Operation 131 [1/1] (1.03ns)   --->   "%p_shift_11 = add i40 %trunc_ln167_7, i40 %tmp_s" [../src/riccati_solver_hls.cpp:776]   --->   Operation 131 'add' 'p_shift_11' <Predicate = (!icmp_ln766)> <Delay = 1.03> <CoreInst = "Adder">   --->   Core 1 'Adder' <Latency = 0> <II = 1> <Delay = 1.03> <FuncUnit> <Opcode : 'add' 'sub'> <InPorts = 2> <OutPorts = 1>
ST_6 : Operation 132 [1/1] (0.00ns)   --->   "%store_ln764 = store i40 %p_shift_11, i40 %p_shift_1" [../src/riccati_solver_hls.cpp:764]   --->   Operation 132 'store' 'store_ln764' <Predicate = (!icmp_ln766 & trunc_ln766_2 == 6)> <Delay = 0.00>
ST_6 : Operation 133 [1/1] (0.00ns)   --->   "%br_ln775 = br void %arrayidx800.exit" [../src/riccati_solver_hls.cpp:775]   --->   Operation 133 'br' 'br_ln775' <Predicate = (!icmp_ln766 & trunc_ln766_2 == 6)> <Delay = 0.00>
ST_6 : Operation 134 [1/1] (0.00ns)   --->   "%store_ln764 = store i40 %p_shift_11, i40 %p_shift_2" [../src/riccati_solver_hls.cpp:764]   --->   Operation 134 'store' 'store_ln764' <Predicate = (!icmp_ln766 & trunc_ln766_2 == 5)> <Delay = 0.00>
ST_6 : Operation 135 [1/1] (0.00ns)   --->   "%br_ln775 = br void %arrayidx800.exit" [../src/riccati_solver_hls.cpp:775]   --->   Operation 135 'br' 'br_ln775' <Predicate = (!icmp_ln766 & trunc_ln766_2 == 5)> <Delay = 0.00>
ST_6 : Operation 136 [1/1] (0.00ns)   --->   "%store_ln764 = store i40 %p_shift_11, i40 %p_shift_3" [../src/riccati_solver_hls.cpp:764]   --->   Operation 136 'store' 'store_ln764' <Predicate = (!icmp_ln766 & trunc_ln766_2 == 4)> <Delay = 0.00>
ST_6 : Operation 137 [1/1] (0.00ns)   --->   "%br_ln775 = br void %arrayidx800.exit" [../src/riccati_solver_hls.cpp:775]   --->   Operation 137 'br' 'br_ln775' <Predicate = (!icmp_ln766 & trunc_ln766_2 == 4)> <Delay = 0.00>
ST_6 : Operation 138 [1/1] (0.00ns)   --->   "%store_ln764 = store i40 %p_shift_11, i40 %p_shift_4" [../src/riccati_solver_hls.cpp:764]   --->   Operation 138 'store' 'store_ln764' <Predicate = (!icmp_ln766 & trunc_ln766_2 == 3)> <Delay = 0.00>
ST_6 : Operation 139 [1/1] (0.00ns)   --->   "%br_ln775 = br void %arrayidx800.exit" [../src/riccati_solver_hls.cpp:775]   --->   Operation 139 'br' 'br_ln775' <Predicate = (!icmp_ln766 & trunc_ln766_2 == 3)> <Delay = 0.00>
ST_6 : Operation 140 [1/1] (0.00ns)   --->   "%store_ln764 = store i40 %p_shift_11, i40 %p_shift_5" [../src/riccati_solver_hls.cpp:764]   --->   Operation 140 'store' 'store_ln764' <Predicate = (!icmp_ln766 & trunc_ln766_2 == 2)> <Delay = 0.00>
ST_6 : Operation 141 [1/1] (0.00ns)   --->   "%br_ln775 = br void %arrayidx800.exit" [../src/riccati_solver_hls.cpp:775]   --->   Operation 141 'br' 'br_ln775' <Predicate = (!icmp_ln766 & trunc_ln766_2 == 2)> <Delay = 0.00>
ST_6 : Operation 142 [1/1] (0.00ns)   --->   "%store_ln764 = store i40 %p_shift_11, i40 %p_shift_6" [../src/riccati_solver_hls.cpp:764]   --->   Operation 142 'store' 'store_ln764' <Predicate = (!icmp_ln766 & trunc_ln766_2 == 1)> <Delay = 0.00>
ST_6 : Operation 143 [1/1] (0.00ns)   --->   "%br_ln775 = br void %arrayidx800.exit" [../src/riccati_solver_hls.cpp:775]   --->   Operation 143 'br' 'br_ln775' <Predicate = (!icmp_ln766 & trunc_ln766_2 == 1)> <Delay = 0.00>
ST_6 : Operation 144 [1/1] (0.00ns)   --->   "%store_ln764 = store i40 %p_shift_11, i40 %p_shift_7" [../src/riccati_solver_hls.cpp:764]   --->   Operation 144 'store' 'store_ln764' <Predicate = (!icmp_ln766 & trunc_ln766_2 == 0)> <Delay = 0.00>
ST_6 : Operation 145 [1/1] (0.00ns)   --->   "%br_ln775 = br void %arrayidx800.exit" [../src/riccati_solver_hls.cpp:775]   --->   Operation 145 'br' 'br_ln775' <Predicate = (!icmp_ln766 & trunc_ln766_2 == 0)> <Delay = 0.00>
ST_6 : Operation 146 [1/1] (0.00ns)   --->   "%store_ln764 = store i40 %p_shift_11, i40 %p_shift" [../src/riccati_solver_hls.cpp:764]   --->   Operation 146 'store' 'store_ln764' <Predicate = (!icmp_ln766 & trunc_ln766_2 == 7)> <Delay = 0.00>
ST_6 : Operation 147 [1/1] (0.00ns)   --->   "%br_ln775 = br void %arrayidx800.exit" [../src/riccati_solver_hls.cpp:775]   --->   Operation 147 'br' 'br_ln775' <Predicate = (!icmp_ln766 & trunc_ln766_2 == 7)> <Delay = 0.00>
ST_6 : Operation 148 [1/1] (0.00ns)   --->   "%p_shift_2_load = load i40 %p_shift_2"   --->   Operation 148 'load' 'p_shift_2_load' <Predicate = (icmp_ln766)> <Delay = 0.00>
ST_6 : Operation 149 [1/1] (0.00ns)   --->   "%p_shift_3_load = load i40 %p_shift_3"   --->   Operation 149 'load' 'p_shift_3_load' <Predicate = (icmp_ln766)> <Delay = 0.00>
ST_6 : Operation 150 [1/1] (0.00ns)   --->   "%p_shift_4_load = load i40 %p_shift_4"   --->   Operation 150 'load' 'p_shift_4_load' <Predicate = (icmp_ln766)> <Delay = 0.00>
ST_6 : Operation 151 [1/1] (0.00ns)   --->   "%p_shift_5_load = load i40 %p_shift_5"   --->   Operation 151 'load' 'p_shift_5_load' <Predicate = (icmp_ln766)> <Delay = 0.00>
ST_6 : Operation 152 [1/1] (0.00ns)   --->   "%p_shift_6_load = load i40 %p_shift_6"   --->   Operation 152 'load' 'p_shift_6_load' <Predicate = (icmp_ln766)> <Delay = 0.00>
ST_6 : Operation 153 [1/1] (0.00ns)   --->   "%p_shift_7_load = load i40 %p_shift_7"   --->   Operation 153 'load' 'p_shift_7_load' <Predicate = (icmp_ln766)> <Delay = 0.00>
ST_6 : Operation 154 [1/1] (0.00ns)   --->   "%write_ln0 = write void @_ssdm_op_Write.ap_auto.i40P0A, i40 %p_shift_7_out, i40 %p_shift_7_load"   --->   Operation 154 'write' 'write_ln0' <Predicate = (icmp_ln766)> <Delay = 0.00>
ST_6 : Operation 155 [1/1] (0.00ns)   --->   "%write_ln0 = write void @_ssdm_op_Write.ap_auto.i40P0A, i40 %p_shift_6_out, i40 %p_shift_6_load"   --->   Operation 155 'write' 'write_ln0' <Predicate = (icmp_ln766)> <Delay = 0.00>
ST_6 : Operation 156 [1/1] (0.00ns)   --->   "%write_ln0 = write void @_ssdm_op_Write.ap_auto.i40P0A, i40 %p_shift_5_out, i40 %p_shift_5_load"   --->   Operation 156 'write' 'write_ln0' <Predicate = (icmp_ln766)> <Delay = 0.00>
ST_6 : Operation 157 [1/1] (0.00ns)   --->   "%write_ln0 = write void @_ssdm_op_Write.ap_auto.i40P0A, i40 %p_shift_4_out, i40 %p_shift_4_load"   --->   Operation 157 'write' 'write_ln0' <Predicate = (icmp_ln766)> <Delay = 0.00>
ST_6 : Operation 158 [1/1] (0.00ns)   --->   "%write_ln0 = write void @_ssdm_op_Write.ap_auto.i40P0A, i40 %p_shift_3_out, i40 %p_shift_3_load"   --->   Operation 158 'write' 'write_ln0' <Predicate = (icmp_ln766)> <Delay = 0.00>
ST_6 : Operation 159 [1/1] (0.00ns)   --->   "%write_ln0 = write void @_ssdm_op_Write.ap_auto.i40P0A, i40 %p_shift_2_out, i40 %p_shift_2_load"   --->   Operation 159 'write' 'write_ln0' <Predicate = (icmp_ln766)> <Delay = 0.00>
ST_6 : Operation 160 [1/1] (0.00ns)   --->   "%write_ln766 = write void @_ssdm_op_Write.ap_auto.i34P0A, i34 %p_shift_1_out, i34 %trunc_ln766_1" [../src/riccati_solver_hls.cpp:766]   --->   Operation 160 'write' 'write_ln766' <Predicate = (icmp_ln766)> <Delay = 0.00>
ST_6 : Operation 161 [1/1] (0.00ns)   --->   "%write_ln766 = write void @_ssdm_op_Write.ap_auto.i33P0A, i33 %p_shift_out, i33 %trunc_ln766" [../src/riccati_solver_hls.cpp:766]   --->   Operation 161 'write' 'write_ln766' <Predicate = (icmp_ln766)> <Delay = 0.00>
ST_6 : Operation 162 [1/1] (0.42ns)   --->   "%ret_ln0 = ret"   --->   Operation 162 'ret' 'ret_ln0' <Predicate = (icmp_ln766)> <Delay = 0.42>


============================================================
+ Verbose Summary: Timing violations
============================================================
Target clock period: 5.000ns, clock uncertainty: 0.500ns.

 <State 1>: 1.651ns
The critical path consists of the following:
	'store' operation ('store_ln475', ../src/riccati_solver_hls.cpp:475) of constant 0 4 bit on local variable 'i', ../src/riccati_solver_hls.cpp:475 [64]  (0.427 ns)
	'load' operation 4 bit ('i', ../src/riccati_solver_hls.cpp:766) on local variable 'i', ../src/riccati_solver_hls.cpp:475 [67]  (0.000 ns)
	'add' operation 4 bit ('add_ln766', ../src/riccati_solver_hls.cpp:766) [73]  (0.797 ns)
	'store' operation ('store_ln475', ../src/riccati_solver_hls.cpp:475) of variable 'add_ln766', ../src/riccati_solver_hls.cpp:766 4 bit on local variable 'i', ../src/riccati_solver_hls.cpp:475 [153]  (0.427 ns)

 <State 2>: 2.968ns
The critical path consists of the following:
	'load' operation 40 bit ('a', ../src/riccati_solver_hls.cpp:769) on array 'P' [82]  (0.677 ns)
	'mul' operation 58 bit ('mul_ln769', ../src/riccati_solver_hls.cpp:769) [85]  (2.291 ns)

 <State 3>: 2.291ns
The critical path consists of the following:
	'mul' operation 58 bit ('mul_ln769', ../src/riccati_solver_hls.cpp:769) [85]  (2.291 ns)

 <State 4>: 2.291ns
The critical path consists of the following:
	'mul' operation 58 bit ('mul_ln769', ../src/riccati_solver_hls.cpp:769) [85]  (2.291 ns)

 <State 5>: 4.184ns
The critical path consists of the following:
	'mul' operation 58 bit ('mul_ln769', ../src/riccati_solver_hls.cpp:769) [85]  (2.291 ns)
	'call' operation 58 bit ('pd_sum', ../src/riccati_solver_hls.cpp:768) to 'sum6_P_QP_raw' [123]  (1.893 ns)

 <State 6>: 1.034ns
The critical path consists of the following:
	'add' operation 40 bit ('p_shift', ../src/riccati_solver_hls.cpp:776) [126]  (1.034 ns)
	'store' operation ('store_ln764', ../src/riccati_solver_hls.cpp:764) of variable 'p_shift', ../src/riccati_solver_hls.cpp:776 40 bit on local variable 'p_shift', ../src/riccati_solver_hls.cpp:764 [129]  (0.000 ns)


============================================================
+ Verbose Summary: Binding
============================================================
N/A
* FSMD analyzer results:
  - Output states:
 - Input state : 
  - Chain level:
	State 1
	State 2
	State 3
	State 4
	State 5
	State 6


============================================================
+ Verbose Summary: Datapath Resource usage 
============================================================
N/A
