

================================================================
== Vitis HLS Report for 'riccati_forward_pass_Pipeline_VITIS_LOOP_383_4'
================================================================
* Date:           Thu May 21 15:23:06 2026

* Version:        2025.2 (Build 6295257 on Nov 14 2025)
* Project:        mpc_fpga_top_opencl
* Solution:       hls (Vitis Kernel Flow Target)
* Product family: zynquplus
* Target device:  xck26-sfvc784-2LV-c


================================================================
== Performance Estimates
================================================================
+ Timing: 
    * Summary: 
    +--------+---------+----------+------------+
    |  Clock |  Target | Estimated| Uncertainty|
    +--------+---------+----------+------------+
    |ap_clk  |  5.00 ns|  4.124 ns|     0.50 ns|
    +--------+---------+----------+------------+

+ Latency: 
    * Summary: 
    +---------+---------+-----------+-----------+-----+-----+-------------------+
    |  Latency (cycles) |   Latency (absolute)  |  Interval |      Pipeline     |
    |   min   |   max   |    min    |    max    | min | max |        Type       |
    +---------+---------+-----------+-----------+-----+-----+-------------------+
    |       11|       11|  55.000 ns|  55.000 ns|    0|    0|  loop pipeline stp|
    +---------+---------+-----------+-----------+-----+-----+-------------------+

    + Detail: 
        * Instance: 
        N/A

        * Loop: 
        +--------------------+---------+---------+----------+-----------+-----------+------+----------+
        |                    |  Latency (cycles) | Iteration|  Initiation Interval  | Trip |          |
        |      Loop Name     |   min   |   max   |  Latency |  achieved |   target  | Count| Pipelined|
        +--------------------+---------+---------+----------+-----------+-----------+------+----------+
        |- VITIS_LOOP_383_4  |        9|        9|         5|          1|          1|     6|       yes|
        +--------------------+---------+---------+----------+-----------+-----------+------+----------+

============================================================
+ Verbose Summary: Synthesis Manager
============================================================
InlineROM: 1
ExposeGlobal: 0
============================================================
+ Verbose Summary: CDFG Model
============================================================
IsTopModel: 0
ResetActiveHigh: 1
IsCombinational: 0
IsDatapathOnly: 0
HasWiredReturn: 1
HasMFsm: 2
HasVarLatency: 1
IsPipeline: 0
IsRtlPipelined: 0
IsInstanceOverlapped: 0
IsDontTouch: 0
HasImplIP: 0
IsGatedGlobalClock: 0

+ Individual pipeline summary: 
  * Pipeline-0: initiation interval (II) = 1, depth = 5


============================================================
+ Verbose Summary: Schedule
============================================================
* Number of FSM states : 5
* Pipeline : 1
  Pipeline-0 : II = 1, D = 5, States = { 1 2 3 4 5 }
* Dataflow Pipeline: 0

* FSM state transitions: 
1 --> 2 
2 --> 3 
3 --> 4 
4 --> 5 
5 --> 

* FSM state operations: 

State 1 <SV = 0> <Delay = 3.34>
ST_1 : Operation 8 [1/1] (0.00ns)   --->   "%i = alloca i32 1" [../src/riccati_solver_hls.cpp:323]   --->   Operation 8 'alloca' 'i' <Predicate = true> <Delay = 0.00>
ST_1 : Operation 9 [1/1] (0.00ns)   --->   "%sext_ln420_1_read = read i27 @_ssdm_op_Read.ap_auto.i27, i27 %sext_ln420_1"   --->   Operation 9 'read' 'sext_ln420_1_read' <Predicate = true> <Delay = 0.00>
ST_1 : Operation 10 [1/1] (0.00ns)   --->   "%sext_ln159_14_read = read i32 @_ssdm_op_Read.ap_auto.i32, i32 %sext_ln159_14"   --->   Operation 10 'read' 'sext_ln159_14_read' <Predicate = true> <Delay = 0.00>
ST_1 : Operation 11 [1/1] (0.00ns)   --->   "%sext_ln159_13_read = read i32 @_ssdm_op_Read.ap_auto.i32, i32 %sext_ln159_13"   --->   Operation 11 'read' 'sext_ln159_13_read' <Predicate = true> <Delay = 0.00>
ST_1 : Operation 12 [1/1] (0.00ns)   --->   "%sext_ln159_12_read = read i32 @_ssdm_op_Read.ap_auto.i32, i32 %sext_ln159_12"   --->   Operation 12 'read' 'sext_ln159_12_read' <Predicate = true> <Delay = 0.00>
ST_1 : Operation 13 [1/1] (0.00ns)   --->   "%sext_ln420_read = read i27 @_ssdm_op_Read.ap_auto.i27, i27 %sext_ln420"   --->   Operation 13 'read' 'sext_ln420_read' <Predicate = true> <Delay = 0.00>
ST_1 : Operation 14 [1/1] (0.00ns)   --->   "%sext_ln159_11_read = read i32 @_ssdm_op_Read.ap_auto.i32, i32 %sext_ln159_11"   --->   Operation 14 'read' 'sext_ln159_11_read' <Predicate = true> <Delay = 0.00>
ST_1 : Operation 15 [1/1] (0.00ns)   --->   "%sext_ln406_read = read i32 @_ssdm_op_Read.ap_auto.i32, i32 %sext_ln406"   --->   Operation 15 'read' 'sext_ln406_read' <Predicate = true> <Delay = 0.00>
ST_1 : Operation 16 [1/1] (0.00ns)   --->   "%step_data_0_5_5_load_read = read i32 @_ssdm_op_Read.ap_auto.i32, i32 %step_data_0_5_5_load"   --->   Operation 16 'read' 'step_data_0_5_5_load_read' <Predicate = true> <Delay = 0.00>
ST_1 : Operation 17 [1/1] (0.00ns)   --->   "%step_data_0_4_5_load_read = read i32 @_ssdm_op_Read.ap_auto.i32, i32 %step_data_0_4_5_load"   --->   Operation 17 'read' 'step_data_0_4_5_load_read' <Predicate = true> <Delay = 0.00>
ST_1 : Operation 18 [1/1] (0.00ns)   --->   "%step_data_0_3_5_load_read = read i32 @_ssdm_op_Read.ap_auto.i32, i32 %step_data_0_3_5_load"   --->   Operation 18 'read' 'step_data_0_3_5_load_read' <Predicate = true> <Delay = 0.00>
ST_1 : Operation 19 [1/1] (0.00ns)   --->   "%step_data_0_2_5_load_read = read i32 @_ssdm_op_Read.ap_auto.i32, i32 %step_data_0_2_5_load"   --->   Operation 19 'read' 'step_data_0_2_5_load_read' <Predicate = true> <Delay = 0.00>
ST_1 : Operation 20 [1/1] (0.00ns)   --->   "%step_data_0_1_5_load_read = read i32 @_ssdm_op_Read.ap_auto.i32, i32 %step_data_0_1_5_load"   --->   Operation 20 'read' 'step_data_0_1_5_load_read' <Predicate = true> <Delay = 0.00>
ST_1 : Operation 21 [1/1] (0.00ns)   --->   "%step_data_0_0_5_load_read = read i32 @_ssdm_op_Read.ap_auto.i32, i32 %step_data_0_0_5_load"   --->   Operation 21 'read' 'step_data_0_0_5_load_read' <Predicate = true> <Delay = 0.00>
ST_1 : Operation 22 [1/1] (0.00ns)   --->   "%sext_ln159_4_read = read i32 @_ssdm_op_Read.ap_auto.i32, i32 %sext_ln159_4"   --->   Operation 22 'read' 'sext_ln159_4_read' <Predicate = true> <Delay = 0.00>
ST_1 : Operation 23 [1/1] (0.00ns)   --->   "%step_data_0_5_4_load_read = read i32 @_ssdm_op_Read.ap_auto.i32, i32 %step_data_0_5_4_load"   --->   Operation 23 'read' 'step_data_0_5_4_load_read' <Predicate = true> <Delay = 0.00>
ST_1 : Operation 24 [1/1] (0.00ns)   --->   "%step_data_0_4_4_load_read = read i32 @_ssdm_op_Read.ap_auto.i32, i32 %step_data_0_4_4_load"   --->   Operation 24 'read' 'step_data_0_4_4_load_read' <Predicate = true> <Delay = 0.00>
ST_1 : Operation 25 [1/1] (0.00ns)   --->   "%step_data_0_3_4_load_read = read i32 @_ssdm_op_Read.ap_auto.i32, i32 %step_data_0_3_4_load"   --->   Operation 25 'read' 'step_data_0_3_4_load_read' <Predicate = true> <Delay = 0.00>
ST_1 : Operation 26 [1/1] (0.00ns)   --->   "%step_data_0_2_4_load_read = read i32 @_ssdm_op_Read.ap_auto.i32, i32 %step_data_0_2_4_load"   --->   Operation 26 'read' 'step_data_0_2_4_load_read' <Predicate = true> <Delay = 0.00>
ST_1 : Operation 27 [1/1] (0.00ns)   --->   "%step_data_0_1_4_load_read = read i32 @_ssdm_op_Read.ap_auto.i32, i32 %step_data_0_1_4_load"   --->   Operation 27 'read' 'step_data_0_1_4_load_read' <Predicate = true> <Delay = 0.00>
ST_1 : Operation 28 [1/1] (0.00ns)   --->   "%step_data_0_0_4_load_read = read i32 @_ssdm_op_Read.ap_auto.i32, i32 %step_data_0_0_4_load"   --->   Operation 28 'read' 'step_data_0_0_4_load_read' <Predicate = true> <Delay = 0.00>
ST_1 : Operation 29 [1/1] (0.00ns)   --->   "%sext_ln159_3_read = read i32 @_ssdm_op_Read.ap_auto.i32, i32 %sext_ln159_3"   --->   Operation 29 'read' 'sext_ln159_3_read' <Predicate = true> <Delay = 0.00>
ST_1 : Operation 30 [1/1] (0.00ns)   --->   "%step_data_0_5_3_load_read = read i32 @_ssdm_op_Read.ap_auto.i32, i32 %step_data_0_5_3_load"   --->   Operation 30 'read' 'step_data_0_5_3_load_read' <Predicate = true> <Delay = 0.00>
ST_1 : Operation 31 [1/1] (0.00ns)   --->   "%step_data_0_4_3_load_read = read i32 @_ssdm_op_Read.ap_auto.i32, i32 %step_data_0_4_3_load"   --->   Operation 31 'read' 'step_data_0_4_3_load_read' <Predicate = true> <Delay = 0.00>
ST_1 : Operation 32 [1/1] (0.00ns)   --->   "%step_data_0_3_3_load_read = read i32 @_ssdm_op_Read.ap_auto.i32, i32 %step_data_0_3_3_load"   --->   Operation 32 'read' 'step_data_0_3_3_load_read' <Predicate = true> <Delay = 0.00>
ST_1 : Operation 33 [1/1] (0.00ns)   --->   "%step_data_0_2_3_load_read = read i32 @_ssdm_op_Read.ap_auto.i32, i32 %step_data_0_2_3_load"   --->   Operation 33 'read' 'step_data_0_2_3_load_read' <Predicate = true> <Delay = 0.00>
ST_1 : Operation 34 [1/1] (0.00ns)   --->   "%step_data_0_1_3_load_read = read i32 @_ssdm_op_Read.ap_auto.i32, i32 %step_data_0_1_3_load"   --->   Operation 34 'read' 'step_data_0_1_3_load_read' <Predicate = true> <Delay = 0.00>
ST_1 : Operation 35 [1/1] (0.00ns)   --->   "%step_data_0_0_3_load_read = read i32 @_ssdm_op_Read.ap_auto.i32, i32 %step_data_0_0_3_load"   --->   Operation 35 'read' 'step_data_0_0_3_load_read' <Predicate = true> <Delay = 0.00>
ST_1 : Operation 36 [1/1] (0.00ns)   --->   "%sext_ln159_2_read = read i32 @_ssdm_op_Read.ap_auto.i32, i32 %sext_ln159_2"   --->   Operation 36 'read' 'sext_ln159_2_read' <Predicate = true> <Delay = 0.00>
ST_1 : Operation 37 [1/1] (0.00ns)   --->   "%step_data_0_5_2_load_read = read i32 @_ssdm_op_Read.ap_auto.i32, i32 %step_data_0_5_2_load"   --->   Operation 37 'read' 'step_data_0_5_2_load_read' <Predicate = true> <Delay = 0.00>
ST_1 : Operation 38 [1/1] (0.00ns)   --->   "%step_data_0_4_2_load_read = read i32 @_ssdm_op_Read.ap_auto.i32, i32 %step_data_0_4_2_load"   --->   Operation 38 'read' 'step_data_0_4_2_load_read' <Predicate = true> <Delay = 0.00>
ST_1 : Operation 39 [1/1] (0.00ns)   --->   "%step_data_0_3_2_load_read = read i32 @_ssdm_op_Read.ap_auto.i32, i32 %step_data_0_3_2_load"   --->   Operation 39 'read' 'step_data_0_3_2_load_read' <Predicate = true> <Delay = 0.00>
ST_1 : Operation 40 [1/1] (0.00ns)   --->   "%step_data_0_2_2_load_read = read i32 @_ssdm_op_Read.ap_auto.i32, i32 %step_data_0_2_2_load"   --->   Operation 40 'read' 'step_data_0_2_2_load_read' <Predicate = true> <Delay = 0.00>
ST_1 : Operation 41 [1/1] (0.00ns)   --->   "%step_data_0_1_2_load_read = read i32 @_ssdm_op_Read.ap_auto.i32, i32 %step_data_0_1_2_load"   --->   Operation 41 'read' 'step_data_0_1_2_load_read' <Predicate = true> <Delay = 0.00>
ST_1 : Operation 42 [1/1] (0.00ns)   --->   "%step_data_0_0_2_load_read = read i32 @_ssdm_op_Read.ap_auto.i32, i32 %step_data_0_0_2_load"   --->   Operation 42 'read' 'step_data_0_0_2_load_read' <Predicate = true> <Delay = 0.00>
ST_1 : Operation 43 [1/1] (0.00ns)   --->   "%sext_ln159_1_read = read i32 @_ssdm_op_Read.ap_auto.i32, i32 %sext_ln159_1"   --->   Operation 43 'read' 'sext_ln159_1_read' <Predicate = true> <Delay = 0.00>
ST_1 : Operation 44 [1/1] (0.00ns)   --->   "%step_data_0_5_1_load_read = read i32 @_ssdm_op_Read.ap_auto.i32, i32 %step_data_0_5_1_load"   --->   Operation 44 'read' 'step_data_0_5_1_load_read' <Predicate = true> <Delay = 0.00>
ST_1 : Operation 45 [1/1] (0.00ns)   --->   "%step_data_0_4_1_load_read = read i32 @_ssdm_op_Read.ap_auto.i32, i32 %step_data_0_4_1_load"   --->   Operation 45 'read' 'step_data_0_4_1_load_read' <Predicate = true> <Delay = 0.00>
ST_1 : Operation 46 [1/1] (0.00ns)   --->   "%step_data_0_3_1_load_read = read i32 @_ssdm_op_Read.ap_auto.i32, i32 %step_data_0_3_1_load"   --->   Operation 46 'read' 'step_data_0_3_1_load_read' <Predicate = true> <Delay = 0.00>
ST_1 : Operation 47 [1/1] (0.00ns)   --->   "%step_data_0_2_1_load_read = read i32 @_ssdm_op_Read.ap_auto.i32, i32 %step_data_0_2_1_load"   --->   Operation 47 'read' 'step_data_0_2_1_load_read' <Predicate = true> <Delay = 0.00>
ST_1 : Operation 48 [1/1] (0.00ns)   --->   "%step_data_0_1_1_load_read = read i32 @_ssdm_op_Read.ap_auto.i32, i32 %step_data_0_1_1_load"   --->   Operation 48 'read' 'step_data_0_1_1_load_read' <Predicate = true> <Delay = 0.00>
ST_1 : Operation 49 [1/1] (0.00ns)   --->   "%step_data_0_0_1_load_read = read i32 @_ssdm_op_Read.ap_auto.i32, i32 %step_data_0_0_1_load"   --->   Operation 49 'read' 'step_data_0_0_1_load_read' <Predicate = true> <Delay = 0.00>
ST_1 : Operation 50 [1/1] (0.00ns)   --->   "%sext_ln159_read = read i32 @_ssdm_op_Read.ap_auto.i32, i32 %sext_ln159"   --->   Operation 50 'read' 'sext_ln159_read' <Predicate = true> <Delay = 0.00>
ST_1 : Operation 51 [1/1] (0.00ns)   --->   "%step_data_0_5_0_load_read = read i32 @_ssdm_op_Read.ap_auto.i32, i32 %step_data_0_5_0_load"   --->   Operation 51 'read' 'step_data_0_5_0_load_read' <Predicate = true> <Delay = 0.00>
ST_1 : Operation 52 [1/1] (0.00ns)   --->   "%step_data_0_4_0_load_read = read i32 @_ssdm_op_Read.ap_auto.i32, i32 %step_data_0_4_0_load"   --->   Operation 52 'read' 'step_data_0_4_0_load_read' <Predicate = true> <Delay = 0.00>
ST_1 : Operation 53 [1/1] (0.00ns)   --->   "%step_data_0_3_0_load_read = read i32 @_ssdm_op_Read.ap_auto.i32, i32 %step_data_0_3_0_load"   --->   Operation 53 'read' 'step_data_0_3_0_load_read' <Predicate = true> <Delay = 0.00>
ST_1 : Operation 54 [1/1] (0.00ns)   --->   "%step_data_0_2_0_load_read = read i32 @_ssdm_op_Read.ap_auto.i32, i32 %step_data_0_2_0_load"   --->   Operation 54 'read' 'step_data_0_2_0_load_read' <Predicate = true> <Delay = 0.00>
ST_1 : Operation 55 [1/1] (0.00ns)   --->   "%step_data_0_1_0_load_read = read i32 @_ssdm_op_Read.ap_auto.i32, i32 %step_data_0_1_0_load"   --->   Operation 55 'read' 'step_data_0_1_0_load_read' <Predicate = true> <Delay = 0.00>
ST_1 : Operation 56 [1/1] (0.00ns)   --->   "%step_data_0_0_0_load_read = read i32 @_ssdm_op_Read.ap_auto.i32, i32 %step_data_0_0_0_load"   --->   Operation 56 'read' 'step_data_0_0_0_load_read' <Predicate = true> <Delay = 0.00>
ST_1 : Operation 57 [1/1] (0.00ns)   --->   "%tmp = read i27 @_ssdm_op_Read.ap_auto.i27, i27 %empty"   --->   Operation 57 'read' 'tmp' <Predicate = true> <Delay = 0.00>
ST_1 : Operation 58 [1/1] (0.00ns)   --->   "%tmp_1 = read i27 @_ssdm_op_Read.ap_auto.i27, i27 %empty_523"   --->   Operation 58 'read' 'tmp_1' <Predicate = true> <Delay = 0.00>
ST_1 : Operation 59 [1/1] (0.00ns)   --->   "%tmp_2 = read i27 @_ssdm_op_Read.ap_auto.i27, i27 %empty_522"   --->   Operation 59 'read' 'tmp_2' <Predicate = true> <Delay = 0.00>
ST_1 : Operation 60 [1/1] (0.00ns)   --->   "%tmp_3 = read i27 @_ssdm_op_Read.ap_auto.i27, i27 %empty_521"   --->   Operation 60 'read' 'tmp_3' <Predicate = true> <Delay = 0.00>
ST_1 : Operation 61 [1/1] (0.00ns)   --->   "%tmp_4 = read i27 @_ssdm_op_Read.ap_auto.i27, i27 %empty_520"   --->   Operation 61 'read' 'tmp_4' <Predicate = true> <Delay = 0.00>
ST_1 : Operation 62 [1/1] (0.00ns)   --->   "%tmp_5 = read i27 @_ssdm_op_Read.ap_auto.i27, i27 %empty_519"   --->   Operation 62 'read' 'tmp_5' <Predicate = true> <Delay = 0.00>
ST_1 : Operation 63 [1/1] (0.00ns)   --->   "%zext_ln409_read = read i5 @_ssdm_op_Read.ap_auto.i5, i5 %zext_ln409"   --->   Operation 63 'read' 'zext_ln409_read' <Predicate = true> <Delay = 0.00>
ST_1 : Operation 64 [1/1] (0.00ns)   --->   "%sext_ln420_1_cast = sext i27 %sext_ln420_1_read"   --->   Operation 64 'sext' 'sext_ln420_1_cast' <Predicate = true> <Delay = 0.00>
ST_1 : Operation 65 [1/1] (0.00ns)   --->   "%sext_ln159_14_cast = sext i32 %sext_ln159_14_read"   --->   Operation 65 'sext' 'sext_ln159_14_cast' <Predicate = true> <Delay = 0.00>
ST_1 : Operation 66 [1/1] (0.00ns)   --->   "%sext_ln159_13_cast = sext i32 %sext_ln159_13_read"   --->   Operation 66 'sext' 'sext_ln159_13_cast' <Predicate = true> <Delay = 0.00>
ST_1 : Operation 67 [1/1] (0.00ns)   --->   "%sext_ln159_12_cast = sext i32 %sext_ln159_12_read"   --->   Operation 67 'sext' 'sext_ln159_12_cast' <Predicate = true> <Delay = 0.00>
ST_1 : Operation 68 [1/1] (0.00ns)   --->   "%sext_ln420_cast = sext i27 %sext_ln420_read"   --->   Operation 68 'sext' 'sext_ln420_cast' <Predicate = true> <Delay = 0.00>
ST_1 : Operation 69 [1/1] (0.00ns)   --->   "%sext_ln159_11_cast = sext i32 %sext_ln159_11_read"   --->   Operation 69 'sext' 'sext_ln159_11_cast' <Predicate = true> <Delay = 0.00>
ST_1 : Operation 70 [1/1] (0.00ns)   --->   "%sext_ln406_cast = sext i32 %sext_ln406_read"   --->   Operation 70 'sext' 'sext_ln406_cast' <Predicate = true> <Delay = 0.00>
ST_1 : Operation 71 [1/1] (0.00ns)   --->   "%sext_ln159_4_cast = sext i32 %sext_ln159_4_read"   --->   Operation 71 'sext' 'sext_ln159_4_cast' <Predicate = true> <Delay = 0.00>
ST_1 : Operation 72 [1/1] (0.00ns)   --->   "%sext_ln159_3_cast = sext i32 %sext_ln159_3_read"   --->   Operation 72 'sext' 'sext_ln159_3_cast' <Predicate = true> <Delay = 0.00>
ST_1 : Operation 73 [1/1] (0.00ns)   --->   "%sext_ln159_2_cast = sext i32 %sext_ln159_2_read"   --->   Operation 73 'sext' 'sext_ln159_2_cast' <Predicate = true> <Delay = 0.00>
ST_1 : Operation 74 [1/1] (0.00ns)   --->   "%sext_ln159_1_cast = sext i32 %sext_ln159_1_read"   --->   Operation 74 'sext' 'sext_ln159_1_cast' <Predicate = true> <Delay = 0.00>
ST_1 : Operation 75 [1/1] (0.00ns)   --->   "%sext_ln159_cast = sext i32 %sext_ln159_read"   --->   Operation 75 'sext' 'sext_ln159_cast' <Predicate = true> <Delay = 0.00>
ST_1 : Operation 76 [1/1] (0.00ns)   --->   "%zext_ln409_cast = zext i5 %zext_ln409_read"   --->   Operation 76 'zext' 'zext_ln409_cast' <Predicate = true> <Delay = 0.00>
ST_1 : Operation 77 [1/1] (0.00ns)   --->   "%specmemcore_ln0 = specmemcore void @_ssdm_op_SpecMemCore, i32 %x_out_0, i64 666, i64 23, i64 1, i1 0"   --->   Operation 77 'specmemcore' 'specmemcore_ln0' <Predicate = true> <Delay = 0.00>
ST_1 : Operation 78 [1/1] (0.00ns)   --->   "%specmemcore_ln0 = specmemcore void @_ssdm_op_SpecMemCore, i32 %x_out_1, i64 666, i64 23, i64 1, i1 0"   --->   Operation 78 'specmemcore' 'specmemcore_ln0' <Predicate = true> <Delay = 0.00>
ST_1 : Operation 79 [1/1] (0.00ns)   --->   "%specmemcore_ln0 = specmemcore void @_ssdm_op_SpecMemCore, i32 %x_out_2, i64 666, i64 23, i64 1, i1 0"   --->   Operation 79 'specmemcore' 'specmemcore_ln0' <Predicate = true> <Delay = 0.00>
ST_1 : Operation 80 [1/1] (0.00ns)   --->   "%specmemcore_ln0 = specmemcore void @_ssdm_op_SpecMemCore, i32 %x_out_3, i64 666, i64 23, i64 1, i1 0"   --->   Operation 80 'specmemcore' 'specmemcore_ln0' <Predicate = true> <Delay = 0.00>
ST_1 : Operation 81 [1/1] (0.00ns)   --->   "%specmemcore_ln0 = specmemcore void @_ssdm_op_SpecMemCore, i32 %x_out_4, i64 666, i64 23, i64 1, i1 0"   --->   Operation 81 'specmemcore' 'specmemcore_ln0' <Predicate = true> <Delay = 0.00>
ST_1 : Operation 82 [1/1] (0.00ns)   --->   "%specmemcore_ln0 = specmemcore void @_ssdm_op_SpecMemCore, i32 %x_out_5, i64 666, i64 23, i64 1, i1 0"   --->   Operation 82 'specmemcore' 'specmemcore_ln0' <Predicate = true> <Delay = 0.00>
ST_1 : Operation 83 [1/1] (0.42ns)   --->   "%store_ln323 = store i3 0, i3 %i" [../src/riccati_solver_hls.cpp:323]   --->   Operation 83 'store' 'store_ln323' <Predicate = true> <Delay = 0.42>
ST_1 : Operation 84 [1/1] (0.00ns)   --->   "%br_ln0 = br void %for.body182"   --->   Operation 84 'br' 'br_ln0' <Predicate = true> <Delay = 0.00>
ST_1 : Operation 85 [1/1] (0.00ns)   --->   "%i_1 = load i3 %i" [../src/riccati_solver_hls.cpp:383]   --->   Operation 85 'load' 'i_1' <Predicate = true> <Delay = 0.00>
ST_1 : Operation 86 [1/1] (0.67ns)   --->   "%icmp_ln383 = icmp_eq  i3 %i_1, i3 6" [../src/riccati_solver_hls.cpp:383]   --->   Operation 86 'icmp' 'icmp_ln383' <Predicate = true> <Delay = 0.67> <CoreInst = "Cmp">   --->   Core 9 'Cmp' <Latency = 0> <II = 1> <Delay = 0.67> <FuncUnit> <Opcode : 'seteq' 'setne' 'setle' 'setge' 'setlt' 'setgt'> <InPorts = 2> <OutPorts = 1>
ST_1 : Operation 87 [1/1] (0.67ns)   --->   "%add_ln383 = add i3 %i_1, i3 1" [../src/riccati_solver_hls.cpp:383]   --->   Operation 87 'add' 'add_ln383' <Predicate = true> <Delay = 0.67> <CoreInst = "Adder">   --->   Core 1 'Adder' <Latency = 0> <II = 1> <Delay = 0.67> <FuncUnit> <Opcode : 'add' 'sub'> <InPorts = 2> <OutPorts = 1>
ST_1 : Operation 88 [1/1] (0.00ns)   --->   "%br_ln383 = br i1 %icmp_ln383, void %fpga_resource_hint.if.end198.436, void %for.inc320.exitStub" [../src/riccati_solver_hls.cpp:383]   --->   Operation 88 'br' 'br_ln383' <Predicate = true> <Delay = 0.00>
ST_1 : Operation 89 [1/1] (0.62ns)   --->   "%a = sparsemux i32 @_ssdm_op_SparseMux.ap_auto.6i32.i32.i3, i3 0, i32 %step_data_0_0_0_load_read, i3 1, i32 %step_data_0_1_0_load_read, i3 2, i32 %step_data_0_2_0_load_read, i3 3, i32 %step_data_0_3_0_load_read, i3 4, i32 %step_data_0_4_0_load_read, i3 5, i32 %step_data_0_5_0_load_read, i32 0, i3 %i_1" [../src/riccati_solver_hls.cpp:383]   --->   Operation 89 'sparsemux' 'a' <Predicate = (!icmp_ln383)> <Delay = 0.62> <CoreInst = "BinarySparseMux_DontCare">   --->   Core 149 'BinarySparseMux_DontCare' <Latency = 0> <II = 1> <Delay = 0.62> <FuncUnit> <Opcode : 'sparsemux'> <InPorts = 2> <OutPorts = 1>
ST_1 : Operation 90 [1/1] (0.00ns)   --->   "%sext_ln159_5 = sext i32 %a" [../src/fp_math_hls.cpp:159->../src/riccati_solver_hls.cpp:393]   --->   Operation 90 'sext' 'sext_ln159_5' <Predicate = (!icmp_ln383)> <Delay = 0.00>
ST_1 : Operation 91 [4/4] (2.29ns)   --->   "%mul_ln393 = mul i45 %sext_ln159_5, i45 %sext_ln159_cast" [../src/riccati_solver_hls.cpp:393]   --->   Operation 91 'mul' 'mul_ln393' <Predicate = (!icmp_ln383)> <Delay = 2.29> <CoreInst = "Mul_DSP">   --->   Core 5 'Mul_DSP' <Latency = 3> <II = 1> <Delay = 2.29> <FuncUnit> <Opcode : 'mul'> <InPorts = 2> <OutPorts = 1>
ST_1 : Operation 92 [1/1] (0.62ns)   --->   "%a_1 = sparsemux i32 @_ssdm_op_SparseMux.ap_auto.6i32.i32.i3, i3 0, i32 %step_data_0_0_1_load_read, i3 1, i32 %step_data_0_1_1_load_read, i3 2, i32 %step_data_0_2_1_load_read, i3 3, i32 %step_data_0_3_1_load_read, i3 4, i32 %step_data_0_4_1_load_read, i3 5, i32 %step_data_0_5_1_load_read, i32 0, i3 %i_1" [../src/riccati_solver_hls.cpp:383]   --->   Operation 92 'sparsemux' 'a_1' <Predicate = (!icmp_ln383)> <Delay = 0.62> <CoreInst = "BinarySparseMux_DontCare">   --->   Core 149 'BinarySparseMux_DontCare' <Latency = 0> <II = 1> <Delay = 0.62> <FuncUnit> <Opcode : 'sparsemux'> <InPorts = 2> <OutPorts = 1>
ST_1 : Operation 93 [1/1] (0.00ns)   --->   "%sext_ln159_6 = sext i32 %a_1" [../src/fp_math_hls.cpp:159->../src/riccati_solver_hls.cpp:394]   --->   Operation 93 'sext' 'sext_ln159_6' <Predicate = (!icmp_ln383)> <Delay = 0.00>
ST_1 : Operation 94 [4/4] (2.29ns)   --->   "%mul_ln394 = mul i45 %sext_ln159_6, i45 %sext_ln159_1_cast" [../src/riccati_solver_hls.cpp:394]   --->   Operation 94 'mul' 'mul_ln394' <Predicate = (!icmp_ln383)> <Delay = 2.29> <CoreInst = "Mul_DSP">   --->   Core 5 'Mul_DSP' <Latency = 3> <II = 1> <Delay = 2.29> <FuncUnit> <Opcode : 'mul'> <InPorts = 2> <OutPorts = 1>
ST_1 : Operation 95 [1/1] (0.62ns)   --->   "%a_2 = sparsemux i32 @_ssdm_op_SparseMux.ap_auto.6i32.i32.i3, i3 0, i32 %step_data_0_0_2_load_read, i3 1, i32 %step_data_0_1_2_load_read, i3 2, i32 %step_data_0_2_2_load_read, i3 3, i32 %step_data_0_3_2_load_read, i3 4, i32 %step_data_0_4_2_load_read, i3 5, i32 %step_data_0_5_2_load_read, i32 0, i3 %i_1" [../src/riccati_solver_hls.cpp:383]   --->   Operation 95 'sparsemux' 'a_2' <Predicate = (!icmp_ln383)> <Delay = 0.62> <CoreInst = "BinarySparseMux_DontCare">   --->   Core 149 'BinarySparseMux_DontCare' <Latency = 0> <II = 1> <Delay = 0.62> <FuncUnit> <Opcode : 'sparsemux'> <InPorts = 2> <OutPorts = 1>
ST_1 : Operation 96 [1/1] (0.00ns)   --->   "%sext_ln159_7 = sext i32 %a_2" [../src/fp_math_hls.cpp:159->../src/riccati_solver_hls.cpp:395]   --->   Operation 96 'sext' 'sext_ln159_7' <Predicate = (!icmp_ln383)> <Delay = 0.00>
ST_1 : Operation 97 [4/4] (2.29ns)   --->   "%mul_ln395 = mul i45 %sext_ln159_7, i45 %sext_ln159_2_cast" [../src/riccati_solver_hls.cpp:395]   --->   Operation 97 'mul' 'mul_ln395' <Predicate = (!icmp_ln383)> <Delay = 2.29> <CoreInst = "Mul_DSP">   --->   Core 5 'Mul_DSP' <Latency = 3> <II = 1> <Delay = 2.29> <FuncUnit> <Opcode : 'mul'> <InPorts = 2> <OutPorts = 1>
ST_1 : Operation 98 [1/1] (0.62ns)   --->   "%a_3 = sparsemux i32 @_ssdm_op_SparseMux.ap_auto.6i32.i32.i3, i3 0, i32 %step_data_0_0_3_load_read, i3 1, i32 %step_data_0_1_3_load_read, i3 2, i32 %step_data_0_2_3_load_read, i3 3, i32 %step_data_0_3_3_load_read, i3 4, i32 %step_data_0_4_3_load_read, i3 5, i32 %step_data_0_5_3_load_read, i32 0, i3 %i_1" [../src/riccati_solver_hls.cpp:383]   --->   Operation 98 'sparsemux' 'a_3' <Predicate = (!icmp_ln383)> <Delay = 0.62> <CoreInst = "BinarySparseMux_DontCare">   --->   Core 149 'BinarySparseMux_DontCare' <Latency = 0> <II = 1> <Delay = 0.62> <FuncUnit> <Opcode : 'sparsemux'> <InPorts = 2> <OutPorts = 1>
ST_1 : Operation 99 [1/1] (0.00ns)   --->   "%sext_ln159_8 = sext i32 %a_3" [../src/fp_math_hls.cpp:159->../src/riccati_solver_hls.cpp:396]   --->   Operation 99 'sext' 'sext_ln159_8' <Predicate = (!icmp_ln383)> <Delay = 0.00>
ST_1 : Operation 100 [4/4] (2.29ns)   --->   "%mul_ln396 = mul i45 %sext_ln159_8, i45 %sext_ln159_3_cast" [../src/riccati_solver_hls.cpp:396]   --->   Operation 100 'mul' 'mul_ln396' <Predicate = (!icmp_ln383)> <Delay = 2.29> <CoreInst = "Mul_DSP">   --->   Core 5 'Mul_DSP' <Latency = 3> <II = 1> <Delay = 2.29> <FuncUnit> <Opcode : 'mul'> <InPorts = 2> <OutPorts = 1>
ST_1 : Operation 101 [1/1] (0.62ns)   --->   "%a_4 = sparsemux i32 @_ssdm_op_SparseMux.ap_auto.6i32.i32.i3, i3 0, i32 %step_data_0_0_4_load_read, i3 1, i32 %step_data_0_1_4_load_read, i3 2, i32 %step_data_0_2_4_load_read, i3 3, i32 %step_data_0_3_4_load_read, i3 4, i32 %step_data_0_4_4_load_read, i3 5, i32 %step_data_0_5_4_load_read, i32 0, i3 %i_1" [../src/riccati_solver_hls.cpp:383]   --->   Operation 101 'sparsemux' 'a_4' <Predicate = (!icmp_ln383)> <Delay = 0.62> <CoreInst = "BinarySparseMux_DontCare">   --->   Core 149 'BinarySparseMux_DontCare' <Latency = 0> <II = 1> <Delay = 0.62> <FuncUnit> <Opcode : 'sparsemux'> <InPorts = 2> <OutPorts = 1>
ST_1 : Operation 102 [1/1] (0.00ns)   --->   "%sext_ln159_9 = sext i32 %a_4" [../src/fp_math_hls.cpp:159->../src/riccati_solver_hls.cpp:397]   --->   Operation 102 'sext' 'sext_ln159_9' <Predicate = (!icmp_ln383)> <Delay = 0.00>
ST_1 : Operation 103 [4/4] (2.29ns)   --->   "%mul_ln397 = mul i45 %sext_ln159_9, i45 %sext_ln159_4_cast" [../src/riccati_solver_hls.cpp:397]   --->   Operation 103 'mul' 'mul_ln397' <Predicate = (!icmp_ln383)> <Delay = 2.29> <CoreInst = "Mul_DSP">   --->   Core 5 'Mul_DSP' <Latency = 3> <II = 1> <Delay = 2.29> <FuncUnit> <Opcode : 'mul'> <InPorts = 2> <OutPorts = 1>
ST_1 : Operation 104 [1/1] (0.62ns)   --->   "%a_5 = sparsemux i32 @_ssdm_op_SparseMux.ap_auto.6i32.i32.i3, i3 0, i32 %step_data_0_0_5_load_read, i3 1, i32 %step_data_0_1_5_load_read, i3 2, i32 %step_data_0_2_5_load_read, i3 3, i32 %step_data_0_3_5_load_read, i3 4, i32 %step_data_0_4_5_load_read, i3 5, i32 %step_data_0_5_5_load_read, i32 0, i3 %i_1" [../src/riccati_solver_hls.cpp:383]   --->   Operation 104 'sparsemux' 'a_5' <Predicate = (!icmp_ln383)> <Delay = 0.62> <CoreInst = "BinarySparseMux_DontCare">   --->   Core 149 'BinarySparseMux_DontCare' <Latency = 0> <II = 1> <Delay = 0.62> <FuncUnit> <Opcode : 'sparsemux'> <InPorts = 2> <OutPorts = 1>
ST_1 : Operation 105 [1/1] (0.00ns)   --->   "%sext_ln159_10 = sext i32 %a_5" [../src/fp_math_hls.cpp:159->../src/riccati_solver_hls.cpp:398]   --->   Operation 105 'sext' 'sext_ln159_10' <Predicate = (!icmp_ln383)> <Delay = 0.00>
ST_1 : Operation 106 [4/4] (2.29ns)   --->   "%mul_ln398 = mul i45 %sext_ln159_10, i45 %sext_ln406_cast" [../src/riccati_solver_hls.cpp:398]   --->   Operation 106 'mul' 'mul_ln398' <Predicate = (!icmp_ln383)> <Delay = 2.29> <CoreInst = "Mul_DSP">   --->   Core 5 'Mul_DSP' <Latency = 3> <II = 1> <Delay = 2.29> <FuncUnit> <Opcode : 'mul'> <InPorts = 2> <OutPorts = 1>
ST_1 : Operation 107 [4/4] (2.29ns)   --->   "%mul_ln405 = mul i45 %sext_ln159_11_cast, i45 %sext_ln420_cast" [../src/riccati_solver_hls.cpp:405]   --->   Operation 107 'mul' 'mul_ln405' <Predicate = (!icmp_ln383)> <Delay = 2.29> <CoreInst = "Mul_DSP">   --->   Core 5 'Mul_DSP' <Latency = 3> <II = 1> <Delay = 2.29> <FuncUnit> <Opcode : 'mul'> <InPorts = 2> <OutPorts = 1>
ST_1 : Operation 108 [4/4] (2.29ns)   --->   "%mul_ln408 = mul i45 %sext_ln159_12_cast, i45 %sext_ln420_cast" [../src/riccati_solver_hls.cpp:408]   --->   Operation 108 'mul' 'mul_ln408' <Predicate = (!icmp_ln383)> <Delay = 2.29> <CoreInst = "Mul_DSP">   --->   Core 5 'Mul_DSP' <Latency = 3> <II = 1> <Delay = 2.29> <FuncUnit> <Opcode : 'mul'> <InPorts = 2> <OutPorts = 1>
ST_1 : Operation 109 [4/4] (2.29ns)   --->   "%mul_ln411 = mul i45 %sext_ln159_13_cast, i45 %sext_ln420_cast" [../src/riccati_solver_hls.cpp:411]   --->   Operation 109 'mul' 'mul_ln411' <Predicate = (!icmp_ln383)> <Delay = 2.29> <CoreInst = "Mul_DSP">   --->   Core 5 'Mul_DSP' <Latency = 3> <II = 1> <Delay = 2.29> <FuncUnit> <Opcode : 'mul'> <InPorts = 2> <OutPorts = 1>
ST_1 : Operation 110 [4/4] (2.29ns)   --->   "%mul_ln414 = mul i45 %sext_ln159_14_cast, i45 %sext_ln420_1_cast" [../src/riccati_solver_hls.cpp:414]   --->   Operation 110 'mul' 'mul_ln414' <Predicate = (!icmp_ln383)> <Delay = 2.29> <CoreInst = "Mul_DSP">   --->   Core 5 'Mul_DSP' <Latency = 3> <II = 1> <Delay = 2.29> <FuncUnit> <Opcode : 'mul'> <InPorts = 2> <OutPorts = 1>
ST_1 : Operation 111 [1/1] (0.67ns)   --->   "%switch_ln420 = switch i3 %i_1, void %arrayidx30873118.case.5, i3 0, void %arrayidx30873118.case.0, i3 1, void %arrayidx30873118.case.1, i3 2, void %arrayidx30873118.case.2, i3 3, void %arrayidx30873118.case.3, i3 4, void %arrayidx30873118.case.4" [../src/riccati_solver_hls.cpp:420]   --->   Operation 111 'switch' 'switch_ln420' <Predicate = (!icmp_ln383)> <Delay = 0.67>
ST_1 : Operation 112 [1/1] (0.42ns)   --->   "%store_ln323 = store i3 %add_ln383, i3 %i" [../src/riccati_solver_hls.cpp:323]   --->   Operation 112 'store' 'store_ln323' <Predicate = (!icmp_ln383)> <Delay = 0.42>
ST_1 : Operation 113 [1/1] (0.00ns)   --->   "%br_ln383 = br void %for.body182" [../src/riccati_solver_hls.cpp:383]   --->   Operation 113 'br' 'br_ln383' <Predicate = (!icmp_ln383)> <Delay = 0.00>

State 2 <SV = 1> <Delay = 2.29>
ST_2 : Operation 114 [3/4] (2.29ns)   --->   "%mul_ln393 = mul i45 %sext_ln159_5, i45 %sext_ln159_cast" [../src/riccati_solver_hls.cpp:393]   --->   Operation 114 'mul' 'mul_ln393' <Predicate = true> <Delay = 2.29> <CoreInst = "Mul_DSP">   --->   Core 5 'Mul_DSP' <Latency = 3> <II = 1> <Delay = 2.29> <FuncUnit> <Opcode : 'mul'> <InPorts = 2> <OutPorts = 1>
ST_2 : Operation 115 [3/4] (2.29ns)   --->   "%mul_ln394 = mul i45 %sext_ln159_6, i45 %sext_ln159_1_cast" [../src/riccati_solver_hls.cpp:394]   --->   Operation 115 'mul' 'mul_ln394' <Predicate = true> <Delay = 2.29> <CoreInst = "Mul_DSP">   --->   Core 5 'Mul_DSP' <Latency = 3> <II = 1> <Delay = 2.29> <FuncUnit> <Opcode : 'mul'> <InPorts = 2> <OutPorts = 1>
ST_2 : Operation 116 [3/4] (2.29ns)   --->   "%mul_ln395 = mul i45 %sext_ln159_7, i45 %sext_ln159_2_cast" [../src/riccati_solver_hls.cpp:395]   --->   Operation 116 'mul' 'mul_ln395' <Predicate = true> <Delay = 2.29> <CoreInst = "Mul_DSP">   --->   Core 5 'Mul_DSP' <Latency = 3> <II = 1> <Delay = 2.29> <FuncUnit> <Opcode : 'mul'> <InPorts = 2> <OutPorts = 1>
ST_2 : Operation 117 [3/4] (2.29ns)   --->   "%mul_ln396 = mul i45 %sext_ln159_8, i45 %sext_ln159_3_cast" [../src/riccati_solver_hls.cpp:396]   --->   Operation 117 'mul' 'mul_ln396' <Predicate = true> <Delay = 2.29> <CoreInst = "Mul_DSP">   --->   Core 5 'Mul_DSP' <Latency = 3> <II = 1> <Delay = 2.29> <FuncUnit> <Opcode : 'mul'> <InPorts = 2> <OutPorts = 1>
ST_2 : Operation 118 [3/4] (2.29ns)   --->   "%mul_ln397 = mul i45 %sext_ln159_9, i45 %sext_ln159_4_cast" [../src/riccati_solver_hls.cpp:397]   --->   Operation 118 'mul' 'mul_ln397' <Predicate = true> <Delay = 2.29> <CoreInst = "Mul_DSP">   --->   Core 5 'Mul_DSP' <Latency = 3> <II = 1> <Delay = 2.29> <FuncUnit> <Opcode : 'mul'> <InPorts = 2> <OutPorts = 1>
ST_2 : Operation 119 [3/4] (2.29ns)   --->   "%mul_ln398 = mul i45 %sext_ln159_10, i45 %sext_ln406_cast" [../src/riccati_solver_hls.cpp:398]   --->   Operation 119 'mul' 'mul_ln398' <Predicate = true> <Delay = 2.29> <CoreInst = "Mul_DSP">   --->   Core 5 'Mul_DSP' <Latency = 3> <II = 1> <Delay = 2.29> <FuncUnit> <Opcode : 'mul'> <InPorts = 2> <OutPorts = 1>
ST_2 : Operation 120 [3/4] (2.29ns)   --->   "%mul_ln405 = mul i45 %sext_ln159_11_cast, i45 %sext_ln420_cast" [../src/riccati_solver_hls.cpp:405]   --->   Operation 120 'mul' 'mul_ln405' <Predicate = true> <Delay = 2.29> <CoreInst = "Mul_DSP">   --->   Core 5 'Mul_DSP' <Latency = 3> <II = 1> <Delay = 2.29> <FuncUnit> <Opcode : 'mul'> <InPorts = 2> <OutPorts = 1>
ST_2 : Operation 121 [3/4] (2.29ns)   --->   "%mul_ln408 = mul i45 %sext_ln159_12_cast, i45 %sext_ln420_cast" [../src/riccati_solver_hls.cpp:408]   --->   Operation 121 'mul' 'mul_ln408' <Predicate = true> <Delay = 2.29> <CoreInst = "Mul_DSP">   --->   Core 5 'Mul_DSP' <Latency = 3> <II = 1> <Delay = 2.29> <FuncUnit> <Opcode : 'mul'> <InPorts = 2> <OutPorts = 1>
ST_2 : Operation 122 [3/4] (2.29ns)   --->   "%mul_ln411 = mul i45 %sext_ln159_13_cast, i45 %sext_ln420_cast" [../src/riccati_solver_hls.cpp:411]   --->   Operation 122 'mul' 'mul_ln411' <Predicate = true> <Delay = 2.29> <CoreInst = "Mul_DSP">   --->   Core 5 'Mul_DSP' <Latency = 3> <II = 1> <Delay = 2.29> <FuncUnit> <Opcode : 'mul'> <InPorts = 2> <OutPorts = 1>
ST_2 : Operation 123 [3/4] (2.29ns)   --->   "%mul_ln414 = mul i45 %sext_ln159_14_cast, i45 %sext_ln420_1_cast" [../src/riccati_solver_hls.cpp:414]   --->   Operation 123 'mul' 'mul_ln414' <Predicate = true> <Delay = 2.29> <CoreInst = "Mul_DSP">   --->   Core 5 'Mul_DSP' <Latency = 3> <II = 1> <Delay = 2.29> <FuncUnit> <Opcode : 'mul'> <InPorts = 2> <OutPorts = 1>

State 3 <SV = 2> <Delay = 2.29>
ST_3 : Operation 124 [2/4] (2.29ns)   --->   "%mul_ln393 = mul i45 %sext_ln159_5, i45 %sext_ln159_cast" [../src/riccati_solver_hls.cpp:393]   --->   Operation 124 'mul' 'mul_ln393' <Predicate = true> <Delay = 2.29> <CoreInst = "Mul_DSP">   --->   Core 5 'Mul_DSP' <Latency = 3> <II = 1> <Delay = 2.29> <FuncUnit> <Opcode : 'mul'> <InPorts = 2> <OutPorts = 1>
ST_3 : Operation 125 [2/4] (2.29ns)   --->   "%mul_ln394 = mul i45 %sext_ln159_6, i45 %sext_ln159_1_cast" [../src/riccati_solver_hls.cpp:394]   --->   Operation 125 'mul' 'mul_ln394' <Predicate = true> <Delay = 2.29> <CoreInst = "Mul_DSP">   --->   Core 5 'Mul_DSP' <Latency = 3> <II = 1> <Delay = 2.29> <FuncUnit> <Opcode : 'mul'> <InPorts = 2> <OutPorts = 1>
ST_3 : Operation 126 [2/4] (2.29ns)   --->   "%mul_ln395 = mul i45 %sext_ln159_7, i45 %sext_ln159_2_cast" [../src/riccati_solver_hls.cpp:395]   --->   Operation 126 'mul' 'mul_ln395' <Predicate = true> <Delay = 2.29> <CoreInst = "Mul_DSP">   --->   Core 5 'Mul_DSP' <Latency = 3> <II = 1> <Delay = 2.29> <FuncUnit> <Opcode : 'mul'> <InPorts = 2> <OutPorts = 1>
ST_3 : Operation 127 [2/4] (2.29ns)   --->   "%mul_ln396 = mul i45 %sext_ln159_8, i45 %sext_ln159_3_cast" [../src/riccati_solver_hls.cpp:396]   --->   Operation 127 'mul' 'mul_ln396' <Predicate = true> <Delay = 2.29> <CoreInst = "Mul_DSP">   --->   Core 5 'Mul_DSP' <Latency = 3> <II = 1> <Delay = 2.29> <FuncUnit> <Opcode : 'mul'> <InPorts = 2> <OutPorts = 1>
ST_3 : Operation 128 [2/4] (2.29ns)   --->   "%mul_ln397 = mul i45 %sext_ln159_9, i45 %sext_ln159_4_cast" [../src/riccati_solver_hls.cpp:397]   --->   Operation 128 'mul' 'mul_ln397' <Predicate = true> <Delay = 2.29> <CoreInst = "Mul_DSP">   --->   Core 5 'Mul_DSP' <Latency = 3> <II = 1> <Delay = 2.29> <FuncUnit> <Opcode : 'mul'> <InPorts = 2> <OutPorts = 1>
ST_3 : Operation 129 [2/4] (2.29ns)   --->   "%mul_ln398 = mul i45 %sext_ln159_10, i45 %sext_ln406_cast" [../src/riccati_solver_hls.cpp:398]   --->   Operation 129 'mul' 'mul_ln398' <Predicate = true> <Delay = 2.29> <CoreInst = "Mul_DSP">   --->   Core 5 'Mul_DSP' <Latency = 3> <II = 1> <Delay = 2.29> <FuncUnit> <Opcode : 'mul'> <InPorts = 2> <OutPorts = 1>
ST_3 : Operation 130 [2/4] (2.29ns)   --->   "%mul_ln405 = mul i45 %sext_ln159_11_cast, i45 %sext_ln420_cast" [../src/riccati_solver_hls.cpp:405]   --->   Operation 130 'mul' 'mul_ln405' <Predicate = true> <Delay = 2.29> <CoreInst = "Mul_DSP">   --->   Core 5 'Mul_DSP' <Latency = 3> <II = 1> <Delay = 2.29> <FuncUnit> <Opcode : 'mul'> <InPorts = 2> <OutPorts = 1>
ST_3 : Operation 131 [2/4] (2.29ns)   --->   "%mul_ln408 = mul i45 %sext_ln159_12_cast, i45 %sext_ln420_cast" [../src/riccati_solver_hls.cpp:408]   --->   Operation 131 'mul' 'mul_ln408' <Predicate = true> <Delay = 2.29> <CoreInst = "Mul_DSP">   --->   Core 5 'Mul_DSP' <Latency = 3> <II = 1> <Delay = 2.29> <FuncUnit> <Opcode : 'mul'> <InPorts = 2> <OutPorts = 1>
ST_3 : Operation 132 [2/4] (2.29ns)   --->   "%mul_ln411 = mul i45 %sext_ln159_13_cast, i45 %sext_ln420_cast" [../src/riccati_solver_hls.cpp:411]   --->   Operation 132 'mul' 'mul_ln411' <Predicate = true> <Delay = 2.29> <CoreInst = "Mul_DSP">   --->   Core 5 'Mul_DSP' <Latency = 3> <II = 1> <Delay = 2.29> <FuncUnit> <Opcode : 'mul'> <InPorts = 2> <OutPorts = 1>
ST_3 : Operation 133 [2/4] (2.29ns)   --->   "%mul_ln414 = mul i45 %sext_ln159_14_cast, i45 %sext_ln420_1_cast" [../src/riccati_solver_hls.cpp:414]   --->   Operation 133 'mul' 'mul_ln414' <Predicate = true> <Delay = 2.29> <CoreInst = "Mul_DSP">   --->   Core 5 'Mul_DSP' <Latency = 3> <II = 1> <Delay = 2.29> <FuncUnit> <Opcode : 'mul'> <InPorts = 2> <OutPorts = 1>

State 4 <SV = 3> <Delay = 4.12>
ST_4 : Operation 134 [1/1] (0.67ns)   --->   "%icmp_ln386 = icmp_eq  i3 %i_1, i3 1" [../src/riccati_solver_hls.cpp:386]   --->   Operation 134 'icmp' 'icmp_ln386' <Predicate = true> <Delay = 0.67> <CoreInst = "Cmp">   --->   Core 9 'Cmp' <Latency = 0> <II = 1> <Delay = 0.67> <FuncUnit> <Opcode : 'seteq' 'setne' 'setle' 'setge' 'setlt' 'setgt'> <InPorts = 2> <OutPorts = 1>
ST_4 : Operation 135 [1/1] (0.67ns)   --->   "%icmp_ln387 = icmp_eq  i3 %i_1, i3 2" [../src/riccati_solver_hls.cpp:387]   --->   Operation 135 'icmp' 'icmp_ln387' <Predicate = true> <Delay = 0.67> <CoreInst = "Cmp">   --->   Core 9 'Cmp' <Latency = 0> <II = 1> <Delay = 0.67> <FuncUnit> <Opcode : 'seteq' 'setne' 'setle' 'setge' 'setlt' 'setgt'> <InPorts = 2> <OutPorts = 1>
ST_4 : Operation 136 [1/1] (0.28ns)   --->   "%xor_ln386 = xor i1 %icmp_ln386, i1 1" [../src/riccati_solver_hls.cpp:386]   --->   Operation 136 'xor' 'xor_ln386' <Predicate = true> <Delay = 0.28> <CoreInst = "LogicGate">   --->   Core 74 'LogicGate' <Latency = 0> <II = 1> <Delay = 0.28> <FuncUnit> <Opcode : 'and' 'or' 'xor'> <InPorts = 2> <OutPorts = 1>
ST_4 : Operation 137 [1/1] (0.28ns)   --->   "%and_ln387 = and i1 %icmp_ln387, i1 %xor_ln386" [../src/riccati_solver_hls.cpp:387]   --->   Operation 137 'and' 'and_ln387' <Predicate = true> <Delay = 0.28> <CoreInst = "LogicGate">   --->   Core 74 'LogicGate' <Latency = 0> <II = 1> <Delay = 0.28> <FuncUnit> <Opcode : 'and' 'or' 'xor'> <InPorts = 2> <OutPorts = 1>
ST_4 : Operation 138 [1/1] (0.67ns)   --->   "%icmp_ln387_1 = icmp_eq  i3 %i_1, i3 3" [../src/riccati_solver_hls.cpp:387]   --->   Operation 138 'icmp' 'icmp_ln387_1' <Predicate = true> <Delay = 0.67> <CoreInst = "Cmp">   --->   Core 9 'Cmp' <Latency = 0> <II = 1> <Delay = 0.67> <FuncUnit> <Opcode : 'seteq' 'setne' 'setle' 'setge' 'setlt' 'setgt'> <InPorts = 2> <OutPorts = 1>
ST_4 : Operation 139 [1/1] (0.28ns)   --->   "%and_ln387_1 = and i1 %icmp_ln387_1, i1 %xor_ln386" [../src/riccati_solver_hls.cpp:387]   --->   Operation 139 'and' 'and_ln387_1' <Predicate = true> <Delay = 0.28> <CoreInst = "LogicGate">   --->   Core 74 'LogicGate' <Latency = 0> <II = 1> <Delay = 0.28> <FuncUnit> <Opcode : 'and' 'or' 'xor'> <InPorts = 2> <OutPorts = 1>
ST_4 : Operation 140 [1/1] (0.67ns)   --->   "%icmp_ln387_2 = icmp_eq  i3 %i_1, i3 4" [../src/riccati_solver_hls.cpp:387]   --->   Operation 140 'icmp' 'icmp_ln387_2' <Predicate = true> <Delay = 0.67> <CoreInst = "Cmp">   --->   Core 9 'Cmp' <Latency = 0> <II = 1> <Delay = 0.67> <FuncUnit> <Opcode : 'seteq' 'setne' 'setle' 'setge' 'setlt' 'setgt'> <InPorts = 2> <OutPorts = 1>
ST_4 : Operation 141 [1/1] (0.28ns)   --->   "%and_ln387_2 = and i1 %icmp_ln387_2, i1 %xor_ln386" [../src/riccati_solver_hls.cpp:387]   --->   Operation 141 'and' 'and_ln387_2' <Predicate = true> <Delay = 0.28> <CoreInst = "LogicGate">   --->   Core 74 'LogicGate' <Latency = 0> <II = 1> <Delay = 0.28> <FuncUnit> <Opcode : 'and' 'or' 'xor'> <InPorts = 2> <OutPorts = 1>
ST_4 : Operation 142 [1/1] (0.67ns)   --->   "%icmp_ln387_3 = icmp_eq  i3 %i_1, i3 5" [../src/riccati_solver_hls.cpp:387]   --->   Operation 142 'icmp' 'icmp_ln387_3' <Predicate = true> <Delay = 0.67> <CoreInst = "Cmp">   --->   Core 9 'Cmp' <Latency = 0> <II = 1> <Delay = 0.67> <FuncUnit> <Opcode : 'seteq' 'setne' 'setle' 'setge' 'setlt' 'setgt'> <InPorts = 2> <OutPorts = 1>
ST_4 : Operation 143 [1/1] (0.28ns)   --->   "%and_ln387_3 = and i1 %icmp_ln387_3, i1 %xor_ln386" [../src/riccati_solver_hls.cpp:387]   --->   Operation 143 'and' 'and_ln387_3' <Predicate = true> <Delay = 0.28> <CoreInst = "LogicGate">   --->   Core 74 'LogicGate' <Latency = 0> <II = 1> <Delay = 0.28> <FuncUnit> <Opcode : 'and' 'or' 'xor'> <InPorts = 2> <OutPorts = 1>
ST_4 : Operation 144 [1/1] (0.00ns)   --->   "%sel_tmp = bitconcatenate i5 @_ssdm_op_BitConcatenate.i5.i1.i1.i1.i1.i1, i1 %icmp_ln386, i1 %and_ln387, i1 %and_ln387_1, i1 %and_ln387_2, i1 %and_ln387_3" [../src/riccati_solver_hls.cpp:386]   --->   Operation 144 'bitconcatenate' 'sel_tmp' <Predicate = true> <Delay = 0.00>
ST_4 : Operation 145 [1/1] (0.57ns)   --->   "%d_i = sparsemux i27 @_ssdm_op_SparseMux.ap_auto.6i27.i27.i5, i5 16, i27 %tmp_5, i5 8, i27 %tmp_4, i5 4, i27 %tmp_3, i5 2, i27 %tmp_2, i5 1, i27 %tmp_1, i5 0, i27 %tmp, i27 0, i5 %sel_tmp" [../src/riccati_solver_hls.cpp:386]   --->   Operation 145 'sparsemux' 'd_i' <Predicate = true> <Delay = 0.57> <CoreInst = "OneHotSparseMux_HasDef">   --->   Core 152 'OneHotSparseMux_HasDef' <Latency = 0> <II = 1> <Delay = 0.57> <FuncUnit> <Opcode : 'sparsemux'> <InPorts = 2> <OutPorts = 1>
ST_4 : Operation 146 [1/4] (2.29ns)   --->   "%mul_ln393 = mul i45 %sext_ln159_5, i45 %sext_ln159_cast" [../src/riccati_solver_hls.cpp:393]   --->   Operation 146 'mul' 'mul_ln393' <Predicate = true> <Delay = 2.29> <CoreInst = "Mul_DSP">   --->   Core 5 'Mul_DSP' <Latency = 3> <II = 1> <Delay = 2.29> <FuncUnit> <Opcode : 'mul'> <InPorts = 2> <OutPorts = 1>
ST_4 : Operation 147 [1/1] (0.00ns)   --->   "%specfucore_ln160 = specfucore void @_ssdm_op_SpecFUCore, i45 %mul_ln393, i64 12, i64 3, i64 3, i1 0" [../src/fp_math_hls.cpp:160->../src/riccati_solver_hls.cpp:393]   --->   Operation 147 'specfucore' 'specfucore_ln160' <Predicate = true> <Delay = 0.00>
ST_4 : Operation 148 [1/4] (2.29ns)   --->   "%mul_ln394 = mul i45 %sext_ln159_6, i45 %sext_ln159_1_cast" [../src/riccati_solver_hls.cpp:394]   --->   Operation 148 'mul' 'mul_ln394' <Predicate = true> <Delay = 2.29> <CoreInst = "Mul_DSP">   --->   Core 5 'Mul_DSP' <Latency = 3> <II = 1> <Delay = 2.29> <FuncUnit> <Opcode : 'mul'> <InPorts = 2> <OutPorts = 1>
ST_4 : Operation 149 [1/1] (0.00ns)   --->   "%specfucore_ln160 = specfucore void @_ssdm_op_SpecFUCore, i45 %mul_ln394, i64 12, i64 3, i64 3, i1 0" [../src/fp_math_hls.cpp:160->../src/riccati_solver_hls.cpp:394]   --->   Operation 149 'specfucore' 'specfucore_ln160' <Predicate = true> <Delay = 0.00>
ST_4 : Operation 150 [1/4] (2.29ns)   --->   "%mul_ln395 = mul i45 %sext_ln159_7, i45 %sext_ln159_2_cast" [../src/riccati_solver_hls.cpp:395]   --->   Operation 150 'mul' 'mul_ln395' <Predicate = true> <Delay = 2.29> <CoreInst = "Mul_DSP">   --->   Core 5 'Mul_DSP' <Latency = 3> <II = 1> <Delay = 2.29> <FuncUnit> <Opcode : 'mul'> <InPorts = 2> <OutPorts = 1>
ST_4 : Operation 151 [1/1] (0.00ns)   --->   "%specfucore_ln160 = specfucore void @_ssdm_op_SpecFUCore, i45 %mul_ln395, i64 12, i64 3, i64 3, i1 0" [../src/fp_math_hls.cpp:160->../src/riccati_solver_hls.cpp:395]   --->   Operation 151 'specfucore' 'specfucore_ln160' <Predicate = true> <Delay = 0.00>
ST_4 : Operation 152 [1/4] (2.29ns)   --->   "%mul_ln396 = mul i45 %sext_ln159_8, i45 %sext_ln159_3_cast" [../src/riccati_solver_hls.cpp:396]   --->   Operation 152 'mul' 'mul_ln396' <Predicate = true> <Delay = 2.29> <CoreInst = "Mul_DSP">   --->   Core 5 'Mul_DSP' <Latency = 3> <II = 1> <Delay = 2.29> <FuncUnit> <Opcode : 'mul'> <InPorts = 2> <OutPorts = 1>
ST_4 : Operation 153 [1/1] (0.00ns)   --->   "%specfucore_ln160 = specfucore void @_ssdm_op_SpecFUCore, i45 %mul_ln396, i64 12, i64 3, i64 3, i1 0" [../src/fp_math_hls.cpp:160->../src/riccati_solver_hls.cpp:396]   --->   Operation 153 'specfucore' 'specfucore_ln160' <Predicate = true> <Delay = 0.00>
ST_4 : Operation 154 [1/4] (2.29ns)   --->   "%mul_ln397 = mul i45 %sext_ln159_9, i45 %sext_ln159_4_cast" [../src/riccati_solver_hls.cpp:397]   --->   Operation 154 'mul' 'mul_ln397' <Predicate = true> <Delay = 2.29> <CoreInst = "Mul_DSP">   --->   Core 5 'Mul_DSP' <Latency = 3> <II = 1> <Delay = 2.29> <FuncUnit> <Opcode : 'mul'> <InPorts = 2> <OutPorts = 1>
ST_4 : Operation 155 [1/1] (0.00ns)   --->   "%specfucore_ln160 = specfucore void @_ssdm_op_SpecFUCore, i45 %mul_ln397, i64 12, i64 3, i64 3, i1 0" [../src/fp_math_hls.cpp:160->../src/riccati_solver_hls.cpp:397]   --->   Operation 155 'specfucore' 'specfucore_ln160' <Predicate = true> <Delay = 0.00>
ST_4 : Operation 156 [1/4] (2.29ns)   --->   "%mul_ln398 = mul i45 %sext_ln159_10, i45 %sext_ln406_cast" [../src/riccati_solver_hls.cpp:398]   --->   Operation 156 'mul' 'mul_ln398' <Predicate = true> <Delay = 2.29> <CoreInst = "Mul_DSP">   --->   Core 5 'Mul_DSP' <Latency = 3> <II = 1> <Delay = 2.29> <FuncUnit> <Opcode : 'mul'> <InPorts = 2> <OutPorts = 1>
ST_4 : Operation 157 [1/1] (0.00ns)   --->   "%specfucore_ln160 = specfucore void @_ssdm_op_SpecFUCore, i45 %mul_ln398, i64 12, i64 3, i64 3, i1 0" [../src/fp_math_hls.cpp:160->../src/riccati_solver_hls.cpp:398]   --->   Operation 157 'specfucore' 'specfucore_ln160' <Predicate = true> <Delay = 0.00>
ST_4 : Operation 158 [1/1] (1.83ns)   --->   "%ax_sum = call i45 @sum6_QP_raw, i45 %mul_ln393, i45 %mul_ln394, i45 %mul_ln395, i45 %mul_ln396, i45 %mul_ln397, i45 %mul_ln398" [../src/riccati_solver_hls.cpp:392]   --->   Operation 158 'call' 'ax_sum' <Predicate = (!icmp_ln383)> <Delay = 1.83> <CoreType = "Generic">   --->   Generic Core
ST_4 : Operation 159 [1/4] (2.29ns)   --->   "%mul_ln405 = mul i45 %sext_ln159_11_cast, i45 %sext_ln420_cast" [../src/riccati_solver_hls.cpp:405]   --->   Operation 159 'mul' 'mul_ln405' <Predicate = true> <Delay = 2.29> <CoreInst = "Mul_DSP">   --->   Core 5 'Mul_DSP' <Latency = 3> <II = 1> <Delay = 2.29> <FuncUnit> <Opcode : 'mul'> <InPorts = 2> <OutPorts = 1>
ST_4 : Operation 160 [1/1] (0.00ns)   --->   "%specfucore_ln160 = specfucore void @_ssdm_op_SpecFUCore, i45 %mul_ln405, i64 12, i64 3, i64 3, i1 0" [../src/fp_math_hls.cpp:160->../src/riccati_solver_hls.cpp:405]   --->   Operation 160 'specfucore' 'specfucore_ln160' <Predicate = true> <Delay = 0.00>
ST_4 : Operation 161 [1/4] (2.29ns)   --->   "%mul_ln408 = mul i45 %sext_ln159_12_cast, i45 %sext_ln420_cast" [../src/riccati_solver_hls.cpp:408]   --->   Operation 161 'mul' 'mul_ln408' <Predicate = true> <Delay = 2.29> <CoreInst = "Mul_DSP">   --->   Core 5 'Mul_DSP' <Latency = 3> <II = 1> <Delay = 2.29> <FuncUnit> <Opcode : 'mul'> <InPorts = 2> <OutPorts = 1>
ST_4 : Operation 162 [1/1] (0.00ns)   --->   "%specfucore_ln160 = specfucore void @_ssdm_op_SpecFUCore, i45 %mul_ln408, i64 12, i64 3, i64 3, i1 0" [../src/fp_math_hls.cpp:160->../src/riccati_solver_hls.cpp:408]   --->   Operation 162 'specfucore' 'specfucore_ln160' <Predicate = true> <Delay = 0.00>
ST_4 : Operation 163 [1/4] (2.29ns)   --->   "%mul_ln411 = mul i45 %sext_ln159_13_cast, i45 %sext_ln420_cast" [../src/riccati_solver_hls.cpp:411]   --->   Operation 163 'mul' 'mul_ln411' <Predicate = true> <Delay = 2.29> <CoreInst = "Mul_DSP">   --->   Core 5 'Mul_DSP' <Latency = 3> <II = 1> <Delay = 2.29> <FuncUnit> <Opcode : 'mul'> <InPorts = 2> <OutPorts = 1>
ST_4 : Operation 164 [1/1] (0.00ns)   --->   "%specfucore_ln160 = specfucore void @_ssdm_op_SpecFUCore, i45 %mul_ln411, i64 12, i64 3, i64 3, i1 0" [../src/fp_math_hls.cpp:160->../src/riccati_solver_hls.cpp:411]   --->   Operation 164 'specfucore' 'specfucore_ln160' <Predicate = true> <Delay = 0.00>
ST_4 : Operation 165 [1/4] (2.29ns)   --->   "%mul_ln414 = mul i45 %sext_ln159_14_cast, i45 %sext_ln420_1_cast" [../src/riccati_solver_hls.cpp:414]   --->   Operation 165 'mul' 'mul_ln414' <Predicate = true> <Delay = 2.29> <CoreInst = "Mul_DSP">   --->   Core 5 'Mul_DSP' <Latency = 3> <II = 1> <Delay = 2.29> <FuncUnit> <Opcode : 'mul'> <InPorts = 2> <OutPorts = 1>
ST_4 : Operation 166 [1/1] (0.00ns)   --->   "%specfucore_ln160 = specfucore void @_ssdm_op_SpecFUCore, i45 %mul_ln414, i64 12, i64 3, i64 3, i1 0" [../src/fp_math_hls.cpp:160->../src/riccati_solver_hls.cpp:414]   --->   Operation 166 'specfucore' 'specfucore_ln160' <Predicate = true> <Delay = 0.00>
ST_4 : Operation 218 [1/1] (0.42ns)   --->   "%ret_ln0 = ret"   --->   Operation 218 'ret' 'ret_ln0' <Predicate = (icmp_ln383)> <Delay = 0.42>

State 5 <SV = 4> <Delay = 3.34>
ST_5 : Operation 167 [1/1] (0.00ns)   --->   "%x_out_0_addr = getelementptr i32 %x_out_0, i64 0, i64 %zext_ln409_cast" [../src/riccati_solver_hls.cpp:420]   --->   Operation 167 'getelementptr' 'x_out_0_addr' <Predicate = true> <Delay = 0.00>
ST_5 : Operation 168 [1/1] (0.00ns)   --->   "%x_out_1_addr = getelementptr i32 %x_out_1, i64 0, i64 %zext_ln409_cast" [../src/riccati_solver_hls.cpp:420]   --->   Operation 168 'getelementptr' 'x_out_1_addr' <Predicate = true> <Delay = 0.00>
ST_5 : Operation 169 [1/1] (0.00ns)   --->   "%x_out_2_addr = getelementptr i32 %x_out_2, i64 0, i64 %zext_ln409_cast" [../src/riccati_solver_hls.cpp:420]   --->   Operation 169 'getelementptr' 'x_out_2_addr' <Predicate = true> <Delay = 0.00>
ST_5 : Operation 170 [1/1] (0.00ns)   --->   "%x_out_3_addr = getelementptr i32 %x_out_3, i64 0, i64 %zext_ln409_cast" [../src/riccati_solver_hls.cpp:420]   --->   Operation 170 'getelementptr' 'x_out_3_addr' <Predicate = true> <Delay = 0.00>
ST_5 : Operation 171 [1/1] (0.00ns)   --->   "%x_out_4_addr = getelementptr i32 %x_out_4, i64 0, i64 %zext_ln409_cast" [../src/riccati_solver_hls.cpp:420]   --->   Operation 171 'getelementptr' 'x_out_4_addr' <Predicate = true> <Delay = 0.00>
ST_5 : Operation 172 [1/1] (0.00ns)   --->   "%x_out_5_addr = getelementptr i32 %x_out_5, i64 0, i64 %zext_ln409_cast" [../src/riccati_solver_hls.cpp:420]   --->   Operation 172 'getelementptr' 'x_out_5_addr' <Predicate = true> <Delay = 0.00>
ST_5 : Operation 173 [1/1] (0.00ns)   --->   "%specpipeline_ln384 = specpipeline void @_ssdm_op_SpecPipeline, i32 1, i32 0, i32 0, i32 0, i32 4294967295, void @empty_485" [../src/riccati_solver_hls.cpp:384]   --->   Operation 173 'specpipeline' 'specpipeline_ln384' <Predicate = true> <Delay = 0.00>
ST_5 : Operation 174 [1/1] (0.00ns)   --->   "%speclooptripcount_ln385 = speclooptripcount void @_ssdm_op_SpecLoopTripCount, i64 6, i64 6, i64 6" [../src/riccati_solver_hls.cpp:385]   --->   Operation 174 'speclooptripcount' 'speclooptripcount_ln385' <Predicate = true> <Delay = 0.00>
ST_5 : Operation 175 [1/1] (0.00ns)   --->   "%specloopname_ln383 = specloopname void @_ssdm_op_SpecLoopName, void @empty_517" [../src/riccati_solver_hls.cpp:383]   --->   Operation 175 'specloopname' 'specloopname_ln383' <Predicate = true> <Delay = 0.00>
ST_5 : Operation 176 [1/1] (0.00ns)   --->   "%rbegin = specregionbegin i32 @_ssdm_op_SpecRegionBegin, void @empty_424" [../src/fp_math_hls.cpp:159->../src/riccati_solver_hls.cpp:393]   --->   Operation 176 'specregionbegin' 'rbegin' <Predicate = true> <Delay = 0.00>
ST_5 : Operation 177 [1/1] (0.00ns)   --->   "%rend42 = specregionend i32 @_ssdm_op_SpecRegionEnd, void @empty_424, i32 %rbegin" [../src/fp_math_hls.cpp:159->../src/riccati_solver_hls.cpp:393]   --->   Operation 177 'specregionend' 'rend42' <Predicate = true> <Delay = 0.00>
ST_5 : Operation 178 [1/1] (0.00ns)   --->   "%rbegin1 = specregionbegin i32 @_ssdm_op_SpecRegionBegin, void @empty_423" [../src/fp_math_hls.cpp:159->../src/riccati_solver_hls.cpp:394]   --->   Operation 178 'specregionbegin' 'rbegin1' <Predicate = true> <Delay = 0.00>
ST_5 : Operation 179 [1/1] (0.00ns)   --->   "%rend40 = specregionend i32 @_ssdm_op_SpecRegionEnd, void @empty_423, i32 %rbegin1" [../src/fp_math_hls.cpp:159->../src/riccati_solver_hls.cpp:394]   --->   Operation 179 'specregionend' 'rend40' <Predicate = true> <Delay = 0.00>
ST_5 : Operation 180 [1/1] (0.00ns)   --->   "%rbegin2 = specregionbegin i32 @_ssdm_op_SpecRegionBegin, void @empty_422" [../src/fp_math_hls.cpp:159->../src/riccati_solver_hls.cpp:395]   --->   Operation 180 'specregionbegin' 'rbegin2' <Predicate = true> <Delay = 0.00>
ST_5 : Operation 181 [1/1] (0.00ns)   --->   "%rend38 = specregionend i32 @_ssdm_op_SpecRegionEnd, void @empty_422, i32 %rbegin2" [../src/fp_math_hls.cpp:159->../src/riccati_solver_hls.cpp:395]   --->   Operation 181 'specregionend' 'rend38' <Predicate = true> <Delay = 0.00>
ST_5 : Operation 182 [1/1] (0.00ns)   --->   "%rbegin3 = specregionbegin i32 @_ssdm_op_SpecRegionBegin, void @empty_390" [../src/fp_math_hls.cpp:159->../src/riccati_solver_hls.cpp:396]   --->   Operation 182 'specregionbegin' 'rbegin3' <Predicate = true> <Delay = 0.00>
ST_5 : Operation 183 [1/1] (0.00ns)   --->   "%rend36 = specregionend i32 @_ssdm_op_SpecRegionEnd, void @empty_390, i32 %rbegin3" [../src/fp_math_hls.cpp:159->../src/riccati_solver_hls.cpp:396]   --->   Operation 183 'specregionend' 'rend36' <Predicate = true> <Delay = 0.00>
ST_5 : Operation 184 [1/1] (0.00ns)   --->   "%rbegin4 = specregionbegin i32 @_ssdm_op_SpecRegionBegin, void @empty_404" [../src/fp_math_hls.cpp:159->../src/riccati_solver_hls.cpp:397]   --->   Operation 184 'specregionbegin' 'rbegin4' <Predicate = true> <Delay = 0.00>
ST_5 : Operation 185 [1/1] (0.00ns)   --->   "%rend34 = specregionend i32 @_ssdm_op_SpecRegionEnd, void @empty_404, i32 %rbegin4" [../src/fp_math_hls.cpp:159->../src/riccati_solver_hls.cpp:397]   --->   Operation 185 'specregionend' 'rend34' <Predicate = true> <Delay = 0.00>
ST_5 : Operation 186 [1/1] (0.00ns)   --->   "%rbegin5 = specregionbegin i32 @_ssdm_op_SpecRegionBegin, void @empty_266" [../src/fp_math_hls.cpp:159->../src/riccati_solver_hls.cpp:398]   --->   Operation 186 'specregionbegin' 'rbegin5' <Predicate = true> <Delay = 0.00>
ST_5 : Operation 187 [1/1] (0.00ns)   --->   "%rend32 = specregionend i32 @_ssdm_op_SpecRegionEnd, void @empty_266, i32 %rbegin5" [../src/fp_math_hls.cpp:159->../src/riccati_solver_hls.cpp:398]   --->   Operation 187 'specregionend' 'rend32' <Predicate = true> <Delay = 0.00>
ST_5 : Operation 188 [1/1] (0.00ns)   --->   "%shl_ln = bitconcatenate i45 @_ssdm_op_BitConcatenate.i45.i27.i18, i27 %d_i, i18 0" [../src/riccati_solver_hls.cpp:401]   --->   Operation 188 'bitconcatenate' 'shl_ln' <Predicate = true> <Delay = 0.00>
ST_5 : Operation 189 [1/1] (1.06ns)   --->   "%sum = add i45 %ax_sum, i45 %shl_ln" [../src/riccati_solver_hls.cpp:401]   --->   Operation 189 'add' 'sum' <Predicate = true> <Delay = 1.06> <CoreInst = "Adder">   --->   Core 1 'Adder' <Latency = 0> <II = 1> <Delay = 1.06> <FuncUnit> <Opcode : 'add' 'sub'> <InPorts = 2> <OutPorts = 1>
ST_5 : Operation 190 [1/1] (0.00ns)   --->   "%rbegin6 = specregionbegin i32 @_ssdm_op_SpecRegionBegin, void @empty_239" [../src/fp_math_hls.cpp:159->../src/riccati_solver_hls.cpp:405]   --->   Operation 190 'specregionbegin' 'rbegin6' <Predicate = true> <Delay = 0.00>
ST_5 : Operation 191 [1/1] (0.00ns)   --->   "%rend44 = specregionend i32 @_ssdm_op_SpecRegionEnd, void @empty_239, i32 %rbegin6" [../src/fp_math_hls.cpp:159->../src/riccati_solver_hls.cpp:405]   --->   Operation 191 'specregionend' 'rend44' <Predicate = true> <Delay = 0.00>
ST_5 : Operation 192 [1/1] (1.06ns)   --->   "%sum_1 = add i45 %mul_ln405, i45 %sum" [../src/riccati_solver_hls.cpp:405]   --->   Operation 192 'add' 'sum_1' <Predicate = true> <Delay = 1.06> <CoreInst = "Adder">   --->   Core 1 'Adder' <Latency = 0> <II = 1> <Delay = 1.06> <FuncUnit> <Opcode : 'add' 'sub'> <InPorts = 2> <OutPorts = 1>
ST_5 : Operation 193 [1/1] (0.00ns)   --->   "%rbegin7 = specregionbegin i32 @_ssdm_op_SpecRegionBegin, void @empty_449" [../src/fp_math_hls.cpp:159->../src/riccati_solver_hls.cpp:408]   --->   Operation 193 'specregionbegin' 'rbegin7' <Predicate = true> <Delay = 0.00>
ST_5 : Operation 194 [1/1] (0.00ns)   --->   "%rend46 = specregionend i32 @_ssdm_op_SpecRegionEnd, void @empty_449, i32 %rbegin7" [../src/fp_math_hls.cpp:159->../src/riccati_solver_hls.cpp:408]   --->   Operation 194 'specregionend' 'rend46' <Predicate = true> <Delay = 0.00>
ST_5 : Operation 195 [1/1] (1.06ns)   --->   "%sum_2 = add i45 %mul_ln408, i45 %sum" [../src/riccati_solver_hls.cpp:408]   --->   Operation 195 'add' 'sum_2' <Predicate = true> <Delay = 1.06> <CoreInst = "Adder">   --->   Core 1 'Adder' <Latency = 0> <II = 1> <Delay = 1.06> <FuncUnit> <Opcode : 'add' 'sub'> <InPorts = 2> <OutPorts = 1>
ST_5 : Operation 196 [1/1] (0.00ns)   --->   "%rbegin8 = specregionbegin i32 @_ssdm_op_SpecRegionBegin, void @empty_416" [../src/fp_math_hls.cpp:159->../src/riccati_solver_hls.cpp:411]   --->   Operation 196 'specregionbegin' 'rbegin8' <Predicate = true> <Delay = 0.00>
ST_5 : Operation 197 [1/1] (0.00ns)   --->   "%rend48 = specregionend i32 @_ssdm_op_SpecRegionEnd, void @empty_416, i32 %rbegin8" [../src/fp_math_hls.cpp:159->../src/riccati_solver_hls.cpp:411]   --->   Operation 197 'specregionend' 'rend48' <Predicate = true> <Delay = 0.00>
ST_5 : Operation 198 [1/1] (1.06ns)   --->   "%sum_3 = add i45 %mul_ln411, i45 %sum" [../src/riccati_solver_hls.cpp:411]   --->   Operation 198 'add' 'sum_3' <Predicate = true> <Delay = 1.06> <CoreInst = "Adder">   --->   Core 1 'Adder' <Latency = 0> <II = 1> <Delay = 1.06> <FuncUnit> <Opcode : 'add' 'sub'> <InPorts = 2> <OutPorts = 1>
ST_5 : Operation 199 [1/1] (0.00ns)   --->   "%rbegin9 = specregionbegin i32 @_ssdm_op_SpecRegionBegin, void @empty_415" [../src/fp_math_hls.cpp:159->../src/riccati_solver_hls.cpp:414]   --->   Operation 199 'specregionbegin' 'rbegin9' <Predicate = true> <Delay = 0.00>
ST_5 : Operation 200 [1/1] (0.00ns)   --->   "%rend50 = specregionend i32 @_ssdm_op_SpecRegionEnd, void @empty_415, i32 %rbegin9" [../src/fp_math_hls.cpp:159->../src/riccati_solver_hls.cpp:414]   --->   Operation 200 'specregionend' 'rend50' <Predicate = true> <Delay = 0.00>
ST_5 : Operation 201 [1/1] (1.06ns)   --->   "%sum_4 = add i45 %mul_ln414, i45 %sum" [../src/riccati_solver_hls.cpp:414]   --->   Operation 201 'add' 'sum_4' <Predicate = true> <Delay = 1.06> <CoreInst = "Adder">   --->   Core 1 'Adder' <Latency = 0> <II = 1> <Delay = 1.06> <FuncUnit> <Opcode : 'add' 'sub'> <InPorts = 2> <OutPorts = 1>
ST_5 : Operation 202 [1/1] (0.00ns)   --->   "%sel_tmp1 = bitconcatenate i4 @_ssdm_op_BitConcatenate.i4.i1.i1.i1.i1, i1 %icmp_ln387, i1 %icmp_ln387_1, i1 %icmp_ln387_2, i1 %icmp_ln387_3" [../src/riccati_solver_hls.cpp:387]   --->   Operation 202 'bitconcatenate' 'sel_tmp1' <Predicate = true> <Delay = 0.00>
ST_5 : Operation 203 [1/1] (0.52ns)   --->   "%sum_6 = sparsemux i45 @_ssdm_op_SparseMux.ap_auto.5i45.i45.i4, i4 8, i45 %sum_1, i4 4, i45 %sum_2, i4 2, i45 %sum_3, i4 1, i45 %sum_4, i4 0, i45 %sum, i45 0, i4 %sel_tmp1" [../src/riccati_solver_hls.cpp:405]   --->   Operation 203 'sparsemux' 'sum_6' <Predicate = true> <Delay = 0.52> <CoreInst = "OneHotSparseMux_HasDef">   --->   Core 152 'OneHotSparseMux_HasDef' <Latency = 0> <II = 1> <Delay = 0.52> <FuncUnit> <Opcode : 'sparsemux'> <InPorts = 2> <OutPorts = 1>
ST_5 : Operation 204 [1/1] (0.00ns)   --->   "%result = partselect i27 @_ssdm_op_PartSelect.i27.i45.i32.i32, i45 %sum_6, i32 18, i32 44" [include/fp_math_hls.h:167->../src/riccati_solver_hls.cpp:419]   --->   Operation 204 'partselect' 'result' <Predicate = true> <Delay = 0.00>
ST_5 : Operation 205 [1/1] (0.00ns)   --->   "%sext_ln167 = sext i27 %result" [include/fp_math_hls.h:167->../src/riccati_solver_hls.cpp:419]   --->   Operation 205 'sext' 'sext_ln167' <Predicate = true> <Delay = 0.00>
ST_5 : Operation 206 [1/1] ( I:0.67ns O:0.67ns )   --->   "%store_ln420 = store i32 %sext_ln167, i5 %x_out_4_addr" [../src/riccati_solver_hls.cpp:420]   --->   Operation 206 'store' 'store_ln420' <Predicate = (i_1 == 4)> <Delay = 0.67> <CoreInst = "RAM_2P_LUTRAM">   --->   Core 92 'RAM_2P_LUTRAM' <Latency = 1> <II = 1> <Delay = 0.67> <Storage> <Opcode : 'load' 'store'> <Ports = 2> <Width = 32> <Depth = 21> <RAM>
ST_5 : Operation 207 [1/1] (0.00ns)   --->   "%br_ln420 = br void %arrayidx30873118.exit" [../src/riccati_solver_hls.cpp:420]   --->   Operation 207 'br' 'br_ln420' <Predicate = (i_1 == 4)> <Delay = 0.00>
ST_5 : Operation 208 [1/1] ( I:0.67ns O:0.67ns )   --->   "%store_ln420 = store i32 %sext_ln167, i5 %x_out_3_addr" [../src/riccati_solver_hls.cpp:420]   --->   Operation 208 'store' 'store_ln420' <Predicate = (i_1 == 3)> <Delay = 0.67> <CoreInst = "RAM_2P_LUTRAM">   --->   Core 92 'RAM_2P_LUTRAM' <Latency = 1> <II = 1> <Delay = 0.67> <Storage> <Opcode : 'load' 'store'> <Ports = 2> <Width = 32> <Depth = 21> <RAM>
ST_5 : Operation 209 [1/1] (0.00ns)   --->   "%br_ln420 = br void %arrayidx30873118.exit" [../src/riccati_solver_hls.cpp:420]   --->   Operation 209 'br' 'br_ln420' <Predicate = (i_1 == 3)> <Delay = 0.00>
ST_5 : Operation 210 [1/1] ( I:0.67ns O:0.67ns )   --->   "%store_ln420 = store i32 %sext_ln167, i5 %x_out_2_addr" [../src/riccati_solver_hls.cpp:420]   --->   Operation 210 'store' 'store_ln420' <Predicate = (i_1 == 2)> <Delay = 0.67> <CoreInst = "RAM_2P_LUTRAM">   --->   Core 92 'RAM_2P_LUTRAM' <Latency = 1> <II = 1> <Delay = 0.67> <Storage> <Opcode : 'load' 'store'> <Ports = 2> <Width = 32> <Depth = 21> <RAM>
ST_5 : Operation 211 [1/1] (0.00ns)   --->   "%br_ln420 = br void %arrayidx30873118.exit" [../src/riccati_solver_hls.cpp:420]   --->   Operation 211 'br' 'br_ln420' <Predicate = (i_1 == 2)> <Delay = 0.00>
ST_5 : Operation 212 [1/1] ( I:0.67ns O:0.67ns )   --->   "%store_ln420 = store i32 %sext_ln167, i5 %x_out_1_addr" [../src/riccati_solver_hls.cpp:420]   --->   Operation 212 'store' 'store_ln420' <Predicate = (i_1 == 1)> <Delay = 0.67> <CoreInst = "RAM_2P_LUTRAM">   --->   Core 92 'RAM_2P_LUTRAM' <Latency = 1> <II = 1> <Delay = 0.67> <Storage> <Opcode : 'load' 'store'> <Ports = 2> <Width = 32> <Depth = 21> <RAM>
ST_5 : Operation 213 [1/1] (0.00ns)   --->   "%br_ln420 = br void %arrayidx30873118.exit" [../src/riccati_solver_hls.cpp:420]   --->   Operation 213 'br' 'br_ln420' <Predicate = (i_1 == 1)> <Delay = 0.00>
ST_5 : Operation 214 [1/1] ( I:0.67ns O:0.67ns )   --->   "%store_ln420 = store i32 %sext_ln167, i5 %x_out_0_addr" [../src/riccati_solver_hls.cpp:420]   --->   Operation 214 'store' 'store_ln420' <Predicate = (i_1 == 0)> <Delay = 0.67> <CoreInst = "RAM_2P_LUTRAM">   --->   Core 92 'RAM_2P_LUTRAM' <Latency = 1> <II = 1> <Delay = 0.67> <Storage> <Opcode : 'load' 'store'> <Ports = 2> <Width = 32> <Depth = 21> <RAM>
ST_5 : Operation 215 [1/1] (0.00ns)   --->   "%br_ln420 = br void %arrayidx30873118.exit" [../src/riccati_solver_hls.cpp:420]   --->   Operation 215 'br' 'br_ln420' <Predicate = (i_1 == 0)> <Delay = 0.00>
ST_5 : Operation 216 [1/1] ( I:0.67ns O:0.67ns )   --->   "%store_ln420 = store i32 %sext_ln167, i5 %x_out_5_addr" [../src/riccati_solver_hls.cpp:420]   --->   Operation 216 'store' 'store_ln420' <Predicate = (i_1 != 0 & i_1 != 1 & i_1 != 2 & i_1 != 3 & i_1 != 4)> <Delay = 0.67> <CoreInst = "RAM_2P_LUTRAM">   --->   Core 92 'RAM_2P_LUTRAM' <Latency = 1> <II = 1> <Delay = 0.67> <Storage> <Opcode : 'load' 'store'> <Ports = 2> <Width = 32> <Depth = 21> <RAM>
ST_5 : Operation 217 [1/1] (0.00ns)   --->   "%br_ln420 = br void %arrayidx30873118.exit" [../src/riccati_solver_hls.cpp:420]   --->   Operation 217 'br' 'br_ln420' <Predicate = (i_1 != 0 & i_1 != 1 & i_1 != 2 & i_1 != 3 & i_1 != 4)> <Delay = 0.00>


============================================================
+ Verbose Summary: Timing violations
============================================================
Target clock period: 5.000ns, clock uncertainty: 0.500ns.

 <State 1>: 3.341ns
The critical path consists of the following:
	'store' operation ('store_ln323', ../src/riccati_solver_hls.cpp:323) of constant 0 3 bit on local variable 'i', ../src/riccati_solver_hls.cpp:323 [137]  (0.427 ns)
	'load' operation 3 bit ('i', ../src/riccati_solver_hls.cpp:383) on local variable 'i', ../src/riccati_solver_hls.cpp:323 [140]  (0.000 ns)
	'sparsemux' operation 32 bit ('a', ../src/riccati_solver_hls.cpp:383) [166]  (0.623 ns)
	'mul' operation 45 bit ('mul_ln393', ../src/riccati_solver_hls.cpp:393) [169]  (2.291 ns)

 <State 2>: 2.291ns
The critical path consists of the following:
	'mul' operation 45 bit ('mul_ln393', ../src/riccati_solver_hls.cpp:393) [169]  (2.291 ns)

 <State 3>: 2.291ns
The critical path consists of the following:
	'mul' operation 45 bit ('mul_ln393', ../src/riccati_solver_hls.cpp:393) [169]  (2.291 ns)

 <State 4>: 4.124ns
The critical path consists of the following:
	'mul' operation 45 bit ('mul_ln393', ../src/riccati_solver_hls.cpp:393) [169]  (2.291 ns)
	'call' operation 45 bit ('ax_sum', ../src/riccati_solver_hls.cpp:392) to 'sum6_QP_raw' [202]  (1.833 ns)

 <State 5>: 3.340ns
The critical path consists of the following:
	'add' operation 45 bit ('sum', ../src/riccati_solver_hls.cpp:401) [204]  (1.069 ns)
	'add' operation 45 bit ('sum', ../src/riccati_solver_hls.cpp:405) [209]  (1.069 ns)
	'sparsemux' operation 45 bit ('sum', ../src/riccati_solver_hls.cpp:405) [226]  (0.525 ns)
	'store' operation ('store_ln420', ../src/riccati_solver_hls.cpp:420) of variable 'sext_ln167', include/fp_math_hls.h:167->../src/riccati_solver_hls.cpp:419 32 bit on array 'x_out_4' [231]  (0.677 ns)


============================================================
+ Verbose Summary: Binding
============================================================
N/A
* FSMD analyzer results:
  - Output states:
 - Input state : 
  - Chain level:
	State 1
	State 2
	State 3
	State 4
	State 5


============================================================
+ Verbose Summary: Datapath Resource usage 
============================================================
N/A
