

================================================================
== Vitis HLS Report for 'riccati_backward_pass_Pipeline_VITIS_LOOP_767_11'
================================================================
* Date:           Thu Jun 11 16:06:51 2026

* Version:        2025.2 (Build 6295257 on Nov 14 2025)
* Project:        mpc_fpga_top_opencl
* Solution:       hls (Vitis Kernel Flow Target)
* Product family: zynquplus
* Target device:  xck26-sfvc784-2LV-c


================================================================
== Performance Estimates
================================================================
+ Timing: 
    * Summary: 
    +--------+---------+----------+------------+
    |  Clock |  Target | Estimated| Uncertainty|
    +--------+---------+----------+------------+
    |ap_clk  |  5.00 ns|  3.473 ns|     0.50 ns|
    +--------+---------+----------+------------+

+ Latency: 
    * Summary: 
    +---------+---------+-----------+-----------+-----+-----+-------------------+
    |  Latency (cycles) |   Latency (absolute)  |  Interval |      Pipeline     |
    |   min   |   max   |    min    |    max    | min | max |        Type       |
    +---------+---------+-----------+-----------+-----+-----+-------------------+
    |       10|       10|  50.000 ns|  50.000 ns|    0|    0|  loop pipeline stp|
    +---------+---------+-----------+-----------+-----+-----+-------------------+

    + Detail: 
        * Instance: 
        N/A

        * Loop: 
        +---------------------+---------+---------+----------+-----------+-----------+------+----------+
        |                     |  Latency (cycles) | Iteration|  Initiation Interval  | Trip |          |
        |      Loop Name      |   min   |   max   |  Latency |  achieved |   target  | Count| Pipelined|
        +---------------------+---------+---------+----------+-----------+-----------+------+----------+
        |- VITIS_LOOP_767_11  |        8|        8|         2|          1|          1|     8|       yes|
        +---------------------+---------+---------+----------+-----------+-----------+------+----------+

============================================================
+ Verbose Summary: Synthesis Manager
============================================================
InlineROM: 1
ExposeGlobal: 0
============================================================
+ Verbose Summary: CDFG Model
============================================================
IsTopModel: 0
ResetActiveHigh: 1
IsCombinational: 0
IsDatapathOnly: 0
HasWiredReturn: 1
HasMFsm: 2
HasVarLatency: 1
IsPipeline: 0
IsRtlPipelined: 0
IsInstanceOverlapped: 0
IsDontTouch: 0
HasImplIP: 0
IsGatedGlobalClock: 0

+ Individual pipeline summary: 
  * Pipeline-0: initiation interval (II) = 1, depth = 2


============================================================
+ Verbose Summary: Schedule
============================================================
* Number of FSM states : 2
* Pipeline : 1
  Pipeline-0 : II = 1, D = 2, States = { 1 2 }
* Dataflow Pipeline: 0

* FSM state transitions: 
1 --> 2 
2 --> 

* FSM state operations: 

State 1 <SV = 0> <Delay = 3.22>
ST_1 : Operation 5 [1/1] (0.00ns)   --->   "%j = alloca i32 1" [../src/riccati_solver_hls.cpp:491]   --->   Operation 5 'alloca' 'j' <Predicate = true> <Delay = 0.00>
ST_1 : Operation 6 [1/1] (0.00ns)   --->   "%tmp = read i2 @_ssdm_op_Read.ap_auto.i2, i2 %empty"   --->   Operation 6 'read' 'tmp' <Predicate = true> <Delay = 0.00>
ST_1 : Operation 7 [1/1] (0.00ns)   --->   "%sext_ln777_read = read i26 @_ssdm_op_Read.ap_auto.i26, i26 %sext_ln777"   --->   Operation 7 'read' 'sext_ln777_read' <Predicate = true> <Delay = 0.00>
ST_1 : Operation 8 [1/1] (0.00ns)   --->   "%sext_ln280_2_read = read i26 @_ssdm_op_Read.ap_auto.i26, i26 %sext_ln280_2"   --->   Operation 8 'read' 'sext_ln280_2_read' <Predicate = true> <Delay = 0.00>
ST_1 : Operation 9 [1/1] (0.00ns)   --->   "%sext_ln280_1_read = read i26 @_ssdm_op_Read.ap_auto.i26, i26 %sext_ln280_1"   --->   Operation 9 'read' 'sext_ln280_1_read' <Predicate = true> <Delay = 0.00>
ST_1 : Operation 10 [1/1] (0.00ns)   --->   "%G_1_reload_read = read i18 @_ssdm_op_Read.ap_auto.i18, i18 %G_1_reload"   --->   Operation 10 'read' 'G_1_reload_read' <Predicate = true> <Delay = 0.00>
ST_1 : Operation 11 [1/1] (0.00ns)   --->   "%G_2_reload_read = read i18 @_ssdm_op_Read.ap_auto.i18, i18 %G_2_reload"   --->   Operation 11 'read' 'G_2_reload_read' <Predicate = true> <Delay = 0.00>
ST_1 : Operation 12 [1/1] (0.00ns)   --->   "%G_3_reload_read = read i18 @_ssdm_op_Read.ap_auto.i18, i18 %G_3_reload"   --->   Operation 12 'read' 'G_3_reload_read' <Predicate = true> <Delay = 0.00>
ST_1 : Operation 13 [1/1] (0.00ns)   --->   "%G_4_reload_read = read i18 @_ssdm_op_Read.ap_auto.i18, i18 %G_4_reload"   --->   Operation 13 'read' 'G_4_reload_read' <Predicate = true> <Delay = 0.00>
ST_1 : Operation 14 [1/1] (0.00ns)   --->   "%G_5_reload_read = read i18 @_ssdm_op_Read.ap_auto.i18, i18 %G_5_reload"   --->   Operation 14 'read' 'G_5_reload_read' <Predicate = true> <Delay = 0.00>
ST_1 : Operation 15 [1/1] (0.00ns)   --->   "%G_6_reload_read = read i18 @_ssdm_op_Read.ap_auto.i18, i18 %G_6_reload"   --->   Operation 15 'read' 'G_6_reload_read' <Predicate = true> <Delay = 0.00>
ST_1 : Operation 16 [1/1] (0.00ns)   --->   "%sext_ln280_read = read i26 @_ssdm_op_Read.ap_auto.i26, i26 %sext_ln280"   --->   Operation 16 'read' 'sext_ln280_read' <Predicate = true> <Delay = 0.00>
ST_1 : Operation 17 [1/1] (0.00ns)   --->   "%select_ln739_read = read i6 @_ssdm_op_Read.ap_auto.i6, i6 %select_ln739"   --->   Operation 17 'read' 'select_ln739_read' <Predicate = true> <Delay = 0.00>
ST_1 : Operation 18 [1/1] (0.00ns)   --->   "%G_7_reload_read = read i18 @_ssdm_op_Read.ap_auto.i18, i18 %G_7_reload"   --->   Operation 18 'read' 'G_7_reload_read' <Predicate = true> <Delay = 0.00>
ST_1 : Operation 19 [1/1] (0.00ns)   --->   "%G_8_reload_read = read i18 @_ssdm_op_Read.ap_auto.i18, i18 %G_8_reload"   --->   Operation 19 'read' 'G_8_reload_read' <Predicate = true> <Delay = 0.00>
ST_1 : Operation 20 [1/1] (0.00ns)   --->   "%G_9_reload_read = read i18 @_ssdm_op_Read.ap_auto.i18, i18 %G_9_reload"   --->   Operation 20 'read' 'G_9_reload_read' <Predicate = true> <Delay = 0.00>
ST_1 : Operation 21 [1/1] (0.00ns)   --->   "%G_10_reload_read = read i18 @_ssdm_op_Read.ap_auto.i18, i18 %G_10_reload"   --->   Operation 21 'read' 'G_10_reload_read' <Predicate = true> <Delay = 0.00>
ST_1 : Operation 22 [1/1] (0.00ns)   --->   "%G_11_reload_read = read i18 @_ssdm_op_Read.ap_auto.i18, i18 %G_11_reload"   --->   Operation 22 'read' 'G_11_reload_read' <Predicate = true> <Delay = 0.00>
ST_1 : Operation 23 [1/1] (0.00ns)   --->   "%G_12_reload_read = read i18 @_ssdm_op_Read.ap_auto.i18, i18 %G_12_reload"   --->   Operation 23 'read' 'G_12_reload_read' <Predicate = true> <Delay = 0.00>
ST_1 : Operation 24 [1/1] (0.00ns)   --->   "%zext_ln491_read = read i3 @_ssdm_op_Read.ap_auto.i3, i3 %zext_ln491"   --->   Operation 24 'read' 'zext_ln491_read' <Predicate = true> <Delay = 0.00>
ST_1 : Operation 25 [1/1] (0.00ns)   --->   "%sext_ln777_cast = sext i26 %sext_ln777_read"   --->   Operation 25 'sext' 'sext_ln777_cast' <Predicate = true> <Delay = 0.00>
ST_1 : Operation 26 [1/1] (0.00ns)   --->   "%sext_ln280_2_cast = sext i26 %sext_ln280_2_read"   --->   Operation 26 'sext' 'sext_ln280_2_cast' <Predicate = true> <Delay = 0.00>
ST_1 : Operation 27 [1/1] (0.00ns)   --->   "%sext_ln280_1_cast = sext i26 %sext_ln280_1_read"   --->   Operation 27 'sext' 'sext_ln280_1_cast' <Predicate = true> <Delay = 0.00>
ST_1 : Operation 28 [1/1] (0.00ns)   --->   "%sext_ln280_cast = sext i26 %sext_ln280_read"   --->   Operation 28 'sext' 'sext_ln280_cast' <Predicate = true> <Delay = 0.00>
ST_1 : Operation 29 [1/1] (0.00ns)   --->   "%select_ln739_cast = sext i6 %select_ln739_read"   --->   Operation 29 'sext' 'select_ln739_cast' <Predicate = true> <Delay = 0.00>
ST_1 : Operation 30 [1/1] (0.00ns)   --->   "%zext_ln491_cast = zext i3 %zext_ln491_read"   --->   Operation 30 'zext' 'zext_ln491_cast' <Predicate = true> <Delay = 0.00>
ST_1 : Operation 31 [1/1] (0.42ns)   --->   "%store_ln491 = store i4 0, i4 %j" [../src/riccati_solver_hls.cpp:491]   --->   Operation 31 'store' 'store_ln491' <Predicate = true> <Delay = 0.42>
ST_1 : Operation 32 [1/1] (0.00ns)   --->   "%br_ln0 = br void %for.inc765"   --->   Operation 32 'br' 'br_ln0' <Predicate = true> <Delay = 0.00>
ST_1 : Operation 33 [1/1] (0.00ns)   --->   "%j_1 = load i4 %j" [../src/riccati_solver_hls.cpp:767]   --->   Operation 33 'load' 'j_1' <Predicate = true> <Delay = 0.00>
ST_1 : Operation 34 [1/1] (0.79ns)   --->   "%icmp_ln767 = icmp_eq  i4 %j_1, i4 8" [../src/riccati_solver_hls.cpp:767]   --->   Operation 34 'icmp' 'icmp_ln767' <Predicate = true> <Delay = 0.79> <CoreInst = "Cmp">   --->   Core 9 'Cmp' <Latency = 0> <II = 1> <Delay = 0.79> <FuncUnit> <Opcode : 'seteq' 'setne' 'setle' 'setge' 'setlt' 'setgt'> <InPorts = 2> <OutPorts = 1>
ST_1 : Operation 35 [1/1] (0.79ns)   --->   "%add_ln767 = add i4 %j_1, i4 1" [../src/riccati_solver_hls.cpp:767]   --->   Operation 35 'add' 'add_ln767' <Predicate = true> <Delay = 0.79> <CoreInst = "Adder">   --->   Core 1 'Adder' <Latency = 0> <II = 1> <Delay = 0.79> <FuncUnit> <Opcode : 'add' 'sub'> <InPorts = 2> <OutPorts = 1>
ST_1 : Operation 36 [1/1] (0.00ns)   --->   "%br_ln767 = br i1 %icmp_ln767, void %fpga_resource_hint.for.inc765.437, void %VITIS_LOOP_783_12.exitStub" [../src/riccati_solver_hls.cpp:767]   --->   Operation 36 'br' 'br_ln767' <Predicate = true> <Delay = 0.00>
ST_1 : Operation 37 [1/1] (0.00ns)   --->   "%trunc_ln767 = trunc i4 %j_1" [../src/riccati_solver_hls.cpp:767]   --->   Operation 37 'trunc' 'trunc_ln767' <Predicate = (!icmp_ln767)> <Delay = 0.00>
ST_1 : Operation 38 [1/1] (0.72ns)   --->   "%b_3 = sparsemux i18 @_ssdm_op_SparseMux.ap_auto.8i18.i18.i3, i3 0, i18 %G_12_reload_read, i3 1, i18 %G_11_reload_read, i3 2, i18 %G_10_reload_read, i3 3, i18 %G_9_reload_read, i3 4, i18 %G_8_reload_read, i3 5, i18 %G_7_reload_read, i3 6, i18 %select_ln739_cast, i3 7, i18 0, i18 0, i3 %trunc_ln767" [../src/riccati_solver_hls.cpp:767]   --->   Operation 38 'sparsemux' 'b_3' <Predicate = (!icmp_ln767)> <Delay = 0.72> <CoreInst = "BinarySparseMux_DontCare">   --->   Core 149 'BinarySparseMux_DontCare' <Latency = 0> <II = 1> <Delay = 0.72> <FuncUnit> <Opcode : 'sparsemux'> <InPorts = 2> <OutPorts = 1>
ST_1 : Operation 39 [1/1] (0.00ns)   --->   "%sext_ln280_3 = sext i18 %b_3" [../src/fp_math_hls.cpp:280->../src/riccati_solver_hls.cpp:770]   --->   Operation 39 'sext' 'sext_ln280_3' <Predicate = (!icmp_ln767)> <Delay = 0.00>
ST_1 : Operation 40 [2/2] (2.08ns)   --->   "%mul_ln280 = mul i44 %sext_ln280_cast, i44 %sext_ln280_3" [../src/fp_math_hls.cpp:280->../src/riccati_solver_hls.cpp:770]   --->   Operation 40 'mul' 'mul_ln280' <Predicate = (!icmp_ln767)> <Delay = 2.08> <CoreInst = "Mul_DSP">   --->   Core 5 'Mul_DSP' <Latency = 1> <II = 1> <Delay = 2.08> <FuncUnit> <Opcode : 'mul'> <InPorts = 2> <OutPorts = 1>
ST_1 : Operation 41 [1/1] (0.72ns)   --->   "%b_4 = sparsemux i18 @_ssdm_op_SparseMux.ap_auto.8i18.i18.i3, i3 0, i18 %G_6_reload_read, i3 1, i18 %G_5_reload_read, i3 2, i18 %G_4_reload_read, i3 3, i18 %G_3_reload_read, i3 4, i18 %G_2_reload_read, i3 5, i18 %G_1_reload_read, i3 6, i18 0, i3 7, i18 %select_ln739_cast, i18 0, i3 %trunc_ln767" [../src/riccati_solver_hls.cpp:767]   --->   Operation 41 'sparsemux' 'b_4' <Predicate = (!icmp_ln767)> <Delay = 0.72> <CoreInst = "BinarySparseMux_DontCare">   --->   Core 149 'BinarySparseMux_DontCare' <Latency = 0> <II = 1> <Delay = 0.72> <FuncUnit> <Opcode : 'sparsemux'> <InPorts = 2> <OutPorts = 1>
ST_1 : Operation 42 [1/1] (0.00ns)   --->   "%sext_ln280_4 = sext i18 %b_4" [../src/fp_math_hls.cpp:280->../src/riccati_solver_hls.cpp:771]   --->   Operation 42 'sext' 'sext_ln280_4' <Predicate = (!icmp_ln767)> <Delay = 0.00>
ST_1 : Operation 43 [2/2] (2.08ns)   --->   "%mul_ln280_1 = mul i44 %sext_ln280_1_cast, i44 %sext_ln280_4" [../src/fp_math_hls.cpp:280->../src/riccati_solver_hls.cpp:771]   --->   Operation 43 'mul' 'mul_ln280_1' <Predicate = (!icmp_ln767)> <Delay = 2.08> <CoreInst = "Mul_DSP">   --->   Core 5 'Mul_DSP' <Latency = 1> <II = 1> <Delay = 2.08> <FuncUnit> <Opcode : 'mul'> <InPorts = 2> <OutPorts = 1>
ST_1 : Operation 44 [2/2] (2.08ns)   --->   "%mul_ln280_2 = mul i44 %sext_ln280_2_cast, i44 %sext_ln280_3" [../src/fp_math_hls.cpp:280->../src/riccati_solver_hls.cpp:773]   --->   Operation 44 'mul' 'mul_ln280_2' <Predicate = (!icmp_ln767)> <Delay = 2.08> <CoreInst = "Mul_DSP">   --->   Core 5 'Mul_DSP' <Latency = 1> <II = 1> <Delay = 2.08> <FuncUnit> <Opcode : 'mul'> <InPorts = 2> <OutPorts = 1>
ST_1 : Operation 45 [2/2] (2.08ns)   --->   "%mul_ln280_3 = mul i44 %sext_ln777_cast, i44 %sext_ln280_4" [../src/fp_math_hls.cpp:280->../src/riccati_solver_hls.cpp:774]   --->   Operation 45 'mul' 'mul_ln280_3' <Predicate = (!icmp_ln767)> <Delay = 2.08> <CoreInst = "Mul_DSP">   --->   Core 5 'Mul_DSP' <Latency = 1> <II = 1> <Delay = 2.08> <FuncUnit> <Opcode : 'mul'> <InPorts = 2> <OutPorts = 1>
ST_1 : Operation 46 [1/1] (0.54ns)   --->   "%switch_ln777 = switch i2 %tmp, void %arrayidx755836168.case.3, i2 0, void %arrayidx755836168.case.0, i2 1, void %arrayidx755836168.case.1, i2 2, void %arrayidx755836168.case.2" [../src/riccati_solver_hls.cpp:777]   --->   Operation 46 'switch' 'switch_ln777' <Predicate = (!icmp_ln767)> <Delay = 0.54>
ST_1 : Operation 47 [1/1] (0.67ns)   --->   "%switch_ln777 = switch i3 %trunc_ln767, void %arrayidx764838170.case.762, i3 0, void %arrayidx764838170.case.055, i3 1, void %arrayidx764838170.case.156, i3 2, void %arrayidx764838170.case.257, i3 3, void %arrayidx764838170.case.358, i3 4, void %arrayidx764838170.case.459, i3 5, void %arrayidx764838170.case.560, i3 6, void %arrayidx764838170.case.661" [../src/riccati_solver_hls.cpp:777]   --->   Operation 47 'switch' 'switch_ln777' <Predicate = (!icmp_ln767 & tmp == 2)> <Delay = 0.67>
ST_1 : Operation 48 [1/1] (0.00ns)   --->   "%br_ln778 = br void %arrayidx764838170.exit54" [../src/riccati_solver_hls.cpp:778]   --->   Operation 48 'br' 'br_ln778' <Predicate = (!icmp_ln767 & tmp == 2 & trunc_ln767 == 6)> <Delay = 0.00>
ST_1 : Operation 49 [1/1] (0.00ns)   --->   "%br_ln778 = br void %arrayidx764838170.exit54" [../src/riccati_solver_hls.cpp:778]   --->   Operation 49 'br' 'br_ln778' <Predicate = (!icmp_ln767 & tmp == 2 & trunc_ln767 == 5)> <Delay = 0.00>
ST_1 : Operation 50 [1/1] (0.00ns)   --->   "%br_ln778 = br void %arrayidx764838170.exit54" [../src/riccati_solver_hls.cpp:778]   --->   Operation 50 'br' 'br_ln778' <Predicate = (!icmp_ln767 & tmp == 2 & trunc_ln767 == 4)> <Delay = 0.00>
ST_1 : Operation 51 [1/1] (0.00ns)   --->   "%br_ln778 = br void %arrayidx764838170.exit54" [../src/riccati_solver_hls.cpp:778]   --->   Operation 51 'br' 'br_ln778' <Predicate = (!icmp_ln767 & tmp == 2 & trunc_ln767 == 3)> <Delay = 0.00>
ST_1 : Operation 52 [1/1] (0.00ns)   --->   "%br_ln778 = br void %arrayidx764838170.exit54" [../src/riccati_solver_hls.cpp:778]   --->   Operation 52 'br' 'br_ln778' <Predicate = (!icmp_ln767 & tmp == 2 & trunc_ln767 == 2)> <Delay = 0.00>
ST_1 : Operation 53 [1/1] (0.00ns)   --->   "%br_ln778 = br void %arrayidx764838170.exit54" [../src/riccati_solver_hls.cpp:778]   --->   Operation 53 'br' 'br_ln778' <Predicate = (!icmp_ln767 & tmp == 2 & trunc_ln767 == 1)> <Delay = 0.00>
ST_1 : Operation 54 [1/1] (0.00ns)   --->   "%br_ln778 = br void %arrayidx764838170.exit54" [../src/riccati_solver_hls.cpp:778]   --->   Operation 54 'br' 'br_ln778' <Predicate = (!icmp_ln767 & tmp == 2 & trunc_ln767 == 0)> <Delay = 0.00>
ST_1 : Operation 55 [1/1] (0.00ns)   --->   "%br_ln778 = br void %arrayidx764838170.exit54" [../src/riccati_solver_hls.cpp:778]   --->   Operation 55 'br' 'br_ln778' <Predicate = (!icmp_ln767 & tmp == 2 & trunc_ln767 == 7)> <Delay = 0.00>
ST_1 : Operation 56 [1/1] (0.67ns)   --->   "%switch_ln777 = switch i3 %trunc_ln767, void %arrayidx764838170.case.752, i3 0, void %arrayidx764838170.case.045, i3 1, void %arrayidx764838170.case.146, i3 2, void %arrayidx764838170.case.247, i3 3, void %arrayidx764838170.case.348, i3 4, void %arrayidx764838170.case.449, i3 5, void %arrayidx764838170.case.550, i3 6, void %arrayidx764838170.case.651" [../src/riccati_solver_hls.cpp:777]   --->   Operation 56 'switch' 'switch_ln777' <Predicate = (!icmp_ln767 & tmp == 1)> <Delay = 0.67>
ST_1 : Operation 57 [1/1] (0.00ns)   --->   "%br_ln778 = br void %arrayidx764838170.exit44" [../src/riccati_solver_hls.cpp:778]   --->   Operation 57 'br' 'br_ln778' <Predicate = (!icmp_ln767 & tmp == 1 & trunc_ln767 == 6)> <Delay = 0.00>
ST_1 : Operation 58 [1/1] (0.00ns)   --->   "%br_ln778 = br void %arrayidx764838170.exit44" [../src/riccati_solver_hls.cpp:778]   --->   Operation 58 'br' 'br_ln778' <Predicate = (!icmp_ln767 & tmp == 1 & trunc_ln767 == 5)> <Delay = 0.00>
ST_1 : Operation 59 [1/1] (0.00ns)   --->   "%br_ln778 = br void %arrayidx764838170.exit44" [../src/riccati_solver_hls.cpp:778]   --->   Operation 59 'br' 'br_ln778' <Predicate = (!icmp_ln767 & tmp == 1 & trunc_ln767 == 4)> <Delay = 0.00>
ST_1 : Operation 60 [1/1] (0.00ns)   --->   "%br_ln778 = br void %arrayidx764838170.exit44" [../src/riccati_solver_hls.cpp:778]   --->   Operation 60 'br' 'br_ln778' <Predicate = (!icmp_ln767 & tmp == 1 & trunc_ln767 == 3)> <Delay = 0.00>
ST_1 : Operation 61 [1/1] (0.00ns)   --->   "%br_ln778 = br void %arrayidx764838170.exit44" [../src/riccati_solver_hls.cpp:778]   --->   Operation 61 'br' 'br_ln778' <Predicate = (!icmp_ln767 & tmp == 1 & trunc_ln767 == 2)> <Delay = 0.00>
ST_1 : Operation 62 [1/1] (0.00ns)   --->   "%br_ln778 = br void %arrayidx764838170.exit44" [../src/riccati_solver_hls.cpp:778]   --->   Operation 62 'br' 'br_ln778' <Predicate = (!icmp_ln767 & tmp == 1 & trunc_ln767 == 1)> <Delay = 0.00>
ST_1 : Operation 63 [1/1] (0.00ns)   --->   "%br_ln778 = br void %arrayidx764838170.exit44" [../src/riccati_solver_hls.cpp:778]   --->   Operation 63 'br' 'br_ln778' <Predicate = (!icmp_ln767 & tmp == 1 & trunc_ln767 == 0)> <Delay = 0.00>
ST_1 : Operation 64 [1/1] (0.00ns)   --->   "%br_ln778 = br void %arrayidx764838170.exit44" [../src/riccati_solver_hls.cpp:778]   --->   Operation 64 'br' 'br_ln778' <Predicate = (!icmp_ln767 & tmp == 1 & trunc_ln767 == 7)> <Delay = 0.00>
ST_1 : Operation 65 [1/1] (0.67ns)   --->   "%switch_ln777 = switch i3 %trunc_ln767, void %arrayidx764838170.case.7, i3 0, void %arrayidx764838170.case.039, i3 1, void %arrayidx764838170.case.140, i3 2, void %arrayidx764838170.case.241, i3 3, void %arrayidx764838170.case.342, i3 4, void %arrayidx764838170.case.4, i3 5, void %arrayidx764838170.case.5, i3 6, void %arrayidx764838170.case.6" [../src/riccati_solver_hls.cpp:777]   --->   Operation 65 'switch' 'switch_ln777' <Predicate = (!icmp_ln767 & tmp == 0)> <Delay = 0.67>
ST_1 : Operation 66 [1/1] (0.00ns)   --->   "%br_ln778 = br void %arrayidx764838170.exit38" [../src/riccati_solver_hls.cpp:778]   --->   Operation 66 'br' 'br_ln778' <Predicate = (!icmp_ln767 & tmp == 0 & trunc_ln767 == 6)> <Delay = 0.00>
ST_1 : Operation 67 [1/1] (0.00ns)   --->   "%br_ln778 = br void %arrayidx764838170.exit38" [../src/riccati_solver_hls.cpp:778]   --->   Operation 67 'br' 'br_ln778' <Predicate = (!icmp_ln767 & tmp == 0 & trunc_ln767 == 5)> <Delay = 0.00>
ST_1 : Operation 68 [1/1] (0.00ns)   --->   "%br_ln778 = br void %arrayidx764838170.exit38" [../src/riccati_solver_hls.cpp:778]   --->   Operation 68 'br' 'br_ln778' <Predicate = (!icmp_ln767 & tmp == 0 & trunc_ln767 == 4)> <Delay = 0.00>
ST_1 : Operation 69 [1/1] (0.00ns)   --->   "%br_ln778 = br void %arrayidx764838170.exit38" [../src/riccati_solver_hls.cpp:778]   --->   Operation 69 'br' 'br_ln778' <Predicate = (!icmp_ln767 & tmp == 0 & trunc_ln767 == 3)> <Delay = 0.00>
ST_1 : Operation 70 [1/1] (0.00ns)   --->   "%br_ln778 = br void %arrayidx764838170.exit38" [../src/riccati_solver_hls.cpp:778]   --->   Operation 70 'br' 'br_ln778' <Predicate = (!icmp_ln767 & tmp == 0 & trunc_ln767 == 2)> <Delay = 0.00>
ST_1 : Operation 71 [1/1] (0.00ns)   --->   "%br_ln778 = br void %arrayidx764838170.exit38" [../src/riccati_solver_hls.cpp:778]   --->   Operation 71 'br' 'br_ln778' <Predicate = (!icmp_ln767 & tmp == 0 & trunc_ln767 == 1)> <Delay = 0.00>
ST_1 : Operation 72 [1/1] (0.00ns)   --->   "%br_ln778 = br void %arrayidx764838170.exit38" [../src/riccati_solver_hls.cpp:778]   --->   Operation 72 'br' 'br_ln778' <Predicate = (!icmp_ln767 & tmp == 0 & trunc_ln767 == 0)> <Delay = 0.00>
ST_1 : Operation 73 [1/1] (0.00ns)   --->   "%br_ln778 = br void %arrayidx764838170.exit38" [../src/riccati_solver_hls.cpp:778]   --->   Operation 73 'br' 'br_ln778' <Predicate = (!icmp_ln767 & tmp == 0 & trunc_ln767 == 7)> <Delay = 0.00>
ST_1 : Operation 74 [1/1] (0.67ns)   --->   "%switch_ln777 = switch i3 %trunc_ln767, void %arrayidx764838170.case.772, i3 0, void %arrayidx764838170.case.065, i3 1, void %arrayidx764838170.case.166, i3 2, void %arrayidx764838170.case.267, i3 3, void %arrayidx764838170.case.368, i3 4, void %arrayidx764838170.case.469, i3 5, void %arrayidx764838170.case.570, i3 6, void %arrayidx764838170.case.671" [../src/riccati_solver_hls.cpp:777]   --->   Operation 74 'switch' 'switch_ln777' <Predicate = (!icmp_ln767 & tmp == 3)> <Delay = 0.67>
ST_1 : Operation 75 [1/1] (0.00ns)   --->   "%br_ln778 = br void %arrayidx764838170.exit64" [../src/riccati_solver_hls.cpp:778]   --->   Operation 75 'br' 'br_ln778' <Predicate = (!icmp_ln767 & tmp == 3 & trunc_ln767 == 6)> <Delay = 0.00>
ST_1 : Operation 76 [1/1] (0.00ns)   --->   "%br_ln778 = br void %arrayidx764838170.exit64" [../src/riccati_solver_hls.cpp:778]   --->   Operation 76 'br' 'br_ln778' <Predicate = (!icmp_ln767 & tmp == 3 & trunc_ln767 == 5)> <Delay = 0.00>
ST_1 : Operation 77 [1/1] (0.00ns)   --->   "%br_ln778 = br void %arrayidx764838170.exit64" [../src/riccati_solver_hls.cpp:778]   --->   Operation 77 'br' 'br_ln778' <Predicate = (!icmp_ln767 & tmp == 3 & trunc_ln767 == 4)> <Delay = 0.00>
ST_1 : Operation 78 [1/1] (0.00ns)   --->   "%br_ln778 = br void %arrayidx764838170.exit64" [../src/riccati_solver_hls.cpp:778]   --->   Operation 78 'br' 'br_ln778' <Predicate = (!icmp_ln767 & tmp == 3 & trunc_ln767 == 3)> <Delay = 0.00>
ST_1 : Operation 79 [1/1] (0.00ns)   --->   "%br_ln778 = br void %arrayidx764838170.exit64" [../src/riccati_solver_hls.cpp:778]   --->   Operation 79 'br' 'br_ln778' <Predicate = (!icmp_ln767 & tmp == 3 & trunc_ln767 == 2)> <Delay = 0.00>
ST_1 : Operation 80 [1/1] (0.00ns)   --->   "%br_ln778 = br void %arrayidx764838170.exit64" [../src/riccati_solver_hls.cpp:778]   --->   Operation 80 'br' 'br_ln778' <Predicate = (!icmp_ln767 & tmp == 3 & trunc_ln767 == 1)> <Delay = 0.00>
ST_1 : Operation 81 [1/1] (0.00ns)   --->   "%br_ln778 = br void %arrayidx764838170.exit64" [../src/riccati_solver_hls.cpp:778]   --->   Operation 81 'br' 'br_ln778' <Predicate = (!icmp_ln767 & tmp == 3 & trunc_ln767 == 0)> <Delay = 0.00>
ST_1 : Operation 82 [1/1] (0.00ns)   --->   "%br_ln778 = br void %arrayidx764838170.exit64" [../src/riccati_solver_hls.cpp:778]   --->   Operation 82 'br' 'br_ln778' <Predicate = (!icmp_ln767 & tmp == 3 & trunc_ln767 == 7)> <Delay = 0.00>
ST_1 : Operation 83 [1/1] (0.42ns)   --->   "%store_ln491 = store i4 %add_ln767, i4 %j" [../src/riccati_solver_hls.cpp:491]   --->   Operation 83 'store' 'store_ln491' <Predicate = (!icmp_ln767)> <Delay = 0.42>
ST_1 : Operation 84 [1/1] (0.00ns)   --->   "%br_ln767 = br void %for.inc765" [../src/riccati_solver_hls.cpp:767]   --->   Operation 84 'br' 'br_ln767' <Predicate = (!icmp_ln767)> <Delay = 0.00>
ST_1 : Operation 246 [1/1] (0.42ns)   --->   "%ret_ln0 = ret"   --->   Operation 246 'ret' 'ret_ln0' <Predicate = (icmp_ln767)> <Delay = 0.42>

State 2 <SV = 1> <Delay = 3.47>
ST_2 : Operation 85 [1/1] (0.00ns)   --->   "%K_0_0_0_addr = getelementptr i17 %K_0_0_0, i64 0, i64 %zext_ln491_cast" [../src/riccati_solver_hls.cpp:777]   --->   Operation 85 'getelementptr' 'K_0_0_0_addr' <Predicate = true> <Delay = 0.00>
ST_2 : Operation 86 [1/1] (0.00ns)   --->   "%K_0_1_0_addr = getelementptr i17 %K_0_1_0, i64 0, i64 %zext_ln491_cast" [../src/riccati_solver_hls.cpp:778]   --->   Operation 86 'getelementptr' 'K_0_1_0_addr' <Predicate = true> <Delay = 0.00>
ST_2 : Operation 87 [1/1] (0.00ns)   --->   "%K_0_0_1_addr = getelementptr i17 %K_0_0_1, i64 0, i64 %zext_ln491_cast" [../src/riccati_solver_hls.cpp:777]   --->   Operation 87 'getelementptr' 'K_0_0_1_addr' <Predicate = true> <Delay = 0.00>
ST_2 : Operation 88 [1/1] (0.00ns)   --->   "%K_0_1_1_addr = getelementptr i17 %K_0_1_1, i64 0, i64 %zext_ln491_cast" [../src/riccati_solver_hls.cpp:778]   --->   Operation 88 'getelementptr' 'K_0_1_1_addr' <Predicate = true> <Delay = 0.00>
ST_2 : Operation 89 [1/1] (0.00ns)   --->   "%K_0_0_2_addr = getelementptr i17 %K_0_0_2, i64 0, i64 %zext_ln491_cast" [../src/riccati_solver_hls.cpp:777]   --->   Operation 89 'getelementptr' 'K_0_0_2_addr' <Predicate = true> <Delay = 0.00>
ST_2 : Operation 90 [1/1] (0.00ns)   --->   "%K_0_1_2_addr = getelementptr i17 %K_0_1_2, i64 0, i64 %zext_ln491_cast" [../src/riccati_solver_hls.cpp:778]   --->   Operation 90 'getelementptr' 'K_0_1_2_addr' <Predicate = true> <Delay = 0.00>
ST_2 : Operation 91 [1/1] (0.00ns)   --->   "%K_0_0_3_addr = getelementptr i17 %K_0_0_3, i64 0, i64 %zext_ln491_cast" [../src/riccati_solver_hls.cpp:777]   --->   Operation 91 'getelementptr' 'K_0_0_3_addr' <Predicate = true> <Delay = 0.00>
ST_2 : Operation 92 [1/1] (0.00ns)   --->   "%K_0_1_3_addr = getelementptr i17 %K_0_1_3, i64 0, i64 %zext_ln491_cast" [../src/riccati_solver_hls.cpp:778]   --->   Operation 92 'getelementptr' 'K_0_1_3_addr' <Predicate = true> <Delay = 0.00>
ST_2 : Operation 93 [1/1] (0.00ns)   --->   "%K_0_0_4_addr = getelementptr i17 %K_0_0_4, i64 0, i64 %zext_ln491_cast" [../src/riccati_solver_hls.cpp:777]   --->   Operation 93 'getelementptr' 'K_0_0_4_addr' <Predicate = true> <Delay = 0.00>
ST_2 : Operation 94 [1/1] (0.00ns)   --->   "%K_0_1_4_addr = getelementptr i17 %K_0_1_4, i64 0, i64 %zext_ln491_cast" [../src/riccati_solver_hls.cpp:778]   --->   Operation 94 'getelementptr' 'K_0_1_4_addr' <Predicate = true> <Delay = 0.00>
ST_2 : Operation 95 [1/1] (0.00ns)   --->   "%K_0_0_5_addr = getelementptr i17 %K_0_0_5, i64 0, i64 %zext_ln491_cast" [../src/riccati_solver_hls.cpp:777]   --->   Operation 95 'getelementptr' 'K_0_0_5_addr' <Predicate = true> <Delay = 0.00>
ST_2 : Operation 96 [1/1] (0.00ns)   --->   "%K_0_1_5_addr = getelementptr i17 %K_0_1_5, i64 0, i64 %zext_ln491_cast" [../src/riccati_solver_hls.cpp:778]   --->   Operation 96 'getelementptr' 'K_0_1_5_addr' <Predicate = true> <Delay = 0.00>
ST_2 : Operation 97 [1/1] (0.00ns)   --->   "%K_0_0_6_addr = getelementptr i17 %K_0_0_6, i64 0, i64 %zext_ln491_cast" [../src/riccati_solver_hls.cpp:777]   --->   Operation 97 'getelementptr' 'K_0_0_6_addr' <Predicate = true> <Delay = 0.00>
ST_2 : Operation 98 [1/1] (0.00ns)   --->   "%K_0_1_6_addr = getelementptr i17 %K_0_1_6, i64 0, i64 %zext_ln491_cast" [../src/riccati_solver_hls.cpp:778]   --->   Operation 98 'getelementptr' 'K_0_1_6_addr' <Predicate = true> <Delay = 0.00>
ST_2 : Operation 99 [1/1] (0.00ns)   --->   "%K_0_0_7_addr = getelementptr i17 %K_0_0_7, i64 0, i64 %zext_ln491_cast" [../src/riccati_solver_hls.cpp:777]   --->   Operation 99 'getelementptr' 'K_0_0_7_addr' <Predicate = true> <Delay = 0.00>
ST_2 : Operation 100 [1/1] (0.00ns)   --->   "%K_0_1_7_addr = getelementptr i17 %K_0_1_7, i64 0, i64 %zext_ln491_cast" [../src/riccati_solver_hls.cpp:778]   --->   Operation 100 'getelementptr' 'K_0_1_7_addr' <Predicate = true> <Delay = 0.00>
ST_2 : Operation 101 [1/1] (0.00ns)   --->   "%K_1_0_0_addr = getelementptr i17 %K_1_0_0, i64 0, i64 %zext_ln491_cast" [../src/riccati_solver_hls.cpp:777]   --->   Operation 101 'getelementptr' 'K_1_0_0_addr' <Predicate = true> <Delay = 0.00>
ST_2 : Operation 102 [1/1] (0.00ns)   --->   "%K_1_1_0_addr = getelementptr i17 %K_1_1_0, i64 0, i64 %zext_ln491_cast" [../src/riccati_solver_hls.cpp:778]   --->   Operation 102 'getelementptr' 'K_1_1_0_addr' <Predicate = true> <Delay = 0.00>
ST_2 : Operation 103 [1/1] (0.00ns)   --->   "%K_1_0_1_addr = getelementptr i17 %K_1_0_1, i64 0, i64 %zext_ln491_cast" [../src/riccati_solver_hls.cpp:777]   --->   Operation 103 'getelementptr' 'K_1_0_1_addr' <Predicate = true> <Delay = 0.00>
ST_2 : Operation 104 [1/1] (0.00ns)   --->   "%K_1_1_1_addr = getelementptr i17 %K_1_1_1, i64 0, i64 %zext_ln491_cast" [../src/riccati_solver_hls.cpp:778]   --->   Operation 104 'getelementptr' 'K_1_1_1_addr' <Predicate = true> <Delay = 0.00>
ST_2 : Operation 105 [1/1] (0.00ns)   --->   "%K_1_0_2_addr = getelementptr i17 %K_1_0_2, i64 0, i64 %zext_ln491_cast" [../src/riccati_solver_hls.cpp:777]   --->   Operation 105 'getelementptr' 'K_1_0_2_addr' <Predicate = true> <Delay = 0.00>
ST_2 : Operation 106 [1/1] (0.00ns)   --->   "%K_1_1_2_addr = getelementptr i17 %K_1_1_2, i64 0, i64 %zext_ln491_cast" [../src/riccati_solver_hls.cpp:778]   --->   Operation 106 'getelementptr' 'K_1_1_2_addr' <Predicate = true> <Delay = 0.00>
ST_2 : Operation 107 [1/1] (0.00ns)   --->   "%K_1_0_3_addr = getelementptr i17 %K_1_0_3, i64 0, i64 %zext_ln491_cast" [../src/riccati_solver_hls.cpp:777]   --->   Operation 107 'getelementptr' 'K_1_0_3_addr' <Predicate = true> <Delay = 0.00>
ST_2 : Operation 108 [1/1] (0.00ns)   --->   "%K_1_1_3_addr = getelementptr i17 %K_1_1_3, i64 0, i64 %zext_ln491_cast" [../src/riccati_solver_hls.cpp:778]   --->   Operation 108 'getelementptr' 'K_1_1_3_addr' <Predicate = true> <Delay = 0.00>
ST_2 : Operation 109 [1/1] (0.00ns)   --->   "%K_1_0_4_addr = getelementptr i17 %K_1_0_4, i64 0, i64 %zext_ln491_cast" [../src/riccati_solver_hls.cpp:777]   --->   Operation 109 'getelementptr' 'K_1_0_4_addr' <Predicate = true> <Delay = 0.00>
ST_2 : Operation 110 [1/1] (0.00ns)   --->   "%K_1_1_4_addr = getelementptr i17 %K_1_1_4, i64 0, i64 %zext_ln491_cast" [../src/riccati_solver_hls.cpp:778]   --->   Operation 110 'getelementptr' 'K_1_1_4_addr' <Predicate = true> <Delay = 0.00>
ST_2 : Operation 111 [1/1] (0.00ns)   --->   "%K_1_0_5_addr = getelementptr i17 %K_1_0_5, i64 0, i64 %zext_ln491_cast" [../src/riccati_solver_hls.cpp:777]   --->   Operation 111 'getelementptr' 'K_1_0_5_addr' <Predicate = true> <Delay = 0.00>
ST_2 : Operation 112 [1/1] (0.00ns)   --->   "%K_1_1_5_addr = getelementptr i17 %K_1_1_5, i64 0, i64 %zext_ln491_cast" [../src/riccati_solver_hls.cpp:778]   --->   Operation 112 'getelementptr' 'K_1_1_5_addr' <Predicate = true> <Delay = 0.00>
ST_2 : Operation 113 [1/1] (0.00ns)   --->   "%K_1_0_6_addr = getelementptr i17 %K_1_0_6, i64 0, i64 %zext_ln491_cast" [../src/riccati_solver_hls.cpp:777]   --->   Operation 113 'getelementptr' 'K_1_0_6_addr' <Predicate = true> <Delay = 0.00>
ST_2 : Operation 114 [1/1] (0.00ns)   --->   "%K_1_1_6_addr = getelementptr i17 %K_1_1_6, i64 0, i64 %zext_ln491_cast" [../src/riccati_solver_hls.cpp:778]   --->   Operation 114 'getelementptr' 'K_1_1_6_addr' <Predicate = true> <Delay = 0.00>
ST_2 : Operation 115 [1/1] (0.00ns)   --->   "%K_1_0_7_addr = getelementptr i17 %K_1_0_7, i64 0, i64 %zext_ln491_cast" [../src/riccati_solver_hls.cpp:777]   --->   Operation 115 'getelementptr' 'K_1_0_7_addr' <Predicate = true> <Delay = 0.00>
ST_2 : Operation 116 [1/1] (0.00ns)   --->   "%K_1_1_7_addr = getelementptr i17 %K_1_1_7, i64 0, i64 %zext_ln491_cast" [../src/riccati_solver_hls.cpp:778]   --->   Operation 116 'getelementptr' 'K_1_1_7_addr' <Predicate = true> <Delay = 0.00>
ST_2 : Operation 117 [1/1] (0.00ns)   --->   "%K_2_0_0_addr = getelementptr i17 %K_2_0_0, i64 0, i64 %zext_ln491_cast" [../src/riccati_solver_hls.cpp:777]   --->   Operation 117 'getelementptr' 'K_2_0_0_addr' <Predicate = true> <Delay = 0.00>
ST_2 : Operation 118 [1/1] (0.00ns)   --->   "%K_2_1_0_addr = getelementptr i17 %K_2_1_0, i64 0, i64 %zext_ln491_cast" [../src/riccati_solver_hls.cpp:778]   --->   Operation 118 'getelementptr' 'K_2_1_0_addr' <Predicate = true> <Delay = 0.00>
ST_2 : Operation 119 [1/1] (0.00ns)   --->   "%K_2_0_1_addr = getelementptr i17 %K_2_0_1, i64 0, i64 %zext_ln491_cast" [../src/riccati_solver_hls.cpp:777]   --->   Operation 119 'getelementptr' 'K_2_0_1_addr' <Predicate = true> <Delay = 0.00>
ST_2 : Operation 120 [1/1] (0.00ns)   --->   "%K_2_1_1_addr = getelementptr i17 %K_2_1_1, i64 0, i64 %zext_ln491_cast" [../src/riccati_solver_hls.cpp:778]   --->   Operation 120 'getelementptr' 'K_2_1_1_addr' <Predicate = true> <Delay = 0.00>
ST_2 : Operation 121 [1/1] (0.00ns)   --->   "%K_2_0_2_addr = getelementptr i17 %K_2_0_2, i64 0, i64 %zext_ln491_cast" [../src/riccati_solver_hls.cpp:777]   --->   Operation 121 'getelementptr' 'K_2_0_2_addr' <Predicate = true> <Delay = 0.00>
ST_2 : Operation 122 [1/1] (0.00ns)   --->   "%K_2_1_2_addr = getelementptr i17 %K_2_1_2, i64 0, i64 %zext_ln491_cast" [../src/riccati_solver_hls.cpp:778]   --->   Operation 122 'getelementptr' 'K_2_1_2_addr' <Predicate = true> <Delay = 0.00>
ST_2 : Operation 123 [1/1] (0.00ns)   --->   "%K_2_0_3_addr = getelementptr i17 %K_2_0_3, i64 0, i64 %zext_ln491_cast" [../src/riccati_solver_hls.cpp:777]   --->   Operation 123 'getelementptr' 'K_2_0_3_addr' <Predicate = true> <Delay = 0.00>
ST_2 : Operation 124 [1/1] (0.00ns)   --->   "%K_2_1_3_addr = getelementptr i17 %K_2_1_3, i64 0, i64 %zext_ln491_cast" [../src/riccati_solver_hls.cpp:778]   --->   Operation 124 'getelementptr' 'K_2_1_3_addr' <Predicate = true> <Delay = 0.00>
ST_2 : Operation 125 [1/1] (0.00ns)   --->   "%K_2_0_4_addr = getelementptr i17 %K_2_0_4, i64 0, i64 %zext_ln491_cast" [../src/riccati_solver_hls.cpp:777]   --->   Operation 125 'getelementptr' 'K_2_0_4_addr' <Predicate = true> <Delay = 0.00>
ST_2 : Operation 126 [1/1] (0.00ns)   --->   "%K_2_1_4_addr = getelementptr i17 %K_2_1_4, i64 0, i64 %zext_ln491_cast" [../src/riccati_solver_hls.cpp:778]   --->   Operation 126 'getelementptr' 'K_2_1_4_addr' <Predicate = true> <Delay = 0.00>
ST_2 : Operation 127 [1/1] (0.00ns)   --->   "%K_2_0_5_addr = getelementptr i17 %K_2_0_5, i64 0, i64 %zext_ln491_cast" [../src/riccati_solver_hls.cpp:777]   --->   Operation 127 'getelementptr' 'K_2_0_5_addr' <Predicate = true> <Delay = 0.00>
ST_2 : Operation 128 [1/1] (0.00ns)   --->   "%K_2_1_5_addr = getelementptr i17 %K_2_1_5, i64 0, i64 %zext_ln491_cast" [../src/riccati_solver_hls.cpp:778]   --->   Operation 128 'getelementptr' 'K_2_1_5_addr' <Predicate = true> <Delay = 0.00>
ST_2 : Operation 129 [1/1] (0.00ns)   --->   "%K_2_0_6_addr = getelementptr i17 %K_2_0_6, i64 0, i64 %zext_ln491_cast" [../src/riccati_solver_hls.cpp:777]   --->   Operation 129 'getelementptr' 'K_2_0_6_addr' <Predicate = true> <Delay = 0.00>
ST_2 : Operation 130 [1/1] (0.00ns)   --->   "%K_2_1_6_addr = getelementptr i17 %K_2_1_6, i64 0, i64 %zext_ln491_cast" [../src/riccati_solver_hls.cpp:778]   --->   Operation 130 'getelementptr' 'K_2_1_6_addr' <Predicate = true> <Delay = 0.00>
ST_2 : Operation 131 [1/1] (0.00ns)   --->   "%K_2_0_7_addr = getelementptr i17 %K_2_0_7, i64 0, i64 %zext_ln491_cast" [../src/riccati_solver_hls.cpp:777]   --->   Operation 131 'getelementptr' 'K_2_0_7_addr' <Predicate = true> <Delay = 0.00>
ST_2 : Operation 132 [1/1] (0.00ns)   --->   "%K_2_1_7_addr = getelementptr i17 %K_2_1_7, i64 0, i64 %zext_ln491_cast" [../src/riccati_solver_hls.cpp:778]   --->   Operation 132 'getelementptr' 'K_2_1_7_addr' <Predicate = true> <Delay = 0.00>
ST_2 : Operation 133 [1/1] (0.00ns)   --->   "%K_3_0_0_addr = getelementptr i17 %K_3_0_0, i64 0, i64 %zext_ln491_cast" [../src/riccati_solver_hls.cpp:777]   --->   Operation 133 'getelementptr' 'K_3_0_0_addr' <Predicate = true> <Delay = 0.00>
ST_2 : Operation 134 [1/1] (0.00ns)   --->   "%K_3_1_0_addr = getelementptr i17 %K_3_1_0, i64 0, i64 %zext_ln491_cast" [../src/riccati_solver_hls.cpp:778]   --->   Operation 134 'getelementptr' 'K_3_1_0_addr' <Predicate = true> <Delay = 0.00>
ST_2 : Operation 135 [1/1] (0.00ns)   --->   "%K_3_0_1_addr = getelementptr i17 %K_3_0_1, i64 0, i64 %zext_ln491_cast" [../src/riccati_solver_hls.cpp:777]   --->   Operation 135 'getelementptr' 'K_3_0_1_addr' <Predicate = true> <Delay = 0.00>
ST_2 : Operation 136 [1/1] (0.00ns)   --->   "%K_3_1_1_addr = getelementptr i17 %K_3_1_1, i64 0, i64 %zext_ln491_cast" [../src/riccati_solver_hls.cpp:778]   --->   Operation 136 'getelementptr' 'K_3_1_1_addr' <Predicate = true> <Delay = 0.00>
ST_2 : Operation 137 [1/1] (0.00ns)   --->   "%K_3_0_2_addr = getelementptr i17 %K_3_0_2, i64 0, i64 %zext_ln491_cast" [../src/riccati_solver_hls.cpp:777]   --->   Operation 137 'getelementptr' 'K_3_0_2_addr' <Predicate = true> <Delay = 0.00>
ST_2 : Operation 138 [1/1] (0.00ns)   --->   "%K_3_1_2_addr = getelementptr i17 %K_3_1_2, i64 0, i64 %zext_ln491_cast" [../src/riccati_solver_hls.cpp:778]   --->   Operation 138 'getelementptr' 'K_3_1_2_addr' <Predicate = true> <Delay = 0.00>
ST_2 : Operation 139 [1/1] (0.00ns)   --->   "%K_3_0_3_addr = getelementptr i17 %K_3_0_3, i64 0, i64 %zext_ln491_cast" [../src/riccati_solver_hls.cpp:777]   --->   Operation 139 'getelementptr' 'K_3_0_3_addr' <Predicate = true> <Delay = 0.00>
ST_2 : Operation 140 [1/1] (0.00ns)   --->   "%K_3_1_3_addr = getelementptr i17 %K_3_1_3, i64 0, i64 %zext_ln491_cast" [../src/riccati_solver_hls.cpp:778]   --->   Operation 140 'getelementptr' 'K_3_1_3_addr' <Predicate = true> <Delay = 0.00>
ST_2 : Operation 141 [1/1] (0.00ns)   --->   "%K_3_0_4_addr = getelementptr i17 %K_3_0_4, i64 0, i64 %zext_ln491_cast" [../src/riccati_solver_hls.cpp:777]   --->   Operation 141 'getelementptr' 'K_3_0_4_addr' <Predicate = true> <Delay = 0.00>
ST_2 : Operation 142 [1/1] (0.00ns)   --->   "%K_3_1_4_addr = getelementptr i17 %K_3_1_4, i64 0, i64 %zext_ln491_cast" [../src/riccati_solver_hls.cpp:778]   --->   Operation 142 'getelementptr' 'K_3_1_4_addr' <Predicate = true> <Delay = 0.00>
ST_2 : Operation 143 [1/1] (0.00ns)   --->   "%K_3_0_5_addr = getelementptr i17 %K_3_0_5, i64 0, i64 %zext_ln491_cast" [../src/riccati_solver_hls.cpp:777]   --->   Operation 143 'getelementptr' 'K_3_0_5_addr' <Predicate = true> <Delay = 0.00>
ST_2 : Operation 144 [1/1] (0.00ns)   --->   "%K_3_1_5_addr = getelementptr i17 %K_3_1_5, i64 0, i64 %zext_ln491_cast" [../src/riccati_solver_hls.cpp:778]   --->   Operation 144 'getelementptr' 'K_3_1_5_addr' <Predicate = true> <Delay = 0.00>
ST_2 : Operation 145 [1/1] (0.00ns)   --->   "%K_3_0_6_addr = getelementptr i17 %K_3_0_6, i64 0, i64 %zext_ln491_cast" [../src/riccati_solver_hls.cpp:777]   --->   Operation 145 'getelementptr' 'K_3_0_6_addr' <Predicate = true> <Delay = 0.00>
ST_2 : Operation 146 [1/1] (0.00ns)   --->   "%K_3_1_6_addr = getelementptr i17 %K_3_1_6, i64 0, i64 %zext_ln491_cast" [../src/riccati_solver_hls.cpp:778]   --->   Operation 146 'getelementptr' 'K_3_1_6_addr' <Predicate = true> <Delay = 0.00>
ST_2 : Operation 147 [1/1] (0.00ns)   --->   "%K_3_0_7_addr = getelementptr i17 %K_3_0_7, i64 0, i64 %zext_ln491_cast" [../src/riccati_solver_hls.cpp:777]   --->   Operation 147 'getelementptr' 'K_3_0_7_addr' <Predicate = true> <Delay = 0.00>
ST_2 : Operation 148 [1/1] (0.00ns)   --->   "%K_3_1_7_addr = getelementptr i17 %K_3_1_7, i64 0, i64 %zext_ln491_cast" [../src/riccati_solver_hls.cpp:778]   --->   Operation 148 'getelementptr' 'K_3_1_7_addr' <Predicate = true> <Delay = 0.00>
ST_2 : Operation 149 [1/1] (0.00ns)   --->   "%specpipeline_ln768 = specpipeline void @_ssdm_op_SpecPipeline, i32 1, i32 0, i32 0, i32 0, i32 4294967295, void @empty_524" [../src/riccati_solver_hls.cpp:768]   --->   Operation 149 'specpipeline' 'specpipeline_ln768' <Predicate = true> <Delay = 0.00>
ST_2 : Operation 150 [1/1] (0.00ns)   --->   "%speclooptripcount_ln491 = speclooptripcount void @_ssdm_op_SpecLoopTripCount, i64 8, i64 8, i64 8" [../src/riccati_solver_hls.cpp:491]   --->   Operation 150 'speclooptripcount' 'speclooptripcount_ln491' <Predicate = true> <Delay = 0.00>
ST_2 : Operation 151 [1/1] (0.00ns)   --->   "%specloopname_ln767 = specloopname void @_ssdm_op_SpecLoopName, void @empty_534" [../src/riccati_solver_hls.cpp:767]   --->   Operation 151 'specloopname' 'specloopname_ln767' <Predicate = true> <Delay = 0.00>
ST_2 : Operation 152 [1/1] (0.00ns)   --->   "%rbegin = specregionbegin i32 @_ssdm_op_SpecRegionBegin, void @empty_447" [../src/fp_math_hls.cpp:280->../src/riccati_solver_hls.cpp:770]   --->   Operation 152 'specregionbegin' 'rbegin' <Predicate = true> <Delay = 0.00>
ST_2 : Operation 153 [1/2] (2.08ns)   --->   "%mul_ln280 = mul i44 %sext_ln280_cast, i44 %sext_ln280_3" [../src/fp_math_hls.cpp:280->../src/riccati_solver_hls.cpp:770]   --->   Operation 153 'mul' 'mul_ln280' <Predicate = true> <Delay = 2.08> <CoreInst = "Mul_DSP">   --->   Core 5 'Mul_DSP' <Latency = 1> <II = 1> <Delay = 2.08> <FuncUnit> <Opcode : 'mul'> <InPorts = 2> <OutPorts = 1>
ST_2 : Operation 154 [1/1] (0.00ns)   --->   "%specfucore_ln281 = specfucore void @_ssdm_op_SpecFUCore, i44 %mul_ln280, i64 12, i64 3, i64 1, i1 0" [../src/fp_math_hls.cpp:281->../src/riccati_solver_hls.cpp:770]   --->   Operation 154 'specfucore' 'specfucore_ln281' <Predicate = true> <Delay = 0.00>
ST_2 : Operation 155 [1/1] (0.00ns)   --->   "%rend668 = specregionend i32 @_ssdm_op_SpecRegionEnd, void @empty_447, i32 %rbegin" [../src/fp_math_hls.cpp:280->../src/riccati_solver_hls.cpp:770]   --->   Operation 155 'specregionend' 'rend668' <Predicate = true> <Delay = 0.00>
ST_2 : Operation 156 [1/1] (0.00ns)   --->   "%trunc_ln770 = trunc i44 %mul_ln280" [../src/riccati_solver_hls.cpp:770]   --->   Operation 156 'trunc' 'trunc_ln770' <Predicate = true> <Delay = 0.00>
ST_2 : Operation 157 [1/1] (0.00ns)   --->   "%rbegin50 = specregionbegin i32 @_ssdm_op_SpecRegionBegin, void @empty_472" [../src/fp_math_hls.cpp:280->../src/riccati_solver_hls.cpp:771]   --->   Operation 157 'specregionbegin' 'rbegin50' <Predicate = true> <Delay = 0.00>
ST_2 : Operation 158 [1/2] (2.08ns)   --->   "%mul_ln280_1 = mul i44 %sext_ln280_1_cast, i44 %sext_ln280_4" [../src/fp_math_hls.cpp:280->../src/riccati_solver_hls.cpp:771]   --->   Operation 158 'mul' 'mul_ln280_1' <Predicate = true> <Delay = 2.08> <CoreInst = "Mul_DSP">   --->   Core 5 'Mul_DSP' <Latency = 1> <II = 1> <Delay = 2.08> <FuncUnit> <Opcode : 'mul'> <InPorts = 2> <OutPorts = 1>
ST_2 : Operation 159 [1/1] (0.00ns)   --->   "%specfucore_ln281 = specfucore void @_ssdm_op_SpecFUCore, i44 %mul_ln280_1, i64 12, i64 3, i64 1, i1 0" [../src/fp_math_hls.cpp:281->../src/riccati_solver_hls.cpp:771]   --->   Operation 159 'specfucore' 'specfucore_ln281' <Predicate = true> <Delay = 0.00>
ST_2 : Operation 160 [1/1] (0.00ns)   --->   "%rend666 = specregionend i32 @_ssdm_op_SpecRegionEnd, void @empty_472, i32 %rbegin50" [../src/fp_math_hls.cpp:280->../src/riccati_solver_hls.cpp:771]   --->   Operation 160 'specregionend' 'rend666' <Predicate = true> <Delay = 0.00>
ST_2 : Operation 161 [1/1] (0.00ns)   --->   "%trunc_ln771 = trunc i44 %mul_ln280_1" [../src/riccati_solver_hls.cpp:771]   --->   Operation 161 'trunc' 'trunc_ln771' <Predicate = true> <Delay = 0.00>
ST_2 : Operation 162 [1/1] (0.00ns) (grouped into TernaryAdder)   --->   "%val0 = add i26 %trunc_ln771, i26 %trunc_ln770" [../src/riccati_solver_hls.cpp:770]   --->   Operation 162 'add' 'val0' <Predicate = true> <Delay = 0.00> <CoreInst = "TAddSub">   --->   Core 10 'TAddSub' <Latency = 0> <II = 1> <Delay = 0.35> <IPBlock> <Opcode : 'add' 'sub'> <InPorts = 3> <OutPorts = 1> <Sync> <CReg>
ST_2 : Operation 163 [1/1] (0.00ns)   --->   "%rbegin51 = specregionbegin i32 @_ssdm_op_SpecRegionBegin, void @empty_470" [../src/fp_math_hls.cpp:280->../src/riccati_solver_hls.cpp:773]   --->   Operation 163 'specregionbegin' 'rbegin51' <Predicate = true> <Delay = 0.00>
ST_2 : Operation 164 [1/2] (2.08ns)   --->   "%mul_ln280_2 = mul i44 %sext_ln280_2_cast, i44 %sext_ln280_3" [../src/fp_math_hls.cpp:280->../src/riccati_solver_hls.cpp:773]   --->   Operation 164 'mul' 'mul_ln280_2' <Predicate = true> <Delay = 2.08> <CoreInst = "Mul_DSP">   --->   Core 5 'Mul_DSP' <Latency = 1> <II = 1> <Delay = 2.08> <FuncUnit> <Opcode : 'mul'> <InPorts = 2> <OutPorts = 1>
ST_2 : Operation 165 [1/1] (0.00ns)   --->   "%specfucore_ln281 = specfucore void @_ssdm_op_SpecFUCore, i44 %mul_ln280_2, i64 12, i64 3, i64 1, i1 0" [../src/fp_math_hls.cpp:281->../src/riccati_solver_hls.cpp:773]   --->   Operation 165 'specfucore' 'specfucore_ln281' <Predicate = true> <Delay = 0.00>
ST_2 : Operation 166 [1/1] (0.00ns)   --->   "%rend664 = specregionend i32 @_ssdm_op_SpecRegionEnd, void @empty_470, i32 %rbegin51" [../src/fp_math_hls.cpp:280->../src/riccati_solver_hls.cpp:773]   --->   Operation 166 'specregionend' 'rend664' <Predicate = true> <Delay = 0.00>
ST_2 : Operation 167 [1/1] (0.00ns)   --->   "%trunc_ln773 = trunc i44 %mul_ln280_2" [../src/riccati_solver_hls.cpp:773]   --->   Operation 167 'trunc' 'trunc_ln773' <Predicate = true> <Delay = 0.00>
ST_2 : Operation 168 [1/1] (0.00ns)   --->   "%rbegin52 = specregionbegin i32 @_ssdm_op_SpecRegionBegin, void @empty_465" [../src/fp_math_hls.cpp:280->../src/riccati_solver_hls.cpp:774]   --->   Operation 168 'specregionbegin' 'rbegin52' <Predicate = true> <Delay = 0.00>
ST_2 : Operation 169 [1/2] (2.08ns)   --->   "%mul_ln280_3 = mul i44 %sext_ln777_cast, i44 %sext_ln280_4" [../src/fp_math_hls.cpp:280->../src/riccati_solver_hls.cpp:774]   --->   Operation 169 'mul' 'mul_ln280_3' <Predicate = true> <Delay = 2.08> <CoreInst = "Mul_DSP">   --->   Core 5 'Mul_DSP' <Latency = 1> <II = 1> <Delay = 2.08> <FuncUnit> <Opcode : 'mul'> <InPorts = 2> <OutPorts = 1>
ST_2 : Operation 170 [1/1] (0.00ns)   --->   "%specfucore_ln281 = specfucore void @_ssdm_op_SpecFUCore, i44 %mul_ln280_3, i64 12, i64 3, i64 1, i1 0" [../src/fp_math_hls.cpp:281->../src/riccati_solver_hls.cpp:774]   --->   Operation 170 'specfucore' 'specfucore_ln281' <Predicate = true> <Delay = 0.00>
ST_2 : Operation 171 [1/1] (0.00ns)   --->   "%rend662 = specregionend i32 @_ssdm_op_SpecRegionEnd, void @empty_465, i32 %rbegin52" [../src/fp_math_hls.cpp:280->../src/riccati_solver_hls.cpp:774]   --->   Operation 171 'specregionend' 'rend662' <Predicate = true> <Delay = 0.00>
ST_2 : Operation 172 [1/1] (0.00ns)   --->   "%trunc_ln774 = trunc i44 %mul_ln280_3" [../src/riccati_solver_hls.cpp:774]   --->   Operation 172 'trunc' 'trunc_ln774' <Predicate = true> <Delay = 0.00>
ST_2 : Operation 173 [1/1] (0.00ns) (grouped into TernaryAdder)   --->   "%val1 = add i26 %trunc_ln774, i26 %trunc_ln773" [../src/riccati_solver_hls.cpp:773]   --->   Operation 173 'add' 'val1' <Predicate = true> <Delay = 0.00> <CoreInst = "TAddSub">   --->   Core 10 'TAddSub' <Latency = 0> <II = 1> <Delay = 0.35> <IPBlock> <Opcode : 'add' 'sub'> <InPorts = 3> <OutPorts = 1> <Sync> <CReg>
ST_2 : Operation 174 [1/1] (0.71ns) (root node of TernaryAdder)   --->   "%v = sub i26 0, i26 %val0" [../src/riccati_solver_hls.cpp:777]   --->   Operation 174 'sub' 'v' <Predicate = true> <Delay = 0.71> <CoreInst = "TAddSub">   --->   Core 10 'TAddSub' <Latency = 0> <II = 1> <Delay = 0.35> <IPBlock> <Opcode : 'add' 'sub'> <InPorts = 3> <OutPorts = 1> <Sync> <CReg>
ST_2 : Operation 175 [1/1] (0.00ns)   --->   "%trunc_ln627_7 = partselect i17 @_ssdm_op_PartSelect.i17.i26.i32.i32, i26 %v, i32 9, i32 25" [include/fp_types_hls.hpp:627->include/fp_types_hls.hpp:641->include/fp_types_hls.hpp:703->../src/riccati_solver_hls.cpp:777]   --->   Operation 175 'partselect' 'trunc_ln627_7' <Predicate = true> <Delay = 0.00>
ST_2 : Operation 176 [1/1] (0.71ns) (root node of TernaryAdder)   --->   "%v_4 = sub i26 0, i26 %val1" [../src/riccati_solver_hls.cpp:778]   --->   Operation 176 'sub' 'v_4' <Predicate = true> <Delay = 0.71> <CoreInst = "TAddSub">   --->   Core 10 'TAddSub' <Latency = 0> <II = 1> <Delay = 0.35> <IPBlock> <Opcode : 'add' 'sub'> <InPorts = 3> <OutPorts = 1> <Sync> <CReg>
ST_2 : Operation 177 [1/1] (0.00ns)   --->   "%trunc_ln627_8 = partselect i17 @_ssdm_op_PartSelect.i17.i26.i32.i32, i26 %v_4, i32 9, i32 25" [include/fp_types_hls.hpp:627->include/fp_types_hls.hpp:641->include/fp_types_hls.hpp:703->../src/riccati_solver_hls.cpp:778]   --->   Operation 177 'partselect' 'trunc_ln627_8' <Predicate = true> <Delay = 0.00>
ST_2 : Operation 178 [1/1] ( I:0.67ns O:0.67ns )   --->   "%store_ln777 = store i17 %trunc_ln627_7, i3 %K_2_0_6_addr" [../src/riccati_solver_hls.cpp:777]   --->   Operation 178 'store' 'store_ln777' <Predicate = (tmp == 2 & trunc_ln767 == 6)> <Delay = 0.67> <CoreInst = "RAM">   --->   Core 82 'RAM' <Latency = 1> <II = 1> <Delay = 0.67> <Storage> <Opcode : 'load' 'store'> <Ports = 2> <Width = 17> <Depth = 5> <RAM>
ST_2 : Operation 179 [1/1] ( I:0.67ns O:0.67ns )   --->   "%store_ln778 = store i17 %trunc_ln627_8, i3 %K_2_1_6_addr" [../src/riccati_solver_hls.cpp:778]   --->   Operation 179 'store' 'store_ln778' <Predicate = (tmp == 2 & trunc_ln767 == 6)> <Delay = 0.67> <CoreInst = "RAM">   --->   Core 82 'RAM' <Latency = 1> <II = 1> <Delay = 0.67> <Storage> <Opcode : 'load' 'store'> <Ports = 2> <Width = 17> <Depth = 5> <RAM>
ST_2 : Operation 180 [1/1] ( I:0.67ns O:0.67ns )   --->   "%store_ln777 = store i17 %trunc_ln627_7, i3 %K_2_0_5_addr" [../src/riccati_solver_hls.cpp:777]   --->   Operation 180 'store' 'store_ln777' <Predicate = (tmp == 2 & trunc_ln767 == 5)> <Delay = 0.67> <CoreInst = "RAM">   --->   Core 82 'RAM' <Latency = 1> <II = 1> <Delay = 0.67> <Storage> <Opcode : 'load' 'store'> <Ports = 2> <Width = 17> <Depth = 5> <RAM>
ST_2 : Operation 181 [1/1] ( I:0.67ns O:0.67ns )   --->   "%store_ln778 = store i17 %trunc_ln627_8, i3 %K_2_1_5_addr" [../src/riccati_solver_hls.cpp:778]   --->   Operation 181 'store' 'store_ln778' <Predicate = (tmp == 2 & trunc_ln767 == 5)> <Delay = 0.67> <CoreInst = "RAM">   --->   Core 82 'RAM' <Latency = 1> <II = 1> <Delay = 0.67> <Storage> <Opcode : 'load' 'store'> <Ports = 2> <Width = 17> <Depth = 5> <RAM>
ST_2 : Operation 182 [1/1] ( I:0.67ns O:0.67ns )   --->   "%store_ln777 = store i17 %trunc_ln627_7, i3 %K_2_0_4_addr" [../src/riccati_solver_hls.cpp:777]   --->   Operation 182 'store' 'store_ln777' <Predicate = (tmp == 2 & trunc_ln767 == 4)> <Delay = 0.67> <CoreInst = "RAM">   --->   Core 82 'RAM' <Latency = 1> <II = 1> <Delay = 0.67> <Storage> <Opcode : 'load' 'store'> <Ports = 2> <Width = 17> <Depth = 5> <RAM>
ST_2 : Operation 183 [1/1] ( I:0.67ns O:0.67ns )   --->   "%store_ln778 = store i17 %trunc_ln627_8, i3 %K_2_1_4_addr" [../src/riccati_solver_hls.cpp:778]   --->   Operation 183 'store' 'store_ln778' <Predicate = (tmp == 2 & trunc_ln767 == 4)> <Delay = 0.67> <CoreInst = "RAM">   --->   Core 82 'RAM' <Latency = 1> <II = 1> <Delay = 0.67> <Storage> <Opcode : 'load' 'store'> <Ports = 2> <Width = 17> <Depth = 5> <RAM>
ST_2 : Operation 184 [1/1] ( I:0.67ns O:0.67ns )   --->   "%store_ln777 = store i17 %trunc_ln627_7, i3 %K_2_0_3_addr" [../src/riccati_solver_hls.cpp:777]   --->   Operation 184 'store' 'store_ln777' <Predicate = (tmp == 2 & trunc_ln767 == 3)> <Delay = 0.67> <CoreInst = "RAM">   --->   Core 82 'RAM' <Latency = 1> <II = 1> <Delay = 0.67> <Storage> <Opcode : 'load' 'store'> <Ports = 2> <Width = 17> <Depth = 5> <RAM>
ST_2 : Operation 185 [1/1] ( I:0.67ns O:0.67ns )   --->   "%store_ln778 = store i17 %trunc_ln627_8, i3 %K_2_1_3_addr" [../src/riccati_solver_hls.cpp:778]   --->   Operation 185 'store' 'store_ln778' <Predicate = (tmp == 2 & trunc_ln767 == 3)> <Delay = 0.67> <CoreInst = "RAM">   --->   Core 82 'RAM' <Latency = 1> <II = 1> <Delay = 0.67> <Storage> <Opcode : 'load' 'store'> <Ports = 2> <Width = 17> <Depth = 5> <RAM>
ST_2 : Operation 186 [1/1] ( I:0.67ns O:0.67ns )   --->   "%store_ln777 = store i17 %trunc_ln627_7, i3 %K_2_0_2_addr" [../src/riccati_solver_hls.cpp:777]   --->   Operation 186 'store' 'store_ln777' <Predicate = (tmp == 2 & trunc_ln767 == 2)> <Delay = 0.67> <CoreInst = "RAM">   --->   Core 82 'RAM' <Latency = 1> <II = 1> <Delay = 0.67> <Storage> <Opcode : 'load' 'store'> <Ports = 2> <Width = 17> <Depth = 5> <RAM>
ST_2 : Operation 187 [1/1] ( I:0.67ns O:0.67ns )   --->   "%store_ln778 = store i17 %trunc_ln627_8, i3 %K_2_1_2_addr" [../src/riccati_solver_hls.cpp:778]   --->   Operation 187 'store' 'store_ln778' <Predicate = (tmp == 2 & trunc_ln767 == 2)> <Delay = 0.67> <CoreInst = "RAM">   --->   Core 82 'RAM' <Latency = 1> <II = 1> <Delay = 0.67> <Storage> <Opcode : 'load' 'store'> <Ports = 2> <Width = 17> <Depth = 5> <RAM>
ST_2 : Operation 188 [1/1] ( I:0.67ns O:0.67ns )   --->   "%store_ln777 = store i17 %trunc_ln627_7, i3 %K_2_0_1_addr" [../src/riccati_solver_hls.cpp:777]   --->   Operation 188 'store' 'store_ln777' <Predicate = (tmp == 2 & trunc_ln767 == 1)> <Delay = 0.67> <CoreInst = "RAM">   --->   Core 82 'RAM' <Latency = 1> <II = 1> <Delay = 0.67> <Storage> <Opcode : 'load' 'store'> <Ports = 2> <Width = 17> <Depth = 5> <RAM>
ST_2 : Operation 189 [1/1] ( I:0.67ns O:0.67ns )   --->   "%store_ln778 = store i17 %trunc_ln627_8, i3 %K_2_1_1_addr" [../src/riccati_solver_hls.cpp:778]   --->   Operation 189 'store' 'store_ln778' <Predicate = (tmp == 2 & trunc_ln767 == 1)> <Delay = 0.67> <CoreInst = "RAM">   --->   Core 82 'RAM' <Latency = 1> <II = 1> <Delay = 0.67> <Storage> <Opcode : 'load' 'store'> <Ports = 2> <Width = 17> <Depth = 5> <RAM>
ST_2 : Operation 190 [1/1] ( I:0.67ns O:0.67ns )   --->   "%store_ln777 = store i17 %trunc_ln627_7, i3 %K_2_0_0_addr" [../src/riccati_solver_hls.cpp:777]   --->   Operation 190 'store' 'store_ln777' <Predicate = (tmp == 2 & trunc_ln767 == 0)> <Delay = 0.67> <CoreInst = "RAM">   --->   Core 82 'RAM' <Latency = 1> <II = 1> <Delay = 0.67> <Storage> <Opcode : 'load' 'store'> <Ports = 2> <Width = 17> <Depth = 5> <RAM>
ST_2 : Operation 191 [1/1] ( I:0.67ns O:0.67ns )   --->   "%store_ln778 = store i17 %trunc_ln627_8, i3 %K_2_1_0_addr" [../src/riccati_solver_hls.cpp:778]   --->   Operation 191 'store' 'store_ln778' <Predicate = (tmp == 2 & trunc_ln767 == 0)> <Delay = 0.67> <CoreInst = "RAM">   --->   Core 82 'RAM' <Latency = 1> <II = 1> <Delay = 0.67> <Storage> <Opcode : 'load' 'store'> <Ports = 2> <Width = 17> <Depth = 5> <RAM>
ST_2 : Operation 192 [1/1] ( I:0.67ns O:0.67ns )   --->   "%store_ln777 = store i17 %trunc_ln627_7, i3 %K_2_0_7_addr" [../src/riccati_solver_hls.cpp:777]   --->   Operation 192 'store' 'store_ln777' <Predicate = (tmp == 2 & trunc_ln767 == 7)> <Delay = 0.67> <CoreInst = "RAM">   --->   Core 82 'RAM' <Latency = 1> <II = 1> <Delay = 0.67> <Storage> <Opcode : 'load' 'store'> <Ports = 2> <Width = 17> <Depth = 5> <RAM>
ST_2 : Operation 193 [1/1] ( I:0.67ns O:0.67ns )   --->   "%store_ln778 = store i17 %trunc_ln627_8, i3 %K_2_1_7_addr" [../src/riccati_solver_hls.cpp:778]   --->   Operation 193 'store' 'store_ln778' <Predicate = (tmp == 2 & trunc_ln767 == 7)> <Delay = 0.67> <CoreInst = "RAM">   --->   Core 82 'RAM' <Latency = 1> <II = 1> <Delay = 0.67> <Storage> <Opcode : 'load' 'store'> <Ports = 2> <Width = 17> <Depth = 5> <RAM>
ST_2 : Operation 194 [1/1] (0.00ns)   --->   "%br_ln778 = br void %arrayidx764838170.exit" [../src/riccati_solver_hls.cpp:778]   --->   Operation 194 'br' 'br_ln778' <Predicate = (tmp == 2)> <Delay = 0.00>
ST_2 : Operation 195 [1/1] ( I:0.67ns O:0.67ns )   --->   "%store_ln777 = store i17 %trunc_ln627_7, i3 %K_1_0_6_addr" [../src/riccati_solver_hls.cpp:777]   --->   Operation 195 'store' 'store_ln777' <Predicate = (tmp == 1 & trunc_ln767 == 6)> <Delay = 0.67> <CoreInst = "RAM">   --->   Core 82 'RAM' <Latency = 1> <II = 1> <Delay = 0.67> <Storage> <Opcode : 'load' 'store'> <Ports = 2> <Width = 17> <Depth = 5> <RAM>
ST_2 : Operation 196 [1/1] ( I:0.67ns O:0.67ns )   --->   "%store_ln778 = store i17 %trunc_ln627_8, i3 %K_1_1_6_addr" [../src/riccati_solver_hls.cpp:778]   --->   Operation 196 'store' 'store_ln778' <Predicate = (tmp == 1 & trunc_ln767 == 6)> <Delay = 0.67> <CoreInst = "RAM">   --->   Core 82 'RAM' <Latency = 1> <II = 1> <Delay = 0.67> <Storage> <Opcode : 'load' 'store'> <Ports = 2> <Width = 17> <Depth = 5> <RAM>
ST_2 : Operation 197 [1/1] ( I:0.67ns O:0.67ns )   --->   "%store_ln777 = store i17 %trunc_ln627_7, i3 %K_1_0_5_addr" [../src/riccati_solver_hls.cpp:777]   --->   Operation 197 'store' 'store_ln777' <Predicate = (tmp == 1 & trunc_ln767 == 5)> <Delay = 0.67> <CoreInst = "RAM">   --->   Core 82 'RAM' <Latency = 1> <II = 1> <Delay = 0.67> <Storage> <Opcode : 'load' 'store'> <Ports = 2> <Width = 17> <Depth = 5> <RAM>
ST_2 : Operation 198 [1/1] ( I:0.67ns O:0.67ns )   --->   "%store_ln778 = store i17 %trunc_ln627_8, i3 %K_1_1_5_addr" [../src/riccati_solver_hls.cpp:778]   --->   Operation 198 'store' 'store_ln778' <Predicate = (tmp == 1 & trunc_ln767 == 5)> <Delay = 0.67> <CoreInst = "RAM">   --->   Core 82 'RAM' <Latency = 1> <II = 1> <Delay = 0.67> <Storage> <Opcode : 'load' 'store'> <Ports = 2> <Width = 17> <Depth = 5> <RAM>
ST_2 : Operation 199 [1/1] ( I:0.67ns O:0.67ns )   --->   "%store_ln777 = store i17 %trunc_ln627_7, i3 %K_1_0_4_addr" [../src/riccati_solver_hls.cpp:777]   --->   Operation 199 'store' 'store_ln777' <Predicate = (tmp == 1 & trunc_ln767 == 4)> <Delay = 0.67> <CoreInst = "RAM">   --->   Core 82 'RAM' <Latency = 1> <II = 1> <Delay = 0.67> <Storage> <Opcode : 'load' 'store'> <Ports = 2> <Width = 17> <Depth = 5> <RAM>
ST_2 : Operation 200 [1/1] ( I:0.67ns O:0.67ns )   --->   "%store_ln778 = store i17 %trunc_ln627_8, i3 %K_1_1_4_addr" [../src/riccati_solver_hls.cpp:778]   --->   Operation 200 'store' 'store_ln778' <Predicate = (tmp == 1 & trunc_ln767 == 4)> <Delay = 0.67> <CoreInst = "RAM">   --->   Core 82 'RAM' <Latency = 1> <II = 1> <Delay = 0.67> <Storage> <Opcode : 'load' 'store'> <Ports = 2> <Width = 17> <Depth = 5> <RAM>
ST_2 : Operation 201 [1/1] ( I:0.67ns O:0.67ns )   --->   "%store_ln777 = store i17 %trunc_ln627_7, i3 %K_1_0_3_addr" [../src/riccati_solver_hls.cpp:777]   --->   Operation 201 'store' 'store_ln777' <Predicate = (tmp == 1 & trunc_ln767 == 3)> <Delay = 0.67> <CoreInst = "RAM">   --->   Core 82 'RAM' <Latency = 1> <II = 1> <Delay = 0.67> <Storage> <Opcode : 'load' 'store'> <Ports = 2> <Width = 17> <Depth = 5> <RAM>
ST_2 : Operation 202 [1/1] ( I:0.67ns O:0.67ns )   --->   "%store_ln778 = store i17 %trunc_ln627_8, i3 %K_1_1_3_addr" [../src/riccati_solver_hls.cpp:778]   --->   Operation 202 'store' 'store_ln778' <Predicate = (tmp == 1 & trunc_ln767 == 3)> <Delay = 0.67> <CoreInst = "RAM">   --->   Core 82 'RAM' <Latency = 1> <II = 1> <Delay = 0.67> <Storage> <Opcode : 'load' 'store'> <Ports = 2> <Width = 17> <Depth = 5> <RAM>
ST_2 : Operation 203 [1/1] ( I:0.67ns O:0.67ns )   --->   "%store_ln777 = store i17 %trunc_ln627_7, i3 %K_1_0_2_addr" [../src/riccati_solver_hls.cpp:777]   --->   Operation 203 'store' 'store_ln777' <Predicate = (tmp == 1 & trunc_ln767 == 2)> <Delay = 0.67> <CoreInst = "RAM">   --->   Core 82 'RAM' <Latency = 1> <II = 1> <Delay = 0.67> <Storage> <Opcode : 'load' 'store'> <Ports = 2> <Width = 17> <Depth = 5> <RAM>
ST_2 : Operation 204 [1/1] ( I:0.67ns O:0.67ns )   --->   "%store_ln778 = store i17 %trunc_ln627_8, i3 %K_1_1_2_addr" [../src/riccati_solver_hls.cpp:778]   --->   Operation 204 'store' 'store_ln778' <Predicate = (tmp == 1 & trunc_ln767 == 2)> <Delay = 0.67> <CoreInst = "RAM">   --->   Core 82 'RAM' <Latency = 1> <II = 1> <Delay = 0.67> <Storage> <Opcode : 'load' 'store'> <Ports = 2> <Width = 17> <Depth = 5> <RAM>
ST_2 : Operation 205 [1/1] ( I:0.67ns O:0.67ns )   --->   "%store_ln777 = store i17 %trunc_ln627_7, i3 %K_1_0_1_addr" [../src/riccati_solver_hls.cpp:777]   --->   Operation 205 'store' 'store_ln777' <Predicate = (tmp == 1 & trunc_ln767 == 1)> <Delay = 0.67> <CoreInst = "RAM">   --->   Core 82 'RAM' <Latency = 1> <II = 1> <Delay = 0.67> <Storage> <Opcode : 'load' 'store'> <Ports = 2> <Width = 17> <Depth = 5> <RAM>
ST_2 : Operation 206 [1/1] ( I:0.67ns O:0.67ns )   --->   "%store_ln778 = store i17 %trunc_ln627_8, i3 %K_1_1_1_addr" [../src/riccati_solver_hls.cpp:778]   --->   Operation 206 'store' 'store_ln778' <Predicate = (tmp == 1 & trunc_ln767 == 1)> <Delay = 0.67> <CoreInst = "RAM">   --->   Core 82 'RAM' <Latency = 1> <II = 1> <Delay = 0.67> <Storage> <Opcode : 'load' 'store'> <Ports = 2> <Width = 17> <Depth = 5> <RAM>
ST_2 : Operation 207 [1/1] ( I:0.67ns O:0.67ns )   --->   "%store_ln777 = store i17 %trunc_ln627_7, i3 %K_1_0_0_addr" [../src/riccati_solver_hls.cpp:777]   --->   Operation 207 'store' 'store_ln777' <Predicate = (tmp == 1 & trunc_ln767 == 0)> <Delay = 0.67> <CoreInst = "RAM">   --->   Core 82 'RAM' <Latency = 1> <II = 1> <Delay = 0.67> <Storage> <Opcode : 'load' 'store'> <Ports = 2> <Width = 17> <Depth = 5> <RAM>
ST_2 : Operation 208 [1/1] ( I:0.67ns O:0.67ns )   --->   "%store_ln778 = store i17 %trunc_ln627_8, i3 %K_1_1_0_addr" [../src/riccati_solver_hls.cpp:778]   --->   Operation 208 'store' 'store_ln778' <Predicate = (tmp == 1 & trunc_ln767 == 0)> <Delay = 0.67> <CoreInst = "RAM">   --->   Core 82 'RAM' <Latency = 1> <II = 1> <Delay = 0.67> <Storage> <Opcode : 'load' 'store'> <Ports = 2> <Width = 17> <Depth = 5> <RAM>
ST_2 : Operation 209 [1/1] ( I:0.67ns O:0.67ns )   --->   "%store_ln777 = store i17 %trunc_ln627_7, i3 %K_1_0_7_addr" [../src/riccati_solver_hls.cpp:777]   --->   Operation 209 'store' 'store_ln777' <Predicate = (tmp == 1 & trunc_ln767 == 7)> <Delay = 0.67> <CoreInst = "RAM">   --->   Core 82 'RAM' <Latency = 1> <II = 1> <Delay = 0.67> <Storage> <Opcode : 'load' 'store'> <Ports = 2> <Width = 17> <Depth = 5> <RAM>
ST_2 : Operation 210 [1/1] ( I:0.67ns O:0.67ns )   --->   "%store_ln778 = store i17 %trunc_ln627_8, i3 %K_1_1_7_addr" [../src/riccati_solver_hls.cpp:778]   --->   Operation 210 'store' 'store_ln778' <Predicate = (tmp == 1 & trunc_ln767 == 7)> <Delay = 0.67> <CoreInst = "RAM">   --->   Core 82 'RAM' <Latency = 1> <II = 1> <Delay = 0.67> <Storage> <Opcode : 'load' 'store'> <Ports = 2> <Width = 17> <Depth = 5> <RAM>
ST_2 : Operation 211 [1/1] (0.00ns)   --->   "%br_ln778 = br void %arrayidx764838170.exit" [../src/riccati_solver_hls.cpp:778]   --->   Operation 211 'br' 'br_ln778' <Predicate = (tmp == 1)> <Delay = 0.00>
ST_2 : Operation 212 [1/1] ( I:0.67ns O:0.67ns )   --->   "%store_ln777 = store i17 %trunc_ln627_7, i3 %K_0_0_6_addr" [../src/riccati_solver_hls.cpp:777]   --->   Operation 212 'store' 'store_ln777' <Predicate = (tmp == 0 & trunc_ln767 == 6)> <Delay = 0.67> <CoreInst = "RAM">   --->   Core 82 'RAM' <Latency = 1> <II = 1> <Delay = 0.67> <Storage> <Opcode : 'load' 'store'> <Ports = 2> <Width = 17> <Depth = 5> <RAM>
ST_2 : Operation 213 [1/1] ( I:0.67ns O:0.67ns )   --->   "%store_ln778 = store i17 %trunc_ln627_8, i3 %K_0_1_6_addr" [../src/riccati_solver_hls.cpp:778]   --->   Operation 213 'store' 'store_ln778' <Predicate = (tmp == 0 & trunc_ln767 == 6)> <Delay = 0.67> <CoreInst = "RAM">   --->   Core 82 'RAM' <Latency = 1> <II = 1> <Delay = 0.67> <Storage> <Opcode : 'load' 'store'> <Ports = 2> <Width = 17> <Depth = 5> <RAM>
ST_2 : Operation 214 [1/1] ( I:0.67ns O:0.67ns )   --->   "%store_ln777 = store i17 %trunc_ln627_7, i3 %K_0_0_5_addr" [../src/riccati_solver_hls.cpp:777]   --->   Operation 214 'store' 'store_ln777' <Predicate = (tmp == 0 & trunc_ln767 == 5)> <Delay = 0.67> <CoreInst = "RAM">   --->   Core 82 'RAM' <Latency = 1> <II = 1> <Delay = 0.67> <Storage> <Opcode : 'load' 'store'> <Ports = 2> <Width = 17> <Depth = 5> <RAM>
ST_2 : Operation 215 [1/1] ( I:0.67ns O:0.67ns )   --->   "%store_ln778 = store i17 %trunc_ln627_8, i3 %K_0_1_5_addr" [../src/riccati_solver_hls.cpp:778]   --->   Operation 215 'store' 'store_ln778' <Predicate = (tmp == 0 & trunc_ln767 == 5)> <Delay = 0.67> <CoreInst = "RAM">   --->   Core 82 'RAM' <Latency = 1> <II = 1> <Delay = 0.67> <Storage> <Opcode : 'load' 'store'> <Ports = 2> <Width = 17> <Depth = 5> <RAM>
ST_2 : Operation 216 [1/1] ( I:0.67ns O:0.67ns )   --->   "%store_ln777 = store i17 %trunc_ln627_7, i3 %K_0_0_4_addr" [../src/riccati_solver_hls.cpp:777]   --->   Operation 216 'store' 'store_ln777' <Predicate = (tmp == 0 & trunc_ln767 == 4)> <Delay = 0.67> <CoreInst = "RAM">   --->   Core 82 'RAM' <Latency = 1> <II = 1> <Delay = 0.67> <Storage> <Opcode : 'load' 'store'> <Ports = 2> <Width = 17> <Depth = 5> <RAM>
ST_2 : Operation 217 [1/1] ( I:0.67ns O:0.67ns )   --->   "%store_ln778 = store i17 %trunc_ln627_8, i3 %K_0_1_4_addr" [../src/riccati_solver_hls.cpp:778]   --->   Operation 217 'store' 'store_ln778' <Predicate = (tmp == 0 & trunc_ln767 == 4)> <Delay = 0.67> <CoreInst = "RAM">   --->   Core 82 'RAM' <Latency = 1> <II = 1> <Delay = 0.67> <Storage> <Opcode : 'load' 'store'> <Ports = 2> <Width = 17> <Depth = 5> <RAM>
ST_2 : Operation 218 [1/1] ( I:0.67ns O:0.67ns )   --->   "%store_ln777 = store i17 %trunc_ln627_7, i3 %K_0_0_3_addr" [../src/riccati_solver_hls.cpp:777]   --->   Operation 218 'store' 'store_ln777' <Predicate = (tmp == 0 & trunc_ln767 == 3)> <Delay = 0.67> <CoreInst = "RAM">   --->   Core 82 'RAM' <Latency = 1> <II = 1> <Delay = 0.67> <Storage> <Opcode : 'load' 'store'> <Ports = 2> <Width = 17> <Depth = 5> <RAM>
ST_2 : Operation 219 [1/1] ( I:0.67ns O:0.67ns )   --->   "%store_ln778 = store i17 %trunc_ln627_8, i3 %K_0_1_3_addr" [../src/riccati_solver_hls.cpp:778]   --->   Operation 219 'store' 'store_ln778' <Predicate = (tmp == 0 & trunc_ln767 == 3)> <Delay = 0.67> <CoreInst = "RAM">   --->   Core 82 'RAM' <Latency = 1> <II = 1> <Delay = 0.67> <Storage> <Opcode : 'load' 'store'> <Ports = 2> <Width = 17> <Depth = 5> <RAM>
ST_2 : Operation 220 [1/1] ( I:0.67ns O:0.67ns )   --->   "%store_ln777 = store i17 %trunc_ln627_7, i3 %K_0_0_2_addr" [../src/riccati_solver_hls.cpp:777]   --->   Operation 220 'store' 'store_ln777' <Predicate = (tmp == 0 & trunc_ln767 == 2)> <Delay = 0.67> <CoreInst = "RAM">   --->   Core 82 'RAM' <Latency = 1> <II = 1> <Delay = 0.67> <Storage> <Opcode : 'load' 'store'> <Ports = 2> <Width = 17> <Depth = 5> <RAM>
ST_2 : Operation 221 [1/1] ( I:0.67ns O:0.67ns )   --->   "%store_ln778 = store i17 %trunc_ln627_8, i3 %K_0_1_2_addr" [../src/riccati_solver_hls.cpp:778]   --->   Operation 221 'store' 'store_ln778' <Predicate = (tmp == 0 & trunc_ln767 == 2)> <Delay = 0.67> <CoreInst = "RAM">   --->   Core 82 'RAM' <Latency = 1> <II = 1> <Delay = 0.67> <Storage> <Opcode : 'load' 'store'> <Ports = 2> <Width = 17> <Depth = 5> <RAM>
ST_2 : Operation 222 [1/1] ( I:0.67ns O:0.67ns )   --->   "%store_ln777 = store i17 %trunc_ln627_7, i3 %K_0_0_1_addr" [../src/riccati_solver_hls.cpp:777]   --->   Operation 222 'store' 'store_ln777' <Predicate = (tmp == 0 & trunc_ln767 == 1)> <Delay = 0.67> <CoreInst = "RAM">   --->   Core 82 'RAM' <Latency = 1> <II = 1> <Delay = 0.67> <Storage> <Opcode : 'load' 'store'> <Ports = 2> <Width = 17> <Depth = 5> <RAM>
ST_2 : Operation 223 [1/1] ( I:0.67ns O:0.67ns )   --->   "%store_ln778 = store i17 %trunc_ln627_8, i3 %K_0_1_1_addr" [../src/riccati_solver_hls.cpp:778]   --->   Operation 223 'store' 'store_ln778' <Predicate = (tmp == 0 & trunc_ln767 == 1)> <Delay = 0.67> <CoreInst = "RAM">   --->   Core 82 'RAM' <Latency = 1> <II = 1> <Delay = 0.67> <Storage> <Opcode : 'load' 'store'> <Ports = 2> <Width = 17> <Depth = 5> <RAM>
ST_2 : Operation 224 [1/1] ( I:0.67ns O:0.67ns )   --->   "%store_ln777 = store i17 %trunc_ln627_7, i3 %K_0_0_0_addr" [../src/riccati_solver_hls.cpp:777]   --->   Operation 224 'store' 'store_ln777' <Predicate = (tmp == 0 & trunc_ln767 == 0)> <Delay = 0.67> <CoreInst = "RAM">   --->   Core 82 'RAM' <Latency = 1> <II = 1> <Delay = 0.67> <Storage> <Opcode : 'load' 'store'> <Ports = 2> <Width = 17> <Depth = 5> <RAM>
ST_2 : Operation 225 [1/1] ( I:0.67ns O:0.67ns )   --->   "%store_ln778 = store i17 %trunc_ln627_8, i3 %K_0_1_0_addr" [../src/riccati_solver_hls.cpp:778]   --->   Operation 225 'store' 'store_ln778' <Predicate = (tmp == 0 & trunc_ln767 == 0)> <Delay = 0.67> <CoreInst = "RAM">   --->   Core 82 'RAM' <Latency = 1> <II = 1> <Delay = 0.67> <Storage> <Opcode : 'load' 'store'> <Ports = 2> <Width = 17> <Depth = 5> <RAM>
ST_2 : Operation 226 [1/1] ( I:0.67ns O:0.67ns )   --->   "%store_ln777 = store i17 %trunc_ln627_7, i3 %K_0_0_7_addr" [../src/riccati_solver_hls.cpp:777]   --->   Operation 226 'store' 'store_ln777' <Predicate = (tmp == 0 & trunc_ln767 == 7)> <Delay = 0.67> <CoreInst = "RAM">   --->   Core 82 'RAM' <Latency = 1> <II = 1> <Delay = 0.67> <Storage> <Opcode : 'load' 'store'> <Ports = 2> <Width = 17> <Depth = 5> <RAM>
ST_2 : Operation 227 [1/1] ( I:0.67ns O:0.67ns )   --->   "%store_ln778 = store i17 %trunc_ln627_8, i3 %K_0_1_7_addr" [../src/riccati_solver_hls.cpp:778]   --->   Operation 227 'store' 'store_ln778' <Predicate = (tmp == 0 & trunc_ln767 == 7)> <Delay = 0.67> <CoreInst = "RAM">   --->   Core 82 'RAM' <Latency = 1> <II = 1> <Delay = 0.67> <Storage> <Opcode : 'load' 'store'> <Ports = 2> <Width = 17> <Depth = 5> <RAM>
ST_2 : Operation 228 [1/1] (0.00ns)   --->   "%br_ln778 = br void %arrayidx764838170.exit" [../src/riccati_solver_hls.cpp:778]   --->   Operation 228 'br' 'br_ln778' <Predicate = (tmp == 0)> <Delay = 0.00>
ST_2 : Operation 229 [1/1] ( I:0.67ns O:0.67ns )   --->   "%store_ln777 = store i17 %trunc_ln627_7, i3 %K_3_0_6_addr" [../src/riccati_solver_hls.cpp:777]   --->   Operation 229 'store' 'store_ln777' <Predicate = (tmp == 3 & trunc_ln767 == 6)> <Delay = 0.67> <CoreInst = "RAM">   --->   Core 82 'RAM' <Latency = 1> <II = 1> <Delay = 0.67> <Storage> <Opcode : 'load' 'store'> <Ports = 2> <Width = 17> <Depth = 5> <RAM>
ST_2 : Operation 230 [1/1] ( I:0.67ns O:0.67ns )   --->   "%store_ln778 = store i17 %trunc_ln627_8, i3 %K_3_1_6_addr" [../src/riccati_solver_hls.cpp:778]   --->   Operation 230 'store' 'store_ln778' <Predicate = (tmp == 3 & trunc_ln767 == 6)> <Delay = 0.67> <CoreInst = "RAM">   --->   Core 82 'RAM' <Latency = 1> <II = 1> <Delay = 0.67> <Storage> <Opcode : 'load' 'store'> <Ports = 2> <Width = 17> <Depth = 5> <RAM>
ST_2 : Operation 231 [1/1] ( I:0.67ns O:0.67ns )   --->   "%store_ln777 = store i17 %trunc_ln627_7, i3 %K_3_0_5_addr" [../src/riccati_solver_hls.cpp:777]   --->   Operation 231 'store' 'store_ln777' <Predicate = (tmp == 3 & trunc_ln767 == 5)> <Delay = 0.67> <CoreInst = "RAM">   --->   Core 82 'RAM' <Latency = 1> <II = 1> <Delay = 0.67> <Storage> <Opcode : 'load' 'store'> <Ports = 2> <Width = 17> <Depth = 5> <RAM>
ST_2 : Operation 232 [1/1] ( I:0.67ns O:0.67ns )   --->   "%store_ln778 = store i17 %trunc_ln627_8, i3 %K_3_1_5_addr" [../src/riccati_solver_hls.cpp:778]   --->   Operation 232 'store' 'store_ln778' <Predicate = (tmp == 3 & trunc_ln767 == 5)> <Delay = 0.67> <CoreInst = "RAM">   --->   Core 82 'RAM' <Latency = 1> <II = 1> <Delay = 0.67> <Storage> <Opcode : 'load' 'store'> <Ports = 2> <Width = 17> <Depth = 5> <RAM>
ST_2 : Operation 233 [1/1] ( I:0.67ns O:0.67ns )   --->   "%store_ln777 = store i17 %trunc_ln627_7, i3 %K_3_0_4_addr" [../src/riccati_solver_hls.cpp:777]   --->   Operation 233 'store' 'store_ln777' <Predicate = (tmp == 3 & trunc_ln767 == 4)> <Delay = 0.67> <CoreInst = "RAM">   --->   Core 82 'RAM' <Latency = 1> <II = 1> <Delay = 0.67> <Storage> <Opcode : 'load' 'store'> <Ports = 2> <Width = 17> <Depth = 5> <RAM>
ST_2 : Operation 234 [1/1] ( I:0.67ns O:0.67ns )   --->   "%store_ln778 = store i17 %trunc_ln627_8, i3 %K_3_1_4_addr" [../src/riccati_solver_hls.cpp:778]   --->   Operation 234 'store' 'store_ln778' <Predicate = (tmp == 3 & trunc_ln767 == 4)> <Delay = 0.67> <CoreInst = "RAM">   --->   Core 82 'RAM' <Latency = 1> <II = 1> <Delay = 0.67> <Storage> <Opcode : 'load' 'store'> <Ports = 2> <Width = 17> <Depth = 5> <RAM>
ST_2 : Operation 235 [1/1] ( I:0.67ns O:0.67ns )   --->   "%store_ln777 = store i17 %trunc_ln627_7, i3 %K_3_0_3_addr" [../src/riccati_solver_hls.cpp:777]   --->   Operation 235 'store' 'store_ln777' <Predicate = (tmp == 3 & trunc_ln767 == 3)> <Delay = 0.67> <CoreInst = "RAM">   --->   Core 82 'RAM' <Latency = 1> <II = 1> <Delay = 0.67> <Storage> <Opcode : 'load' 'store'> <Ports = 2> <Width = 17> <Depth = 5> <RAM>
ST_2 : Operation 236 [1/1] ( I:0.67ns O:0.67ns )   --->   "%store_ln778 = store i17 %trunc_ln627_8, i3 %K_3_1_3_addr" [../src/riccati_solver_hls.cpp:778]   --->   Operation 236 'store' 'store_ln778' <Predicate = (tmp == 3 & trunc_ln767 == 3)> <Delay = 0.67> <CoreInst = "RAM">   --->   Core 82 'RAM' <Latency = 1> <II = 1> <Delay = 0.67> <Storage> <Opcode : 'load' 'store'> <Ports = 2> <Width = 17> <Depth = 5> <RAM>
ST_2 : Operation 237 [1/1] ( I:0.67ns O:0.67ns )   --->   "%store_ln777 = store i17 %trunc_ln627_7, i3 %K_3_0_2_addr" [../src/riccati_solver_hls.cpp:777]   --->   Operation 237 'store' 'store_ln777' <Predicate = (tmp == 3 & trunc_ln767 == 2)> <Delay = 0.67> <CoreInst = "RAM">   --->   Core 82 'RAM' <Latency = 1> <II = 1> <Delay = 0.67> <Storage> <Opcode : 'load' 'store'> <Ports = 2> <Width = 17> <Depth = 5> <RAM>
ST_2 : Operation 238 [1/1] ( I:0.67ns O:0.67ns )   --->   "%store_ln778 = store i17 %trunc_ln627_8, i3 %K_3_1_2_addr" [../src/riccati_solver_hls.cpp:778]   --->   Operation 238 'store' 'store_ln778' <Predicate = (tmp == 3 & trunc_ln767 == 2)> <Delay = 0.67> <CoreInst = "RAM">   --->   Core 82 'RAM' <Latency = 1> <II = 1> <Delay = 0.67> <Storage> <Opcode : 'load' 'store'> <Ports = 2> <Width = 17> <Depth = 5> <RAM>
ST_2 : Operation 239 [1/1] ( I:0.67ns O:0.67ns )   --->   "%store_ln777 = store i17 %trunc_ln627_7, i3 %K_3_0_1_addr" [../src/riccati_solver_hls.cpp:777]   --->   Operation 239 'store' 'store_ln777' <Predicate = (tmp == 3 & trunc_ln767 == 1)> <Delay = 0.67> <CoreInst = "RAM">   --->   Core 82 'RAM' <Latency = 1> <II = 1> <Delay = 0.67> <Storage> <Opcode : 'load' 'store'> <Ports = 2> <Width = 17> <Depth = 5> <RAM>
ST_2 : Operation 240 [1/1] ( I:0.67ns O:0.67ns )   --->   "%store_ln778 = store i17 %trunc_ln627_8, i3 %K_3_1_1_addr" [../src/riccati_solver_hls.cpp:778]   --->   Operation 240 'store' 'store_ln778' <Predicate = (tmp == 3 & trunc_ln767 == 1)> <Delay = 0.67> <CoreInst = "RAM">   --->   Core 82 'RAM' <Latency = 1> <II = 1> <Delay = 0.67> <Storage> <Opcode : 'load' 'store'> <Ports = 2> <Width = 17> <Depth = 5> <RAM>
ST_2 : Operation 241 [1/1] ( I:0.67ns O:0.67ns )   --->   "%store_ln777 = store i17 %trunc_ln627_7, i3 %K_3_0_0_addr" [../src/riccati_solver_hls.cpp:777]   --->   Operation 241 'store' 'store_ln777' <Predicate = (tmp == 3 & trunc_ln767 == 0)> <Delay = 0.67> <CoreInst = "RAM">   --->   Core 82 'RAM' <Latency = 1> <II = 1> <Delay = 0.67> <Storage> <Opcode : 'load' 'store'> <Ports = 2> <Width = 17> <Depth = 5> <RAM>
ST_2 : Operation 242 [1/1] ( I:0.67ns O:0.67ns )   --->   "%store_ln778 = store i17 %trunc_ln627_8, i3 %K_3_1_0_addr" [../src/riccati_solver_hls.cpp:778]   --->   Operation 242 'store' 'store_ln778' <Predicate = (tmp == 3 & trunc_ln767 == 0)> <Delay = 0.67> <CoreInst = "RAM">   --->   Core 82 'RAM' <Latency = 1> <II = 1> <Delay = 0.67> <Storage> <Opcode : 'load' 'store'> <Ports = 2> <Width = 17> <Depth = 5> <RAM>
ST_2 : Operation 243 [1/1] ( I:0.67ns O:0.67ns )   --->   "%store_ln777 = store i17 %trunc_ln627_7, i3 %K_3_0_7_addr" [../src/riccati_solver_hls.cpp:777]   --->   Operation 243 'store' 'store_ln777' <Predicate = (tmp == 3 & trunc_ln767 == 7)> <Delay = 0.67> <CoreInst = "RAM">   --->   Core 82 'RAM' <Latency = 1> <II = 1> <Delay = 0.67> <Storage> <Opcode : 'load' 'store'> <Ports = 2> <Width = 17> <Depth = 5> <RAM>
ST_2 : Operation 244 [1/1] ( I:0.67ns O:0.67ns )   --->   "%store_ln778 = store i17 %trunc_ln627_8, i3 %K_3_1_7_addr" [../src/riccati_solver_hls.cpp:778]   --->   Operation 244 'store' 'store_ln778' <Predicate = (tmp == 3 & trunc_ln767 == 7)> <Delay = 0.67> <CoreInst = "RAM">   --->   Core 82 'RAM' <Latency = 1> <II = 1> <Delay = 0.67> <Storage> <Opcode : 'load' 'store'> <Ports = 2> <Width = 17> <Depth = 5> <RAM>
ST_2 : Operation 245 [1/1] (0.00ns)   --->   "%br_ln778 = br void %arrayidx764838170.exit" [../src/riccati_solver_hls.cpp:778]   --->   Operation 245 'br' 'br_ln778' <Predicate = (tmp == 3)> <Delay = 0.00>


============================================================
+ Verbose Summary: Timing violations
============================================================
Target clock period: 5.000ns, clock uncertainty: 0.500ns.

 <State 1>: 3.229ns
The critical path consists of the following:
	'store' operation ('store_ln491', ../src/riccati_solver_hls.cpp:491) of constant 0 4 bit on local variable 'j', ../src/riccati_solver_hls.cpp:491 [110]  (0.427 ns)
	'load' operation 4 bit ('j', ../src/riccati_solver_hls.cpp:767) on local variable 'j', ../src/riccati_solver_hls.cpp:491 [113]  (0.000 ns)
	'sparsemux' operation 18 bit ('b', ../src/riccati_solver_hls.cpp:767) [186]  (0.721 ns)
	'mul' operation 44 bit ('mul_ln280', ../src/fp_math_hls.cpp:280->../src/riccati_solver_hls.cpp:770) [189]  (2.081 ns)

 <State 2>: 3.473ns
The critical path consists of the following:
	'mul' operation 44 bit ('mul_ln280', ../src/fp_math_hls.cpp:280->../src/riccati_solver_hls.cpp:770) [189]  (2.081 ns)
	'add' operation 26 bit ('val0', ../src/riccati_solver_hls.cpp:770) [200]  (0.000 ns)
	'sub' operation 26 bit ('v', ../src/riccati_solver_hls.cpp:777) [212]  (0.715 ns)
	'store' operation ('store_ln777', ../src/riccati_solver_hls.cpp:777) of variable 'trunc_ln627_7', include/fp_types_hls.hpp:627->include/fp_types_hls.hpp:641->include/fp_types_hls.hpp:703->../src/riccati_solver_hls.cpp:777 17 bit on array 'K_2_0_6' [220]  (0.677 ns)


============================================================
+ Verbose Summary: Binding
============================================================
N/A
* FSMD analyzer results:
  - Output states:
 - Input state : 
  - Chain level:
	State 1
	State 2


============================================================
+ Verbose Summary: Datapath Resource usage 
============================================================
N/A
