

================================================================
== Vitis HLS Report for 'riccati_backward_pass_Pipeline_VITIS_LOOP_1029_38'
================================================================
* Date:           Thu May 21 15:23:11 2026

* Version:        2025.2 (Build 6295257 on Nov 14 2025)
* Project:        mpc_fpga_top_opencl
* Solution:       hls (Vitis Kernel Flow Target)
* Product family: zynquplus
* Target device:  xck26-sfvc784-2LV-c


================================================================
== Performance Estimates
================================================================
+ Timing: 
    * Summary: 
    +--------+---------+----------+------------+
    |  Clock |  Target | Estimated| Uncertainty|
    +--------+---------+----------+------------+
    |ap_clk  |  5.00 ns|  3.608 ns|     0.50 ns|
    +--------+---------+----------+------------+

+ Latency: 
    * Summary: 
    +---------+---------+-----------+-----------+-----+-----+-------------------+
    |  Latency (cycles) |   Latency (absolute)  |  Interval |      Pipeline     |
    |   min   |   max   |    min    |    max    | min | max |        Type       |
    +---------+---------+-----------+-----------+-----+-----+-------------------+
    |        6|        6|  30.000 ns|  30.000 ns|    0|    0|  loop pipeline stp|
    +---------+---------+-----------+-----------+-----+-----+-------------------+

    + Detail: 
        * Instance: 
        N/A

        * Loop: 
        +----------------------+---------+---------+----------+-----------+-----------+------+----------+
        |                      |  Latency (cycles) | Iteration|  Initiation Interval  | Trip |          |
        |       Loop Name      |   min   |   max   |  Latency |  achieved |   target  | Count| Pipelined|
        +----------------------+---------+---------+----------+-----------+-----------+------+----------+
        |- VITIS_LOOP_1029_38  |        4|        4|         4|          1|          1|     2|       yes|
        +----------------------+---------+---------+----------+-----------+-----------+------+----------+



================================================================
== Utilization Estimates
================================================================
* Summary: 
+-----------------+---------+------+--------+--------+-----+
|       Name      | BRAM_18K|  DSP |   FF   |   LUT  | URAM|
+-----------------+---------+------+--------+--------+-----+
|DSP              |        -|     -|       -|       -|    -|
|Expression       |        -|     -|       0|     222|    -|
|FIFO             |        -|     -|       -|       -|    -|
|Instance         |        -|     4|     122|      58|    -|
|Memory           |        -|     -|       -|       -|    -|
|Multiplexer      |        -|     -|       0|      64|    -|
|Register         |        -|     -|      76|      32|    -|
+-----------------+---------+------+--------+--------+-----+
|Total            |        0|     4|     198|     376|    0|
+-----------------+---------+------+--------+--------+-----+
|Available        |      288|  1248|  234240|  117120|   64|
+-----------------+---------+------+--------+--------+-----+
|Utilization (%)  |        0|    ~0|      ~0|      ~0|    0|
+-----------------+---------+------+--------+--------+-----+

+ Detail: 
    * Instance: 
    +----------------------------+----------------------+---------+----+----+----+-----+
    |          Instance          |        Module        | BRAM_18K| DSP| FF | LUT| URAM|
    +----------------------------+----------------------+---------+----+----+----+-----+
    |mul_23s_26s_49_4_1_x_U1219  |mul_23s_26s_49_4_1_x  |        0|   2|  61|  29|    0|
    |mul_23s_26s_49_4_1_x_U1220  |mul_23s_26s_49_4_1_x  |        0|   2|  61|  29|    0|
    +----------------------------+----------------------+---------+----+----+----+-----+
    |Total                       |                      |        0|   4| 122|  58|    0|
    +----------------------------+----------------------+---------+----+----+----+-----+

    * DSP: 
    N/A

    * Memory: 
    N/A

    * FIFO: 
    N/A

    * Expression: 
    +-----------------------+----------+----+---+----+------------+------------+
    |     Variable Name     | Operation| DSP| FF| LUT| Bitwidth P0| Bitwidth P1|
    +-----------------------+----------+----+---+----+------------+------------+
    |add_ln1029_fu_170_p2   |         +|   0|  0|  12|           4|           1|
    |total_fu_205_p2        |         +|   0|  0|  56|          49|          49|
    |empty_fu_132_p2        |      icmp|   0|  0|  12|           4|           3|
    |icmp_ln1029_fu_126_p2  |      icmp|   0|  0|  12|           4|           5|
    |icmp_ln1035_fu_164_p2  |      icmp|   0|  0|  12|           4|           3|
    |a_27_fu_151_p3         |    select|   0|  0|  22|           1|          23|
    |a_fu_138_p3            |    select|   0|  0|  22|           1|           1|
    |p_new_1_fu_225_p3      |    select|   0|  0|  36|           1|          40|
    |p_new_fu_232_p3        |    select|   0|  0|  36|           1|          40|
    |ap_enable_pp0          |       xor|   0|  0|   2|           1|           2|
    +-----------------------+----------+----+---+----+------------+------------+
    |Total                  |          |   0|  0| 222|          70|         167|
    +-----------------------+----------+----+---+----+------------+------------+

    * Multiplexer: 
    +-------------------------+----+-----------+-----+-----------+
    |           Name          | LUT| Input Size| Bits| Total Bits|
    +-------------------------+----+-----------+-----+-----------+
    |ap_done_int              |   9|          2|    1|          2|
    |ap_enable_reg_pp0_iter1  |   9|          2|    1|          2|
    |ap_sig_allocacmp_i_3     |   9|          2|    4|          8|
    |i_fu_66                  |   9|          2|    4|          8|
    |p_new_13_out_o           |  14|          3|   40|        120|
    |p_new_14_out_o           |  14|          3|   40|        120|
    +-------------------------+----+-----------+-----+-----------+
    |Total                    |  64|         14|   90|        260|
    +-------------------------+----+-----------+-----+-----------+

    * Register: 
    +----------------------------------+----+----+-----+-----------+
    |               Name               | FF | LUT| Bits| Const Bits|
    +----------------------------------+----+----+-----+-----------+
    |ap_CS_fsm                         |   1|   0|    1|          0|
    |ap_done_reg                       |   1|   0|    1|          0|
    |ap_enable_reg_pp0_iter1           |   1|   0|    1|          0|
    |ap_enable_reg_pp0_iter2           |   1|   0|    1|          0|
    |ap_enable_reg_pp0_iter3           |   1|   0|    1|          0|
    |ap_loop_exit_ready_pp0_iter1_reg  |   1|   0|    1|          0|
    |ap_loop_exit_ready_pp0_iter2_reg  |   1|   0|    1|          0|
    |i_fu_66                           |   4|   0|    4|          0|
    |icmp_ln1035_reg_282               |   1|   0|    1|          0|
    |icmp_ln1035_reg_282               |  64|  32|    1|          0|
    +----------------------------------+----+----+-----+-----------+
    |Total                             |  76|  32|   13|          0|
    +----------------------------------+----+----+-----+-----------+



================================================================
== Interface
================================================================
* Summary: 
+-----------------------+-----+-----+------------+---------------------------------------------------+--------------+
|       RTL Ports       | Dir | Bits|  Protocol  |                   Source Object                   |    C Type    |
+-----------------------+-----+-----+------------+---------------------------------------------------+--------------+
|ap_clk                 |   in|    1|  ap_ctrl_hs|  riccati_backward_pass_Pipeline_VITIS_LOOP_1029_38|  return value|
|ap_rst                 |   in|    1|  ap_ctrl_hs|  riccati_backward_pass_Pipeline_VITIS_LOOP_1029_38|  return value|
|ap_start               |   in|    1|  ap_ctrl_hs|  riccati_backward_pass_Pipeline_VITIS_LOOP_1029_38|  return value|
|ap_done                |  out|    1|  ap_ctrl_hs|  riccati_backward_pass_Pipeline_VITIS_LOOP_1029_38|  return value|
|ap_idle                |  out|    1|  ap_ctrl_hs|  riccati_backward_pass_Pipeline_VITIS_LOOP_1029_38|  return value|
|ap_ready               |  out|    1|  ap_ctrl_hs|  riccati_backward_pass_Pipeline_VITIS_LOOP_1029_38|  return value|
|G_37                   |   in|   23|     ap_none|                                               G_37|        scalar|
|sext_ln291_42          |   in|   26|     ap_none|                                      sext_ln291_42|        scalar|
|sext_ln1013            |   in|   26|     ap_none|                                        sext_ln1013|        scalar|
|p_new_14_out_i         |   in|   40|     ap_ovld|                                       p_new_14_out|       pointer|
|p_new_14_out_o         |  out|   40|     ap_ovld|                                       p_new_14_out|       pointer|
|p_new_14_out_o_ap_vld  |  out|    1|     ap_ovld|                                       p_new_14_out|       pointer|
|p_new_13_out_i         |   in|   40|     ap_ovld|                                       p_new_13_out|       pointer|
|p_new_13_out_o         |  out|   40|     ap_ovld|                                       p_new_13_out|       pointer|
|p_new_13_out_o_ap_vld  |  out|    1|     ap_ovld|                                       p_new_13_out|       pointer|
+-----------------------+-----+-----+------------+---------------------------------------------------+--------------+

============================================================
+ Verbose Summary: Synthesis Manager
============================================================
InlineROM: 1
ExposeGlobal: 0
============================================================
+ Verbose Summary: CDFG Model
============================================================
IsTopModel: 0
ResetActiveHigh: 1
IsCombinational: 2
IsDatapathOnly: 2
HasWiredReturn: 1
HasMFsm: 2
HasVarLatency: 1
IsPipeline: 0
IsRtlPipelined: 0
IsInstanceOverlapped: 0
IsDontTouch: 0
HasImplIP: 0
IsGatedGlobalClock: 0

+ Individual pipeline summary: 
  * Pipeline-0: initiation interval (II) = 1, depth = 4


============================================================
+ Verbose Summary: Schedule
============================================================
* Number of FSM states : 4
* Pipeline : 1
  Pipeline-0 : II = 1, D = 4, States = { 1 2 3 4 }
* Dataflow Pipeline: 0

* FSM state transitions: 
1 --> 2 
2 --> 3 
3 --> 4 
4 --> 

* FSM state operations: 

State 1 <SV = 0> <Delay = 3.33>
ST_1 : Operation 7 [1/1] (0.00ns)   --->   "%i = alloca i32 1" [../src/riccati_solver_hls.cpp:475]   --->   Operation 7 'alloca' 'i' <Predicate = true> <Delay = 0.00>
ST_1 : Operation 8 [1/1] (0.00ns)   --->   "%sext_ln1013_read = read i26 @_ssdm_op_Read.ap_auto.i26, i26 %sext_ln1013"   --->   Operation 8 'read' 'sext_ln1013_read' <Predicate = true> <Delay = 0.00>
ST_1 : Operation 9 [1/1] (0.00ns)   --->   "%sext_ln291_42_read = read i26 @_ssdm_op_Read.ap_auto.i26, i26 %sext_ln291_42"   --->   Operation 9 'read' 'sext_ln291_42_read' <Predicate = true> <Delay = 0.00>
ST_1 : Operation 10 [1/1] (0.00ns)   --->   "%G_37_read = read i23 @_ssdm_op_Read.ap_auto.i23, i23 %G_37"   --->   Operation 10 'read' 'G_37_read' <Predicate = true> <Delay = 0.00>
ST_1 : Operation 11 [1/1] (0.00ns)   --->   "%sext_ln1013_cast = sext i26 %sext_ln1013_read"   --->   Operation 11 'sext' 'sext_ln1013_cast' <Predicate = true> <Delay = 0.00>
ST_1 : Operation 12 [1/1] (0.00ns)   --->   "%sext_ln291_42_cast = sext i26 %sext_ln291_42_read"   --->   Operation 12 'sext' 'sext_ln291_42_cast' <Predicate = true> <Delay = 0.00>
ST_1 : Operation 13 [1/1] (0.42ns)   --->   "%store_ln1011 = store i40 0, i40 %p_new_14_out" [../src/riccati_solver_hls.cpp:1011]   --->   Operation 13 'store' 'store_ln1011' <Predicate = true> <Delay = 0.42>
ST_1 : Operation 14 [1/1] (0.42ns)   --->   "%store_ln1011 = store i40 0, i40 %p_new_13_out" [../src/riccati_solver_hls.cpp:1011]   --->   Operation 14 'store' 'store_ln1011' <Predicate = true> <Delay = 0.42>
ST_1 : Operation 15 [1/1] (0.42ns)   --->   "%store_ln475 = store i4 6, i4 %i" [../src/riccati_solver_hls.cpp:475]   --->   Operation 15 'store' 'store_ln475' <Predicate = true> <Delay = 0.42>
ST_1 : Operation 16 [1/1] (0.00ns)   --->   "%br_ln0 = br void %for.inc2959"   --->   Operation 16 'br' 'br_ln0' <Predicate = true> <Delay = 0.00>
ST_1 : Operation 17 [1/1] (0.00ns)   --->   "%i_3 = load i4 %i" [../src/riccati_solver_hls.cpp:1029]   --->   Operation 17 'load' 'i_3' <Predicate = true> <Delay = 0.00>
ST_1 : Operation 18 [1/1] (0.79ns)   --->   "%icmp_ln1029 = icmp_eq  i4 %i_3, i4 8" [../src/riccati_solver_hls.cpp:1029]   --->   Operation 18 'icmp' 'icmp_ln1029' <Predicate = true> <Delay = 0.79> <CoreInst = "Cmp">   --->   Core 9 'Cmp' <Latency = 0> <II = 1> <Delay = 0.78> <FuncUnit> <Opcode : 'seteq' 'setne' 'setle' 'setge' 'setlt' 'setgt'> <InPorts = 2> <OutPorts = 1>
ST_1 : Operation 19 [1/1] (0.00ns)   --->   "%br_ln1029 = br i1 %icmp_ln1029, void %fpga_resource_hint.for.inc2959.181, void %for.inc2971.exitStub" [../src/riccati_solver_hls.cpp:1029]   --->   Operation 19 'br' 'br_ln1029' <Predicate = true> <Delay = 0.00>
ST_1 : Operation 20 [1/1] (0.79ns)   --->   "%empty = icmp_eq  i4 %i_3, i4 7" [../src/riccati_solver_hls.cpp:1029]   --->   Operation 20 'icmp' 'empty' <Predicate = (!icmp_ln1029)> <Delay = 0.79> <CoreInst = "Cmp">   --->   Core 9 'Cmp' <Latency = 0> <II = 1> <Delay = 0.79> <FuncUnit> <Opcode : 'seteq' 'setne' 'setle' 'setge' 'setlt' 'setgt'> <InPorts = 2> <OutPorts = 1>
ST_1 : Operation 21 [1/1] (0.33ns)   --->   "%a = select i1 %empty, i23 0, i23 %G_37_read" [../src/riccati_solver_hls.cpp:1029]   --->   Operation 21 'select' 'a' <Predicate = (!icmp_ln1029)> <Delay = 0.33> <CoreInst = "Sel">   --->   Core 73 'Sel' <Latency = 0> <II = 1> <Delay = 0.33> <FuncUnit> <Opcode : 'select'> <InPorts = 3> <OutPorts = 1>
ST_1 : Operation 22 [1/1] (0.00ns)   --->   "%sext_ln291 = sext i23 %a" [../src/fp_math_hls.cpp:291->../src/riccati_solver_hls.cpp:1032]   --->   Operation 22 'sext' 'sext_ln291' <Predicate = (!icmp_ln1029)> <Delay = 0.00>
ST_1 : Operation 23 [4/4] (1.78ns)   --->   "%mul_ln291 = mul i49 %sext_ln291, i49 %sext_ln291_42_cast" [../src/fp_math_hls.cpp:291->../src/riccati_solver_hls.cpp:1032]   --->   Operation 23 'mul' 'mul_ln291' <Predicate = (!icmp_ln1029)> <Delay = 1.78> <CoreInst = "Mul_DSP">   --->   Core 5 'Mul_DSP' <Latency = 3> <II = 1> <Delay = 1.78> <FuncUnit> <Opcode : 'mul'> <InPorts = 2> <OutPorts = 1>
ST_1 : Operation 24 [1/1] (0.33ns)   --->   "%a_27 = select i1 %empty, i23 %G_37_read, i23 0" [../src/riccati_solver_hls.cpp:1029]   --->   Operation 24 'select' 'a_27' <Predicate = (!icmp_ln1029)> <Delay = 0.33> <CoreInst = "Sel">   --->   Core 73 'Sel' <Latency = 0> <II = 1> <Delay = 0.33> <FuncUnit> <Opcode : 'select'> <InPorts = 3> <OutPorts = 1>
ST_1 : Operation 25 [1/1] (0.00ns)   --->   "%sext_ln291_1 = sext i23 %a_27" [../src/fp_math_hls.cpp:291->../src/riccati_solver_hls.cpp:1033]   --->   Operation 25 'sext' 'sext_ln291_1' <Predicate = (!icmp_ln1029)> <Delay = 0.00>
ST_1 : Operation 26 [4/4] (1.78ns)   --->   "%mul_ln291_1 = mul i49 %sext_ln291_1, i49 %sext_ln1013_cast" [../src/fp_math_hls.cpp:291->../src/riccati_solver_hls.cpp:1033]   --->   Operation 26 'mul' 'mul_ln291_1' <Predicate = (!icmp_ln1029)> <Delay = 1.78> <CoreInst = "Mul_DSP">   --->   Core 5 'Mul_DSP' <Latency = 3> <II = 1> <Delay = 1.78> <FuncUnit> <Opcode : 'mul'> <InPorts = 2> <OutPorts = 1>
ST_1 : Operation 27 [1/1] (0.79ns)   --->   "%icmp_ln1035 = icmp_eq  i4 %i_3, i4 6" [../src/riccati_solver_hls.cpp:1035]   --->   Operation 27 'icmp' 'icmp_ln1035' <Predicate = (!icmp_ln1029)> <Delay = 0.79> <CoreInst = "Cmp">   --->   Core 9 'Cmp' <Latency = 0> <II = 1> <Delay = 0.79> <FuncUnit> <Opcode : 'seteq' 'setne' 'setle' 'setge' 'setlt' 'setgt'> <InPorts = 2> <OutPorts = 1>
ST_1 : Operation 28 [1/1] (0.79ns)   --->   "%add_ln1029 = add i4 %i_3, i4 1" [../src/riccati_solver_hls.cpp:1029]   --->   Operation 28 'add' 'add_ln1029' <Predicate = (!icmp_ln1029)> <Delay = 0.79> <CoreInst = "Adder">   --->   Core 1 'Adder' <Latency = 0> <II = 1> <Delay = 0.79> <FuncUnit> <Opcode : 'add' 'sub'> <InPorts = 2> <OutPorts = 1>
ST_1 : Operation 29 [1/1] (0.42ns)   --->   "%store_ln475 = store i4 %add_ln1029, i4 %i" [../src/riccati_solver_hls.cpp:475]   --->   Operation 29 'store' 'store_ln475' <Predicate = (!icmp_ln1029)> <Delay = 0.42>

State 2 <SV = 1> <Delay = 1.78>
ST_2 : Operation 30 [3/4] (1.78ns)   --->   "%mul_ln291 = mul i49 %sext_ln291, i49 %sext_ln291_42_cast" [../src/fp_math_hls.cpp:291->../src/riccati_solver_hls.cpp:1032]   --->   Operation 30 'mul' 'mul_ln291' <Predicate = true> <Delay = 1.78> <CoreInst = "Mul_DSP">   --->   Core 5 'Mul_DSP' <Latency = 3> <II = 1> <Delay = 1.78> <FuncUnit> <Opcode : 'mul'> <InPorts = 2> <OutPorts = 1>
ST_2 : Operation 31 [3/4] (1.78ns)   --->   "%mul_ln291_1 = mul i49 %sext_ln291_1, i49 %sext_ln1013_cast" [../src/fp_math_hls.cpp:291->../src/riccati_solver_hls.cpp:1033]   --->   Operation 31 'mul' 'mul_ln291_1' <Predicate = true> <Delay = 1.78> <CoreInst = "Mul_DSP">   --->   Core 5 'Mul_DSP' <Latency = 3> <II = 1> <Delay = 1.78> <FuncUnit> <Opcode : 'mul'> <InPorts = 2> <OutPorts = 1>

State 3 <SV = 2> <Delay = 1.78>
ST_3 : Operation 32 [2/4] (1.78ns)   --->   "%mul_ln291 = mul i49 %sext_ln291, i49 %sext_ln291_42_cast" [../src/fp_math_hls.cpp:291->../src/riccati_solver_hls.cpp:1032]   --->   Operation 32 'mul' 'mul_ln291' <Predicate = true> <Delay = 1.78> <CoreInst = "Mul_DSP">   --->   Core 5 'Mul_DSP' <Latency = 3> <II = 1> <Delay = 1.78> <FuncUnit> <Opcode : 'mul'> <InPorts = 2> <OutPorts = 1>
ST_3 : Operation 33 [2/4] (1.78ns)   --->   "%mul_ln291_1 = mul i49 %sext_ln291_1, i49 %sext_ln1013_cast" [../src/fp_math_hls.cpp:291->../src/riccati_solver_hls.cpp:1033]   --->   Operation 33 'mul' 'mul_ln291_1' <Predicate = true> <Delay = 1.78> <CoreInst = "Mul_DSP">   --->   Core 5 'Mul_DSP' <Latency = 3> <II = 1> <Delay = 1.78> <FuncUnit> <Opcode : 'mul'> <InPorts = 2> <OutPorts = 1>
ST_3 : Operation 59 [1/1] (0.42ns)   --->   "%ret_ln0 = ret"   --->   Operation 59 'ret' 'ret_ln0' <Predicate = (icmp_ln1029)> <Delay = 0.42>

State 4 <SV = 3> <Delay = 3.60>
ST_4 : Operation 34 [1/1] (0.00ns)   --->   "%p_new_13_out_load = load i40 %p_new_13_out" [../src/riccati_solver_hls.cpp:1035]   --->   Operation 34 'load' 'p_new_13_out_load' <Predicate = (icmp_ln1035)> <Delay = 0.00>
ST_4 : Operation 35 [1/1] (0.00ns)   --->   "%p_new_14_out_load = load i40 %p_new_14_out" [../src/riccati_solver_hls.cpp:1035]   --->   Operation 35 'load' 'p_new_14_out_load' <Predicate = (!icmp_ln1035)> <Delay = 0.00>
ST_4 : Operation 36 [1/1] (0.00ns)   --->   "%specpipeline_ln1030 = specpipeline void @_ssdm_op_SpecPipeline, i32 1, i32 0, i32 0, i32 0, i32 4294967295, void @empty_485" [../src/riccati_solver_hls.cpp:1030]   --->   Operation 36 'specpipeline' 'specpipeline_ln1030' <Predicate = true> <Delay = 0.00>
ST_4 : Operation 37 [1/1] (0.00ns)   --->   "%speclooptripcount_ln1011 = speclooptripcount void @_ssdm_op_SpecLoopTripCount, i64 2, i64 2, i64 2" [../src/riccati_solver_hls.cpp:1011]   --->   Operation 37 'speclooptripcount' 'speclooptripcount_ln1011' <Predicate = true> <Delay = 0.00>
ST_4 : Operation 38 [1/1] (0.00ns)   --->   "%specloopname_ln1029 = specloopname void @_ssdm_op_SpecLoopName, void @empty_5" [../src/riccati_solver_hls.cpp:1029]   --->   Operation 38 'specloopname' 'specloopname_ln1029' <Predicate = true> <Delay = 0.00>
ST_4 : Operation 39 [1/1] (0.00ns)   --->   "%rbegin = specregionbegin i32 @_ssdm_op_SpecRegionBegin, void @empty_155" [../src/fp_math_hls.cpp:291->../src/riccati_solver_hls.cpp:1032]   --->   Operation 39 'specregionbegin' 'rbegin' <Predicate = true> <Delay = 0.00>
ST_4 : Operation 40 [1/4] (1.78ns)   --->   "%mul_ln291 = mul i49 %sext_ln291, i49 %sext_ln291_42_cast" [../src/fp_math_hls.cpp:291->../src/riccati_solver_hls.cpp:1032]   --->   Operation 40 'mul' 'mul_ln291' <Predicate = true> <Delay = 1.78> <CoreInst = "Mul_DSP">   --->   Core 5 'Mul_DSP' <Latency = 3> <II = 1> <Delay = 1.78> <FuncUnit> <Opcode : 'mul'> <InPorts = 2> <OutPorts = 1>
ST_4 : Operation 41 [1/1] (0.00ns)   --->   "%specfucore_ln292 = specfucore void @_ssdm_op_SpecFUCore, i49 %mul_ln291, i64 12, i64 3, i64 3, i1 0" [../src/fp_math_hls.cpp:292->../src/riccati_solver_hls.cpp:1032]   --->   Operation 41 'specfucore' 'specfucore_ln292' <Predicate = true> <Delay = 0.00>
ST_4 : Operation 42 [1/1] (0.00ns)   --->   "%rend448 = specregionend i32 @_ssdm_op_SpecRegionEnd, void @empty_155, i32 %rbegin" [../src/fp_math_hls.cpp:291->../src/riccati_solver_hls.cpp:1032]   --->   Operation 42 'specregionend' 'rend448' <Predicate = true> <Delay = 0.00>
ST_4 : Operation 43 [1/1] (0.00ns)   --->   "%trunc_ln1032 = trunc i49 %mul_ln291" [../src/riccati_solver_hls.cpp:1032]   --->   Operation 43 'trunc' 'trunc_ln1032' <Predicate = true> <Delay = 0.00>
ST_4 : Operation 44 [1/1] (0.00ns)   --->   "%sext_ln1032 = sext i48 %trunc_ln1032" [../src/riccati_solver_hls.cpp:1032]   --->   Operation 44 'sext' 'sext_ln1032' <Predicate = true> <Delay = 0.00>
ST_4 : Operation 45 [1/1] (0.00ns)   --->   "%rbegin34 = specregionbegin i32 @_ssdm_op_SpecRegionBegin, void @empty_163" [../src/fp_math_hls.cpp:291->../src/riccati_solver_hls.cpp:1033]   --->   Operation 45 'specregionbegin' 'rbegin34' <Predicate = true> <Delay = 0.00>
ST_4 : Operation 46 [1/4] (1.78ns)   --->   "%mul_ln291_1 = mul i49 %sext_ln291_1, i49 %sext_ln1013_cast" [../src/fp_math_hls.cpp:291->../src/riccati_solver_hls.cpp:1033]   --->   Operation 46 'mul' 'mul_ln291_1' <Predicate = true> <Delay = 1.78> <CoreInst = "Mul_DSP">   --->   Core 5 'Mul_DSP' <Latency = 3> <II = 1> <Delay = 1.78> <FuncUnit> <Opcode : 'mul'> <InPorts = 2> <OutPorts = 1>
ST_4 : Operation 47 [1/1] (0.00ns)   --->   "%specfucore_ln292 = specfucore void @_ssdm_op_SpecFUCore, i49 %mul_ln291_1, i64 12, i64 3, i64 3, i1 0" [../src/fp_math_hls.cpp:292->../src/riccati_solver_hls.cpp:1033]   --->   Operation 47 'specfucore' 'specfucore_ln292' <Predicate = true> <Delay = 0.00>
ST_4 : Operation 48 [1/1] (0.00ns)   --->   "%rend446 = specregionend i32 @_ssdm_op_SpecRegionEnd, void @empty_163, i32 %rbegin34" [../src/fp_math_hls.cpp:291->../src/riccati_solver_hls.cpp:1033]   --->   Operation 48 'specregionend' 'rend446' <Predicate = true> <Delay = 0.00>
ST_4 : Operation 49 [1/1] (0.00ns)   --->   "%trunc_ln1033 = trunc i49 %mul_ln291_1" [../src/riccati_solver_hls.cpp:1033]   --->   Operation 49 'trunc' 'trunc_ln1033' <Predicate = true> <Delay = 0.00>
ST_4 : Operation 50 [1/1] (0.00ns)   --->   "%sext_ln1033 = sext i48 %trunc_ln1033" [../src/riccati_solver_hls.cpp:1033]   --->   Operation 50 'sext' 'sext_ln1033' <Predicate = true> <Delay = 0.00>
ST_4 : Operation 51 [1/1] (1.09ns)   --->   "%total = add i49 %sext_ln1033, i49 %sext_ln1032" [../src/riccati_solver_hls.cpp:1032]   --->   Operation 51 'add' 'total' <Predicate = true> <Delay = 1.09> <CoreInst = "Adder">   --->   Core 1 'Adder' <Latency = 0> <II = 1> <Delay = 1.09> <FuncUnit> <Opcode : 'add' 'sub'> <InPorts = 2> <OutPorts = 1>
ST_4 : Operation 52 [1/1] (0.00ns)   --->   "%trunc_ln167_s = partselect i31 @_ssdm_op_PartSelect.i31.i49.i32.i32, i49 %total, i32 18, i32 48" [include/fp_math_hls.h:167->../src/riccati_solver_hls.cpp:1037]   --->   Operation 52 'partselect' 'trunc_ln167_s' <Predicate = true> <Delay = 0.00>
ST_4 : Operation 53 [1/1] (0.00ns)   --->   "%sext_ln167 = sext i31 %trunc_ln167_s" [include/fp_math_hls.h:167->../src/riccati_solver_hls.cpp:1037]   --->   Operation 53 'sext' 'sext_ln167' <Predicate = true> <Delay = 0.00>
ST_4 : Operation 54 [1/1] (0.31ns)   --->   "%p_new_1 = select i1 %icmp_ln1035, i40 %sext_ln167, i40 %p_new_14_out_load" [../src/riccati_solver_hls.cpp:1035]   --->   Operation 54 'select' 'p_new_1' <Predicate = true> <Delay = 0.31> <CoreInst = "Sel">   --->   Core 73 'Sel' <Latency = 0> <II = 1> <Delay = 0.31> <FuncUnit> <Opcode : 'select'> <InPorts = 3> <OutPorts = 1>
ST_4 : Operation 55 [1/1] (0.31ns)   --->   "%p_new = select i1 %icmp_ln1035, i40 %p_new_13_out_load, i40 %sext_ln167" [../src/riccati_solver_hls.cpp:1035]   --->   Operation 55 'select' 'p_new' <Predicate = true> <Delay = 0.31> <CoreInst = "Sel">   --->   Core 73 'Sel' <Latency = 0> <II = 1> <Delay = 0.31> <FuncUnit> <Opcode : 'select'> <InPorts = 3> <OutPorts = 1>
ST_4 : Operation 56 [1/1] (0.42ns)   --->   "%store_ln1011 = store i40 %p_new_1, i40 %p_new_14_out" [../src/riccati_solver_hls.cpp:1011]   --->   Operation 56 'store' 'store_ln1011' <Predicate = true> <Delay = 0.42>
ST_4 : Operation 57 [1/1] (0.42ns)   --->   "%store_ln1011 = store i40 %p_new, i40 %p_new_13_out" [../src/riccati_solver_hls.cpp:1011]   --->   Operation 57 'store' 'store_ln1011' <Predicate = true> <Delay = 0.42>
ST_4 : Operation 58 [1/1] (0.00ns)   --->   "%br_ln1029 = br void %for.inc2959" [../src/riccati_solver_hls.cpp:1029]   --->   Operation 58 'br' 'br_ln1029' <Predicate = true> <Delay = 0.00>


============================================================
+ Verbose Summary: Binding
============================================================
STG Binding: 
---------------- STG Properties BEGIN ----------------
- Is combinational: 0
- Is one-state seq: 0
- Is datapath-only: 0
- Is pipelined: 0
- Is top level: 0
Port [ Return ] is wired: 1; IO mode=ap_ctrl_hs:ce=0
Port [ G_37]:  wired=1; compound=0; hidden=0; nouse=0; global=0; static=0; extern=0; dir=0; type=0; pingpong=0; private_global=0; IO mode=ap_none:ce=0
Port [ sext_ln291_42]:  wired=1; compound=0; hidden=0; nouse=0; global=0; static=0; extern=0; dir=0; type=0; pingpong=0; private_global=0; IO mode=ap_none:ce=0
Port [ sext_ln1013]:  wired=1; compound=0; hidden=0; nouse=0; global=0; static=0; extern=0; dir=0; type=0; pingpong=0; private_global=0; IO mode=ap_none:ce=0
Port [ p_new_14_out]:  wired=1; compound=0; hidden=0; nouse=0; global=0; static=0; extern=0; dir=2; type=0; pingpong=0; private_global=0; IO mode=ap_ovld:ce=0
Port [ p_new_13_out]:  wired=1; compound=0; hidden=0; nouse=0; global=0; static=0; extern=0; dir=2; type=0; pingpong=0; private_global=0; IO mode=ap_ovld:ce=0
---------------- STG Properties END ------------------

---------------- Datapath Model BEGIN ----------------

<LifeTime>
<method=bitvector/>
i                        (alloca           ) [ 01000]
sext_ln1013_read         (read             ) [ 00000]
sext_ln291_42_read       (read             ) [ 00000]
G_37_read                (read             ) [ 00000]
sext_ln1013_cast         (sext             ) [ 01111]
sext_ln291_42_cast       (sext             ) [ 01111]
store_ln1011             (store            ) [ 00000]
store_ln1011             (store            ) [ 00000]
store_ln475              (store            ) [ 00000]
br_ln0                   (br               ) [ 00000]
i_3                      (load             ) [ 00000]
icmp_ln1029              (icmp             ) [ 01110]
br_ln1029                (br               ) [ 00000]
empty                    (icmp             ) [ 00000]
a                        (select           ) [ 00000]
sext_ln291               (sext             ) [ 01111]
a_27                     (select           ) [ 00000]
sext_ln291_1             (sext             ) [ 01111]
icmp_ln1035              (icmp             ) [ 01111]
add_ln1029               (add              ) [ 00000]
store_ln475              (store            ) [ 00000]
p_new_13_out_load        (load             ) [ 00000]
p_new_14_out_load        (load             ) [ 00000]
specpipeline_ln1030      (specpipeline     ) [ 00000]
speclooptripcount_ln1011 (speclooptripcount) [ 00000]
specloopname_ln1029      (specloopname     ) [ 00000]
rbegin                   (specregionbegin  ) [ 00000]
mul_ln291                (mul              ) [ 00000]
specfucore_ln292         (specfucore       ) [ 00000]
rend448                  (specregionend    ) [ 00000]
trunc_ln1032             (trunc            ) [ 00000]
sext_ln1032              (sext             ) [ 00000]
rbegin34                 (specregionbegin  ) [ 00000]
mul_ln291_1              (mul              ) [ 00000]
specfucore_ln292         (specfucore       ) [ 00000]
rend446                  (specregionend    ) [ 00000]
trunc_ln1033             (trunc            ) [ 00000]
sext_ln1033              (sext             ) [ 00000]
total                    (add              ) [ 00000]
trunc_ln167_s            (partselect       ) [ 00000]
sext_ln167               (sext             ) [ 00000]
p_new_1                  (select           ) [ 00000]
p_new                    (select           ) [ 00000]
store_ln1011             (store            ) [ 00000]
store_ln1011             (store            ) [ 00000]
br_ln1029                (br               ) [ 00000]
ret_ln0                  (ret              ) [ 00000]
</LifeTime>

<model>

<comp_list>
<comp id="0" class="1000" name="G_37">
<pin_list>
<pin id="1" dir="1" index="0" bw="1" slack="0"/>
</pin_list>
<bind>
<StgValue><ssdm name="G_37"/></StgValue>
</bind>
</comp>

<comp id="2" class="1000" name="sext_ln291_42">
<pin_list>
<pin id="3" dir="1" index="0" bw="1" slack="0"/>
</pin_list>
<bind>
<StgValue><ssdm name="sext_ln291_42"/></StgValue>
</bind>
</comp>

<comp id="4" class="1000" name="sext_ln1013">
<pin_list>
<pin id="5" dir="1" index="0" bw="1" slack="0"/>
</pin_list>
<bind>
<StgValue><ssdm name="sext_ln1013"/></StgValue>
</bind>
</comp>

<comp id="6" class="1000" name="p_new_14_out">
<pin_list>
<pin id="7" dir="1" index="0" bw="1" slack="0"/>
</pin_list>
<bind>
<StgValue><ssdm name="p_new_14_out"/></StgValue>
</bind>
</comp>

<comp id="8" class="1000" name="p_new_13_out">
<pin_list>
<pin id="9" dir="1" index="0" bw="1" slack="0"/>
</pin_list>
<bind>
<StgValue><ssdm name="p_new_13_out"/></StgValue>
</bind>
</comp>

<comp id="10" class="1001" name="const_10">
<pin_list>
<pin id="11" dir="1" index="0" bw="1" slack="0"/>
</pin_list>
<bind>
<StgValue><ssdm name=""/></StgValue>
</bind>
</comp>

<comp id="12" class="1001" name="const_12">
<pin_list>
<pin id="13" dir="1" index="0" bw="1" slack="0"/>
</pin_list>
<bind>
<StgValue><ssdm name="_ssdm_op_Read.ap_auto.i26"/></StgValue>
</bind>
</comp>

<comp id="14" class="1001" name="const_14">
<pin_list>
<pin id="15" dir="1" index="0" bw="1" slack="0"/>
</pin_list>
<bind>
<StgValue><ssdm name="_ssdm_op_Read.ap_auto.i23"/></StgValue>
</bind>
</comp>

<comp id="16" class="1001" name="const_16">
<pin_list>
<pin id="17" dir="1" index="0" bw="1" slack="0"/>
</pin_list>
<bind>
<StgValue><ssdm name=""/></StgValue>
</bind>
</comp>

<comp id="18" class="1001" name="const_18">
<pin_list>
<pin id="19" dir="1" index="0" bw="1" slack="0"/>
</pin_list>
<bind>
<StgValue><ssdm name=""/></StgValue>
</bind>
</comp>

<comp id="20" class="1001" name="const_20">
<pin_list>
<pin id="21" dir="1" index="0" bw="1" slack="0"/>
</pin_list>
<bind>
<StgValue><ssdm name=""/></StgValue>
</bind>
</comp>

<comp id="22" class="1001" name="const_22">
<pin_list>
<pin id="23" dir="1" index="0" bw="1" slack="0"/>
</pin_list>
<bind>
<StgValue><ssdm name=""/></StgValue>
</bind>
</comp>

<comp id="24" class="1001" name="const_24">
<pin_list>
<pin id="25" dir="1" index="0" bw="1" slack="0"/>
</pin_list>
<bind>
<StgValue><ssdm name=""/></StgValue>
</bind>
</comp>

<comp id="26" class="1001" name="const_26">
<pin_list>
<pin id="27" dir="1" index="0" bw="1" slack="0"/>
</pin_list>
<bind>
<StgValue><ssdm name=""/></StgValue>
</bind>
</comp>

<comp id="28" class="1001" name="const_28">
<pin_list>
<pin id="29" dir="1" index="0" bw="1" slack="2147483647"/>
</pin_list>
<bind>
<StgValue><ssdm name="_ssdm_op_SpecPipeline"/></StgValue>
</bind>
</comp>

<comp id="30" class="1001" name="const_30">
<pin_list>
<pin id="31" dir="1" index="0" bw="1" slack="2147483647"/>
</pin_list>
<bind>
<StgValue><ssdm name=""/></StgValue>
</bind>
</comp>

<comp id="32" class="1001" name="const_32">
<pin_list>
<pin id="33" dir="1" index="0" bw="1" slack="2147483647"/>
</pin_list>
<bind>
<StgValue><ssdm name=""/></StgValue>
</bind>
</comp>

<comp id="34" class="1001" name="const_34">
<pin_list>
<pin id="35" dir="1" index="0" bw="1" slack="2147483647"/>
</pin_list>
<bind>
<StgValue><ssdm name="empty_485"/></StgValue>
</bind>
</comp>

<comp id="36" class="1001" name="const_36">
<pin_list>
<pin id="37" dir="1" index="0" bw="1" slack="2147483647"/>
</pin_list>
<bind>
<StgValue><ssdm name="_ssdm_op_SpecLoopTripCount"/></StgValue>
</bind>
</comp>

<comp id="38" class="1001" name="const_38">
<pin_list>
<pin id="39" dir="1" index="0" bw="1" slack="2147483647"/>
</pin_list>
<bind>
<StgValue><ssdm name=""/></StgValue>
</bind>
</comp>

<comp id="40" class="1001" name="const_40">
<pin_list>
<pin id="41" dir="1" index="0" bw="1" slack="2147483647"/>
</pin_list>
<bind>
<StgValue><ssdm name="_ssdm_op_SpecLoopName"/></StgValue>
</bind>
</comp>

<comp id="42" class="1001" name="const_42">
<pin_list>
<pin id="43" dir="1" index="0" bw="1" slack="2147483647"/>
</pin_list>
<bind>
<StgValue><ssdm name="empty_5"/></StgValue>
</bind>
</comp>

<comp id="44" class="1001" name="const_44">
<pin_list>
<pin id="45" dir="1" index="0" bw="1" slack="2147483647"/>
</pin_list>
<bind>
<StgValue><ssdm name="_ssdm_op_SpecRegionBegin"/></StgValue>
</bind>
</comp>

<comp id="46" class="1001" name="const_46">
<pin_list>
<pin id="47" dir="1" index="0" bw="1" slack="2147483647"/>
</pin_list>
<bind>
<StgValue><ssdm name="empty_155"/></StgValue>
</bind>
</comp>

<comp id="48" class="1001" name="const_48">
<pin_list>
<pin id="49" dir="1" index="0" bw="1" slack="2147483647"/>
</pin_list>
<bind>
<StgValue><ssdm name="_ssdm_op_SpecFUCore"/></StgValue>
</bind>
</comp>

<comp id="50" class="1001" name="const_50">
<pin_list>
<pin id="51" dir="1" index="0" bw="1" slack="2147483647"/>
</pin_list>
<bind>
<StgValue><ssdm name=""/></StgValue>
</bind>
</comp>

<comp id="52" class="1001" name="const_52">
<pin_list>
<pin id="53" dir="1" index="0" bw="1" slack="2147483647"/>
</pin_list>
<bind>
<StgValue><ssdm name=""/></StgValue>
</bind>
</comp>

<comp id="54" class="1001" name="const_54">
<pin_list>
<pin id="55" dir="1" index="0" bw="1" slack="2147483647"/>
</pin_list>
<bind>
<StgValue><ssdm name=""/></StgValue>
</bind>
</comp>

<comp id="56" class="1001" name="const_56">
<pin_list>
<pin id="57" dir="1" index="0" bw="1" slack="2147483647"/>
</pin_list>
<bind>
<StgValue><ssdm name="_ssdm_op_SpecRegionEnd"/></StgValue>
</bind>
</comp>

<comp id="58" class="1001" name="const_58">
<pin_list>
<pin id="59" dir="1" index="0" bw="1" slack="2147483647"/>
</pin_list>
<bind>
<StgValue><ssdm name="empty_163"/></StgValue>
</bind>
</comp>

<comp id="60" class="1001" name="const_60">
<pin_list>
<pin id="61" dir="1" index="0" bw="1" slack="0"/>
</pin_list>
<bind>
<StgValue><ssdm name="_ssdm_op_PartSelect.i31.i49.i32.i32"/></StgValue>
</bind>
</comp>

<comp id="62" class="1001" name="const_62">
<pin_list>
<pin id="63" dir="1" index="0" bw="1" slack="0"/>
</pin_list>
<bind>
<StgValue><ssdm name=""/></StgValue>
</bind>
</comp>

<comp id="64" class="1001" name="const_64">
<pin_list>
<pin id="65" dir="1" index="0" bw="1" slack="0"/>
</pin_list>
<bind>
<StgValue><ssdm name=""/></StgValue>
</bind>
</comp>

<comp id="66" class="1004" name="i_fu_66">
<pin_list>
<pin id="67" dir="0" index="0" bw="1" slack="0"/>
<pin id="68" dir="1" index="1" bw="4" slack="0"/>
</pin_list>
<bind>
<opcode="alloca(26) " fcode="alloca"/>
<opset="i/1 "/>
</bind>
</comp>

<comp id="70" class="1004" name="sext_ln1013_read_read_fu_70">
<pin_list>
<pin id="71" dir="0" index="0" bw="26" slack="0"/>
<pin id="72" dir="0" index="1" bw="26" slack="0"/>
<pin id="73" dir="1" index="2" bw="26" slack="0"/>
</pin_list>
<bind>
<opcode="read(1150) " fcode="read"/>
<opset="sext_ln1013_read/1 "/>
</bind>
</comp>

<comp id="76" class="1004" name="sext_ln291_42_read_read_fu_76">
<pin_list>
<pin id="77" dir="0" index="0" bw="26" slack="0"/>
<pin id="78" dir="0" index="1" bw="26" slack="0"/>
<pin id="79" dir="1" index="2" bw="26" slack="0"/>
</pin_list>
<bind>
<opcode="read(1150) " fcode="read"/>
<opset="sext_ln291_42_read/1 "/>
</bind>
</comp>

<comp id="82" class="1004" name="G_37_read_read_fu_82">
<pin_list>
<pin id="83" dir="0" index="0" bw="23" slack="0"/>
<pin id="84" dir="0" index="1" bw="23" slack="0"/>
<pin id="85" dir="1" index="2" bw="23" slack="0"/>
</pin_list>
<bind>
<opcode="read(1150) " fcode="read"/>
<opset="G_37_read/1 "/>
</bind>
</comp>

<comp id="88" class="1004" name="grp_fu_88">
<pin_list>
<pin id="89" dir="0" index="0" bw="23" slack="0"/>
<pin id="90" dir="0" index="1" bw="26" slack="0"/>
<pin id="91" dir="1" index="2" bw="49" slack="0"/>
</pin_list>
<bind>
<opcode="mul(12) " fcode="mul"/>
<opset="mul_ln291/1 "/>
</bind>
</comp>

<comp id="92" class="1004" name="grp_fu_92">
<pin_list>
<pin id="93" dir="0" index="0" bw="23" slack="0"/>
<pin id="94" dir="0" index="1" bw="26" slack="0"/>
<pin id="95" dir="1" index="2" bw="49" slack="0"/>
</pin_list>
<bind>
<opcode="mul(12) " fcode="mul"/>
<opset="mul_ln291_1/1 "/>
</bind>
</comp>

<comp id="96" class="1004" name="sext_ln1013_cast_fu_96">
<pin_list>
<pin id="97" dir="0" index="0" bw="26" slack="0"/>
<pin id="98" dir="1" index="1" bw="49" slack="0"/>
</pin_list>
<bind>
<opcode="sext(35) " fcode="sext"/>
<opset="sext_ln1013_cast/1 "/>
</bind>
</comp>

<comp id="101" class="1004" name="sext_ln291_42_cast_fu_101">
<pin_list>
<pin id="102" dir="0" index="0" bw="26" slack="0"/>
<pin id="103" dir="1" index="1" bw="49" slack="0"/>
</pin_list>
<bind>
<opcode="sext(35) " fcode="sext"/>
<opset="sext_ln291_42_cast/1 "/>
</bind>
</comp>

<comp id="106" class="1004" name="store_ln1011_store_fu_106">
<pin_list>
<pin id="107" dir="0" index="0" bw="1" slack="0"/>
<pin id="108" dir="0" index="1" bw="40" slack="0"/>
<pin id="109" dir="1" index="2" bw="0" slack="2147483647"/>
</pin_list>
<bind>
<opcode="store(28) " fcode="store"/>
<opset="store_ln1011/1 "/>
</bind>
</comp>

<comp id="112" class="1004" name="store_ln1011_store_fu_112">
<pin_list>
<pin id="113" dir="0" index="0" bw="1" slack="0"/>
<pin id="114" dir="0" index="1" bw="40" slack="0"/>
<pin id="115" dir="1" index="2" bw="0" slack="2147483647"/>
</pin_list>
<bind>
<opcode="store(28) " fcode="store"/>
<opset="store_ln1011/1 "/>
</bind>
</comp>

<comp id="118" class="1004" name="store_ln475_store_fu_118">
<pin_list>
<pin id="119" dir="0" index="0" bw="4" slack="0"/>
<pin id="120" dir="0" index="1" bw="4" slack="0"/>
<pin id="121" dir="1" index="2" bw="0" slack="2147483647"/>
</pin_list>
<bind>
<opcode="store(28) " fcode="store"/>
<opset="store_ln475/1 "/>
</bind>
</comp>

<comp id="123" class="1004" name="i_3_load_fu_123">
<pin_list>
<pin id="124" dir="0" index="0" bw="4" slack="0"/>
<pin id="125" dir="1" index="1" bw="4" slack="0"/>
</pin_list>
<bind>
<opcode="load(27) " fcode="load"/>
<opset="i_3/1 "/>
</bind>
</comp>

<comp id="126" class="1004" name="icmp_ln1029_fu_126">
<pin_list>
<pin id="127" dir="0" index="0" bw="4" slack="0"/>
<pin id="128" dir="0" index="1" bw="4" slack="0"/>
<pin id="129" dir="1" index="2" bw="1" slack="2"/>
</pin_list>
<bind>
<opcode="icmp(45) " fcode="icmp"/>
<opset="icmp_ln1029/1 "/>
</bind>
</comp>

<comp id="132" class="1004" name="empty_fu_132">
<pin_list>
<pin id="133" dir="0" index="0" bw="4" slack="0"/>
<pin id="134" dir="0" index="1" bw="4" slack="0"/>
<pin id="135" dir="1" index="2" bw="1" slack="0"/>
</pin_list>
<bind>
<opcode="icmp(45) " fcode="icmp"/>
<opset="empty/1 "/>
</bind>
</comp>

<comp id="138" class="1004" name="a_fu_138">
<pin_list>
<pin id="139" dir="0" index="0" bw="1" slack="0"/>
<pin id="140" dir="0" index="1" bw="23" slack="0"/>
<pin id="141" dir="0" index="2" bw="23" slack="0"/>
<pin id="142" dir="1" index="3" bw="23" slack="0"/>
</pin_list>
<bind>
<opcode="select(49) " fcode="select"/>
<opset="a/1 "/>
</bind>
</comp>

<comp id="146" class="1004" name="sext_ln291_fu_146">
<pin_list>
<pin id="147" dir="0" index="0" bw="23" slack="0"/>
<pin id="148" dir="1" index="1" bw="49" slack="0"/>
</pin_list>
<bind>
<opcode="sext(35) " fcode="sext"/>
<opset="sext_ln291/1 "/>
</bind>
</comp>

<comp id="151" class="1004" name="a_27_fu_151">
<pin_list>
<pin id="152" dir="0" index="0" bw="1" slack="0"/>
<pin id="153" dir="0" index="1" bw="23" slack="0"/>
<pin id="154" dir="0" index="2" bw="23" slack="0"/>
<pin id="155" dir="1" index="3" bw="23" slack="0"/>
</pin_list>
<bind>
<opcode="select(49) " fcode="select"/>
<opset="a_27/1 "/>
</bind>
</comp>

<comp id="159" class="1004" name="sext_ln291_1_fu_159">
<pin_list>
<pin id="160" dir="0" index="0" bw="23" slack="0"/>
<pin id="161" dir="1" index="1" bw="49" slack="0"/>
</pin_list>
<bind>
<opcode="sext(35) " fcode="sext"/>
<opset="sext_ln291_1/1 "/>
</bind>
</comp>

<comp id="164" class="1004" name="icmp_ln1035_fu_164">
<pin_list>
<pin id="165" dir="0" index="0" bw="4" slack="0"/>
<pin id="166" dir="0" index="1" bw="4" slack="0"/>
<pin id="167" dir="1" index="2" bw="1" slack="3"/>
</pin_list>
<bind>
<opcode="icmp(45) " fcode="icmp"/>
<opset="icmp_ln1035/1 "/>
</bind>
</comp>

<comp id="170" class="1004" name="add_ln1029_fu_170">
<pin_list>
<pin id="171" dir="0" index="0" bw="4" slack="0"/>
<pin id="172" dir="0" index="1" bw="1" slack="0"/>
<pin id="173" dir="1" index="2" bw="4" slack="0"/>
</pin_list>
<bind>
<opcode="add(8) " fcode="add"/>
<opset="add_ln1029/1 "/>
</bind>
</comp>

<comp id="176" class="1004" name="store_ln475_store_fu_176">
<pin_list>
<pin id="177" dir="0" index="0" bw="4" slack="0"/>
<pin id="178" dir="0" index="1" bw="4" slack="0"/>
<pin id="179" dir="1" index="2" bw="0" slack="2147483647"/>
</pin_list>
<bind>
<opcode="store(28) " fcode="store"/>
<opset="store_ln475/1 "/>
</bind>
</comp>

<comp id="181" class="1004" name="p_new_13_out_load_load_fu_181">
<pin_list>
<pin id="182" dir="0" index="0" bw="40" slack="0"/>
<pin id="183" dir="1" index="1" bw="40" slack="0"/>
</pin_list>
<bind>
<opcode="load(27) " fcode="load"/>
<opset="p_new_13_out_load/4 "/>
</bind>
</comp>

<comp id="185" class="1004" name="p_new_14_out_load_load_fu_185">
<pin_list>
<pin id="186" dir="0" index="0" bw="40" slack="0"/>
<pin id="187" dir="1" index="1" bw="40" slack="0"/>
</pin_list>
<bind>
<opcode="load(27) " fcode="load"/>
<opset="p_new_14_out_load/4 "/>
</bind>
</comp>

<comp id="189" class="1004" name="trunc_ln1032_fu_189">
<pin_list>
<pin id="190" dir="0" index="0" bw="49" slack="0"/>
<pin id="191" dir="1" index="1" bw="48" slack="0"/>
</pin_list>
<bind>
<opcode="trunc(33) " fcode="trunc"/>
<opset="trunc_ln1032/4 "/>
</bind>
</comp>

<comp id="193" class="1004" name="sext_ln1032_fu_193">
<pin_list>
<pin id="194" dir="0" index="0" bw="48" slack="0"/>
<pin id="195" dir="1" index="1" bw="49" slack="0"/>
</pin_list>
<bind>
<opcode="sext(35) " fcode="sext"/>
<opset="sext_ln1032/4 "/>
</bind>
</comp>

<comp id="197" class="1004" name="trunc_ln1033_fu_197">
<pin_list>
<pin id="198" dir="0" index="0" bw="49" slack="0"/>
<pin id="199" dir="1" index="1" bw="48" slack="0"/>
</pin_list>
<bind>
<opcode="trunc(33) " fcode="trunc"/>
<opset="trunc_ln1033/4 "/>
</bind>
</comp>

<comp id="201" class="1004" name="sext_ln1033_fu_201">
<pin_list>
<pin id="202" dir="0" index="0" bw="48" slack="0"/>
<pin id="203" dir="1" index="1" bw="49" slack="0"/>
</pin_list>
<bind>
<opcode="sext(35) " fcode="sext"/>
<opset="sext_ln1033/4 "/>
</bind>
</comp>

<comp id="205" class="1004" name="total_fu_205">
<pin_list>
<pin id="206" dir="0" index="0" bw="48" slack="0"/>
<pin id="207" dir="0" index="1" bw="48" slack="0"/>
<pin id="208" dir="1" index="2" bw="49" slack="0"/>
</pin_list>
<bind>
<opcode="add(8) " fcode="add"/>
<opset="total/4 "/>
</bind>
</comp>

<comp id="211" class="1004" name="trunc_ln167_s_fu_211">
<pin_list>
<pin id="212" dir="0" index="0" bw="31" slack="0"/>
<pin id="213" dir="0" index="1" bw="49" slack="0"/>
<pin id="214" dir="0" index="2" bw="6" slack="0"/>
<pin id="215" dir="0" index="3" bw="7" slack="0"/>
<pin id="216" dir="1" index="4" bw="31" slack="0"/>
</pin_list>
<bind>
<opcode="partselect(1002) " fcode="partselect"/>
<opset="trunc_ln167_s/4 "/>
</bind>
</comp>

<comp id="221" class="1004" name="sext_ln167_fu_221">
<pin_list>
<pin id="222" dir="0" index="0" bw="31" slack="0"/>
<pin id="223" dir="1" index="1" bw="40" slack="0"/>
</pin_list>
<bind>
<opcode="sext(35) " fcode="sext"/>
<opset="sext_ln167/4 "/>
</bind>
</comp>

<comp id="225" class="1004" name="p_new_1_fu_225">
<pin_list>
<pin id="226" dir="0" index="0" bw="1" slack="3"/>
<pin id="227" dir="0" index="1" bw="40" slack="0"/>
<pin id="228" dir="0" index="2" bw="40" slack="0"/>
<pin id="229" dir="1" index="3" bw="40" slack="0"/>
</pin_list>
<bind>
<opcode="select(49) " fcode="select"/>
<opset="p_new_1/4 "/>
</bind>
</comp>

<comp id="232" class="1004" name="p_new_fu_232">
<pin_list>
<pin id="233" dir="0" index="0" bw="1" slack="3"/>
<pin id="234" dir="0" index="1" bw="40" slack="0"/>
<pin id="235" dir="0" index="2" bw="40" slack="0"/>
<pin id="236" dir="1" index="3" bw="40" slack="0"/>
</pin_list>
<bind>
<opcode="select(49) " fcode="select"/>
<opset="p_new/4 "/>
</bind>
</comp>

<comp id="239" class="1004" name="store_ln1011_store_fu_239">
<pin_list>
<pin id="240" dir="0" index="0" bw="40" slack="0"/>
<pin id="241" dir="0" index="1" bw="40" slack="0"/>
<pin id="242" dir="1" index="2" bw="0" slack="2147483647"/>
</pin_list>
<bind>
<opcode="store(28) " fcode="store"/>
<opset="store_ln1011/4 "/>
</bind>
</comp>

<comp id="245" class="1004" name="store_ln1011_store_fu_245">
<pin_list>
<pin id="246" dir="0" index="0" bw="40" slack="0"/>
<pin id="247" dir="0" index="1" bw="40" slack="0"/>
<pin id="248" dir="1" index="2" bw="0" slack="2147483647"/>
</pin_list>
<bind>
<opcode="store(28) " fcode="store"/>
<opset="store_ln1011/4 "/>
</bind>
</comp>

<comp id="251" class="1005" name="i_reg_251">
<pin_list>
<pin id="252" dir="0" index="0" bw="4" slack="0"/>
<pin id="253" dir="1" index="1" bw="4" slack="0"/>
</pin_list>
<bind>
<opset="i "/>
</bind>
</comp>

<comp id="258" class="1005" name="sext_ln1013_cast_reg_258">
<pin_list>
<pin id="259" dir="0" index="0" bw="49" slack="1"/>
<pin id="260" dir="1" index="1" bw="49" slack="1"/>
</pin_list>
<bind>
<opset="sext_ln1013_cast "/>
</bind>
</comp>

<comp id="263" class="1005" name="sext_ln291_42_cast_reg_263">
<pin_list>
<pin id="264" dir="0" index="0" bw="49" slack="1"/>
<pin id="265" dir="1" index="1" bw="49" slack="1"/>
</pin_list>
<bind>
<opset="sext_ln291_42_cast "/>
</bind>
</comp>

<comp id="268" class="1005" name="icmp_ln1029_reg_268">
<pin_list>
<pin id="269" dir="0" index="0" bw="1" slack="2"/>
<pin id="270" dir="1" index="1" bw="1" slack="2147483647"/>
</pin_list>
<bind>
<opset="icmp_ln1029 "/>
</bind>
</comp>

<comp id="272" class="1005" name="sext_ln291_reg_272">
<pin_list>
<pin id="273" dir="0" index="0" bw="49" slack="1"/>
<pin id="274" dir="1" index="1" bw="49" slack="1"/>
</pin_list>
<bind>
<opset="sext_ln291 "/>
</bind>
</comp>

<comp id="277" class="1005" name="sext_ln291_1_reg_277">
<pin_list>
<pin id="278" dir="0" index="0" bw="49" slack="1"/>
<pin id="279" dir="1" index="1" bw="49" slack="1"/>
</pin_list>
<bind>
<opset="sext_ln291_1 "/>
</bind>
</comp>

<comp id="282" class="1005" name="icmp_ln1035_reg_282">
<pin_list>
<pin id="283" dir="0" index="0" bw="1" slack="3"/>
<pin id="284" dir="1" index="1" bw="1" slack="3"/>
</pin_list>
<bind>
<opset="icmp_ln1035 "/>
</bind>
</comp>

</comp_list>

<net_list>
<net id="69"><net_src comp="10" pin="0"/><net_sink comp="66" pin=0"/></net>

<net id="74"><net_src comp="12" pin="0"/><net_sink comp="70" pin=0"/></net>

<net id="75"><net_src comp="4" pin="0"/><net_sink comp="70" pin=1"/></net>

<net id="80"><net_src comp="12" pin="0"/><net_sink comp="76" pin=0"/></net>

<net id="81"><net_src comp="2" pin="0"/><net_sink comp="76" pin=1"/></net>

<net id="86"><net_src comp="14" pin="0"/><net_sink comp="82" pin=0"/></net>

<net id="87"><net_src comp="0" pin="0"/><net_sink comp="82" pin=1"/></net>

<net id="99"><net_src comp="70" pin="2"/><net_sink comp="96" pin=0"/></net>

<net id="100"><net_src comp="96" pin="1"/><net_sink comp="92" pin=1"/></net>

<net id="104"><net_src comp="76" pin="2"/><net_sink comp="101" pin=0"/></net>

<net id="105"><net_src comp="101" pin="1"/><net_sink comp="88" pin=1"/></net>

<net id="110"><net_src comp="16" pin="0"/><net_sink comp="106" pin=0"/></net>

<net id="111"><net_src comp="6" pin="0"/><net_sink comp="106" pin=1"/></net>

<net id="116"><net_src comp="16" pin="0"/><net_sink comp="112" pin=0"/></net>

<net id="117"><net_src comp="8" pin="0"/><net_sink comp="112" pin=1"/></net>

<net id="122"><net_src comp="18" pin="0"/><net_sink comp="118" pin=0"/></net>

<net id="130"><net_src comp="123" pin="1"/><net_sink comp="126" pin=0"/></net>

<net id="131"><net_src comp="20" pin="0"/><net_sink comp="126" pin=1"/></net>

<net id="136"><net_src comp="123" pin="1"/><net_sink comp="132" pin=0"/></net>

<net id="137"><net_src comp="22" pin="0"/><net_sink comp="132" pin=1"/></net>

<net id="143"><net_src comp="132" pin="2"/><net_sink comp="138" pin=0"/></net>

<net id="144"><net_src comp="24" pin="0"/><net_sink comp="138" pin=1"/></net>

<net id="145"><net_src comp="82" pin="2"/><net_sink comp="138" pin=2"/></net>

<net id="149"><net_src comp="138" pin="3"/><net_sink comp="146" pin=0"/></net>

<net id="150"><net_src comp="146" pin="1"/><net_sink comp="88" pin=0"/></net>

<net id="156"><net_src comp="132" pin="2"/><net_sink comp="151" pin=0"/></net>

<net id="157"><net_src comp="82" pin="2"/><net_sink comp="151" pin=1"/></net>

<net id="158"><net_src comp="24" pin="0"/><net_sink comp="151" pin=2"/></net>

<net id="162"><net_src comp="151" pin="3"/><net_sink comp="159" pin=0"/></net>

<net id="163"><net_src comp="159" pin="1"/><net_sink comp="92" pin=0"/></net>

<net id="168"><net_src comp="123" pin="1"/><net_sink comp="164" pin=0"/></net>

<net id="169"><net_src comp="18" pin="0"/><net_sink comp="164" pin=1"/></net>

<net id="174"><net_src comp="123" pin="1"/><net_sink comp="170" pin=0"/></net>

<net id="175"><net_src comp="26" pin="0"/><net_sink comp="170" pin=1"/></net>

<net id="180"><net_src comp="170" pin="2"/><net_sink comp="176" pin=0"/></net>

<net id="184"><net_src comp="8" pin="0"/><net_sink comp="181" pin=0"/></net>

<net id="188"><net_src comp="6" pin="0"/><net_sink comp="185" pin=0"/></net>

<net id="192"><net_src comp="88" pin="2"/><net_sink comp="189" pin=0"/></net>

<net id="196"><net_src comp="189" pin="1"/><net_sink comp="193" pin=0"/></net>

<net id="200"><net_src comp="92" pin="2"/><net_sink comp="197" pin=0"/></net>

<net id="204"><net_src comp="197" pin="1"/><net_sink comp="201" pin=0"/></net>

<net id="209"><net_src comp="201" pin="1"/><net_sink comp="205" pin=0"/></net>

<net id="210"><net_src comp="193" pin="1"/><net_sink comp="205" pin=1"/></net>

<net id="217"><net_src comp="60" pin="0"/><net_sink comp="211" pin=0"/></net>

<net id="218"><net_src comp="205" pin="2"/><net_sink comp="211" pin=1"/></net>

<net id="219"><net_src comp="62" pin="0"/><net_sink comp="211" pin=2"/></net>

<net id="220"><net_src comp="64" pin="0"/><net_sink comp="211" pin=3"/></net>

<net id="224"><net_src comp="211" pin="4"/><net_sink comp="221" pin=0"/></net>

<net id="230"><net_src comp="221" pin="1"/><net_sink comp="225" pin=1"/></net>

<net id="231"><net_src comp="185" pin="1"/><net_sink comp="225" pin=2"/></net>

<net id="237"><net_src comp="181" pin="1"/><net_sink comp="232" pin=1"/></net>

<net id="238"><net_src comp="221" pin="1"/><net_sink comp="232" pin=2"/></net>

<net id="243"><net_src comp="225" pin="3"/><net_sink comp="239" pin=0"/></net>

<net id="244"><net_src comp="6" pin="0"/><net_sink comp="239" pin=1"/></net>

<net id="249"><net_src comp="232" pin="3"/><net_sink comp="245" pin=0"/></net>

<net id="250"><net_src comp="8" pin="0"/><net_sink comp="245" pin=1"/></net>

<net id="254"><net_src comp="66" pin="1"/><net_sink comp="251" pin=0"/></net>

<net id="255"><net_src comp="251" pin="1"/><net_sink comp="118" pin=1"/></net>

<net id="256"><net_src comp="251" pin="1"/><net_sink comp="123" pin=0"/></net>

<net id="257"><net_src comp="251" pin="1"/><net_sink comp="176" pin=1"/></net>

<net id="261"><net_src comp="96" pin="1"/><net_sink comp="258" pin=0"/></net>

<net id="262"><net_src comp="258" pin="1"/><net_sink comp="92" pin=1"/></net>

<net id="266"><net_src comp="101" pin="1"/><net_sink comp="263" pin=0"/></net>

<net id="267"><net_src comp="263" pin="1"/><net_sink comp="88" pin=1"/></net>

<net id="271"><net_src comp="126" pin="2"/><net_sink comp="268" pin=0"/></net>

<net id="275"><net_src comp="146" pin="1"/><net_sink comp="272" pin=0"/></net>

<net id="276"><net_src comp="272" pin="1"/><net_sink comp="88" pin=0"/></net>

<net id="280"><net_src comp="159" pin="1"/><net_sink comp="277" pin=0"/></net>

<net id="281"><net_src comp="277" pin="1"/><net_sink comp="92" pin=0"/></net>

<net id="285"><net_src comp="164" pin="2"/><net_sink comp="282" pin=0"/></net>

<net id="286"><net_src comp="282" pin="1"/><net_sink comp="225" pin=0"/></net>

<net id="287"><net_src comp="282" pin="1"/><net_sink comp="232" pin=0"/></net>

</net_list>

</model> 
---------------- Datapath Model END ------------------

* FSMD analyzer results:
  - Output states:
	Port: p_new_14_out | {1 4 }
	Port: p_new_13_out | {1 4 }
 - Input state : 
	Port: riccati_backward_pass_Pipeline_VITIS_LOOP_1029_38 : G_37 | {1 }
	Port: riccati_backward_pass_Pipeline_VITIS_LOOP_1029_38 : sext_ln291_42 | {1 }
	Port: riccati_backward_pass_Pipeline_VITIS_LOOP_1029_38 : sext_ln1013 | {1 }
	Port: riccati_backward_pass_Pipeline_VITIS_LOOP_1029_38 : p_new_14_out | {4 }
	Port: riccati_backward_pass_Pipeline_VITIS_LOOP_1029_38 : p_new_13_out | {4 }
  - Chain level:
	State 1
		store_ln475 : 1
		i_3 : 1
		icmp_ln1029 : 2
		br_ln1029 : 3
		empty : 2
		a : 3
		sext_ln291 : 4
		mul_ln291 : 5
		a_27 : 3
		sext_ln291_1 : 4
		mul_ln291_1 : 5
		icmp_ln1035 : 2
		add_ln1029 : 2
		store_ln475 : 3
	State 2
	State 3
	State 4
		specfucore_ln292 : 1
		rend448 : 1
		trunc_ln1032 : 1
		sext_ln1032 : 2
		specfucore_ln292 : 1
		rend446 : 1
		trunc_ln1033 : 1
		sext_ln1033 : 2
		total : 3
		trunc_ln167_s : 4
		sext_ln167 : 5
		p_new_1 : 6
		p_new : 6
		store_ln1011 : 7
		store_ln1011 : 7


============================================================
+ Verbose Summary: Datapath Resource usage 
============================================================

* Functional unit list:
|----------|-------------------------------|---------|---------|---------|
| Operation|        Functional Unit        |   DSP   |    FF   |   LUT   |
|----------|-------------------------------|---------|---------|---------|
|    mul   |           grp_fu_88           |    2    |    61   |    29   |
|          |           grp_fu_92           |    2    |    61   |    29   |
|----------|-------------------------------|---------|---------|---------|
|          |            a_fu_138           |    0    |    0    |    22   |
|  select  |          a_27_fu_151          |    0    |    0    |    22   |
|          |         p_new_1_fu_225        |    0    |    0    |    36   |
|          |          p_new_fu_232         |    0    |    0    |    36   |
|----------|-------------------------------|---------|---------|---------|
|    add   |       add_ln1029_fu_170       |    0    |    0    |    12   |
|          |          total_fu_205         |    0    |    0    |    55   |
|----------|-------------------------------|---------|---------|---------|
|          |       icmp_ln1029_fu_126      |    0    |    0    |    12   |
|   icmp   |          empty_fu_132         |    0    |    0    |    12   |
|          |       icmp_ln1035_fu_164      |    0    |    0    |    12   |
|----------|-------------------------------|---------|---------|---------|
|          |  sext_ln1013_read_read_fu_70  |    0    |    0    |    0    |
|   read   | sext_ln291_42_read_read_fu_76 |    0    |    0    |    0    |
|          |      G_37_read_read_fu_82     |    0    |    0    |    0    |
|----------|-------------------------------|---------|---------|---------|
|          |     sext_ln1013_cast_fu_96    |    0    |    0    |    0    |
|          |   sext_ln291_42_cast_fu_101   |    0    |    0    |    0    |
|          |       sext_ln291_fu_146       |    0    |    0    |    0    |
|   sext   |      sext_ln291_1_fu_159      |    0    |    0    |    0    |
|          |       sext_ln1032_fu_193      |    0    |    0    |    0    |
|          |       sext_ln1033_fu_201      |    0    |    0    |    0    |
|          |       sext_ln167_fu_221       |    0    |    0    |    0    |
|----------|-------------------------------|---------|---------|---------|
|   trunc  |      trunc_ln1032_fu_189      |    0    |    0    |    0    |
|          |      trunc_ln1033_fu_197      |    0    |    0    |    0    |
|----------|-------------------------------|---------|---------|---------|
|partselect|      trunc_ln167_s_fu_211     |    0    |    0    |    0    |
|----------|-------------------------------|---------|---------|---------|
|   Total  |                               |    4    |   122   |   277   |
|----------|-------------------------------|---------|---------|---------|

Memories:
N/A

* Register list:
+--------------------------+--------+
|                          |   FF   |
+--------------------------+--------+
|         i_reg_251        |    4   |
|    icmp_ln1029_reg_268   |    1   |
|    icmp_ln1035_reg_282   |    1   |
| sext_ln1013_cast_reg_258 |   49   |
|   sext_ln291_1_reg_277   |   49   |
|sext_ln291_42_cast_reg_263|   49   |
|    sext_ln291_reg_272    |   49   |
+--------------------------+--------+
|           Total          |   202  |
+--------------------------+--------+

* Multiplexer (MUX) list: 
|-----------|------|------|------|--------||---------||---------||---------|
|    Comp   |  Pin | Size |  BW  | S x BW ||  Delay  ||    FF   ||   LUT   |
|-----------|------|------|------|--------||---------||---------||---------|
| grp_fu_88 |  p0  |   2  |  23  |   46   ||    0    ||    9    |
| grp_fu_88 |  p1  |   2  |  26  |   52   ||    0    ||    9    |
| grp_fu_92 |  p0  |   2  |  23  |   46   ||    0    ||    9    |
| grp_fu_92 |  p1  |   2  |  26  |   52   ||    0    ||    9    |
|-----------|------|------|------|--------||---------||---------||---------|
|   Total   |      |      |      |   196  ||  1.708  ||    0    ||    36   |
|-----------|------|------|------|--------||---------||---------||---------|



* Summary:
+-----------+--------+--------+--------+--------+
|           |   DSP  |  Delay |   FF   |   LUT  |
+-----------+--------+--------+--------+--------+
|  Function |    4   |    -   |   122  |   277  |
|   Memory  |    -   |    -   |    -   |    -   |
|Multiplexer|    -   |    1   |    0   |   36   |
|  Register |    -   |    -   |   202  |    -   |
+-----------+--------+--------+--------+--------+
|   Total   |    4   |    1   |   324  |   313  |
+-----------+--------+--------+--------+--------+
