

================================================================
== Vitis HLS Report for 'sum6_P_QP_raw'
================================================================
* Date:           Thu Jun 11 17:48:31 2026

* Version:        2025.2 (Build 6295257 on Nov 14 2025)
* Project:        mpc_fpga_top_opencl
* Solution:       hls (Vitis Kernel Flow Target)
* Product family: zynquplus
* Target device:  xck26-sfvc784-2LV-c


================================================================
== Performance Estimates
================================================================
+ Timing: 
    * Summary: 
    +--------+---------+----------+------------+
    |  Clock |  Target | Estimated| Uncertainty|
    +--------+---------+----------+------------+
    |ap_clk  |  5.00 ns|  1.796 ns|     0.50 ns|
    +--------+---------+----------+------------+

+ Latency: 
    * Summary: 
    +---------+---------+----------+----------+-----+-----+---------+
    |  Latency (cycles) |  Latency (absolute) |  Interval | Pipeline|
    |   min   |   max   |    min   |    max   | min | max |   Type  |
    +---------+---------+----------+----------+-----+-----+---------+
    |        0|        0|      0 ns|      0 ns|    1|    1|      yes|
    +---------+---------+----------+----------+-----+-----+---------+

    + Detail: 
        * Instance: 
        N/A

        * Loop: 
        N/A

============================================================
+ Verbose Summary: Synthesis Manager
============================================================
InlineROM: 1
ExposeGlobal: 0
============================================================
+ Verbose Summary: CDFG Model
============================================================
IsTopModel: 0
ResetActiveHigh: 1
IsCombinational: 0
IsDatapathOnly: 0
HasWiredReturn: 1
HasMFsm: 2
HasVarLatency: 0
IsPipeline: 1
IsRtlPipelined: 0
IsInstanceOverlapped: 0
IsDontTouch: 0
HasImplIP: 0
IsGatedGlobalClock: 0

+ Individual pipeline summary: 
  * Pipeline-0: initiation interval (II) = 1, depth = 1


============================================================
+ Verbose Summary: Schedule
============================================================
* Number of FSM states : 1
* Pipeline : 1
  Pipeline-0 : II = 1, D = 1, States = { 1 }
* Dataflow Pipeline: 0

* FSM state transitions: 
1 --> 

* FSM state operations: 

State 1 <SV = 0> <Delay = 1.79>
ST_1 : Operation 2 [1/1] (0.00ns)   --->   "%specpipeline_ln192 = specpipeline void @_ssdm_op_SpecPipeline, i32 1, i32 0, i32 0, i32 0, i32 4294967295, void @empty_524" [include/fp_math_hls.h:192]   --->   Operation 2 'specpipeline' 'specpipeline_ln192' <Predicate = true> <Delay = 0.00>
ST_1 : Operation 3 [1/1] (0.00ns)   --->   "%a5_read = read i41 @_ssdm_op_Read.ap_auto.i41, i41 %a5" [include/fp_math_hls.h:190]   --->   Operation 3 'read' 'a5_read' <Predicate = true> <Delay = 0.00>
ST_1 : Operation 4 [1/1] (0.00ns)   --->   "%a4_read = read i41 @_ssdm_op_Read.ap_auto.i41, i41 %a4" [include/fp_math_hls.h:190]   --->   Operation 4 'read' 'a4_read' <Predicate = true> <Delay = 0.00>
ST_1 : Operation 5 [1/1] (0.00ns)   --->   "%a3_read = read i41 @_ssdm_op_Read.ap_auto.i41, i41 %a3" [include/fp_math_hls.h:190]   --->   Operation 5 'read' 'a3_read' <Predicate = true> <Delay = 0.00>
ST_1 : Operation 6 [1/1] (0.00ns)   --->   "%a2_read = read i41 @_ssdm_op_Read.ap_auto.i41, i41 %a2" [include/fp_math_hls.h:190]   --->   Operation 6 'read' 'a2_read' <Predicate = true> <Delay = 0.00>
ST_1 : Operation 7 [1/1] (0.00ns)   --->   "%a1_read = read i41 @_ssdm_op_Read.ap_auto.i41, i41 %a1" [include/fp_math_hls.h:190]   --->   Operation 7 'read' 'a1_read' <Predicate = true> <Delay = 0.00>
ST_1 : Operation 8 [1/1] (0.00ns)   --->   "%a0_read = read i41 @_ssdm_op_Read.ap_auto.i41, i41 %a0" [include/fp_math_hls.h:190]   --->   Operation 8 'read' 'a0_read' <Predicate = true> <Delay = 0.00>
ST_1 : Operation 9 [1/1] (1.04ns)   --->   "%add_ln202 = add i41 %a0_read, i41 %a2_read" [include/fp_math_hls.h:202]   --->   Operation 9 'add' 'add_ln202' <Predicate = true> <Delay = 1.04> <CoreInst = "Adder">   --->   Core 1 'Adder' <Latency = 0> <II = 1> <Delay = 1.04> <FuncUnit> <Opcode : 'add' 'sub'> <InPorts = 2> <OutPorts = 1>
ST_1 : Operation 10 [1/1] (0.00ns) (grouped into TernaryAdder)   --->   "%add_ln202_1 = add i41 %add_ln202, i41 %a1_read" [include/fp_math_hls.h:202]   --->   Operation 10 'add' 'add_ln202_1' <Predicate = true> <Delay = 0.00> <CoreInst = "TAddSub">   --->   Core 10 'TAddSub' <Latency = 0> <II = 1> <Delay = 0.37> <IPBlock> <Opcode : 'add' 'sub'> <InPorts = 3> <OutPorts = 1> <Sync> <CReg>
ST_1 : Operation 11 [1/1] (0.00ns) (grouped into TernaryAdder)   --->   "%add_ln202_2 = add i41 %a4_read, i41 %a5_read" [include/fp_math_hls.h:202]   --->   Operation 11 'add' 'add_ln202_2' <Predicate = true> <Delay = 0.00> <CoreInst = "TAddSub">   --->   Core 10 'TAddSub' <Latency = 0> <II = 1> <Delay = 0.37> <IPBlock> <Opcode : 'add' 'sub'> <InPorts = 3> <OutPorts = 1> <Sync> <CReg>
ST_1 : Operation 12 [1/1] (0.75ns) (root node of TernaryAdder)   --->   "%add_ln202_3 = add i41 %add_ln202_2, i41 %a3_read" [include/fp_math_hls.h:202]   --->   Operation 12 'add' 'add_ln202_3' <Predicate = true> <Delay = 0.75> <CoreInst = "TAddSub">   --->   Core 10 'TAddSub' <Latency = 0> <II = 1> <Delay = 0.37> <IPBlock> <Opcode : 'add' 'sub'> <InPorts = 3> <OutPorts = 1> <Sync> <CReg>
ST_1 : Operation 13 [1/1] (0.75ns) (root node of TernaryAdder)   --->   "%add_ln203 = add i41 %add_ln202_3, i41 %add_ln202_1" [include/fp_math_hls.h:203]   --->   Operation 13 'add' 'add_ln203' <Predicate = true> <Delay = 0.75> <CoreInst = "TAddSub">   --->   Core 10 'TAddSub' <Latency = 0> <II = 1> <Delay = 0.37> <IPBlock> <Opcode : 'add' 'sub'> <InPorts = 3> <OutPorts = 1> <Sync> <CReg>
ST_1 : Operation 14 [1/1] (0.00ns)   --->   "%ret_ln203 = ret i41 %add_ln203" [include/fp_math_hls.h:203]   --->   Operation 14 'ret' 'ret_ln203' <Predicate = true> <Delay = 0.00>


============================================================
+ Verbose Summary: Binding
============================================================
STG Binding: 
---------------- STG Properties BEGIN ----------------
- Is combinational: 1
- Is one-state seq: 0
- Is datapath-only: 0
- Is pipelined: 1
- Is top level: 0
Port [ Return ] is wired: 1; IO mode=ap_ctrl_hs:ce=0
Port [ a0]:  wired=1; compound=0; hidden=0; nouse=0; global=0; static=0; extern=0; dir=0; type=0; pingpong=0; private_global=0; IO mode=ap_none:ce=0
Port [ a1]:  wired=1; compound=0; hidden=0; nouse=0; global=0; static=0; extern=0; dir=0; type=0; pingpong=0; private_global=0; IO mode=ap_none:ce=0
Port [ a2]:  wired=1; compound=0; hidden=0; nouse=0; global=0; static=0; extern=0; dir=0; type=0; pingpong=0; private_global=0; IO mode=ap_none:ce=0
Port [ a3]:  wired=1; compound=0; hidden=0; nouse=0; global=0; static=0; extern=0; dir=0; type=0; pingpong=0; private_global=0; IO mode=ap_none:ce=0
Port [ a4]:  wired=1; compound=0; hidden=0; nouse=0; global=0; static=0; extern=0; dir=0; type=0; pingpong=0; private_global=0; IO mode=ap_none:ce=0
Port [ a5]:  wired=1; compound=0; hidden=0; nouse=0; global=0; static=0; extern=0; dir=0; type=0; pingpong=0; private_global=0; IO mode=ap_none:ce=0
---------------- STG Properties END ------------------

---------------- Datapath Model BEGIN ----------------

<LifeTime>
<method=bitvector/>
specpipeline_ln192 (specpipeline) [ 00]
a5_read            (read        ) [ 00]
a4_read            (read        ) [ 00]
a3_read            (read        ) [ 00]
a2_read            (read        ) [ 00]
a1_read            (read        ) [ 00]
a0_read            (read        ) [ 00]
add_ln202          (add         ) [ 00]
add_ln202_1        (add         ) [ 00]
add_ln202_2        (add         ) [ 00]
add_ln202_3        (add         ) [ 00]
add_ln203          (add         ) [ 00]
ret_ln203          (ret         ) [ 00]
</LifeTime>

<model>

<comp_list>
<comp id="0" class="1000" name="a0">
<pin_list>
<pin id="1" dir="1" index="0" bw="1" slack="0"/>
</pin_list>
<bind>
<StgValue><ssdm name="a0"/></StgValue>
</bind>
</comp>

<comp id="2" class="1000" name="a1">
<pin_list>
<pin id="3" dir="1" index="0" bw="1" slack="0"/>
</pin_list>
<bind>
<StgValue><ssdm name="a1"/></StgValue>
</bind>
</comp>

<comp id="4" class="1000" name="a2">
<pin_list>
<pin id="5" dir="1" index="0" bw="1" slack="0"/>
</pin_list>
<bind>
<StgValue><ssdm name="a2"/></StgValue>
</bind>
</comp>

<comp id="6" class="1000" name="a3">
<pin_list>
<pin id="7" dir="1" index="0" bw="1" slack="0"/>
</pin_list>
<bind>
<StgValue><ssdm name="a3"/></StgValue>
</bind>
</comp>

<comp id="8" class="1000" name="a4">
<pin_list>
<pin id="9" dir="1" index="0" bw="1" slack="0"/>
</pin_list>
<bind>
<StgValue><ssdm name="a4"/></StgValue>
</bind>
</comp>

<comp id="10" class="1000" name="a5">
<pin_list>
<pin id="11" dir="1" index="0" bw="1" slack="0"/>
</pin_list>
<bind>
<StgValue><ssdm name="a5"/></StgValue>
</bind>
</comp>

<comp id="12" class="1001" name="const_12">
<pin_list>
<pin id="13" dir="1" index="0" bw="1" slack="2147483647"/>
</pin_list>
<bind>
<StgValue><ssdm name="_ssdm_op_SpecPipeline"/></StgValue>
</bind>
</comp>

<comp id="14" class="1001" name="const_14">
<pin_list>
<pin id="15" dir="1" index="0" bw="1" slack="2147483647"/>
</pin_list>
<bind>
<StgValue><ssdm name=""/></StgValue>
</bind>
</comp>

<comp id="16" class="1001" name="const_16">
<pin_list>
<pin id="17" dir="1" index="0" bw="1" slack="2147483647"/>
</pin_list>
<bind>
<StgValue><ssdm name=""/></StgValue>
</bind>
</comp>

<comp id="18" class="1001" name="const_18">
<pin_list>
<pin id="19" dir="1" index="0" bw="1" slack="2147483647"/>
</pin_list>
<bind>
<StgValue><ssdm name=""/></StgValue>
</bind>
</comp>

<comp id="20" class="1001" name="const_20">
<pin_list>
<pin id="21" dir="1" index="0" bw="1" slack="2147483647"/>
</pin_list>
<bind>
<StgValue><ssdm name="empty_524"/></StgValue>
</bind>
</comp>

<comp id="22" class="1001" name="const_22">
<pin_list>
<pin id="23" dir="1" index="0" bw="1" slack="0"/>
</pin_list>
<bind>
<StgValue><ssdm name="_ssdm_op_Read.ap_auto.i41"/></StgValue>
</bind>
</comp>

<comp id="24" class="1004" name="a5_read_read_fu_24">
<pin_list>
<pin id="25" dir="0" index="0" bw="41" slack="0"/>
<pin id="26" dir="0" index="1" bw="41" slack="0"/>
<pin id="27" dir="1" index="2" bw="41" slack="0"/>
</pin_list>
<bind>
<opcode="read(1150) " fcode="read"/>
<opset="a5_read/1 "/>
</bind>
</comp>

<comp id="30" class="1004" name="a4_read_read_fu_30">
<pin_list>
<pin id="31" dir="0" index="0" bw="41" slack="0"/>
<pin id="32" dir="0" index="1" bw="41" slack="0"/>
<pin id="33" dir="1" index="2" bw="41" slack="0"/>
</pin_list>
<bind>
<opcode="read(1150) " fcode="read"/>
<opset="a4_read/1 "/>
</bind>
</comp>

<comp id="36" class="1004" name="a3_read_read_fu_36">
<pin_list>
<pin id="37" dir="0" index="0" bw="41" slack="0"/>
<pin id="38" dir="0" index="1" bw="41" slack="0"/>
<pin id="39" dir="1" index="2" bw="41" slack="0"/>
</pin_list>
<bind>
<opcode="read(1150) " fcode="read"/>
<opset="a3_read/1 "/>
</bind>
</comp>

<comp id="42" class="1004" name="a2_read_read_fu_42">
<pin_list>
<pin id="43" dir="0" index="0" bw="41" slack="0"/>
<pin id="44" dir="0" index="1" bw="41" slack="0"/>
<pin id="45" dir="1" index="2" bw="41" slack="0"/>
</pin_list>
<bind>
<opcode="read(1150) " fcode="read"/>
<opset="a2_read/1 "/>
</bind>
</comp>

<comp id="48" class="1004" name="a1_read_read_fu_48">
<pin_list>
<pin id="49" dir="0" index="0" bw="41" slack="0"/>
<pin id="50" dir="0" index="1" bw="41" slack="0"/>
<pin id="51" dir="1" index="2" bw="41" slack="0"/>
</pin_list>
<bind>
<opcode="read(1150) " fcode="read"/>
<opset="a1_read/1 "/>
</bind>
</comp>

<comp id="54" class="1004" name="a0_read_read_fu_54">
<pin_list>
<pin id="55" dir="0" index="0" bw="41" slack="0"/>
<pin id="56" dir="0" index="1" bw="41" slack="0"/>
<pin id="57" dir="1" index="2" bw="41" slack="0"/>
</pin_list>
<bind>
<opcode="read(1150) " fcode="read"/>
<opset="a0_read/1 "/>
</bind>
</comp>

<comp id="60" class="1004" name="add_ln202_fu_60">
<pin_list>
<pin id="61" dir="0" index="0" bw="41" slack="0"/>
<pin id="62" dir="0" index="1" bw="41" slack="0"/>
<pin id="63" dir="1" index="2" bw="41" slack="0"/>
</pin_list>
<bind>
<opcode="add(8) " fcode="add"/>
<opset="add_ln202/1 "/>
</bind>
</comp>

<comp id="66" class="1004" name="add_ln202_1_fu_66">
<pin_list>
<pin id="67" dir="0" index="0" bw="41" slack="0"/>
<pin id="68" dir="0" index="1" bw="41" slack="0"/>
<pin id="69" dir="1" index="2" bw="41" slack="0"/>
</pin_list>
<bind>
<opcode="add(8) " fcode="add"/>
<opset="add_ln202_1/1 "/>
</bind>
</comp>

<comp id="72" class="1004" name="add_ln202_2_fu_72">
<pin_list>
<pin id="73" dir="0" index="0" bw="41" slack="0"/>
<pin id="74" dir="0" index="1" bw="41" slack="0"/>
<pin id="75" dir="1" index="2" bw="41" slack="0"/>
</pin_list>
<bind>
<opcode="add(8) " fcode="add"/>
<opset="add_ln202_2/1 "/>
</bind>
</comp>

<comp id="78" class="1004" name="add_ln202_3_fu_78">
<pin_list>
<pin id="79" dir="0" index="0" bw="41" slack="0"/>
<pin id="80" dir="0" index="1" bw="41" slack="0"/>
<pin id="81" dir="1" index="2" bw="41" slack="0"/>
</pin_list>
<bind>
<opcode="add(8) " fcode="add"/>
<opset="add_ln202_3/1 "/>
</bind>
</comp>

<comp id="84" class="1004" name="add_ln203_fu_84">
<pin_list>
<pin id="85" dir="0" index="0" bw="41" slack="0"/>
<pin id="86" dir="0" index="1" bw="41" slack="0"/>
<pin id="87" dir="1" index="2" bw="41" slack="2147483647"/>
</pin_list>
<bind>
<opcode="add(8) " fcode="add"/>
<opset="add_ln203/1 "/>
</bind>
</comp>

</comp_list>

<net_list>
<net id="28"><net_src comp="22" pin="0"/><net_sink comp="24" pin=0"/></net>

<net id="29"><net_src comp="10" pin="0"/><net_sink comp="24" pin=1"/></net>

<net id="34"><net_src comp="22" pin="0"/><net_sink comp="30" pin=0"/></net>

<net id="35"><net_src comp="8" pin="0"/><net_sink comp="30" pin=1"/></net>

<net id="40"><net_src comp="22" pin="0"/><net_sink comp="36" pin=0"/></net>

<net id="41"><net_src comp="6" pin="0"/><net_sink comp="36" pin=1"/></net>

<net id="46"><net_src comp="22" pin="0"/><net_sink comp="42" pin=0"/></net>

<net id="47"><net_src comp="4" pin="0"/><net_sink comp="42" pin=1"/></net>

<net id="52"><net_src comp="22" pin="0"/><net_sink comp="48" pin=0"/></net>

<net id="53"><net_src comp="2" pin="0"/><net_sink comp="48" pin=1"/></net>

<net id="58"><net_src comp="22" pin="0"/><net_sink comp="54" pin=0"/></net>

<net id="59"><net_src comp="0" pin="0"/><net_sink comp="54" pin=1"/></net>

<net id="64"><net_src comp="54" pin="2"/><net_sink comp="60" pin=0"/></net>

<net id="65"><net_src comp="42" pin="2"/><net_sink comp="60" pin=1"/></net>

<net id="70"><net_src comp="60" pin="2"/><net_sink comp="66" pin=0"/></net>

<net id="71"><net_src comp="48" pin="2"/><net_sink comp="66" pin=1"/></net>

<net id="76"><net_src comp="30" pin="2"/><net_sink comp="72" pin=0"/></net>

<net id="77"><net_src comp="24" pin="2"/><net_sink comp="72" pin=1"/></net>

<net id="82"><net_src comp="72" pin="2"/><net_sink comp="78" pin=0"/></net>

<net id="83"><net_src comp="36" pin="2"/><net_sink comp="78" pin=1"/></net>

<net id="88"><net_src comp="78" pin="2"/><net_sink comp="84" pin=0"/></net>

<net id="89"><net_src comp="66" pin="2"/><net_sink comp="84" pin=1"/></net>

</net_list>

</model> 
---------------- Datapath Model END ------------------

* FSMD analyzer results:
  - Output states:
 - Input state : 
	Port: sum6_P_QP_raw : a0 | {1 }
	Port: sum6_P_QP_raw : a1 | {1 }
	Port: sum6_P_QP_raw : a2 | {1 }
	Port: sum6_P_QP_raw : a3 | {1 }
	Port: sum6_P_QP_raw : a4 | {1 }
	Port: sum6_P_QP_raw : a5 | {1 }
  - Chain level:
	State 1
		add_ln202_1 : 1
		add_ln202_3 : 1
		add_ln203 : 2
		ret_ln203 : 3


============================================================
+ Verbose Summary: Datapath Resource usage 
============================================================

* Functional unit list:
|----------|--------------------|---------|---------|
| Operation|   Functional Unit  |    FF   |   LUT   |
|----------|--------------------|---------|---------|
|          |   add_ln202_fu_60  |    0    |    48   |
|          |  add_ln202_1_fu_66 |    0    |    41   |
|    add   |  add_ln202_2_fu_72 |    0    |    41   |
|          |  add_ln202_3_fu_78 |    0    |    41   |
|          |   add_ln203_fu_84  |    0    |    41   |
|----------|--------------------|---------|---------|
|          | a5_read_read_fu_24 |    0    |    0    |
|          | a4_read_read_fu_30 |    0    |    0    |
|   read   | a3_read_read_fu_36 |    0    |    0    |
|          | a2_read_read_fu_42 |    0    |    0    |
|          | a1_read_read_fu_48 |    0    |    0    |
|          | a0_read_read_fu_54 |    0    |    0    |
|----------|--------------------|---------|---------|
|   Total  |                    |    0    |   212   |
|----------|--------------------|---------|---------|

Memories:
N/A

* Register list:
N/A

* Multiplexer (MUX) list: 
|--------|------|------|------|--------|
|  Comp  |  Pin | Size |  BW  | S x BW |
|--------|------|------|------|--------|
|  Total |      |      |      |    0   |
|--------|------|------|------|--------|



* Summary:
+-----------+--------+--------+
|           |   FF   |   LUT  |
+-----------+--------+--------+
|  Function |    0   |   212  |
|   Memory  |    -   |    -   |
|Multiplexer|    -   |    -   |
|  Register |    -   |    -   |
+-----------+--------+--------+
|   Total   |    0   |   212  |
+-----------+--------+--------+
