

================================================================
== Vitis HLS Report for 'sum6_QP_raw'
================================================================
* Date:           Thu May 21 15:23:06 2026

* Version:        2025.2 (Build 6295257 on Nov 14 2025)
* Project:        mpc_fpga_top_opencl
* Solution:       hls (Vitis Kernel Flow Target)
* Product family: zynquplus
* Target device:  xck26-sfvc784-2LV-c


================================================================
== Performance Estimates
================================================================
+ Timing: 
    * Summary: 
    +--------+---------+----------+------------+
    |  Clock |  Target | Estimated| Uncertainty|
    +--------+---------+----------+------------+
    |ap_clk  |  5.00 ns|  1.833 ns|     0.50 ns|
    +--------+---------+----------+------------+

+ Latency: 
    * Summary: 
    +---------+---------+----------+----------+-----+-----+---------+
    |  Latency (cycles) |  Latency (absolute) |  Interval | Pipeline|
    |   min   |   max   |    min   |    max   | min | max |   Type  |
    +---------+---------+----------+----------+-----+-----+---------+
    |        0|        0|      0 ns|      0 ns|    1|    1|      yes|
    +---------+---------+----------+----------+-----+-----+---------+

    + Detail: 
        * Instance: 
        N/A

        * Loop: 
        N/A

============================================================
+ Verbose Summary: Synthesis Manager
============================================================
InlineROM: 1
ExposeGlobal: 0
============================================================
+ Verbose Summary: CDFG Model
============================================================
IsTopModel: 0
ResetActiveHigh: 1
IsCombinational: 0
IsDatapathOnly: 0
HasWiredReturn: 1
HasMFsm: 2
HasVarLatency: 0
IsPipeline: 1
IsRtlPipelined: 0
IsInstanceOverlapped: 0
IsDontTouch: 0
HasImplIP: 0
IsGatedGlobalClock: 0

+ Individual pipeline summary: 
  * Pipeline-0: initiation interval (II) = 1, depth = 1


============================================================
+ Verbose Summary: Schedule
============================================================
* Number of FSM states : 1
* Pipeline : 1
  Pipeline-0 : II = 1, D = 1, States = { 1 }
* Dataflow Pipeline: 0

* FSM state transitions: 
1 --> 

* FSM state operations: 

State 1 <SV = 0> <Delay = 1.83>
ST_1 : Operation 2 [1/1] (0.00ns)   --->   "%specfucore_ln0 = specfucore void @_ssdm_op_SpecFUCore, i45 %a5, i64 12, i64 3, i64 3, i1 0"   --->   Operation 2 'specfucore' 'specfucore_ln0' <Predicate = true> <Delay = 0.00>
ST_1 : Operation 3 [1/1] (0.00ns)   --->   "%specfucore_ln0 = specfucore void @_ssdm_op_SpecFUCore, i45 %a4, i64 12, i64 3, i64 3, i1 0"   --->   Operation 3 'specfucore' 'specfucore_ln0' <Predicate = true> <Delay = 0.00>
ST_1 : Operation 4 [1/1] (0.00ns)   --->   "%specfucore_ln0 = specfucore void @_ssdm_op_SpecFUCore, i45 %a3, i64 12, i64 3, i64 3, i1 0"   --->   Operation 4 'specfucore' 'specfucore_ln0' <Predicate = true> <Delay = 0.00>
ST_1 : Operation 5 [1/1] (0.00ns)   --->   "%specfucore_ln0 = specfucore void @_ssdm_op_SpecFUCore, i45 %a2, i64 12, i64 3, i64 3, i1 0"   --->   Operation 5 'specfucore' 'specfucore_ln0' <Predicate = true> <Delay = 0.00>
ST_1 : Operation 6 [1/1] (0.00ns)   --->   "%specfucore_ln0 = specfucore void @_ssdm_op_SpecFUCore, i45 %a1, i64 12, i64 3, i64 3, i1 0"   --->   Operation 6 'specfucore' 'specfucore_ln0' <Predicate = true> <Delay = 0.00>
ST_1 : Operation 7 [1/1] (0.00ns)   --->   "%specfucore_ln0 = specfucore void @_ssdm_op_SpecFUCore, i45 %a0, i64 12, i64 3, i64 3, i1 0"   --->   Operation 7 'specfucore' 'specfucore_ln0' <Predicate = true> <Delay = 0.00>
ST_1 : Operation 8 [1/1] (0.00ns)   --->   "%specpipeline_ln267 = specpipeline void @_ssdm_op_SpecPipeline, i32 1, i32 0, i32 0, i32 0, i32 4294967295, void @empty_485" [include/fp_math_hls.h:267]   --->   Operation 8 'specpipeline' 'specpipeline_ln267' <Predicate = true> <Delay = 0.00>
ST_1 : Operation 9 [1/1] (0.00ns)   --->   "%a5_read = read i45 @_ssdm_op_Read.ap_auto.i45, i45 %a5" [include/fp_math_hls.h:265]   --->   Operation 9 'read' 'a5_read' <Predicate = true> <Delay = 0.00>
ST_1 : Operation 10 [1/1] (0.00ns)   --->   "%a4_read = read i45 @_ssdm_op_Read.ap_auto.i45, i45 %a4" [include/fp_math_hls.h:265]   --->   Operation 10 'read' 'a4_read' <Predicate = true> <Delay = 0.00>
ST_1 : Operation 11 [1/1] (0.00ns)   --->   "%a3_read = read i45 @_ssdm_op_Read.ap_auto.i45, i45 %a3" [include/fp_math_hls.h:265]   --->   Operation 11 'read' 'a3_read' <Predicate = true> <Delay = 0.00>
ST_1 : Operation 12 [1/1] (0.00ns)   --->   "%a2_read = read i45 @_ssdm_op_Read.ap_auto.i45, i45 %a2" [include/fp_math_hls.h:265]   --->   Operation 12 'read' 'a2_read' <Predicate = true> <Delay = 0.00>
ST_1 : Operation 13 [1/1] (0.00ns)   --->   "%a1_read = read i45 @_ssdm_op_Read.ap_auto.i45, i45 %a1" [include/fp_math_hls.h:265]   --->   Operation 13 'read' 'a1_read' <Predicate = true> <Delay = 0.00>
ST_1 : Operation 14 [1/1] (0.00ns)   --->   "%a0_read = read i45 @_ssdm_op_Read.ap_auto.i45, i45 %a0" [include/fp_math_hls.h:265]   --->   Operation 14 'read' 'a0_read' <Predicate = true> <Delay = 0.00>
ST_1 : Operation 15 [1/1] (1.06ns)   --->   "%add_ln277 = add i45 %a0_read, i45 %a2_read" [include/fp_math_hls.h:277]   --->   Operation 15 'add' 'add_ln277' <Predicate = true> <Delay = 1.06> <CoreInst = "Adder">   --->   Core 1 'Adder' <Latency = 0> <II = 1> <Delay = 1.06> <FuncUnit> <Opcode : 'add' 'sub'> <InPorts = 2> <OutPorts = 1>
ST_1 : Operation 16 [1/1] (0.00ns) (grouped into TernaryAdder)   --->   "%add_ln277_1 = add i45 %add_ln277, i45 %a1_read" [include/fp_math_hls.h:277]   --->   Operation 16 'add' 'add_ln277_1' <Predicate = true> <Delay = 0.00> <CoreInst = "TAddSub">   --->   Core 10 'TAddSub' <Latency = 0> <II = 1> <Delay = 0.38> <IPBlock> <Opcode : 'add' 'sub'> <InPorts = 3> <OutPorts = 1> <Sync> <CReg>
ST_1 : Operation 17 [1/1] (0.00ns) (grouped into TernaryAdder)   --->   "%add_ln277_2 = add i45 %a4_read, i45 %a5_read" [include/fp_math_hls.h:277]   --->   Operation 17 'add' 'add_ln277_2' <Predicate = true> <Delay = 0.00> <CoreInst = "TAddSub">   --->   Core 10 'TAddSub' <Latency = 0> <II = 1> <Delay = 0.38> <IPBlock> <Opcode : 'add' 'sub'> <InPorts = 3> <OutPorts = 1> <Sync> <CReg>
ST_1 : Operation 18 [1/1] (0.76ns) (root node of TernaryAdder)   --->   "%add_ln277_3 = add i45 %add_ln277_2, i45 %a3_read" [include/fp_math_hls.h:277]   --->   Operation 18 'add' 'add_ln277_3' <Predicate = true> <Delay = 0.76> <CoreInst = "TAddSub">   --->   Core 10 'TAddSub' <Latency = 0> <II = 1> <Delay = 0.38> <IPBlock> <Opcode : 'add' 'sub'> <InPorts = 3> <OutPorts = 1> <Sync> <CReg>
ST_1 : Operation 19 [1/1] (0.76ns) (root node of TernaryAdder)   --->   "%add_ln277_4 = add i45 %add_ln277_3, i45 %add_ln277_1" [include/fp_math_hls.h:277]   --->   Operation 19 'add' 'add_ln277_4' <Predicate = true> <Delay = 0.76> <CoreInst = "TAddSub">   --->   Core 10 'TAddSub' <Latency = 0> <II = 1> <Delay = 0.38> <IPBlock> <Opcode : 'add' 'sub'> <InPorts = 3> <OutPorts = 1> <Sync> <CReg>
ST_1 : Operation 20 [1/1] (0.00ns)   --->   "%ret_ln278 = ret i45 %add_ln277_4" [include/fp_math_hls.h:278]   --->   Operation 20 'ret' 'ret_ln278' <Predicate = true> <Delay = 0.00>


============================================================
+ Verbose Summary: Timing violations
============================================================
Target clock period: 5.000ns, clock uncertainty: 0.500ns.

 <State 1>: 1.833ns
The critical path consists of the following:
	wire read operation ('a2_read', include/fp_math_hls.h:265) on port 'a2' (include/fp_math_hls.h:265) [17]  (0.000 ns)
	'add' operation 45 bit ('add_ln277', include/fp_math_hls.h:277) [20]  (1.069 ns)
	'add' operation 45 bit ('add_ln277_1', include/fp_math_hls.h:277) [21]  (0.000 ns)
	'add' operation 45 bit ('add_ln277_4', include/fp_math_hls.h:277) [24]  (0.764 ns)


============================================================
+ Verbose Summary: Binding
============================================================
N/A
* FSMD analyzer results:
  - Output states:
 - Input state : 
  - Chain level:
	State 1


============================================================
+ Verbose Summary: Datapath Resource usage 
============================================================
N/A
