

================================================================
== Vitis HLS Report for 'sum6_P_QP_raw'
================================================================
* Date:           Thu May 21 15:23:05 2026

* Version:        2025.2 (Build 6295257 on Nov 14 2025)
* Project:        mpc_fpga_top_opencl
* Solution:       hls (Vitis Kernel Flow Target)
* Product family: zynquplus
* Target device:  xck26-sfvc784-2LV-c


================================================================
== Performance Estimates
================================================================
+ Timing: 
    * Summary: 
    +--------+---------+----------+------------+
    |  Clock |  Target | Estimated| Uncertainty|
    +--------+---------+----------+------------+
    |ap_clk  |  5.00 ns|  1.893 ns|     0.50 ns|
    +--------+---------+----------+------------+

+ Latency: 
    * Summary: 
    +---------+---------+----------+----------+-----+-----+---------+
    |  Latency (cycles) |  Latency (absolute) |  Interval | Pipeline|
    |   min   |   max   |    min   |    max   | min | max |   Type  |
    +---------+---------+----------+----------+-----+-----+---------+
    |        0|        0|      0 ns|      0 ns|    1|    1|      yes|
    +---------+---------+----------+----------+-----+-----+---------+

    + Detail: 
        * Instance: 
        N/A

        * Loop: 
        N/A

============================================================
+ Verbose Summary: Synthesis Manager
============================================================
InlineROM: 1
ExposeGlobal: 0
============================================================
+ Verbose Summary: CDFG Model
============================================================
IsTopModel: 0
ResetActiveHigh: 1
IsCombinational: 0
IsDatapathOnly: 0
HasWiredReturn: 1
HasMFsm: 2
HasVarLatency: 0
IsPipeline: 1
IsRtlPipelined: 0
IsInstanceOverlapped: 0
IsDontTouch: 0
HasImplIP: 0
IsGatedGlobalClock: 0

+ Individual pipeline summary: 
  * Pipeline-0: initiation interval (II) = 1, depth = 1


============================================================
+ Verbose Summary: Schedule
============================================================
* Number of FSM states : 1
* Pipeline : 1
  Pipeline-0 : II = 1, D = 1, States = { 1 }
* Dataflow Pipeline: 0

* FSM state transitions: 
1 --> 

* FSM state operations: 

State 1 <SV = 0> <Delay = 1.89>
ST_1 : Operation 2 [1/1] (0.00ns)   --->   "%specfucore_ln0 = specfucore void @_ssdm_op_SpecFUCore, i58 %a5, i64 12, i64 3, i64 3, i1 0"   --->   Operation 2 'specfucore' 'specfucore_ln0' <Predicate = true> <Delay = 0.00>
ST_1 : Operation 3 [1/1] (0.00ns)   --->   "%specfucore_ln0 = specfucore void @_ssdm_op_SpecFUCore, i58 %a4, i64 12, i64 3, i64 3, i1 0"   --->   Operation 3 'specfucore' 'specfucore_ln0' <Predicate = true> <Delay = 0.00>
ST_1 : Operation 4 [1/1] (0.00ns)   --->   "%specfucore_ln0 = specfucore void @_ssdm_op_SpecFUCore, i58 %a3, i64 12, i64 3, i64 3, i1 0"   --->   Operation 4 'specfucore' 'specfucore_ln0' <Predicate = true> <Delay = 0.00>
ST_1 : Operation 5 [1/1] (0.00ns)   --->   "%specfucore_ln0 = specfucore void @_ssdm_op_SpecFUCore, i58 %a2, i64 12, i64 3, i64 3, i1 0"   --->   Operation 5 'specfucore' 'specfucore_ln0' <Predicate = true> <Delay = 0.00>
ST_1 : Operation 6 [1/1] (0.00ns)   --->   "%specfucore_ln0 = specfucore void @_ssdm_op_SpecFUCore, i58 %a1, i64 12, i64 3, i64 3, i1 0"   --->   Operation 6 'specfucore' 'specfucore_ln0' <Predicate = true> <Delay = 0.00>
ST_1 : Operation 7 [1/1] (0.00ns)   --->   "%specfucore_ln0 = specfucore void @_ssdm_op_SpecFUCore, i58 %a0, i64 12, i64 3, i64 3, i1 0"   --->   Operation 7 'specfucore' 'specfucore_ln0' <Predicate = true> <Delay = 0.00>
ST_1 : Operation 8 [1/1] (0.00ns)   --->   "%specpipeline_ln177 = specpipeline void @_ssdm_op_SpecPipeline, i32 1, i32 0, i32 0, i32 0, i32 4294967295, void @empty_485" [include/fp_math_hls.h:177]   --->   Operation 8 'specpipeline' 'specpipeline_ln177' <Predicate = true> <Delay = 0.00>
ST_1 : Operation 9 [1/1] (0.00ns)   --->   "%a5_read = read i58 @_ssdm_op_Read.ap_auto.i58, i58 %a5" [include/fp_math_hls.h:175]   --->   Operation 9 'read' 'a5_read' <Predicate = true> <Delay = 0.00>
ST_1 : Operation 10 [1/1] (0.00ns)   --->   "%a4_read = read i58 @_ssdm_op_Read.ap_auto.i58, i58 %a4" [include/fp_math_hls.h:175]   --->   Operation 10 'read' 'a4_read' <Predicate = true> <Delay = 0.00>
ST_1 : Operation 11 [1/1] (0.00ns)   --->   "%a3_read = read i58 @_ssdm_op_Read.ap_auto.i58, i58 %a3" [include/fp_math_hls.h:175]   --->   Operation 11 'read' 'a3_read' <Predicate = true> <Delay = 0.00>
ST_1 : Operation 12 [1/1] (0.00ns)   --->   "%a2_read = read i58 @_ssdm_op_Read.ap_auto.i58, i58 %a2" [include/fp_math_hls.h:175]   --->   Operation 12 'read' 'a2_read' <Predicate = true> <Delay = 0.00>
ST_1 : Operation 13 [1/1] (0.00ns)   --->   "%a1_read = read i58 @_ssdm_op_Read.ap_auto.i58, i58 %a1" [include/fp_math_hls.h:175]   --->   Operation 13 'read' 'a1_read' <Predicate = true> <Delay = 0.00>
ST_1 : Operation 14 [1/1] (0.00ns)   --->   "%a0_read = read i58 @_ssdm_op_Read.ap_auto.i58, i58 %a0" [include/fp_math_hls.h:175]   --->   Operation 14 'read' 'a0_read' <Predicate = true> <Delay = 0.00>
ST_1 : Operation 15 [1/1] (1.09ns)   --->   "%add_ln187 = add i58 %a0_read, i58 %a2_read" [include/fp_math_hls.h:187]   --->   Operation 15 'add' 'add_ln187' <Predicate = true> <Delay = 1.09> <CoreInst = "Adder">   --->   Core 1 'Adder' <Latency = 0> <II = 1> <Delay = 1.09> <FuncUnit> <Opcode : 'add' 'sub'> <InPorts = 2> <OutPorts = 1>
ST_1 : Operation 16 [1/1] (0.00ns) (grouped into TernaryAdder)   --->   "%add_ln187_1 = add i58 %add_ln187, i58 %a1_read" [include/fp_math_hls.h:187]   --->   Operation 16 'add' 'add_ln187_1' <Predicate = true> <Delay = 0.00> <CoreInst = "TAddSub">   --->   Core 10 'TAddSub' <Latency = 0> <II = 1> <Delay = 0.40> <IPBlock> <Opcode : 'add' 'sub'> <InPorts = 3> <OutPorts = 1> <Sync> <CReg>
ST_1 : Operation 17 [1/1] (0.00ns) (grouped into TernaryAdder)   --->   "%add_ln187_2 = add i58 %a4_read, i58 %a5_read" [include/fp_math_hls.h:187]   --->   Operation 17 'add' 'add_ln187_2' <Predicate = true> <Delay = 0.00> <CoreInst = "TAddSub">   --->   Core 10 'TAddSub' <Latency = 0> <II = 1> <Delay = 0.40> <IPBlock> <Opcode : 'add' 'sub'> <InPorts = 3> <OutPorts = 1> <Sync> <CReg>
ST_1 : Operation 18 [1/1] (0.80ns) (root node of TernaryAdder)   --->   "%add_ln187_3 = add i58 %add_ln187_2, i58 %a3_read" [include/fp_math_hls.h:187]   --->   Operation 18 'add' 'add_ln187_3' <Predicate = true> <Delay = 0.80> <CoreInst = "TAddSub">   --->   Core 10 'TAddSub' <Latency = 0> <II = 1> <Delay = 0.40> <IPBlock> <Opcode : 'add' 'sub'> <InPorts = 3> <OutPorts = 1> <Sync> <CReg>
ST_1 : Operation 19 [1/1] (0.80ns) (root node of TernaryAdder)   --->   "%add_ln188 = add i58 %add_ln187_3, i58 %add_ln187_1" [include/fp_math_hls.h:188]   --->   Operation 19 'add' 'add_ln188' <Predicate = true> <Delay = 0.80> <CoreInst = "TAddSub">   --->   Core 10 'TAddSub' <Latency = 0> <II = 1> <Delay = 0.40> <IPBlock> <Opcode : 'add' 'sub'> <InPorts = 3> <OutPorts = 1> <Sync> <CReg>
ST_1 : Operation 20 [1/1] (0.00ns)   --->   "%ret_ln188 = ret i58 %add_ln188" [include/fp_math_hls.h:188]   --->   Operation 20 'ret' 'ret_ln188' <Predicate = true> <Delay = 0.00>


============================================================
+ Verbose Summary: Timing violations
============================================================
Target clock period: 5.000ns, clock uncertainty: 0.500ns.

 <State 1>: 1.893ns
The critical path consists of the following:
	wire read operation ('a2_read', include/fp_math_hls.h:175) on port 'a2' (include/fp_math_hls.h:175) [17]  (0.000 ns)
	'add' operation 58 bit ('add_ln187', include/fp_math_hls.h:187) [20]  (1.093 ns)
	'add' operation 58 bit ('add_ln187_1', include/fp_math_hls.h:187) [21]  (0.000 ns)
	'add' operation 58 bit ('add_ln188', include/fp_math_hls.h:188) [24]  (0.800 ns)


============================================================
+ Verbose Summary: Binding
============================================================
N/A
* FSMD analyzer results:
  - Output states:
 - Input state : 
  - Chain level:
	State 1


============================================================
+ Verbose Summary: Datapath Resource usage 
============================================================
N/A
