

================================================================
== Vitis HLS Report for 'sum8_P_MIX_raw_pupdate'
================================================================
* Date:           Thu May 21 15:23:05 2026

* Version:        2025.2 (Build 6295257 on Nov 14 2025)
* Project:        mpc_fpga_top_opencl
* Solution:       hls (Vitis Kernel Flow Target)
* Product family: zynquplus
* Target device:  xck26-sfvc784-2LV-c


================================================================
== Performance Estimates
================================================================
+ Timing: 
    * Summary: 
    +--------+---------+----------+------------+
    |  Clock |  Target | Estimated| Uncertainty|
    +--------+---------+----------+------------+
    |ap_clk  |  5.00 ns|  2.694 ns|     0.50 ns|
    +--------+---------+----------+------------+

+ Latency: 
    * Summary: 
    +---------+---------+----------+----------+-----+-----+---------+
    |  Latency (cycles) |  Latency (absolute) |  Interval | Pipeline|
    |   min   |   max   |    min   |    max   | min | max |   Type  |
    +---------+---------+----------+----------+-----+-----+---------+
    |        1|        1|  5.000 ns|  5.000 ns|    1|    1|      yes|
    +---------+---------+----------+----------+-----+-----+---------+

    + Detail: 
        * Instance: 
        N/A

        * Loop: 
        N/A

============================================================
+ Verbose Summary: Synthesis Manager
============================================================
InlineROM: 1
ExposeGlobal: 0
============================================================
+ Verbose Summary: CDFG Model
============================================================
IsTopModel: 0
ResetActiveHigh: 1
IsCombinational: 0
IsDatapathOnly: 0
HasWiredReturn: 1
HasMFsm: 2
HasVarLatency: 0
IsPipeline: 1
IsRtlPipelined: 1
IsInstanceOverlapped: 0
IsDontTouch: 0
HasImplIP: 0
IsGatedGlobalClock: 0

+ Individual pipeline summary: 
  * Pipeline-0: initiation interval (II) = 1, depth = 2


============================================================
+ Verbose Summary: Schedule
============================================================
* Number of FSM states : 2
* Pipeline : 1
  Pipeline-0 : II = 1, D = 2, States = { 1 2 }
* Dataflow Pipeline: 0

* FSM state transitions: 
1 --> 2 
2 --> 

* FSM state operations: 

State 1 <SV = 0> <Delay = 2.69>
ST_1 : Operation 3 [1/1] (0.00ns)   --->   "%a7_read = read i58 @_ssdm_op_Read.ap_auto.i58, i58 %a7" [include/fp_math_hls.h:230]   --->   Operation 3 'read' 'a7_read' <Predicate = true> <Delay = 0.00>
ST_1 : Operation 4 [1/1] (0.00ns)   --->   "%a6_read = read i58 @_ssdm_op_Read.ap_auto.i58, i58 %a6" [include/fp_math_hls.h:230]   --->   Operation 4 'read' 'a6_read' <Predicate = true> <Delay = 0.00>
ST_1 : Operation 5 [1/1] (0.00ns)   --->   "%a5_read = read i58 @_ssdm_op_Read.ap_auto.i58, i58 %a5" [include/fp_math_hls.h:230]   --->   Operation 5 'read' 'a5_read' <Predicate = true> <Delay = 0.00>
ST_1 : Operation 6 [1/1] (0.00ns)   --->   "%a4_read = read i58 @_ssdm_op_Read.ap_auto.i58, i58 %a4" [include/fp_math_hls.h:230]   --->   Operation 6 'read' 'a4_read' <Predicate = true> <Delay = 0.00>
ST_1 : Operation 7 [1/1] (0.00ns)   --->   "%a3_read = read i58 @_ssdm_op_Read.ap_auto.i58, i58 %a3" [include/fp_math_hls.h:230]   --->   Operation 7 'read' 'a3_read' <Predicate = true> <Delay = 0.00>
ST_1 : Operation 8 [1/1] (0.00ns)   --->   "%a2_read = read i58 @_ssdm_op_Read.ap_auto.i58, i58 %a2" [include/fp_math_hls.h:230]   --->   Operation 8 'read' 'a2_read' <Predicate = true> <Delay = 0.00>
ST_1 : Operation 9 [1/1] (0.00ns)   --->   "%a1_read = read i58 @_ssdm_op_Read.ap_auto.i58, i58 %a1" [include/fp_math_hls.h:230]   --->   Operation 9 'read' 'a1_read' <Predicate = true> <Delay = 0.00>
ST_1 : Operation 10 [1/1] (0.00ns)   --->   "%a0_read = read i58 @_ssdm_op_Read.ap_auto.i58, i58 %a0" [include/fp_math_hls.h:230]   --->   Operation 10 'read' 'a0_read' <Predicate = true> <Delay = 0.00>
ST_1 : Operation 11 [1/1] (1.09ns)   --->   "%add_ln257 = add i58 %a3_read, i58 %a2_read" [include/fp_math_hls.h:257]   --->   Operation 11 'add' 'add_ln257' <Predicate = true> <Delay = 1.09> <CoreInst = "Adder">   --->   Core 1 'Adder' <Latency = 0> <II = 1> <Delay = 1.09> <FuncUnit> <Opcode : 'add' 'sub'> <InPorts = 2> <OutPorts = 1>
ST_1 : Operation 12 [1/1] (1.09ns)   --->   "%add_ln257_1 = add i58 %a0_read, i58 %a1_read" [include/fp_math_hls.h:257]   --->   Operation 12 'add' 'add_ln257_1' <Predicate = true> <Delay = 1.09> <CoreInst = "Adder">   --->   Core 1 'Adder' <Latency = 0> <II = 1> <Delay = 1.09> <FuncUnit> <Opcode : 'add' 'sub'> <InPorts = 2> <OutPorts = 1>
ST_1 : Operation 13 [1/1] (0.00ns) (grouped into TernaryAdder)   --->   "%add_ln257_3 = add i58 %add_ln257_1, i58 %add_ln257" [include/fp_math_hls.h:257]   --->   Operation 13 'add' 'add_ln257_3' <Predicate = true> <Delay = 0.00> <CoreInst = "TAddSub">   --->   Core 10 'TAddSub' <Latency = 0> <II = 1> <Delay = 0.40> <IPBlock> <Opcode : 'add' 'sub'> <InPorts = 3> <OutPorts = 1> <Sync> <CReg>
ST_1 : Operation 14 [1/1] (0.00ns) (grouped into TernaryAdder)   --->   "%add_ln257_4 = add i58 %a4_read, i58 %a5_read" [include/fp_math_hls.h:257]   --->   Operation 14 'add' 'add_ln257_4' <Predicate = true> <Delay = 0.00> <CoreInst = "TAddSub">   --->   Core 10 'TAddSub' <Latency = 0> <II = 1> <Delay = 0.40> <IPBlock> <Opcode : 'add' 'sub'> <InPorts = 3> <OutPorts = 1> <Sync> <CReg>
ST_1 : Operation 15 [1/1] (1.09ns)   --->   "%add_ln257_5 = add i58 %a6_read, i58 %a7_read" [include/fp_math_hls.h:257]   --->   Operation 15 'add' 'add_ln257_5' <Predicate = true> <Delay = 1.09> <CoreInst = "Adder">   --->   Core 1 'Adder' <Latency = 0> <II = 1> <Delay = 1.09> <FuncUnit> <Opcode : 'add' 'sub'> <InPorts = 2> <OutPorts = 1>
ST_1 : Operation 16 [1/1] (0.80ns) (root node of TernaryAdder)   --->   "%add_ln257_6 = add i58 %add_ln257_5, i58 %add_ln257_4" [include/fp_math_hls.h:257]   --->   Operation 16 'add' 'add_ln257_6' <Predicate = true> <Delay = 0.80> <CoreInst = "TAddSub">   --->   Core 10 'TAddSub' <Latency = 0> <II = 1> <Delay = 0.40> <IPBlock> <Opcode : 'add' 'sub'> <InPorts = 3> <OutPorts = 1> <Sync> <CReg>
ST_1 : Operation 17 [1/1] (0.80ns) (root node of TernaryAdder)   --->   "%add_ln257_2 = add i58 %add_ln257_6, i58 %add_ln257_3" [include/fp_math_hls.h:257]   --->   Operation 17 'add' 'add_ln257_2' <Predicate = true> <Delay = 0.80> <CoreInst = "TAddSub">   --->   Core 10 'TAddSub' <Latency = 0> <II = 1> <Delay = 0.40> <IPBlock> <Opcode : 'add' 'sub'> <InPorts = 3> <OutPorts = 1> <Sync> <CReg>

State 2 <SV = 1> <Delay = 0.00>
ST_2 : Operation 18 [1/1] (0.00ns)   --->   "%specfucore_ln0 = specfucore void @_ssdm_op_SpecFUCore, i58 %a7, i64 12, i64 3, i64 3, i1 0"   --->   Operation 18 'specfucore' 'specfucore_ln0' <Predicate = true> <Delay = 0.00>
ST_2 : Operation 19 [1/1] (0.00ns)   --->   "%specfucore_ln0 = specfucore void @_ssdm_op_SpecFUCore, i58 %a6, i64 12, i64 3, i64 3, i1 0"   --->   Operation 19 'specfucore' 'specfucore_ln0' <Predicate = true> <Delay = 0.00>
ST_2 : Operation 20 [1/1] (0.00ns)   --->   "%specfucore_ln0 = specfucore void @_ssdm_op_SpecFUCore, i58 %a5, i64 12, i64 3, i64 3, i1 0"   --->   Operation 20 'specfucore' 'specfucore_ln0' <Predicate = true> <Delay = 0.00>
ST_2 : Operation 21 [1/1] (0.00ns)   --->   "%specfucore_ln0 = specfucore void @_ssdm_op_SpecFUCore, i58 %a4, i64 12, i64 3, i64 3, i1 0"   --->   Operation 21 'specfucore' 'specfucore_ln0' <Predicate = true> <Delay = 0.00>
ST_2 : Operation 22 [1/1] (0.00ns)   --->   "%specfucore_ln0 = specfucore void @_ssdm_op_SpecFUCore, i58 %a3, i64 12, i64 3, i64 3, i1 0"   --->   Operation 22 'specfucore' 'specfucore_ln0' <Predicate = true> <Delay = 0.00>
ST_2 : Operation 23 [1/1] (0.00ns)   --->   "%specfucore_ln0 = specfucore void @_ssdm_op_SpecFUCore, i58 %a2, i64 12, i64 3, i64 3, i1 0"   --->   Operation 23 'specfucore' 'specfucore_ln0' <Predicate = true> <Delay = 0.00>
ST_2 : Operation 24 [1/1] (0.00ns)   --->   "%specfucore_ln0 = specfucore void @_ssdm_op_SpecFUCore, i58 %a1, i64 12, i64 3, i64 3, i1 0"   --->   Operation 24 'specfucore' 'specfucore_ln0' <Predicate = true> <Delay = 0.00>
ST_2 : Operation 25 [1/1] (0.00ns)   --->   "%specfucore_ln0 = specfucore void @_ssdm_op_SpecFUCore, i58 %a0, i64 12, i64 3, i64 3, i1 0"   --->   Operation 25 'specfucore' 'specfucore_ln0' <Predicate = true> <Delay = 0.00>
ST_2 : Operation 26 [1/1] (0.00ns)   --->   "%specpipeline_ln230 = specpipeline void @_ssdm_op_SpecPipeline, i32 1, i32 0, i32 0, i32 0, i32 4294967295, void @empty_485" [include/fp_math_hls.h:230]   --->   Operation 26 'specpipeline' 'specpipeline_ln230' <Predicate = true> <Delay = 0.00>
ST_2 : Operation 27 [1/1] (0.00ns)   --->   "%speclatency_ln238 = speclatency void @_ssdm_op_SpecLatency, i64 1, i64 1, void @empty_485" [include/fp_math_hls.h:238]   --->   Operation 27 'speclatency' 'speclatency_ln238' <Predicate = true> <Delay = 0.00>
ST_2 : Operation 28 [1/1] (0.00ns)   --->   "%ret_ln258 = ret i58 %add_ln257_2" [include/fp_math_hls.h:258]   --->   Operation 28 'ret' 'ret_ln258' <Predicate = true> <Delay = 0.00>


============================================================
+ Verbose Summary: Binding
============================================================
STG Binding: 
---------------- STG Properties BEGIN ----------------
- Is combinational: 0
- Is one-state seq: 0
- Is datapath-only: 0
- Is pipelined: 1
- Is top level: 0
Port [ Return ] is wired: 1; IO mode=ap_ctrl_hs:ce=0
Port [ a0]:  wired=1; compound=0; hidden=0; nouse=0; global=0; static=0; extern=0; dir=0; type=0; pingpong=0; private_global=0; IO mode=ap_none:ce=0
Port [ a1]:  wired=1; compound=0; hidden=0; nouse=0; global=0; static=0; extern=0; dir=0; type=0; pingpong=0; private_global=0; IO mode=ap_none:ce=0
Port [ a2]:  wired=1; compound=0; hidden=0; nouse=0; global=0; static=0; extern=0; dir=0; type=0; pingpong=0; private_global=0; IO mode=ap_none:ce=0
Port [ a3]:  wired=1; compound=0; hidden=0; nouse=0; global=0; static=0; extern=0; dir=0; type=0; pingpong=0; private_global=0; IO mode=ap_none:ce=0
Port [ a4]:  wired=1; compound=0; hidden=0; nouse=0; global=0; static=0; extern=0; dir=0; type=0; pingpong=0; private_global=0; IO mode=ap_none:ce=0
Port [ a5]:  wired=1; compound=0; hidden=0; nouse=0; global=0; static=0; extern=0; dir=0; type=0; pingpong=0; private_global=0; IO mode=ap_none:ce=0
Port [ a6]:  wired=1; compound=0; hidden=0; nouse=0; global=0; static=0; extern=0; dir=0; type=0; pingpong=0; private_global=0; IO mode=ap_none:ce=0
Port [ a7]:  wired=1; compound=0; hidden=0; nouse=0; global=0; static=0; extern=0; dir=0; type=0; pingpong=0; private_global=0; IO mode=ap_none:ce=0
---------------- STG Properties END ------------------

---------------- Datapath Model BEGIN ----------------

<LifeTime>
<method=bitvector/>
a7_read            (read        ) [ 000]
a6_read            (read        ) [ 000]
a5_read            (read        ) [ 000]
a4_read            (read        ) [ 000]
a3_read            (read        ) [ 000]
a2_read            (read        ) [ 000]
a1_read            (read        ) [ 000]
a0_read            (read        ) [ 000]
add_ln257          (add         ) [ 000]
add_ln257_1        (add         ) [ 000]
add_ln257_3        (add         ) [ 000]
add_ln257_4        (add         ) [ 000]
add_ln257_5        (add         ) [ 000]
add_ln257_6        (add         ) [ 000]
add_ln257_2        (add         ) [ 011]
specfucore_ln0     (specfucore  ) [ 000]
specfucore_ln0     (specfucore  ) [ 000]
specfucore_ln0     (specfucore  ) [ 000]
specfucore_ln0     (specfucore  ) [ 000]
specfucore_ln0     (specfucore  ) [ 000]
specfucore_ln0     (specfucore  ) [ 000]
specfucore_ln0     (specfucore  ) [ 000]
specfucore_ln0     (specfucore  ) [ 000]
specpipeline_ln230 (specpipeline) [ 000]
speclatency_ln238  (speclatency ) [ 000]
ret_ln258          (ret         ) [ 000]
</LifeTime>

<model>

<comp_list>
<comp id="0" class="1000" name="a0">
<pin_list>
<pin id="1" dir="1" index="0" bw="1" slack="0"/>
</pin_list>
<bind>
<StgValue><ssdm name="a0"/></StgValue>
</bind>
</comp>

<comp id="2" class="1000" name="a1">
<pin_list>
<pin id="3" dir="1" index="0" bw="1" slack="0"/>
</pin_list>
<bind>
<StgValue><ssdm name="a1"/></StgValue>
</bind>
</comp>

<comp id="4" class="1000" name="a2">
<pin_list>
<pin id="5" dir="1" index="0" bw="1" slack="0"/>
</pin_list>
<bind>
<StgValue><ssdm name="a2"/></StgValue>
</bind>
</comp>

<comp id="6" class="1000" name="a3">
<pin_list>
<pin id="7" dir="1" index="0" bw="1" slack="0"/>
</pin_list>
<bind>
<StgValue><ssdm name="a3"/></StgValue>
</bind>
</comp>

<comp id="8" class="1000" name="a4">
<pin_list>
<pin id="9" dir="1" index="0" bw="1" slack="0"/>
</pin_list>
<bind>
<StgValue><ssdm name="a4"/></StgValue>
</bind>
</comp>

<comp id="10" class="1000" name="a5">
<pin_list>
<pin id="11" dir="1" index="0" bw="1" slack="0"/>
</pin_list>
<bind>
<StgValue><ssdm name="a5"/></StgValue>
</bind>
</comp>

<comp id="12" class="1000" name="a6">
<pin_list>
<pin id="13" dir="1" index="0" bw="1" slack="0"/>
</pin_list>
<bind>
<StgValue><ssdm name="a6"/></StgValue>
</bind>
</comp>

<comp id="14" class="1000" name="a7">
<pin_list>
<pin id="15" dir="1" index="0" bw="1" slack="0"/>
</pin_list>
<bind>
<StgValue><ssdm name="a7"/></StgValue>
</bind>
</comp>

<comp id="16" class="1001" name="const_16">
<pin_list>
<pin id="17" dir="1" index="0" bw="1" slack="0"/>
</pin_list>
<bind>
<StgValue><ssdm name="_ssdm_op_Read.ap_auto.i58"/></StgValue>
</bind>
</comp>

<comp id="18" class="1001" name="const_18">
<pin_list>
<pin id="19" dir="1" index="0" bw="1" slack="2147483647"/>
</pin_list>
<bind>
<StgValue><ssdm name="_ssdm_op_SpecFUCore"/></StgValue>
</bind>
</comp>

<comp id="20" class="1001" name="const_20">
<pin_list>
<pin id="21" dir="1" index="0" bw="1" slack="2147483647"/>
</pin_list>
<bind>
<StgValue><ssdm name=""/></StgValue>
</bind>
</comp>

<comp id="22" class="1001" name="const_22">
<pin_list>
<pin id="23" dir="1" index="0" bw="1" slack="2147483647"/>
</pin_list>
<bind>
<StgValue><ssdm name=""/></StgValue>
</bind>
</comp>

<comp id="24" class="1001" name="const_24">
<pin_list>
<pin id="25" dir="1" index="0" bw="1" slack="2147483647"/>
</pin_list>
<bind>
<StgValue><ssdm name=""/></StgValue>
</bind>
</comp>

<comp id="26" class="1001" name="const_26">
<pin_list>
<pin id="27" dir="1" index="0" bw="1" slack="2147483647"/>
</pin_list>
<bind>
<StgValue><ssdm name="_ssdm_op_SpecPipeline"/></StgValue>
</bind>
</comp>

<comp id="28" class="1001" name="const_28">
<pin_list>
<pin id="29" dir="1" index="0" bw="1" slack="2147483647"/>
</pin_list>
<bind>
<StgValue><ssdm name=""/></StgValue>
</bind>
</comp>

<comp id="30" class="1001" name="const_30">
<pin_list>
<pin id="31" dir="1" index="0" bw="1" slack="2147483647"/>
</pin_list>
<bind>
<StgValue><ssdm name=""/></StgValue>
</bind>
</comp>

<comp id="32" class="1001" name="const_32">
<pin_list>
<pin id="33" dir="1" index="0" bw="1" slack="2147483647"/>
</pin_list>
<bind>
<StgValue><ssdm name=""/></StgValue>
</bind>
</comp>

<comp id="34" class="1001" name="const_34">
<pin_list>
<pin id="35" dir="1" index="0" bw="1" slack="2147483647"/>
</pin_list>
<bind>
<StgValue><ssdm name="empty_485"/></StgValue>
</bind>
</comp>

<comp id="36" class="1001" name="const_36">
<pin_list>
<pin id="37" dir="1" index="0" bw="1" slack="2147483647"/>
</pin_list>
<bind>
<StgValue><ssdm name="_ssdm_op_SpecLatency"/></StgValue>
</bind>
</comp>

<comp id="38" class="1001" name="const_38">
<pin_list>
<pin id="39" dir="1" index="0" bw="1" slack="2147483647"/>
</pin_list>
<bind>
<StgValue><ssdm name=""/></StgValue>
</bind>
</comp>

<comp id="40" class="1004" name="a7_read_read_fu_40">
<pin_list>
<pin id="41" dir="0" index="0" bw="58" slack="0"/>
<pin id="42" dir="0" index="1" bw="58" slack="0"/>
<pin id="43" dir="1" index="2" bw="58" slack="0"/>
</pin_list>
<bind>
<opcode="read(1150) " fcode="read"/>
<opset="a7_read/1 "/>
</bind>
</comp>

<comp id="46" class="1004" name="a6_read_read_fu_46">
<pin_list>
<pin id="47" dir="0" index="0" bw="58" slack="0"/>
<pin id="48" dir="0" index="1" bw="58" slack="0"/>
<pin id="49" dir="1" index="2" bw="58" slack="0"/>
</pin_list>
<bind>
<opcode="read(1150) " fcode="read"/>
<opset="a6_read/1 "/>
</bind>
</comp>

<comp id="52" class="1004" name="a5_read_read_fu_52">
<pin_list>
<pin id="53" dir="0" index="0" bw="58" slack="0"/>
<pin id="54" dir="0" index="1" bw="58" slack="0"/>
<pin id="55" dir="1" index="2" bw="58" slack="0"/>
</pin_list>
<bind>
<opcode="read(1150) " fcode="read"/>
<opset="a5_read/1 "/>
</bind>
</comp>

<comp id="58" class="1004" name="a4_read_read_fu_58">
<pin_list>
<pin id="59" dir="0" index="0" bw="58" slack="0"/>
<pin id="60" dir="0" index="1" bw="58" slack="0"/>
<pin id="61" dir="1" index="2" bw="58" slack="0"/>
</pin_list>
<bind>
<opcode="read(1150) " fcode="read"/>
<opset="a4_read/1 "/>
</bind>
</comp>

<comp id="64" class="1004" name="a3_read_read_fu_64">
<pin_list>
<pin id="65" dir="0" index="0" bw="58" slack="0"/>
<pin id="66" dir="0" index="1" bw="58" slack="0"/>
<pin id="67" dir="1" index="2" bw="58" slack="0"/>
</pin_list>
<bind>
<opcode="read(1150) " fcode="read"/>
<opset="a3_read/1 "/>
</bind>
</comp>

<comp id="70" class="1004" name="a2_read_read_fu_70">
<pin_list>
<pin id="71" dir="0" index="0" bw="58" slack="0"/>
<pin id="72" dir="0" index="1" bw="58" slack="0"/>
<pin id="73" dir="1" index="2" bw="58" slack="0"/>
</pin_list>
<bind>
<opcode="read(1150) " fcode="read"/>
<opset="a2_read/1 "/>
</bind>
</comp>

<comp id="76" class="1004" name="a1_read_read_fu_76">
<pin_list>
<pin id="77" dir="0" index="0" bw="58" slack="0"/>
<pin id="78" dir="0" index="1" bw="58" slack="0"/>
<pin id="79" dir="1" index="2" bw="58" slack="0"/>
</pin_list>
<bind>
<opcode="read(1150) " fcode="read"/>
<opset="a1_read/1 "/>
</bind>
</comp>

<comp id="82" class="1004" name="a0_read_read_fu_82">
<pin_list>
<pin id="83" dir="0" index="0" bw="58" slack="0"/>
<pin id="84" dir="0" index="1" bw="58" slack="0"/>
<pin id="85" dir="1" index="2" bw="58" slack="0"/>
</pin_list>
<bind>
<opcode="read(1150) " fcode="read"/>
<opset="a0_read/1 "/>
</bind>
</comp>

<comp id="88" class="1004" name="add_ln257_fu_88">
<pin_list>
<pin id="89" dir="0" index="0" bw="58" slack="0"/>
<pin id="90" dir="0" index="1" bw="58" slack="0"/>
<pin id="91" dir="1" index="2" bw="58" slack="0"/>
</pin_list>
<bind>
<opcode="add(8) " fcode="add"/>
<opset="add_ln257/1 "/>
</bind>
</comp>

<comp id="94" class="1004" name="add_ln257_1_fu_94">
<pin_list>
<pin id="95" dir="0" index="0" bw="58" slack="0"/>
<pin id="96" dir="0" index="1" bw="58" slack="0"/>
<pin id="97" dir="1" index="2" bw="58" slack="0"/>
</pin_list>
<bind>
<opcode="add(8) " fcode="add"/>
<opset="add_ln257_1/1 "/>
</bind>
</comp>

<comp id="100" class="1004" name="add_ln257_3_fu_100">
<pin_list>
<pin id="101" dir="0" index="0" bw="58" slack="0"/>
<pin id="102" dir="0" index="1" bw="58" slack="0"/>
<pin id="103" dir="1" index="2" bw="58" slack="0"/>
</pin_list>
<bind>
<opcode="add(8) " fcode="add"/>
<opset="add_ln257_3/1 "/>
</bind>
</comp>

<comp id="106" class="1004" name="add_ln257_4_fu_106">
<pin_list>
<pin id="107" dir="0" index="0" bw="58" slack="0"/>
<pin id="108" dir="0" index="1" bw="58" slack="0"/>
<pin id="109" dir="1" index="2" bw="58" slack="0"/>
</pin_list>
<bind>
<opcode="add(8) " fcode="add"/>
<opset="add_ln257_4/1 "/>
</bind>
</comp>

<comp id="112" class="1004" name="add_ln257_5_fu_112">
<pin_list>
<pin id="113" dir="0" index="0" bw="58" slack="0"/>
<pin id="114" dir="0" index="1" bw="58" slack="0"/>
<pin id="115" dir="1" index="2" bw="58" slack="0"/>
</pin_list>
<bind>
<opcode="add(8) " fcode="add"/>
<opset="add_ln257_5/1 "/>
</bind>
</comp>

<comp id="118" class="1004" name="add_ln257_6_fu_118">
<pin_list>
<pin id="119" dir="0" index="0" bw="58" slack="0"/>
<pin id="120" dir="0" index="1" bw="58" slack="0"/>
<pin id="121" dir="1" index="2" bw="58" slack="0"/>
</pin_list>
<bind>
<opcode="add(8) " fcode="add"/>
<opset="add_ln257_6/1 "/>
</bind>
</comp>

<comp id="124" class="1004" name="add_ln257_2_fu_124">
<pin_list>
<pin id="125" dir="0" index="0" bw="58" slack="0"/>
<pin id="126" dir="0" index="1" bw="58" slack="0"/>
<pin id="127" dir="1" index="2" bw="58" slack="1"/>
</pin_list>
<bind>
<opcode="add(8) " fcode="add"/>
<opset="add_ln257_2/1 "/>
</bind>
</comp>

<comp id="130" class="1005" name="add_ln257_2_reg_130">
<pin_list>
<pin id="131" dir="0" index="0" bw="58" slack="1"/>
<pin id="132" dir="1" index="1" bw="58" slack="2147483647"/>
</pin_list>
<bind>
<opset="add_ln257_2 "/>
</bind>
</comp>

</comp_list>

<net_list>
<net id="44"><net_src comp="16" pin="0"/><net_sink comp="40" pin=0"/></net>

<net id="45"><net_src comp="14" pin="0"/><net_sink comp="40" pin=1"/></net>

<net id="50"><net_src comp="16" pin="0"/><net_sink comp="46" pin=0"/></net>

<net id="51"><net_src comp="12" pin="0"/><net_sink comp="46" pin=1"/></net>

<net id="56"><net_src comp="16" pin="0"/><net_sink comp="52" pin=0"/></net>

<net id="57"><net_src comp="10" pin="0"/><net_sink comp="52" pin=1"/></net>

<net id="62"><net_src comp="16" pin="0"/><net_sink comp="58" pin=0"/></net>

<net id="63"><net_src comp="8" pin="0"/><net_sink comp="58" pin=1"/></net>

<net id="68"><net_src comp="16" pin="0"/><net_sink comp="64" pin=0"/></net>

<net id="69"><net_src comp="6" pin="0"/><net_sink comp="64" pin=1"/></net>

<net id="74"><net_src comp="16" pin="0"/><net_sink comp="70" pin=0"/></net>

<net id="75"><net_src comp="4" pin="0"/><net_sink comp="70" pin=1"/></net>

<net id="80"><net_src comp="16" pin="0"/><net_sink comp="76" pin=0"/></net>

<net id="81"><net_src comp="2" pin="0"/><net_sink comp="76" pin=1"/></net>

<net id="86"><net_src comp="16" pin="0"/><net_sink comp="82" pin=0"/></net>

<net id="87"><net_src comp="0" pin="0"/><net_sink comp="82" pin=1"/></net>

<net id="92"><net_src comp="64" pin="2"/><net_sink comp="88" pin=0"/></net>

<net id="93"><net_src comp="70" pin="2"/><net_sink comp="88" pin=1"/></net>

<net id="98"><net_src comp="82" pin="2"/><net_sink comp="94" pin=0"/></net>

<net id="99"><net_src comp="76" pin="2"/><net_sink comp="94" pin=1"/></net>

<net id="104"><net_src comp="94" pin="2"/><net_sink comp="100" pin=0"/></net>

<net id="105"><net_src comp="88" pin="2"/><net_sink comp="100" pin=1"/></net>

<net id="110"><net_src comp="58" pin="2"/><net_sink comp="106" pin=0"/></net>

<net id="111"><net_src comp="52" pin="2"/><net_sink comp="106" pin=1"/></net>

<net id="116"><net_src comp="46" pin="2"/><net_sink comp="112" pin=0"/></net>

<net id="117"><net_src comp="40" pin="2"/><net_sink comp="112" pin=1"/></net>

<net id="122"><net_src comp="112" pin="2"/><net_sink comp="118" pin=0"/></net>

<net id="123"><net_src comp="106" pin="2"/><net_sink comp="118" pin=1"/></net>

<net id="128"><net_src comp="118" pin="2"/><net_sink comp="124" pin=0"/></net>

<net id="129"><net_src comp="100" pin="2"/><net_sink comp="124" pin=1"/></net>

<net id="133"><net_src comp="124" pin="2"/><net_sink comp="130" pin=0"/></net>

</net_list>

</model> 
---------------- Datapath Model END ------------------

* FSMD analyzer results:
  - Output states:
 - Input state : 
	Port: sum8_P_MIX_raw_pupdate : a0 | {1 }
	Port: sum8_P_MIX_raw_pupdate : a1 | {1 }
	Port: sum8_P_MIX_raw_pupdate : a2 | {1 }
	Port: sum8_P_MIX_raw_pupdate : a3 | {1 }
	Port: sum8_P_MIX_raw_pupdate : a4 | {1 }
	Port: sum8_P_MIX_raw_pupdate : a5 | {1 }
	Port: sum8_P_MIX_raw_pupdate : a6 | {1 }
	Port: sum8_P_MIX_raw_pupdate : a7 | {1 }
  - Chain level:
	State 1
		add_ln257_3 : 1
		add_ln257_6 : 1
		add_ln257_2 : 2
	State 2


============================================================
+ Verbose Summary: Datapath Resource usage 
============================================================

* Functional unit list:
|----------|--------------------|---------|---------|
| Operation|   Functional Unit  |    FF   |   LUT   |
|----------|--------------------|---------|---------|
|          |   add_ln257_fu_88  |    0    |    65   |
|          |  add_ln257_1_fu_94 |    0    |    65   |
|          | add_ln257_3_fu_100 |    0    |    58   |
|    add   | add_ln257_4_fu_106 |    0    |    58   |
|          | add_ln257_5_fu_112 |    0    |    65   |
|          | add_ln257_6_fu_118 |    0    |    58   |
|          | add_ln257_2_fu_124 |    0    |    58   |
|----------|--------------------|---------|---------|
|          | a7_read_read_fu_40 |    0    |    0    |
|          | a6_read_read_fu_46 |    0    |    0    |
|          | a5_read_read_fu_52 |    0    |    0    |
|   read   | a4_read_read_fu_58 |    0    |    0    |
|          | a3_read_read_fu_64 |    0    |    0    |
|          | a2_read_read_fu_70 |    0    |    0    |
|          | a1_read_read_fu_76 |    0    |    0    |
|          | a0_read_read_fu_82 |    0    |    0    |
|----------|--------------------|---------|---------|
|   Total  |                    |    0    |   427   |
|----------|--------------------|---------|---------|

Memories:
N/A

* Register list:
+-------------------+--------+
|                   |   FF   |
+-------------------+--------+
|add_ln257_2_reg_130|   58   |
+-------------------+--------+
|       Total       |   58   |
+-------------------+--------+

* Multiplexer (MUX) list: 
|--------|------|------|------|--------|
|  Comp  |  Pin | Size |  BW  | S x BW |
|--------|------|------|------|--------|
|  Total |      |      |      |    0   |
|--------|------|------|------|--------|



* Summary:
+-----------+--------+--------+
|           |   FF   |   LUT  |
+-----------+--------+--------+
|  Function |    0   |   427  |
|   Memory  |    -   |    -   |
|Multiplexer|    -   |    -   |
|  Register |   58   |    -   |
+-----------+--------+--------+
|   Total   |   58   |   427  |
+-----------+--------+--------+
