

================================================================
== Vitis HLS Report for 'sum8_K_QP_raw'
================================================================
* Date:           Thu May 21 15:23:06 2026

* Version:        2025.2 (Build 6295257 on Nov 14 2025)
* Project:        mpc_fpga_top_opencl
* Solution:       hls (Vitis Kernel Flow Target)
* Product family: zynquplus
* Target device:  xck26-sfvc784-2LV-c


================================================================
== Performance Estimates
================================================================
+ Timing: 
    * Summary: 
    +--------+---------+----------+------------+
    |  Clock |  Target | Estimated| Uncertainty|
    +--------+---------+----------+------------+
    |ap_clk  |  5.00 ns|  2.586 ns|     0.50 ns|
    +--------+---------+----------+------------+

+ Latency: 
    * Summary: 
    +---------+---------+----------+----------+-----+-----+---------+
    |  Latency (cycles) |  Latency (absolute) |  Interval | Pipeline|
    |   min   |   max   |    min   |    max   | min | max |   Type  |
    +---------+---------+----------+----------+-----+-----+---------+
    |        0|        0|      0 ns|      0 ns|    1|    1|      yes|
    +---------+---------+----------+----------+-----+-----+---------+

    + Detail: 
        * Instance: 
        N/A

        * Loop: 
        N/A

============================================================
+ Verbose Summary: Synthesis Manager
============================================================
InlineROM: 1
ExposeGlobal: 0
============================================================
+ Verbose Summary: CDFG Model
============================================================
IsTopModel: 0
ResetActiveHigh: 1
IsCombinational: 0
IsDatapathOnly: 0
HasWiredReturn: 1
HasMFsm: 2
HasVarLatency: 0
IsPipeline: 1
IsRtlPipelined: 0
IsInstanceOverlapped: 0
IsDontTouch: 0
HasImplIP: 0
IsGatedGlobalClock: 0

+ Individual pipeline summary: 
  * Pipeline-0: initiation interval (II) = 1, depth = 1


============================================================
+ Verbose Summary: Schedule
============================================================
* Number of FSM states : 1
* Pipeline : 1
  Pipeline-0 : II = 1, D = 1, States = { 1 }
* Dataflow Pipeline: 0

* FSM state transitions: 
1 --> 

* FSM state operations: 

State 1 <SV = 0> <Delay = 2.58>
ST_1 : Operation 2 [1/1] (0.00ns)   --->   "%specfucore_ln0 = specfucore void @_ssdm_op_SpecFUCore, i44 %a7, i64 12, i64 3, i64 3, i1 0"   --->   Operation 2 'specfucore' 'specfucore_ln0' <Predicate = true> <Delay = 0.00>
ST_1 : Operation 3 [1/1] (0.00ns)   --->   "%specfucore_ln0 = specfucore void @_ssdm_op_SpecFUCore, i44 %a6, i64 12, i64 3, i64 3, i1 0"   --->   Operation 3 'specfucore' 'specfucore_ln0' <Predicate = true> <Delay = 0.00>
ST_1 : Operation 4 [1/1] (0.00ns)   --->   "%specfucore_ln0 = specfucore void @_ssdm_op_SpecFUCore, i44 %a5, i64 12, i64 3, i64 3, i1 0"   --->   Operation 4 'specfucore' 'specfucore_ln0' <Predicate = true> <Delay = 0.00>
ST_1 : Operation 5 [1/1] (0.00ns)   --->   "%specfucore_ln0 = specfucore void @_ssdm_op_SpecFUCore, i44 %a4, i64 12, i64 3, i64 3, i1 0"   --->   Operation 5 'specfucore' 'specfucore_ln0' <Predicate = true> <Delay = 0.00>
ST_1 : Operation 6 [1/1] (0.00ns)   --->   "%specfucore_ln0 = specfucore void @_ssdm_op_SpecFUCore, i44 %a3, i64 12, i64 3, i64 3, i1 0"   --->   Operation 6 'specfucore' 'specfucore_ln0' <Predicate = true> <Delay = 0.00>
ST_1 : Operation 7 [1/1] (0.00ns)   --->   "%specfucore_ln0 = specfucore void @_ssdm_op_SpecFUCore, i44 %a2, i64 12, i64 3, i64 3, i1 0"   --->   Operation 7 'specfucore' 'specfucore_ln0' <Predicate = true> <Delay = 0.00>
ST_1 : Operation 8 [1/1] (0.00ns)   --->   "%specfucore_ln0 = specfucore void @_ssdm_op_SpecFUCore, i44 %a1, i64 12, i64 3, i64 3, i1 0"   --->   Operation 8 'specfucore' 'specfucore_ln0' <Predicate = true> <Delay = 0.00>
ST_1 : Operation 9 [1/1] (0.00ns)   --->   "%specfucore_ln0 = specfucore void @_ssdm_op_SpecFUCore, i44 %a0, i64 12, i64 3, i64 3, i1 0"   --->   Operation 9 'specfucore' 'specfucore_ln0' <Predicate = true> <Delay = 0.00>
ST_1 : Operation 10 [1/1] (0.00ns)   --->   "%specpipeline_ln309 = specpipeline void @_ssdm_op_SpecPipeline, i32 1, i32 0, i32 0, i32 0, i32 4294967295, void @empty_485" [include/fp_math_hls.h:309]   --->   Operation 10 'specpipeline' 'specpipeline_ln309' <Predicate = true> <Delay = 0.00>
ST_1 : Operation 11 [1/1] (0.00ns)   --->   "%a7_read = read i44 @_ssdm_op_Read.ap_auto.i44, i44 %a7" [include/fp_math_hls.h:307]   --->   Operation 11 'read' 'a7_read' <Predicate = true> <Delay = 0.00>
ST_1 : Operation 12 [1/1] (0.00ns)   --->   "%a6_read = read i44 @_ssdm_op_Read.ap_auto.i44, i44 %a6" [include/fp_math_hls.h:307]   --->   Operation 12 'read' 'a6_read' <Predicate = true> <Delay = 0.00>
ST_1 : Operation 13 [1/1] (0.00ns)   --->   "%a5_read = read i44 @_ssdm_op_Read.ap_auto.i44, i44 %a5" [include/fp_math_hls.h:307]   --->   Operation 13 'read' 'a5_read' <Predicate = true> <Delay = 0.00>
ST_1 : Operation 14 [1/1] (0.00ns)   --->   "%a4_read = read i44 @_ssdm_op_Read.ap_auto.i44, i44 %a4" [include/fp_math_hls.h:307]   --->   Operation 14 'read' 'a4_read' <Predicate = true> <Delay = 0.00>
ST_1 : Operation 15 [1/1] (0.00ns)   --->   "%a3_read = read i44 @_ssdm_op_Read.ap_auto.i44, i44 %a3" [include/fp_math_hls.h:307]   --->   Operation 15 'read' 'a3_read' <Predicate = true> <Delay = 0.00>
ST_1 : Operation 16 [1/1] (0.00ns)   --->   "%a2_read = read i44 @_ssdm_op_Read.ap_auto.i44, i44 %a2" [include/fp_math_hls.h:307]   --->   Operation 16 'read' 'a2_read' <Predicate = true> <Delay = 0.00>
ST_1 : Operation 17 [1/1] (0.00ns)   --->   "%a1_read = read i44 @_ssdm_op_Read.ap_auto.i44, i44 %a1" [include/fp_math_hls.h:307]   --->   Operation 17 'read' 'a1_read' <Predicate = true> <Delay = 0.00>
ST_1 : Operation 18 [1/1] (0.00ns)   --->   "%a0_read = read i44 @_ssdm_op_Read.ap_auto.i44, i44 %a0" [include/fp_math_hls.h:307]   --->   Operation 18 'read' 'a0_read' <Predicate = true> <Delay = 0.00>
ST_1 : Operation 19 [1/1] (1.06ns)   --->   "%add_ln328 = add i44 %a1_read, i44 %a0_read" [include/fp_math_hls.h:328]   --->   Operation 19 'add' 'add_ln328' <Predicate = true> <Delay = 1.06> <CoreInst = "Adder">   --->   Core 1 'Adder' <Latency = 0> <II = 1> <Delay = 1.06> <FuncUnit> <Opcode : 'add' 'sub'> <InPorts = 2> <OutPorts = 1>
ST_1 : Operation 20 [1/1] (1.06ns)   --->   "%add_ln328_1 = add i44 %a2_read, i44 %a3_read" [include/fp_math_hls.h:328]   --->   Operation 20 'add' 'add_ln328_1' <Predicate = true> <Delay = 1.06> <CoreInst = "Adder">   --->   Core 1 'Adder' <Latency = 0> <II = 1> <Delay = 1.06> <FuncUnit> <Opcode : 'add' 'sub'> <InPorts = 2> <OutPorts = 1>
ST_1 : Operation 21 [1/1] (0.00ns) (grouped into TernaryAdder)   --->   "%add_ln328_2 = add i44 %add_ln328_1, i44 %add_ln328" [include/fp_math_hls.h:328]   --->   Operation 21 'add' 'add_ln328_2' <Predicate = true> <Delay = 0.00> <CoreInst = "TAddSub">   --->   Core 10 'TAddSub' <Latency = 0> <II = 1> <Delay = 0.38> <IPBlock> <Opcode : 'add' 'sub'> <InPorts = 3> <OutPorts = 1> <Sync> <CReg>
ST_1 : Operation 22 [1/1] (0.00ns) (grouped into TernaryAdder)   --->   "%add_ln328_3 = add i44 %a4_read, i44 %a5_read" [include/fp_math_hls.h:328]   --->   Operation 22 'add' 'add_ln328_3' <Predicate = true> <Delay = 0.00> <CoreInst = "TAddSub">   --->   Core 10 'TAddSub' <Latency = 0> <II = 1> <Delay = 0.38> <IPBlock> <Opcode : 'add' 'sub'> <InPorts = 3> <OutPorts = 1> <Sync> <CReg>
ST_1 : Operation 23 [1/1] (1.06ns)   --->   "%add_ln328_4 = add i44 %a6_read, i44 %a7_read" [include/fp_math_hls.h:328]   --->   Operation 23 'add' 'add_ln328_4' <Predicate = true> <Delay = 1.06> <CoreInst = "Adder">   --->   Core 1 'Adder' <Latency = 0> <II = 1> <Delay = 1.06> <FuncUnit> <Opcode : 'add' 'sub'> <InPorts = 2> <OutPorts = 1>
ST_1 : Operation 24 [1/1] (0.76ns) (root node of TernaryAdder)   --->   "%add_ln328_5 = add i44 %add_ln328_4, i44 %add_ln328_3" [include/fp_math_hls.h:328]   --->   Operation 24 'add' 'add_ln328_5' <Predicate = true> <Delay = 0.76> <CoreInst = "TAddSub">   --->   Core 10 'TAddSub' <Latency = 0> <II = 1> <Delay = 0.38> <IPBlock> <Opcode : 'add' 'sub'> <InPorts = 3> <OutPorts = 1> <Sync> <CReg>
ST_1 : Operation 25 [1/1] (0.76ns) (root node of TernaryAdder)   --->   "%add_ln328_6 = add i44 %add_ln328_5, i44 %add_ln328_2" [include/fp_math_hls.h:328]   --->   Operation 25 'add' 'add_ln328_6' <Predicate = true> <Delay = 0.76> <CoreInst = "TAddSub">   --->   Core 10 'TAddSub' <Latency = 0> <II = 1> <Delay = 0.38> <IPBlock> <Opcode : 'add' 'sub'> <InPorts = 3> <OutPorts = 1> <Sync> <CReg>
ST_1 : Operation 26 [1/1] (0.00ns)   --->   "%ret_ln329 = ret i44 %add_ln328_6" [include/fp_math_hls.h:329]   --->   Operation 26 'ret' 'ret_ln329' <Predicate = true> <Delay = 0.00>


============================================================
+ Verbose Summary: Binding
============================================================
STG Binding: 
---------------- STG Properties BEGIN ----------------
- Is combinational: 1
- Is one-state seq: 0
- Is datapath-only: 0
- Is pipelined: 1
- Is top level: 0
Port [ Return ] is wired: 1; IO mode=ap_ctrl_hs:ce=0
Port [ a0]:  wired=1; compound=0; hidden=0; nouse=0; global=0; static=0; extern=0; dir=0; type=0; pingpong=0; private_global=0; IO mode=ap_none:ce=0
Port [ a1]:  wired=1; compound=0; hidden=0; nouse=0; global=0; static=0; extern=0; dir=0; type=0; pingpong=0; private_global=0; IO mode=ap_none:ce=0
Port [ a2]:  wired=1; compound=0; hidden=0; nouse=0; global=0; static=0; extern=0; dir=0; type=0; pingpong=0; private_global=0; IO mode=ap_none:ce=0
Port [ a3]:  wired=1; compound=0; hidden=0; nouse=0; global=0; static=0; extern=0; dir=0; type=0; pingpong=0; private_global=0; IO mode=ap_none:ce=0
Port [ a4]:  wired=1; compound=0; hidden=0; nouse=0; global=0; static=0; extern=0; dir=0; type=0; pingpong=0; private_global=0; IO mode=ap_none:ce=0
Port [ a5]:  wired=1; compound=0; hidden=0; nouse=0; global=0; static=0; extern=0; dir=0; type=0; pingpong=0; private_global=0; IO mode=ap_none:ce=0
Port [ a6]:  wired=1; compound=0; hidden=0; nouse=0; global=0; static=0; extern=0; dir=0; type=0; pingpong=0; private_global=0; IO mode=ap_none:ce=0
Port [ a7]:  wired=1; compound=0; hidden=0; nouse=0; global=0; static=0; extern=0; dir=0; type=0; pingpong=0; private_global=0; IO mode=ap_none:ce=0
---------------- STG Properties END ------------------

---------------- Datapath Model BEGIN ----------------

<LifeTime>
<method=bitvector/>
specfucore_ln0     (specfucore  ) [ 00]
specfucore_ln0     (specfucore  ) [ 00]
specfucore_ln0     (specfucore  ) [ 00]
specfucore_ln0     (specfucore  ) [ 00]
specfucore_ln0     (specfucore  ) [ 00]
specfucore_ln0     (specfucore  ) [ 00]
specfucore_ln0     (specfucore  ) [ 00]
specfucore_ln0     (specfucore  ) [ 00]
specpipeline_ln309 (specpipeline) [ 00]
a7_read            (read        ) [ 00]
a6_read            (read        ) [ 00]
a5_read            (read        ) [ 00]
a4_read            (read        ) [ 00]
a3_read            (read        ) [ 00]
a2_read            (read        ) [ 00]
a1_read            (read        ) [ 00]
a0_read            (read        ) [ 00]
add_ln328          (add         ) [ 00]
add_ln328_1        (add         ) [ 00]
add_ln328_2        (add         ) [ 00]
add_ln328_3        (add         ) [ 00]
add_ln328_4        (add         ) [ 00]
add_ln328_5        (add         ) [ 00]
add_ln328_6        (add         ) [ 00]
ret_ln329          (ret         ) [ 00]
</LifeTime>

<model>

<comp_list>
<comp id="0" class="1000" name="a0">
<pin_list>
<pin id="1" dir="1" index="0" bw="1" slack="0"/>
</pin_list>
<bind>
<StgValue><ssdm name="a0"/></StgValue>
</bind>
</comp>

<comp id="2" class="1000" name="a1">
<pin_list>
<pin id="3" dir="1" index="0" bw="1" slack="0"/>
</pin_list>
<bind>
<StgValue><ssdm name="a1"/></StgValue>
</bind>
</comp>

<comp id="4" class="1000" name="a2">
<pin_list>
<pin id="5" dir="1" index="0" bw="1" slack="0"/>
</pin_list>
<bind>
<StgValue><ssdm name="a2"/></StgValue>
</bind>
</comp>

<comp id="6" class="1000" name="a3">
<pin_list>
<pin id="7" dir="1" index="0" bw="1" slack="0"/>
</pin_list>
<bind>
<StgValue><ssdm name="a3"/></StgValue>
</bind>
</comp>

<comp id="8" class="1000" name="a4">
<pin_list>
<pin id="9" dir="1" index="0" bw="1" slack="0"/>
</pin_list>
<bind>
<StgValue><ssdm name="a4"/></StgValue>
</bind>
</comp>

<comp id="10" class="1000" name="a5">
<pin_list>
<pin id="11" dir="1" index="0" bw="1" slack="0"/>
</pin_list>
<bind>
<StgValue><ssdm name="a5"/></StgValue>
</bind>
</comp>

<comp id="12" class="1000" name="a6">
<pin_list>
<pin id="13" dir="1" index="0" bw="1" slack="0"/>
</pin_list>
<bind>
<StgValue><ssdm name="a6"/></StgValue>
</bind>
</comp>

<comp id="14" class="1000" name="a7">
<pin_list>
<pin id="15" dir="1" index="0" bw="1" slack="0"/>
</pin_list>
<bind>
<StgValue><ssdm name="a7"/></StgValue>
</bind>
</comp>

<comp id="16" class="1001" name="const_16">
<pin_list>
<pin id="17" dir="1" index="0" bw="1" slack="2147483647"/>
</pin_list>
<bind>
<StgValue><ssdm name="_ssdm_op_SpecFUCore"/></StgValue>
</bind>
</comp>

<comp id="18" class="1001" name="const_18">
<pin_list>
<pin id="19" dir="1" index="0" bw="1" slack="2147483647"/>
</pin_list>
<bind>
<StgValue><ssdm name=""/></StgValue>
</bind>
</comp>

<comp id="20" class="1001" name="const_20">
<pin_list>
<pin id="21" dir="1" index="0" bw="1" slack="2147483647"/>
</pin_list>
<bind>
<StgValue><ssdm name=""/></StgValue>
</bind>
</comp>

<comp id="22" class="1001" name="const_22">
<pin_list>
<pin id="23" dir="1" index="0" bw="1" slack="2147483647"/>
</pin_list>
<bind>
<StgValue><ssdm name=""/></StgValue>
</bind>
</comp>

<comp id="24" class="1001" name="const_24">
<pin_list>
<pin id="25" dir="1" index="0" bw="1" slack="2147483647"/>
</pin_list>
<bind>
<StgValue><ssdm name="_ssdm_op_SpecPipeline"/></StgValue>
</bind>
</comp>

<comp id="26" class="1001" name="const_26">
<pin_list>
<pin id="27" dir="1" index="0" bw="1" slack="2147483647"/>
</pin_list>
<bind>
<StgValue><ssdm name=""/></StgValue>
</bind>
</comp>

<comp id="28" class="1001" name="const_28">
<pin_list>
<pin id="29" dir="1" index="0" bw="1" slack="2147483647"/>
</pin_list>
<bind>
<StgValue><ssdm name=""/></StgValue>
</bind>
</comp>

<comp id="30" class="1001" name="const_30">
<pin_list>
<pin id="31" dir="1" index="0" bw="1" slack="2147483647"/>
</pin_list>
<bind>
<StgValue><ssdm name=""/></StgValue>
</bind>
</comp>

<comp id="32" class="1001" name="const_32">
<pin_list>
<pin id="33" dir="1" index="0" bw="1" slack="2147483647"/>
</pin_list>
<bind>
<StgValue><ssdm name="empty_485"/></StgValue>
</bind>
</comp>

<comp id="34" class="1001" name="const_34">
<pin_list>
<pin id="35" dir="1" index="0" bw="1" slack="0"/>
</pin_list>
<bind>
<StgValue><ssdm name="_ssdm_op_Read.ap_auto.i44"/></StgValue>
</bind>
</comp>

<comp id="36" class="1004" name="a7_read_read_fu_36">
<pin_list>
<pin id="37" dir="0" index="0" bw="44" slack="0"/>
<pin id="38" dir="0" index="1" bw="44" slack="0"/>
<pin id="39" dir="1" index="2" bw="44" slack="0"/>
</pin_list>
<bind>
<opcode="read(1150) " fcode="read"/>
<opset="a7_read/1 "/>
</bind>
</comp>

<comp id="42" class="1004" name="a6_read_read_fu_42">
<pin_list>
<pin id="43" dir="0" index="0" bw="44" slack="0"/>
<pin id="44" dir="0" index="1" bw="44" slack="0"/>
<pin id="45" dir="1" index="2" bw="44" slack="0"/>
</pin_list>
<bind>
<opcode="read(1150) " fcode="read"/>
<opset="a6_read/1 "/>
</bind>
</comp>

<comp id="48" class="1004" name="a5_read_read_fu_48">
<pin_list>
<pin id="49" dir="0" index="0" bw="44" slack="0"/>
<pin id="50" dir="0" index="1" bw="44" slack="0"/>
<pin id="51" dir="1" index="2" bw="44" slack="0"/>
</pin_list>
<bind>
<opcode="read(1150) " fcode="read"/>
<opset="a5_read/1 "/>
</bind>
</comp>

<comp id="54" class="1004" name="a4_read_read_fu_54">
<pin_list>
<pin id="55" dir="0" index="0" bw="44" slack="0"/>
<pin id="56" dir="0" index="1" bw="44" slack="0"/>
<pin id="57" dir="1" index="2" bw="44" slack="0"/>
</pin_list>
<bind>
<opcode="read(1150) " fcode="read"/>
<opset="a4_read/1 "/>
</bind>
</comp>

<comp id="60" class="1004" name="a3_read_read_fu_60">
<pin_list>
<pin id="61" dir="0" index="0" bw="44" slack="0"/>
<pin id="62" dir="0" index="1" bw="44" slack="0"/>
<pin id="63" dir="1" index="2" bw="44" slack="0"/>
</pin_list>
<bind>
<opcode="read(1150) " fcode="read"/>
<opset="a3_read/1 "/>
</bind>
</comp>

<comp id="66" class="1004" name="a2_read_read_fu_66">
<pin_list>
<pin id="67" dir="0" index="0" bw="44" slack="0"/>
<pin id="68" dir="0" index="1" bw="44" slack="0"/>
<pin id="69" dir="1" index="2" bw="44" slack="0"/>
</pin_list>
<bind>
<opcode="read(1150) " fcode="read"/>
<opset="a2_read/1 "/>
</bind>
</comp>

<comp id="72" class="1004" name="a1_read_read_fu_72">
<pin_list>
<pin id="73" dir="0" index="0" bw="44" slack="0"/>
<pin id="74" dir="0" index="1" bw="44" slack="0"/>
<pin id="75" dir="1" index="2" bw="44" slack="0"/>
</pin_list>
<bind>
<opcode="read(1150) " fcode="read"/>
<opset="a1_read/1 "/>
</bind>
</comp>

<comp id="78" class="1004" name="a0_read_read_fu_78">
<pin_list>
<pin id="79" dir="0" index="0" bw="44" slack="0"/>
<pin id="80" dir="0" index="1" bw="44" slack="0"/>
<pin id="81" dir="1" index="2" bw="44" slack="0"/>
</pin_list>
<bind>
<opcode="read(1150) " fcode="read"/>
<opset="a0_read/1 "/>
</bind>
</comp>

<comp id="84" class="1004" name="add_ln328_fu_84">
<pin_list>
<pin id="85" dir="0" index="0" bw="44" slack="0"/>
<pin id="86" dir="0" index="1" bw="44" slack="0"/>
<pin id="87" dir="1" index="2" bw="44" slack="0"/>
</pin_list>
<bind>
<opcode="add(8) " fcode="add"/>
<opset="add_ln328/1 "/>
</bind>
</comp>

<comp id="90" class="1004" name="add_ln328_1_fu_90">
<pin_list>
<pin id="91" dir="0" index="0" bw="44" slack="0"/>
<pin id="92" dir="0" index="1" bw="44" slack="0"/>
<pin id="93" dir="1" index="2" bw="44" slack="0"/>
</pin_list>
<bind>
<opcode="add(8) " fcode="add"/>
<opset="add_ln328_1/1 "/>
</bind>
</comp>

<comp id="96" class="1004" name="add_ln328_2_fu_96">
<pin_list>
<pin id="97" dir="0" index="0" bw="44" slack="0"/>
<pin id="98" dir="0" index="1" bw="44" slack="0"/>
<pin id="99" dir="1" index="2" bw="44" slack="0"/>
</pin_list>
<bind>
<opcode="add(8) " fcode="add"/>
<opset="add_ln328_2/1 "/>
</bind>
</comp>

<comp id="102" class="1004" name="add_ln328_3_fu_102">
<pin_list>
<pin id="103" dir="0" index="0" bw="44" slack="0"/>
<pin id="104" dir="0" index="1" bw="44" slack="0"/>
<pin id="105" dir="1" index="2" bw="44" slack="0"/>
</pin_list>
<bind>
<opcode="add(8) " fcode="add"/>
<opset="add_ln328_3/1 "/>
</bind>
</comp>

<comp id="108" class="1004" name="add_ln328_4_fu_108">
<pin_list>
<pin id="109" dir="0" index="0" bw="44" slack="0"/>
<pin id="110" dir="0" index="1" bw="44" slack="0"/>
<pin id="111" dir="1" index="2" bw="44" slack="0"/>
</pin_list>
<bind>
<opcode="add(8) " fcode="add"/>
<opset="add_ln328_4/1 "/>
</bind>
</comp>

<comp id="114" class="1004" name="add_ln328_5_fu_114">
<pin_list>
<pin id="115" dir="0" index="0" bw="44" slack="0"/>
<pin id="116" dir="0" index="1" bw="44" slack="0"/>
<pin id="117" dir="1" index="2" bw="44" slack="0"/>
</pin_list>
<bind>
<opcode="add(8) " fcode="add"/>
<opset="add_ln328_5/1 "/>
</bind>
</comp>

<comp id="120" class="1004" name="add_ln328_6_fu_120">
<pin_list>
<pin id="121" dir="0" index="0" bw="44" slack="0"/>
<pin id="122" dir="0" index="1" bw="44" slack="0"/>
<pin id="123" dir="1" index="2" bw="44" slack="2147483647"/>
</pin_list>
<bind>
<opcode="add(8) " fcode="add"/>
<opset="add_ln328_6/1 "/>
</bind>
</comp>

</comp_list>

<net_list>
<net id="40"><net_src comp="34" pin="0"/><net_sink comp="36" pin=0"/></net>

<net id="41"><net_src comp="14" pin="0"/><net_sink comp="36" pin=1"/></net>

<net id="46"><net_src comp="34" pin="0"/><net_sink comp="42" pin=0"/></net>

<net id="47"><net_src comp="12" pin="0"/><net_sink comp="42" pin=1"/></net>

<net id="52"><net_src comp="34" pin="0"/><net_sink comp="48" pin=0"/></net>

<net id="53"><net_src comp="10" pin="0"/><net_sink comp="48" pin=1"/></net>

<net id="58"><net_src comp="34" pin="0"/><net_sink comp="54" pin=0"/></net>

<net id="59"><net_src comp="8" pin="0"/><net_sink comp="54" pin=1"/></net>

<net id="64"><net_src comp="34" pin="0"/><net_sink comp="60" pin=0"/></net>

<net id="65"><net_src comp="6" pin="0"/><net_sink comp="60" pin=1"/></net>

<net id="70"><net_src comp="34" pin="0"/><net_sink comp="66" pin=0"/></net>

<net id="71"><net_src comp="4" pin="0"/><net_sink comp="66" pin=1"/></net>

<net id="76"><net_src comp="34" pin="0"/><net_sink comp="72" pin=0"/></net>

<net id="77"><net_src comp="2" pin="0"/><net_sink comp="72" pin=1"/></net>

<net id="82"><net_src comp="34" pin="0"/><net_sink comp="78" pin=0"/></net>

<net id="83"><net_src comp="0" pin="0"/><net_sink comp="78" pin=1"/></net>

<net id="88"><net_src comp="72" pin="2"/><net_sink comp="84" pin=0"/></net>

<net id="89"><net_src comp="78" pin="2"/><net_sink comp="84" pin=1"/></net>

<net id="94"><net_src comp="66" pin="2"/><net_sink comp="90" pin=0"/></net>

<net id="95"><net_src comp="60" pin="2"/><net_sink comp="90" pin=1"/></net>

<net id="100"><net_src comp="90" pin="2"/><net_sink comp="96" pin=0"/></net>

<net id="101"><net_src comp="84" pin="2"/><net_sink comp="96" pin=1"/></net>

<net id="106"><net_src comp="54" pin="2"/><net_sink comp="102" pin=0"/></net>

<net id="107"><net_src comp="48" pin="2"/><net_sink comp="102" pin=1"/></net>

<net id="112"><net_src comp="42" pin="2"/><net_sink comp="108" pin=0"/></net>

<net id="113"><net_src comp="36" pin="2"/><net_sink comp="108" pin=1"/></net>

<net id="118"><net_src comp="108" pin="2"/><net_sink comp="114" pin=0"/></net>

<net id="119"><net_src comp="102" pin="2"/><net_sink comp="114" pin=1"/></net>

<net id="124"><net_src comp="114" pin="2"/><net_sink comp="120" pin=0"/></net>

<net id="125"><net_src comp="96" pin="2"/><net_sink comp="120" pin=1"/></net>

</net_list>

</model> 
---------------- Datapath Model END ------------------

* FSMD analyzer results:
  - Output states:
 - Input state : 
	Port: sum8_K_QP_raw : a0 | {1 }
	Port: sum8_K_QP_raw : a1 | {1 }
	Port: sum8_K_QP_raw : a2 | {1 }
	Port: sum8_K_QP_raw : a3 | {1 }
	Port: sum8_K_QP_raw : a4 | {1 }
	Port: sum8_K_QP_raw : a5 | {1 }
	Port: sum8_K_QP_raw : a6 | {1 }
	Port: sum8_K_QP_raw : a7 | {1 }
  - Chain level:
	State 1
		add_ln328_2 : 1
		add_ln328_5 : 1
		add_ln328_6 : 2
		ret_ln329 : 3


============================================================
+ Verbose Summary: Datapath Resource usage 
============================================================

* Functional unit list:
|----------|--------------------|---------|---------|
| Operation|   Functional Unit  |    FF   |   LUT   |
|----------|--------------------|---------|---------|
|          |   add_ln328_fu_84  |    0    |    51   |
|          |  add_ln328_1_fu_90 |    0    |    51   |
|          |  add_ln328_2_fu_96 |    0    |    44   |
|    add   | add_ln328_3_fu_102 |    0    |    44   |
|          | add_ln328_4_fu_108 |    0    |    51   |
|          | add_ln328_5_fu_114 |    0    |    44   |
|          | add_ln328_6_fu_120 |    0    |    44   |
|----------|--------------------|---------|---------|
|          | a7_read_read_fu_36 |    0    |    0    |
|          | a6_read_read_fu_42 |    0    |    0    |
|          | a5_read_read_fu_48 |    0    |    0    |
|   read   | a4_read_read_fu_54 |    0    |    0    |
|          | a3_read_read_fu_60 |    0    |    0    |
|          | a2_read_read_fu_66 |    0    |    0    |
|          | a1_read_read_fu_72 |    0    |    0    |
|          | a0_read_read_fu_78 |    0    |    0    |
|----------|--------------------|---------|---------|
|   Total  |                    |    0    |   329   |
|----------|--------------------|---------|---------|

Memories:
N/A

* Register list:
N/A

* Multiplexer (MUX) list: 
|--------|------|------|------|--------|
|  Comp  |  Pin | Size |  BW  | S x BW |
|--------|------|------|------|--------|
|  Total |      |      |      |    0   |
|--------|------|------|------|--------|



* Summary:
+-----------+--------+--------+
|           |   FF   |   LUT  |
+-----------+--------+--------+
|  Function |    0   |   329  |
|   Memory  |    -   |    -   |
|Multiplexer|    -   |    -   |
|  Register |    -   |    -   |
+-----------+--------+--------+
|   Total   |    0   |   329  |
+-----------+--------+--------+
