

================================================================
== Vitis HLS Report for 'sum8_K_QP_raw'
================================================================
* Date:           Thu May 21 15:23:06 2026

* Version:        2025.2 (Build 6295257 on Nov 14 2025)
* Project:        mpc_fpga_top_opencl
* Solution:       hls (Vitis Kernel Flow Target)
* Product family: zynquplus
* Target device:  xck26-sfvc784-2LV-c


================================================================
== Performance Estimates
================================================================
+ Timing: 
    * Summary: 
    +--------+---------+----------+------------+
    |  Clock |  Target | Estimated| Uncertainty|
    +--------+---------+----------+------------+
    |ap_clk  |  5.00 ns|  2.586 ns|     0.50 ns|
    +--------+---------+----------+------------+

+ Latency: 
    * Summary: 
    +---------+---------+----------+----------+-----+-----+---------+
    |  Latency (cycles) |  Latency (absolute) |  Interval | Pipeline|
    |   min   |   max   |    min   |    max   | min | max |   Type  |
    +---------+---------+----------+----------+-----+-----+---------+
    |        0|        0|      0 ns|      0 ns|    1|    1|      yes|
    +---------+---------+----------+----------+-----+-----+---------+

    + Detail: 
        * Instance: 
        N/A

        * Loop: 
        N/A

============================================================
+ Verbose Summary: Synthesis Manager
============================================================
InlineROM: 1
ExposeGlobal: 0
============================================================
+ Verbose Summary: CDFG Model
============================================================
IsTopModel: 0
ResetActiveHigh: 1
IsCombinational: 0
IsDatapathOnly: 0
HasWiredReturn: 1
HasMFsm: 2
HasVarLatency: 0
IsPipeline: 1
IsRtlPipelined: 0
IsInstanceOverlapped: 0
IsDontTouch: 0
HasImplIP: 0
IsGatedGlobalClock: 0

+ Individual pipeline summary: 
  * Pipeline-0: initiation interval (II) = 1, depth = 1


============================================================
+ Verbose Summary: Schedule
============================================================
* Number of FSM states : 1
* Pipeline : 1
  Pipeline-0 : II = 1, D = 1, States = { 1 }
* Dataflow Pipeline: 0

* FSM state transitions: 
1 --> 

* FSM state operations: 

State 1 <SV = 0> <Delay = 2.58>
ST_1 : Operation 2 [1/1] (0.00ns)   --->   "%specfucore_ln0 = specfucore void @_ssdm_op_SpecFUCore, i44 %a7, i64 12, i64 3, i64 3, i1 0"   --->   Operation 2 'specfucore' 'specfucore_ln0' <Predicate = true> <Delay = 0.00>
ST_1 : Operation 3 [1/1] (0.00ns)   --->   "%specfucore_ln0 = specfucore void @_ssdm_op_SpecFUCore, i44 %a6, i64 12, i64 3, i64 3, i1 0"   --->   Operation 3 'specfucore' 'specfucore_ln0' <Predicate = true> <Delay = 0.00>
ST_1 : Operation 4 [1/1] (0.00ns)   --->   "%specfucore_ln0 = specfucore void @_ssdm_op_SpecFUCore, i44 %a5, i64 12, i64 3, i64 3, i1 0"   --->   Operation 4 'specfucore' 'specfucore_ln0' <Predicate = true> <Delay = 0.00>
ST_1 : Operation 5 [1/1] (0.00ns)   --->   "%specfucore_ln0 = specfucore void @_ssdm_op_SpecFUCore, i44 %a4, i64 12, i64 3, i64 3, i1 0"   --->   Operation 5 'specfucore' 'specfucore_ln0' <Predicate = true> <Delay = 0.00>
ST_1 : Operation 6 [1/1] (0.00ns)   --->   "%specfucore_ln0 = specfucore void @_ssdm_op_SpecFUCore, i44 %a3, i64 12, i64 3, i64 3, i1 0"   --->   Operation 6 'specfucore' 'specfucore_ln0' <Predicate = true> <Delay = 0.00>
ST_1 : Operation 7 [1/1] (0.00ns)   --->   "%specfucore_ln0 = specfucore void @_ssdm_op_SpecFUCore, i44 %a2, i64 12, i64 3, i64 3, i1 0"   --->   Operation 7 'specfucore' 'specfucore_ln0' <Predicate = true> <Delay = 0.00>
ST_1 : Operation 8 [1/1] (0.00ns)   --->   "%specfucore_ln0 = specfucore void @_ssdm_op_SpecFUCore, i44 %a1, i64 12, i64 3, i64 3, i1 0"   --->   Operation 8 'specfucore' 'specfucore_ln0' <Predicate = true> <Delay = 0.00>
ST_1 : Operation 9 [1/1] (0.00ns)   --->   "%specfucore_ln0 = specfucore void @_ssdm_op_SpecFUCore, i44 %a0, i64 12, i64 3, i64 3, i1 0"   --->   Operation 9 'specfucore' 'specfucore_ln0' <Predicate = true> <Delay = 0.00>
ST_1 : Operation 10 [1/1] (0.00ns)   --->   "%specpipeline_ln309 = specpipeline void @_ssdm_op_SpecPipeline, i32 1, i32 0, i32 0, i32 0, i32 4294967295, void @empty_485" [include/fp_math_hls.h:309]   --->   Operation 10 'specpipeline' 'specpipeline_ln309' <Predicate = true> <Delay = 0.00>
ST_1 : Operation 11 [1/1] (0.00ns)   --->   "%a7_read = read i44 @_ssdm_op_Read.ap_auto.i44, i44 %a7" [include/fp_math_hls.h:307]   --->   Operation 11 'read' 'a7_read' <Predicate = true> <Delay = 0.00>
ST_1 : Operation 12 [1/1] (0.00ns)   --->   "%a6_read = read i44 @_ssdm_op_Read.ap_auto.i44, i44 %a6" [include/fp_math_hls.h:307]   --->   Operation 12 'read' 'a6_read' <Predicate = true> <Delay = 0.00>
ST_1 : Operation 13 [1/1] (0.00ns)   --->   "%a5_read = read i44 @_ssdm_op_Read.ap_auto.i44, i44 %a5" [include/fp_math_hls.h:307]   --->   Operation 13 'read' 'a5_read' <Predicate = true> <Delay = 0.00>
ST_1 : Operation 14 [1/1] (0.00ns)   --->   "%a4_read = read i44 @_ssdm_op_Read.ap_auto.i44, i44 %a4" [include/fp_math_hls.h:307]   --->   Operation 14 'read' 'a4_read' <Predicate = true> <Delay = 0.00>
ST_1 : Operation 15 [1/1] (0.00ns)   --->   "%a3_read = read i44 @_ssdm_op_Read.ap_auto.i44, i44 %a3" [include/fp_math_hls.h:307]   --->   Operation 15 'read' 'a3_read' <Predicate = true> <Delay = 0.00>
ST_1 : Operation 16 [1/1] (0.00ns)   --->   "%a2_read = read i44 @_ssdm_op_Read.ap_auto.i44, i44 %a2" [include/fp_math_hls.h:307]   --->   Operation 16 'read' 'a2_read' <Predicate = true> <Delay = 0.00>
ST_1 : Operation 17 [1/1] (0.00ns)   --->   "%a1_read = read i44 @_ssdm_op_Read.ap_auto.i44, i44 %a1" [include/fp_math_hls.h:307]   --->   Operation 17 'read' 'a1_read' <Predicate = true> <Delay = 0.00>
ST_1 : Operation 18 [1/1] (0.00ns)   --->   "%a0_read = read i44 @_ssdm_op_Read.ap_auto.i44, i44 %a0" [include/fp_math_hls.h:307]   --->   Operation 18 'read' 'a0_read' <Predicate = true> <Delay = 0.00>
ST_1 : Operation 19 [1/1] (1.06ns)   --->   "%add_ln328 = add i44 %a1_read, i44 %a0_read" [include/fp_math_hls.h:328]   --->   Operation 19 'add' 'add_ln328' <Predicate = true> <Delay = 1.06> <CoreInst = "Adder">   --->   Core 1 'Adder' <Latency = 0> <II = 1> <Delay = 1.06> <FuncUnit> <Opcode : 'add' 'sub'> <InPorts = 2> <OutPorts = 1>
ST_1 : Operation 20 [1/1] (1.06ns)   --->   "%add_ln328_1 = add i44 %a2_read, i44 %a3_read" [include/fp_math_hls.h:328]   --->   Operation 20 'add' 'add_ln328_1' <Predicate = true> <Delay = 1.06> <CoreInst = "Adder">   --->   Core 1 'Adder' <Latency = 0> <II = 1> <Delay = 1.06> <FuncUnit> <Opcode : 'add' 'sub'> <InPorts = 2> <OutPorts = 1>
ST_1 : Operation 21 [1/1] (0.00ns) (grouped into TernaryAdder)   --->   "%add_ln328_2 = add i44 %add_ln328_1, i44 %add_ln328" [include/fp_math_hls.h:328]   --->   Operation 21 'add' 'add_ln328_2' <Predicate = true> <Delay = 0.00> <CoreInst = "TAddSub">   --->   Core 10 'TAddSub' <Latency = 0> <II = 1> <Delay = 0.38> <IPBlock> <Opcode : 'add' 'sub'> <InPorts = 3> <OutPorts = 1> <Sync> <CReg>
ST_1 : Operation 22 [1/1] (0.00ns) (grouped into TernaryAdder)   --->   "%add_ln328_3 = add i44 %a4_read, i44 %a5_read" [include/fp_math_hls.h:328]   --->   Operation 22 'add' 'add_ln328_3' <Predicate = true> <Delay = 0.00> <CoreInst = "TAddSub">   --->   Core 10 'TAddSub' <Latency = 0> <II = 1> <Delay = 0.38> <IPBlock> <Opcode : 'add' 'sub'> <InPorts = 3> <OutPorts = 1> <Sync> <CReg>
ST_1 : Operation 23 [1/1] (1.06ns)   --->   "%add_ln328_4 = add i44 %a6_read, i44 %a7_read" [include/fp_math_hls.h:328]   --->   Operation 23 'add' 'add_ln328_4' <Predicate = true> <Delay = 1.06> <CoreInst = "Adder">   --->   Core 1 'Adder' <Latency = 0> <II = 1> <Delay = 1.06> <FuncUnit> <Opcode : 'add' 'sub'> <InPorts = 2> <OutPorts = 1>
ST_1 : Operation 24 [1/1] (0.76ns) (root node of TernaryAdder)   --->   "%add_ln328_5 = add i44 %add_ln328_4, i44 %add_ln328_3" [include/fp_math_hls.h:328]   --->   Operation 24 'add' 'add_ln328_5' <Predicate = true> <Delay = 0.76> <CoreInst = "TAddSub">   --->   Core 10 'TAddSub' <Latency = 0> <II = 1> <Delay = 0.38> <IPBlock> <Opcode : 'add' 'sub'> <InPorts = 3> <OutPorts = 1> <Sync> <CReg>
ST_1 : Operation 25 [1/1] (0.76ns) (root node of TernaryAdder)   --->   "%add_ln328_6 = add i44 %add_ln328_5, i44 %add_ln328_2" [include/fp_math_hls.h:328]   --->   Operation 25 'add' 'add_ln328_6' <Predicate = true> <Delay = 0.76> <CoreInst = "TAddSub">   --->   Core 10 'TAddSub' <Latency = 0> <II = 1> <Delay = 0.38> <IPBlock> <Opcode : 'add' 'sub'> <InPorts = 3> <OutPorts = 1> <Sync> <CReg>
ST_1 : Operation 26 [1/1] (0.00ns)   --->   "%ret_ln329 = ret i44 %add_ln328_6" [include/fp_math_hls.h:329]   --->   Operation 26 'ret' 'ret_ln329' <Predicate = true> <Delay = 0.00>


============================================================
+ Verbose Summary: Timing violations
============================================================
Target clock period: 5.000ns, clock uncertainty: 0.500ns.

 <State 1>: 2.586ns
The critical path consists of the following:
	wire read operation ('a7_read', include/fp_math_hls.h:307) on port 'a7' (include/fp_math_hls.h:307) [18]  (0.000 ns)
	'add' operation 44 bit ('add_ln328_4', include/fp_math_hls.h:328) [30]  (1.062 ns)
	'add' operation 44 bit ('add_ln328_5', include/fp_math_hls.h:328) [31]  (0.762 ns)
	'add' operation 44 bit ('add_ln328_6', include/fp_math_hls.h:328) [32]  (0.762 ns)


============================================================
+ Verbose Summary: Binding
============================================================
N/A
* FSMD analyzer results:
  - Output states:
 - Input state : 
  - Chain level:
	State 1


============================================================
+ Verbose Summary: Datapath Resource usage 
============================================================
N/A
