

================================================================
== Vitis HLS Report for 'sum8_P_MIX_raw'
================================================================
* Date:           Thu Jun 11 17:48:31 2026

* Version:        2025.2 (Build 6295257 on Nov 14 2025)
* Project:        mpc_fpga_top_opencl
* Solution:       hls (Vitis Kernel Flow Target)
* Product family: zynquplus
* Target device:  xck26-sfvc784-2LV-c


================================================================
== Performance Estimates
================================================================
+ Timing: 
    * Summary: 
    +--------+---------+----------+------------+
    |  Clock |  Target | Estimated| Uncertainty|
    +--------+---------+----------+------------+
    |ap_clk  |  5.00 ns|  2.551 ns|     0.50 ns|
    +--------+---------+----------+------------+

+ Latency: 
    * Summary: 
    +---------+---------+----------+----------+-----+-----+---------+
    |  Latency (cycles) |  Latency (absolute) |  Interval | Pipeline|
    |   min   |   max   |    min   |    max   | min | max |   Type  |
    +---------+---------+----------+----------+-----+-----+---------+
    |        0|        0|      0 ns|      0 ns|    1|    1|      yes|
    +---------+---------+----------+----------+-----+-----+---------+

    + Detail: 
        * Instance: 
        N/A

        * Loop: 
        N/A

============================================================
+ Verbose Summary: Synthesis Manager
============================================================
InlineROM: 1
ExposeGlobal: 0
============================================================
+ Verbose Summary: CDFG Model
============================================================
IsTopModel: 0
ResetActiveHigh: 1
IsCombinational: 0
IsDatapathOnly: 0
HasWiredReturn: 1
HasMFsm: 2
HasVarLatency: 0
IsPipeline: 1
IsRtlPipelined: 0
IsInstanceOverlapped: 0
IsDontTouch: 0
HasImplIP: 0
IsGatedGlobalClock: 0

+ Individual pipeline summary: 
  * Pipeline-0: initiation interval (II) = 1, depth = 1


============================================================
+ Verbose Summary: Schedule
============================================================
* Number of FSM states : 1
* Pipeline : 1
  Pipeline-0 : II = 1, D = 1, States = { 1 }
* Dataflow Pipeline: 0

* FSM state transitions: 
1 --> 

* FSM state operations: 

State 1 <SV = 0> <Delay = 2.55>
ST_1 : Operation 2 [1/1] (0.00ns)   --->   "%a7_read = read i44 @_ssdm_op_Read.ap_auto.i44, i44 %a7" [include/fp_math_hls.h:214]   --->   Operation 2 'read' 'a7_read' <Predicate = true> <Delay = 0.00>
ST_1 : Operation 3 [1/1] (0.00ns)   --->   "%a6_read = read i44 @_ssdm_op_Read.ap_auto.i44, i44 %a6" [include/fp_math_hls.h:214]   --->   Operation 3 'read' 'a6_read' <Predicate = true> <Delay = 0.00>
ST_1 : Operation 4 [1/1] (0.00ns)   --->   "%a5_read = read i41 @_ssdm_op_Read.ap_auto.i41, i41 %a5" [include/fp_math_hls.h:214]   --->   Operation 4 'read' 'a5_read' <Predicate = true> <Delay = 0.00>
ST_1 : Operation 5 [1/1] (0.00ns)   --->   "%a4_read = read i41 @_ssdm_op_Read.ap_auto.i41, i41 %a4" [include/fp_math_hls.h:214]   --->   Operation 5 'read' 'a4_read' <Predicate = true> <Delay = 0.00>
ST_1 : Operation 6 [1/1] (0.00ns)   --->   "%a3_read = read i41 @_ssdm_op_Read.ap_auto.i41, i41 %a3" [include/fp_math_hls.h:214]   --->   Operation 6 'read' 'a3_read' <Predicate = true> <Delay = 0.00>
ST_1 : Operation 7 [1/1] (0.00ns)   --->   "%a2_read = read i41 @_ssdm_op_Read.ap_auto.i41, i41 %a2" [include/fp_math_hls.h:214]   --->   Operation 7 'read' 'a2_read' <Predicate = true> <Delay = 0.00>
ST_1 : Operation 8 [1/1] (0.00ns)   --->   "%a1_read = read i41 @_ssdm_op_Read.ap_auto.i41, i41 %a1" [include/fp_math_hls.h:214]   --->   Operation 8 'read' 'a1_read' <Predicate = true> <Delay = 0.00>
ST_1 : Operation 9 [1/1] (0.00ns)   --->   "%a0_read = read i41 @_ssdm_op_Read.ap_auto.i41, i41 %a0" [include/fp_math_hls.h:214]   --->   Operation 9 'read' 'a0_read' <Predicate = true> <Delay = 0.00>
ST_1 : Operation 10 [1/1] (0.00ns)   --->   "%specpipeline_ln214 = specpipeline void @_ssdm_op_SpecPipeline, i32 1, i32 0, i32 0, i32 0, i32 4294967295, void @empty_524" [include/fp_math_hls.h:214]   --->   Operation 10 'specpipeline' 'specpipeline_ln214' <Predicate = true> <Delay = 0.00>
ST_1 : Operation 11 [1/1] (0.00ns)   --->   "%trunc_ln224 = trunc i44 %a6_read" [include/fp_math_hls.h:224]   --->   Operation 11 'trunc' 'trunc_ln224' <Predicate = true> <Delay = 0.00>
ST_1 : Operation 12 [1/1] (0.00ns)   --->   "%trunc_ln224_1 = trunc i44 %a7_read" [include/fp_math_hls.h:224]   --->   Operation 12 'trunc' 'trunc_ln224_1' <Predicate = true> <Delay = 0.00>
ST_1 : Operation 13 [1/1] (1.04ns)   --->   "%add_ln233 = add i41 %a3_read, i41 %a2_read" [include/fp_math_hls.h:233]   --->   Operation 13 'add' 'add_ln233' <Predicate = true> <Delay = 1.04> <CoreInst = "Adder">   --->   Core 1 'Adder' <Latency = 0> <II = 1> <Delay = 1.04> <FuncUnit> <Opcode : 'add' 'sub'> <InPorts = 2> <OutPorts = 1>
ST_1 : Operation 14 [1/1] (1.04ns)   --->   "%add_ln233_1 = add i41 %a0_read, i41 %a1_read" [include/fp_math_hls.h:233]   --->   Operation 14 'add' 'add_ln233_1' <Predicate = true> <Delay = 1.04> <CoreInst = "Adder">   --->   Core 1 'Adder' <Latency = 0> <II = 1> <Delay = 1.04> <FuncUnit> <Opcode : 'add' 'sub'> <InPorts = 2> <OutPorts = 1>
ST_1 : Operation 15 [1/1] (0.00ns) (grouped into TernaryAdder)   --->   "%add_ln233_2 = add i41 %add_ln233_1, i41 %add_ln233" [include/fp_math_hls.h:233]   --->   Operation 15 'add' 'add_ln233_2' <Predicate = true> <Delay = 0.00> <CoreInst = "TAddSub">   --->   Core 10 'TAddSub' <Latency = 0> <II = 1> <Delay = 0.37> <IPBlock> <Opcode : 'add' 'sub'> <InPorts = 3> <OutPorts = 1> <Sync> <CReg>
ST_1 : Operation 16 [1/1] (0.00ns) (grouped into TernaryAdder)   --->   "%add_ln233_3 = add i41 %a4_read, i41 %a5_read" [include/fp_math_hls.h:233]   --->   Operation 16 'add' 'add_ln233_3' <Predicate = true> <Delay = 0.00> <CoreInst = "TAddSub">   --->   Core 10 'TAddSub' <Latency = 0> <II = 1> <Delay = 0.37> <IPBlock> <Opcode : 'add' 'sub'> <InPorts = 3> <OutPorts = 1> <Sync> <CReg>
ST_1 : Operation 17 [1/1] (1.04ns)   --->   "%add_ln233_4 = add i41 %trunc_ln224, i41 %trunc_ln224_1" [include/fp_math_hls.h:233]   --->   Operation 17 'add' 'add_ln233_4' <Predicate = true> <Delay = 1.04> <CoreInst = "Adder">   --->   Core 1 'Adder' <Latency = 0> <II = 1> <Delay = 1.04> <FuncUnit> <Opcode : 'add' 'sub'> <InPorts = 2> <OutPorts = 1>
ST_1 : Operation 18 [1/1] (0.75ns) (root node of TernaryAdder)   --->   "%add_ln233_5 = add i41 %add_ln233_4, i41 %add_ln233_3" [include/fp_math_hls.h:233]   --->   Operation 18 'add' 'add_ln233_5' <Predicate = true> <Delay = 0.75> <CoreInst = "TAddSub">   --->   Core 10 'TAddSub' <Latency = 0> <II = 1> <Delay = 0.37> <IPBlock> <Opcode : 'add' 'sub'> <InPorts = 3> <OutPorts = 1> <Sync> <CReg>
ST_1 : Operation 19 [1/1] (0.75ns) (root node of TernaryAdder)   --->   "%add_ln234 = add i41 %add_ln233_5, i41 %add_ln233_2" [include/fp_math_hls.h:234]   --->   Operation 19 'add' 'add_ln234' <Predicate = true> <Delay = 0.75> <CoreInst = "TAddSub">   --->   Core 10 'TAddSub' <Latency = 0> <II = 1> <Delay = 0.37> <IPBlock> <Opcode : 'add' 'sub'> <InPorts = 3> <OutPorts = 1> <Sync> <CReg>
ST_1 : Operation 20 [1/1] (0.00ns)   --->   "%ret_ln234 = ret i41 %add_ln234" [include/fp_math_hls.h:234]   --->   Operation 20 'ret' 'ret_ln234' <Predicate = true> <Delay = 0.00>


============================================================
+ Verbose Summary: Timing violations
============================================================
Target clock period: 5.000ns, clock uncertainty: 0.500ns.

 <State 1>: 2.551ns
The critical path consists of the following:
	wire read operation ('a7_read', include/fp_math_hls.h:214) on port 'a7' (include/fp_math_hls.h:214) [9]  (0.000 ns)
	'add' operation 41 bit ('add_ln233_4', include/fp_math_hls.h:233) [24]  (1.041 ns)
	'add' operation 41 bit ('add_ln233_5', include/fp_math_hls.h:233) [25]  (0.755 ns)
	'add' operation 41 bit ('add_ln234', include/fp_math_hls.h:234) [26]  (0.755 ns)


============================================================
+ Verbose Summary: Binding
============================================================
N/A
* FSMD analyzer results:
  - Output states:
 - Input state : 
  - Chain level:
	State 1


============================================================
+ Verbose Summary: Datapath Resource usage 
============================================================
N/A
