

================================================================
== Vitis HLS Report for 'affine_b0_term_hls'
================================================================
* Date:           Thu May 21 15:23:09 2026

* Version:        2025.2 (Build 6295257 on Nov 14 2025)
* Project:        mpc_fpga_top_opencl
* Solution:       hls (Vitis Kernel Flow Target)
* Product family: zynquplus
* Target device:  xck26-sfvc784-2LV-c


================================================================
== Performance Estimates
================================================================
+ Timing: 
    * Summary: 
    +--------+---------+----------+------------+
    |  Clock |  Target | Estimated| Uncertainty|
    +--------+---------+----------+------------+
    |ap_clk  |  5.00 ns|  2.291 ns|     0.50 ns|
    +--------+---------+----------+------------+

+ Latency: 
    * Summary: 
    +---------+---------+-----------+-----------+-----+-----+---------+
    |  Latency (cycles) |   Latency (absolute)  |  Interval | Pipeline|
    |   min   |   max   |    min    |    max    | min | max |   Type  |
    +---------+---------+-----------+-----------+-----+-----+---------+
    |        3|        3|  15.000 ns|  15.000 ns|    4|    4|      yes|
    +---------+---------+-----------+-----------+-----+-----+---------+

    + Detail: 
        * Instance: 
        N/A

        * Loop: 
        N/A



================================================================
== Utilization Estimates
================================================================
* Summary: 
+-----------------+---------+------+--------+--------+-----+
|       Name      | BRAM_18K|  DSP |   FF   |   LUT  | URAM|
+-----------------+---------+------+--------+--------+-----+
|DSP              |        -|     -|       -|       -|    -|
|Expression       |        -|     -|       -|       -|    -|
|FIFO             |        -|     -|       -|       -|    -|
|Instance         |        -|     2|      98|      47|    -|
|Memory           |        -|     -|       -|       -|    -|
|Multiplexer      |        -|     -|       0|      26|    -|
|Register         |        -|     -|       4|       -|    -|
+-----------------+---------+------+--------+--------+-----+
|Total            |        0|     2|     102|      73|    0|
+-----------------+---------+------+--------+--------+-----+
|Available        |      288|  1248|  234240|  117120|   64|
+-----------------+---------+------+--------+--------+-----+
|Utilization (%)  |        0|    ~0|      ~0|      ~0|    0|
+-----------------+---------+------+--------+--------+-----+

+ Detail: 
    * Instance: 
    +-------------------------+--------------------+---------+----+----+----+-----+
    |         Instance        |       Module       | BRAM_18K| DSP| FF | LUT| URAM|
    +-------------------------+--------------------+---------+----+----+----+-----+
    |mul_18s_32s_50_4_1_U546  |mul_18s_32s_50_4_1  |        0|   2|  98|  47|    0|
    +-------------------------+--------------------+---------+----+----+----+-----+
    |Total                    |                    |        0|   2|  98|  47|    0|
    +-------------------------+--------------------+---------+----+----+----+-----+

    * DSP: 
    N/A

    * Memory: 
    N/A

    * FIFO: 
    N/A

    * Expression: 
    N/A

    * Multiplexer: 
    +-----------+----+-----------+-----+-----------+
    |    Name   | LUT| Input Size| Bits| Total Bits|
    +-----------+----+-----------+-----+-----------+
    |ap_NS_fsm  |  26|          5|    1|          5|
    +-----------+----+-----------+-----+-----------+
    |Total      |  26|          5|    1|          5|
    +-----------+----+-----------+-----+-----------+

    * Register: 
    +-----------+---+----+-----+-----------+
    |    Name   | FF| LUT| Bits| Const Bits|
    +-----------+---+----+-----+-----------+
    |ap_CS_fsm  |  4|   0|    4|          0|
    +-----------+---+----+-----+-----------+
    |Total      |  4|   0|    4|          0|
    +-----------+---+----+-----+-----------+



================================================================
== Interface
================================================================
* Summary: 
+-----------------+-----+-----+------------+--------------------+--------------+
|    RTL Ports    | Dir | Bits|  Protocol  |    Source Object   |    C Type    |
+-----------------+-----+-----+------------+--------------------+--------------+
|ap_clk           |   in|    1|  ap_ctrl_hs|  affine_b0_term_hls|  return value|
|ap_rst           |   in|    1|  ap_ctrl_hs|  affine_b0_term_hls|  return value|
|ap_start         |   in|    1|  ap_ctrl_hs|  affine_b0_term_hls|  return value|
|ap_done          |  out|    1|  ap_ctrl_hs|  affine_b0_term_hls|  return value|
|ap_idle          |  out|    1|  ap_ctrl_hs|  affine_b0_term_hls|  return value|
|ap_ready         |  out|    1|  ap_ctrl_hs|  affine_b0_term_hls|  return value|
|ap_return        |  out|   25|  ap_ctrl_hs|  affine_b0_term_hls|  return value|
|ap_ce            |   in|    1|  ap_ctrl_hs|  affine_b0_term_hls|  return value|
|b0_coeff_raw     |   in|   32|     ap_none|        b0_coeff_raw|        scalar|
|lin_delta_k_raw  |   in|   18|     ap_none|     lin_delta_k_raw|        scalar|
+-----------------+-----+-----+------------+--------------------+--------------+

