

================================================================
== Vitis HLS Report for 'compute_frenet_AB_and_next_hls'
================================================================
* Date:           Thu May 21 15:23:09 2026

* Version:        2025.2 (Build 6295257 on Nov 14 2025)
* Project:        mpc_fpga_top_opencl
* Solution:       hls (Vitis Kernel Flow Target)
* Product family: zynquplus
* Target device:  xck26-sfvc784-2LV-c


================================================================
== Performance Estimates
================================================================
+ Timing: 
    * Summary: 
    +--------+---------+----------+------------+
    |  Clock |  Target | Estimated| Uncertainty|
    +--------+---------+----------+------------+
    |ap_clk  |  5.00 ns|  4.433 ns|     0.50 ns|
    +--------+---------+----------+------------+

+ Latency: 
    * Summary: 
    +---------+---------+----------+----------+-----+-----+---------+
    |  Latency (cycles) |  Latency (absolute) |  Interval | Pipeline|
    |   min   |   max   |    min   |    max   | min | max |   Type  |
    +---------+---------+----------+----------+-----+-----+---------+
    |       99|       99|  0.495 us|  0.495 us|  100|  100|      yes|
    +---------+---------+----------+----------+-----+-----+---------+

    + Detail: 
        * Instance: 
        +---------------------------------+-----------------------+---------+---------+----------+----------+-----+-----+---------+
        |                                 |                       |  Latency (cycles) |  Latency (absolute) |  Interval | Pipeline|
        |             Instance            |         Module        |   min   |   max   |    min   |    max   | min | max |   Type  |
        +---------------------------------+-----------------------+---------+---------+----------+----------+-----+-----+---------+
        |grp_compute_frenet_AB_hls_fu_78  |compute_frenet_AB_hls  |       99|       99|  0.495 us|  0.495 us|  100|  100|      yes|
        +---------------------------------+-----------------------+---------+---------+----------+----------+-----+-----+---------+

        * Loop: 
        N/A



================================================================
== Utilization Estimates
================================================================
* Summary: 
+-----------------+---------+------+--------+--------+-----+
|       Name      | BRAM_18K|  DSP |   FF   |   LUT  | URAM|
+-----------------+---------+------+--------+--------+-----+
|DSP              |        -|     -|       -|       -|    -|
|Expression       |        -|     -|       -|       -|    -|
|FIFO             |        -|     -|       -|       -|    -|
|Instance         |       30|   168|   27535|   28683|    -|
|Memory           |        -|     -|       -|       -|    -|
|Multiplexer      |        -|     -|       0|     503|    -|
|Register         |        -|     -|     100|       -|    -|
+-----------------+---------+------+--------+--------+-----+
|Total            |       30|   168|   27635|   29186|    0|
+-----------------+---------+------+--------+--------+-----+
|Available        |      288|  1248|  234240|  117120|   64|
+-----------------+---------+------+--------+--------+-----+
|Utilization (%)  |       10|    13|      11|      24|    0|
+-----------------+---------+------+--------+--------+-----+

+ Detail: 
    * Instance: 
    +---------------------------------+-----------------------+---------+-----+-------+-------+-----+
    |             Instance            |         Module        | BRAM_18K| DSP |   FF  |  LUT  | URAM|
    +---------------------------------+-----------------------+---------+-----+-------+-------+-----+
    |grp_compute_frenet_AB_hls_fu_78  |compute_frenet_AB_hls  |       30|  168|  27535|  28683|    0|
    +---------------------------------+-----------------------+---------+-----+-------+-------+-----+
    |Total                            |                       |       30|  168|  27535|  28683|    0|
    +---------------------------------+-----------------------+---------+-----+-------+-------+-----+

    * DSP: 
    N/A

    * Memory: 
    N/A

    * FIFO: 
    N/A

    * Expression: 
    N/A

    * Multiplexer: 
    +-----------+-----+-----------+-----+-----------+
    |    Name   | LUT | Input Size| Bits| Total Bits|
    +-----------+-----+-----------+-----+-----------+
    |ap_NS_fsm  |  503|        101|    1|        101|
    +-----------+-----+-----------+-----+-----------+
    |Total      |  503|        101|    1|        101|
    +-----------+-----+-----------+-----+-----------+

    * Register: 
    +-----------+-----+----+-----+-----------+
    |    Name   |  FF | LUT| Bits| Const Bits|
    +-----------+-----+----+-----+-----------+
    |ap_CS_fsm  |  100|   0|  100|          0|
    +-----------+-----+----+-----+-----------+
    |Total      |  100|   0|  100|          0|
    +-----------+-----+----+-----+-----------+



================================================================
== Interface
================================================================
* Summary: 
+--------------+-----+-----+------------+--------------------------------+--------------+
|   RTL Ports  | Dir | Bits|  Protocol  |          Source Object         |    C Type    |
+--------------+-----+-----+------------+--------------------------------+--------------+
|ap_clk        |   in|    1|  ap_ctrl_hs|  compute_frenet_AB_and_next_hls|  return value|
|ap_rst        |   in|    1|  ap_ctrl_hs|  compute_frenet_AB_and_next_hls|  return value|
|ap_start      |   in|    1|  ap_ctrl_hs|  compute_frenet_AB_and_next_hls|  return value|
|ap_done       |  out|    1|  ap_ctrl_hs|  compute_frenet_AB_and_next_hls|  return value|
|ap_idle       |  out|    1|  ap_ctrl_hs|  compute_frenet_AB_and_next_hls|  return value|
|ap_ready      |  out|    1|  ap_ctrl_hs|  compute_frenet_AB_and_next_hls|  return value|
|ap_return_0   |  out|   32|  ap_ctrl_hs|  compute_frenet_AB_and_next_hls|  return value|
|ap_return_1   |  out|   32|  ap_ctrl_hs|  compute_frenet_AB_and_next_hls|  return value|
|ap_return_2   |  out|   32|  ap_ctrl_hs|  compute_frenet_AB_and_next_hls|  return value|
|ap_return_3   |  out|   32|  ap_ctrl_hs|  compute_frenet_AB_and_next_hls|  return value|
|ap_return_4   |  out|   32|  ap_ctrl_hs|  compute_frenet_AB_and_next_hls|  return value|
|ap_return_5   |  out|   32|  ap_ctrl_hs|  compute_frenet_AB_and_next_hls|  return value|
|ap_return_6   |  out|   32|  ap_ctrl_hs|  compute_frenet_AB_and_next_hls|  return value|
|ap_return_7   |  out|   32|  ap_ctrl_hs|  compute_frenet_AB_and_next_hls|  return value|
|ap_return_8   |  out|   32|  ap_ctrl_hs|  compute_frenet_AB_and_next_hls|  return value|
|ap_return_9   |  out|   32|  ap_ctrl_hs|  compute_frenet_AB_and_next_hls|  return value|
|ap_return_10  |  out|   32|  ap_ctrl_hs|  compute_frenet_AB_and_next_hls|  return value|
|ap_return_11  |  out|   32|  ap_ctrl_hs|  compute_frenet_AB_and_next_hls|  return value|
|ap_return_12  |  out|   32|  ap_ctrl_hs|  compute_frenet_AB_and_next_hls|  return value|
|ap_return_13  |  out|   32|  ap_ctrl_hs|  compute_frenet_AB_and_next_hls|  return value|
|ap_return_14  |  out|   32|  ap_ctrl_hs|  compute_frenet_AB_and_next_hls|  return value|
|ap_return_15  |  out|   32|  ap_ctrl_hs|  compute_frenet_AB_and_next_hls|  return value|
|ap_return_16  |  out|   32|  ap_ctrl_hs|  compute_frenet_AB_and_next_hls|  return value|
|ap_return_17  |  out|   32|  ap_ctrl_hs|  compute_frenet_AB_and_next_hls|  return value|
|ap_return_18  |  out|   32|  ap_ctrl_hs|  compute_frenet_AB_and_next_hls|  return value|
|ap_return_19  |  out|   32|  ap_ctrl_hs|  compute_frenet_AB_and_next_hls|  return value|
|ap_return_20  |  out|   32|  ap_ctrl_hs|  compute_frenet_AB_and_next_hls|  return value|
|ap_return_21  |  out|   32|  ap_ctrl_hs|  compute_frenet_AB_and_next_hls|  return value|
|ap_return_22  |  out|   32|  ap_ctrl_hs|  compute_frenet_AB_and_next_hls|  return value|
|ap_return_23  |  out|   32|  ap_ctrl_hs|  compute_frenet_AB_and_next_hls|  return value|
|ap_return_24  |  out|   32|  ap_ctrl_hs|  compute_frenet_AB_and_next_hls|  return value|
|ap_return_25  |  out|   32|  ap_ctrl_hs|  compute_frenet_AB_and_next_hls|  return value|
|ap_return_26  |  out|   32|  ap_ctrl_hs|  compute_frenet_AB_and_next_hls|  return value|
|ap_return_27  |  out|   32|  ap_ctrl_hs|  compute_frenet_AB_and_next_hls|  return value|
|ap_return_28  |  out|   32|  ap_ctrl_hs|  compute_frenet_AB_and_next_hls|  return value|
|ap_return_29  |  out|   32|  ap_ctrl_hs|  compute_frenet_AB_and_next_hls|  return value|
|ap_return_30  |  out|   32|  ap_ctrl_hs|  compute_frenet_AB_and_next_hls|  return value|
|ap_return_31  |  out|   32|  ap_ctrl_hs|  compute_frenet_AB_and_next_hls|  return value|
|ap_return_32  |  out|   32|  ap_ctrl_hs|  compute_frenet_AB_and_next_hls|  return value|
|ap_return_33  |  out|   32|  ap_ctrl_hs|  compute_frenet_AB_and_next_hls|  return value|
|ap_return_34  |  out|   32|  ap_ctrl_hs|  compute_frenet_AB_and_next_hls|  return value|
|ap_return_35  |  out|   32|  ap_ctrl_hs|  compute_frenet_AB_and_next_hls|  return value|
|ap_return_36  |  out|   32|  ap_ctrl_hs|  compute_frenet_AB_and_next_hls|  return value|
|ap_return_37  |  out|   32|  ap_ctrl_hs|  compute_frenet_AB_and_next_hls|  return value|
|ap_return_38  |  out|   32|  ap_ctrl_hs|  compute_frenet_AB_and_next_hls|  return value|
|ap_return_39  |  out|   32|  ap_ctrl_hs|  compute_frenet_AB_and_next_hls|  return value|
|ey            |   in|   27|     ap_none|                              ey|        scalar|
|epsi          |   in|   27|     ap_none|                            epsi|        scalar|
|vx            |   in|   27|     ap_none|                              vx|        scalar|
|vy            |   in|   27|     ap_none|                              vy|        scalar|
|omega         |   in|   27|     ap_none|                           omega|        scalar|
|delta         |   in|   18|     ap_none|                           delta|        scalar|
|a_cmd         |   in|   27|     ap_none|                           a_cmd|        scalar|
|kappa         |   in|   27|     ap_none|                           kappa|        scalar|
+--------------+-----+-----+------------+--------------------------------+--------------+

