

================================================================
== Vitis HLS Report for 'compute_B_steering'
================================================================
* Date:           Thu May 21 15:23:09 2026

* Version:        2025.2 (Build 6295257 on Nov 14 2025)
* Project:        mpc_fpga_top_opencl
* Solution:       hls (Vitis Kernel Flow Target)
* Product family: zynquplus
* Target device:  xck26-sfvc784-2LV-c


================================================================
== Performance Estimates
================================================================
+ Timing: 
    * Summary: 
    +--------+---------+----------+------------+
    |  Clock |  Target | Estimated| Uncertainty|
    +--------+---------+----------+------------+
    |ap_clk  |  5.00 ns|  3.563 ns|     0.50 ns|
    +--------+---------+----------+------------+

+ Latency: 
    * Summary: 
    +---------+---------+-----------+-----------+-----+-----+---------+
    |  Latency (cycles) |   Latency (absolute)  |  Interval | Pipeline|
    |   min   |   max   |    min    |    max    | min | max |   Type  |
    +---------+---------+-----------+-----------+-----+-----+---------+
    |       13|       13|  65.000 ns|  65.000 ns|   14|   14|      yes|
    +---------+---------+-----------+-----------+-----+-----+---------+

    + Detail: 
        * Instance: 
        N/A

        * Loop: 
        N/A



================================================================
== Utilization Estimates
================================================================
* Summary: 
+-----------------+---------+------+--------+--------+-----+
|       Name      | BRAM_18K|  DSP |   FF   |   LUT  | URAM|
+-----------------+---------+------+--------+--------+-----+
|DSP              |        -|     2|       -|       -|    -|
|Expression       |        -|     -|       0|     190|    -|
|FIFO             |        -|     -|       -|       -|    -|
|Instance         |        -|     7|     366|     174|    -|
|Memory           |        -|     -|       -|       -|    -|
|Multiplexer      |        -|     -|       0|     127|    -|
|Register         |        -|     -|     580|       -|    -|
+-----------------+---------+------+--------+--------+-----+
|Total            |        0|     9|     946|     491|    0|
+-----------------+---------+------+--------+--------+-----+
|Available        |      288|  1248|  234240|  117120|   64|
+-----------------+---------+------+--------+--------+-----+
|Utilization (%)  |        0|    ~0|      ~0|      ~0|    0|
+-----------------+---------+------+--------+--------+-----+

+ Detail: 
    * Instance: 
    +---------------------------+----------------------+---------+----+----+----+-----+
    |          Instance         |        Module        | BRAM_18K| DSP| FF | LUT| URAM|
    +---------------------------+----------------------+---------+----+----+----+-----+
    |mul_26s_12ns_38_4_1_U486   |mul_26s_12ns_38_4_1   |        0|   1|  61|  29|    0|
    |mul_26s_12ns_38_4_1_U487   |mul_26s_12ns_38_4_1   |        0|   1|  61|  29|    0|
    |mul_26s_12ns_38_4_1_U488   |mul_26s_12ns_38_4_1   |        0|   1|  61|  29|    0|
    |mul_26s_12s_38_4_1_U489    |mul_26s_12s_38_4_1    |        0|   1|  61|  29|    0|
    |mul_26s_12s_38_4_1_U490    |mul_26s_12s_38_4_1    |        0|   1|  61|  29|    0|
    |mul_26s_26s_43_4_1_x_U485  |mul_26s_26s_43_4_1_x  |        0|   2|  61|  29|    0|
    +---------------------------+----------------------+---------+----+----+----+-----+
    |Total                      |                      |        0|   7| 366| 174|    0|
    +---------------------------+----------------------+---------+----+----+----+-----+

    * DSP: 
    +------------------------------------+-------------------------------+----------------+
    |              Instance              |             Module            |   Expression   |
    +------------------------------------+-------------------------------+----------------+
    |am_submul_26s_26s_15ns_42_4_1_U491  |am_submul_26s_26s_15ns_42_4_1  |  (i0 - i1) * i2|
    |am_submul_26s_26s_15ns_42_4_1_U492  |am_submul_26s_26s_15ns_42_4_1  |  (i0 - i1) * i2|
    +------------------------------------+-------------------------------+----------------+

    * Memory: 
    N/A

    * FIFO: 
    N/A

    * Expression: 
    +-------------------------+----------+----+---+----+------------+------------+
    |      Variable Name      | Operation| DSP| FF| LUT| Bitwidth P0| Bitwidth P1|
    +-------------------------+----------+----+---+----+------------+------------+
    |value_246_fu_164_p2      |         +|   0|  0|  33|          26|          26|
    |value_fu_158_p2          |         +|   0|  0|  33|          26|          26|
    |sub_ln518_fu_261_p2      |         -|   0|  0|  29|          22|          22|
    |use_front_raw_fu_128_p2  |      icmp|   0|  0|  33|          26|          26|
    |select_ln512_fu_296_p3   |    select|   0|  0|  19|           1|          20|
    |select_ln518_fu_250_p3   |    select|   0|  0|  19|           1|          20|
    |select_ln524_fu_318_p3   |    select|   0|  0|  24|           1|          24|
    +-------------------------+----------+----+---+----+------------+------------+
    |Total                    |          |   0|  0| 190|         103|         164|
    +-------------------------+----------+----+---+----+------------+------------+

    * Multiplexer: 
    +---------------+----+-----------+-----+-----------+
    |      Name     | LUT| Input Size| Bits| Total Bits|
    +---------------+----+-----------+-----+-----------+
    |ap_NS_fsm      |  65|         15|    1|         15|
    |grp_fu_106_p0  |  31|          6|   26|        156|
    |grp_fu_106_p1  |  31|          6|   26|        156|
    +---------------+----+-----------+-----+-----------+
    |Total          | 127|         27|   53|        327|
    +---------------+----+-----------+-----+-----------+

    * Register: 
    +------------------------------+----+----+-----+-----------+
    |             Name             | FF | LUT| Bits| Const Bits|
    +------------------------------+----+----+-----+-----------+
    |ap_CS_fsm                     |  14|   0|   14|          0|
    |ap_port_reg_tr_F_yf_val       |  26|   0|   26|          0|
    |ap_port_reg_tr_cos_delta_val  |  26|   0|   26|          0|
    |mul_ln671_71_reg_438          |  38|   0|   38|          0|
    |mul_ln671_72_reg_448          |  38|   0|   38|          0|
    |product_q_110_reg_422         |  26|   0|   26|          0|
    |reg_120                       |  26|   0|   26|          0|
    |reg_124                       |  26|   0|   26|          0|
    |sext_ln671_106_reg_379        |  43|   0|   43|          0|
    |sext_ln671_107_reg_385        |  43|   0|   43|          0|
    |sext_ln671_108_reg_391        |  43|   0|   43|          0|
    |sext_ln671_109_reg_397        |  43|   0|   43|          0|
    |sext_ln671_reg_374            |  43|   0|   43|          0|
    |sub_ln518_reg_453             |  22|   0|   22|          0|
    |tmp_13_reg_463                |  24|   0|   24|          0|
    |tmp_reg_458                   |  20|   0|   20|          0|
    |tr_C_min_f_val_read_reg_362   |  26|   0|   26|          0|
    |use_front_raw_reg_367         |   1|   0|    1|          0|
    |value_246_reg_407             |  26|   0|   26|          0|
    |value_reg_402                 |  26|   0|   26|          0|
    +------------------------------+----+----+-----+-----------+
    |Total                         | 580|   0|  580|          0|
    +------------------------------+----+----+-----+-----------+



================================================================
== Interface
================================================================
* Summary: 
+--------------------+-----+-----+------------+--------------------+--------------+
|      RTL Ports     | Dir | Bits|  Protocol  |    Source Object   |    C Type    |
+--------------------+-----+-----+------------+--------------------+--------------+
|ap_clk              |   in|    1|  ap_ctrl_hs|  compute_B_steering|  return value|
|ap_rst              |   in|    1|  ap_ctrl_hs|  compute_B_steering|  return value|
|ap_start            |   in|    1|  ap_ctrl_hs|  compute_B_steering|  return value|
|ap_done             |  out|    1|  ap_ctrl_hs|  compute_B_steering|  return value|
|ap_idle             |  out|    1|  ap_ctrl_hs|  compute_B_steering|  return value|
|ap_ready            |  out|    1|  ap_ctrl_hs|  compute_B_steering|  return value|
|ap_return_0         |  out|   26|  ap_ctrl_hs|  compute_B_steering|  return value|
|ap_return_1         |  out|   26|  ap_ctrl_hs|  compute_B_steering|  return value|
|ap_return_2         |  out|   26|  ap_ctrl_hs|  compute_B_steering|  return value|
|tr_C_eff_f_raw_val  |   in|   26|     ap_none|  tr_C_eff_f_raw_val|        scalar|
|tr_C_min_f_val      |   in|   26|     ap_none|      tr_C_min_f_val|        scalar|
|tr_F_yf_val         |   in|   26|     ap_none|         tr_F_yf_val|        scalar|
|tr_sin_delta_val    |   in|   26|     ap_none|    tr_sin_delta_val|        scalar|
|tr_cos_delta_val    |   in|   26|     ap_none|    tr_cos_delta_val|        scalar|
+--------------------+-----+-----+------------+--------------------+--------------+

