

================================================================
== Vitis HLS Report for 'compute_B_accel_load_transfer'
================================================================
* Date:           Thu May 21 15:23:09 2026

* Version:        2025.2 (Build 6295257 on Nov 14 2025)
* Project:        mpc_fpga_top_opencl
* Solution:       hls (Vitis Kernel Flow Target)
* Product family: zynquplus
* Target device:  xck26-sfvc784-2LV-c


================================================================
== Performance Estimates
================================================================
+ Timing: 
    * Summary: 
    +--------+---------+----------+------------+
    |  Clock |  Target | Estimated| Uncertainty|
    +--------+---------+----------+------------+
    |ap_clk  |  5.00 ns|  4.351 ns|     0.50 ns|
    +--------+---------+----------+------------+

+ Latency: 
    * Summary: 
    +---------+---------+----------+----------+-----+-----+---------+
    |  Latency (cycles) |  Latency (absolute) |  Interval | Pipeline|
    |   min   |   max   |    min   |    max   | min | max |   Type  |
    +---------+---------+----------+----------+-----+-----+---------+
    |       25|       25|  0.125 us|  0.125 us|   26|   26|      yes|
    +---------+---------+----------+----------+-----+-----+---------+

    + Detail: 
        * Instance: 
        +------------------------+-------------+---------+---------+-----------+-----------+-----+-----+---------+
        |                        |             |  Latency (cycles) |   Latency (absolute)  |  Interval | Pipeline|
        |        Instance        |    Module   |   min   |   max   |    min    |    max    | min | max |   Type  |
        +------------------------+-------------+---------+---------+-----------+-----------+-----+-----+---------+
        |grp_fp_recip_fn_fu_140  |fp_recip_fn  |        6|        6|  30.000 ns|  30.000 ns|    1|    1|      yes|
        +------------------------+-------------+---------+---------+-----------+-----------+-----+-----+---------+

        * Loop: 
        N/A



================================================================
== Utilization Estimates
================================================================
* Summary: 
+-----------------+---------+------+--------+--------+-----+
|       Name      | BRAM_18K|  DSP |   FF   |   LUT  | URAM|
+-----------------+---------+------+--------+--------+-----+
|DSP              |        -|     2|       -|       -|    -|
|Expression       |        -|     -|       0|     174|    -|
|FIFO             |        -|     -|       -|       -|    -|
|Instance         |        1|    13|    2582|    2971|    -|
|Memory           |        -|     -|       -|       -|    -|
|Multiplexer      |        -|     -|       0|     239|    -|
|Register         |        -|     -|     574|       -|    -|
+-----------------+---------+------+--------+--------+-----+
|Total            |        1|    15|    3156|    3384|    0|
+-----------------+---------+------+--------+--------+-----+
|Available        |      288|  1248|  234240|  117120|   64|
+-----------------+---------+------+--------+--------+-----+
|Utilization (%)  |       ~0|     1|       1|       2|    0|
+-----------------+---------+------+--------+--------+-----+

+ Detail: 
    * Instance: 
    +---------------------------+----------------------+---------+----+------+------+-----+
    |          Instance         |        Module        | BRAM_18K| DSP|  FF  |  LUT | URAM|
    +---------------------------+----------------------+---------+----+------+------+-----+
    |grp_fp_recip_fn_fu_140     |fp_recip_fn           |        1|   1|  2033|  2710|    0|
    |mul_23s_26s_49_4_1_U500    |mul_23s_26s_49_4_1    |        0|   2|    61|    29|    0|
    |mul_26s_16ns_42_4_1_U507   |mul_26s_16ns_42_4_1   |        0|   1|    61|    29|    0|
    |mul_26s_16ns_42_4_1_U508   |mul_26s_16ns_42_4_1   |        0|   1|    61|    29|    0|
    |mul_26s_16s_42_4_1_U506    |mul_26s_16s_42_4_1    |        0|   1|    61|    29|    0|
    |mul_26s_18ns_44_4_1_U505   |mul_26s_18ns_44_4_1   |        0|   1|    61|    29|    0|
    |mul_26s_18s_44_4_1_U503    |mul_26s_18s_44_4_1    |        0|   1|    61|    29|    0|
    |mul_26s_18s_44_4_1_U504    |mul_26s_18s_44_4_1    |        0|   1|    61|    29|    0|
    |mul_26s_23s_49_4_1_U501    |mul_26s_23s_49_4_1    |        0|   2|    61|    29|    0|
    |mul_26s_26s_43_4_1_x_U502  |mul_26s_26s_43_4_1_x  |        0|   2|    61|    29|    0|
    +---------------------------+----------------------+---------+----+------+------+-----+
    |Total                      |                      |        1|  13|  2582|  2971|    0|
    +---------------------------+----------------------+---------+----+------+------+-----+

    * DSP: 
    +------------------------------------+-------------------------------+----------------+
    |              Instance              |             Module            |   Expression   |
    +------------------------------------+-------------------------------+----------------+
    |am_addmul_26s_26s_11ns_38_4_1_U509  |am_addmul_26s_26s_11ns_38_4_1  |  (i0 + i1) * i2|
    |am_addmul_26s_26s_11ns_38_4_1_U510  |am_addmul_26s_26s_11ns_38_4_1  |  (i0 + i1) * i2|
    +------------------------------------+-------------------------------+----------------+

    * Memory: 
    N/A

    * FIFO: 
    N/A

    * Expression: 
    +-------------------------+----------+----+---+----+------------+------------+
    |      Variable Name      | Operation| DSP| FF| LUT| Bitwidth P0| Bitwidth P1|
    +-------------------------+----------+----+---+----+------------+------------+
    |F_zr_fu_194_p2           |         +|   0|  0|  33|          26|          22|
    |add_ln566_fu_422_p2      |         +|   0|  0|  32|          25|          25|
    |F_zf_fu_187_p2           |         -|   0|  0|  33|          21|          26|
    |use_front_raw_fu_215_p2  |      icmp|   0|  0|  33|          26|          26|
    |select_ln559_fu_437_p3   |    select|   0|  0|  19|           1|          20|
    |select_ln566_fu_411_p3   |    select|   0|  0|  24|           1|          24|
    +-------------------------+----------+----+---+----+------------+------------+
    |Total                    |          |   0|  0| 174|         100|         143|
    +-------------------------+----------+----+---+----+------------+------------+

    * Multiplexer: 
    +--------------------------+-----+-----------+-----+-----------+
    |           Name           | LUT | Input Size| Bits| Total Bits|
    +--------------------------+-----+-----------+-----+-----------+
    |ap_NS_fsm                 |  135|         27|    1|         27|
    |grp_fp_recip_fn_fu_140_x  |   14|          3|   26|         78|
    |grp_fu_147_p0             |   14|          3|   23|         69|
    |grp_fu_147_p1             |   14|          3|   26|         78|
    |grp_fu_155_p0             |   31|          6|   26|        156|
    |grp_fu_155_p1             |   31|          6|   26|        156|
    +--------------------------+-----+-----------+-----+-----------+
    |Total                     |  239|         48|  128|        564|
    +--------------------------+-----+-----------+-----+-----------+

    * Register: 
    +---------------------------------+----+----+-----+-----------+
    |               Name              | FF | LUT| Bits| Const Bits|
    +---------------------------------+----+----+-----+-----------+
    |add_ln566_reg_623                |  25|   0|   25|          0|
    |ap_CS_fsm                        |  26|   0|   26|          0|
    |ap_port_reg_tr_C_eff_f_raw_val   |  26|   0|   26|          0|
    |ap_port_reg_tr_C_eff_r_val       |  26|   0|   26|          0|
    |ap_port_reg_tr_C_min_f_val       |  26|   0|   26|          0|
    |ap_port_reg_tr_alpha_f_op_val    |  26|   0|   26|          0|
    |ap_port_reg_tr_alpha_r_op_val    |  26|   0|   26|          0|
    |ap_port_reg_tr_cos_delta_val     |  26|   0|   26|          0|
    |mul_ln671_87_reg_608             |  42|   0|   42|          0|
    |mul_ln671_88_reg_613             |  42|   0|   42|          0|
    |product_q_119_reg_587            |  26|   0|   26|          0|
    |reg_179                          |  23|   0|   23|          0|
    |reg_183                          |  26|   0|   26|          0|
    |sext_ln671_117_reg_503           |  49|   0|   49|          0|
    |sext_ln671_122_reg_535           |  43|   0|   43|          0|
    |sext_ln671_130_reg_576           |  43|   0|   43|          0|
    |tmp_reg_618                      |  20|   0|   20|          0|
    |tr_C_eff_f_raw_val_read_reg_493  |  26|   0|   26|          0|
    |tr_Fz_transfer_val_read_reg_478  |  26|   0|   26|          0|
    |use_front_raw_reg_514            |   1|   0|    1|          0|
    +---------------------------------+----+----+-----+-----------+
    |Total                            | 574|   0|  574|          0|
    +---------------------------------+----+----+-----+-----------+



================================================================
== Interface
================================================================
* Summary: 
+--------------------+-----+-----+------------+-------------------------------+--------------+
|      RTL Ports     | Dir | Bits|  Protocol  |         Source Object         |    C Type    |
+--------------------+-----+-----+------------+-------------------------------+--------------+
|ap_clk              |   in|    1|  ap_ctrl_hs|  compute_B_accel_load_transfer|  return value|
|ap_rst              |   in|    1|  ap_ctrl_hs|  compute_B_accel_load_transfer|  return value|
|ap_start            |   in|    1|  ap_ctrl_hs|  compute_B_accel_load_transfer|  return value|
|ap_done             |  out|    1|  ap_ctrl_hs|  compute_B_accel_load_transfer|  return value|
|ap_idle             |  out|    1|  ap_ctrl_hs|  compute_B_accel_load_transfer|  return value|
|ap_ready            |  out|    1|  ap_ctrl_hs|  compute_B_accel_load_transfer|  return value|
|ap_return_0         |  out|   26|  ap_ctrl_hs|  compute_B_accel_load_transfer|  return value|
|ap_return_1         |  out|   26|  ap_ctrl_hs|  compute_B_accel_load_transfer|  return value|
|tr_C_eff_f_raw_val  |   in|   26|     ap_none|             tr_C_eff_f_raw_val|        scalar|
|tr_C_eff_r_val      |   in|   26|     ap_none|                 tr_C_eff_r_val|        scalar|
|tr_C_min_f_val      |   in|   26|     ap_none|                 tr_C_min_f_val|        scalar|
|tr_cos_delta_val    |   in|   26|     ap_none|               tr_cos_delta_val|        scalar|
|tr_alpha_f_op_val   |   in|   26|     ap_none|              tr_alpha_f_op_val|        scalar|
|tr_alpha_r_op_val   |   in|   26|     ap_none|              tr_alpha_r_op_val|        scalar|
|tr_Fz_transfer_val  |   in|   26|     ap_none|             tr_Fz_transfer_val|        scalar|
+--------------------+-----+-----+------------+-------------------------------+--------------+

