

================================================================
== Vitis HLS Report for 'fp_atan_lut_fn'
================================================================
* Date:           Thu Jun 11 16:06:59 2026

* Version:        2025.2 (Build 6295257 on Nov 14 2025)
* Project:        mpc_fpga_top_opencl
* Solution:       hls (Vitis Kernel Flow Target)
* Product family: zynquplus
* Target device:  xck26-sfvc784-2LV-c


================================================================
== Performance Estimates
================================================================
+ Timing: 
    * Summary: 
    +--------+---------+----------+------------+
    |  Clock |  Target | Estimated| Uncertainty|
    +--------+---------+----------+------------+
    |ap_clk  |  5.00 ns|  3.980 ns|     0.50 ns|
    +--------+---------+----------+------------+

+ Latency: 
    * Summary: 
    +---------+---------+-----------+-----------+-----+-----+---------+
    |  Latency (cycles) |   Latency (absolute)  |  Interval | Pipeline|
    |   min   |   max   |    min    |    max    | min | max |   Type  |
    +---------+---------+-----------+-----------+-----+-----+---------+
    |        4|        4|  20.000 ns|  20.000 ns|    5|    5|      yes|
    +---------+---------+-----------+-----------+-----+-----+---------+

    + Detail: 
        * Instance: 
        N/A

        * Loop: 
        N/A



================================================================
== Utilization Estimates
================================================================
* Summary: 
+-----------------+---------+------+--------+--------+-----+
|       Name      | BRAM_18K|  DSP |   FF   |   LUT  | URAM|
+-----------------+---------+------+--------+--------+-----+
|DSP              |        -|     -|       -|       -|    -|
|Expression       |        -|     -|       0|     228|    -|
|FIFO             |        -|     -|       -|       -|    -|
|Instance         |        -|     1|      10|      14|    -|
|Memory           |        2|     -|       0|       0|    -|
|Multiplexer      |        -|     -|       0|      45|    -|
|Register         |        -|     -|      50|       -|    -|
+-----------------+---------+------+--------+--------+-----+
|Total            |        2|     1|      60|     287|    0|
+-----------------+---------+------+--------+--------+-----+
|Available        |      288|  1248|  234240|  117120|   64|
+-----------------+---------+------+--------+--------+-----+
|Utilization (%)  |       ~0|    ~0|      ~0|      ~0|    0|
+-----------------+---------+------+--------+--------+-----+

+ Detail: 
    * Instance: 
    +-------------------------+--------------------+---------+----+----+----+-----+
    |         Instance        |       Module       | BRAM_18K| DSP| FF | LUT| URAM|
    +-------------------------+--------------------+---------+----+----+----+-----+
    |mul_21s_14s_35_3_1_U329  |mul_21s_14s_35_3_1  |        0|   1|  10|  14|    0|
    +-------------------------+--------------------+---------+----+----+----+-----+
    |Total                    |                    |        0|   1|  10|  14|    0|
    +-------------------------+--------------------+---------+----+----+----+-----+

    * DSP: 
    N/A

    * Memory: 
    +---------------+-------------------------------------------+---------+---+----+-----+------+-----+------+-------------+
    |     Memory    |                   Module                  | BRAM_18K| FF| LUT| URAM| Words| Bits| Banks| W*Bits*Banks|
    +---------------+-------------------------------------------+---------+---+----+-----+------+-----+------+-------------+
    |atan_lut_fn_U  |fp_atan_lut_fn_atan_lut_fn_ROM_2P_BRAM_1R  |        2|  0|   0|    0|  1025|   13|     1|        13325|
    +---------------+-------------------------------------------+---------+---+----+-----+------+-----+------+-------------+
    |Total          |                                           |        2|  0|   0|    0|  1025|   13|     1|        13325|
    +---------------+-------------------------------------------+---------+---+----+-----+------+-----+------+-------------+

    * FIFO: 
    N/A

    * Expression: 
    +----------------------+----------+----+---+----+------------+------------+
    |     Variable Name    | Operation| DSP| FF| LUT| Bitwidth P0| Bitwidth P1|
    +----------------------+----------+----+---+----+------------+------------+
    |add_ln651_fu_205_p2   |         +|   0|  0|  18|          11|           1|
    |raw_33_fu_255_p2      |         +|   0|  0|  28|          21|          21|
    |abs_x_fu_105_p2       |         -|   0|  0|  28|           1|          21|
    |dv_raw_fu_223_p2      |         -|   0|  0|  21|          14|          14|
    |frac_raw_fu_196_p2    |         -|   0|  0|  28|          21|          21|
    |raw_fu_261_p2         |         -|   0|  0|  28|           1|          21|
    |icmp_ln645_fu_165_p2  |      icmp|   0|  0|  12|           5|           1|
    |abs_x_2_fu_111_p3     |    select|   0|  0|  20|           1|          21|
    |ap_return             |    select|   0|  0|  20|           1|          21|
    |idx_1_fu_171_p3       |    select|   0|  0|  10|           1|           2|
    |idx_fu_143_p3         |    select|   0|  0|  15|           1|           1|
    +----------------------+----------+----+---+----+------------+------------+
    |Total                 |          |   0|  0| 228|          78|         145|
    +----------------------+----------+----+---+----+------------+------------+

    * Multiplexer: 
    +----------------------------+----+-----------+-----+-----------+
    |            Name            | LUT| Input Size| Bits| Total Bits|
    +----------------------------+----+-----------+-----+-----------+
    |ap_NS_fsm                   |  31|          6|    1|          6|
    |atan_lut_fn_address0_local  |  14|          3|   11|         33|
    +----------------------------+----+-----------+-----+-----------+
    |Total                       |  45|          9|   12|         39|
    +----------------------------+----+-----------+-----+-----------+

    * Register: 
    +------------------+----+----+-----+-----------+
    |       Name       | FF | LUT| Bits| Const Bits|
    +------------------+----+----+-----+-----------+
    |ap_CS_fsm         |   5|   0|    5|          0|
    |frac_raw_reg_284  |  21|   0|   21|          0|
    |idx_1_reg_279     |  10|   0|   10|          0|
    |neg_reg_274       |   1|   0|    1|          0|
    |value_reg_294     |  13|   0|   13|          0|
    +------------------+----+----+-----+-----------+
    |Total             |  50|   0|   50|          0|
    +------------------+----+----+-----+-----------+



================================================================
== Interface
================================================================
* Summary: 
+-----------+-----+-----+------------+----------------+--------------+
| RTL Ports | Dir | Bits|  Protocol  |  Source Object |    C Type    |
+-----------+-----+-----+------------+----------------+--------------+
|ap_clk     |   in|    1|  ap_ctrl_hs|  fp_atan_lut_fn|  return value|
|ap_rst     |   in|    1|  ap_ctrl_hs|  fp_atan_lut_fn|  return value|
|ap_start   |   in|    1|  ap_ctrl_hs|  fp_atan_lut_fn|  return value|
|ap_done    |  out|    1|  ap_ctrl_hs|  fp_atan_lut_fn|  return value|
|ap_idle    |  out|    1|  ap_ctrl_hs|  fp_atan_lut_fn|  return value|
|ap_ready   |  out|    1|  ap_ctrl_hs|  fp_atan_lut_fn|  return value|
|ap_return  |  out|   21|  ap_ctrl_hs|  fp_atan_lut_fn|  return value|
|ap_ce      |   in|    1|  ap_ctrl_hs|  fp_atan_lut_fn|  return value|
|x          |   in|   21|     ap_none|               x|        scalar|
+-----------+-----+-----+------------+----------------+--------------+

