

================================================================
== Vitis HLS Report for 'fp_atan_lut'
================================================================
* Date:           Thu Jun 11 17:48:34 2026

* Version:        2025.2 (Build 6295257 on Nov 14 2025)
* Project:        mpc_fpga_top_opencl
* Solution:       hls (Vitis Kernel Flow Target)
* Product family: zynquplus
* Target device:  xck26-sfvc784-2LV-c


================================================================
== Performance Estimates
================================================================
+ Timing: 
    * Summary: 
    +--------+---------+----------+------------+
    |  Clock |  Target | Estimated| Uncertainty|
    +--------+---------+----------+------------+
    |ap_clk  |  5.00 ns|  4.174 ns|     0.50 ns|
    +--------+---------+----------+------------+

+ Latency: 
    * Summary: 
    +---------+---------+-----------+-----------+-----+-----+---------+
    |  Latency (cycles) |   Latency (absolute)  |  Interval | Pipeline|
    |   min   |   max   |    min    |    max    | min | max |   Type  |
    +---------+---------+-----------+-----------+-----+-----+---------+
    |        4|        4|  20.000 ns|  20.000 ns|    5|    5|      yes|
    +---------+---------+-----------+-----------+-----+-----+---------+

    + Detail: 
        * Instance: 
        N/A

        * Loop: 
        N/A



================================================================
== Utilization Estimates
================================================================
* Summary: 
+-----------------+---------+------+--------+--------+-----+
|       Name      | BRAM_18K|  DSP |   FF   |   LUT  | URAM|
+-----------------+---------+------+--------+--------+-----+
|DSP              |        -|     -|       -|       -|    -|
|Expression       |        -|     -|       0|     267|    -|
|FIFO             |        -|     -|       -|       -|    -|
|Instance         |        -|     1|      21|      29|    -|
|Memory           |        2|     -|       0|       0|    -|
|Multiplexer      |        -|     -|       0|      45|    -|
|Register         |        -|     -|      57|       -|    -|
+-----------------+---------+------+--------+--------+-----+
|Total            |        2|     1|      78|     341|    0|
+-----------------+---------+------+--------+--------+-----+
|Available        |      288|  1248|  234240|  117120|   64|
+-----------------+---------+------+--------+--------+-----+
|Utilization (%)  |       ~0|    ~0|      ~0|      ~0|    0|
+-----------------+---------+------+--------+--------+-----+

+ Detail: 
    * Instance: 
    +-------------------------+--------------------+---------+----+----+----+-----+
    |         Instance        |       Module       | BRAM_18K| DSP| FF | LUT| URAM|
    +-------------------------+--------------------+---------+----+----+----+-----+
    |mul_26s_16s_42_3_1_U298  |mul_26s_16s_42_3_1  |        0|   1|  21|  29|    0|
    +-------------------------+--------------------+---------+----+----+----+-----+
    |Total                    |                    |        0|   1|  21|  29|    0|
    +-------------------------+--------------------+---------+----+----+----+-----+

    * DSP: 
    N/A

    * Memory: 
    +------------+-------------------------------------+---------+---+----+-----+------+-----+------+-------------+
    |   Memory   |                Module               | BRAM_18K| FF| LUT| URAM| Words| Bits| Banks| W*Bits*Banks|
    +------------+-------------------------------------+---------+---+----+-----+------+-----+------+-------------+
    |atan_lut_U  |fp_atan_lut_atan_lut_ROM_2P_BRAM_1R  |        2|  0|   0|    0|  1025|   15|     1|        15375|
    +------------+-------------------------------------+---------+---+----+-----+------+-----+------+-------------+
    |Total       |                                     |        2|  0|   0|    0|  1025|   15|     1|        15375|
    +------------+-------------------------------------+---------+---+----+-----+------+-----+------+-------------+

    * FIFO: 
    N/A

    * Expression: 
    +----------------------+----------+----+---+----+------------+------------+
    |     Variable Name    | Operation| DSP| FF| LUT| Bitwidth P0| Bitwidth P1|
    +----------------------+----------+----+---+----+------------+------------+
    |add_ln557_fu_205_p2   |         +|   0|  0|  18|          11|           1|
    |raw_37_fu_255_p2      |         +|   0|  0|  33|          26|          26|
    |abs_x_fu_105_p2       |         -|   0|  0|  33|           1|          26|
    |dv_raw_fu_223_p2      |         -|   0|  0|  23|          16|          16|
    |frac_raw_fu_191_p2    |         -|   0|  0|  33|          26|          26|
    |raw_fu_261_p2         |         -|   0|  0|  33|           1|          26|
    |icmp_ln552_fu_165_p2  |      icmp|   0|  0|  15|           8|           1|
    |abs_x_4_fu_111_p3     |    select|   0|  0|  26|           1|          26|
    |ap_return             |    select|   0|  0|  26|           1|          26|
    |idx_2_fu_171_p3       |    select|   0|  0|  10|           1|           2|
    |idx_fu_143_p3         |    select|   0|  0|  17|           1|           1|
    +----------------------+----------+----+---+----+------------+------------+
    |Total                 |          |   0|  0| 267|          93|         177|
    +----------------------+----------+----+---+----+------------+------------+

    * Multiplexer: 
    +-------------------------+----+-----------+-----+-----------+
    |           Name          | LUT| Input Size| Bits| Total Bits|
    +-------------------------+----+-----------+-----+-----------+
    |ap_NS_fsm                |  31|          6|    1|          6|
    |atan_lut_address0_local  |  14|          3|   11|         33|
    +-------------------------+----+-----------+-----+-----------+
    |Total                    |  45|          9|   12|         39|
    +-------------------------+----+-----------+-----+-----------+

    * Register: 
    +------------------+----+----+-----+-----------+
    |       Name       | FF | LUT| Bits| Const Bits|
    +------------------+----+----+-----+-----------+
    |ap_CS_fsm         |   5|   0|    5|          0|
    |frac_raw_reg_284  |  26|   0|   26|          0|
    |idx_2_reg_279     |  10|   0|   10|          0|
    |neg_reg_274       |   1|   0|    1|          0|
    |value_reg_294     |  15|   0|   15|          0|
    +------------------+----+----+-----+-----------+
    |Total             |  57|   0|   57|          0|
    +------------------+----+----+-----+-----------+



================================================================
== Interface
================================================================
* Summary: 
+-----------+-----+-----+------------+--------------+--------------+
| RTL Ports | Dir | Bits|  Protocol  | Source Object|    C Type    |
+-----------+-----+-----+------------+--------------+--------------+
|ap_clk     |   in|    1|  ap_ctrl_hs|   fp_atan_lut|  return value|
|ap_rst     |   in|    1|  ap_ctrl_hs|   fp_atan_lut|  return value|
|ap_start   |   in|    1|  ap_ctrl_hs|   fp_atan_lut|  return value|
|ap_done    |  out|    1|  ap_ctrl_hs|   fp_atan_lut|  return value|
|ap_idle    |  out|    1|  ap_ctrl_hs|   fp_atan_lut|  return value|
|ap_ready   |  out|    1|  ap_ctrl_hs|   fp_atan_lut|  return value|
|ap_return  |  out|   26|  ap_ctrl_hs|   fp_atan_lut|  return value|
|x          |   in|   26|     ap_none|             x|        scalar|
+-----------+-----+-----+------------+--------------+--------------+

