

================================================================
== Vitis HLS Report for 'fp_frenet_recip'
================================================================
* Date:           Thu Jun 11 16:06:59 2026

* Version:        2025.2 (Build 6295257 on Nov 14 2025)
* Project:        mpc_fpga_top_opencl
* Solution:       hls (Vitis Kernel Flow Target)
* Product family: zynquplus
* Target device:  xck26-sfvc784-2LV-c


================================================================
== Performance Estimates
================================================================
+ Timing: 
    * Summary: 
    +--------+---------+----------+------------+
    |  Clock |  Target | Estimated| Uncertainty|
    +--------+---------+----------+------------+
    |ap_clk  |  5.00 ns|  4.376 ns|     0.50 ns|
    +--------+---------+----------+------------+

+ Latency: 
    * Summary: 
    +---------+---------+-----------+-----------+-----+-----+---------+
    |  Latency (cycles) |   Latency (absolute)  |  Interval | Pipeline|
    |   min   |   max   |    min    |    max    | min | max |   Type  |
    +---------+---------+-----------+-----------+-----+-----+---------+
    |        9|        9|  45.000 ns|  45.000 ns|   10|   10|      yes|
    +---------+---------+-----------+-----------+-----+-----+---------+

    + Detail: 
        * Instance: 
        +-----------------------+-------------+---------+---------+-----------+-----------+-----+-----+---------+
        |                       |             |  Latency (cycles) |   Latency (absolute)  |  Interval | Pipeline|
        |        Instance       |    Module   |   min   |   max   |    min    |    max    | min | max |   Type  |
        +-----------------------+-------------+---------+---------+-----------+-----------+-----+-----+---------+
        |grp_fp_recip_fn_fu_62  |fp_recip_fn  |        5|        5|  25.000 ns|  25.000 ns|    1|    1|      yes|
        +-----------------------+-------------+---------+---------+-----------+-----------+-----+-----+---------+

        * Loop: 
        N/A



================================================================
== Utilization Estimates
================================================================
* Summary: 
+-----------------+---------+------+--------+--------+-----+
|       Name      | BRAM_18K|  DSP |   FF   |   LUT  | URAM|
+-----------------+---------+------+--------+--------+-----+
|DSP              |        -|     -|       -|       -|    -|
|Expression       |        -|     -|       0|     124|    -|
|FIFO             |        -|     -|       -|       -|    -|
|Instance         |        1|     2|    1583|    2075|    -|
|Memory           |        -|     -|       -|       -|    -|
|Multiplexer      |        -|     -|       0|      59|    -|
|Register         |        -|     -|      33|       -|    -|
+-----------------+---------+------+--------+--------+-----+
|Total            |        1|     2|    1616|    2258|    0|
+-----------------+---------+------+--------+--------+-----+
|Available        |      288|  1248|  234240|  117120|   64|
+-----------------+---------+------+--------+--------+-----+
|Utilization (%)  |       ~0|    ~0|      ~0|       1|    0|
+-----------------+---------+------+--------+--------+-----+

+ Detail: 
    * Instance: 
    +---------------------------+----------------------+---------+----+------+------+-----+
    |          Instance         |        Module        | BRAM_18K| DSP|  FF  |  LUT | URAM|
    +---------------------------+----------------------+---------+----+------+------+-----+
    |grp_fp_recip_fn_fu_62      |fp_recip_fn           |        1|   0|  1573|  2061|    0|
    |mul_21s_21s_42_3_1_x_U402  |mul_21s_21s_42_3_1_x  |        0|   2|    10|    14|    0|
    +---------------------------+----------------------+---------+----+------+------+-----+
    |Total                      |                      |        1|   2|  1583|  2075|    0|
    +---------------------------+----------------------+---------+----+------+------+-----+

    * DSP: 
    N/A

    * Memory: 
    N/A

    * FIFO: 
    N/A

    * Expression: 
    +-------------------------+----------+----+---+----+------------+------------+
    |      Variable Name      | Operation| DSP| FF| LUT| Bitwidth P0| Bitwidth P1|
    +-------------------------+----------+----+---+----+------------+------------+
    |denom_2_fu_93_p2         |         -|   0|  0|  28|          13|          21|
    |sub_ln380_fu_107_p2      |         -|   0|  0|  28|           1|          21|
    |icmp_ln73_fu_141_p2      |      icmp|   0|  0|  26|          19|           1|
    |grp_fp_recip_fn_fu_62_x  |    select|   0|  0|  20|           1|          21|
    |select_ln380_fu_133_p3   |    select|   0|  0|  18|           1|          19|
    |select_ln73_fu_147_p3    |    select|   0|  0|   4|           1|           4|
    +-------------------------+----------+----+---+----+------------+------------+
    |Total                    |          |   0|  0| 124|          36|          87|
    +-------------------------+----------+----+---+----+------------+------------+

    * Multiplexer: 
    +-----------+----+-----------+-----+-----------+
    |    Name   | LUT| Input Size| Bits| Total Bits|
    +-----------+----+-----------+-----+-----------+
    |ap_NS_fsm  |  59|         11|    1|         11|
    +-----------+----+-----------+-----+-----------+
    |Total      |  59|         11|    1|         11|
    +-----------+----+-----------+-----+-----------+

    * Register: 
    +-------------------+----+----+-----+-----------+
    |        Name       | FF | LUT| Bits| Const Bits|
    +-------------------+----+----+-----+-----------+
    |ap_CS_fsm          |  10|   0|   10|          0|
    |denom_2_reg_171    |  21|   0|   21|          0|
    |icmp_ln73_reg_181  |   1|   0|    1|          0|
    |tmp_reg_176        |   1|   0|    1|          0|
    +-------------------+----+----+-----+-----------+
    |Total              |  33|   0|   33|          0|
    +-------------------+----+----+-----+-----------+



================================================================
== Interface
================================================================
* Summary: 
+-----------+-----+-----+------------+-----------------+--------------+
| RTL Ports | Dir | Bits|  Protocol  |  Source Object  |    C Type    |
+-----------+-----+-----+------------+-----------------+--------------+
|ap_clk     |   in|    1|  ap_ctrl_hs|  fp_frenet_recip|  return value|
|ap_rst     |   in|    1|  ap_ctrl_hs|  fp_frenet_recip|  return value|
|ap_start   |   in|    1|  ap_ctrl_hs|  fp_frenet_recip|  return value|
|ap_done    |  out|    1|  ap_ctrl_hs|  fp_frenet_recip|  return value|
|ap_idle    |  out|    1|  ap_ctrl_hs|  fp_frenet_recip|  return value|
|ap_ready   |  out|    1|  ap_ctrl_hs|  fp_frenet_recip|  return value|
|ap_return  |  out|   20|  ap_ctrl_hs|  fp_frenet_recip|  return value|
|kappa      |   in|   21|     ap_none|            kappa|        scalar|
|ey         |   in|   21|     ap_none|               ey|        scalar|
+-----------+-----+-----+------------+-----------------+--------------+

