

================================================================
== Vitis HLS Report for 'fp_pacejka_ceff'
================================================================
* Date:           Thu May 21 15:23:09 2026

* Version:        2025.2 (Build 6295257 on Nov 14 2025)
* Project:        mpc_fpga_top_opencl
* Solution:       hls (Vitis Kernel Flow Target)
* Product family: zynquplus
* Target device:  xck26-sfvc784-2LV-c


================================================================
== Performance Estimates
================================================================
+ Timing: 
    * Summary: 
    +--------+---------+----------+------------+
    |  Clock |  Target | Estimated| Uncertainty|
    +--------+---------+----------+------------+
    |ap_clk  |  5.00 ns|  3.563 ns|     0.50 ns|
    +--------+---------+----------+------------+

+ Latency: 
    * Summary: 
    +---------+---------+-----------+-----------+-----+-----+---------+
    |  Latency (cycles) |   Latency (absolute)  |  Interval | Pipeline|
    |   min   |   max   |    min    |    max    | min | max |   Type  |
    +---------+---------+-----------+-----------+-----+-----+---------+
    |        6|        6|  30.000 ns|  30.000 ns|    7|    7|      yes|
    +---------+---------+-----------+-----------+-----+-----+---------+

    + Detail: 
        * Instance: 
        N/A

        * Loop: 
        N/A



================================================================
== Utilization Estimates
================================================================
* Summary: 
+-----------------+---------+------+--------+--------+-----+
|       Name      | BRAM_18K|  DSP |   FF   |   LUT  | URAM|
+-----------------+---------+------+--------+--------+-----+
|DSP              |        -|     -|       -|       -|    -|
|Expression       |        -|     -|       -|       -|    -|
|FIFO             |        -|     -|       -|       -|    -|
|Instance         |        -|     4|     122|      58|    -|
|Memory           |        -|     -|       -|       -|    -|
|Multiplexer      |        -|     -|       0|      43|    -|
|Register         |        -|     -|      33|       -|    -|
+-----------------+---------+------+--------+--------+-----+
|Total            |        0|     4|     155|     101|    0|
+-----------------+---------+------+--------+--------+-----+
|Available        |      288|  1248|  234240|  117120|   64|
+-----------------+---------+------+--------+--------+-----+
|Utilization (%)  |        0|    ~0|      ~0|      ~0|    0|
+-----------------+---------+------+--------+--------+-----+

+ Detail: 
    * Instance: 
    +---------------------------+----------------------+---------+----+----+----+-----+
    |          Instance         |        Module        | BRAM_18K| DSP| FF | LUT| URAM|
    +---------------------------+----------------------+---------+----+----+----+-----+
    |mul_23s_26s_49_4_1_x_U332  |mul_23s_26s_49_4_1_x  |        0|   2|  61|  29|    0|
    |mul_26s_26s_43_4_1_U333    |mul_26s_26s_43_4_1    |        0|   2|  61|  29|    0|
    +---------------------------+----------------------+---------+----+----+----+-----+
    |Total                      |                      |        0|   4| 122|  58|    0|
    +---------------------------+----------------------+---------+----+----+----+-----+

    * DSP: 
    N/A

    * Memory: 
    N/A

    * FIFO: 
    N/A

    * Expression: 
    N/A

    * Multiplexer: 
    +-----------+----+-----------+-----+-----------+
    |    Name   | LUT| Input Size| Bits| Total Bits|
    +-----------+----+-----------+-----+-----------+
    |ap_NS_fsm  |  43|          8|    1|          8|
    +-----------+----+-----------+-----+-----------+
    |Total      |  43|          8|    1|          8|
    +-----------+----+-----------+-----+-----------+

    * Register: 
    +------------------+----+----+-----+-----------+
    |       Name       | FF | LUT| Bits| Const Bits|
    +------------------+----+----+-----+-----------+
    |ap_CS_fsm         |   7|   0|    7|          0|
    |ap_port_reg_D_cb  |  26|   0|   26|          0|
    +------------------+----+----+-----+-----------+
    |Total             |  33|   0|   33|          0|
    +------------------+----+----+-----+-----------+



================================================================
== Interface
================================================================
* Summary: 
+-----------+-----+-----+------------+-----------------+--------------+
| RTL Ports | Dir | Bits|  Protocol  |  Source Object  |    C Type    |
+-----------+-----+-----+------------+-----------------+--------------+
|ap_clk     |   in|    1|  ap_ctrl_hs|  fp_pacejka_ceff|  return value|
|ap_rst     |   in|    1|  ap_ctrl_hs|  fp_pacejka_ceff|  return value|
|ap_start   |   in|    1|  ap_ctrl_hs|  fp_pacejka_ceff|  return value|
|ap_done    |  out|    1|  ap_ctrl_hs|  fp_pacejka_ceff|  return value|
|ap_idle    |  out|    1|  ap_ctrl_hs|  fp_pacejka_ceff|  return value|
|ap_ready   |  out|    1|  ap_ctrl_hs|  fp_pacejka_ceff|  return value|
|ap_return  |  out|   26|  ap_ctrl_hs|  fp_pacejka_ceff|  return value|
|cos_inner  |   in|   26|     ap_none|        cos_inner|        scalar|
|inv_denom  |   in|   23|     ap_none|        inv_denom|        scalar|
|D_cb       |   in|   26|     ap_none|             D_cb|        scalar|
+-----------+-----+-----+------------+-----------------+--------------+

