

================================================================
== Vitis HLS Report for 'fp_slip_terms'
================================================================
* Date:           Thu May 21 15:23:08 2026

* Version:        2025.2 (Build 6295257 on Nov 14 2025)
* Project:        mpc_fpga_top_opencl
* Solution:       hls (Vitis Kernel Flow Target)
* Product family: zynquplus
* Target device:  xck26-sfvc784-2LV-c


================================================================
== Performance Estimates
================================================================
+ Timing: 
    * Summary: 
    +--------+---------+----------+------------+
    |  Clock |  Target | Estimated| Uncertainty|
    +--------+---------+----------+------------+
    |ap_clk  |  5.00 ns|  2.736 ns|     0.50 ns|
    +--------+---------+----------+------------+

+ Latency: 
    * Summary: 
    +---------+---------+-----------+-----------+-----+-----+---------+
    |  Latency (cycles) |   Latency (absolute)  |  Interval | Pipeline|
    |   min   |   max   |    min    |    max    | min | max |   Type  |
    +---------+---------+-----------+-----------+-----+-----+---------+
    |        8|        8|  40.000 ns|  40.000 ns|    9|    9|      yes|
    +---------+---------+-----------+-----------+-----+-----+---------+

    + Detail: 
        * Instance: 
        N/A

        * Loop: 
        N/A



================================================================
== Utilization Estimates
================================================================
* Summary: 
+-----------------+---------+------+--------+--------+-----+
|       Name      | BRAM_18K|  DSP |   FF   |   LUT  | URAM|
+-----------------+---------+------+--------+--------+-----+
|DSP              |        -|     -|       -|       -|    -|
|Expression       |        -|     -|       0|      66|    -|
|FIFO             |        -|     -|       -|       -|    -|
|Instance         |        -|     6|     244|     116|    -|
|Memory           |        -|     -|       -|       -|    -|
|Multiplexer      |        -|     -|       0|      54|    -|
|Register         |        -|     -|     355|       -|    -|
+-----------------+---------+------+--------+--------+-----+
|Total            |        0|     6|     599|     236|    0|
+-----------------+---------+------+--------+--------+-----+
|Available        |      288|  1248|  234240|  117120|   64|
+-----------------+---------+------+--------+--------+-----+
|Utilization (%)  |        0|    ~0|      ~0|      ~0|    0|
+-----------------+---------+------+--------+--------+-----+

+ Detail: 
    * Instance: 
    +--------------------------+---------------------+---------+----+----+----+-----+
    |         Instance         |        Module       | BRAM_18K| DSP| FF | LUT| URAM|
    +--------------------------+---------------------+---------+----+----+----+-----+
    |mul_23s_26s_49_4_1_U319   |mul_23s_26s_49_4_1   |        0|   2|  61|  29|    0|
    |mul_26s_16ns_42_4_1_U321  |mul_26s_16ns_42_4_1  |        0|   1|  61|  29|    0|
    |mul_26s_16ns_42_4_1_U322  |mul_26s_16ns_42_4_1  |        0|   1|  61|  29|    0|
    |mul_26s_23s_49_4_1_U320   |mul_26s_23s_49_4_1   |        0|   2|  61|  29|    0|
    +--------------------------+---------------------+---------+----+----+----+-----+
    |Total                     |                     |        0|   6| 244| 116|    0|
    +--------------------------+---------------------+---------+----+----+----+-----+

    * DSP: 
    N/A

    * Memory: 
    N/A

    * FIFO: 
    N/A

    * Expression: 
    +---------------------------+----------+----+---+----+------------+------------+
    |       Variable Name       | Operation| DSP| FF| LUT| Bitwidth P0| Bitwidth P1|
    +---------------------------+----------+----+---+----+------------+------------+
    |front_num_local_fu_110_p2  |         +|   0|  0|  33|          26|          26|
    |rear_num_local_fu_129_p2   |         -|   0|  0|  33|          26|          26|
    +---------------------------+----------+----+---+----+------------+------------+
    |Total                      |          |   0|  0|  66|          52|          52|
    +---------------------------+----------+----+---+----+------------+------------+

    * Multiplexer: 
    +-----------+----+-----------+-----+-----------+
    |    Name   | LUT| Input Size| Bits| Total Bits|
    +-----------+----+-----------+-----+-----------+
    |ap_NS_fsm  |  54|         10|    1|         10|
    +-----------+----+-----------+-----+-----------+
    |Total      |  54|         10|    1|         10|
    +-----------+----+-----------+-----+-----------+

    * Register: 
    +-------------------------+----+----+-----+-----------+
    |           Name          | FF | LUT| Bits| Const Bits|
    +-------------------------+----+----+-----+-----------+
    |ap_CS_fsm                |   9|   0|    9|          0|
    |ap_port_reg_inv_vx       |  23|   0|   23|          0|
    |ap_port_reg_vy           |  26|   0|   26|          0|
    |front_num_local_reg_216  |  26|   0|   26|          0|
    |product_q_23_reg_211     |  25|   0|   25|          0|
    |product_q_24_reg_247     |  26|   0|   26|          0|
    |product_q_reg_196        |  25|   0|   25|          0|
    |rear_num_local_reg_237   |  26|   0|   26|          0|
    |sext_ln671_2_reg_226     |  49|   0|   49|          0|
    |sext_ln671_reg_190       |  42|   0|   42|          0|
    |sext_ln674_1_reg_232     |  26|   0|   26|          0|
    |sext_ln674_reg_206       |  26|   0|   26|          0|
    |vy_read_reg_201          |  26|   0|   26|          0|
    +-------------------------+----+----+-----+-----------+
    |Total                    | 355|   0|  355|          0|
    +-------------------------+----+----+-----+-----------+



================================================================
== Interface
================================================================
* Summary: 
+-------------+-----+-----+------------+---------------+--------------+
|  RTL Ports  | Dir | Bits|  Protocol  | Source Object |    C Type    |
+-------------+-----+-----+------------+---------------+--------------+
|ap_clk       |   in|    1|  ap_ctrl_hs|  fp_slip_terms|  return value|
|ap_rst       |   in|    1|  ap_ctrl_hs|  fp_slip_terms|  return value|
|ap_start     |   in|    1|  ap_ctrl_hs|  fp_slip_terms|  return value|
|ap_done      |  out|    1|  ap_ctrl_hs|  fp_slip_terms|  return value|
|ap_idle      |  out|    1|  ap_ctrl_hs|  fp_slip_terms|  return value|
|ap_ready     |  out|    1|  ap_ctrl_hs|  fp_slip_terms|  return value|
|ap_return_0  |  out|   26|  ap_ctrl_hs|  fp_slip_terms|  return value|
|ap_return_1  |  out|   26|  ap_ctrl_hs|  fp_slip_terms|  return value|
|ap_return_2  |  out|   26|  ap_ctrl_hs|  fp_slip_terms|  return value|
|ap_return_3  |  out|   26|  ap_ctrl_hs|  fp_slip_terms|  return value|
|ap_return_4  |  out|   26|  ap_ctrl_hs|  fp_slip_terms|  return value|
|ap_return_5  |  out|   26|  ap_ctrl_hs|  fp_slip_terms|  return value|
|vy           |   in|   26|     ap_none|             vy|        scalar|
|omega        |   in|   26|     ap_none|          omega|        scalar|
|inv_vx       |   in|   23|     ap_none|         inv_vx|        scalar|
+-------------+-----+-----+------------+---------------+--------------+

