

================================================================
== Vitis HLS Report for 'mpc_compute_hls_Pipeline_VITIS_LOOP_1203_6'
================================================================
* Date:           Thu May 21 15:23:10 2026

* Version:        2025.2 (Build 6295257 on Nov 14 2025)
* Project:        mpc_fpga_top_opencl
* Solution:       hls (Vitis Kernel Flow Target)
* Product family: zynquplus
* Target device:  xck26-sfvc784-2LV-c


================================================================
== Performance Estimates
================================================================
+ Timing: 
    * Summary: 
    +--------+---------+----------+------------+
    |  Clock |  Target | Estimated| Uncertainty|
    +--------+---------+----------+------------+
    |ap_clk  |  5.00 ns|  1.643 ns|     0.50 ns|
    +--------+---------+----------+------------+

+ Latency: 
    * Summary: 
    +---------+---------+----------+----------+-----+-----+-------------------+
    |  Latency (cycles) |  Latency (absolute) |  Interval |      Pipeline     |
    |   min   |   max   |    min   |    max   | min | max |        Type       |
    +---------+---------+----------+----------+-----+-----+-------------------+
    |       22|       22|  0.110 us|  0.110 us|    0|    0|  loop pipeline stp|
    +---------+---------+----------+----------+-----+-----+-------------------+

    + Detail: 
        * Instance: 
        N/A

        * Loop: 
        +---------------------+---------+---------+----------+-----------+-----------+------+----------+
        |                     |  Latency (cycles) | Iteration|  Initiation Interval  | Trip |          |
        |      Loop Name      |   min   |   max   |  Latency |  achieved |   target  | Count| Pipelined|
        +---------------------+---------+---------+----------+-----------+-----------+------+----------+
        |- VITIS_LOOP_1203_6  |       20|       20|         2|          1|          1|    20|       yes|
        +---------------------+---------+---------+----------+-----------+-----------+------+----------+



================================================================
== Utilization Estimates
================================================================
* Summary: 
+-----------------+---------+------+--------+--------+-----+
|       Name      | BRAM_18K|  DSP |   FF   |   LUT  | URAM|
+-----------------+---------+------+--------+--------+-----+
|DSP              |        -|     -|       -|       -|    -|
|Expression       |        -|     -|       0|      26|    -|
|FIFO             |        -|     -|       -|       -|    -|
|Instance         |        -|     -|       -|       -|    -|
|Memory           |        -|     -|       -|       -|    -|
|Multiplexer      |        -|     -|       0|      36|    -|
|Register         |        -|     -|      13|       -|    -|
+-----------------+---------+------+--------+--------+-----+
|Total            |        0|     0|      13|      62|    0|
+-----------------+---------+------+--------+--------+-----+
|Available        |      288|  1248|  234240|  117120|   64|
+-----------------+---------+------+--------+--------+-----+
|Utilization (%)  |        0|     0|      ~0|      ~0|    0|
+-----------------+---------+------+--------+--------+-----+

+ Detail: 
    * Instance: 
    N/A

    * DSP: 
    N/A

    * Memory: 
    N/A

    * FIFO: 
    N/A

    * Expression: 
    +-----------------------+----------+----+---+----+------------+------------+
    |     Variable Name     | Operation| DSP| FF| LUT| Bitwidth P0| Bitwidth P1|
    +-----------------------+----------+----+---+----+------------+------------+
    |add_ln1203_fu_614_p2   |         +|   0|  0|  12|           5|           1|
    |icmp_ln1203_fu_608_p2  |      icmp|   0|  0|  12|           5|           5|
    |ap_enable_pp0          |       xor|   0|  0|   2|           1|           2|
    +-----------------------+----------+----+---+----+------------+------------+
    |Total                  |          |   0|  0|  26|          11|           8|
    +-----------------------+----------+----+---+----+------------+------------+

    * Multiplexer: 
    +-------------------------+----+-----------+-----+-----------+
    |           Name          | LUT| Input Size| Bits| Total Bits|
    +-------------------------+----+-----------+-----+-----------+
    |ap_done_int              |   9|          2|    1|          2|
    |ap_enable_reg_pp0_iter1  |   9|          2|    1|          2|
    |ap_sig_allocacmp_k       |   9|          2|    5|         10|
    |k_5_fu_100               |   9|          2|    5|         10|
    +-------------------------+----+-----------+-----+-----------+
    |Total                    |  36|          8|   12|         24|
    +-------------------------+----+-----------+-----+-----------+

    * Register: 
    +-------------------------+---+----+-----+-----------+
    |           Name          | FF| LUT| Bits| Const Bits|
    +-------------------------+---+----+-----+-----------+
    |ap_CS_fsm                |  1|   0|    1|          0|
    |ap_done_reg              |  1|   0|    1|          0|
    |ap_enable_reg_pp0_iter1  |  1|   0|    1|          0|
    |k_5_fu_100               |  5|   0|    5|          0|
    |zext_ln1203_reg_655      |  5|   0|   64|         59|
    +-------------------------+---+----+-----+-----------+
    |Total                    | 13|   0|   72|         59|
    +-------------------------+---+----+-----+-----------+



================================================================
== Interface
================================================================
* Summary: 
+--------------------------------------------------------+-----+-----+------------+-----------------------------------------------+--------------+
|                        RTL Ports                       | Dir | Bits|  Protocol  |                 Source Object                 |    C Type    |
+--------------------------------------------------------+-----+-----+------------+-----------------------------------------------+--------------+
|ap_clk                                                  |   in|    1|  ap_ctrl_hs|     mpc_compute_hls_Pipeline_VITIS_LOOP_1203_6|  return value|
|ap_rst                                                  |   in|    1|  ap_ctrl_hs|     mpc_compute_hls_Pipeline_VITIS_LOOP_1203_6|  return value|
|ap_start                                                |   in|    1|  ap_ctrl_hs|     mpc_compute_hls_Pipeline_VITIS_LOOP_1203_6|  return value|
|ap_done                                                 |  out|    1|  ap_ctrl_hs|     mpc_compute_hls_Pipeline_VITIS_LOOP_1203_6|  return value|
|ap_idle                                                 |  out|    1|  ap_ctrl_hs|     mpc_compute_hls_Pipeline_VITIS_LOOP_1203_6|  return value|
|ap_ready                                                |  out|    1|  ap_ctrl_hs|     mpc_compute_hls_Pipeline_VITIS_LOOP_1203_6|  return value|
|y_x_7_address1                                          |  out|    5|   ap_memory|                                          y_x_7|         array|
|y_x_7_ce1                                               |  out|    1|   ap_memory|                                          y_x_7|         array|
|y_x_7_we1                                               |  out|    1|   ap_memory|                                          y_x_7|         array|
|y_x_7_d1                                                |  out|   32|   ap_memory|                                          y_x_7|         array|
|y_x_6_address1                                          |  out|    5|   ap_memory|                                          y_x_6|         array|
|y_x_6_ce1                                               |  out|    1|   ap_memory|                                          y_x_6|         array|
|y_x_6_we1                                               |  out|    1|   ap_memory|                                          y_x_6|         array|
|y_x_6_d1                                                |  out|   32|   ap_memory|                                          y_x_6|         array|
|y_x_5_address1                                          |  out|    5|   ap_memory|                                          y_x_5|         array|
|y_x_5_ce1                                               |  out|    1|   ap_memory|                                          y_x_5|         array|
|y_x_5_we1                                               |  out|    1|   ap_memory|                                          y_x_5|         array|
|y_x_5_d1                                                |  out|   32|   ap_memory|                                          y_x_5|         array|
|y_x_4_address1                                          |  out|    5|   ap_memory|                                          y_x_4|         array|
|y_x_4_ce1                                               |  out|    1|   ap_memory|                                          y_x_4|         array|
|y_x_4_we1                                               |  out|    1|   ap_memory|                                          y_x_4|         array|
|y_x_4_d1                                                |  out|   32|   ap_memory|                                          y_x_4|         array|
|y_x_3_address1                                          |  out|    5|   ap_memory|                                          y_x_3|         array|
|y_x_3_ce1                                               |  out|    1|   ap_memory|                                          y_x_3|         array|
|y_x_3_we1                                               |  out|    1|   ap_memory|                                          y_x_3|         array|
|y_x_3_d1                                                |  out|   32|   ap_memory|                                          y_x_3|         array|
|y_x_2_address1                                          |  out|    5|   ap_memory|                                          y_x_2|         array|
|y_x_2_ce1                                               |  out|    1|   ap_memory|                                          y_x_2|         array|
|y_x_2_we1                                               |  out|    1|   ap_memory|                                          y_x_2|         array|
|y_x_2_d1                                                |  out|   32|   ap_memory|                                          y_x_2|         array|
|y_x_1_address1                                          |  out|    5|   ap_memory|                                          y_x_1|         array|
|y_x_1_ce1                                               |  out|    1|   ap_memory|                                          y_x_1|         array|
|y_x_1_we1                                               |  out|    1|   ap_memory|                                          y_x_1|         array|
|y_x_1_d1                                                |  out|   32|   ap_memory|                                          y_x_1|         array|
|y_x_address1                                            |  out|    5|   ap_memory|                                            y_x|         array|
|y_x_ce1                                                 |  out|    1|   ap_memory|                                            y_x|         array|
|y_x_we1                                                 |  out|    1|   ap_memory|                                            y_x|         array|
|y_x_d1                                                  |  out|   32|   ap_memory|                                            y_x|         array|
|z_x_7_address1                                          |  out|    5|   ap_memory|                                          z_x_7|         array|
|z_x_7_ce1                                               |  out|    1|   ap_memory|                                          z_x_7|         array|
|z_x_7_we1                                               |  out|    1|   ap_memory|                                          z_x_7|         array|
|z_x_7_d1                                                |  out|   32|   ap_memory|                                          z_x_7|         array|
|z_x_6_address1                                          |  out|    5|   ap_memory|                                          z_x_6|         array|
|z_x_6_ce1                                               |  out|    1|   ap_memory|                                          z_x_6|         array|
|z_x_6_we1                                               |  out|    1|   ap_memory|                                          z_x_6|         array|
|z_x_6_d1                                                |  out|   32|   ap_memory|                                          z_x_6|         array|
|z_x_5_address1                                          |  out|    5|   ap_memory|                                          z_x_5|         array|
|z_x_5_ce1                                               |  out|    1|   ap_memory|                                          z_x_5|         array|
|z_x_5_we1                                               |  out|    1|   ap_memory|                                          z_x_5|         array|
|z_x_5_d1                                                |  out|   32|   ap_memory|                                          z_x_5|         array|
|z_x_4_address1                                          |  out|    5|   ap_memory|                                          z_x_4|         array|
|z_x_4_ce1                                               |  out|    1|   ap_memory|                                          z_x_4|         array|
|z_x_4_we1                                               |  out|    1|   ap_memory|                                          z_x_4|         array|
|z_x_4_d1                                                |  out|   32|   ap_memory|                                          z_x_4|         array|
|z_x_3_address1                                          |  out|    5|   ap_memory|                                          z_x_3|         array|
|z_x_3_ce1                                               |  out|    1|   ap_memory|                                          z_x_3|         array|
|z_x_3_we1                                               |  out|    1|   ap_memory|                                          z_x_3|         array|
|z_x_3_d1                                                |  out|   32|   ap_memory|                                          z_x_3|         array|
|z_x_2_address1                                          |  out|    5|   ap_memory|                                          z_x_2|         array|
|z_x_2_ce1                                               |  out|    1|   ap_memory|                                          z_x_2|         array|
|z_x_2_we1                                               |  out|    1|   ap_memory|                                          z_x_2|         array|
|z_x_2_d1                                                |  out|   32|   ap_memory|                                          z_x_2|         array|
|z_x_1_address1                                          |  out|    5|   ap_memory|                                          z_x_1|         array|
|z_x_1_ce1                                               |  out|    1|   ap_memory|                                          z_x_1|         array|
|z_x_1_we1                                               |  out|    1|   ap_memory|                                          z_x_1|         array|
|z_x_1_d1                                                |  out|   32|   ap_memory|                                          z_x_1|         array|
|z_x_address1                                            |  out|    5|   ap_memory|                                            z_x|         array|
|z_x_ce1                                                 |  out|    1|   ap_memory|                                            z_x|         array|
|z_x_we1                                                 |  out|    1|   ap_memory|                                            z_x|         array|
|z_x_d1                                                  |  out|   32|   ap_memory|                                            z_x|         array|
|p_anonymous_namespace_g_core_state_admm_z_x_0_address0  |  out|    5|   ap_memory|  p_anonymous_namespace_g_core_state_admm_z_x_0|         array|
|p_anonymous_namespace_g_core_state_admm_z_x_0_ce0       |  out|    1|   ap_memory|  p_anonymous_namespace_g_core_state_admm_z_x_0|         array|
|p_anonymous_namespace_g_core_state_admm_z_x_0_q0        |   in|   32|   ap_memory|  p_anonymous_namespace_g_core_state_admm_z_x_0|         array|
|p_anonymous_namespace_g_core_state_admm_z_x_1_address0  |  out|    5|   ap_memory|  p_anonymous_namespace_g_core_state_admm_z_x_1|         array|
|p_anonymous_namespace_g_core_state_admm_z_x_1_ce0       |  out|    1|   ap_memory|  p_anonymous_namespace_g_core_state_admm_z_x_1|         array|
|p_anonymous_namespace_g_core_state_admm_z_x_1_q0        |   in|   32|   ap_memory|  p_anonymous_namespace_g_core_state_admm_z_x_1|         array|
|p_anonymous_namespace_g_core_state_admm_z_x_2_address0  |  out|    5|   ap_memory|  p_anonymous_namespace_g_core_state_admm_z_x_2|         array|
|p_anonymous_namespace_g_core_state_admm_z_x_2_ce0       |  out|    1|   ap_memory|  p_anonymous_namespace_g_core_state_admm_z_x_2|         array|
|p_anonymous_namespace_g_core_state_admm_z_x_2_q0        |   in|   32|   ap_memory|  p_anonymous_namespace_g_core_state_admm_z_x_2|         array|
|p_anonymous_namespace_g_core_state_admm_z_x_3_address0  |  out|    5|   ap_memory|  p_anonymous_namespace_g_core_state_admm_z_x_3|         array|
|p_anonymous_namespace_g_core_state_admm_z_x_3_ce0       |  out|    1|   ap_memory|  p_anonymous_namespace_g_core_state_admm_z_x_3|         array|
|p_anonymous_namespace_g_core_state_admm_z_x_3_q0        |   in|   32|   ap_memory|  p_anonymous_namespace_g_core_state_admm_z_x_3|         array|
|p_anonymous_namespace_g_core_state_admm_z_x_4_address0  |  out|    5|   ap_memory|  p_anonymous_namespace_g_core_state_admm_z_x_4|         array|
|p_anonymous_namespace_g_core_state_admm_z_x_4_ce0       |  out|    1|   ap_memory|  p_anonymous_namespace_g_core_state_admm_z_x_4|         array|
|p_anonymous_namespace_g_core_state_admm_z_x_4_q0        |   in|   32|   ap_memory|  p_anonymous_namespace_g_core_state_admm_z_x_4|         array|
|p_anonymous_namespace_g_core_state_admm_z_x_5_address0  |  out|    5|   ap_memory|  p_anonymous_namespace_g_core_state_admm_z_x_5|         array|
|p_anonymous_namespace_g_core_state_admm_z_x_5_ce0       |  out|    1|   ap_memory|  p_anonymous_namespace_g_core_state_admm_z_x_5|         array|
|p_anonymous_namespace_g_core_state_admm_z_x_5_q0        |   in|   32|   ap_memory|  p_anonymous_namespace_g_core_state_admm_z_x_5|         array|
|p_anonymous_namespace_g_core_state_admm_z_x_6_address0  |  out|    5|   ap_memory|  p_anonymous_namespace_g_core_state_admm_z_x_6|         array|
|p_anonymous_namespace_g_core_state_admm_z_x_6_ce0       |  out|    1|   ap_memory|  p_anonymous_namespace_g_core_state_admm_z_x_6|         array|
|p_anonymous_namespace_g_core_state_admm_z_x_6_q0        |   in|   32|   ap_memory|  p_anonymous_namespace_g_core_state_admm_z_x_6|         array|
|p_anonymous_namespace_g_core_state_admm_z_x_7_address0  |  out|    5|   ap_memory|  p_anonymous_namespace_g_core_state_admm_z_x_7|         array|
|p_anonymous_namespace_g_core_state_admm_z_x_7_ce0       |  out|    1|   ap_memory|  p_anonymous_namespace_g_core_state_admm_z_x_7|         array|
|p_anonymous_namespace_g_core_state_admm_z_x_7_q0        |   in|   32|   ap_memory|  p_anonymous_namespace_g_core_state_admm_z_x_7|         array|
|p_anonymous_namespace_g_core_state_admm_y_x_0_address0  |  out|    5|   ap_memory|  p_anonymous_namespace_g_core_state_admm_y_x_0|         array|
|p_anonymous_namespace_g_core_state_admm_y_x_0_ce0       |  out|    1|   ap_memory|  p_anonymous_namespace_g_core_state_admm_y_x_0|         array|
|p_anonymous_namespace_g_core_state_admm_y_x_0_q0        |   in|   32|   ap_memory|  p_anonymous_namespace_g_core_state_admm_y_x_0|         array|
|p_anonymous_namespace_g_core_state_admm_y_x_1_address0  |  out|    5|   ap_memory|  p_anonymous_namespace_g_core_state_admm_y_x_1|         array|
|p_anonymous_namespace_g_core_state_admm_y_x_1_ce0       |  out|    1|   ap_memory|  p_anonymous_namespace_g_core_state_admm_y_x_1|         array|
|p_anonymous_namespace_g_core_state_admm_y_x_1_q0        |   in|   32|   ap_memory|  p_anonymous_namespace_g_core_state_admm_y_x_1|         array|
|p_anonymous_namespace_g_core_state_admm_y_x_2_address0  |  out|    5|   ap_memory|  p_anonymous_namespace_g_core_state_admm_y_x_2|         array|
|p_anonymous_namespace_g_core_state_admm_y_x_2_ce0       |  out|    1|   ap_memory|  p_anonymous_namespace_g_core_state_admm_y_x_2|         array|
|p_anonymous_namespace_g_core_state_admm_y_x_2_q0        |   in|   32|   ap_memory|  p_anonymous_namespace_g_core_state_admm_y_x_2|         array|
|p_anonymous_namespace_g_core_state_admm_y_x_3_address0  |  out|    5|   ap_memory|  p_anonymous_namespace_g_core_state_admm_y_x_3|         array|
|p_anonymous_namespace_g_core_state_admm_y_x_3_ce0       |  out|    1|   ap_memory|  p_anonymous_namespace_g_core_state_admm_y_x_3|         array|
|p_anonymous_namespace_g_core_state_admm_y_x_3_q0        |   in|   32|   ap_memory|  p_anonymous_namespace_g_core_state_admm_y_x_3|         array|
|p_anonymous_namespace_g_core_state_admm_y_x_4_address0  |  out|    5|   ap_memory|  p_anonymous_namespace_g_core_state_admm_y_x_4|         array|
|p_anonymous_namespace_g_core_state_admm_y_x_4_ce0       |  out|    1|   ap_memory|  p_anonymous_namespace_g_core_state_admm_y_x_4|         array|
|p_anonymous_namespace_g_core_state_admm_y_x_4_q0        |   in|   32|   ap_memory|  p_anonymous_namespace_g_core_state_admm_y_x_4|         array|
|p_anonymous_namespace_g_core_state_admm_y_x_5_address0  |  out|    5|   ap_memory|  p_anonymous_namespace_g_core_state_admm_y_x_5|         array|
|p_anonymous_namespace_g_core_state_admm_y_x_5_ce0       |  out|    1|   ap_memory|  p_anonymous_namespace_g_core_state_admm_y_x_5|         array|
|p_anonymous_namespace_g_core_state_admm_y_x_5_q0        |   in|   32|   ap_memory|  p_anonymous_namespace_g_core_state_admm_y_x_5|         array|
|p_anonymous_namespace_g_core_state_admm_y_x_6_address0  |  out|    5|   ap_memory|  p_anonymous_namespace_g_core_state_admm_y_x_6|         array|
|p_anonymous_namespace_g_core_state_admm_y_x_6_ce0       |  out|    1|   ap_memory|  p_anonymous_namespace_g_core_state_admm_y_x_6|         array|
|p_anonymous_namespace_g_core_state_admm_y_x_6_q0        |   in|   32|   ap_memory|  p_anonymous_namespace_g_core_state_admm_y_x_6|         array|
|p_anonymous_namespace_g_core_state_admm_y_x_7_address0  |  out|    5|   ap_memory|  p_anonymous_namespace_g_core_state_admm_y_x_7|         array|
|p_anonymous_namespace_g_core_state_admm_y_x_7_ce0       |  out|    1|   ap_memory|  p_anonymous_namespace_g_core_state_admm_y_x_7|         array|
|p_anonymous_namespace_g_core_state_admm_y_x_7_q0        |   in|   32|   ap_memory|  p_anonymous_namespace_g_core_state_admm_y_x_7|         array|
+--------------------------------------------------------+-----+-----+------------+-----------------------------------------------+--------------+

