

================================================================
== Vitis HLS Report for 'mpc_compute_hls_Pipeline_VITIS_LOOP_356_1'
================================================================
* Date:           Thu May 21 15:23:08 2026

* Version:        2025.2 (Build 6295257 on Nov 14 2025)
* Project:        mpc_fpga_top_opencl
* Solution:       hls (Vitis Kernel Flow Target)
* Product family: zynquplus
* Target device:  xck26-sfvc784-2LV-c


================================================================
== Performance Estimates
================================================================
+ Timing: 
    * Summary: 
    +--------+---------+----------+------------+
    |  Clock |  Target | Estimated| Uncertainty|
    +--------+---------+----------+------------+
    |ap_clk  |  5.00 ns|  1.643 ns|     0.50 ns|
    +--------+---------+----------+------------+

+ Latency: 
    * Summary: 
    +---------+---------+----------+----------+-----+-----+-------------------+
    |  Latency (cycles) |  Latency (absolute) |  Interval |      Pipeline     |
    |   min   |   max   |    min   |    max   | min | max |        Type       |
    +---------+---------+----------+----------+-----+-----+-------------------+
    |       22|       22|  0.110 us|  0.110 us|    0|    0|  loop pipeline stp|
    +---------+---------+----------+----------+-----+-----+-------------------+

    + Detail: 
        * Instance: 
        N/A

        * Loop: 
        +--------------------+---------+---------+----------+-----------+-----------+------+----------+
        |                    |  Latency (cycles) | Iteration|  Initiation Interval  | Trip |          |
        |      Loop Name     |   min   |   max   |  Latency |  achieved |   target  | Count| Pipelined|
        +--------------------+---------+---------+----------+-----------+-----------+------+----------+
        |- VITIS_LOOP_356_1  |       20|       20|         2|          1|          1|    20|       yes|
        +--------------------+---------+---------+----------+-----------+-----------+------+----------+



================================================================
== Utilization Estimates
================================================================
* Summary: 
+-----------------+---------+------+--------+--------+-----+
|       Name      | BRAM_18K|  DSP |   FF   |   LUT  | URAM|
+-----------------+---------+------+--------+--------+-----+
|DSP              |        -|     -|       -|       -|    -|
|Expression       |        -|     -|       0|      26|    -|
|FIFO             |        -|     -|       -|       -|    -|
|Instance         |        -|     -|       -|       -|    -|
|Memory           |        -|     -|       -|       -|    -|
|Multiplexer      |        -|     -|       0|      36|    -|
|Register         |        -|     -|    1293|       -|    -|
+-----------------+---------+------+--------+--------+-----+
|Total            |        0|     0|    1293|      62|    0|
+-----------------+---------+------+--------+--------+-----+
|Available        |      288|  1248|  234240|  117120|   64|
+-----------------+---------+------+--------+--------+-----+
|Utilization (%)  |        0|     0|      ~0|      ~0|    0|
+-----------------+---------+------+--------+--------+-----+

+ Detail: 
    * Instance: 
    N/A

    * DSP: 
    N/A

    * Memory: 
    N/A

    * FIFO: 
    N/A

    * Expression: 
    +----------------------+----------+----+---+----+------------+------------+
    |     Variable Name    | Operation| DSP| FF| LUT| Bitwidth P0| Bitwidth P1|
    +----------------------+----------+----+---+----+------------+------------+
    |add_ln356_fu_630_p2   |         +|   0|  0|  12|           5|           1|
    |icmp_ln356_fu_624_p2  |      icmp|   0|  0|  12|           5|           5|
    |ap_enable_pp0         |       xor|   0|  0|   2|           1|           2|
    +----------------------+----------+----+---+----+------------+------------+
    |Total                 |          |   0|  0|  26|          11|           8|
    +----------------------+----------+----+---+----+------------+------------+

    * Multiplexer: 
    +-------------------------+----+-----------+-----+-----------+
    |           Name          | LUT| Input Size| Bits| Total Bits|
    +-------------------------+----+-----------+-----+-----------+
    |ap_done_int              |   9|          2|    1|          2|
    |ap_enable_reg_pp0_iter1  |   9|          2|    1|          2|
    |ap_sig_allocacmp_k_4     |   9|          2|    5|         10|
    |k_fu_146                 |   9|          2|    5|         10|
    +-------------------------+----+-----------+-----+-----------+
    |Total                    |  36|          8|   12|         24|
    +-------------------------+----+-----------+-----+-----------+

    * Register: 
    +-------------------------+----+----+-----+-----------+
    |           Name          | FF | LUT| Bits| Const Bits|
    +-------------------------+----+----+-----+-----------+
    |ap_CS_fsm                |   1|   0|    1|          0|
    |ap_done_reg              |   1|   0|    1|          0|
    |ap_enable_reg_pp0_iter1  |   1|   0|    1|          0|
    |k_4_reg_1296             |   5|   0|    5|          0|
    |k_fu_146                 |   5|   0|    5|          0|
    |p_0_0_010144103_fu_170   |  32|   0|   32|          0|
    |p_0_0_010144107_fu_178   |  32|   0|   32|          0|
    |p_0_0_010144111_fu_186   |  32|   0|   32|          0|
    |p_0_0_010144115_fu_194   |  32|   0|   32|          0|
    |p_0_0_010144119_fu_202   |  32|   0|   32|          0|
    |p_0_0_010144123_fu_210   |  32|   0|   32|          0|
    |p_0_0_010144127_fu_218   |  32|   0|   32|          0|
    |p_0_0_010144131_fu_226   |  32|   0|   32|          0|
    |p_0_0_010144135_fu_234   |  32|   0|   32|          0|
    |p_0_0_010144139_fu_242   |  32|   0|   32|          0|
    |p_0_0_010144143_fu_250   |  32|   0|   32|          0|
    |p_0_0_010144147_fu_258   |  32|   0|   32|          0|
    |p_0_0_010144151_fu_266   |  32|   0|   32|          0|
    |p_0_0_010144155_fu_274   |  32|   0|   32|          0|
    |p_0_0_010144159_fu_282   |  32|   0|   32|          0|
    |p_0_0_010144163_fu_290   |  32|   0|   32|          0|
    |p_0_0_010144167_fu_298   |  32|   0|   32|          0|
    |p_0_0_010144171_fu_306   |  32|   0|   32|          0|
    |p_0_0_01014495_fu_154    |  32|   0|   32|          0|
    |p_0_0_01014499_fu_162    |  32|   0|   32|          0|
    |p_0_0_010145101_fu_166   |  32|   0|   32|          0|
    |p_0_0_010145105_fu_174   |  32|   0|   32|          0|
    |p_0_0_010145109_fu_182   |  32|   0|   32|          0|
    |p_0_0_010145113_fu_190   |  32|   0|   32|          0|
    |p_0_0_010145117_fu_198   |  32|   0|   32|          0|
    |p_0_0_010145121_fu_206   |  32|   0|   32|          0|
    |p_0_0_010145125_fu_214   |  32|   0|   32|          0|
    |p_0_0_010145129_fu_222   |  32|   0|   32|          0|
    |p_0_0_010145133_fu_230   |  32|   0|   32|          0|
    |p_0_0_010145137_fu_238   |  32|   0|   32|          0|
    |p_0_0_010145141_fu_246   |  32|   0|   32|          0|
    |p_0_0_010145145_fu_254   |  32|   0|   32|          0|
    |p_0_0_010145149_fu_262   |  32|   0|   32|          0|
    |p_0_0_010145153_fu_270   |  32|   0|   32|          0|
    |p_0_0_010145157_fu_278   |  32|   0|   32|          0|
    |p_0_0_010145161_fu_286   |  32|   0|   32|          0|
    |p_0_0_010145165_fu_294   |  32|   0|   32|          0|
    |p_0_0_010145169_fu_302   |  32|   0|   32|          0|
    |p_0_0_01014593_fu_150    |  32|   0|   32|          0|
    |p_0_0_01014597_fu_158    |  32|   0|   32|          0|
    +-------------------------+----+----+-----+-----------+
    |Total                    |1293|   0| 1293|          0|
    +-------------------------+----+----+-----+-----------+



================================================================
== Interface
================================================================
* Summary: 
+-------------------------------+-----+-----+------------+-------------------------------------------+--------------+
|           RTL Ports           | Dir | Bits|  Protocol  |               Source Object               |    C Type    |
+-------------------------------+-----+-----+------------+-------------------------------------------+--------------+
|ap_clk                         |   in|    1|  ap_ctrl_hs|  mpc_compute_hls_Pipeline_VITIS_LOOP_356_1|  return value|
|ap_rst                         |   in|    1|  ap_ctrl_hs|  mpc_compute_hls_Pipeline_VITIS_LOOP_356_1|  return value|
|ap_start                       |   in|    1|  ap_ctrl_hs|  mpc_compute_hls_Pipeline_VITIS_LOOP_356_1|  return value|
|ap_done                        |  out|    1|  ap_ctrl_hs|  mpc_compute_hls_Pipeline_VITIS_LOOP_356_1|  return value|
|ap_idle                        |  out|    1|  ap_ctrl_hs|  mpc_compute_hls_Pipeline_VITIS_LOOP_356_1|  return value|
|ap_ready                       |  out|    1|  ap_ctrl_hs|  mpc_compute_hls_Pipeline_VITIS_LOOP_356_1|  return value|
|ref_left_wall_bound_address0   |  out|    5|   ap_memory|                        ref_left_wall_bound|         array|
|ref_left_wall_bound_ce0        |  out|    1|   ap_memory|                        ref_left_wall_bound|         array|
|ref_left_wall_bound_q0         |   in|   32|   ap_memory|                        ref_left_wall_bound|         array|
|ref_right_wall_bound_address0  |  out|    5|   ap_memory|                       ref_right_wall_bound|         array|
|ref_right_wall_bound_ce0       |  out|    1|   ap_memory|                       ref_right_wall_bound|         array|
|ref_right_wall_bound_q0        |   in|   32|   ap_memory|                       ref_right_wall_bound|         array|
|p_0_0_010144171_out            |  out|   32|      ap_vld|                        p_0_0_010144171_out|       pointer|
|p_0_0_010144171_out_ap_vld     |  out|    1|      ap_vld|                        p_0_0_010144171_out|       pointer|
|p_0_0_010145169_out            |  out|   32|      ap_vld|                        p_0_0_010145169_out|       pointer|
|p_0_0_010145169_out_ap_vld     |  out|    1|      ap_vld|                        p_0_0_010145169_out|       pointer|
|p_0_0_010144167_out            |  out|   32|      ap_vld|                        p_0_0_010144167_out|       pointer|
|p_0_0_010144167_out_ap_vld     |  out|    1|      ap_vld|                        p_0_0_010144167_out|       pointer|
|p_0_0_010145165_out            |  out|   32|      ap_vld|                        p_0_0_010145165_out|       pointer|
|p_0_0_010145165_out_ap_vld     |  out|    1|      ap_vld|                        p_0_0_010145165_out|       pointer|
|p_0_0_010144163_out            |  out|   32|      ap_vld|                        p_0_0_010144163_out|       pointer|
|p_0_0_010144163_out_ap_vld     |  out|    1|      ap_vld|                        p_0_0_010144163_out|       pointer|
|p_0_0_010145161_out            |  out|   32|      ap_vld|                        p_0_0_010145161_out|       pointer|
|p_0_0_010145161_out_ap_vld     |  out|    1|      ap_vld|                        p_0_0_010145161_out|       pointer|
|p_0_0_010144159_out            |  out|   32|      ap_vld|                        p_0_0_010144159_out|       pointer|
|p_0_0_010144159_out_ap_vld     |  out|    1|      ap_vld|                        p_0_0_010144159_out|       pointer|
|p_0_0_010145157_out            |  out|   32|      ap_vld|                        p_0_0_010145157_out|       pointer|
|p_0_0_010145157_out_ap_vld     |  out|    1|      ap_vld|                        p_0_0_010145157_out|       pointer|
|p_0_0_010144155_out            |  out|   32|      ap_vld|                        p_0_0_010144155_out|       pointer|
|p_0_0_010144155_out_ap_vld     |  out|    1|      ap_vld|                        p_0_0_010144155_out|       pointer|
|p_0_0_010145153_out            |  out|   32|      ap_vld|                        p_0_0_010145153_out|       pointer|
|p_0_0_010145153_out_ap_vld     |  out|    1|      ap_vld|                        p_0_0_010145153_out|       pointer|
|p_0_0_010144151_out            |  out|   32|      ap_vld|                        p_0_0_010144151_out|       pointer|
|p_0_0_010144151_out_ap_vld     |  out|    1|      ap_vld|                        p_0_0_010144151_out|       pointer|
|p_0_0_010145149_out            |  out|   32|      ap_vld|                        p_0_0_010145149_out|       pointer|
|p_0_0_010145149_out_ap_vld     |  out|    1|      ap_vld|                        p_0_0_010145149_out|       pointer|
|p_0_0_010144147_out            |  out|   32|      ap_vld|                        p_0_0_010144147_out|       pointer|
|p_0_0_010144147_out_ap_vld     |  out|    1|      ap_vld|                        p_0_0_010144147_out|       pointer|
|p_0_0_010145145_out            |  out|   32|      ap_vld|                        p_0_0_010145145_out|       pointer|
|p_0_0_010145145_out_ap_vld     |  out|    1|      ap_vld|                        p_0_0_010145145_out|       pointer|
|p_0_0_010144143_out            |  out|   32|      ap_vld|                        p_0_0_010144143_out|       pointer|
|p_0_0_010144143_out_ap_vld     |  out|    1|      ap_vld|                        p_0_0_010144143_out|       pointer|
|p_0_0_010145141_out            |  out|   32|      ap_vld|                        p_0_0_010145141_out|       pointer|
|p_0_0_010145141_out_ap_vld     |  out|    1|      ap_vld|                        p_0_0_010145141_out|       pointer|
|p_0_0_010144139_out            |  out|   32|      ap_vld|                        p_0_0_010144139_out|       pointer|
|p_0_0_010144139_out_ap_vld     |  out|    1|      ap_vld|                        p_0_0_010144139_out|       pointer|
|p_0_0_010145137_out            |  out|   32|      ap_vld|                        p_0_0_010145137_out|       pointer|
|p_0_0_010145137_out_ap_vld     |  out|    1|      ap_vld|                        p_0_0_010145137_out|       pointer|
|p_0_0_010144135_out            |  out|   32|      ap_vld|                        p_0_0_010144135_out|       pointer|
|p_0_0_010144135_out_ap_vld     |  out|    1|      ap_vld|                        p_0_0_010144135_out|       pointer|
|p_0_0_010145133_out            |  out|   32|      ap_vld|                        p_0_0_010145133_out|       pointer|
|p_0_0_010145133_out_ap_vld     |  out|    1|      ap_vld|                        p_0_0_010145133_out|       pointer|
|p_0_0_010144131_out            |  out|   32|      ap_vld|                        p_0_0_010144131_out|       pointer|
|p_0_0_010144131_out_ap_vld     |  out|    1|      ap_vld|                        p_0_0_010144131_out|       pointer|
|p_0_0_010145129_out            |  out|   32|      ap_vld|                        p_0_0_010145129_out|       pointer|
|p_0_0_010145129_out_ap_vld     |  out|    1|      ap_vld|                        p_0_0_010145129_out|       pointer|
|p_0_0_010144127_out            |  out|   32|      ap_vld|                        p_0_0_010144127_out|       pointer|
|p_0_0_010144127_out_ap_vld     |  out|    1|      ap_vld|                        p_0_0_010144127_out|       pointer|
|p_0_0_010145125_out            |  out|   32|      ap_vld|                        p_0_0_010145125_out|       pointer|
|p_0_0_010145125_out_ap_vld     |  out|    1|      ap_vld|                        p_0_0_010145125_out|       pointer|
|p_0_0_010144123_out            |  out|   32|      ap_vld|                        p_0_0_010144123_out|       pointer|
|p_0_0_010144123_out_ap_vld     |  out|    1|      ap_vld|                        p_0_0_010144123_out|       pointer|
|p_0_0_010145121_out            |  out|   32|      ap_vld|                        p_0_0_010145121_out|       pointer|
|p_0_0_010145121_out_ap_vld     |  out|    1|      ap_vld|                        p_0_0_010145121_out|       pointer|
|p_0_0_010144119_out            |  out|   32|      ap_vld|                        p_0_0_010144119_out|       pointer|
|p_0_0_010144119_out_ap_vld     |  out|    1|      ap_vld|                        p_0_0_010144119_out|       pointer|
|p_0_0_010145117_out            |  out|   32|      ap_vld|                        p_0_0_010145117_out|       pointer|
|p_0_0_010145117_out_ap_vld     |  out|    1|      ap_vld|                        p_0_0_010145117_out|       pointer|
|p_0_0_010144115_out            |  out|   32|      ap_vld|                        p_0_0_010144115_out|       pointer|
|p_0_0_010144115_out_ap_vld     |  out|    1|      ap_vld|                        p_0_0_010144115_out|       pointer|
|p_0_0_010145113_out            |  out|   32|      ap_vld|                        p_0_0_010145113_out|       pointer|
|p_0_0_010145113_out_ap_vld     |  out|    1|      ap_vld|                        p_0_0_010145113_out|       pointer|
|p_0_0_010144111_out            |  out|   32|      ap_vld|                        p_0_0_010144111_out|       pointer|
|p_0_0_010144111_out_ap_vld     |  out|    1|      ap_vld|                        p_0_0_010144111_out|       pointer|
|p_0_0_010145109_out            |  out|   32|      ap_vld|                        p_0_0_010145109_out|       pointer|
|p_0_0_010145109_out_ap_vld     |  out|    1|      ap_vld|                        p_0_0_010145109_out|       pointer|
|p_0_0_010144107_out            |  out|   32|      ap_vld|                        p_0_0_010144107_out|       pointer|
|p_0_0_010144107_out_ap_vld     |  out|    1|      ap_vld|                        p_0_0_010144107_out|       pointer|
|p_0_0_010145105_out            |  out|   32|      ap_vld|                        p_0_0_010145105_out|       pointer|
|p_0_0_010145105_out_ap_vld     |  out|    1|      ap_vld|                        p_0_0_010145105_out|       pointer|
|p_0_0_010144103_out            |  out|   32|      ap_vld|                        p_0_0_010144103_out|       pointer|
|p_0_0_010144103_out_ap_vld     |  out|    1|      ap_vld|                        p_0_0_010144103_out|       pointer|
|p_0_0_010145101_out            |  out|   32|      ap_vld|                        p_0_0_010145101_out|       pointer|
|p_0_0_010145101_out_ap_vld     |  out|    1|      ap_vld|                        p_0_0_010145101_out|       pointer|
|p_0_0_01014499_out             |  out|   32|      ap_vld|                         p_0_0_01014499_out|       pointer|
|p_0_0_01014499_out_ap_vld      |  out|    1|      ap_vld|                         p_0_0_01014499_out|       pointer|
|p_0_0_01014597_out             |  out|   32|      ap_vld|                         p_0_0_01014597_out|       pointer|
|p_0_0_01014597_out_ap_vld      |  out|    1|      ap_vld|                         p_0_0_01014597_out|       pointer|
|p_0_0_01014495_out             |  out|   32|      ap_vld|                         p_0_0_01014495_out|       pointer|
|p_0_0_01014495_out_ap_vld      |  out|    1|      ap_vld|                         p_0_0_01014495_out|       pointer|
|p_0_0_01014593_out             |  out|   32|      ap_vld|                         p_0_0_01014593_out|       pointer|
|p_0_0_01014593_out_ap_vld      |  out|    1|      ap_vld|                         p_0_0_01014593_out|       pointer|
+-------------------------------+-----+-----+------------+-------------------------------------------+--------------+

