

================================================================
== Vitis HLS Report for 'mpc_compute_hls_Pipeline_VITIS_LOOP_366_2'
================================================================
* Date:           Thu May 21 15:23:08 2026

* Version:        2025.2 (Build 6295257 on Nov 14 2025)
* Project:        mpc_fpga_top_opencl
* Solution:       hls (Vitis Kernel Flow Target)
* Product family: zynquplus
* Target device:  xck26-sfvc784-2LV-c


================================================================
== Performance Estimates
================================================================
+ Timing: 
    * Summary: 
    +--------+---------+----------+------------+
    |  Clock |  Target | Estimated| Uncertainty|
    +--------+---------+----------+------------+
    |ap_clk  |  5.00 ns|  3.492 ns|     0.50 ns|
    +--------+---------+----------+------------+

+ Latency: 
    * Summary: 
    +---------+---------+----------+----------+-----+-----+-------------------+
    |  Latency (cycles) |  Latency (absolute) |  Interval |      Pipeline     |
    |   min   |   max   |    min   |    max   | min | max |        Type       |
    +---------+---------+----------+----------+-----+-----+-------------------+
    |       23|       23|  0.115 us|  0.115 us|    0|    0|  loop pipeline stp|
    +---------+---------+----------+----------+-----+-----+-------------------+

    + Detail: 
        * Instance: 
        +-----------------------------------+------------------------+---------+---------+----------+----------+-----+-----+---------+
        |                                   |                        |  Latency (cycles) |  Latency (absolute) |  Interval | Pipeline|
        |              Instance             |         Module         |   min   |   max   |    min   |    max   | min | max |   Type  |
        +-----------------------------------+------------------------+---------+---------+----------+----------+-----+-----+---------+
        |grp_compute_window_min_hls_fu_908  |compute_window_min_hls  |        1|        1|  5.000 ns|  5.000 ns|    1|    1|      yes|
        |grp_compute_window_min_hls_fu_933  |compute_window_min_hls  |        1|        1|  5.000 ns|  5.000 ns|    1|    1|      yes|
        +-----------------------------------+------------------------+---------+---------+----------+----------+-----+-----+---------+

        * Loop: 
        +--------------------+---------+---------+----------+-----------+-----------+------+----------+
        |                    |  Latency (cycles) | Iteration|  Initiation Interval  | Trip |          |
        |      Loop Name     |   min   |   max   |  Latency |  achieved |   target  | Count| Pipelined|
        +--------------------+---------+---------+----------+-----------+-----------+------+----------+
        |- VITIS_LOOP_366_2  |       21|       21|         3|          1|          1|    20|       yes|
        +--------------------+---------+---------+----------+-----------+-----------+------+----------+



================================================================
== Utilization Estimates
================================================================
* Summary: 
+-----------------+---------+------+--------+--------+-----+
|       Name      | BRAM_18K|  DSP |   FF   |   LUT  | URAM|
+-----------------+---------+------+--------+--------+-----+
|DSP              |        -|     -|       -|       -|    -|
|Expression       |        -|     -|       0|      28|    -|
|FIFO             |        -|     -|       -|       -|    -|
|Instance         |        -|     -|     260|    2822|    -|
|Memory           |        -|     -|       -|       -|    -|
|Multiplexer      |        -|     -|       0|      36|    -|
|Register         |        -|     -|    1318|       -|    -|
+-----------------+---------+------+--------+--------+-----+
|Total            |        0|     0|    1578|    2886|    0|
+-----------------+---------+------+--------+--------+-----+
|Available        |      288|  1248|  234240|  117120|   64|
+-----------------+---------+------+--------+--------+-----+
|Utilization (%)  |        0|     0|      ~0|       2|    0|
+-----------------+---------+------+--------+--------+-----+

+ Detail: 
    * Instance: 
    +-----------------------------------+------------------------+---------+----+-----+------+-----+
    |              Instance             |         Module         | BRAM_18K| DSP|  FF |  LUT | URAM|
    +-----------------------------------+------------------------+---------+----+-----+------+-----+
    |grp_compute_window_min_hls_fu_908  |compute_window_min_hls  |        0|   0|  130|  1411|    0|
    |grp_compute_window_min_hls_fu_933  |compute_window_min_hls  |        0|   0|  130|  1411|    0|
    +-----------------------------------+------------------------+---------+----+-----+------+-----+
    |Total                              |                        |        0|   0|  260|  2822|    0|
    +-----------------------------------+------------------------+---------+----+-----+------+-----+

    * DSP: 
    N/A

    * Memory: 
    N/A

    * FIFO: 
    N/A

    * Expression: 
    +-----------------------------+----------+----+---+----+------------+------------+
    |        Variable Name        | Operation| DSP| FF| LUT| Bitwidth P0| Bitwidth P1|
    +-----------------------------+----------+----+---+----+------------+------------+
    |add_ln366_fu_972_p2          |         +|   0|  0|  12|           5|           1|
    |ap_predicate_pred684_state3  |       and|   0|  0|   2|           1|           1|
    |icmp_ln366_fu_966_p2         |      icmp|   0|  0|  12|           5|           5|
    |ap_enable_pp0                |       xor|   0|  0|   2|           1|           2|
    +-----------------------------+----------+----+---+----+------------+------------+
    |Total                        |          |   0|  0|  28|          12|           9|
    +-----------------------------+----------+----+---+----+------------+------------+

    * Multiplexer: 
    +-------------------------+----+-----------+-----+-----------+
    |           Name          | LUT| Input Size| Bits| Total Bits|
    +-------------------------+----+-----------+-----+-----------+
    |ap_done_int              |   9|          2|    1|          2|
    |ap_enable_reg_pp0_iter1  |   9|          2|    1|          2|
    |ap_sig_allocacmp_k       |   9|          2|    5|         10|
    |k_2_fu_224               |   9|          2|    5|         10|
    +-------------------------+----+-----------+-----+-----------+
    |Total                    |  36|          8|   12|         24|
    +-------------------------+----+-----------+-----+-----------+

    * Register: 
    +------------------------------------------------+----+----+-----+-----------+
    |                      Name                      | FF | LUT| Bits| Const Bits|
    +------------------------------------------------+----+----+-----+-----------+
    |ap_CS_fsm                                       |   1|   0|    1|          0|
    |ap_done_reg                                     |   1|   0|    1|          0|
    |ap_enable_reg_pp0_iter1                         |   1|   0|    1|          0|
    |ap_enable_reg_pp0_iter2                         |   1|   0|    1|          0|
    |ap_loop_exit_ready_pp0_iter1_reg                |   1|   0|    1|          0|
    |ap_predicate_pred472_state3                     |   1|   0|    1|          0|
    |ap_predicate_pred487_state3                     |   1|   0|    1|          0|
    |ap_predicate_pred496_state3                     |   1|   0|    1|          0|
    |ap_predicate_pred505_state3                     |   1|   0|    1|          0|
    |ap_predicate_pred514_state3                     |   1|   0|    1|          0|
    |ap_predicate_pred523_state3                     |   1|   0|    1|          0|
    |ap_predicate_pred532_state3                     |   1|   0|    1|          0|
    |ap_predicate_pred541_state3                     |   1|   0|    1|          0|
    |ap_predicate_pred550_state3                     |   1|   0|    1|          0|
    |ap_predicate_pred559_state3                     |   1|   0|    1|          0|
    |ap_predicate_pred568_state3                     |   1|   0|    1|          0|
    |ap_predicate_pred577_state3                     |   1|   0|    1|          0|
    |ap_predicate_pred586_state3                     |   1|   0|    1|          0|
    |ap_predicate_pred595_state3                     |   1|   0|    1|          0|
    |ap_predicate_pred604_state3                     |   1|   0|    1|          0|
    |ap_predicate_pred613_state3                     |   1|   0|    1|          0|
    |ap_predicate_pred622_state3                     |   1|   0|    1|          0|
    |ap_predicate_pred631_state3                     |   1|   0|    1|          0|
    |ap_predicate_pred640_state3                     |   1|   0|    1|          0|
    |ap_predicate_pred684_state3                     |   1|   0|    1|          0|
    |grp_compute_window_min_hls_fu_908_ap_start_reg  |   1|   0|    1|          0|
    |grp_compute_window_min_hls_fu_933_ap_start_reg  |   1|   0|    1|          0|
    |icmp_ln366_reg_1838                             |   1|   0|    1|          0|
    |k_2_fu_224                                      |   5|   0|    5|          0|
    |k_reg_1831                                      |   5|   0|    5|          0|
    |wall_left_min_10_fu_268                         |  32|   0|   32|          0|
    |wall_left_min_11_fu_272                         |  32|   0|   32|          0|
    |wall_left_min_12_fu_276                         |  32|   0|   32|          0|
    |wall_left_min_13_fu_280                         |  32|   0|   32|          0|
    |wall_left_min_14_fu_284                         |  32|   0|   32|          0|
    |wall_left_min_15_fu_288                         |  32|   0|   32|          0|
    |wall_left_min_16_fu_292                         |  32|   0|   32|          0|
    |wall_left_min_17_fu_296                         |  32|   0|   32|          0|
    |wall_left_min_18_fu_300                         |  32|   0|   32|          0|
    |wall_left_min_19_fu_304                         |  32|   0|   32|          0|
    |wall_left_min_1_fu_232                          |  32|   0|   32|          0|
    |wall_left_min_2_fu_236                          |  32|   0|   32|          0|
    |wall_left_min_3_fu_240                          |  32|   0|   32|          0|
    |wall_left_min_4_fu_244                          |  32|   0|   32|          0|
    |wall_left_min_5_fu_248                          |  32|   0|   32|          0|
    |wall_left_min_6_fu_252                          |  32|   0|   32|          0|
    |wall_left_min_7_fu_256                          |  32|   0|   32|          0|
    |wall_left_min_8_fu_260                          |  32|   0|   32|          0|
    |wall_left_min_9_fu_264                          |  32|   0|   32|          0|
    |wall_left_min_fu_228                            |  32|   0|   32|          0|
    |wall_right_min_10_fu_348                        |  32|   0|   32|          0|
    |wall_right_min_11_fu_352                        |  32|   0|   32|          0|
    |wall_right_min_12_fu_356                        |  32|   0|   32|          0|
    |wall_right_min_13_fu_360                        |  32|   0|   32|          0|
    |wall_right_min_14_fu_364                        |  32|   0|   32|          0|
    |wall_right_min_15_fu_368                        |  32|   0|   32|          0|
    |wall_right_min_16_fu_372                        |  32|   0|   32|          0|
    |wall_right_min_17_fu_376                        |  32|   0|   32|          0|
    |wall_right_min_18_fu_380                        |  32|   0|   32|          0|
    |wall_right_min_19_fu_384                        |  32|   0|   32|          0|
    |wall_right_min_1_fu_312                         |  32|   0|   32|          0|
    |wall_right_min_2_fu_316                         |  32|   0|   32|          0|
    |wall_right_min_3_fu_320                         |  32|   0|   32|          0|
    |wall_right_min_4_fu_324                         |  32|   0|   32|          0|
    |wall_right_min_5_fu_328                         |  32|   0|   32|          0|
    |wall_right_min_6_fu_332                         |  32|   0|   32|          0|
    |wall_right_min_7_fu_336                         |  32|   0|   32|          0|
    |wall_right_min_8_fu_340                         |  32|   0|   32|          0|
    |wall_right_min_9_fu_344                         |  32|   0|   32|          0|
    |wall_right_min_fu_308                           |  32|   0|   32|          0|
    +------------------------------------------------+----+----+-----+-----------+
    |Total                                           |1318|   0| 1318|          0|
    +------------------------------------------------+----+----+-----+-----------+



================================================================
== Interface
================================================================
* Summary: 
+------------------------------+-----+-----+------------+-------------------------------------------+--------------+
|           RTL Ports          | Dir | Bits|  Protocol  |               Source Object               |    C Type    |
+------------------------------+-----+-----+------------+-------------------------------------------+--------------+
|ap_clk                        |   in|    1|  ap_ctrl_hs|  mpc_compute_hls_Pipeline_VITIS_LOOP_366_2|  return value|
|ap_rst                        |   in|    1|  ap_ctrl_hs|  mpc_compute_hls_Pipeline_VITIS_LOOP_366_2|  return value|
|ap_start                      |   in|    1|  ap_ctrl_hs|  mpc_compute_hls_Pipeline_VITIS_LOOP_366_2|  return value|
|ap_done                       |  out|    1|  ap_ctrl_hs|  mpc_compute_hls_Pipeline_VITIS_LOOP_366_2|  return value|
|ap_idle                       |  out|    1|  ap_ctrl_hs|  mpc_compute_hls_Pipeline_VITIS_LOOP_366_2|  return value|
|ap_ready                      |  out|    1|  ap_ctrl_hs|  mpc_compute_hls_Pipeline_VITIS_LOOP_366_2|  return value|
|p_0_0_010145165_reload        |   in|   32|     ap_none|                     p_0_0_010145165_reload|        scalar|
|p_0_0_010145161_reload        |   in|   32|     ap_none|                     p_0_0_010145161_reload|        scalar|
|p_0_0_010145157_reload        |   in|   32|     ap_none|                     p_0_0_010145157_reload|        scalar|
|p_0_0_010145153_reload        |   in|   32|     ap_none|                     p_0_0_010145153_reload|        scalar|
|p_0_0_010145149_reload        |   in|   32|     ap_none|                     p_0_0_010145149_reload|        scalar|
|p_0_0_010145145_reload        |   in|   32|     ap_none|                     p_0_0_010145145_reload|        scalar|
|p_0_0_010145141_reload        |   in|   32|     ap_none|                     p_0_0_010145141_reload|        scalar|
|p_0_0_010145137_reload        |   in|   32|     ap_none|                     p_0_0_010145137_reload|        scalar|
|p_0_0_010145133_reload        |   in|   32|     ap_none|                     p_0_0_010145133_reload|        scalar|
|p_0_0_010145129_reload        |   in|   32|     ap_none|                     p_0_0_010145129_reload|        scalar|
|p_0_0_010145125_reload        |   in|   32|     ap_none|                     p_0_0_010145125_reload|        scalar|
|p_0_0_010145121_reload        |   in|   32|     ap_none|                     p_0_0_010145121_reload|        scalar|
|p_0_0_010145117_reload        |   in|   32|     ap_none|                     p_0_0_010145117_reload|        scalar|
|p_0_0_010145113_reload        |   in|   32|     ap_none|                     p_0_0_010145113_reload|        scalar|
|p_0_0_010145109_reload        |   in|   32|     ap_none|                     p_0_0_010145109_reload|        scalar|
|p_0_0_010145105_reload        |   in|   32|     ap_none|                     p_0_0_010145105_reload|        scalar|
|p_0_0_010145101_reload        |   in|   32|     ap_none|                     p_0_0_010145101_reload|        scalar|
|p_0_0_01014597_reload         |   in|   32|     ap_none|                      p_0_0_01014597_reload|        scalar|
|p_0_0_01014593_reload         |   in|   32|     ap_none|                      p_0_0_01014593_reload|        scalar|
|p_0_0_010145169_reload        |   in|   32|     ap_none|                     p_0_0_010145169_reload|        scalar|
|p_0_0_010144167_reload        |   in|   32|     ap_none|                     p_0_0_010144167_reload|        scalar|
|p_0_0_010144163_reload        |   in|   32|     ap_none|                     p_0_0_010144163_reload|        scalar|
|p_0_0_010144159_reload        |   in|   32|     ap_none|                     p_0_0_010144159_reload|        scalar|
|p_0_0_010144155_reload        |   in|   32|     ap_none|                     p_0_0_010144155_reload|        scalar|
|p_0_0_010144151_reload        |   in|   32|     ap_none|                     p_0_0_010144151_reload|        scalar|
|p_0_0_010144147_reload        |   in|   32|     ap_none|                     p_0_0_010144147_reload|        scalar|
|p_0_0_010144143_reload        |   in|   32|     ap_none|                     p_0_0_010144143_reload|        scalar|
|p_0_0_010144139_reload        |   in|   32|     ap_none|                     p_0_0_010144139_reload|        scalar|
|p_0_0_010144135_reload        |   in|   32|     ap_none|                     p_0_0_010144135_reload|        scalar|
|p_0_0_010144131_reload        |   in|   32|     ap_none|                     p_0_0_010144131_reload|        scalar|
|p_0_0_010144127_reload        |   in|   32|     ap_none|                     p_0_0_010144127_reload|        scalar|
|p_0_0_010144123_reload        |   in|   32|     ap_none|                     p_0_0_010144123_reload|        scalar|
|p_0_0_010144119_reload        |   in|   32|     ap_none|                     p_0_0_010144119_reload|        scalar|
|p_0_0_010144115_reload        |   in|   32|     ap_none|                     p_0_0_010144115_reload|        scalar|
|p_0_0_010144111_reload        |   in|   32|     ap_none|                     p_0_0_010144111_reload|        scalar|
|p_0_0_010144107_reload        |   in|   32|     ap_none|                     p_0_0_010144107_reload|        scalar|
|p_0_0_010144103_reload        |   in|   32|     ap_none|                     p_0_0_010144103_reload|        scalar|
|p_0_0_01014499_reload         |   in|   32|     ap_none|                      p_0_0_01014499_reload|        scalar|
|p_0_0_01014495_reload         |   in|   32|     ap_none|                      p_0_0_01014495_reload|        scalar|
|p_0_0_010144171_reload        |   in|   32|     ap_none|                     p_0_0_010144171_reload|        scalar|
|wall_right_min_19_out         |  out|   32|      ap_vld|                      wall_right_min_19_out|       pointer|
|wall_right_min_19_out_ap_vld  |  out|    1|      ap_vld|                      wall_right_min_19_out|       pointer|
|wall_right_min_18_out         |  out|   32|      ap_vld|                      wall_right_min_18_out|       pointer|
|wall_right_min_18_out_ap_vld  |  out|    1|      ap_vld|                      wall_right_min_18_out|       pointer|
|wall_right_min_17_out         |  out|   32|      ap_vld|                      wall_right_min_17_out|       pointer|
|wall_right_min_17_out_ap_vld  |  out|    1|      ap_vld|                      wall_right_min_17_out|       pointer|
|wall_right_min_16_out         |  out|   32|      ap_vld|                      wall_right_min_16_out|       pointer|
|wall_right_min_16_out_ap_vld  |  out|    1|      ap_vld|                      wall_right_min_16_out|       pointer|
|wall_right_min_15_out         |  out|   32|      ap_vld|                      wall_right_min_15_out|       pointer|
|wall_right_min_15_out_ap_vld  |  out|    1|      ap_vld|                      wall_right_min_15_out|       pointer|
|wall_right_min_14_out         |  out|   32|      ap_vld|                      wall_right_min_14_out|       pointer|
|wall_right_min_14_out_ap_vld  |  out|    1|      ap_vld|                      wall_right_min_14_out|       pointer|
|wall_right_min_13_out         |  out|   32|      ap_vld|                      wall_right_min_13_out|       pointer|
|wall_right_min_13_out_ap_vld  |  out|    1|      ap_vld|                      wall_right_min_13_out|       pointer|
|wall_right_min_12_out         |  out|   32|      ap_vld|                      wall_right_min_12_out|       pointer|
|wall_right_min_12_out_ap_vld  |  out|    1|      ap_vld|                      wall_right_min_12_out|       pointer|
|wall_right_min_11_out         |  out|   32|      ap_vld|                      wall_right_min_11_out|       pointer|
|wall_right_min_11_out_ap_vld  |  out|    1|      ap_vld|                      wall_right_min_11_out|       pointer|
|wall_right_min_10_out         |  out|   32|      ap_vld|                      wall_right_min_10_out|       pointer|
|wall_right_min_10_out_ap_vld  |  out|    1|      ap_vld|                      wall_right_min_10_out|       pointer|
|wall_right_min_9_out          |  out|   32|      ap_vld|                       wall_right_min_9_out|       pointer|
|wall_right_min_9_out_ap_vld   |  out|    1|      ap_vld|                       wall_right_min_9_out|       pointer|
|wall_right_min_8_out          |  out|   32|      ap_vld|                       wall_right_min_8_out|       pointer|
|wall_right_min_8_out_ap_vld   |  out|    1|      ap_vld|                       wall_right_min_8_out|       pointer|
|wall_right_min_7_out          |  out|   32|      ap_vld|                       wall_right_min_7_out|       pointer|
|wall_right_min_7_out_ap_vld   |  out|    1|      ap_vld|                       wall_right_min_7_out|       pointer|
|wall_right_min_6_out          |  out|   32|      ap_vld|                       wall_right_min_6_out|       pointer|
|wall_right_min_6_out_ap_vld   |  out|    1|      ap_vld|                       wall_right_min_6_out|       pointer|
|wall_right_min_5_out          |  out|   32|      ap_vld|                       wall_right_min_5_out|       pointer|
|wall_right_min_5_out_ap_vld   |  out|    1|      ap_vld|                       wall_right_min_5_out|       pointer|
|wall_right_min_4_out          |  out|   32|      ap_vld|                       wall_right_min_4_out|       pointer|
|wall_right_min_4_out_ap_vld   |  out|    1|      ap_vld|                       wall_right_min_4_out|       pointer|
|wall_right_min_3_out          |  out|   32|      ap_vld|                       wall_right_min_3_out|       pointer|
|wall_right_min_3_out_ap_vld   |  out|    1|      ap_vld|                       wall_right_min_3_out|       pointer|
|wall_right_min_2_out          |  out|   32|      ap_vld|                       wall_right_min_2_out|       pointer|
|wall_right_min_2_out_ap_vld   |  out|    1|      ap_vld|                       wall_right_min_2_out|       pointer|
|wall_right_min_1_out          |  out|   32|      ap_vld|                       wall_right_min_1_out|       pointer|
|wall_right_min_1_out_ap_vld   |  out|    1|      ap_vld|                       wall_right_min_1_out|       pointer|
|wall_right_min_out            |  out|   32|      ap_vld|                         wall_right_min_out|       pointer|
|wall_right_min_out_ap_vld     |  out|    1|      ap_vld|                         wall_right_min_out|       pointer|
|wall_left_min_19_out          |  out|   32|      ap_vld|                       wall_left_min_19_out|       pointer|
|wall_left_min_19_out_ap_vld   |  out|    1|      ap_vld|                       wall_left_min_19_out|       pointer|
|wall_left_min_18_out          |  out|   32|      ap_vld|                       wall_left_min_18_out|       pointer|
|wall_left_min_18_out_ap_vld   |  out|    1|      ap_vld|                       wall_left_min_18_out|       pointer|
|wall_left_min_17_out          |  out|   32|      ap_vld|                       wall_left_min_17_out|       pointer|
|wall_left_min_17_out_ap_vld   |  out|    1|      ap_vld|                       wall_left_min_17_out|       pointer|
|wall_left_min_16_out          |  out|   32|      ap_vld|                       wall_left_min_16_out|       pointer|
|wall_left_min_16_out_ap_vld   |  out|    1|      ap_vld|                       wall_left_min_16_out|       pointer|
|wall_left_min_15_out          |  out|   32|      ap_vld|                       wall_left_min_15_out|       pointer|
|wall_left_min_15_out_ap_vld   |  out|    1|      ap_vld|                       wall_left_min_15_out|       pointer|
|wall_left_min_14_out          |  out|   32|      ap_vld|                       wall_left_min_14_out|       pointer|
|wall_left_min_14_out_ap_vld   |  out|    1|      ap_vld|                       wall_left_min_14_out|       pointer|
|wall_left_min_13_out          |  out|   32|      ap_vld|                       wall_left_min_13_out|       pointer|
|wall_left_min_13_out_ap_vld   |  out|    1|      ap_vld|                       wall_left_min_13_out|       pointer|
|wall_left_min_12_out          |  out|   32|      ap_vld|                       wall_left_min_12_out|       pointer|
|wall_left_min_12_out_ap_vld   |  out|    1|      ap_vld|                       wall_left_min_12_out|       pointer|
|wall_left_min_11_out          |  out|   32|      ap_vld|                       wall_left_min_11_out|       pointer|
|wall_left_min_11_out_ap_vld   |  out|    1|      ap_vld|                       wall_left_min_11_out|       pointer|
|wall_left_min_10_out          |  out|   32|      ap_vld|                       wall_left_min_10_out|       pointer|
|wall_left_min_10_out_ap_vld   |  out|    1|      ap_vld|                       wall_left_min_10_out|       pointer|
|wall_left_min_9_out           |  out|   32|      ap_vld|                        wall_left_min_9_out|       pointer|
|wall_left_min_9_out_ap_vld    |  out|    1|      ap_vld|                        wall_left_min_9_out|       pointer|
|wall_left_min_8_out           |  out|   32|      ap_vld|                        wall_left_min_8_out|       pointer|
|wall_left_min_8_out_ap_vld    |  out|    1|      ap_vld|                        wall_left_min_8_out|       pointer|
|wall_left_min_7_out           |  out|   32|      ap_vld|                        wall_left_min_7_out|       pointer|
|wall_left_min_7_out_ap_vld    |  out|    1|      ap_vld|                        wall_left_min_7_out|       pointer|
|wall_left_min_6_out           |  out|   32|      ap_vld|                        wall_left_min_6_out|       pointer|
|wall_left_min_6_out_ap_vld    |  out|    1|      ap_vld|                        wall_left_min_6_out|       pointer|
|wall_left_min_5_out           |  out|   32|      ap_vld|                        wall_left_min_5_out|       pointer|
|wall_left_min_5_out_ap_vld    |  out|    1|      ap_vld|                        wall_left_min_5_out|       pointer|
|wall_left_min_4_out           |  out|   32|      ap_vld|                        wall_left_min_4_out|       pointer|
|wall_left_min_4_out_ap_vld    |  out|    1|      ap_vld|                        wall_left_min_4_out|       pointer|
|wall_left_min_3_out           |  out|   32|      ap_vld|                        wall_left_min_3_out|       pointer|
|wall_left_min_3_out_ap_vld    |  out|    1|      ap_vld|                        wall_left_min_3_out|       pointer|
|wall_left_min_2_out           |  out|   32|      ap_vld|                        wall_left_min_2_out|       pointer|
|wall_left_min_2_out_ap_vld    |  out|    1|      ap_vld|                        wall_left_min_2_out|       pointer|
|wall_left_min_1_out           |  out|   32|      ap_vld|                        wall_left_min_1_out|       pointer|
|wall_left_min_1_out_ap_vld    |  out|    1|      ap_vld|                        wall_left_min_1_out|       pointer|
|wall_left_min_out             |  out|   32|      ap_vld|                          wall_left_min_out|       pointer|
|wall_left_min_out_ap_vld      |  out|    1|      ap_vld|                          wall_left_min_out|       pointer|
+------------------------------+-----+-----+------------+-------------------------------------------+--------------+

