

================================================================
== Vitis HLS Report for 'p_anonymous_namespace_mpc_fpga_compute_core_Pipeline_VITIS_LOOP_348_1'
================================================================
* Date:           Thu Jun 11 17:48:33 2026

* Version:        2025.2 (Build 6295257 on Nov 14 2025)
* Project:        mpc_fpga_top_opencl
* Solution:       hls (Vitis Kernel Flow Target)
* Product family: zynquplus
* Target device:  xck26-sfvc784-2LV-c


================================================================
== Performance Estimates
================================================================
+ Timing: 
    * Summary: 
    +--------+---------+----------+------------+
    |  Clock |  Target | Estimated| Uncertainty|
    +--------+---------+----------+------------+
    |ap_clk  |  5.00 ns|  1.893 ns|     0.50 ns|
    +--------+---------+----------+------------+

+ Latency: 
    * Summary: 
    +---------+---------+----------+----------+-----+-----+-------------------+
    |  Latency (cycles) |  Latency (absolute) |  Interval |      Pipeline     |
    |   min   |   max   |    min   |    max   | min | max |        Type       |
    +---------+---------+----------+----------+-----+-----+-------------------+
    |       23|       23|  0.115 us|  0.115 us|    0|    0|  loop pipeline stp|
    +---------+---------+----------+----------+-----+-----+-------------------+

    + Detail: 
        * Instance: 
        N/A

        * Loop: 
        +--------------------+---------+---------+----------+-----------+-----------+------+----------+
        |                    |  Latency (cycles) | Iteration|  Initiation Interval  | Trip |          |
        |      Loop Name     |   min   |   max   |  Latency |  achieved |   target  | Count| Pipelined|
        +--------------------+---------+---------+----------+-----------+-----------+------+----------+
        |- VITIS_LOOP_348_1  |       21|       21|         1|          1|          1|    21|       yes|
        +--------------------+---------+---------+----------+-----------+-----------+------+----------+



================================================================
== Utilization Estimates
================================================================
* Summary: 
+-----------------+---------+------+--------+--------+-----+
|       Name      | BRAM_18K|  DSP |   FF   |   LUT  | URAM|
+-----------------+---------+------+--------+--------+-----+
|DSP              |        -|     -|       -|       -|    -|
|Expression       |        -|     -|       0|      24|    -|
|FIFO             |        -|     -|       -|       -|    -|
|Instance         |        -|     -|       -|       -|    -|
|Memory           |        -|     -|       -|       -|    -|
|Multiplexer      |        -|     -|       0|      27|    -|
|Register         |        -|     -|       7|       -|    -|
+-----------------+---------+------+--------+--------+-----+
|Total            |        0|     0|       7|      51|    0|
+-----------------+---------+------+--------+--------+-----+
|Available        |      288|  1248|  234240|  117120|   64|
+-----------------+---------+------+--------+--------+-----+
|Utilization (%)  |        0|     0|      ~0|      ~0|    0|
+-----------------+---------+------+--------+--------+-----+

+ Detail: 
    * Instance: 
    N/A

    * DSP: 
    N/A

    * Memory: 
    N/A

    * FIFO: 
    N/A

    * Expression: 
    +----------------------+----------+----+---+----+------------+------------+
    |     Variable Name    | Operation| DSP| FF| LUT| Bitwidth P0| Bitwidth P1|
    +----------------------+----------+----+---+----+------------+------------+
    |add_ln348_fu_174_p2   |         +|   0|  0|  12|           5|           1|
    |icmp_ln348_fu_168_p2  |      icmp|   0|  0|  12|           5|           5|
    +----------------------+----------+----+---+----+------------+------------+
    |Total                 |          |   0|  0|  24|          10|           6|
    +----------------------+----------+----+---+----+------------+------------+

    * Multiplexer: 
    +-----------------------+----+-----------+-----+-----------+
    |          Name         | LUT| Input Size| Bits| Total Bits|
    +-----------------------+----+-----------+-----+-----------+
    |ap_done_int            |   9|          2|    1|          2|
    |ap_sig_allocacmp_k_15  |   9|          2|    5|         10|
    |k_fu_44                |   9|          2|    5|         10|
    +-----------------------+----+-----------+-----+-----------+
    |Total                  |  27|          6|   11|         22|
    +-----------------------+----+-----------+-----+-----------+

    * Register: 
    +-------------+---+----+-----+-----------+
    |     Name    | FF| LUT| Bits| Const Bits|
    +-------------+---+----+-----+-----------+
    |ap_CS_fsm    |  1|   0|    1|          0|
    |ap_done_reg  |  1|   0|    1|          0|
    |k_fu_44      |  5|   0|    5|          0|
    +-------------+---+----+-----+-----------+
    |Total        |  7|   0|    7|          0|
    +-------------+---+----+-----+-----------+



================================================================
== Interface
================================================================
* Summary: 
+--------------------------------------------------------+-----+-----+------------+----------------------------------------------------------------------+--------------+
|                        RTL Ports                       | Dir | Bits|  Protocol  |                             Source Object                            |    C Type    |
+--------------------------------------------------------+-----+-----+------------+----------------------------------------------------------------------+--------------+
|ap_clk                                                  |   in|    1|  ap_ctrl_hs|  (anonymous namespace)mpc_fpga_compute_core_Pipeline_VITIS_LOOP_348_1|  return value|
|ap_rst                                                  |   in|    1|  ap_ctrl_hs|  (anonymous namespace)mpc_fpga_compute_core_Pipeline_VITIS_LOOP_348_1|  return value|
|ap_start                                                |   in|    1|  ap_ctrl_hs|  (anonymous namespace)mpc_fpga_compute_core_Pipeline_VITIS_LOOP_348_1|  return value|
|ap_done                                                 |  out|    1|  ap_ctrl_hs|  (anonymous namespace)mpc_fpga_compute_core_Pipeline_VITIS_LOOP_348_1|  return value|
|ap_idle                                                 |  out|    1|  ap_ctrl_hs|  (anonymous namespace)mpc_fpga_compute_core_Pipeline_VITIS_LOOP_348_1|  return value|
|ap_ready                                                |  out|    1|  ap_ctrl_hs|  (anonymous namespace)mpc_fpga_compute_core_Pipeline_VITIS_LOOP_348_1|  return value|
|p_anonymous_namespace_g_core_state_admm_y_x_0_address0  |  out|    5|   ap_memory|                         p_anonymous_namespace_g_core_state_admm_y_x_0|         array|
|p_anonymous_namespace_g_core_state_admm_y_x_0_ce0       |  out|    1|   ap_memory|                         p_anonymous_namespace_g_core_state_admm_y_x_0|         array|
|p_anonymous_namespace_g_core_state_admm_y_x_0_we0       |  out|    1|   ap_memory|                         p_anonymous_namespace_g_core_state_admm_y_x_0|         array|
|p_anonymous_namespace_g_core_state_admm_y_x_0_d0        |  out|   26|   ap_memory|                         p_anonymous_namespace_g_core_state_admm_y_x_0|         array|
|p_anonymous_namespace_g_core_state_admm_y_x_1_address0  |  out|    5|   ap_memory|                         p_anonymous_namespace_g_core_state_admm_y_x_1|         array|
|p_anonymous_namespace_g_core_state_admm_y_x_1_ce0       |  out|    1|   ap_memory|                         p_anonymous_namespace_g_core_state_admm_y_x_1|         array|
|p_anonymous_namespace_g_core_state_admm_y_x_1_we0       |  out|    1|   ap_memory|                         p_anonymous_namespace_g_core_state_admm_y_x_1|         array|
|p_anonymous_namespace_g_core_state_admm_y_x_1_d0        |  out|   26|   ap_memory|                         p_anonymous_namespace_g_core_state_admm_y_x_1|         array|
|p_anonymous_namespace_g_core_state_admm_y_x_2_address0  |  out|    5|   ap_memory|                         p_anonymous_namespace_g_core_state_admm_y_x_2|         array|
|p_anonymous_namespace_g_core_state_admm_y_x_2_ce0       |  out|    1|   ap_memory|                         p_anonymous_namespace_g_core_state_admm_y_x_2|         array|
|p_anonymous_namespace_g_core_state_admm_y_x_2_we0       |  out|    1|   ap_memory|                         p_anonymous_namespace_g_core_state_admm_y_x_2|         array|
|p_anonymous_namespace_g_core_state_admm_y_x_2_d0        |  out|   26|   ap_memory|                         p_anonymous_namespace_g_core_state_admm_y_x_2|         array|
|p_anonymous_namespace_g_core_state_admm_y_x_3_address0  |  out|    5|   ap_memory|                         p_anonymous_namespace_g_core_state_admm_y_x_3|         array|
|p_anonymous_namespace_g_core_state_admm_y_x_3_ce0       |  out|    1|   ap_memory|                         p_anonymous_namespace_g_core_state_admm_y_x_3|         array|
|p_anonymous_namespace_g_core_state_admm_y_x_3_we0       |  out|    1|   ap_memory|                         p_anonymous_namespace_g_core_state_admm_y_x_3|         array|
|p_anonymous_namespace_g_core_state_admm_y_x_3_d0        |  out|   26|   ap_memory|                         p_anonymous_namespace_g_core_state_admm_y_x_3|         array|
|p_anonymous_namespace_g_core_state_admm_y_x_4_address0  |  out|    5|   ap_memory|                         p_anonymous_namespace_g_core_state_admm_y_x_4|         array|
|p_anonymous_namespace_g_core_state_admm_y_x_4_ce0       |  out|    1|   ap_memory|                         p_anonymous_namespace_g_core_state_admm_y_x_4|         array|
|p_anonymous_namespace_g_core_state_admm_y_x_4_we0       |  out|    1|   ap_memory|                         p_anonymous_namespace_g_core_state_admm_y_x_4|         array|
|p_anonymous_namespace_g_core_state_admm_y_x_4_d0        |  out|   26|   ap_memory|                         p_anonymous_namespace_g_core_state_admm_y_x_4|         array|
|p_anonymous_namespace_g_core_state_admm_y_x_5_address0  |  out|    5|   ap_memory|                         p_anonymous_namespace_g_core_state_admm_y_x_5|         array|
|p_anonymous_namespace_g_core_state_admm_y_x_5_ce0       |  out|    1|   ap_memory|                         p_anonymous_namespace_g_core_state_admm_y_x_5|         array|
|p_anonymous_namespace_g_core_state_admm_y_x_5_we0       |  out|    1|   ap_memory|                         p_anonymous_namespace_g_core_state_admm_y_x_5|         array|
|p_anonymous_namespace_g_core_state_admm_y_x_5_d0        |  out|   26|   ap_memory|                         p_anonymous_namespace_g_core_state_admm_y_x_5|         array|
|p_anonymous_namespace_g_core_state_admm_y_x_6_address0  |  out|    5|   ap_memory|                         p_anonymous_namespace_g_core_state_admm_y_x_6|         array|
|p_anonymous_namespace_g_core_state_admm_y_x_6_ce0       |  out|    1|   ap_memory|                         p_anonymous_namespace_g_core_state_admm_y_x_6|         array|
|p_anonymous_namespace_g_core_state_admm_y_x_6_we0       |  out|    1|   ap_memory|                         p_anonymous_namespace_g_core_state_admm_y_x_6|         array|
|p_anonymous_namespace_g_core_state_admm_y_x_6_d0        |  out|   26|   ap_memory|                         p_anonymous_namespace_g_core_state_admm_y_x_6|         array|
|p_anonymous_namespace_g_core_state_admm_y_x_7_address0  |  out|    5|   ap_memory|                         p_anonymous_namespace_g_core_state_admm_y_x_7|         array|
|p_anonymous_namespace_g_core_state_admm_y_x_7_ce0       |  out|    1|   ap_memory|                         p_anonymous_namespace_g_core_state_admm_y_x_7|         array|
|p_anonymous_namespace_g_core_state_admm_y_x_7_we0       |  out|    1|   ap_memory|                         p_anonymous_namespace_g_core_state_admm_y_x_7|         array|
|p_anonymous_namespace_g_core_state_admm_y_x_7_d0        |  out|   26|   ap_memory|                         p_anonymous_namespace_g_core_state_admm_y_x_7|         array|
+--------------------------------------------------------+-----+-----+------------+----------------------------------------------------------------------+--------------+

