

================================================================
== Vitis HLS Report for 'p_anonymous_namespace_mpc_fpga_compute_core'
================================================================
* Date:           Thu May 21 15:23:14 2026

* Version:        2025.2 (Build 6295257 on Nov 14 2025)
* Project:        mpc_fpga_top_opencl
* Solution:       hls (Vitis Kernel Flow Target)
* Product family: zynquplus
* Target device:  xck26-sfvc784-2LV-c


================================================================
== Performance Estimates
================================================================
+ Timing: 
    * Summary: 
    +--------+---------+----------+------------+
    |  Clock |  Target | Estimated| Uncertainty|
    +--------+---------+----------+------------+
    |ap_clk  |  5.00 ns|  4.482 ns|     0.50 ns|
    +--------+---------+----------+------------+

+ Latency: 
    * Summary: 
    +---------+---------+----------+----------+-----+--------+---------+
    |  Latency (cycles) |  Latency (absolute) |   Interval   | Pipeline|
    |   min   |   max   |    min   |    max   | min |   max  |   Type  |
    +---------+---------+----------+----------+-----+--------+---------+
    |        1|   151086|  5.000 ns|  0.755 ms|    1|  151086|       no|
    +---------+---------+----------+----------+-----+--------+---------+

    + Detail: 
        * Instance: 
        +----------------------------------------------------------------------------------+-----------------------------------------------------------------------+---------+---------+-----------+----------+------+--------+-------------------+
        |                                                                                  |                                                                       |  Latency (cycles) |  Latency (absolute)  |    Interval   |      Pipeline     |
        |                                     Instance                                     |                                 Module                                |   min   |   max   |    min    |    max   |  min |   max  |        Type       |
        +----------------------------------------------------------------------------------+-----------------------------------------------------------------------+---------+---------+-----------+----------+------+--------+-------------------+
        |grp_p_anonymous_namespace_reset_core_state_hls_fu_264                             |p_anonymous_namespace_reset_core_state_hls                             |       24|       24|   0.120 us|  0.120 us|    24|      24|                 no|
        |grp_p_anonymous_namespace_mpc_fpga_compute_core_Pipeline_VITIS_LOOP_390_1_fu_328  |p_anonymous_namespace_mpc_fpga_compute_core_Pipeline_VITIS_LOOP_390_1  |       23|       23|   0.115 us|  0.115 us|     0|       0|  loop pipeline stp|
        |grp_p_anonymous_namespace_mpc_fpga_compute_core_Pipeline_VITIS_LOOP_397_3_fu_348  |p_anonymous_namespace_mpc_fpga_compute_core_Pipeline_VITIS_LOOP_397_3  |       22|       22|   0.110 us|  0.110 us|     0|       0|  loop pipeline stp|
        |grp_p_anonymous_namespace_mpc_fpga_compute_core_Pipeline_VITIS_LOOP_364_1_fu_356  |p_anonymous_namespace_mpc_fpga_compute_core_Pipeline_VITIS_LOOP_364_1  |       23|       23|   0.115 us|  0.115 us|     0|       0|  loop pipeline stp|
        |grp_p_anonymous_namespace_mpc_fpga_compute_core_Pipeline_VITIS_LOOP_372_3_fu_392  |p_anonymous_namespace_mpc_fpga_compute_core_Pipeline_VITIS_LOOP_372_3  |       22|       22|   0.110 us|  0.110 us|     0|       0|  loop pipeline stp|
        |grp_mpc_compute_hls_fu_404                                                        |mpc_compute_hls                                                        |     4777|   151028|  23.885 us|  0.755 ms|  4777|  151028|                 no|
        +----------------------------------------------------------------------------------+-----------------------------------------------------------------------+---------+---------+-----------+----------+------+--------+-------------------+

        * Loop: 
        N/A



================================================================
== Utilization Estimates
================================================================
* Summary: 
+-----------------+---------+------+--------+--------+-----+
|       Name      | BRAM_18K|  DSP |   FF   |   LUT  | URAM|
+-----------------+---------+------+--------+--------+-----+
|DSP              |        -|     -|       -|       -|    -|
|Expression       |        -|     -|       0|     399|    -|
|FIFO             |        -|     -|       -|       -|    -|
|Instance         |       78|  1128|   99757|  105005|    0|
|Memory           |        0|     -|     672|     216|    0|
|Multiplexer      |        -|     -|       0|    2059|    -|
|Register         |        -|     -|     249|       -|    -|
+-----------------+---------+------+--------+--------+-----+
|Total            |       78|  1128|  100678|  107679|    0|
+-----------------+---------+------+--------+--------+-----+
|Available        |      288|  1248|  234240|  117120|   64|
+-----------------+---------+------+--------+--------+-----+
|Utilization (%)  |       27|    90|      42|      91|    0|
+-----------------+---------+------+--------+--------+-----+

+ Detail: 
    * Instance: 
    +----------------------------------------------------------------------------------+-----------------------------------------------------------------------+---------+------+-------+--------+-----+
    |                                     Instance                                     |                                 Module                                | BRAM_18K|  DSP |   FF  |   LUT  | URAM|
    +----------------------------------------------------------------------------------+-----------------------------------------------------------------------+---------+------+-------+--------+-----+
    |grp_mpc_compute_hls_fu_404                                                        |mpc_compute_hls                                                        |       78|  1126|  99613|  104636|    0|
    |mul_32s_27ns_50_4_1_U2233                                                         |mul_32s_27ns_50_4_1                                                    |        0|     2|     98|      47|    0|
    |grp_p_anonymous_namespace_mpc_fpga_compute_core_Pipeline_VITIS_LOOP_364_1_fu_356  |p_anonymous_namespace_mpc_fpga_compute_core_Pipeline_VITIS_LOOP_364_1  |        0|     0|      7|      51|    0|
    |grp_p_anonymous_namespace_mpc_fpga_compute_core_Pipeline_VITIS_LOOP_372_3_fu_392  |p_anonymous_namespace_mpc_fpga_compute_core_Pipeline_VITIS_LOOP_372_3  |        0|     0|      7|      51|    0|
    |grp_p_anonymous_namespace_mpc_fpga_compute_core_Pipeline_VITIS_LOOP_390_1_fu_328  |p_anonymous_namespace_mpc_fpga_compute_core_Pipeline_VITIS_LOOP_390_1  |        0|     0|      7|      51|    0|
    |grp_p_anonymous_namespace_mpc_fpga_compute_core_Pipeline_VITIS_LOOP_397_3_fu_348  |p_anonymous_namespace_mpc_fpga_compute_core_Pipeline_VITIS_LOOP_397_3  |        0|     0|      7|      51|    0|
    |grp_p_anonymous_namespace_reset_core_state_hls_fu_264                             |p_anonymous_namespace_reset_core_state_hls                             |        0|     0|     18|     118|    0|
    +----------------------------------------------------------------------------------+-----------------------------------------------------------------------+---------+------+-------+--------+-----+
    |Total                                                                             |                                                                       |       78|  1128|  99757|  105005|    0|
    +----------------------------------------------------------------------------------+-----------------------------------------------------------------------+---------+------+-------+--------+-----+

    * DSP: 
    N/A

    * Memory: 
    +-------------------------------------------------+----------------------------------------------------------------------------------+---------+----+----+-----+------+-----+------+-------------+
    |                      Memory                     |                                      Module                                      | BRAM_18K| FF | LUT| URAM| Words| Bits| Banks| W*Bits*Banks|
    +-------------------------------------------------+----------------------------------------------------------------------------------+---------+----+----+-----+------+-----+------+-------------+
    |p_anonymous_namespace_g_core_state_admm_z_x_0_U  |p_anonymous_namespace_mpc_fpga_compute_core_p_anonymous_namespace_g_core_statbkb  |        0|  64|  11|    0|    21|   32|     1|          672|
    |p_anonymous_namespace_g_core_state_admm_z_x_1_U  |p_anonymous_namespace_mpc_fpga_compute_core_p_anonymous_namespace_g_core_statcud  |        0|  32|  11|    0|    21|   32|     1|          672|
    |p_anonymous_namespace_g_core_state_admm_z_x_2_U  |p_anonymous_namespace_mpc_fpga_compute_core_p_anonymous_namespace_g_core_statcud  |        0|  32|  11|    0|    21|   32|     1|          672|
    |p_anonymous_namespace_g_core_state_admm_z_x_3_U  |p_anonymous_namespace_mpc_fpga_compute_core_p_anonymous_namespace_g_core_statcud  |        0|  32|  11|    0|    21|   32|     1|          672|
    |p_anonymous_namespace_g_core_state_admm_z_x_4_U  |p_anonymous_namespace_mpc_fpga_compute_core_p_anonymous_namespace_g_core_statcud  |        0|  32|  11|    0|    21|   32|     1|          672|
    |p_anonymous_namespace_g_core_state_admm_z_x_5_U  |p_anonymous_namespace_mpc_fpga_compute_core_p_anonymous_namespace_g_core_statcud  |        0|  32|  11|    0|    21|   32|     1|          672|
    |p_anonymous_namespace_g_core_state_admm_z_x_6_U  |p_anonymous_namespace_mpc_fpga_compute_core_p_anonymous_namespace_g_core_statcud  |        0|  32|  11|    0|    21|   32|     1|          672|
    |p_anonymous_namespace_g_core_state_admm_z_x_7_U  |p_anonymous_namespace_mpc_fpga_compute_core_p_anonymous_namespace_g_core_statcud  |        0|  32|  11|    0|    21|   32|     1|          672|
    |p_anonymous_namespace_g_core_state_admm_y_x_0_U  |p_anonymous_namespace_mpc_fpga_compute_core_p_anonymous_namespace_g_core_statcud  |        0|  32|  11|    0|    21|   32|     1|          672|
    |p_anonymous_namespace_g_core_state_admm_y_x_1_U  |p_anonymous_namespace_mpc_fpga_compute_core_p_anonymous_namespace_g_core_statcud  |        0|  32|  11|    0|    21|   32|     1|          672|
    |p_anonymous_namespace_g_core_state_admm_y_x_2_U  |p_anonymous_namespace_mpc_fpga_compute_core_p_anonymous_namespace_g_core_statcud  |        0|  32|  11|    0|    21|   32|     1|          672|
    |p_anonymous_namespace_g_core_state_admm_y_x_3_U  |p_anonymous_namespace_mpc_fpga_compute_core_p_anonymous_namespace_g_core_statcud  |        0|  32|  11|    0|    21|   32|     1|          672|
    |p_anonymous_namespace_g_core_state_admm_y_x_4_U  |p_anonymous_namespace_mpc_fpga_compute_core_p_anonymous_namespace_g_core_statcud  |        0|  32|  11|    0|    21|   32|     1|          672|
    |p_anonymous_namespace_g_core_state_admm_y_x_5_U  |p_anonymous_namespace_mpc_fpga_compute_core_p_anonymous_namespace_g_core_statcud  |        0|  32|  11|    0|    21|   32|     1|          672|
    |p_anonymous_namespace_g_core_state_admm_y_x_6_U  |p_anonymous_namespace_mpc_fpga_compute_core_p_anonymous_namespace_g_core_statcud  |        0|  32|  11|    0|    21|   32|     1|          672|
    |p_anonymous_namespace_g_core_state_admm_y_x_7_U  |p_anonymous_namespace_mpc_fpga_compute_core_p_anonymous_namespace_g_core_statcud  |        0|  32|  11|    0|    21|   32|     1|          672|
    |p_anonymous_namespace_g_core_state_admm_z_u_0_U  |p_anonymous_namespace_mpc_fpga_compute_core_p_anonymous_namespace_g_core_statrcU  |        0|  32|  10|    0|    20|   32|     1|          640|
    |p_anonymous_namespace_g_core_state_admm_z_u_1_U  |p_anonymous_namespace_mpc_fpga_compute_core_p_anonymous_namespace_g_core_statrcU  |        0|  32|  10|    0|    20|   32|     1|          640|
    |p_anonymous_namespace_g_core_state_admm_y_u_0_U  |p_anonymous_namespace_mpc_fpga_compute_core_p_anonymous_namespace_g_core_statrcU  |        0|  32|  10|    0|    20|   32|     1|          640|
    |p_anonymous_namespace_g_core_state_admm_y_u_1_U  |p_anonymous_namespace_mpc_fpga_compute_core_p_anonymous_namespace_g_core_statrcU  |        0|  32|  10|    0|    20|   32|     1|          640|
    +-------------------------------------------------+----------------------------------------------------------------------------------+---------+----+----+-----+------+-----+------+-------------+
    |Total                                            |                                                                                  |        0| 672| 216|    0|   416|  640|    20|        13312|
    +-------------------------------------------------+----------------------------------------------------------------------------------+---------+----+----+-----+------+-----+------+-------------+

    * FIFO: 
    N/A

    * Expression: 
    +----------------------------------+----------+----+---+----+------------+------------+
    |           Variable Name          | Operation| DSP| FF| LUT| Bitwidth P0| Bitwidth P1|
    +----------------------------------+----------+----+---+----+------------+------------+
    |add_ln330_fu_770_p2               |         +|   0|  0|  39|          32|           1|
    |value_254_fu_645_p2               |         -|   0|  0|  39|          32|          32|
    |and_ln279_1_fu_552_p2             |       and|   0|  0|   2|           1|           1|
    |and_ln279_2_fu_558_p2             |       and|   0|  0|   2|           1|           1|
    |and_ln279_fu_546_p2               |       and|   0|  0|   2|           1|           1|
    |ap_block_state12_on_subcall_done  |       and|   0|  0|   2|           1|           1|
    |ap_predicate_op67_call_state7     |       and|   0|  0|   2|           1|           1|
    |icmp_ln128_fu_685_p2              |      icmp|   0|  0|  39|          32|          21|
    |icmp_ln130_fu_691_p2              |      icmp|   0|  0|  39|          32|          20|
    |icmp_ln279_1_fu_520_p2            |      icmp|   0|  0|  18|          11|           1|
    |icmp_ln279_2_fu_530_p2            |      icmp|   0|  0|  18|          11|           1|
    |icmp_ln279_3_fu_540_p2            |      icmp|   0|  0|  18|          11|           1|
    |icmp_ln279_fu_510_p2              |      icmp|   0|  0|  18|          11|           1|
    |icmp_ln328_fu_748_p2              |      icmp|   0|  0|  39|          32|           1|
    |icmp_ln329_fu_764_p2              |      icmp|   0|  0|  39|          32|          31|
    |out_status                        |      icmp|   0|  0|  39|          32|           1|
    |ap_block_state7_on_subcall_done   |        or|   0|  0|   2|           1|           1|
    |empty_fu_705_p2                   |        or|   0|  0|   2|           1|           1|
    |measured_steer_rate_fu_711_p3     |    select|   0|  0|  20|           1|          21|
    |select_ln130_fu_697_p3            |    select|   0|  0|  20|           1|          21|
    +----------------------------------+----------+----+---+----+------------+------------+
    |Total                             |          |   0|  0| 399|         277|         160|
    +----------------------------------+----------+----+---+----+------------+------------+

    * Multiplexer: 
    +----------------------------------------------------------------------------------+----+-----------+-----+-----------+
    |                                       Name                                       | LUT| Input Size| Bits| Total Bits|
    +----------------------------------------------------------------------------------+----+-----------+-----+-----------+
    |ap_NS_fsm                                                                         |  65|         13|    1|         13|
    |ap_sig_allocacmp_p_anonymous_namespace_g_core_state_persist_actual_steering_load  |   9|          2|   32|         64|
    |p_anonymous_namespace_g_core_state_admm_initialized                               |  20|          4|    1|          4|
    |p_anonymous_namespace_g_core_state_admm_rho                                       |  14|          3|   32|         96|
    |p_anonymous_namespace_g_core_state_admm_rho_u                                     |  14|          3|   32|         96|
    |p_anonymous_namespace_g_core_state_admm_y_u_0_address0                            |  26|          5|    5|         25|
    |p_anonymous_namespace_g_core_state_admm_y_u_0_ce0                                 |  26|          5|    1|          5|
    |p_anonymous_namespace_g_core_state_admm_y_u_0_d0                                  |  26|          5|   32|        160|
    |p_anonymous_namespace_g_core_state_admm_y_u_0_we0                                 |  26|          5|    1|          5|
    |p_anonymous_namespace_g_core_state_admm_y_u_1_address0                            |  26|          5|    5|         25|
    |p_anonymous_namespace_g_core_state_admm_y_u_1_ce0                                 |  26|          5|    1|          5|
    |p_anonymous_namespace_g_core_state_admm_y_u_1_d0                                  |  26|          5|   32|        160|
    |p_anonymous_namespace_g_core_state_admm_y_u_1_we0                                 |  26|          5|    1|          5|
    |p_anonymous_namespace_g_core_state_admm_y_x_0_address0                            |  26|          5|    5|         25|
    |p_anonymous_namespace_g_core_state_admm_y_x_0_ce0                                 |  26|          5|    1|          5|
    |p_anonymous_namespace_g_core_state_admm_y_x_0_d0                                  |  26|          5|   32|        160|
    |p_anonymous_namespace_g_core_state_admm_y_x_0_we0                                 |  26|          5|    1|          5|
    |p_anonymous_namespace_g_core_state_admm_y_x_1_address0                            |  26|          5|    5|         25|
    |p_anonymous_namespace_g_core_state_admm_y_x_1_ce0                                 |  26|          5|    1|          5|
    |p_anonymous_namespace_g_core_state_admm_y_x_1_d0                                  |  26|          5|   32|        160|
    |p_anonymous_namespace_g_core_state_admm_y_x_1_we0                                 |  26|          5|    1|          5|
    |p_anonymous_namespace_g_core_state_admm_y_x_2_address0                            |  26|          5|    5|         25|
    |p_anonymous_namespace_g_core_state_admm_y_x_2_ce0                                 |  26|          5|    1|          5|
    |p_anonymous_namespace_g_core_state_admm_y_x_2_d0                                  |  26|          5|   32|        160|
    |p_anonymous_namespace_g_core_state_admm_y_x_2_we0                                 |  26|          5|    1|          5|
    |p_anonymous_namespace_g_core_state_admm_y_x_3_address0                            |  26|          5|    5|         25|
    |p_anonymous_namespace_g_core_state_admm_y_x_3_ce0                                 |  26|          5|    1|          5|
    |p_anonymous_namespace_g_core_state_admm_y_x_3_d0                                  |  26|          5|   32|        160|
    |p_anonymous_namespace_g_core_state_admm_y_x_3_we0                                 |  26|          5|    1|          5|
    |p_anonymous_namespace_g_core_state_admm_y_x_4_address0                            |  26|          5|    5|         25|
    |p_anonymous_namespace_g_core_state_admm_y_x_4_ce0                                 |  26|          5|    1|          5|
    |p_anonymous_namespace_g_core_state_admm_y_x_4_d0                                  |  26|          5|   32|        160|
    |p_anonymous_namespace_g_core_state_admm_y_x_4_we0                                 |  26|          5|    1|          5|
    |p_anonymous_namespace_g_core_state_admm_y_x_5_address0                            |  26|          5|    5|         25|
    |p_anonymous_namespace_g_core_state_admm_y_x_5_ce0                                 |  26|          5|    1|          5|
    |p_anonymous_namespace_g_core_state_admm_y_x_5_d0                                  |  26|          5|   32|        160|
    |p_anonymous_namespace_g_core_state_admm_y_x_5_we0                                 |  26|          5|    1|          5|
    |p_anonymous_namespace_g_core_state_admm_y_x_6_address0                            |  26|          5|    5|         25|
    |p_anonymous_namespace_g_core_state_admm_y_x_6_ce0                                 |  26|          5|    1|          5|
    |p_anonymous_namespace_g_core_state_admm_y_x_6_d0                                  |  26|          5|   32|        160|
    |p_anonymous_namespace_g_core_state_admm_y_x_6_we0                                 |  26|          5|    1|          5|
    |p_anonymous_namespace_g_core_state_admm_y_x_7_address0                            |  26|          5|    5|         25|
    |p_anonymous_namespace_g_core_state_admm_y_x_7_ce0                                 |  26|          5|    1|          5|
    |p_anonymous_namespace_g_core_state_admm_y_x_7_d0                                  |  26|          5|   32|        160|
    |p_anonymous_namespace_g_core_state_admm_y_x_7_we0                                 |  26|          5|    1|          5|
    |p_anonymous_namespace_g_core_state_admm_z_u_0_address0                            |  20|          4|    5|         20|
    |p_anonymous_namespace_g_core_state_admm_z_u_0_ce0                                 |  20|          4|    1|          4|
    |p_anonymous_namespace_g_core_state_admm_z_u_0_d0                                  |  20|          4|   32|        128|
    |p_anonymous_namespace_g_core_state_admm_z_u_0_we0                                 |  20|          4|    1|          4|
    |p_anonymous_namespace_g_core_state_admm_z_u_1_address0                            |  20|          4|    5|         20|
    |p_anonymous_namespace_g_core_state_admm_z_u_1_ce0                                 |  20|          4|    1|          4|
    |p_anonymous_namespace_g_core_state_admm_z_u_1_d0                                  |  20|          4|   32|        128|
    |p_anonymous_namespace_g_core_state_admm_z_u_1_we0                                 |  20|          4|    1|          4|
    |p_anonymous_namespace_g_core_state_admm_z_x_0_address0                            |  20|          4|    5|         20|
    |p_anonymous_namespace_g_core_state_admm_z_x_0_ce0                                 |  20|          4|    1|          4|
    |p_anonymous_namespace_g_core_state_admm_z_x_0_ce1                                 |   9|          2|    1|          2|
    |p_anonymous_namespace_g_core_state_admm_z_x_0_d0                                  |  20|          4|   32|        128|
    |p_anonymous_namespace_g_core_state_admm_z_x_0_we0                                 |  20|          4|    1|          4|
    |p_anonymous_namespace_g_core_state_admm_z_x_1_address0                            |  20|          4|    5|         20|
    |p_anonymous_namespace_g_core_state_admm_z_x_1_ce0                                 |  20|          4|    1|          4|
    |p_anonymous_namespace_g_core_state_admm_z_x_1_d0                                  |  20|          4|   32|        128|
    |p_anonymous_namespace_g_core_state_admm_z_x_1_we0                                 |  20|          4|    1|          4|
    |p_anonymous_namespace_g_core_state_admm_z_x_2_address0                            |  20|          4|    5|         20|
    |p_anonymous_namespace_g_core_state_admm_z_x_2_ce0                                 |  20|          4|    1|          4|
    |p_anonymous_namespace_g_core_state_admm_z_x_2_d0                                  |  20|          4|   32|        128|
    |p_anonymous_namespace_g_core_state_admm_z_x_2_we0                                 |  20|          4|    1|          4|
    |p_anonymous_namespace_g_core_state_admm_z_x_3_address0                            |  20|          4|    5|         20|
    |p_anonymous_namespace_g_core_state_admm_z_x_3_ce0                                 |  20|          4|    1|          4|
    |p_anonymous_namespace_g_core_state_admm_z_x_3_d0                                  |  20|          4|   32|        128|
    |p_anonymous_namespace_g_core_state_admm_z_x_3_we0                                 |  20|          4|    1|          4|
    |p_anonymous_namespace_g_core_state_admm_z_x_4_address0                            |  20|          4|    5|         20|
    |p_anonymous_namespace_g_core_state_admm_z_x_4_ce0                                 |  20|          4|    1|          4|
    |p_anonymous_namespace_g_core_state_admm_z_x_4_d0                                  |  20|          4|   32|        128|
    |p_anonymous_namespace_g_core_state_admm_z_x_4_we0                                 |  20|          4|    1|          4|
    |p_anonymous_namespace_g_core_state_admm_z_x_5_address0                            |  20|          4|    5|         20|
    |p_anonymous_namespace_g_core_state_admm_z_x_5_ce0                                 |  20|          4|    1|          4|
    |p_anonymous_namespace_g_core_state_admm_z_x_5_d0                                  |  20|          4|   32|        128|
    |p_anonymous_namespace_g_core_state_admm_z_x_5_we0                                 |  20|          4|    1|          4|
    |p_anonymous_namespace_g_core_state_admm_z_x_6_address0                            |  20|          4|    5|         20|
    |p_anonymous_namespace_g_core_state_admm_z_x_6_ce0                                 |  20|          4|    1|          4|
    |p_anonymous_namespace_g_core_state_admm_z_x_6_d0                                  |  20|          4|   32|        128|
    |p_anonymous_namespace_g_core_state_admm_z_x_6_we0                                 |  20|          4|    1|          4|
    |p_anonymous_namespace_g_core_state_admm_z_x_7_address0                            |  20|          4|    5|         20|
    |p_anonymous_namespace_g_core_state_admm_z_x_7_ce0                                 |  20|          4|    1|          4|
    |p_anonymous_namespace_g_core_state_admm_z_x_7_d0                                  |  20|          4|   32|        128|
    |p_anonymous_namespace_g_core_state_admm_z_x_7_we0                                 |  20|          4|    1|          4|
    |p_anonymous_namespace_g_core_state_initialized                                    |   9|          2|    1|          2|
    |p_anonymous_namespace_g_core_state_persist_actual_steering                        |   9|          2|   32|         64|
    |p_anonymous_namespace_g_core_state_persist_max_iter_streak                        |  14|          3|   32|         96|
    |p_anonymous_namespace_g_core_state_persist_prev_accel                             |  14|          3|   32|         96|
    |p_anonymous_namespace_g_core_state_persist_prev_curvature                         |  14|          3|   32|         96|
    |p_anonymous_namespace_g_core_state_persist_prev_model_signature                   |  14|          3|    1|          3|
    |p_anonymous_namespace_g_core_state_persist_prev_steer_rate                        |  14|          3|   32|         96|
    +----------------------------------------------------------------------------------+----+-----------+-----+-----------+
    |Total                                                                             |2059|        406| 1041|       4238|
    +----------------------------------------------------------------------------------+----+-----------+-----+-----------+

    * Register: 
    +-----------------------------------------------------------------------------------------------+----+----+-----+-----------+
    |                                              Name                                             | FF | LUT| Bits| Const Bits|
    +-----------------------------------------------------------------------------------------------+----+----+-----+-----------+
    |and_ln279_2_reg_835                                                                            |   1|   0|    1|          0|
    |ap_CS_fsm                                                                                      |  12|   0|   12|          0|
    |grp_mpc_compute_hls_fu_404_ap_start_reg                                                        |   1|   0|    1|          0|
    |grp_p_anonymous_namespace_mpc_fpga_compute_core_Pipeline_VITIS_LOOP_364_1_fu_356_ap_start_reg  |   1|   0|    1|          0|
    |grp_p_anonymous_namespace_mpc_fpga_compute_core_Pipeline_VITIS_LOOP_372_3_fu_392_ap_start_reg  |   1|   0|    1|          0|
    |grp_p_anonymous_namespace_mpc_fpga_compute_core_Pipeline_VITIS_LOOP_390_1_fu_328_ap_start_reg  |   1|   0|    1|          0|
    |grp_p_anonymous_namespace_mpc_fpga_compute_core_Pipeline_VITIS_LOOP_397_3_fu_348_ap_start_reg  |   1|   0|    1|          0|
    |grp_p_anonymous_namespace_reset_core_state_hls_fu_264_ap_start_reg                             |   1|   0|    1|          0|
    |p_anonymous_namespace_g_core_state_admm_initialized                                            |   1|   0|    1|          0|
    |p_anonymous_namespace_g_core_state_admm_rho                                                    |  32|   0|   32|          0|
    |p_anonymous_namespace_g_core_state_admm_rho_u                                                  |  32|   0|   32|          0|
    |p_anonymous_namespace_g_core_state_initialized                                                 |   1|   0|    1|          0|
    |p_anonymous_namespace_g_core_state_initialized_load_reg_839                                    |   1|   0|    1|          0|
    |p_anonymous_namespace_g_core_state_persist_actual_steering                                     |  32|   0|   32|          0|
    |p_anonymous_namespace_g_core_state_persist_max_iter_streak                                     |  32|   0|   32|          0|
    |p_anonymous_namespace_g_core_state_persist_prev_accel                                          |  32|   0|   32|          0|
    |p_anonymous_namespace_g_core_state_persist_prev_curvature                                      |  32|   0|   32|          0|
    |p_anonymous_namespace_g_core_state_persist_prev_model_signature                                |   1|   0|    1|          0|
    |p_anonymous_namespace_g_core_state_persist_prev_steer_rate                                     |  32|   0|   32|          0|
    |tmp_109_reg_847                                                                                |   1|   0|    1|          0|
    |tmp_reg_843                                                                                    |   1|   0|    1|          0|
    +-----------------------------------------------------------------------------------------------+----+----+-----+-----------+
    |Total                                                                                          | 249|   0|  249|          0|
    +-----------------------------------------------------------------------------------------------+----+----+-----+-----------+



================================================================
== Interface
================================================================
* Summary: 
+-----------------------------------------+-----+-----+------------+--------------------------------------------+--------------+
|                RTL Ports                | Dir | Bits|  Protocol  |                Source Object               |    C Type    |
+-----------------------------------------+-----+-----+------------+--------------------------------------------+--------------+
|ap_clk                                   |   in|    1|  ap_ctrl_hs|  (anonymous namespace)mpc_fpga_compute_core|  return value|
|ap_rst                                   |   in|    1|  ap_ctrl_hs|  (anonymous namespace)mpc_fpga_compute_core|  return value|
|ap_start                                 |   in|    1|  ap_ctrl_hs|  (anonymous namespace)mpc_fpga_compute_core|  return value|
|ap_done                                  |  out|    1|  ap_ctrl_hs|  (anonymous namespace)mpc_fpga_compute_core|  return value|
|ap_idle                                  |  out|    1|  ap_ctrl_hs|  (anonymous namespace)mpc_fpga_compute_core|  return value|
|ap_ready                                 |  out|    1|  ap_ctrl_hs|  (anonymous namespace)mpc_fpga_compute_core|  return value|
|ey                                       |   in|   32|     ap_none|                                          ey|        scalar|
|epsi                                     |   in|   32|     ap_none|                                        epsi|        scalar|
|vx                                       |   in|   32|     ap_none|                                          vx|        scalar|
|vy                                       |   in|   32|     ap_none|                                          vy|        scalar|
|omega                                    |   in|   32|     ap_none|                                       omega|        scalar|
|steering                                 |   in|   32|     ap_none|                                    steering|        scalar|
|prev_accel                               |   in|   32|     ap_none|                                  prev_accel|        scalar|
|control_flags                            |   in|    3|     ap_none|                               control_flags|        scalar|
|ref_reference_heading_error_address0     |  out|    5|   ap_memory|                 ref_reference_heading_error|         array|
|ref_reference_heading_error_ce0          |  out|    1|   ap_memory|                 ref_reference_heading_error|         array|
|ref_reference_heading_error_q0           |   in|   32|   ap_memory|                 ref_reference_heading_error|         array|
|ref_reference_lateral_error_address0     |  out|    5|   ap_memory|                 ref_reference_lateral_error|         array|
|ref_reference_lateral_error_ce0          |  out|    1|   ap_memory|                 ref_reference_lateral_error|         array|
|ref_reference_lateral_error_q0           |   in|   32|   ap_memory|                 ref_reference_lateral_error|         array|
|ref_reference_velocity_address0          |  out|    5|   ap_memory|                      ref_reference_velocity|         array|
|ref_reference_velocity_ce0               |  out|    1|   ap_memory|                      ref_reference_velocity|         array|
|ref_reference_velocity_q0                |   in|   32|   ap_memory|                      ref_reference_velocity|         array|
|ref_reference_lateral_velocity_address0  |  out|    5|   ap_memory|              ref_reference_lateral_velocity|         array|
|ref_reference_lateral_velocity_ce0       |  out|    1|   ap_memory|              ref_reference_lateral_velocity|         array|
|ref_reference_lateral_velocity_q0        |   in|   32|   ap_memory|              ref_reference_lateral_velocity|         array|
|ref_reference_yaw_rate_address0          |  out|    5|   ap_memory|                      ref_reference_yaw_rate|         array|
|ref_reference_yaw_rate_ce0               |  out|    1|   ap_memory|                      ref_reference_yaw_rate|         array|
|ref_reference_yaw_rate_q0                |   in|   32|   ap_memory|                      ref_reference_yaw_rate|         array|
|ref_path_curvature_address0              |  out|    5|   ap_memory|                          ref_path_curvature|         array|
|ref_path_curvature_ce0                   |  out|    1|   ap_memory|                          ref_path_curvature|         array|
|ref_path_curvature_q0                    |   in|   32|   ap_memory|                          ref_path_curvature|         array|
|ref_left_wall_bound_address0             |  out|    5|   ap_memory|                         ref_left_wall_bound|         array|
|ref_left_wall_bound_ce0                  |  out|    1|   ap_memory|                         ref_left_wall_bound|         array|
|ref_left_wall_bound_q0                   |   in|   32|   ap_memory|                         ref_left_wall_bound|         array|
|ref_right_wall_bound_address0            |  out|    5|   ap_memory|                        ref_right_wall_bound|         array|
|ref_right_wall_bound_ce0                 |  out|    1|   ap_memory|                        ref_right_wall_bound|         array|
|ref_right_wall_bound_q0                  |   in|   32|   ap_memory|                        ref_right_wall_bound|         array|
|out_steering                             |  out|   32|      ap_vld|                                out_steering|       pointer|
|out_steering_ap_vld                      |  out|    1|      ap_vld|                                out_steering|       pointer|
|out_accel                                |  out|   32|      ap_vld|                                   out_accel|       pointer|
|out_accel_ap_vld                         |  out|    1|      ap_vld|                                   out_accel|       pointer|
|out_status                               |  out|    1|      ap_vld|                                  out_status|       pointer|
|out_status_ap_vld                        |  out|    1|      ap_vld|                                  out_status|       pointer|
|out_iters                                |  out|   32|      ap_vld|                                   out_iters|       pointer|
|out_iters_ap_vld                         |  out|    1|      ap_vld|                                   out_iters|       pointer|
|out_steering_arg_index                   |   in|   11|     ap_none|                      out_steering_arg_index|       pointer|
|out_accel_arg_index                      |   in|   11|     ap_none|                         out_accel_arg_index|       pointer|
|out_status_arg_index                     |   in|   11|     ap_none|                        out_status_arg_index|       pointer|
|out_iters_arg_index                      |   in|   11|     ap_none|                         out_iters_arg_index|       pointer|
+-----------------------------------------+-----+-----+------------+--------------------------------------------+--------------+

