

================================================================
== Vitis HLS Report for 'p_anonymous_namespace_unpack_input_lane_words_Pipeline_VITIS_LOOP_216_1'
================================================================
* Date:           Thu May 21 15:23:08 2026

* Version:        2025.2 (Build 6295257 on Nov 14 2025)
* Project:        mpc_fpga_top_opencl
* Solution:       hls (Vitis Kernel Flow Target)
* Product family: zynquplus
* Target device:  xck26-sfvc784-2LV-c


================================================================
== Performance Estimates
================================================================
+ Timing: 
    * Summary: 
    +--------+---------+----------+------------+
    |  Clock |  Target | Estimated| Uncertainty|
    +--------+---------+----------+------------+
    |ap_clk  |  5.00 ns|  4.500 ns|     0.50 ns|
    +--------+---------+----------+------------+

+ Latency: 
    * Summary: 
    +---------+---------+-----------+-----------+-----+-----+-------------------+
    |  Latency (cycles) |   Latency (absolute)  |  Interval |      Pipeline     |
    |   min   |   max   |    min    |    max    | min | max |        Type       |
    +---------+---------+-----------+-----------+-----+-----+-------------------+
    |       14|       14|  70.000 ns|  70.000 ns|    0|    0|  loop pipeline stp|
    +---------+---------+-----------+-----------+-----+-----+-------------------+

    + Detail: 
        * Instance: 
        N/A

        * Loop: 
        +--------------------+---------+---------+----------+-----------+-----------+------+----------+
        |                    |  Latency (cycles) | Iteration|  Initiation Interval  | Trip |          |
        |      Loop Name     |   min   |   max   |  Latency |  achieved |   target  | Count| Pipelined|
        +--------------------+---------+---------+----------+-----------+-----------+------+----------+
        |- VITIS_LOOP_216_1  |       12|       12|         3|          1|          1|    11|       yes|
        +--------------------+---------+---------+----------+-----------+-----------+------+----------+



================================================================
== Utilization Estimates
================================================================
* Summary: 
+-----------------+---------+------+--------+--------+-----+
|       Name      | BRAM_18K|  DSP |   FF   |   LUT  | URAM|
+-----------------+---------+------+--------+--------+-----+
|DSP              |        -|     -|       -|       -|    -|
|Expression       |        -|     -|       0|      28|    -|
|FIFO             |        -|     -|       -|       -|    -|
|Instance         |        -|     -|       -|       -|    -|
|Memory           |        -|     -|       -|       -|    -|
|Multiplexer      |        -|     -|       0|      45|    -|
|Register         |        -|     -|     530|       -|    -|
+-----------------+---------+------+--------+--------+-----+
|Total            |        0|     0|     530|      73|    0|
+-----------------+---------+------+--------+--------+-----+
|Available        |      288|  1248|  234240|  117120|   64|
+-----------------+---------+------+--------+--------+-----+
|Utilization (%)  |        0|     0|      ~0|      ~0|    0|
+-----------------+---------+------+--------+--------+-----+

+ Detail: 
    * Instance: 
    N/A

    * DSP: 
    N/A

    * Memory: 
    N/A

    * FIFO: 
    N/A

    * Expression: 
    +---------------------------+----------+----+---+----+------------+------------+
    |       Variable Name       | Operation| DSP| FF| LUT| Bitwidth P0| Bitwidth P1|
    +---------------------------+----------+----+---+----+------------+------------+
    |add_ln216_fu_351_p2        |         +|   0|  0|  12|           4|           1|
    |ap_block_pp0_stage0_11001  |       and|   0|  0|   2|           1|           1|
    |icmp_ln216_fu_345_p2       |      icmp|   0|  0|  12|           4|           4|
    |ap_enable_pp0              |       xor|   0|  0|   2|           1|           2|
    +---------------------------+----------+----+---+----+------------+------------+
    |Total                      |          |   0|  0|  28|          10|           8|
    +---------------------------+----------+----+---+----+------------+------------+

    * Multiplexer: 
    +-------------------------------+----+-----------+-----+-----------+
    |              Name             | LUT| Input Size| Bits| Total Bits|
    +-------------------------------+----+-----------+-----+-----------+
    |ap_done_int                    |   9|          2|    1|          2|
    |ap_enable_reg_pp0_iter1        |   9|          2|    1|          2|
    |ap_sig_allocacmp_packet_idx_1  |   9|          2|    4|          8|
    |gmem0_blk_n_R                  |   9|          2|    1|          2|
    |packet_idx_fu_110              |   9|          2|    4|          8|
    +-------------------------------+----+-----------+-----+-----------+
    |Total                          |  45|         10|   11|         22|
    +-------------------------------+----+-----------+-----+-----------+

    * Register: 
    +-------------------------------------------+----+----+-----+-----------+
    |                    Name                   | FF | LUT| Bits| Const Bits|
    +-------------------------------------------+----+----+-----+-----------+
    |ap_CS_fsm                                  |   1|   0|    1|          0|
    |ap_block_pp0_stage0_subdone_grp0_done_reg  |   1|   0|    1|          0|
    |ap_done_reg                                |   1|   0|    1|          0|
    |ap_enable_reg_pp0_iter1                    |   1|   0|    1|          0|
    |ap_enable_reg_pp0_iter2                    |   1|   0|    1|          0|
    |ap_loop_exit_ready_pp0_iter1_reg           |   1|   0|    1|          0|
    |packet_idx_1_reg_523                       |   4|   0|    4|          0|
    |packet_idx_1_reg_523_pp0_iter1_reg         |   4|   0|    4|          0|
    |packet_idx_fu_110                          |   4|   0|    4|          0|
    |tmp_10_reg_587                             |  32|   0|   32|          0|
    |tmp_11_reg_592                             |  32|   0|   32|          0|
    |tmp_12_reg_597                             |  32|   0|   32|          0|
    |tmp_13_reg_602                             |  32|   0|   32|          0|
    |tmp_14_reg_607                             |  32|   0|   32|          0|
    |tmp_1_reg_562                              |  32|   0|   32|          0|
    |tmp_2_reg_567                              |  32|   0|   32|          0|
    |tmp_3_reg_572                              |  32|   0|   32|          0|
    |tmp_4_reg_577                              |  32|   0|   32|          0|
    |tmp_5_reg_582                              |  32|   0|   32|          0|
    |tmp_6_reg_542                              |  32|   0|   32|          0|
    |tmp_7_reg_547                              |  32|   0|   32|          0|
    |tmp_8_reg_552                              |  32|   0|   32|          0|
    |tmp_9_reg_557                              |  32|   0|   32|          0|
    |tmp_s_reg_537                              |  32|   0|   32|          0|
    |trunc_ln221_reg_532                        |  32|   0|   32|          0|
    +-------------------------------------------+----+----+-----+-----------+
    |Total                                      | 530|   0|  530|          0|
    +-------------------------------------------+----+----+-----+-----------+



================================================================
== Interface
================================================================
* Summary: 
+------------------------+-----+-----+------------+------------------------------------------------------------------------+--------------+
|        RTL Ports       | Dir | Bits|  Protocol  |                              Source Object                             |    C Type    |
+------------------------+-----+-----+------------+------------------------------------------------------------------------+--------------+
|ap_clk                  |   in|    1|  ap_ctrl_hs|  (anonymous namespace)unpack_input_lane_words_Pipeline_VITIS_LOOP_216_1|  return value|
|ap_rst                  |   in|    1|  ap_ctrl_hs|  (anonymous namespace)unpack_input_lane_words_Pipeline_VITIS_LOOP_216_1|  return value|
|ap_start                |   in|    1|  ap_ctrl_hs|  (anonymous namespace)unpack_input_lane_words_Pipeline_VITIS_LOOP_216_1|  return value|
|ap_done                 |  out|    1|  ap_ctrl_hs|  (anonymous namespace)unpack_input_lane_words_Pipeline_VITIS_LOOP_216_1|  return value|
|ap_idle                 |  out|    1|  ap_ctrl_hs|  (anonymous namespace)unpack_input_lane_words_Pipeline_VITIS_LOOP_216_1|  return value|
|ap_ready                |  out|    1|  ap_ctrl_hs|  (anonymous namespace)unpack_input_lane_words_Pipeline_VITIS_LOOP_216_1|  return value|
|m_axi_gmem0_0_AWVALID   |  out|    1|       m_axi|                                                                   gmem0|       pointer|
|m_axi_gmem0_0_AWREADY   |   in|    1|       m_axi|                                                                   gmem0|       pointer|
|m_axi_gmem0_0_AWADDR    |  out|   64|       m_axi|                                                                   gmem0|       pointer|
|m_axi_gmem0_0_AWID      |  out|    1|       m_axi|                                                                   gmem0|       pointer|
|m_axi_gmem0_0_AWLEN     |  out|   32|       m_axi|                                                                   gmem0|       pointer|
|m_axi_gmem0_0_AWSIZE    |  out|    3|       m_axi|                                                                   gmem0|       pointer|
|m_axi_gmem0_0_AWBURST   |  out|    2|       m_axi|                                                                   gmem0|       pointer|
|m_axi_gmem0_0_AWLOCK    |  out|    2|       m_axi|                                                                   gmem0|       pointer|
|m_axi_gmem0_0_AWCACHE   |  out|    4|       m_axi|                                                                   gmem0|       pointer|
|m_axi_gmem0_0_AWPROT    |  out|    3|       m_axi|                                                                   gmem0|       pointer|
|m_axi_gmem0_0_AWQOS     |  out|    4|       m_axi|                                                                   gmem0|       pointer|
|m_axi_gmem0_0_AWREGION  |  out|    4|       m_axi|                                                                   gmem0|       pointer|
|m_axi_gmem0_0_AWUSER    |  out|    1|       m_axi|                                                                   gmem0|       pointer|
|m_axi_gmem0_0_WVALID    |  out|    1|       m_axi|                                                                   gmem0|       pointer|
|m_axi_gmem0_0_WREADY    |   in|    1|       m_axi|                                                                   gmem0|       pointer|
|m_axi_gmem0_0_WDATA     |  out|  512|       m_axi|                                                                   gmem0|       pointer|
|m_axi_gmem0_0_WSTRB     |  out|   64|       m_axi|                                                                   gmem0|       pointer|
|m_axi_gmem0_0_WLAST     |  out|    1|       m_axi|                                                                   gmem0|       pointer|
|m_axi_gmem0_0_WID       |  out|    1|       m_axi|                                                                   gmem0|       pointer|
|m_axi_gmem0_0_WUSER     |  out|    1|       m_axi|                                                                   gmem0|       pointer|
|m_axi_gmem0_0_ARVALID   |  out|    1|       m_axi|                                                                   gmem0|       pointer|
|m_axi_gmem0_0_ARREADY   |   in|    1|       m_axi|                                                                   gmem0|       pointer|
|m_axi_gmem0_0_ARADDR    |  out|   64|       m_axi|                                                                   gmem0|       pointer|
|m_axi_gmem0_0_ARID      |  out|    1|       m_axi|                                                                   gmem0|       pointer|
|m_axi_gmem0_0_ARLEN     |  out|   32|       m_axi|                                                                   gmem0|       pointer|
|m_axi_gmem0_0_ARSIZE    |  out|    3|       m_axi|                                                                   gmem0|       pointer|
|m_axi_gmem0_0_ARBURST   |  out|    2|       m_axi|                                                                   gmem0|       pointer|
|m_axi_gmem0_0_ARLOCK    |  out|    2|       m_axi|                                                                   gmem0|       pointer|
|m_axi_gmem0_0_ARCACHE   |  out|    4|       m_axi|                                                                   gmem0|       pointer|
|m_axi_gmem0_0_ARPROT    |  out|    3|       m_axi|                                                                   gmem0|       pointer|
|m_axi_gmem0_0_ARQOS     |  out|    4|       m_axi|                                                                   gmem0|       pointer|
|m_axi_gmem0_0_ARREGION  |  out|    4|       m_axi|                                                                   gmem0|       pointer|
|m_axi_gmem0_0_ARUSER    |  out|    1|       m_axi|                                                                   gmem0|       pointer|
|m_axi_gmem0_0_RVALID    |   in|    1|       m_axi|                                                                   gmem0|       pointer|
|m_axi_gmem0_0_RREADY    |  out|    1|       m_axi|                                                                   gmem0|       pointer|
|m_axi_gmem0_0_RDATA     |   in|  512|       m_axi|                                                                   gmem0|       pointer|
|m_axi_gmem0_0_RLAST     |   in|    1|       m_axi|                                                                   gmem0|       pointer|
|m_axi_gmem0_0_RID       |   in|    1|       m_axi|                                                                   gmem0|       pointer|
|m_axi_gmem0_0_RFIFONUM  |   in|    9|       m_axi|                                                                   gmem0|       pointer|
|m_axi_gmem0_0_RUSER     |   in|    1|       m_axi|                                                                   gmem0|       pointer|
|m_axi_gmem0_0_RRESP     |   in|    2|       m_axi|                                                                   gmem0|       pointer|
|m_axi_gmem0_0_BVALID    |   in|    1|       m_axi|                                                                   gmem0|       pointer|
|m_axi_gmem0_0_BREADY    |  out|    1|       m_axi|                                                                   gmem0|       pointer|
|m_axi_gmem0_0_BRESP     |   in|    2|       m_axi|                                                                   gmem0|       pointer|
|m_axi_gmem0_0_BID       |   in|    1|       m_axi|                                                                   gmem0|       pointer|
|m_axi_gmem0_0_BUSER     |   in|    1|       m_axi|                                                                   gmem0|       pointer|
|sext_ln216              |   in|   58|     ap_none|                                                              sext_ln216|        scalar|
|lane_words_15_address0  |  out|    4|   ap_memory|                                                           lane_words_15|         array|
|lane_words_15_ce0       |  out|    1|   ap_memory|                                                           lane_words_15|         array|
|lane_words_15_we0       |  out|    1|   ap_memory|                                                           lane_words_15|         array|
|lane_words_15_d0        |  out|   32|   ap_memory|                                                           lane_words_15|         array|
|lane_words_14_address0  |  out|    4|   ap_memory|                                                           lane_words_14|         array|
|lane_words_14_ce0       |  out|    1|   ap_memory|                                                           lane_words_14|         array|
|lane_words_14_we0       |  out|    1|   ap_memory|                                                           lane_words_14|         array|
|lane_words_14_d0        |  out|   32|   ap_memory|                                                           lane_words_14|         array|
|lane_words_13_address0  |  out|    4|   ap_memory|                                                           lane_words_13|         array|
|lane_words_13_ce0       |  out|    1|   ap_memory|                                                           lane_words_13|         array|
|lane_words_13_we0       |  out|    1|   ap_memory|                                                           lane_words_13|         array|
|lane_words_13_d0        |  out|   32|   ap_memory|                                                           lane_words_13|         array|
|lane_words_12_address0  |  out|    4|   ap_memory|                                                           lane_words_12|         array|
|lane_words_12_ce0       |  out|    1|   ap_memory|                                                           lane_words_12|         array|
|lane_words_12_we0       |  out|    1|   ap_memory|                                                           lane_words_12|         array|
|lane_words_12_d0        |  out|   32|   ap_memory|                                                           lane_words_12|         array|
|lane_words_11_address0  |  out|    4|   ap_memory|                                                           lane_words_11|         array|
|lane_words_11_ce0       |  out|    1|   ap_memory|                                                           lane_words_11|         array|
|lane_words_11_we0       |  out|    1|   ap_memory|                                                           lane_words_11|         array|
|lane_words_11_d0        |  out|   32|   ap_memory|                                                           lane_words_11|         array|
|lane_words_10_address0  |  out|    4|   ap_memory|                                                           lane_words_10|         array|
|lane_words_10_ce0       |  out|    1|   ap_memory|                                                           lane_words_10|         array|
|lane_words_10_we0       |  out|    1|   ap_memory|                                                           lane_words_10|         array|
|lane_words_10_d0        |  out|   32|   ap_memory|                                                           lane_words_10|         array|
|lane_words_9_address0   |  out|    4|   ap_memory|                                                            lane_words_9|         array|
|lane_words_9_ce0        |  out|    1|   ap_memory|                                                            lane_words_9|         array|
|lane_words_9_we0        |  out|    1|   ap_memory|                                                            lane_words_9|         array|
|lane_words_9_d0         |  out|   32|   ap_memory|                                                            lane_words_9|         array|
|lane_words_8_address0   |  out|    4|   ap_memory|                                                            lane_words_8|         array|
|lane_words_8_ce0        |  out|    1|   ap_memory|                                                            lane_words_8|         array|
|lane_words_8_we0        |  out|    1|   ap_memory|                                                            lane_words_8|         array|
|lane_words_8_d0         |  out|   32|   ap_memory|                                                            lane_words_8|         array|
|lane_words_7_address0   |  out|    4|   ap_memory|                                                            lane_words_7|         array|
|lane_words_7_ce0        |  out|    1|   ap_memory|                                                            lane_words_7|         array|
|lane_words_7_we0        |  out|    1|   ap_memory|                                                            lane_words_7|         array|
|lane_words_7_d0         |  out|   32|   ap_memory|                                                            lane_words_7|         array|
|lane_words_6_address0   |  out|    4|   ap_memory|                                                            lane_words_6|         array|
|lane_words_6_ce0        |  out|    1|   ap_memory|                                                            lane_words_6|         array|
|lane_words_6_we0        |  out|    1|   ap_memory|                                                            lane_words_6|         array|
|lane_words_6_d0         |  out|   32|   ap_memory|                                                            lane_words_6|         array|
|lane_words_5_address0   |  out|    4|   ap_memory|                                                            lane_words_5|         array|
|lane_words_5_ce0        |  out|    1|   ap_memory|                                                            lane_words_5|         array|
|lane_words_5_we0        |  out|    1|   ap_memory|                                                            lane_words_5|         array|
|lane_words_5_d0         |  out|   32|   ap_memory|                                                            lane_words_5|         array|
|lane_words_4_address0   |  out|    4|   ap_memory|                                                            lane_words_4|         array|
|lane_words_4_ce0        |  out|    1|   ap_memory|                                                            lane_words_4|         array|
|lane_words_4_we0        |  out|    1|   ap_memory|                                                            lane_words_4|         array|
|lane_words_4_d0         |  out|   32|   ap_memory|                                                            lane_words_4|         array|
|lane_words_3_address0   |  out|    4|   ap_memory|                                                            lane_words_3|         array|
|lane_words_3_ce0        |  out|    1|   ap_memory|                                                            lane_words_3|         array|
|lane_words_3_we0        |  out|    1|   ap_memory|                                                            lane_words_3|         array|
|lane_words_3_d0         |  out|   32|   ap_memory|                                                            lane_words_3|         array|
|lane_words_2_address0   |  out|    4|   ap_memory|                                                            lane_words_2|         array|
|lane_words_2_ce0        |  out|    1|   ap_memory|                                                            lane_words_2|         array|
|lane_words_2_we0        |  out|    1|   ap_memory|                                                            lane_words_2|         array|
|lane_words_2_d0         |  out|   32|   ap_memory|                                                            lane_words_2|         array|
|lane_words_1_address0   |  out|    4|   ap_memory|                                                            lane_words_1|         array|
|lane_words_1_ce0        |  out|    1|   ap_memory|                                                            lane_words_1|         array|
|lane_words_1_we0        |  out|    1|   ap_memory|                                                            lane_words_1|         array|
|lane_words_1_d0         |  out|   32|   ap_memory|                                                            lane_words_1|         array|
|lane_words_0_address0   |  out|    4|   ap_memory|                                                            lane_words_0|         array|
|lane_words_0_ce0        |  out|    1|   ap_memory|                                                            lane_words_0|         array|
|lane_words_0_we0        |  out|    1|   ap_memory|                                                            lane_words_0|         array|
|lane_words_0_d0         |  out|   32|   ap_memory|                                                            lane_words_0|         array|
+------------------------+-----+-----+------------+------------------------------------------------------------------------+--------------+

