

================================================================
== Vitis HLS Report for 'riccati_backward_pass_Pipeline_VITIS_LOOP_1048_40'
================================================================
* Date:           Thu Jun 11 17:48:36 2026

* Version:        2025.2 (Build 6295257 on Nov 14 2025)
* Project:        mpc_fpga_top_opencl
* Solution:       hls (Vitis Kernel Flow Target)
* Product family: zynquplus
* Target device:  xck26-sfvc784-2LV-c


================================================================
== Performance Estimates
================================================================
+ Timing: 
    * Summary: 
    +--------+---------+----------+------------+
    |  Clock |  Target | Estimated| Uncertainty|
    +--------+---------+----------+------------+
    |ap_clk  |  5.00 ns|  3.104 ns|     0.50 ns|
    +--------+---------+----------+------------+

+ Latency: 
    * Summary: 
    +---------+---------+-----------+-----------+-----+-----+-------------------+
    |  Latency (cycles) |   Latency (absolute)  |  Interval |      Pipeline     |
    |   min   |   max   |    min    |    max    | min | max |        Type       |
    +---------+---------+-----------+-----------+-----+-----+-------------------+
    |        4|        4|  20.000 ns|  20.000 ns|    0|    0|  loop pipeline stp|
    +---------+---------+-----------+-----------+-----+-----+-------------------+

    + Detail: 
        * Instance: 
        N/A

        * Loop: 
        +----------------------+---------+---------+----------+-----------+-----------+------+----------+
        |                      |  Latency (cycles) | Iteration|  Initiation Interval  | Trip |          |
        |       Loop Name      |   min   |   max   |  Latency |  achieved |   target  | Count| Pipelined|
        +----------------------+---------+---------+----------+-----------+-----------+------+----------+
        |- VITIS_LOOP_1048_40  |        2|        2|         2|          1|          1|     2|       yes|
        +----------------------+---------+---------+----------+-----------+-----------+------+----------+



================================================================
== Utilization Estimates
================================================================
* Summary: 
+-----------------+---------+------+--------+--------+-----+
|       Name      | BRAM_18K|  DSP |   FF   |   LUT  | URAM|
+-----------------+---------+------+--------+--------+-----+
|DSP              |        -|     -|       -|       -|    -|
|Expression       |        -|     -|       0|     146|    -|
|FIFO             |        -|     -|       -|       -|    -|
|Instance         |        -|     2|       4|       4|    -|
|Memory           |        -|     -|       -|       -|    -|
|Multiplexer      |        -|     -|       0|      64|    -|
|Register         |        -|     -|       8|       -|    -|
+-----------------+---------+------+--------+--------+-----+
|Total            |        0|     2|      12|     214|    0|
+-----------------+---------+------+--------+--------+-----+
|Available        |      288|  1248|  234240|  117120|   64|
+-----------------+---------+------+--------+--------+-----+
|Utilization (%)  |        0|    ~0|      ~0|      ~0|    0|
+-----------------+---------+------+--------+--------+-----+

+ Detail: 
    * Instance: 
    +-------------------------+-------------------+---------+----+---+----+-----+
    |         Instance        |       Module      | BRAM_18K| DSP| FF| LUT| URAM|
    +-------------------------+-------------------+---------+----+---+----+-----+
    |mul_6s_17s_23_2_1_U1198  |mul_6s_17s_23_2_1  |        0|   1|  2|   2|    0|
    |mul_6s_17s_23_2_1_U1199  |mul_6s_17s_23_2_1  |        0|   1|  2|   2|    0|
    +-------------------------+-------------------+---------+----+---+----+-----+
    |Total                    |                   |        0|   2|  4|   4|    0|
    +-------------------------+-------------------+---------+----+---+----+-----+

    * DSP: 
    N/A

    * Memory: 
    N/A

    * FIFO: 
    N/A

    * Expression: 
    +-----------------------+----------+----+---+----+------------+------------+
    |     Variable Name     | Operation| DSP| FF| LUT| Bitwidth P0| Bitwidth P1|
    +-----------------------+----------+----+---+----+------------+------------+
    |add_ln1048_fu_172_p2   |         +|   0|  0|  12|           4|           1|
    |total_fu_207_p2        |         +|   0|  0|  30|          23|          23|
    |empty_fu_124_p2        |      icmp|   0|  0|  12|           4|           3|
    |icmp_ln1048_fu_118_p2  |      icmp|   0|  0|  12|           4|           5|
    |icmp_ln1054_fu_166_p2  |      icmp|   0|  0|  12|           4|           3|
    |a_8_fu_130_p3          |    select|   0|  0|   6|           1|           1|
    |a_9_fu_148_p3          |    select|   0|  0|   6|           1|           6|
    |p_new_1_fu_227_p3      |    select|   0|  0|  27|           1|          27|
    |p_new_fu_234_p3        |    select|   0|  0|  27|           1|          27|
    |ap_enable_pp0          |       xor|   0|  0|   2|           1|           2|
    +-----------------------+----------+----+---+----+------------+------------+
    |Total                  |          |   0|  0| 146|          44|          98|
    +-----------------------+----------+----+---+----+------------+------------+

    * Multiplexer: 
    +-------------------------+----+-----------+-----+-----------+
    |           Name          | LUT| Input Size| Bits| Total Bits|
    +-------------------------+----+-----------+-----+-----------+
    |ap_done_int              |   9|          2|    1|          2|
    |ap_enable_reg_pp0_iter1  |   9|          2|    1|          2|
    |ap_sig_allocacmp_i       |   9|          2|    4|          8|
    |i_2_fu_68                |   9|          2|    4|          8|
    |p_new_6_out_o            |  14|          3|   27|         81|
    |p_new_out_o              |  14|          3|   27|         81|
    +-------------------------+----+-----------+-----+-----------+
    |Total                    |  64|         14|   64|        182|
    +-------------------------+----+-----------+-----+-----------+

    * Register: 
    +-------------------------+---+----+-----+-----------+
    |           Name          | FF| LUT| Bits| Const Bits|
    +-------------------------+---+----+-----+-----------+
    |ap_CS_fsm                |  1|   0|    1|          0|
    |ap_done_reg              |  1|   0|    1|          0|
    |ap_enable_reg_pp0_iter1  |  1|   0|    1|          0|
    |i_2_fu_68                |  4|   0|    4|          0|
    |icmp_ln1054_reg_283      |  1|   0|    1|          0|
    +-------------------------+---+----+-----+-----------+
    |Total                    |  8|   0|    8|          0|
    +-------------------------+---+----+-----+-----------+



================================================================
== Interface
================================================================
* Summary: 
+----------------------+-----+-----+------------+---------------------------------------------------+--------------+
|       RTL Ports      | Dir | Bits|  Protocol  |                   Source Object                   |    C Type    |
+----------------------+-----+-----+------------+---------------------------------------------------+--------------+
|ap_clk                |   in|    1|  ap_ctrl_hs|  riccati_backward_pass_Pipeline_VITIS_LOOP_1048_40|  return value|
|ap_rst                |   in|    1|  ap_ctrl_hs|  riccati_backward_pass_Pipeline_VITIS_LOOP_1048_40|  return value|
|ap_start              |   in|    1|  ap_ctrl_hs|  riccati_backward_pass_Pipeline_VITIS_LOOP_1048_40|  return value|
|ap_done               |  out|    1|  ap_ctrl_hs|  riccati_backward_pass_Pipeline_VITIS_LOOP_1048_40|  return value|
|ap_idle               |  out|    1|  ap_ctrl_hs|  riccati_backward_pass_Pipeline_VITIS_LOOP_1048_40|  return value|
|ap_ready              |  out|    1|  ap_ctrl_hs|  riccati_backward_pass_Pipeline_VITIS_LOOP_1048_40|  return value|
|G_36                  |   in|    6|     ap_none|                                               G_36|        scalar|
|sext_ln288_30         |   in|   17|     ap_none|                                      sext_ln288_30|        scalar|
|sext_ln261_2          |   in|   17|     ap_none|                                       sext_ln261_2|        scalar|
|p_new_6_out_i         |   in|   27|     ap_ovld|                                        p_new_6_out|       pointer|
|p_new_6_out_o         |  out|   27|     ap_ovld|                                        p_new_6_out|       pointer|
|p_new_6_out_o_ap_vld  |  out|    1|     ap_ovld|                                        p_new_6_out|       pointer|
|p_new_out_i           |   in|   27|     ap_ovld|                                          p_new_out|       pointer|
|p_new_out_o           |  out|   27|     ap_ovld|                                          p_new_out|       pointer|
|p_new_out_o_ap_vld    |  out|    1|     ap_ovld|                                          p_new_out|       pointer|
+----------------------+-----+-----+------------+---------------------------------------------------+--------------+

