

================================================================
== Vitis HLS Report for 'riccati_backward_pass_Pipeline_VITIS_LOOP_1029_38'
================================================================
* Date:           Thu May 21 15:23:11 2026

* Version:        2025.2 (Build 6295257 on Nov 14 2025)
* Project:        mpc_fpga_top_opencl
* Solution:       hls (Vitis Kernel Flow Target)
* Product family: zynquplus
* Target device:  xck26-sfvc784-2LV-c


================================================================
== Performance Estimates
================================================================
+ Timing: 
    * Summary: 
    +--------+---------+----------+------------+
    |  Clock |  Target | Estimated| Uncertainty|
    +--------+---------+----------+------------+
    |ap_clk  |  5.00 ns|  3.608 ns|     0.50 ns|
    +--------+---------+----------+------------+

+ Latency: 
    * Summary: 
    +---------+---------+-----------+-----------+-----+-----+-------------------+
    |  Latency (cycles) |   Latency (absolute)  |  Interval |      Pipeline     |
    |   min   |   max   |    min    |    max    | min | max |        Type       |
    +---------+---------+-----------+-----------+-----+-----+-------------------+
    |        6|        6|  30.000 ns|  30.000 ns|    0|    0|  loop pipeline stp|
    +---------+---------+-----------+-----------+-----+-----+-------------------+

    + Detail: 
        * Instance: 
        N/A

        * Loop: 
        +----------------------+---------+---------+----------+-----------+-----------+------+----------+
        |                      |  Latency (cycles) | Iteration|  Initiation Interval  | Trip |          |
        |       Loop Name      |   min   |   max   |  Latency |  achieved |   target  | Count| Pipelined|
        +----------------------+---------+---------+----------+-----------+-----------+------+----------+
        |- VITIS_LOOP_1029_38  |        4|        4|         4|          1|          1|     2|       yes|
        +----------------------+---------+---------+----------+-----------+-----------+------+----------+



================================================================
== Utilization Estimates
================================================================
* Summary: 
+-----------------+---------+------+--------+--------+-----+
|       Name      | BRAM_18K|  DSP |   FF   |   LUT  | URAM|
+-----------------+---------+------+--------+--------+-----+
|DSP              |        -|     -|       -|       -|    -|
|Expression       |        -|     -|       0|     222|    -|
|FIFO             |        -|     -|       -|       -|    -|
|Instance         |        -|     4|     122|      58|    -|
|Memory           |        -|     -|       -|       -|    -|
|Multiplexer      |        -|     -|       0|      64|    -|
|Register         |        -|     -|      76|      32|    -|
+-----------------+---------+------+--------+--------+-----+
|Total            |        0|     4|     198|     376|    0|
+-----------------+---------+------+--------+--------+-----+
|Available        |      288|  1248|  234240|  117120|   64|
+-----------------+---------+------+--------+--------+-----+
|Utilization (%)  |        0|    ~0|      ~0|      ~0|    0|
+-----------------+---------+------+--------+--------+-----+

+ Detail: 
    * Instance: 
    +----------------------------+----------------------+---------+----+----+----+-----+
    |          Instance          |        Module        | BRAM_18K| DSP| FF | LUT| URAM|
    +----------------------------+----------------------+---------+----+----+----+-----+
    |mul_23s_26s_49_4_1_x_U1219  |mul_23s_26s_49_4_1_x  |        0|   2|  61|  29|    0|
    |mul_23s_26s_49_4_1_x_U1220  |mul_23s_26s_49_4_1_x  |        0|   2|  61|  29|    0|
    +----------------------------+----------------------+---------+----+----+----+-----+
    |Total                       |                      |        0|   4| 122|  58|    0|
    +----------------------------+----------------------+---------+----+----+----+-----+

    * DSP: 
    N/A

    * Memory: 
    N/A

    * FIFO: 
    N/A

    * Expression: 
    +-----------------------+----------+----+---+----+------------+------------+
    |     Variable Name     | Operation| DSP| FF| LUT| Bitwidth P0| Bitwidth P1|
    +-----------------------+----------+----+---+----+------------+------------+
    |add_ln1029_fu_170_p2   |         +|   0|  0|  12|           4|           1|
    |total_fu_205_p2        |         +|   0|  0|  56|          49|          49|
    |empty_fu_132_p2        |      icmp|   0|  0|  12|           4|           3|
    |icmp_ln1029_fu_126_p2  |      icmp|   0|  0|  12|           4|           5|
    |icmp_ln1035_fu_164_p2  |      icmp|   0|  0|  12|           4|           3|
    |a_27_fu_151_p3         |    select|   0|  0|  22|           1|          23|
    |a_fu_138_p3            |    select|   0|  0|  22|           1|           1|
    |p_new_1_fu_225_p3      |    select|   0|  0|  36|           1|          40|
    |p_new_fu_232_p3        |    select|   0|  0|  36|           1|          40|
    |ap_enable_pp0          |       xor|   0|  0|   2|           1|           2|
    +-----------------------+----------+----+---+----+------------+------------+
    |Total                  |          |   0|  0| 222|          70|         167|
    +-----------------------+----------+----+---+----+------------+------------+

    * Multiplexer: 
    +-------------------------+----+-----------+-----+-----------+
    |           Name          | LUT| Input Size| Bits| Total Bits|
    +-------------------------+----+-----------+-----+-----------+
    |ap_done_int              |   9|          2|    1|          2|
    |ap_enable_reg_pp0_iter1  |   9|          2|    1|          2|
    |ap_sig_allocacmp_i_3     |   9|          2|    4|          8|
    |i_fu_66                  |   9|          2|    4|          8|
    |p_new_13_out_o           |  14|          3|   40|        120|
    |p_new_14_out_o           |  14|          3|   40|        120|
    +-------------------------+----+-----------+-----+-----------+
    |Total                    |  64|         14|   90|        260|
    +-------------------------+----+-----------+-----+-----------+

    * Register: 
    +----------------------------------+----+----+-----+-----------+
    |               Name               | FF | LUT| Bits| Const Bits|
    +----------------------------------+----+----+-----+-----------+
    |ap_CS_fsm                         |   1|   0|    1|          0|
    |ap_done_reg                       |   1|   0|    1|          0|
    |ap_enable_reg_pp0_iter1           |   1|   0|    1|          0|
    |ap_enable_reg_pp0_iter2           |   1|   0|    1|          0|
    |ap_enable_reg_pp0_iter3           |   1|   0|    1|          0|
    |ap_loop_exit_ready_pp0_iter1_reg  |   1|   0|    1|          0|
    |ap_loop_exit_ready_pp0_iter2_reg  |   1|   0|    1|          0|
    |i_fu_66                           |   4|   0|    4|          0|
    |icmp_ln1035_reg_282               |   1|   0|    1|          0|
    |icmp_ln1035_reg_282               |  64|  32|    1|          0|
    +----------------------------------+----+----+-----+-----------+
    |Total                             |  76|  32|   13|          0|
    +----------------------------------+----+----+-----+-----------+



================================================================
== Interface
================================================================
* Summary: 
+-----------------------+-----+-----+------------+---------------------------------------------------+--------------+
|       RTL Ports       | Dir | Bits|  Protocol  |                   Source Object                   |    C Type    |
+-----------------------+-----+-----+------------+---------------------------------------------------+--------------+
|ap_clk                 |   in|    1|  ap_ctrl_hs|  riccati_backward_pass_Pipeline_VITIS_LOOP_1029_38|  return value|
|ap_rst                 |   in|    1|  ap_ctrl_hs|  riccati_backward_pass_Pipeline_VITIS_LOOP_1029_38|  return value|
|ap_start               |   in|    1|  ap_ctrl_hs|  riccati_backward_pass_Pipeline_VITIS_LOOP_1029_38|  return value|
|ap_done                |  out|    1|  ap_ctrl_hs|  riccati_backward_pass_Pipeline_VITIS_LOOP_1029_38|  return value|
|ap_idle                |  out|    1|  ap_ctrl_hs|  riccati_backward_pass_Pipeline_VITIS_LOOP_1029_38|  return value|
|ap_ready               |  out|    1|  ap_ctrl_hs|  riccati_backward_pass_Pipeline_VITIS_LOOP_1029_38|  return value|
|G_37                   |   in|   23|     ap_none|                                               G_37|        scalar|
|sext_ln291_42          |   in|   26|     ap_none|                                      sext_ln291_42|        scalar|
|sext_ln1013            |   in|   26|     ap_none|                                        sext_ln1013|        scalar|
|p_new_14_out_i         |   in|   40|     ap_ovld|                                       p_new_14_out|       pointer|
|p_new_14_out_o         |  out|   40|     ap_ovld|                                       p_new_14_out|       pointer|
|p_new_14_out_o_ap_vld  |  out|    1|     ap_ovld|                                       p_new_14_out|       pointer|
|p_new_13_out_i         |   in|   40|     ap_ovld|                                       p_new_13_out|       pointer|
|p_new_13_out_o         |  out|   40|     ap_ovld|                                       p_new_13_out|       pointer|
|p_new_13_out_o_ap_vld  |  out|    1|     ap_ovld|                                       p_new_13_out|       pointer|
+-----------------------+-----+-----+------------+---------------------------------------------------+--------------+

