

================================================================
== Vitis HLS Report for 'riccati_backward_pass_Pipeline_VITIS_LOOP_783_12'
================================================================
* Date:           Thu Jun 11 16:07:03 2026

* Version:        2025.2 (Build 6295257 on Nov 14 2025)
* Project:        mpc_fpga_top_opencl
* Solution:       hls (Vitis Kernel Flow Target)
* Product family: zynquplus
* Target device:  xck26-sfvc784-2LV-c


================================================================
== Performance Estimates
================================================================
+ Timing: 
    * Summary: 
    +--------+---------+----------+------------+
    |  Clock |  Target | Estimated| Uncertainty|
    +--------+---------+----------+------------+
    |ap_clk  |  5.00 ns|  3.795 ns|     0.50 ns|
    +--------+---------+----------+------------+

+ Latency: 
    * Summary: 
    +---------+---------+-----------+-----------+-----+-----+-------------------+
    |  Latency (cycles) |   Latency (absolute)  |  Interval |      Pipeline     |
    |   min   |   max   |    min    |    max    | min | max |        Type       |
    +---------+---------+-----------+-----------+-----+-----+-------------------+
    |       14|       14|  70.000 ns|  70.000 ns|    0|    0|  loop pipeline stp|
    +---------+---------+-----------+-----------+-----+-----+-------------------+

    + Detail: 
        * Instance: 
        +-----------------------------+---------------+---------+---------+----------+----------+-----+-----+---------+
        |                             |               |  Latency (cycles) |  Latency (absolute) |  Interval | Pipeline|
        |           Instance          |     Module    |   min   |   max   |    min   |    max   | min | max |   Type  |
        +-----------------------------+---------------+---------+---------+----------+----------+-----+-----+---------+
        |pd_sum_sum6_P_QP_raw_fu_406  |sum6_P_QP_raw  |        0|        0|      0 ns|      0 ns|    1|    1|      yes|
        +-----------------------------+---------------+---------+---------+----------+----------+-----+-----+---------+

        * Loop: 
        +---------------------+---------+---------+----------+-----------+-----------+------+----------+
        |                     |  Latency (cycles) | Iteration|  Initiation Interval  | Trip |          |
        |      Loop Name      |   min   |   max   |  Latency |  achieved |   target  | Count| Pipelined|
        +---------------------+---------+---------+----------+-----------+-----------+------+----------+
        |- VITIS_LOOP_783_12  |       12|       12|         5|          1|          1|     8|       yes|
        +---------------------+---------+---------+----------+-----------+-----------+------+----------+



================================================================
== Utilization Estimates
================================================================
* Summary: 
+-----------------+---------+------+--------+--------+-----+
|       Name      | BRAM_18K|  DSP |   FF   |   LUT  | URAM|
+-----------------+---------+------+--------+--------+-----+
|DSP              |        -|     -|       -|       -|    -|
|Expression       |        -|     -|       0|      60|    -|
|FIFO             |        -|     -|       -|       -|    -|
|Instance         |        -|     -|       0|      43|    -|
|Memory           |        -|     -|       -|       -|    -|
|Multiplexer      |        -|     -|       0|      36|    -|
|Register         |        -|     -|     738|      96|    -|
+-----------------+---------+------+--------+--------+-----+
|Total            |        0|     0|     738|     235|    0|
+-----------------+---------+------+--------+--------+-----+
|Available        |      288|  1248|  234240|  117120|   64|
+-----------------+---------+------+--------+--------+-----+
|Utilization (%)  |        0|     0|      ~0|      ~0|    0|
+-----------------+---------+------+--------+--------+-----+

+ Detail: 
    * Instance: 
    +-----------------------------+-----------------------+---------+----+---+----+-----+
    |           Instance          |         Module        | BRAM_18K| DSP| FF| LUT| URAM|
    +-----------------------------+-----------------------+---------+----+---+----+-----+
    |sparsemux_17_3_27_1_1_U1026  |sparsemux_17_3_27_1_1  |        0|   0|  0|  43|    0|
    +-----------------------------+-----------------------+---------+----+---+----+-----+
    |Total                        |                       |        0|   0|  0|  43|    0|
    +-----------------------------+-----------------------+---------+----+---+----+-----+

    * DSP: 
    N/A

    * Memory: 
    N/A

    * FIFO: 
    N/A

    * Expression: 
    +----------------------+----------+----+---+----+------------+------------+
    |     Variable Name    | Operation| DSP| FF| LUT| Bitwidth P0| Bitwidth P1|
    +----------------------+----------+----+---+----+------------+------------+
    |add_ln783_fu_478_p2   |         +|   0|  0|  12|           4|           1|
    |p_shift_11_fu_647_p2  |         +|   0|  0|  34|          27|          27|
    |icmp_ln783_fu_472_p2  |      icmp|   0|  0|  12|           4|           5|
    |ap_enable_pp0         |       xor|   0|  0|   2|           1|           2|
    +----------------------+----------+----+---+----+------------+------------+
    |Total                 |          |   0|  0|  60|          36|          35|
    +----------------------+----------+----+---+----+------------+------------+

    * Multiplexer: 
    +----------------------------------+----+-----------+-----+-----------+
    |               Name               | LUT| Input Size| Bits| Total Bits|
    +----------------------------------+----+-----------+-----+-----------+
    |ap_done_int                       |   9|          2|    1|          2|
    |ap_loop_exit_ready_pp0_iter4_reg  |   9|          2|    1|          2|
    |ap_sig_allocacmp_i_2              |   9|          2|    4|          8|
    |i_fu_152                          |   9|          2|    4|          8|
    +----------------------------------+----+-----------+-----+-----------+
    |Total                             |  36|          8|   10|         20|
    +----------------------------------+----+-----------+-----+-----------+

    * Register: 
    +----------------------------------+----+----+-----+-----------+
    |               Name               | FF | LUT| Bits| Const Bits|
    +----------------------------------+----+----+-----+-----------+
    |ap_CS_fsm                         |   1|   0|    1|          0|
    |ap_done_reg                       |   1|   0|    1|          0|
    |ap_enable_reg_pp0_iter1           |   1|   0|    1|          0|
    |ap_enable_reg_pp0_iter2           |   1|   0|    1|          0|
    |ap_enable_reg_pp0_iter3           |   1|   0|    1|          0|
    |ap_enable_reg_pp0_iter4           |   1|   0|    1|          0|
    |ap_loop_exit_ready_pp0_iter1_reg  |   1|   0|    1|          0|
    |ap_loop_exit_ready_pp0_iter2_reg  |   1|   0|    1|          0|
    |ap_loop_exit_ready_pp0_iter3_reg  |   1|   0|    1|          0|
    |ap_loop_exit_ready_pp0_iter4_reg  |   1|   0|    1|          0|
    |i_fu_152                          |   4|   0|    4|          0|
    |icmp_ln783_reg_800                |   1|   0|    1|          0|
    |p_shift_1_fu_160                  |  27|   0|   27|          0|
    |p_shift_2_fu_164                  |  27|   0|   27|          0|
    |p_shift_3_fu_168                  |  27|   0|   27|          0|
    |p_shift_4_fu_172                  |  27|   0|   27|          0|
    |p_shift_5_fu_176                  |  27|   0|   27|          0|
    |p_shift_6_fu_180                  |  27|   0|   27|          0|
    |p_shift_7_fu_184                  |  27|   0|   27|          0|
    |p_shift_fu_156                    |  27|   0|   27|          0|
    |sext_ln256_1_cast_reg_790         |  43|   0|   43|          0|
    |sext_ln256_2_cast_reg_785         |  43|   0|   43|          0|
    |sext_ln256_3_cast_reg_780         |  43|   0|   43|          0|
    |sext_ln256_4_cast_reg_775         |  43|   0|   43|          0|
    |sext_ln256_cast_reg_795           |  43|   0|   43|          0|
    |sext_ln783_cast_reg_770           |  43|   0|   43|          0|
    |tmp_s_reg_838                     |  27|   0|   27|          0|
    |trunc_ln182_6_reg_873             |  27|   0|   27|          0|
    |trunc_ln783_2_reg_804             |   3|   0|    3|          0|
    |icmp_ln783_reg_800                |  64|  32|    1|          0|
    |tmp_s_reg_838                     |  64|  32|   27|          0|
    |trunc_ln783_2_reg_804             |  64|  32|    3|          0|
    +----------------------------------+----+----+-----+-----------+
    |Total                             | 738|  96|  577|          0|
    +----------------------------------+----+----+-----+-----------+



================================================================
== Interface
================================================================
* Summary: 
+---------------------------------------+-----+-----+------------+--------------------------------------------------+--------------+
|               RTL Ports               | Dir | Bits|  Protocol  |                   Source Object                  |    C Type    |
+---------------------------------------+-----+-----+------------+--------------------------------------------------+--------------+
|ap_clk                                 |   in|    1|  ap_ctrl_hs|  riccati_backward_pass_Pipeline_VITIS_LOOP_783_12|  return value|
|ap_rst                                 |   in|    1|  ap_ctrl_hs|  riccati_backward_pass_Pipeline_VITIS_LOOP_783_12|  return value|
|ap_start                               |   in|    1|  ap_ctrl_hs|  riccati_backward_pass_Pipeline_VITIS_LOOP_783_12|  return value|
|ap_done                                |  out|    1|  ap_ctrl_hs|  riccati_backward_pass_Pipeline_VITIS_LOOP_783_12|  return value|
|ap_idle                                |  out|    1|  ap_ctrl_hs|  riccati_backward_pass_Pipeline_VITIS_LOOP_783_12|  return value|
|ap_ready                               |  out|    1|  ap_ctrl_hs|  riccati_backward_pass_Pipeline_VITIS_LOOP_783_12|  return value|
|grp_fu_15628_p_din0                    |  out|   27|  ap_ctrl_hs|  riccati_backward_pass_Pipeline_VITIS_LOOP_783_12|  return value|
|grp_fu_15628_p_din1                    |  out|   26|  ap_ctrl_hs|  riccati_backward_pass_Pipeline_VITIS_LOOP_783_12|  return value|
|grp_fu_15628_p_dout0                   |   in|   43|  ap_ctrl_hs|  riccati_backward_pass_Pipeline_VITIS_LOOP_783_12|  return value|
|grp_fu_15628_p_ce                      |  out|    1|  ap_ctrl_hs|  riccati_backward_pass_Pipeline_VITIS_LOOP_783_12|  return value|
|grp_fu_15632_p_din0                    |  out|   27|  ap_ctrl_hs|  riccati_backward_pass_Pipeline_VITIS_LOOP_783_12|  return value|
|grp_fu_15632_p_din1                    |  out|   26|  ap_ctrl_hs|  riccati_backward_pass_Pipeline_VITIS_LOOP_783_12|  return value|
|grp_fu_15632_p_dout0                   |   in|   43|  ap_ctrl_hs|  riccati_backward_pass_Pipeline_VITIS_LOOP_783_12|  return value|
|grp_fu_15632_p_ce                      |  out|    1|  ap_ctrl_hs|  riccati_backward_pass_Pipeline_VITIS_LOOP_783_12|  return value|
|grp_fu_15636_p_din0                    |  out|   27|  ap_ctrl_hs|  riccati_backward_pass_Pipeline_VITIS_LOOP_783_12|  return value|
|grp_fu_15636_p_din1                    |  out|   26|  ap_ctrl_hs|  riccati_backward_pass_Pipeline_VITIS_LOOP_783_12|  return value|
|grp_fu_15636_p_dout0                   |   in|   43|  ap_ctrl_hs|  riccati_backward_pass_Pipeline_VITIS_LOOP_783_12|  return value|
|grp_fu_15636_p_ce                      |  out|    1|  ap_ctrl_hs|  riccati_backward_pass_Pipeline_VITIS_LOOP_783_12|  return value|
|grp_fu_15640_p_din0                    |  out|   27|  ap_ctrl_hs|  riccati_backward_pass_Pipeline_VITIS_LOOP_783_12|  return value|
|grp_fu_15640_p_din1                    |  out|   26|  ap_ctrl_hs|  riccati_backward_pass_Pipeline_VITIS_LOOP_783_12|  return value|
|grp_fu_15640_p_dout0                   |   in|   43|  ap_ctrl_hs|  riccati_backward_pass_Pipeline_VITIS_LOOP_783_12|  return value|
|grp_fu_15640_p_ce                      |  out|    1|  ap_ctrl_hs|  riccati_backward_pass_Pipeline_VITIS_LOOP_783_12|  return value|
|grp_fu_15644_p_din0                    |  out|   27|  ap_ctrl_hs|  riccati_backward_pass_Pipeline_VITIS_LOOP_783_12|  return value|
|grp_fu_15644_p_din1                    |  out|   26|  ap_ctrl_hs|  riccati_backward_pass_Pipeline_VITIS_LOOP_783_12|  return value|
|grp_fu_15644_p_dout0                   |   in|   43|  ap_ctrl_hs|  riccati_backward_pass_Pipeline_VITIS_LOOP_783_12|  return value|
|grp_fu_15644_p_ce                      |  out|    1|  ap_ctrl_hs|  riccati_backward_pass_Pipeline_VITIS_LOOP_783_12|  return value|
|grp_fu_15648_p_din0                    |  out|   27|  ap_ctrl_hs|  riccati_backward_pass_Pipeline_VITIS_LOOP_783_12|  return value|
|grp_fu_15648_p_din1                    |  out|   26|  ap_ctrl_hs|  riccati_backward_pass_Pipeline_VITIS_LOOP_783_12|  return value|
|grp_fu_15648_p_dout0                   |   in|   43|  ap_ctrl_hs|  riccati_backward_pass_Pipeline_VITIS_LOOP_783_12|  return value|
|grp_fu_15648_p_ce                      |  out|    1|  ap_ctrl_hs|  riccati_backward_pass_Pipeline_VITIS_LOOP_783_12|  return value|
|pd_sum_sum6_P_QP_raw_fu_15652_p_din1   |  out|   41|  ap_ctrl_hs|  riccati_backward_pass_Pipeline_VITIS_LOOP_783_12|  return value|
|pd_sum_sum6_P_QP_raw_fu_15652_p_din2   |  out|   41|  ap_ctrl_hs|  riccati_backward_pass_Pipeline_VITIS_LOOP_783_12|  return value|
|pd_sum_sum6_P_QP_raw_fu_15652_p_din3   |  out|   41|  ap_ctrl_hs|  riccati_backward_pass_Pipeline_VITIS_LOOP_783_12|  return value|
|pd_sum_sum6_P_QP_raw_fu_15652_p_din4   |  out|   41|  ap_ctrl_hs|  riccati_backward_pass_Pipeline_VITIS_LOOP_783_12|  return value|
|pd_sum_sum6_P_QP_raw_fu_15652_p_din5   |  out|   41|  ap_ctrl_hs|  riccati_backward_pass_Pipeline_VITIS_LOOP_783_12|  return value|
|pd_sum_sum6_P_QP_raw_fu_15652_p_din6   |  out|   41|  ap_ctrl_hs|  riccati_backward_pass_Pipeline_VITIS_LOOP_783_12|  return value|
|pd_sum_sum6_P_QP_raw_fu_15652_p_dout0  |   in|   41|  ap_ctrl_hs|  riccati_backward_pass_Pipeline_VITIS_LOOP_783_12|  return value|
|pd_sum_sum6_P_QP_raw_fu_15652_p_ready  |   in|    1|  ap_ctrl_hs|  riccati_backward_pass_Pipeline_VITIS_LOOP_783_12|  return value|
|P_address0                             |  out|    3|   ap_memory|                                                 P|         array|
|P_ce0                                  |  out|    1|   ap_memory|                                                 P|         array|
|P_q0                                   |   in|   27|   ap_memory|                                                 P|         array|
|sext_ln256                             |   in|   26|     ap_none|                                        sext_ln256|        scalar|
|P_1_address0                           |  out|    3|   ap_memory|                                               P_1|         array|
|P_1_ce0                                |  out|    1|   ap_memory|                                               P_1|         array|
|P_1_q0                                 |   in|   27|   ap_memory|                                               P_1|         array|
|sext_ln256_1                           |   in|   26|     ap_none|                                      sext_ln256_1|        scalar|
|P_2_address0                           |  out|    3|   ap_memory|                                               P_2|         array|
|P_2_ce0                                |  out|    1|   ap_memory|                                               P_2|         array|
|P_2_q0                                 |   in|   27|   ap_memory|                                               P_2|         array|
|sext_ln256_2                           |   in|   26|     ap_none|                                      sext_ln256_2|        scalar|
|P_3_address0                           |  out|    3|   ap_memory|                                               P_3|         array|
|P_3_ce0                                |  out|    1|   ap_memory|                                               P_3|         array|
|P_3_q0                                 |   in|   27|   ap_memory|                                               P_3|         array|
|sext_ln256_3                           |   in|   26|     ap_none|                                      sext_ln256_3|        scalar|
|P_4_address0                           |  out|    3|   ap_memory|                                               P_4|         array|
|P_4_ce0                                |  out|    1|   ap_memory|                                               P_4|         array|
|P_4_q0                                 |   in|   27|   ap_memory|                                               P_4|         array|
|sext_ln256_4                           |   in|   26|     ap_none|                                      sext_ln256_4|        scalar|
|P_5_address0                           |  out|    3|   ap_memory|                                               P_5|         array|
|P_5_ce0                                |  out|    1|   ap_memory|                                               P_5|         array|
|P_5_q0                                 |   in|   27|   ap_memory|                                               P_5|         array|
|sext_ln783                             |   in|   26|     ap_none|                                        sext_ln783|        scalar|
|p_6                                    |   in|   27|     ap_none|                                               p_6|        scalar|
|p_7                                    |   in|   27|     ap_none|                                               p_7|        scalar|
|p_8                                    |   in|   27|     ap_none|                                               p_8|        scalar|
|p_9                                    |   in|   27|     ap_none|                                               p_9|        scalar|
|p_10                                   |   in|   27|     ap_none|                                              p_10|        scalar|
|p_11                                   |   in|   27|     ap_none|                                              p_11|        scalar|
|p_12                                   |   in|   27|     ap_none|                                              p_12|        scalar|
|p_13                                   |   in|   27|     ap_none|                                              p_13|        scalar|
|p_shift_7_out                          |  out|   27|      ap_vld|                                     p_shift_7_out|       pointer|
|p_shift_7_out_ap_vld                   |  out|    1|      ap_vld|                                     p_shift_7_out|       pointer|
|p_shift_6_out                          |  out|   27|      ap_vld|                                     p_shift_6_out|       pointer|
|p_shift_6_out_ap_vld                   |  out|    1|      ap_vld|                                     p_shift_6_out|       pointer|
|p_shift_5_out                          |  out|   27|      ap_vld|                                     p_shift_5_out|       pointer|
|p_shift_5_out_ap_vld                   |  out|    1|      ap_vld|                                     p_shift_5_out|       pointer|
|p_shift_4_out                          |  out|   27|      ap_vld|                                     p_shift_4_out|       pointer|
|p_shift_4_out_ap_vld                   |  out|    1|      ap_vld|                                     p_shift_4_out|       pointer|
|p_shift_3_out                          |  out|   27|      ap_vld|                                     p_shift_3_out|       pointer|
|p_shift_3_out_ap_vld                   |  out|    1|      ap_vld|                                     p_shift_3_out|       pointer|
|p_shift_2_out                          |  out|   27|      ap_vld|                                     p_shift_2_out|       pointer|
|p_shift_2_out_ap_vld                   |  out|    1|      ap_vld|                                     p_shift_2_out|       pointer|
|p_shift_1_out                          |  out|   21|      ap_vld|                                     p_shift_1_out|       pointer|
|p_shift_1_out_ap_vld                   |  out|    1|      ap_vld|                                     p_shift_1_out|       pointer|
|p_shift_out                            |  out|   21|      ap_vld|                                       p_shift_out|       pointer|
|p_shift_out_ap_vld                     |  out|    1|      ap_vld|                                       p_shift_out|       pointer|
+---------------------------------------+-----+-----+------------+--------------------------------------------------+--------------+

