

================================================================
== Vitis HLS Report for 'riccati_forward_pass'
================================================================
* Date:           Thu May 21 15:23:12 2026

* Version:        2025.2 (Build 6295257 on Nov 14 2025)
* Project:        mpc_fpga_top_opencl
* Solution:       hls (Vitis Kernel Flow Target)
* Product family: zynquplus
* Target device:  xck26-sfvc784-2LV-c


================================================================
== Performance Estimates
================================================================
+ Timing: 
    * Summary: 
    +--------+---------+----------+------------+
    |  Clock |  Target | Estimated| Uncertainty|
    +--------+---------+----------+------------+
    |ap_clk  |  5.00 ns|  4.217 ns|     0.50 ns|
    +--------+---------+----------+------------+

+ Latency: 
    * Summary: 
    +---------+---------+----------+----------+-----+-----+---------+
    |  Latency (cycles) |  Latency (absolute) |  Interval | Pipeline|
    |   min   |   max   |    min   |    max   | min | max |   Type  |
    +---------+---------+----------+----------+-----+-----+---------+
    |      381|      381|  1.905 us|  1.905 us|  381|  381|       no|
    +---------+---------+----------+----------+-----+-----+---------+

    + Detail: 
        * Instance: 
        +------------------------------------------------------------+------------------------------------------------+---------+---------+-----------+-----------+-----+-----+-------------------+
        |                                                            |                                                |  Latency (cycles) |   Latency (absolute)  |  Interval |      Pipeline     |
        |                          Instance                          |                     Module                     |   min   |   max   |    min    |    max    | min | max |        Type       |
        +------------------------------------------------------------+------------------------------------------------+---------+---------+-----------+-----------+-----+-----+-------------------+
        |prod_sum0_sum8_K_QP_raw_fu_2119                             |sum8_K_QP_raw                                   |        0|        0|       0 ns|       0 ns|    1|    1|                yes|
        |prod_sum1_sum8_K_QP_raw_fu_2131                             |sum8_K_QP_raw                                   |        0|        0|       0 ns|       0 ns|    1|    1|                yes|
        |grp_riccati_forward_pass_Pipeline_VITIS_LOOP_383_4_fu_2143  |riccati_forward_pass_Pipeline_VITIS_LOOP_383_4  |       11|       11|  55.000 ns|  55.000 ns|    0|    0|  loop pipeline stp|
        +------------------------------------------------------------+------------------------------------------------+---------+---------+-----------+-----------+-----+-----+-------------------+

        * Loop: 
        +--------------------+---------+---------+----------+-----------+-----------+------+----------+
        |                    |  Latency (cycles) | Iteration|  Initiation Interval  | Trip |          |
        |      Loop Name     |   min   |   max   |  Latency |  achieved |   target  | Count| Pipelined|
        +--------------------+---------+---------+----------+-----------+-----------+------+----------+
        |- VITIS_LOOP_332_2  |      380|      380|        19|          -|          -|    20|        no|
        +--------------------+---------+---------+----------+-----------+-----------+------+----------+



================================================================
== Utilization Estimates
================================================================
* Summary: 
+-----------------+---------+------+--------+--------+-----+
|       Name      | BRAM_18K|  DSP |   FF   |   LUT  | URAM|
+-----------------+---------+------+--------+--------+-----+
|DSP              |        -|     -|       -|       -|    -|
|Expression       |        -|     -|       0|     175|    -|
|FIFO             |        -|     -|       -|       -|    -|
|Instance         |        -|    64|    2953|    3108|    -|
|Memory           |        -|     -|       -|       -|    -|
|Multiplexer      |        -|     -|       0|     375|    -|
|Register         |        -|     -|    2428|       -|    -|
+-----------------+---------+------+--------+--------+-----+
|Total            |        0|    64|    5381|    3658|    0|
+-----------------+---------+------+--------+--------+-----+
|Available        |      288|  1248|  234240|  117120|   64|
+-----------------+---------+------+--------+--------+-----+
|Utilization (%)  |        0|     5|       2|       3|    0|
+-----------------+---------+------+--------+--------+-----+

+ Detail: 
    * Instance: 
    +------------------------------------------------------------+------------------------------------------------+---------+----+------+------+-----+
    |                          Instance                          |                     Module                     | BRAM_18K| DSP|  FF  |  LUT | URAM|
    +------------------------------------------------------------+------------------------------------------------+---------+----+------+------+-----+
    |mul_32s_26s_44_4_1_U1711                                    |mul_32s_26s_44_4_1                              |        0|   2|    98|    47|    0|
    |mul_32s_26s_44_4_1_U1712                                    |mul_32s_26s_44_4_1                              |        0|   2|    98|    47|    0|
    |mul_32s_26s_44_4_1_U1713                                    |mul_32s_26s_44_4_1                              |        0|   2|    98|    47|    0|
    |mul_32s_26s_44_4_1_U1714                                    |mul_32s_26s_44_4_1                              |        0|   2|    98|    47|    0|
    |mul_32s_26s_44_4_1_U1715                                    |mul_32s_26s_44_4_1                              |        0|   2|    98|    47|    0|
    |mul_32s_26s_44_4_1_U1716                                    |mul_32s_26s_44_4_1                              |        0|   2|    98|    47|    0|
    |mul_32s_26s_44_4_1_U1717                                    |mul_32s_26s_44_4_1                              |        0|   2|    98|    47|    0|
    |mul_32s_26s_44_4_1_U1718                                    |mul_32s_26s_44_4_1                              |        0|   2|    98|    47|    0|
    |mul_32s_26s_44_4_1_U1719                                    |mul_32s_26s_44_4_1                              |        0|   2|    98|    47|    0|
    |mul_32s_26s_44_4_1_U1720                                    |mul_32s_26s_44_4_1                              |        0|   2|    98|    47|    0|
    |mul_32s_26s_44_4_1_U1721                                    |mul_32s_26s_44_4_1                              |        0|   2|    98|    47|    0|
    |mul_32s_26s_44_4_1_U1722                                    |mul_32s_26s_44_4_1                              |        0|   2|    98|    47|    0|
    |mul_32s_26s_44_4_1_U1723                                    |mul_32s_26s_44_4_1                              |        0|   2|    98|    47|    0|
    |mul_32s_26s_44_4_1_U1724                                    |mul_32s_26s_44_4_1                              |        0|   2|    98|    47|    0|
    |mul_32s_26s_44_4_1_U1725                                    |mul_32s_26s_44_4_1                              |        0|   2|    98|    47|    0|
    |mul_32s_26s_44_4_1_U1726                                    |mul_32s_26s_44_4_1                              |        0|   2|    98|    47|    0|
    |grp_riccati_forward_pass_Pipeline_VITIS_LOOP_383_4_fu_2143  |riccati_forward_pass_Pipeline_VITIS_LOOP_383_4  |        0|  32|  1385|  1378|    0|
    |sparsemux_9_2_26_1_1_U1727                                  |sparsemux_9_2_26_1_1                            |        0|   0|     0|    20|    0|
    |sparsemux_9_2_26_1_1_U1728                                  |sparsemux_9_2_26_1_1                            |        0|   0|     0|    20|    0|
    |sparsemux_9_2_26_1_1_U1729                                  |sparsemux_9_2_26_1_1                            |        0|   0|     0|    20|    0|
    |sparsemux_9_2_26_1_1_U1730                                  |sparsemux_9_2_26_1_1                            |        0|   0|     0|    20|    0|
    |sparsemux_9_2_26_1_1_U1731                                  |sparsemux_9_2_26_1_1                            |        0|   0|     0|    20|    0|
    |sparsemux_9_2_26_1_1_U1732                                  |sparsemux_9_2_26_1_1                            |        0|   0|     0|    20|    0|
    |sparsemux_9_2_26_1_1_U1733                                  |sparsemux_9_2_26_1_1                            |        0|   0|     0|    20|    0|
    |sparsemux_9_2_26_1_1_U1734                                  |sparsemux_9_2_26_1_1                            |        0|   0|     0|    20|    0|
    |sparsemux_9_2_26_1_1_U1735                                  |sparsemux_9_2_26_1_1                            |        0|   0|     0|    20|    0|
    |sparsemux_9_2_26_1_1_U1736                                  |sparsemux_9_2_26_1_1                            |        0|   0|     0|    20|    0|
    |sparsemux_9_2_26_1_1_U1737                                  |sparsemux_9_2_26_1_1                            |        0|   0|     0|    20|    0|
    |sparsemux_9_2_26_1_1_U1738                                  |sparsemux_9_2_26_1_1                            |        0|   0|     0|    20|    0|
    |sparsemux_9_2_26_1_1_U1739                                  |sparsemux_9_2_26_1_1                            |        0|   0|     0|    20|    0|
    |sparsemux_9_2_26_1_1_U1740                                  |sparsemux_9_2_26_1_1                            |        0|   0|     0|    20|    0|
    |sparsemux_9_2_26_1_1_U1741                                  |sparsemux_9_2_26_1_1                            |        0|   0|     0|    20|    0|
    |sparsemux_9_2_26_1_1_U1742                                  |sparsemux_9_2_26_1_1                            |        0|   0|     0|    20|    0|
    |prod_sum0_sum8_K_QP_raw_fu_2119                             |sum8_K_QP_raw                                   |        0|   0|     0|   329|    0|
    |prod_sum1_sum8_K_QP_raw_fu_2131                             |sum8_K_QP_raw                                   |        0|   0|     0|   329|    0|
    +------------------------------------------------------------+------------------------------------------------+---------+----+------+------+-----+
    |Total                                                       |                                                |        0|  64|  2953|  3108|    0|
    +------------------------------------------------------------+------------------------------------------------+---------+----+------+------+-----+

    * DSP: 
    N/A

    * Memory: 
    N/A

    * FIFO: 
    N/A

    * Expression: 
    +-----------------------+----------+----+---+----+------------+------------+
    |     Variable Name     | Operation| DSP| FF| LUT| Bitwidth P0| Bitwidth P1|
    +-----------------------+----------+----+---+----+------------+------------+
    |add_ln337_fu_3004_p2   |         +|   0|  0|  14|           7|           2|
    |add_ln338_fu_3014_p2   |         +|   0|  0|  14|           7|           2|
    |add_ln339_fu_3032_p2   |         +|   0|  0|  14|           7|           3|
    |add_ln340_fu_3042_p2   |         +|   0|  0|  14|           7|           3|
    |add_ln420_fu_2332_p2   |         +|   0|  0|  12|           5|           1|
    |sum_8_fu_3108_p2       |         +|   0|  0|  34|          27|          27|
    |sum_fu_3078_p2         |         +|   0|  0|  34|          27|          27|
    |sub_ln335_fu_2966_p2   |         -|   0|  0|  15|           8|           8|
    |icmp_ln332_fu_2326_p2  |      icmp|   0|  0|  12|           5|           5|
    |x_out_0_we1            |        or|   0|  0|   2|           1|           1|
    |x_out_1_we1            |        or|   0|  0|   2|           1|           1|
    |x_out_2_we1            |        or|   0|  0|   2|           1|           1|
    |x_out_3_we1            |        or|   0|  0|   2|           1|           1|
    |x_out_4_we1            |        or|   0|  0|   2|           1|           1|
    |x_out_5_we1            |        or|   0|  0|   2|           1|           1|
    +-----------------------+----------+----+---+----+------------+------------+
    |Total                  |          |   0|  0| 175|         106|          84|
    +-----------------------+----------+----+---+----+------------+------------+

    * Multiplexer: 
    +----------------------------+----+-----------+-----+-----------+
    |            Name            | LUT| Input Size| Bits| Total Bits|
    +----------------------------+----+-----------+-----+-----------+
    |ap_NS_fsm                   |  54|         10|    1|         10|
    |k_fu_374                    |   9|          2|    5|         10|
    |step_data_1_address0_local  |  20|          4|    7|         28|
    |step_data_1_address1_local  |  20|          4|    7|         28|
    |x_out_0_address1            |   9|          2|    5|         10|
    |x_out_0_ce1                 |   9|          2|    1|          2|
    |x_out_0_d1                  |   9|          2|   32|         64|
    |x_out_0_we1                 |   9|          2|    1|          2|
    |x_out_1_address1            |   9|          2|    5|         10|
    |x_out_1_ce1                 |   9|          2|    1|          2|
    |x_out_1_d1                  |   9|          2|   32|         64|
    |x_out_1_we1                 |   9|          2|    1|          2|
    |x_out_2_address1            |   9|          2|    5|         10|
    |x_out_2_ce1                 |   9|          2|    1|          2|
    |x_out_2_d1                  |   9|          2|   32|         64|
    |x_out_2_we1                 |   9|          2|    1|          2|
    |x_out_3_address1            |   9|          2|    5|         10|
    |x_out_3_ce1                 |   9|          2|    1|          2|
    |x_out_3_d1                  |   9|          2|   32|         64|
    |x_out_3_we1                 |   9|          2|    1|          2|
    |x_out_4_address1            |   9|          2|    5|         10|
    |x_out_4_ce1                 |   9|          2|    1|          2|
    |x_out_4_d1                  |   9|          2|   32|         64|
    |x_out_4_we1                 |   9|          2|    1|          2|
    |x_out_5_address1            |   9|          2|    5|         10|
    |x_out_5_ce1                 |   9|          2|    1|          2|
    |x_out_5_d1                  |   9|          2|   32|         64|
    |x_out_5_we1                 |   9|          2|    1|          2|
    |x_out_6_address1_local      |  14|          3|    5|         15|
    |x_out_6_d1_local            |  14|          3|   32|         96|
    |x_out_7_address1_local      |  14|          3|    5|         15|
    |x_out_7_d1_local            |  14|          3|   32|         96|
    +----------------------------+----+-----------+-----+-----------+
    |Total                       | 375|         80|  328|        766|
    +----------------------------+----+-----------+-----+-----------+

    * Register: 
    +-------------------------------------------------------------------------+----+----+-----+-----------+
    |                                   Name                                  | FF | LUT| Bits| Const Bits|
    +-------------------------------------------------------------------------+----+----+-----+-----------+
    |B_sparse_0_load_reg_4287                                                 |  32|   0|   32|          0|
    |B_sparse_1_load_reg_4272                                                 |  32|   0|   32|          0|
    |B_sparse_2_load_reg_4277                                                 |  32|   0|   32|          0|
    |B_sparse_3_load_reg_4282                                                 |  32|   0|   32|          0|
    |add_ln420_reg_3152                                                       |   5|   0|    5|          0|
    |ap_CS_fsm                                                                |   9|   0|    9|          0|
    |grp_riccati_forward_pass_Pipeline_VITIS_LOOP_383_4_fu_2143_ap_start_reg  |   1|   0|    1|          0|
    |k_1_reg_3142                                                             |   5|   0|    5|          0|
    |k_fu_374                                                                 |   5|   0|    5|          0|
    |product_10_reg_3812                                                      |  44|   0|   44|          0|
    |product_11_reg_3817                                                      |  44|   0|   44|          0|
    |product_12_reg_3822                                                      |  44|   0|   44|          0|
    |product_13_reg_3827                                                      |  44|   0|   44|          0|
    |product_14_reg_3832                                                      |  44|   0|   44|          0|
    |product_15_reg_3837                                                      |  44|   0|   44|          0|
    |product_1_reg_3767                                                       |  44|   0|   44|          0|
    |product_2_reg_3772                                                       |  44|   0|   44|          0|
    |product_3_reg_3777                                                       |  44|   0|   44|          0|
    |product_4_reg_3782                                                       |  44|   0|   44|          0|
    |product_5_reg_3787                                                       |  44|   0|   44|          0|
    |product_6_reg_3792                                                       |  44|   0|   44|          0|
    |product_7_reg_3797                                                       |  44|   0|   44|          0|
    |product_8_reg_3802                                                       |  44|   0|   44|          0|
    |product_9_reg_3807                                                       |  44|   0|   44|          0|
    |product_reg_3762                                                         |  44|   0|   44|          0|
    |step_data_0_0_0_load_reg_4092                                            |  32|   0|   32|          0|
    |step_data_0_0_1_load_reg_4122                                            |  32|   0|   32|          0|
    |step_data_0_0_2_load_reg_4152                                            |  32|   0|   32|          0|
    |step_data_0_0_3_load_reg_4182                                            |  32|   0|   32|          0|
    |step_data_0_0_4_load_reg_4212                                            |  32|   0|   32|          0|
    |step_data_0_0_5_load_reg_4242                                            |  32|   0|   32|          0|
    |step_data_0_1_0_load_reg_4097                                            |  32|   0|   32|          0|
    |step_data_0_1_1_load_reg_4127                                            |  32|   0|   32|          0|
    |step_data_0_1_2_load_reg_4157                                            |  32|   0|   32|          0|
    |step_data_0_1_3_load_reg_4187                                            |  32|   0|   32|          0|
    |step_data_0_1_4_load_reg_4217                                            |  32|   0|   32|          0|
    |step_data_0_1_5_load_reg_4247                                            |  32|   0|   32|          0|
    |step_data_0_2_0_load_reg_4102                                            |  32|   0|   32|          0|
    |step_data_0_2_1_load_reg_4132                                            |  32|   0|   32|          0|
    |step_data_0_2_2_load_reg_4162                                            |  32|   0|   32|          0|
    |step_data_0_2_3_load_reg_4192                                            |  32|   0|   32|          0|
    |step_data_0_2_4_load_reg_4222                                            |  32|   0|   32|          0|
    |step_data_0_2_5_load_reg_4252                                            |  32|   0|   32|          0|
    |step_data_0_3_0_load_reg_4107                                            |  32|   0|   32|          0|
    |step_data_0_3_1_load_reg_4137                                            |  32|   0|   32|          0|
    |step_data_0_3_2_load_reg_4167                                            |  32|   0|   32|          0|
    |step_data_0_3_3_load_reg_4197                                            |  32|   0|   32|          0|
    |step_data_0_3_4_load_reg_4227                                            |  32|   0|   32|          0|
    |step_data_0_3_5_load_reg_4257                                            |  32|   0|   32|          0|
    |step_data_0_4_0_load_reg_4112                                            |  32|   0|   32|          0|
    |step_data_0_4_1_load_reg_4142                                            |  32|   0|   32|          0|
    |step_data_0_4_2_load_reg_4172                                            |  32|   0|   32|          0|
    |step_data_0_4_3_load_reg_4202                                            |  32|   0|   32|          0|
    |step_data_0_4_4_load_reg_4232                                            |  32|   0|   32|          0|
    |step_data_0_4_5_load_reg_4262                                            |  32|   0|   32|          0|
    |step_data_0_5_0_load_reg_4117                                            |  32|   0|   32|          0|
    |step_data_0_5_1_load_reg_4147                                            |  32|   0|   32|          0|
    |step_data_0_5_2_load_reg_4177                                            |  32|   0|   32|          0|
    |step_data_0_5_3_load_reg_4207                                            |  32|   0|   32|          0|
    |step_data_0_5_4_load_reg_4237                                            |  32|   0|   32|          0|
    |step_data_0_5_5_load_reg_4267                                            |  32|   0|   32|          0|
    |sum_8_reg_3877                                                           |  27|   0|   27|          0|
    |sum_reg_3872                                                             |  27|   0|   27|          0|
    |trunc_ln335_reg_3724                                                     |   6|   0|    7|          1|
    |trunc_ln336_reg_3752                                                     |  27|   0|   27|          0|
    |trunc_ln337_reg_3757                                                     |  27|   0|   27|          0|
    |trunc_ln338_reg_3862                                                     |  27|   0|   27|          0|
    |trunc_ln339_reg_3867                                                     |  27|   0|   27|          0|
    |trunc_ln340_reg_4082                                                     |  27|   0|   27|          0|
    |trunc_ln346_reg_4087                                                     |  27|   0|   27|          0|
    |value_2_reg_3566                                                         |  32|   0|   32|          0|
    |value_3_reg_3571                                                         |  32|   0|   32|          0|
    |value_4_reg_3576                                                         |  32|   0|   32|          0|
    |value_5_reg_3581                                                         |  32|   0|   32|          0|
    |value_6_reg_3586                                                         |  32|   0|   32|          0|
    |value_7_reg_3591                                                         |  32|   0|   32|          0|
    |zext_ln332_reg_3158                                                      |   5|   0|   64|         59|
    +-------------------------------------------------------------------------+----+----+-----+-----------+
    |Total                                                                    |2428|   0| 2488|         60|
    +-------------------------------------------------------------------------+----+----+-----+-----------+



================================================================
== Interface
================================================================
* Summary: 
+--------------------------+-----+-----+------------+----------------------+--------------+
|         RTL Ports        | Dir | Bits|  Protocol  |     Source Object    |    C Type    |
+--------------------------+-----+-----+------------+----------------------+--------------+
|ap_clk                    |   in|    1|  ap_ctrl_hs|  riccati_forward_pass|  return value|
|ap_rst                    |   in|    1|  ap_ctrl_hs|  riccati_forward_pass|  return value|
|ap_start                  |   in|    1|  ap_ctrl_hs|  riccati_forward_pass|  return value|
|ap_done                   |  out|    1|  ap_ctrl_hs|  riccati_forward_pass|  return value|
|ap_idle                   |  out|    1|  ap_ctrl_hs|  riccati_forward_pass|  return value|
|ap_ready                  |  out|    1|  ap_ctrl_hs|  riccati_forward_pass|  return value|
|step_data_0_0_0_address0  |  out|    5|   ap_memory|       step_data_0_0_0|         array|
|step_data_0_0_0_ce0       |  out|    1|   ap_memory|       step_data_0_0_0|         array|
|step_data_0_0_0_q0        |   in|   32|   ap_memory|       step_data_0_0_0|         array|
|step_data_0_0_1_address0  |  out|    5|   ap_memory|       step_data_0_0_1|         array|
|step_data_0_0_1_ce0       |  out|    1|   ap_memory|       step_data_0_0_1|         array|
|step_data_0_0_1_q0        |   in|   32|   ap_memory|       step_data_0_0_1|         array|
|step_data_0_0_2_address0  |  out|    5|   ap_memory|       step_data_0_0_2|         array|
|step_data_0_0_2_ce0       |  out|    1|   ap_memory|       step_data_0_0_2|         array|
|step_data_0_0_2_q0        |   in|   32|   ap_memory|       step_data_0_0_2|         array|
|step_data_0_0_3_address0  |  out|    5|   ap_memory|       step_data_0_0_3|         array|
|step_data_0_0_3_ce0       |  out|    1|   ap_memory|       step_data_0_0_3|         array|
|step_data_0_0_3_q0        |   in|   32|   ap_memory|       step_data_0_0_3|         array|
|step_data_0_0_4_address0  |  out|    5|   ap_memory|       step_data_0_0_4|         array|
|step_data_0_0_4_ce0       |  out|    1|   ap_memory|       step_data_0_0_4|         array|
|step_data_0_0_4_q0        |   in|   32|   ap_memory|       step_data_0_0_4|         array|
|step_data_0_0_5_address0  |  out|    5|   ap_memory|       step_data_0_0_5|         array|
|step_data_0_0_5_ce0       |  out|    1|   ap_memory|       step_data_0_0_5|         array|
|step_data_0_0_5_q0        |   in|   32|   ap_memory|       step_data_0_0_5|         array|
|step_data_0_1_0_address0  |  out|    5|   ap_memory|       step_data_0_1_0|         array|
|step_data_0_1_0_ce0       |  out|    1|   ap_memory|       step_data_0_1_0|         array|
|step_data_0_1_0_q0        |   in|   32|   ap_memory|       step_data_0_1_0|         array|
|step_data_0_1_1_address0  |  out|    5|   ap_memory|       step_data_0_1_1|         array|
|step_data_0_1_1_ce0       |  out|    1|   ap_memory|       step_data_0_1_1|         array|
|step_data_0_1_1_q0        |   in|   32|   ap_memory|       step_data_0_1_1|         array|
|step_data_0_1_2_address0  |  out|    5|   ap_memory|       step_data_0_1_2|         array|
|step_data_0_1_2_ce0       |  out|    1|   ap_memory|       step_data_0_1_2|         array|
|step_data_0_1_2_q0        |   in|   32|   ap_memory|       step_data_0_1_2|         array|
|step_data_0_1_3_address0  |  out|    5|   ap_memory|       step_data_0_1_3|         array|
|step_data_0_1_3_ce0       |  out|    1|   ap_memory|       step_data_0_1_3|         array|
|step_data_0_1_3_q0        |   in|   32|   ap_memory|       step_data_0_1_3|         array|
|step_data_0_1_4_address0  |  out|    5|   ap_memory|       step_data_0_1_4|         array|
|step_data_0_1_4_ce0       |  out|    1|   ap_memory|       step_data_0_1_4|         array|
|step_data_0_1_4_q0        |   in|   32|   ap_memory|       step_data_0_1_4|         array|
|step_data_0_1_5_address0  |  out|    5|   ap_memory|       step_data_0_1_5|         array|
|step_data_0_1_5_ce0       |  out|    1|   ap_memory|       step_data_0_1_5|         array|
|step_data_0_1_5_q0        |   in|   32|   ap_memory|       step_data_0_1_5|         array|
|step_data_0_2_0_address0  |  out|    5|   ap_memory|       step_data_0_2_0|         array|
|step_data_0_2_0_ce0       |  out|    1|   ap_memory|       step_data_0_2_0|         array|
|step_data_0_2_0_q0        |   in|   32|   ap_memory|       step_data_0_2_0|         array|
|step_data_0_2_1_address0  |  out|    5|   ap_memory|       step_data_0_2_1|         array|
|step_data_0_2_1_ce0       |  out|    1|   ap_memory|       step_data_0_2_1|         array|
|step_data_0_2_1_q0        |   in|   32|   ap_memory|       step_data_0_2_1|         array|
|step_data_0_2_2_address0  |  out|    5|   ap_memory|       step_data_0_2_2|         array|
|step_data_0_2_2_ce0       |  out|    1|   ap_memory|       step_data_0_2_2|         array|
|step_data_0_2_2_q0        |   in|   32|   ap_memory|       step_data_0_2_2|         array|
|step_data_0_2_3_address0  |  out|    5|   ap_memory|       step_data_0_2_3|         array|
|step_data_0_2_3_ce0       |  out|    1|   ap_memory|       step_data_0_2_3|         array|
|step_data_0_2_3_q0        |   in|   32|   ap_memory|       step_data_0_2_3|         array|
|step_data_0_2_4_address0  |  out|    5|   ap_memory|       step_data_0_2_4|         array|
|step_data_0_2_4_ce0       |  out|    1|   ap_memory|       step_data_0_2_4|         array|
|step_data_0_2_4_q0        |   in|   32|   ap_memory|       step_data_0_2_4|         array|
|step_data_0_2_5_address0  |  out|    5|   ap_memory|       step_data_0_2_5|         array|
|step_data_0_2_5_ce0       |  out|    1|   ap_memory|       step_data_0_2_5|         array|
|step_data_0_2_5_q0        |   in|   32|   ap_memory|       step_data_0_2_5|         array|
|step_data_0_3_0_address0  |  out|    5|   ap_memory|       step_data_0_3_0|         array|
|step_data_0_3_0_ce0       |  out|    1|   ap_memory|       step_data_0_3_0|         array|
|step_data_0_3_0_q0        |   in|   32|   ap_memory|       step_data_0_3_0|         array|
|step_data_0_3_1_address0  |  out|    5|   ap_memory|       step_data_0_3_1|         array|
|step_data_0_3_1_ce0       |  out|    1|   ap_memory|       step_data_0_3_1|         array|
|step_data_0_3_1_q0        |   in|   32|   ap_memory|       step_data_0_3_1|         array|
|step_data_0_3_2_address0  |  out|    5|   ap_memory|       step_data_0_3_2|         array|
|step_data_0_3_2_ce0       |  out|    1|   ap_memory|       step_data_0_3_2|         array|
|step_data_0_3_2_q0        |   in|   32|   ap_memory|       step_data_0_3_2|         array|
|step_data_0_3_3_address0  |  out|    5|   ap_memory|       step_data_0_3_3|         array|
|step_data_0_3_3_ce0       |  out|    1|   ap_memory|       step_data_0_3_3|         array|
|step_data_0_3_3_q0        |   in|   32|   ap_memory|       step_data_0_3_3|         array|
|step_data_0_3_4_address0  |  out|    5|   ap_memory|       step_data_0_3_4|         array|
|step_data_0_3_4_ce0       |  out|    1|   ap_memory|       step_data_0_3_4|         array|
|step_data_0_3_4_q0        |   in|   32|   ap_memory|       step_data_0_3_4|         array|
|step_data_0_3_5_address0  |  out|    5|   ap_memory|       step_data_0_3_5|         array|
|step_data_0_3_5_ce0       |  out|    1|   ap_memory|       step_data_0_3_5|         array|
|step_data_0_3_5_q0        |   in|   32|   ap_memory|       step_data_0_3_5|         array|
|step_data_0_4_0_address0  |  out|    5|   ap_memory|       step_data_0_4_0|         array|
|step_data_0_4_0_ce0       |  out|    1|   ap_memory|       step_data_0_4_0|         array|
|step_data_0_4_0_q0        |   in|   32|   ap_memory|       step_data_0_4_0|         array|
|step_data_0_4_1_address0  |  out|    5|   ap_memory|       step_data_0_4_1|         array|
|step_data_0_4_1_ce0       |  out|    1|   ap_memory|       step_data_0_4_1|         array|
|step_data_0_4_1_q0        |   in|   32|   ap_memory|       step_data_0_4_1|         array|
|step_data_0_4_2_address0  |  out|    5|   ap_memory|       step_data_0_4_2|         array|
|step_data_0_4_2_ce0       |  out|    1|   ap_memory|       step_data_0_4_2|         array|
|step_data_0_4_2_q0        |   in|   32|   ap_memory|       step_data_0_4_2|         array|
|step_data_0_4_3_address0  |  out|    5|   ap_memory|       step_data_0_4_3|         array|
|step_data_0_4_3_ce0       |  out|    1|   ap_memory|       step_data_0_4_3|         array|
|step_data_0_4_3_q0        |   in|   32|   ap_memory|       step_data_0_4_3|         array|
|step_data_0_4_4_address0  |  out|    5|   ap_memory|       step_data_0_4_4|         array|
|step_data_0_4_4_ce0       |  out|    1|   ap_memory|       step_data_0_4_4|         array|
|step_data_0_4_4_q0        |   in|   32|   ap_memory|       step_data_0_4_4|         array|
|step_data_0_4_5_address0  |  out|    5|   ap_memory|       step_data_0_4_5|         array|
|step_data_0_4_5_ce0       |  out|    1|   ap_memory|       step_data_0_4_5|         array|
|step_data_0_4_5_q0        |   in|   32|   ap_memory|       step_data_0_4_5|         array|
|step_data_0_5_0_address0  |  out|    5|   ap_memory|       step_data_0_5_0|         array|
|step_data_0_5_0_ce0       |  out|    1|   ap_memory|       step_data_0_5_0|         array|
|step_data_0_5_0_q0        |   in|   32|   ap_memory|       step_data_0_5_0|         array|
|step_data_0_5_1_address0  |  out|    5|   ap_memory|       step_data_0_5_1|         array|
|step_data_0_5_1_ce0       |  out|    1|   ap_memory|       step_data_0_5_1|         array|
|step_data_0_5_1_q0        |   in|   32|   ap_memory|       step_data_0_5_1|         array|
|step_data_0_5_2_address0  |  out|    5|   ap_memory|       step_data_0_5_2|         array|
|step_data_0_5_2_ce0       |  out|    1|   ap_memory|       step_data_0_5_2|         array|
|step_data_0_5_2_q0        |   in|   32|   ap_memory|       step_data_0_5_2|         array|
|step_data_0_5_3_address0  |  out|    5|   ap_memory|       step_data_0_5_3|         array|
|step_data_0_5_3_ce0       |  out|    1|   ap_memory|       step_data_0_5_3|         array|
|step_data_0_5_3_q0        |   in|   32|   ap_memory|       step_data_0_5_3|         array|
|step_data_0_5_4_address0  |  out|    5|   ap_memory|       step_data_0_5_4|         array|
|step_data_0_5_4_ce0       |  out|    1|   ap_memory|       step_data_0_5_4|         array|
|step_data_0_5_4_q0        |   in|   32|   ap_memory|       step_data_0_5_4|         array|
|step_data_0_5_5_address0  |  out|    5|   ap_memory|       step_data_0_5_5|         array|
|step_data_0_5_5_ce0       |  out|    1|   ap_memory|       step_data_0_5_5|         array|
|step_data_0_5_5_q0        |   in|   32|   ap_memory|       step_data_0_5_5|         array|
|step_data_1_address0      |  out|    7|   ap_memory|           step_data_1|         array|
|step_data_1_ce0           |  out|    1|   ap_memory|           step_data_1|         array|
|step_data_1_q0            |   in|   32|   ap_memory|           step_data_1|         array|
|step_data_1_address1      |  out|    7|   ap_memory|           step_data_1|         array|
|step_data_1_ce1           |  out|    1|   ap_memory|           step_data_1|         array|
|step_data_1_q1            |   in|   32|   ap_memory|           step_data_1|         array|
|B_sparse_0_address0       |  out|    5|   ap_memory|            B_sparse_0|         array|
|B_sparse_0_ce0            |  out|    1|   ap_memory|            B_sparse_0|         array|
|B_sparse_0_q0             |   in|   32|   ap_memory|            B_sparse_0|         array|
|B_sparse_1_address0       |  out|    5|   ap_memory|            B_sparse_1|         array|
|B_sparse_1_ce0            |  out|    1|   ap_memory|            B_sparse_1|         array|
|B_sparse_1_q0             |   in|   32|   ap_memory|            B_sparse_1|         array|
|B_sparse_2_address0       |  out|    5|   ap_memory|            B_sparse_2|         array|
|B_sparse_2_ce0            |  out|    1|   ap_memory|            B_sparse_2|         array|
|B_sparse_2_q0             |   in|   32|   ap_memory|            B_sparse_2|         array|
|B_sparse_3_address0       |  out|    5|   ap_memory|            B_sparse_3|         array|
|B_sparse_3_ce0            |  out|    1|   ap_memory|            B_sparse_3|         array|
|B_sparse_3_q0             |   in|   32|   ap_memory|            B_sparse_3|         array|
|p_read                    |   in|   32|     ap_none|                p_read|        scalar|
|p_read1                   |   in|   32|     ap_none|               p_read1|        scalar|
|p_read2                   |   in|   32|     ap_none|               p_read2|        scalar|
|p_read3                   |   in|   32|     ap_none|               p_read3|        scalar|
|p_read4                   |   in|   32|     ap_none|               p_read4|        scalar|
|p_read5                   |   in|   32|     ap_none|               p_read5|        scalar|
|p_read6                   |   in|   32|     ap_none|               p_read6|        scalar|
|p_read7                   |   in|   32|     ap_none|               p_read7|        scalar|
|K_0_0_0_address0          |  out|    3|   ap_memory|               K_0_0_0|         array|
|K_0_0_0_ce0               |  out|    1|   ap_memory|               K_0_0_0|         array|
|K_0_0_0_q0                |   in|   26|   ap_memory|               K_0_0_0|         array|
|K_0_0_1_address0          |  out|    3|   ap_memory|               K_0_0_1|         array|
|K_0_0_1_ce0               |  out|    1|   ap_memory|               K_0_0_1|         array|
|K_0_0_1_q0                |   in|   26|   ap_memory|               K_0_0_1|         array|
|K_0_0_2_address0          |  out|    3|   ap_memory|               K_0_0_2|         array|
|K_0_0_2_ce0               |  out|    1|   ap_memory|               K_0_0_2|         array|
|K_0_0_2_q0                |   in|   26|   ap_memory|               K_0_0_2|         array|
|K_0_0_3_address0          |  out|    3|   ap_memory|               K_0_0_3|         array|
|K_0_0_3_ce0               |  out|    1|   ap_memory|               K_0_0_3|         array|
|K_0_0_3_q0                |   in|   26|   ap_memory|               K_0_0_3|         array|
|K_0_0_4_address0          |  out|    3|   ap_memory|               K_0_0_4|         array|
|K_0_0_4_ce0               |  out|    1|   ap_memory|               K_0_0_4|         array|
|K_0_0_4_q0                |   in|   26|   ap_memory|               K_0_0_4|         array|
|K_0_0_5_address0          |  out|    3|   ap_memory|               K_0_0_5|         array|
|K_0_0_5_ce0               |  out|    1|   ap_memory|               K_0_0_5|         array|
|K_0_0_5_q0                |   in|   26|   ap_memory|               K_0_0_5|         array|
|K_0_0_6_address0          |  out|    3|   ap_memory|               K_0_0_6|         array|
|K_0_0_6_ce0               |  out|    1|   ap_memory|               K_0_0_6|         array|
|K_0_0_6_q0                |   in|   26|   ap_memory|               K_0_0_6|         array|
|K_0_0_7_address0          |  out|    3|   ap_memory|               K_0_0_7|         array|
|K_0_0_7_ce0               |  out|    1|   ap_memory|               K_0_0_7|         array|
|K_0_0_7_q0                |   in|   26|   ap_memory|               K_0_0_7|         array|
|K_0_1_0_address0          |  out|    3|   ap_memory|               K_0_1_0|         array|
|K_0_1_0_ce0               |  out|    1|   ap_memory|               K_0_1_0|         array|
|K_0_1_0_q0                |   in|   26|   ap_memory|               K_0_1_0|         array|
|K_0_1_1_address0          |  out|    3|   ap_memory|               K_0_1_1|         array|
|K_0_1_1_ce0               |  out|    1|   ap_memory|               K_0_1_1|         array|
|K_0_1_1_q0                |   in|   26|   ap_memory|               K_0_1_1|         array|
|K_0_1_2_address0          |  out|    3|   ap_memory|               K_0_1_2|         array|
|K_0_1_2_ce0               |  out|    1|   ap_memory|               K_0_1_2|         array|
|K_0_1_2_q0                |   in|   26|   ap_memory|               K_0_1_2|         array|
|K_0_1_3_address0          |  out|    3|   ap_memory|               K_0_1_3|         array|
|K_0_1_3_ce0               |  out|    1|   ap_memory|               K_0_1_3|         array|
|K_0_1_3_q0                |   in|   26|   ap_memory|               K_0_1_3|         array|
|K_0_1_4_address0          |  out|    3|   ap_memory|               K_0_1_4|         array|
|K_0_1_4_ce0               |  out|    1|   ap_memory|               K_0_1_4|         array|
|K_0_1_4_q0                |   in|   26|   ap_memory|               K_0_1_4|         array|
|K_0_1_5_address0          |  out|    3|   ap_memory|               K_0_1_5|         array|
|K_0_1_5_ce0               |  out|    1|   ap_memory|               K_0_1_5|         array|
|K_0_1_5_q0                |   in|   26|   ap_memory|               K_0_1_5|         array|
|K_0_1_6_address0          |  out|    3|   ap_memory|               K_0_1_6|         array|
|K_0_1_6_ce0               |  out|    1|   ap_memory|               K_0_1_6|         array|
|K_0_1_6_q0                |   in|   26|   ap_memory|               K_0_1_6|         array|
|K_0_1_7_address0          |  out|    3|   ap_memory|               K_0_1_7|         array|
|K_0_1_7_ce0               |  out|    1|   ap_memory|               K_0_1_7|         array|
|K_0_1_7_q0                |   in|   26|   ap_memory|               K_0_1_7|         array|
|K_1_0_0_address0          |  out|    3|   ap_memory|               K_1_0_0|         array|
|K_1_0_0_ce0               |  out|    1|   ap_memory|               K_1_0_0|         array|
|K_1_0_0_q0                |   in|   26|   ap_memory|               K_1_0_0|         array|
|K_1_0_1_address0          |  out|    3|   ap_memory|               K_1_0_1|         array|
|K_1_0_1_ce0               |  out|    1|   ap_memory|               K_1_0_1|         array|
|K_1_0_1_q0                |   in|   26|   ap_memory|               K_1_0_1|         array|
|K_1_0_2_address0          |  out|    3|   ap_memory|               K_1_0_2|         array|
|K_1_0_2_ce0               |  out|    1|   ap_memory|               K_1_0_2|         array|
|K_1_0_2_q0                |   in|   26|   ap_memory|               K_1_0_2|         array|
|K_1_0_3_address0          |  out|    3|   ap_memory|               K_1_0_3|         array|
|K_1_0_3_ce0               |  out|    1|   ap_memory|               K_1_0_3|         array|
|K_1_0_3_q0                |   in|   26|   ap_memory|               K_1_0_3|         array|
|K_1_0_4_address0          |  out|    3|   ap_memory|               K_1_0_4|         array|
|K_1_0_4_ce0               |  out|    1|   ap_memory|               K_1_0_4|         array|
|K_1_0_4_q0                |   in|   26|   ap_memory|               K_1_0_4|         array|
|K_1_0_5_address0          |  out|    3|   ap_memory|               K_1_0_5|         array|
|K_1_0_5_ce0               |  out|    1|   ap_memory|               K_1_0_5|         array|
|K_1_0_5_q0                |   in|   26|   ap_memory|               K_1_0_5|         array|
|K_1_0_6_address0          |  out|    3|   ap_memory|               K_1_0_6|         array|
|K_1_0_6_ce0               |  out|    1|   ap_memory|               K_1_0_6|         array|
|K_1_0_6_q0                |   in|   26|   ap_memory|               K_1_0_6|         array|
|K_1_0_7_address0          |  out|    3|   ap_memory|               K_1_0_7|         array|
|K_1_0_7_ce0               |  out|    1|   ap_memory|               K_1_0_7|         array|
|K_1_0_7_q0                |   in|   26|   ap_memory|               K_1_0_7|         array|
|K_1_1_0_address0          |  out|    3|   ap_memory|               K_1_1_0|         array|
|K_1_1_0_ce0               |  out|    1|   ap_memory|               K_1_1_0|         array|
|K_1_1_0_q0                |   in|   26|   ap_memory|               K_1_1_0|         array|
|K_1_1_1_address0          |  out|    3|   ap_memory|               K_1_1_1|         array|
|K_1_1_1_ce0               |  out|    1|   ap_memory|               K_1_1_1|         array|
|K_1_1_1_q0                |   in|   26|   ap_memory|               K_1_1_1|         array|
|K_1_1_2_address0          |  out|    3|   ap_memory|               K_1_1_2|         array|
|K_1_1_2_ce0               |  out|    1|   ap_memory|               K_1_1_2|         array|
|K_1_1_2_q0                |   in|   26|   ap_memory|               K_1_1_2|         array|
|K_1_1_3_address0          |  out|    3|   ap_memory|               K_1_1_3|         array|
|K_1_1_3_ce0               |  out|    1|   ap_memory|               K_1_1_3|         array|
|K_1_1_3_q0                |   in|   26|   ap_memory|               K_1_1_3|         array|
|K_1_1_4_address0          |  out|    3|   ap_memory|               K_1_1_4|         array|
|K_1_1_4_ce0               |  out|    1|   ap_memory|               K_1_1_4|         array|
|K_1_1_4_q0                |   in|   26|   ap_memory|               K_1_1_4|         array|
|K_1_1_5_address0          |  out|    3|   ap_memory|               K_1_1_5|         array|
|K_1_1_5_ce0               |  out|    1|   ap_memory|               K_1_1_5|         array|
|K_1_1_5_q0                |   in|   26|   ap_memory|               K_1_1_5|         array|
|K_1_1_6_address0          |  out|    3|   ap_memory|               K_1_1_6|         array|
|K_1_1_6_ce0               |  out|    1|   ap_memory|               K_1_1_6|         array|
|K_1_1_6_q0                |   in|   26|   ap_memory|               K_1_1_6|         array|
|K_1_1_7_address0          |  out|    3|   ap_memory|               K_1_1_7|         array|
|K_1_1_7_ce0               |  out|    1|   ap_memory|               K_1_1_7|         array|
|K_1_1_7_q0                |   in|   26|   ap_memory|               K_1_1_7|         array|
|K_2_0_0_address0          |  out|    3|   ap_memory|               K_2_0_0|         array|
|K_2_0_0_ce0               |  out|    1|   ap_memory|               K_2_0_0|         array|
|K_2_0_0_q0                |   in|   26|   ap_memory|               K_2_0_0|         array|
|K_2_0_1_address0          |  out|    3|   ap_memory|               K_2_0_1|         array|
|K_2_0_1_ce0               |  out|    1|   ap_memory|               K_2_0_1|         array|
|K_2_0_1_q0                |   in|   26|   ap_memory|               K_2_0_1|         array|
|K_2_0_2_address0          |  out|    3|   ap_memory|               K_2_0_2|         array|
|K_2_0_2_ce0               |  out|    1|   ap_memory|               K_2_0_2|         array|
|K_2_0_2_q0                |   in|   26|   ap_memory|               K_2_0_2|         array|
|K_2_0_3_address0          |  out|    3|   ap_memory|               K_2_0_3|         array|
|K_2_0_3_ce0               |  out|    1|   ap_memory|               K_2_0_3|         array|
|K_2_0_3_q0                |   in|   26|   ap_memory|               K_2_0_3|         array|
|K_2_0_4_address0          |  out|    3|   ap_memory|               K_2_0_4|         array|
|K_2_0_4_ce0               |  out|    1|   ap_memory|               K_2_0_4|         array|
|K_2_0_4_q0                |   in|   26|   ap_memory|               K_2_0_4|         array|
|K_2_0_5_address0          |  out|    3|   ap_memory|               K_2_0_5|         array|
|K_2_0_5_ce0               |  out|    1|   ap_memory|               K_2_0_5|         array|
|K_2_0_5_q0                |   in|   26|   ap_memory|               K_2_0_5|         array|
|K_2_0_6_address0          |  out|    3|   ap_memory|               K_2_0_6|         array|
|K_2_0_6_ce0               |  out|    1|   ap_memory|               K_2_0_6|         array|
|K_2_0_6_q0                |   in|   26|   ap_memory|               K_2_0_6|         array|
|K_2_0_7_address0          |  out|    3|   ap_memory|               K_2_0_7|         array|
|K_2_0_7_ce0               |  out|    1|   ap_memory|               K_2_0_7|         array|
|K_2_0_7_q0                |   in|   26|   ap_memory|               K_2_0_7|         array|
|K_2_1_0_address0          |  out|    3|   ap_memory|               K_2_1_0|         array|
|K_2_1_0_ce0               |  out|    1|   ap_memory|               K_2_1_0|         array|
|K_2_1_0_q0                |   in|   26|   ap_memory|               K_2_1_0|         array|
|K_2_1_1_address0          |  out|    3|   ap_memory|               K_2_1_1|         array|
|K_2_1_1_ce0               |  out|    1|   ap_memory|               K_2_1_1|         array|
|K_2_1_1_q0                |   in|   26|   ap_memory|               K_2_1_1|         array|
|K_2_1_2_address0          |  out|    3|   ap_memory|               K_2_1_2|         array|
|K_2_1_2_ce0               |  out|    1|   ap_memory|               K_2_1_2|         array|
|K_2_1_2_q0                |   in|   26|   ap_memory|               K_2_1_2|         array|
|K_2_1_3_address0          |  out|    3|   ap_memory|               K_2_1_3|         array|
|K_2_1_3_ce0               |  out|    1|   ap_memory|               K_2_1_3|         array|
|K_2_1_3_q0                |   in|   26|   ap_memory|               K_2_1_3|         array|
|K_2_1_4_address0          |  out|    3|   ap_memory|               K_2_1_4|         array|
|K_2_1_4_ce0               |  out|    1|   ap_memory|               K_2_1_4|         array|
|K_2_1_4_q0                |   in|   26|   ap_memory|               K_2_1_4|         array|
|K_2_1_5_address0          |  out|    3|   ap_memory|               K_2_1_5|         array|
|K_2_1_5_ce0               |  out|    1|   ap_memory|               K_2_1_5|         array|
|K_2_1_5_q0                |   in|   26|   ap_memory|               K_2_1_5|         array|
|K_2_1_6_address0          |  out|    3|   ap_memory|               K_2_1_6|         array|
|K_2_1_6_ce0               |  out|    1|   ap_memory|               K_2_1_6|         array|
|K_2_1_6_q0                |   in|   26|   ap_memory|               K_2_1_6|         array|
|K_2_1_7_address0          |  out|    3|   ap_memory|               K_2_1_7|         array|
|K_2_1_7_ce0               |  out|    1|   ap_memory|               K_2_1_7|         array|
|K_2_1_7_q0                |   in|   26|   ap_memory|               K_2_1_7|         array|
|K_3_0_0_address0          |  out|    3|   ap_memory|               K_3_0_0|         array|
|K_3_0_0_ce0               |  out|    1|   ap_memory|               K_3_0_0|         array|
|K_3_0_0_q0                |   in|   26|   ap_memory|               K_3_0_0|         array|
|K_3_0_1_address0          |  out|    3|   ap_memory|               K_3_0_1|         array|
|K_3_0_1_ce0               |  out|    1|   ap_memory|               K_3_0_1|         array|
|K_3_0_1_q0                |   in|   26|   ap_memory|               K_3_0_1|         array|
|K_3_0_2_address0          |  out|    3|   ap_memory|               K_3_0_2|         array|
|K_3_0_2_ce0               |  out|    1|   ap_memory|               K_3_0_2|         array|
|K_3_0_2_q0                |   in|   26|   ap_memory|               K_3_0_2|         array|
|K_3_0_3_address0          |  out|    3|   ap_memory|               K_3_0_3|         array|
|K_3_0_3_ce0               |  out|    1|   ap_memory|               K_3_0_3|         array|
|K_3_0_3_q0                |   in|   26|   ap_memory|               K_3_0_3|         array|
|K_3_0_4_address0          |  out|    3|   ap_memory|               K_3_0_4|         array|
|K_3_0_4_ce0               |  out|    1|   ap_memory|               K_3_0_4|         array|
|K_3_0_4_q0                |   in|   26|   ap_memory|               K_3_0_4|         array|
|K_3_0_5_address0          |  out|    3|   ap_memory|               K_3_0_5|         array|
|K_3_0_5_ce0               |  out|    1|   ap_memory|               K_3_0_5|         array|
|K_3_0_5_q0                |   in|   26|   ap_memory|               K_3_0_5|         array|
|K_3_0_6_address0          |  out|    3|   ap_memory|               K_3_0_6|         array|
|K_3_0_6_ce0               |  out|    1|   ap_memory|               K_3_0_6|         array|
|K_3_0_6_q0                |   in|   26|   ap_memory|               K_3_0_6|         array|
|K_3_0_7_address0          |  out|    3|   ap_memory|               K_3_0_7|         array|
|K_3_0_7_ce0               |  out|    1|   ap_memory|               K_3_0_7|         array|
|K_3_0_7_q0                |   in|   26|   ap_memory|               K_3_0_7|         array|
|K_3_1_0_address0          |  out|    3|   ap_memory|               K_3_1_0|         array|
|K_3_1_0_ce0               |  out|    1|   ap_memory|               K_3_1_0|         array|
|K_3_1_0_q0                |   in|   26|   ap_memory|               K_3_1_0|         array|
|K_3_1_1_address0          |  out|    3|   ap_memory|               K_3_1_1|         array|
|K_3_1_1_ce0               |  out|    1|   ap_memory|               K_3_1_1|         array|
|K_3_1_1_q0                |   in|   26|   ap_memory|               K_3_1_1|         array|
|K_3_1_2_address0          |  out|    3|   ap_memory|               K_3_1_2|         array|
|K_3_1_2_ce0               |  out|    1|   ap_memory|               K_3_1_2|         array|
|K_3_1_2_q0                |   in|   26|   ap_memory|               K_3_1_2|         array|
|K_3_1_3_address0          |  out|    3|   ap_memory|               K_3_1_3|         array|
|K_3_1_3_ce0               |  out|    1|   ap_memory|               K_3_1_3|         array|
|K_3_1_3_q0                |   in|   26|   ap_memory|               K_3_1_3|         array|
|K_3_1_4_address0          |  out|    3|   ap_memory|               K_3_1_4|         array|
|K_3_1_4_ce0               |  out|    1|   ap_memory|               K_3_1_4|         array|
|K_3_1_4_q0                |   in|   26|   ap_memory|               K_3_1_4|         array|
|K_3_1_5_address0          |  out|    3|   ap_memory|               K_3_1_5|         array|
|K_3_1_5_ce0               |  out|    1|   ap_memory|               K_3_1_5|         array|
|K_3_1_5_q0                |   in|   26|   ap_memory|               K_3_1_5|         array|
|K_3_1_6_address0          |  out|    3|   ap_memory|               K_3_1_6|         array|
|K_3_1_6_ce0               |  out|    1|   ap_memory|               K_3_1_6|         array|
|K_3_1_6_q0                |   in|   26|   ap_memory|               K_3_1_6|         array|
|K_3_1_7_address0          |  out|    3|   ap_memory|               K_3_1_7|         array|
|K_3_1_7_ce0               |  out|    1|   ap_memory|               K_3_1_7|         array|
|K_3_1_7_q0                |   in|   26|   ap_memory|               K_3_1_7|         array|
|kk_0_address0             |  out|    5|   ap_memory|                  kk_0|         array|
|kk_0_ce0                  |  out|    1|   ap_memory|                  kk_0|         array|
|kk_0_q0                   |   in|   26|   ap_memory|                  kk_0|         array|
|kk_1_address0             |  out|    5|   ap_memory|                  kk_1|         array|
|kk_1_ce0                  |  out|    1|   ap_memory|                  kk_1|         array|
|kk_1_q0                   |   in|   26|   ap_memory|                  kk_1|         array|
|x_out_0_address0          |  out|    5|   ap_memory|               x_out_0|         array|
|x_out_0_ce0               |  out|    1|   ap_memory|               x_out_0|         array|
|x_out_0_q0                |   in|   32|   ap_memory|               x_out_0|         array|
|x_out_0_address1          |  out|    5|   ap_memory|               x_out_0|         array|
|x_out_0_ce1               |  out|    1|   ap_memory|               x_out_0|         array|
|x_out_0_we1               |  out|    1|   ap_memory|               x_out_0|         array|
|x_out_0_d1                |  out|   32|   ap_memory|               x_out_0|         array|
|x_out_1_address0          |  out|    5|   ap_memory|               x_out_1|         array|
|x_out_1_ce0               |  out|    1|   ap_memory|               x_out_1|         array|
|x_out_1_q0                |   in|   32|   ap_memory|               x_out_1|         array|
|x_out_1_address1          |  out|    5|   ap_memory|               x_out_1|         array|
|x_out_1_ce1               |  out|    1|   ap_memory|               x_out_1|         array|
|x_out_1_we1               |  out|    1|   ap_memory|               x_out_1|         array|
|x_out_1_d1                |  out|   32|   ap_memory|               x_out_1|         array|
|x_out_2_address0          |  out|    5|   ap_memory|               x_out_2|         array|
|x_out_2_ce0               |  out|    1|   ap_memory|               x_out_2|         array|
|x_out_2_q0                |   in|   32|   ap_memory|               x_out_2|         array|
|x_out_2_address1          |  out|    5|   ap_memory|               x_out_2|         array|
|x_out_2_ce1               |  out|    1|   ap_memory|               x_out_2|         array|
|x_out_2_we1               |  out|    1|   ap_memory|               x_out_2|         array|
|x_out_2_d1                |  out|   32|   ap_memory|               x_out_2|         array|
|x_out_3_address0          |  out|    5|   ap_memory|               x_out_3|         array|
|x_out_3_ce0               |  out|    1|   ap_memory|               x_out_3|         array|
|x_out_3_q0                |   in|   32|   ap_memory|               x_out_3|         array|
|x_out_3_address1          |  out|    5|   ap_memory|               x_out_3|         array|
|x_out_3_ce1               |  out|    1|   ap_memory|               x_out_3|         array|
|x_out_3_we1               |  out|    1|   ap_memory|               x_out_3|         array|
|x_out_3_d1                |  out|   32|   ap_memory|               x_out_3|         array|
|x_out_4_address0          |  out|    5|   ap_memory|               x_out_4|         array|
|x_out_4_ce0               |  out|    1|   ap_memory|               x_out_4|         array|
|x_out_4_q0                |   in|   32|   ap_memory|               x_out_4|         array|
|x_out_4_address1          |  out|    5|   ap_memory|               x_out_4|         array|
|x_out_4_ce1               |  out|    1|   ap_memory|               x_out_4|         array|
|x_out_4_we1               |  out|    1|   ap_memory|               x_out_4|         array|
|x_out_4_d1                |  out|   32|   ap_memory|               x_out_4|         array|
|x_out_5_address0          |  out|    5|   ap_memory|               x_out_5|         array|
|x_out_5_ce0               |  out|    1|   ap_memory|               x_out_5|         array|
|x_out_5_q0                |   in|   32|   ap_memory|               x_out_5|         array|
|x_out_5_address1          |  out|    5|   ap_memory|               x_out_5|         array|
|x_out_5_ce1               |  out|    1|   ap_memory|               x_out_5|         array|
|x_out_5_we1               |  out|    1|   ap_memory|               x_out_5|         array|
|x_out_5_d1                |  out|   32|   ap_memory|               x_out_5|         array|
|x_out_6_address0          |  out|    5|   ap_memory|               x_out_6|         array|
|x_out_6_ce0               |  out|    1|   ap_memory|               x_out_6|         array|
|x_out_6_q0                |   in|   32|   ap_memory|               x_out_6|         array|
|x_out_6_address1          |  out|    5|   ap_memory|               x_out_6|         array|
|x_out_6_ce1               |  out|    1|   ap_memory|               x_out_6|         array|
|x_out_6_we1               |  out|    1|   ap_memory|               x_out_6|         array|
|x_out_6_d1                |  out|   32|   ap_memory|               x_out_6|         array|
|x_out_7_address0          |  out|    5|   ap_memory|               x_out_7|         array|
|x_out_7_ce0               |  out|    1|   ap_memory|               x_out_7|         array|
|x_out_7_q0                |   in|   32|   ap_memory|               x_out_7|         array|
|x_out_7_address1          |  out|    5|   ap_memory|               x_out_7|         array|
|x_out_7_ce1               |  out|    1|   ap_memory|               x_out_7|         array|
|x_out_7_we1               |  out|    1|   ap_memory|               x_out_7|         array|
|x_out_7_d1                |  out|   32|   ap_memory|               x_out_7|         array|
|u_out_0_address0          |  out|    5|   ap_memory|               u_out_0|         array|
|u_out_0_ce0               |  out|    1|   ap_memory|               u_out_0|         array|
|u_out_0_we0               |  out|    1|   ap_memory|               u_out_0|         array|
|u_out_0_d0                |  out|   32|   ap_memory|               u_out_0|         array|
|u_out_1_address0          |  out|    5|   ap_memory|               u_out_1|         array|
|u_out_1_ce0               |  out|    1|   ap_memory|               u_out_1|         array|
|u_out_1_we0               |  out|    1|   ap_memory|               u_out_1|         array|
|u_out_1_d0                |  out|   32|   ap_memory|               u_out_1|         array|
+--------------------------+-----+-----+------------+----------------------+--------------+

