

================================================================
== Vitis HLS Report for 'riccati_forward_pass'
================================================================
* Date:           Thu Jun 11 16:07:06 2026

* Version:        2025.2 (Build 6295257 on Nov 14 2025)
* Project:        mpc_fpga_top_opencl
* Solution:       hls (Vitis Kernel Flow Target)
* Product family: zynquplus
* Target device:  xck26-sfvc784-2LV-c


================================================================
== Performance Estimates
================================================================
+ Timing: 
    * Summary: 
    +--------+---------+----------+------------+
    |  Clock |  Target | Estimated| Uncertainty|
    +--------+---------+----------+------------+
    |ap_clk  |  5.00 ns|  4.175 ns|     0.50 ns|
    +--------+---------+----------+------------+

+ Latency: 
    * Summary: 
    +---------+---------+----------+----------+-----+-----+---------+
    |  Latency (cycles) |  Latency (absolute) |  Interval | Pipeline|
    |   min   |   max   |    min   |    max   | min | max |   Type  |
    +---------+---------+----------+----------+-----+-----+---------+
    |      341|      341|  1.705 us|  1.705 us|  341|  341|       no|
    +---------+---------+----------+----------+-----+-----+---------+

    + Detail: 
        * Instance: 
        +------------------------------------------------------------+------------------------------------------------+---------+---------+-----------+-----------+-----+-----+-------------------+
        |                                                            |                                                |  Latency (cycles) |   Latency (absolute)  |  Interval |      Pipeline     |
        |                          Instance                          |                     Module                     |   min   |   max   |    min    |    max    | min | max |        Type       |
        +------------------------------------------------------------+------------------------------------------------+---------+---------+-----------+-----------+-----+-----+-------------------+
        |prod_sum0_sum8_K_QP_raw_fu_1595                             |sum8_K_QP_raw                                   |        0|        0|       0 ns|       0 ns|    1|    1|                yes|
        |prod_sum1_sum8_K_QP_raw_fu_1607                             |sum8_K_QP_raw                                   |        0|        0|       0 ns|       0 ns|    1|    1|                yes|
        |grp_riccati_forward_pass_Pipeline_VITIS_LOOP_399_4_fu_1619  |riccati_forward_pass_Pipeline_VITIS_LOOP_399_4  |       11|       11|  55.000 ns|  55.000 ns|    0|    0|  loop pipeline stp|
        +------------------------------------------------------------+------------------------------------------------+---------+---------+-----------+-----------+-----+-----+-------------------+

        * Loop: 
        +--------------------+---------+---------+----------+-----------+-----------+------+----------+
        |                    |  Latency (cycles) | Iteration|  Initiation Interval  | Trip |          |
        |      Loop Name     |   min   |   max   |  Latency |  achieved |   target  | Count| Pipelined|
        +--------------------+---------+---------+----------+-----------+-----------+------+----------+
        |- VITIS_LOOP_349_2  |      340|      340|        17|          -|          -|    20|        no|
        +--------------------+---------+---------+----------+-----------+-----------+------+----------+



================================================================
== Utilization Estimates
================================================================
* Summary: 
+-----------------+---------+------+--------+--------+-----+
|       Name      | BRAM_18K|  DSP |   FF   |   LUT  | URAM|
+-----------------+---------+------+--------+--------+-----+
|DSP              |        -|     -|       -|       -|    -|
|Expression       |        -|     -|       0|     171|    -|
|FIFO             |        -|     -|       -|       -|    -|
|Instance         |        -|    28|    1347|    2228|    -|
|Memory           |        -|     -|       -|       -|    -|
|Multiplexer      |        -|     -|       0|     373|    -|
|Register         |        -|     -|    1006|       -|    -|
+-----------------+---------+------+--------+--------+-----+
|Total            |        0|    28|    2353|    2772|    0|
+-----------------+---------+------+--------+--------+-----+
|Available        |      288|  1248|  234240|  117120|   64|
+-----------------+---------+------+--------+--------+-----+
|Utilization (%)  |        0|     2|       1|       2|    0|
+-----------------+---------+------+--------+--------+-----+

+ Detail: 
    * Instance: 
    +------------------------------------------------------------+------------------------------------------------+---------+----+------+-----+-----+
    |                          Instance                          |                     Module                     | BRAM_18K| DSP|  FF  | LUT | URAM|
    +------------------------------------------------------------+------------------------------------------------+---------+----+------+-----+-----+
    |mul_26s_17s_43_2_1_U1670                                    |mul_26s_17s_43_2_1                              |        0|   1|    21|   29|    0|
    |mul_26s_17s_43_2_1_U1672                                    |mul_26s_17s_43_2_1                              |        0|   1|    21|   29|    0|
    |mul_26s_17s_43_2_1_U1674                                    |mul_26s_17s_43_2_1                              |        0|   1|    21|   29|    0|
    |mul_26s_17s_43_2_1_U1676                                    |mul_26s_17s_43_2_1                              |        0|   1|    21|   29|    0|
    |mul_26s_17s_43_2_1_U1678                                    |mul_26s_17s_43_2_1                              |        0|   1|    21|   29|    0|
    |mul_26s_17s_43_2_1_U1680                                    |mul_26s_17s_43_2_1                              |        0|   1|    21|   29|    0|
    |mul_26s_17s_43_2_1_U1682                                    |mul_26s_17s_43_2_1                              |        0|   1|    21|   29|    0|
    |mul_26s_17s_43_2_1_U1684                                    |mul_26s_17s_43_2_1                              |        0|   1|    21|   29|    0|
    |mul_26s_17s_43_2_1_U1686                                    |mul_26s_17s_43_2_1                              |        0|   1|    21|   29|    0|
    |mul_26s_17s_43_2_1_U1688                                    |mul_26s_17s_43_2_1                              |        0|   1|    21|   29|    0|
    |mul_26s_17s_43_2_1_U1690                                    |mul_26s_17s_43_2_1                              |        0|   1|    21|   29|    0|
    |mul_26s_17s_43_2_1_U1692                                    |mul_26s_17s_43_2_1                              |        0|   1|    21|   29|    0|
    |mul_26s_17s_43_2_1_U1694                                    |mul_26s_17s_43_2_1                              |        0|   1|    21|   29|    0|
    |mul_26s_17s_43_2_1_U1696                                    |mul_26s_17s_43_2_1                              |        0|   1|    21|   29|    0|
    |mul_26s_17s_43_2_1_U1698                                    |mul_26s_17s_43_2_1                              |        0|   1|    21|   29|    0|
    |mul_26s_17s_43_2_1_U1700                                    |mul_26s_17s_43_2_1                              |        0|   1|    21|   29|    0|
    |grp_riccati_forward_pass_Pipeline_VITIS_LOOP_399_4_fu_1619  |riccati_forward_pass_Pipeline_VITIS_LOOP_399_4  |        0|  12|  1011|  954|    0|
    |sparsemux_9_2_17_1_1_U1669                                  |sparsemux_9_2_17_1_1                            |        0|   0|     0|   20|    0|
    |sparsemux_9_2_17_1_1_U1671                                  |sparsemux_9_2_17_1_1                            |        0|   0|     0|   20|    0|
    |sparsemux_9_2_17_1_1_U1673                                  |sparsemux_9_2_17_1_1                            |        0|   0|     0|   20|    0|
    |sparsemux_9_2_17_1_1_U1675                                  |sparsemux_9_2_17_1_1                            |        0|   0|     0|   20|    0|
    |sparsemux_9_2_17_1_1_U1677                                  |sparsemux_9_2_17_1_1                            |        0|   0|     0|   20|    0|
    |sparsemux_9_2_17_1_1_U1679                                  |sparsemux_9_2_17_1_1                            |        0|   0|     0|   20|    0|
    |sparsemux_9_2_17_1_1_U1681                                  |sparsemux_9_2_17_1_1                            |        0|   0|     0|   20|    0|
    |sparsemux_9_2_17_1_1_U1683                                  |sparsemux_9_2_17_1_1                            |        0|   0|     0|   20|    0|
    |sparsemux_9_2_17_1_1_U1685                                  |sparsemux_9_2_17_1_1                            |        0|   0|     0|   20|    0|
    |sparsemux_9_2_17_1_1_U1687                                  |sparsemux_9_2_17_1_1                            |        0|   0|     0|   20|    0|
    |sparsemux_9_2_17_1_1_U1689                                  |sparsemux_9_2_17_1_1                            |        0|   0|     0|   20|    0|
    |sparsemux_9_2_17_1_1_U1691                                  |sparsemux_9_2_17_1_1                            |        0|   0|     0|   20|    0|
    |sparsemux_9_2_17_1_1_U1693                                  |sparsemux_9_2_17_1_1                            |        0|   0|     0|   20|    0|
    |sparsemux_9_2_17_1_1_U1695                                  |sparsemux_9_2_17_1_1                            |        0|   0|     0|   20|    0|
    |sparsemux_9_2_17_1_1_U1697                                  |sparsemux_9_2_17_1_1                            |        0|   0|     0|   20|    0|
    |sparsemux_9_2_17_1_1_U1699                                  |sparsemux_9_2_17_1_1                            |        0|   0|     0|   20|    0|
    |prod_sum0_sum8_K_QP_raw_fu_1595                             |sum8_K_QP_raw                                   |        0|   0|     0|  245|    0|
    |prod_sum1_sum8_K_QP_raw_fu_1607                             |sum8_K_QP_raw                                   |        0|   0|     0|  245|    0|
    +------------------------------------------------------------+------------------------------------------------+---------+----+------+-----+-----+
    |Total                                                       |                                                |        0|  28|  1347| 2228|    0|
    +------------------------------------------------------------+------------------------------------------------+---------+----+------+-----+-----+

    * DSP: 
    N/A

    * Memory: 
    N/A

    * FIFO: 
    N/A

    * Expression: 
    +-----------------------+----------+----+---+----+------------+------------+
    |     Variable Name     | Operation| DSP| FF| LUT| Bitwidth P0| Bitwidth P1|
    +-----------------------+----------+----+---+----+------------+------------+
    |add_ln354_fu_2421_p2   |         +|   0|  0|  14|           7|           2|
    |add_ln355_fu_2431_p2   |         +|   0|  0|  14|           7|           2|
    |add_ln356_fu_2513_p2   |         +|   0|  0|  14|           7|           3|
    |add_ln357_fu_2523_p2   |         +|   0|  0|  14|           7|           3|
    |add_ln436_fu_1685_p2   |         +|   0|  0|  12|           5|           1|
    |u0_raw_fu_2567_p2      |         +|   0|  0|  32|          25|          25|
    |u1_raw_fu_2605_p2      |         +|   0|  0|  32|          25|          25|
    |sub_ln409_fu_1804_p2   |         -|   0|  0|  15|           8|           8|
    |icmp_ln349_fu_1679_p2  |      icmp|   0|  0|  12|           5|           5|
    |x_out_0_we1            |        or|   0|  0|   2|           1|           1|
    |x_out_1_we1            |        or|   0|  0|   2|           1|           1|
    |x_out_2_we1            |        or|   0|  0|   2|           1|           1|
    |x_out_3_we1            |        or|   0|  0|   2|           1|           1|
    |x_out_4_we1            |        or|   0|  0|   2|           1|           1|
    |x_out_5_we1            |        or|   0|  0|   2|           1|           1|
    +-----------------------+----------+----+---+----+------------+------------+
    |Total                  |          |   0|  0| 171|         102|          80|
    +-----------------------+----------+----+---+----+------------+------------+

    * Multiplexer: 
    +----------------------------+----+-----------+-----+-----------+
    |            Name            | LUT| Input Size| Bits| Total Bits|
    +----------------------------+----+-----------+-----+-----------+
    |ap_NS_fsm                   |  43|          8|    1|          8|
    |grp_fu_3394_ce              |   9|          2|    1|          2|
    |k_fu_318                    |   9|          2|    5|         10|
    |step_data_1_address0_local  |  20|          4|    7|         28|
    |step_data_1_address1_local  |  20|          4|    7|         28|
    |x_out_0_address1            |   9|          2|    5|         10|
    |x_out_0_ce1                 |   9|          2|    1|          2|
    |x_out_0_d1                  |   9|          2|   26|         52|
    |x_out_0_we1                 |   9|          2|    1|          2|
    |x_out_1_address1            |   9|          2|    5|         10|
    |x_out_1_ce1                 |   9|          2|    1|          2|
    |x_out_1_d1                  |   9|          2|   26|         52|
    |x_out_1_we1                 |   9|          2|    1|          2|
    |x_out_2_address1            |   9|          2|    5|         10|
    |x_out_2_ce1                 |   9|          2|    1|          2|
    |x_out_2_d1                  |   9|          2|   26|         52|
    |x_out_2_we1                 |   9|          2|    1|          2|
    |x_out_3_address1            |   9|          2|    5|         10|
    |x_out_3_ce1                 |   9|          2|    1|          2|
    |x_out_3_d1                  |   9|          2|   26|         52|
    |x_out_3_we1                 |   9|          2|    1|          2|
    |x_out_4_address1            |   9|          2|    5|         10|
    |x_out_4_ce1                 |   9|          2|    1|          2|
    |x_out_4_d1                  |   9|          2|   26|         52|
    |x_out_4_we1                 |   9|          2|    1|          2|
    |x_out_5_address1            |   9|          2|    5|         10|
    |x_out_5_ce1                 |   9|          2|    1|          2|
    |x_out_5_d1                  |   9|          2|   26|         52|
    |x_out_5_we1                 |   9|          2|    1|          2|
    |x_out_6_address1_local      |  14|          3|    5|         15|
    |x_out_6_d1_local            |  14|          3|   26|         78|
    |x_out_7_address1_local      |  14|          3|    5|         15|
    |x_out_7_d1_local            |  14|          3|   26|         78|
    +----------------------------+----+-----------+-----+-----------+
    |Total                       | 373|         80|  281|        658|
    +----------------------------+----+-----------+-----+-----------+

    * Register: 
    +-------------------------------------------------------------------------+----+----+-----+-----------+
    |                                   Name                                  | FF | LUT| Bits| Const Bits|
    +-------------------------------------------------------------------------+----+----+-----+-----------+
    |B_sparse_0_load_reg_3389                                                 |  26|   0|   26|          0|
    |B_sparse_1_load_reg_3374                                                 |  26|   0|   26|          0|
    |B_sparse_2_load_reg_3379                                                 |  26|   0|   26|          0|
    |B_sparse_3_load_reg_3384                                                 |  26|   0|   26|          0|
    |add_ln436_reg_2649                                                       |   5|   0|    5|          0|
    |ap_CS_fsm                                                                |   7|   0|    7|          0|
    |grp_riccati_forward_pass_Pipeline_VITIS_LOOP_399_4_fu_1619_ap_start_reg  |   1|   0|    1|          0|
    |k_1_reg_2639                                                             |   5|   0|    5|          0|
    |k_fu_318                                                                 |   5|   0|    5|          0|
    |product_10_reg_3274                                                      |  32|   0|   32|          0|
    |product_11_reg_3279                                                      |  32|   0|   32|          0|
    |product_12_reg_3284                                                      |  32|   0|   32|          0|
    |product_13_reg_3289                                                      |  32|   0|   32|          0|
    |product_14_reg_3294                                                      |  32|   0|   32|          0|
    |product_15_reg_3299                                                      |  32|   0|   32|          0|
    |product_1_reg_3229                                                       |  32|   0|   32|          0|
    |product_2_reg_3234                                                       |  32|   0|   32|          0|
    |product_3_reg_3239                                                       |  32|   0|   32|          0|
    |product_4_reg_3244                                                       |  32|   0|   32|          0|
    |product_5_reg_3249                                                       |  32|   0|   32|          0|
    |product_6_reg_3254                                                       |  32|   0|   32|          0|
    |product_7_reg_3259                                                       |  32|   0|   32|          0|
    |product_8_reg_3264                                                       |  32|   0|   32|          0|
    |product_9_reg_3269                                                       |  32|   0|   32|          0|
    |product_reg_3224                                                         |  32|   0|   32|          0|
    |trunc_ln352_reg_3027                                                     |   6|   0|    7|          1|
    |trunc_ln353_reg_3214                                                     |  25|   0|   25|          0|
    |trunc_ln354_reg_3219                                                     |  25|   0|   25|          0|
    |trunc_ln355_reg_3324                                                     |  25|   0|   25|          0|
    |trunc_ln356_reg_3329                                                     |  25|   0|   25|          0|
    |trunc_ln357_reg_3364                                                     |  25|   0|   25|          0|
    |trunc_ln363_reg_3369                                                     |  25|   0|   25|          0|
    |u0_raw_reg_3334                                                          |  25|   0|   25|          0|
    |u1_raw_reg_3339                                                          |  25|   0|   25|          0|
    |value_1_reg_3051                                                         |  26|   0|   26|          0|
    |value_2_reg_3056                                                         |  26|   0|   26|          0|
    |value_3_reg_3061                                                         |  26|   0|   26|          0|
    |value_4_reg_3066                                                         |  26|   0|   26|          0|
    |value_5_reg_3071                                                         |  26|   0|   26|          0|
    |value_reg_3046                                                           |  26|   0|   26|          0|
    |zext_ln349_reg_2655                                                      |   5|   0|   64|         59|
    +-------------------------------------------------------------------------+----+----+-----+-----------+
    |Total                                                                    |1006|   0| 1066|         60|
    +-------------------------------------------------------------------------+----+----+-----+-----------+



================================================================
== Interface
================================================================
* Summary: 
+------------------------+-----+-----+------------+----------------------+--------------+
|        RTL Ports       | Dir | Bits|  Protocol  |     Source Object    |    C Type    |
+------------------------+-----+-----+------------+----------------------+--------------+
|ap_clk                  |   in|    1|  ap_ctrl_hs|  riccati_forward_pass|  return value|
|ap_rst                  |   in|    1|  ap_ctrl_hs|  riccati_forward_pass|  return value|
|ap_start                |   in|    1|  ap_ctrl_hs|  riccati_forward_pass|  return value|
|ap_done                 |  out|    1|  ap_ctrl_hs|  riccati_forward_pass|  return value|
|ap_idle                 |  out|    1|  ap_ctrl_hs|  riccati_forward_pass|  return value|
|ap_ready                |  out|    1|  ap_ctrl_hs|  riccati_forward_pass|  return value|
|grp_fu_830_p_din0       |  out|   26|  ap_ctrl_hs|  riccati_forward_pass|  return value|
|grp_fu_830_p_din1       |  out|   25|  ap_ctrl_hs|  riccati_forward_pass|  return value|
|grp_fu_830_p_dout0      |   in|   51|  ap_ctrl_hs|  riccati_forward_pass|  return value|
|grp_fu_830_p_ce         |  out|    1|  ap_ctrl_hs|  riccati_forward_pass|  return value|
|step_data_0_0_address0  |  out|    7|   ap_memory|         step_data_0_0|         array|
|step_data_0_0_ce0       |  out|    1|   ap_memory|         step_data_0_0|         array|
|step_data_0_0_q0        |   in|   26|   ap_memory|         step_data_0_0|         array|
|step_data_0_1_address0  |  out|    7|   ap_memory|         step_data_0_1|         array|
|step_data_0_1_ce0       |  out|    1|   ap_memory|         step_data_0_1|         array|
|step_data_0_1_q0        |   in|   26|   ap_memory|         step_data_0_1|         array|
|step_data_0_2_address0  |  out|    7|   ap_memory|         step_data_0_2|         array|
|step_data_0_2_ce0       |  out|    1|   ap_memory|         step_data_0_2|         array|
|step_data_0_2_q0        |   in|   26|   ap_memory|         step_data_0_2|         array|
|step_data_0_3_address0  |  out|    7|   ap_memory|         step_data_0_3|         array|
|step_data_0_3_ce0       |  out|    1|   ap_memory|         step_data_0_3|         array|
|step_data_0_3_q0        |   in|   26|   ap_memory|         step_data_0_3|         array|
|step_data_0_4_address0  |  out|    7|   ap_memory|         step_data_0_4|         array|
|step_data_0_4_ce0       |  out|    1|   ap_memory|         step_data_0_4|         array|
|step_data_0_4_q0        |   in|   26|   ap_memory|         step_data_0_4|         array|
|step_data_0_5_address0  |  out|    7|   ap_memory|         step_data_0_5|         array|
|step_data_0_5_ce0       |  out|    1|   ap_memory|         step_data_0_5|         array|
|step_data_0_5_q0        |   in|   26|   ap_memory|         step_data_0_5|         array|
|step_data_1_address0    |  out|    7|   ap_memory|           step_data_1|         array|
|step_data_1_ce0         |  out|    1|   ap_memory|           step_data_1|         array|
|step_data_1_q0          |   in|   26|   ap_memory|           step_data_1|         array|
|step_data_1_address1    |  out|    7|   ap_memory|           step_data_1|         array|
|step_data_1_ce1         |  out|    1|   ap_memory|           step_data_1|         array|
|step_data_1_q1          |   in|   26|   ap_memory|           step_data_1|         array|
|B_sparse_0_address0     |  out|    5|   ap_memory|            B_sparse_0|         array|
|B_sparse_0_ce0          |  out|    1|   ap_memory|            B_sparse_0|         array|
|B_sparse_0_q0           |   in|   26|   ap_memory|            B_sparse_0|         array|
|B_sparse_1_address0     |  out|    5|   ap_memory|            B_sparse_1|         array|
|B_sparse_1_ce0          |  out|    1|   ap_memory|            B_sparse_1|         array|
|B_sparse_1_q0           |   in|   26|   ap_memory|            B_sparse_1|         array|
|B_sparse_2_address0     |  out|    5|   ap_memory|            B_sparse_2|         array|
|B_sparse_2_ce0          |  out|    1|   ap_memory|            B_sparse_2|         array|
|B_sparse_2_q0           |   in|   26|   ap_memory|            B_sparse_2|         array|
|B_sparse_3_address0     |  out|    5|   ap_memory|            B_sparse_3|         array|
|B_sparse_3_ce0          |  out|    1|   ap_memory|            B_sparse_3|         array|
|B_sparse_3_q0           |   in|   26|   ap_memory|            B_sparse_3|         array|
|p_read                  |   in|   26|     ap_none|                p_read|        scalar|
|p_read1                 |   in|   26|     ap_none|               p_read1|        scalar|
|p_read2                 |   in|   26|     ap_none|               p_read2|        scalar|
|p_read3                 |   in|   26|     ap_none|               p_read3|        scalar|
|p_read4                 |   in|   26|     ap_none|               p_read4|        scalar|
|p_read5                 |   in|   26|     ap_none|               p_read5|        scalar|
|p_read6                 |   in|   26|     ap_none|               p_read6|        scalar|
|p_read7                 |   in|   26|     ap_none|               p_read7|        scalar|
|K_0_0_0_address0        |  out|    3|   ap_memory|               K_0_0_0|         array|
|K_0_0_0_ce0             |  out|    1|   ap_memory|               K_0_0_0|         array|
|K_0_0_0_q0              |   in|   17|   ap_memory|               K_0_0_0|         array|
|K_0_0_1_address0        |  out|    3|   ap_memory|               K_0_0_1|         array|
|K_0_0_1_ce0             |  out|    1|   ap_memory|               K_0_0_1|         array|
|K_0_0_1_q0              |   in|   17|   ap_memory|               K_0_0_1|         array|
|K_0_0_2_address0        |  out|    3|   ap_memory|               K_0_0_2|         array|
|K_0_0_2_ce0             |  out|    1|   ap_memory|               K_0_0_2|         array|
|K_0_0_2_q0              |   in|   17|   ap_memory|               K_0_0_2|         array|
|K_0_0_3_address0        |  out|    3|   ap_memory|               K_0_0_3|         array|
|K_0_0_3_ce0             |  out|    1|   ap_memory|               K_0_0_3|         array|
|K_0_0_3_q0              |   in|   17|   ap_memory|               K_0_0_3|         array|
|K_0_0_4_address0        |  out|    3|   ap_memory|               K_0_0_4|         array|
|K_0_0_4_ce0             |  out|    1|   ap_memory|               K_0_0_4|         array|
|K_0_0_4_q0              |   in|   17|   ap_memory|               K_0_0_4|         array|
|K_0_0_5_address0        |  out|    3|   ap_memory|               K_0_0_5|         array|
|K_0_0_5_ce0             |  out|    1|   ap_memory|               K_0_0_5|         array|
|K_0_0_5_q0              |   in|   17|   ap_memory|               K_0_0_5|         array|
|K_0_0_6_address0        |  out|    3|   ap_memory|               K_0_0_6|         array|
|K_0_0_6_ce0             |  out|    1|   ap_memory|               K_0_0_6|         array|
|K_0_0_6_q0              |   in|   17|   ap_memory|               K_0_0_6|         array|
|K_0_0_7_address0        |  out|    3|   ap_memory|               K_0_0_7|         array|
|K_0_0_7_ce0             |  out|    1|   ap_memory|               K_0_0_7|         array|
|K_0_0_7_q0              |   in|   17|   ap_memory|               K_0_0_7|         array|
|K_0_1_0_address0        |  out|    3|   ap_memory|               K_0_1_0|         array|
|K_0_1_0_ce0             |  out|    1|   ap_memory|               K_0_1_0|         array|
|K_0_1_0_q0              |   in|   17|   ap_memory|               K_0_1_0|         array|
|K_0_1_1_address0        |  out|    3|   ap_memory|               K_0_1_1|         array|
|K_0_1_1_ce0             |  out|    1|   ap_memory|               K_0_1_1|         array|
|K_0_1_1_q0              |   in|   17|   ap_memory|               K_0_1_1|         array|
|K_0_1_2_address0        |  out|    3|   ap_memory|               K_0_1_2|         array|
|K_0_1_2_ce0             |  out|    1|   ap_memory|               K_0_1_2|         array|
|K_0_1_2_q0              |   in|   17|   ap_memory|               K_0_1_2|         array|
|K_0_1_3_address0        |  out|    3|   ap_memory|               K_0_1_3|         array|
|K_0_1_3_ce0             |  out|    1|   ap_memory|               K_0_1_3|         array|
|K_0_1_3_q0              |   in|   17|   ap_memory|               K_0_1_3|         array|
|K_0_1_4_address0        |  out|    3|   ap_memory|               K_0_1_4|         array|
|K_0_1_4_ce0             |  out|    1|   ap_memory|               K_0_1_4|         array|
|K_0_1_4_q0              |   in|   17|   ap_memory|               K_0_1_4|         array|
|K_0_1_5_address0        |  out|    3|   ap_memory|               K_0_1_5|         array|
|K_0_1_5_ce0             |  out|    1|   ap_memory|               K_0_1_5|         array|
|K_0_1_5_q0              |   in|   17|   ap_memory|               K_0_1_5|         array|
|K_0_1_6_address0        |  out|    3|   ap_memory|               K_0_1_6|         array|
|K_0_1_6_ce0             |  out|    1|   ap_memory|               K_0_1_6|         array|
|K_0_1_6_q0              |   in|   17|   ap_memory|               K_0_1_6|         array|
|K_0_1_7_address0        |  out|    3|   ap_memory|               K_0_1_7|         array|
|K_0_1_7_ce0             |  out|    1|   ap_memory|               K_0_1_7|         array|
|K_0_1_7_q0              |   in|   17|   ap_memory|               K_0_1_7|         array|
|K_1_0_0_address0        |  out|    3|   ap_memory|               K_1_0_0|         array|
|K_1_0_0_ce0             |  out|    1|   ap_memory|               K_1_0_0|         array|
|K_1_0_0_q0              |   in|   17|   ap_memory|               K_1_0_0|         array|
|K_1_0_1_address0        |  out|    3|   ap_memory|               K_1_0_1|         array|
|K_1_0_1_ce0             |  out|    1|   ap_memory|               K_1_0_1|         array|
|K_1_0_1_q0              |   in|   17|   ap_memory|               K_1_0_1|         array|
|K_1_0_2_address0        |  out|    3|   ap_memory|               K_1_0_2|         array|
|K_1_0_2_ce0             |  out|    1|   ap_memory|               K_1_0_2|         array|
|K_1_0_2_q0              |   in|   17|   ap_memory|               K_1_0_2|         array|
|K_1_0_3_address0        |  out|    3|   ap_memory|               K_1_0_3|         array|
|K_1_0_3_ce0             |  out|    1|   ap_memory|               K_1_0_3|         array|
|K_1_0_3_q0              |   in|   17|   ap_memory|               K_1_0_3|         array|
|K_1_0_4_address0        |  out|    3|   ap_memory|               K_1_0_4|         array|
|K_1_0_4_ce0             |  out|    1|   ap_memory|               K_1_0_4|         array|
|K_1_0_4_q0              |   in|   17|   ap_memory|               K_1_0_4|         array|
|K_1_0_5_address0        |  out|    3|   ap_memory|               K_1_0_5|         array|
|K_1_0_5_ce0             |  out|    1|   ap_memory|               K_1_0_5|         array|
|K_1_0_5_q0              |   in|   17|   ap_memory|               K_1_0_5|         array|
|K_1_0_6_address0        |  out|    3|   ap_memory|               K_1_0_6|         array|
|K_1_0_6_ce0             |  out|    1|   ap_memory|               K_1_0_6|         array|
|K_1_0_6_q0              |   in|   17|   ap_memory|               K_1_0_6|         array|
|K_1_0_7_address0        |  out|    3|   ap_memory|               K_1_0_7|         array|
|K_1_0_7_ce0             |  out|    1|   ap_memory|               K_1_0_7|         array|
|K_1_0_7_q0              |   in|   17|   ap_memory|               K_1_0_7|         array|
|K_1_1_0_address0        |  out|    3|   ap_memory|               K_1_1_0|         array|
|K_1_1_0_ce0             |  out|    1|   ap_memory|               K_1_1_0|         array|
|K_1_1_0_q0              |   in|   17|   ap_memory|               K_1_1_0|         array|
|K_1_1_1_address0        |  out|    3|   ap_memory|               K_1_1_1|         array|
|K_1_1_1_ce0             |  out|    1|   ap_memory|               K_1_1_1|         array|
|K_1_1_1_q0              |   in|   17|   ap_memory|               K_1_1_1|         array|
|K_1_1_2_address0        |  out|    3|   ap_memory|               K_1_1_2|         array|
|K_1_1_2_ce0             |  out|    1|   ap_memory|               K_1_1_2|         array|
|K_1_1_2_q0              |   in|   17|   ap_memory|               K_1_1_2|         array|
|K_1_1_3_address0        |  out|    3|   ap_memory|               K_1_1_3|         array|
|K_1_1_3_ce0             |  out|    1|   ap_memory|               K_1_1_3|         array|
|K_1_1_3_q0              |   in|   17|   ap_memory|               K_1_1_3|         array|
|K_1_1_4_address0        |  out|    3|   ap_memory|               K_1_1_4|         array|
|K_1_1_4_ce0             |  out|    1|   ap_memory|               K_1_1_4|         array|
|K_1_1_4_q0              |   in|   17|   ap_memory|               K_1_1_4|         array|
|K_1_1_5_address0        |  out|    3|   ap_memory|               K_1_1_5|         array|
|K_1_1_5_ce0             |  out|    1|   ap_memory|               K_1_1_5|         array|
|K_1_1_5_q0              |   in|   17|   ap_memory|               K_1_1_5|         array|
|K_1_1_6_address0        |  out|    3|   ap_memory|               K_1_1_6|         array|
|K_1_1_6_ce0             |  out|    1|   ap_memory|               K_1_1_6|         array|
|K_1_1_6_q0              |   in|   17|   ap_memory|               K_1_1_6|         array|
|K_1_1_7_address0        |  out|    3|   ap_memory|               K_1_1_7|         array|
|K_1_1_7_ce0             |  out|    1|   ap_memory|               K_1_1_7|         array|
|K_1_1_7_q0              |   in|   17|   ap_memory|               K_1_1_7|         array|
|K_2_0_0_address0        |  out|    3|   ap_memory|               K_2_0_0|         array|
|K_2_0_0_ce0             |  out|    1|   ap_memory|               K_2_0_0|         array|
|K_2_0_0_q0              |   in|   17|   ap_memory|               K_2_0_0|         array|
|K_2_0_1_address0        |  out|    3|   ap_memory|               K_2_0_1|         array|
|K_2_0_1_ce0             |  out|    1|   ap_memory|               K_2_0_1|         array|
|K_2_0_1_q0              |   in|   17|   ap_memory|               K_2_0_1|         array|
|K_2_0_2_address0        |  out|    3|   ap_memory|               K_2_0_2|         array|
|K_2_0_2_ce0             |  out|    1|   ap_memory|               K_2_0_2|         array|
|K_2_0_2_q0              |   in|   17|   ap_memory|               K_2_0_2|         array|
|K_2_0_3_address0        |  out|    3|   ap_memory|               K_2_0_3|         array|
|K_2_0_3_ce0             |  out|    1|   ap_memory|               K_2_0_3|         array|
|K_2_0_3_q0              |   in|   17|   ap_memory|               K_2_0_3|         array|
|K_2_0_4_address0        |  out|    3|   ap_memory|               K_2_0_4|         array|
|K_2_0_4_ce0             |  out|    1|   ap_memory|               K_2_0_4|         array|
|K_2_0_4_q0              |   in|   17|   ap_memory|               K_2_0_4|         array|
|K_2_0_5_address0        |  out|    3|   ap_memory|               K_2_0_5|         array|
|K_2_0_5_ce0             |  out|    1|   ap_memory|               K_2_0_5|         array|
|K_2_0_5_q0              |   in|   17|   ap_memory|               K_2_0_5|         array|
|K_2_0_6_address0        |  out|    3|   ap_memory|               K_2_0_6|         array|
|K_2_0_6_ce0             |  out|    1|   ap_memory|               K_2_0_6|         array|
|K_2_0_6_q0              |   in|   17|   ap_memory|               K_2_0_6|         array|
|K_2_0_7_address0        |  out|    3|   ap_memory|               K_2_0_7|         array|
|K_2_0_7_ce0             |  out|    1|   ap_memory|               K_2_0_7|         array|
|K_2_0_7_q0              |   in|   17|   ap_memory|               K_2_0_7|         array|
|K_2_1_0_address0        |  out|    3|   ap_memory|               K_2_1_0|         array|
|K_2_1_0_ce0             |  out|    1|   ap_memory|               K_2_1_0|         array|
|K_2_1_0_q0              |   in|   17|   ap_memory|               K_2_1_0|         array|
|K_2_1_1_address0        |  out|    3|   ap_memory|               K_2_1_1|         array|
|K_2_1_1_ce0             |  out|    1|   ap_memory|               K_2_1_1|         array|
|K_2_1_1_q0              |   in|   17|   ap_memory|               K_2_1_1|         array|
|K_2_1_2_address0        |  out|    3|   ap_memory|               K_2_1_2|         array|
|K_2_1_2_ce0             |  out|    1|   ap_memory|               K_2_1_2|         array|
|K_2_1_2_q0              |   in|   17|   ap_memory|               K_2_1_2|         array|
|K_2_1_3_address0        |  out|    3|   ap_memory|               K_2_1_3|         array|
|K_2_1_3_ce0             |  out|    1|   ap_memory|               K_2_1_3|         array|
|K_2_1_3_q0              |   in|   17|   ap_memory|               K_2_1_3|         array|
|K_2_1_4_address0        |  out|    3|   ap_memory|               K_2_1_4|         array|
|K_2_1_4_ce0             |  out|    1|   ap_memory|               K_2_1_4|         array|
|K_2_1_4_q0              |   in|   17|   ap_memory|               K_2_1_4|         array|
|K_2_1_5_address0        |  out|    3|   ap_memory|               K_2_1_5|         array|
|K_2_1_5_ce0             |  out|    1|   ap_memory|               K_2_1_5|         array|
|K_2_1_5_q0              |   in|   17|   ap_memory|               K_2_1_5|         array|
|K_2_1_6_address0        |  out|    3|   ap_memory|               K_2_1_6|         array|
|K_2_1_6_ce0             |  out|    1|   ap_memory|               K_2_1_6|         array|
|K_2_1_6_q0              |   in|   17|   ap_memory|               K_2_1_6|         array|
|K_2_1_7_address0        |  out|    3|   ap_memory|               K_2_1_7|         array|
|K_2_1_7_ce0             |  out|    1|   ap_memory|               K_2_1_7|         array|
|K_2_1_7_q0              |   in|   17|   ap_memory|               K_2_1_7|         array|
|K_3_0_0_address0        |  out|    3|   ap_memory|               K_3_0_0|         array|
|K_3_0_0_ce0             |  out|    1|   ap_memory|               K_3_0_0|         array|
|K_3_0_0_q0              |   in|   17|   ap_memory|               K_3_0_0|         array|
|K_3_0_1_address0        |  out|    3|   ap_memory|               K_3_0_1|         array|
|K_3_0_1_ce0             |  out|    1|   ap_memory|               K_3_0_1|         array|
|K_3_0_1_q0              |   in|   17|   ap_memory|               K_3_0_1|         array|
|K_3_0_2_address0        |  out|    3|   ap_memory|               K_3_0_2|         array|
|K_3_0_2_ce0             |  out|    1|   ap_memory|               K_3_0_2|         array|
|K_3_0_2_q0              |   in|   17|   ap_memory|               K_3_0_2|         array|
|K_3_0_3_address0        |  out|    3|   ap_memory|               K_3_0_3|         array|
|K_3_0_3_ce0             |  out|    1|   ap_memory|               K_3_0_3|         array|
|K_3_0_3_q0              |   in|   17|   ap_memory|               K_3_0_3|         array|
|K_3_0_4_address0        |  out|    3|   ap_memory|               K_3_0_4|         array|
|K_3_0_4_ce0             |  out|    1|   ap_memory|               K_3_0_4|         array|
|K_3_0_4_q0              |   in|   17|   ap_memory|               K_3_0_4|         array|
|K_3_0_5_address0        |  out|    3|   ap_memory|               K_3_0_5|         array|
|K_3_0_5_ce0             |  out|    1|   ap_memory|               K_3_0_5|         array|
|K_3_0_5_q0              |   in|   17|   ap_memory|               K_3_0_5|         array|
|K_3_0_6_address0        |  out|    3|   ap_memory|               K_3_0_6|         array|
|K_3_0_6_ce0             |  out|    1|   ap_memory|               K_3_0_6|         array|
|K_3_0_6_q0              |   in|   17|   ap_memory|               K_3_0_6|         array|
|K_3_0_7_address0        |  out|    3|   ap_memory|               K_3_0_7|         array|
|K_3_0_7_ce0             |  out|    1|   ap_memory|               K_3_0_7|         array|
|K_3_0_7_q0              |   in|   17|   ap_memory|               K_3_0_7|         array|
|K_3_1_0_address0        |  out|    3|   ap_memory|               K_3_1_0|         array|
|K_3_1_0_ce0             |  out|    1|   ap_memory|               K_3_1_0|         array|
|K_3_1_0_q0              |   in|   17|   ap_memory|               K_3_1_0|         array|
|K_3_1_1_address0        |  out|    3|   ap_memory|               K_3_1_1|         array|
|K_3_1_1_ce0             |  out|    1|   ap_memory|               K_3_1_1|         array|
|K_3_1_1_q0              |   in|   17|   ap_memory|               K_3_1_1|         array|
|K_3_1_2_address0        |  out|    3|   ap_memory|               K_3_1_2|         array|
|K_3_1_2_ce0             |  out|    1|   ap_memory|               K_3_1_2|         array|
|K_3_1_2_q0              |   in|   17|   ap_memory|               K_3_1_2|         array|
|K_3_1_3_address0        |  out|    3|   ap_memory|               K_3_1_3|         array|
|K_3_1_3_ce0             |  out|    1|   ap_memory|               K_3_1_3|         array|
|K_3_1_3_q0              |   in|   17|   ap_memory|               K_3_1_3|         array|
|K_3_1_4_address0        |  out|    3|   ap_memory|               K_3_1_4|         array|
|K_3_1_4_ce0             |  out|    1|   ap_memory|               K_3_1_4|         array|
|K_3_1_4_q0              |   in|   17|   ap_memory|               K_3_1_4|         array|
|K_3_1_5_address0        |  out|    3|   ap_memory|               K_3_1_5|         array|
|K_3_1_5_ce0             |  out|    1|   ap_memory|               K_3_1_5|         array|
|K_3_1_5_q0              |   in|   17|   ap_memory|               K_3_1_5|         array|
|K_3_1_6_address0        |  out|    3|   ap_memory|               K_3_1_6|         array|
|K_3_1_6_ce0             |  out|    1|   ap_memory|               K_3_1_6|         array|
|K_3_1_6_q0              |   in|   17|   ap_memory|               K_3_1_6|         array|
|K_3_1_7_address0        |  out|    3|   ap_memory|               K_3_1_7|         array|
|K_3_1_7_ce0             |  out|    1|   ap_memory|               K_3_1_7|         array|
|K_3_1_7_q0              |   in|   17|   ap_memory|               K_3_1_7|         array|
|kk_0_address0           |  out|    5|   ap_memory|                  kk_0|         array|
|kk_0_ce0                |  out|    1|   ap_memory|                  kk_0|         array|
|kk_0_q0                 |   in|   17|   ap_memory|                  kk_0|         array|
|kk_1_address0           |  out|    5|   ap_memory|                  kk_1|         array|
|kk_1_ce0                |  out|    1|   ap_memory|                  kk_1|         array|
|kk_1_q0                 |   in|   17|   ap_memory|                  kk_1|         array|
|x_out_0_address0        |  out|    5|   ap_memory|               x_out_0|         array|
|x_out_0_ce0             |  out|    1|   ap_memory|               x_out_0|         array|
|x_out_0_q0              |   in|   26|   ap_memory|               x_out_0|         array|
|x_out_0_address1        |  out|    5|   ap_memory|               x_out_0|         array|
|x_out_0_ce1             |  out|    1|   ap_memory|               x_out_0|         array|
|x_out_0_we1             |  out|    1|   ap_memory|               x_out_0|         array|
|x_out_0_d1              |  out|   26|   ap_memory|               x_out_0|         array|
|x_out_1_address0        |  out|    5|   ap_memory|               x_out_1|         array|
|x_out_1_ce0             |  out|    1|   ap_memory|               x_out_1|         array|
|x_out_1_q0              |   in|   26|   ap_memory|               x_out_1|         array|
|x_out_1_address1        |  out|    5|   ap_memory|               x_out_1|         array|
|x_out_1_ce1             |  out|    1|   ap_memory|               x_out_1|         array|
|x_out_1_we1             |  out|    1|   ap_memory|               x_out_1|         array|
|x_out_1_d1              |  out|   26|   ap_memory|               x_out_1|         array|
|x_out_2_address0        |  out|    5|   ap_memory|               x_out_2|         array|
|x_out_2_ce0             |  out|    1|   ap_memory|               x_out_2|         array|
|x_out_2_q0              |   in|   26|   ap_memory|               x_out_2|         array|
|x_out_2_address1        |  out|    5|   ap_memory|               x_out_2|         array|
|x_out_2_ce1             |  out|    1|   ap_memory|               x_out_2|         array|
|x_out_2_we1             |  out|    1|   ap_memory|               x_out_2|         array|
|x_out_2_d1              |  out|   26|   ap_memory|               x_out_2|         array|
|x_out_3_address0        |  out|    5|   ap_memory|               x_out_3|         array|
|x_out_3_ce0             |  out|    1|   ap_memory|               x_out_3|         array|
|x_out_3_q0              |   in|   26|   ap_memory|               x_out_3|         array|
|x_out_3_address1        |  out|    5|   ap_memory|               x_out_3|         array|
|x_out_3_ce1             |  out|    1|   ap_memory|               x_out_3|         array|
|x_out_3_we1             |  out|    1|   ap_memory|               x_out_3|         array|
|x_out_3_d1              |  out|   26|   ap_memory|               x_out_3|         array|
|x_out_4_address0        |  out|    5|   ap_memory|               x_out_4|         array|
|x_out_4_ce0             |  out|    1|   ap_memory|               x_out_4|         array|
|x_out_4_q0              |   in|   26|   ap_memory|               x_out_4|         array|
|x_out_4_address1        |  out|    5|   ap_memory|               x_out_4|         array|
|x_out_4_ce1             |  out|    1|   ap_memory|               x_out_4|         array|
|x_out_4_we1             |  out|    1|   ap_memory|               x_out_4|         array|
|x_out_4_d1              |  out|   26|   ap_memory|               x_out_4|         array|
|x_out_5_address0        |  out|    5|   ap_memory|               x_out_5|         array|
|x_out_5_ce0             |  out|    1|   ap_memory|               x_out_5|         array|
|x_out_5_q0              |   in|   26|   ap_memory|               x_out_5|         array|
|x_out_5_address1        |  out|    5|   ap_memory|               x_out_5|         array|
|x_out_5_ce1             |  out|    1|   ap_memory|               x_out_5|         array|
|x_out_5_we1             |  out|    1|   ap_memory|               x_out_5|         array|
|x_out_5_d1              |  out|   26|   ap_memory|               x_out_5|         array|
|x_out_6_address0        |  out|    5|   ap_memory|               x_out_6|         array|
|x_out_6_ce0             |  out|    1|   ap_memory|               x_out_6|         array|
|x_out_6_q0              |   in|   26|   ap_memory|               x_out_6|         array|
|x_out_6_address1        |  out|    5|   ap_memory|               x_out_6|         array|
|x_out_6_ce1             |  out|    1|   ap_memory|               x_out_6|         array|
|x_out_6_we1             |  out|    1|   ap_memory|               x_out_6|         array|
|x_out_6_d1              |  out|   26|   ap_memory|               x_out_6|         array|
|x_out_7_address0        |  out|    5|   ap_memory|               x_out_7|         array|
|x_out_7_ce0             |  out|    1|   ap_memory|               x_out_7|         array|
|x_out_7_q0              |   in|   26|   ap_memory|               x_out_7|         array|
|x_out_7_address1        |  out|    5|   ap_memory|               x_out_7|         array|
|x_out_7_ce1             |  out|    1|   ap_memory|               x_out_7|         array|
|x_out_7_we1             |  out|    1|   ap_memory|               x_out_7|         array|
|x_out_7_d1              |  out|   26|   ap_memory|               x_out_7|         array|
|u_out_0_address0        |  out|    5|   ap_memory|               u_out_0|         array|
|u_out_0_ce0             |  out|    1|   ap_memory|               u_out_0|         array|
|u_out_0_we0             |  out|    1|   ap_memory|               u_out_0|         array|
|u_out_0_d0              |  out|   26|   ap_memory|               u_out_0|         array|
|u_out_1_address0        |  out|    5|   ap_memory|               u_out_1|         array|
|u_out_1_ce0             |  out|    1|   ap_memory|               u_out_1|         array|
|u_out_1_we0             |  out|    1|   ap_memory|               u_out_1|         array|
|u_out_1_d0              |  out|   26|   ap_memory|               u_out_1|         array|
+------------------------+-----+-----+------------+----------------------+--------------+

