

================================================================
== Vitis HLS Report for 'riccati_backward_pass_Pipeline_VITIS_LOOP_726_7_VITIS_LOOP_727_8'
================================================================
* Date:           Thu May 21 15:23:10 2026

* Version:        2025.2 (Build 6295257 on Nov 14 2025)
* Project:        mpc_fpga_top_opencl
* Solution:       hls (Vitis Kernel Flow Target)
* Product family: zynquplus
* Target device:  xck26-sfvc784-2LV-c


================================================================
== Performance Estimates
================================================================
+ Timing: 
    * Summary: 
    +--------+---------+----------+------------+
    |  Clock |  Target | Estimated| Uncertainty|
    +--------+---------+----------+------------+
    |ap_clk  |  5.00 ns|  4.174 ns|     0.50 ns|
    +--------+---------+----------+------------+

+ Latency: 
    * Summary: 
    +---------+---------+-----------+-----------+-----+-----+-------------------+
    |  Latency (cycles) |   Latency (absolute)  |  Interval |      Pipeline     |
    |   min   |   max   |    min    |    max    | min | max |        Type       |
    +---------+---------+-----------+-----------+-----+-----+-------------------+
    |       17|       17|  85.000 ns|  85.000 ns|    0|    0|  loop pipeline stp|
    +---------+---------+-----------+-----------+-----+-----+-------------------+

    + Detail: 
        * Instance: 
        +---------------------------+----------------+---------+---------+----------+----------+-----+-----+---------+
        |                           |                |  Latency (cycles) |  Latency (absolute) |  Interval | Pipeline|
        |          Instance         |     Module     |   min   |   max   |    min   |    max   | min | max |   Type  |
        +---------------------------+----------------+---------+---------+----------+----------+-----+-----+---------+
        |sum_sum6_MG_QP_raw_fu_636  |sum6_MG_QP_raw  |        0|        0|      0 ns|      0 ns|    1|    1|      yes|
        +---------------------------+----------------+---------+---------+----------+----------+-----+-----+---------+

        * Loop: 
        +-------------------------------------+---------+---------+----------+-----------+-----------+------+----------+
        |                                     |  Latency (cycles) | Iteration|  Initiation Interval  | Trip |          |
        |              Loop Name              |   min   |   max   |  Latency |  achieved |   target  | Count| Pipelined|
        +-------------------------------------+---------+---------+----------+-----------+-----------+------+----------+
        |- VITIS_LOOP_726_7_VITIS_LOOP_727_8  |       15|       15|         5|          1|          1|    12|       yes|
        +-------------------------------------+---------+---------+----------+-----------+-----------+------+----------+



================================================================
== Utilization Estimates
================================================================
* Summary: 
+-----------------+---------+------+--------+--------+-----+
|       Name      | BRAM_18K|  DSP |   FF   |   LUT  | URAM|
+-----------------+---------+------+--------+--------+-----+
|DSP              |        -|     -|       -|       -|    -|
|Expression       |        -|     -|       0|     276|    -|
|FIFO             |        -|     -|       -|       -|    -|
|Instance         |        -|    24|     588|     735|    -|
|Memory           |        -|     -|       -|       -|    -|
|Multiplexer      |        -|     -|       0|      54|    -|
|Register         |        -|     -|     827|      96|    -|
+-----------------+---------+------+--------+--------+-----+
|Total            |        0|    24|    1415|    1161|    0|
+-----------------+---------+------+--------+--------+-----+
|Available        |      288|  1248|  234240|  117120|   64|
+-----------------+---------+------+--------+--------+-----+
|Utilization (%)  |        0|     1|      ~0|      ~0|    0|
+-----------------+---------+------+--------+--------+-----+

+ Detail: 
    * Instance: 
    +----------------------------+-----------------------+---------+----+----+-----+-----+
    |          Instance          |         Module        | BRAM_18K| DSP| FF | LUT | URAM|
    +----------------------------+-----------------------+---------+----+----+-----+-----+
    |mul_34s_32s_52_4_1_U852     |mul_34s_32s_52_4_1     |        0|   4|  98|   47|    0|
    |mul_34s_32s_52_4_1_U853     |mul_34s_32s_52_4_1     |        0|   4|  98|   47|    0|
    |mul_34s_32s_52_4_1_U854     |mul_34s_32s_52_4_1     |        0|   4|  98|   47|    0|
    |mul_34s_32s_52_4_1_U855     |mul_34s_32s_52_4_1     |        0|   4|  98|   47|    0|
    |mul_34s_32s_52_4_1_U856     |mul_34s_32s_52_4_1     |        0|   4|  98|   47|    0|
    |mul_34s_32s_52_4_1_U857     |mul_34s_32s_52_4_1     |        0|   4|  98|   47|    0|
    |sparsemux_13_3_32_1_1_U858  |sparsemux_13_3_32_1_1  |        0|   0|   0|   31|    0|
    |sparsemux_13_3_32_1_1_U859  |sparsemux_13_3_32_1_1  |        0|   0|   0|   31|    0|
    |sparsemux_13_3_32_1_1_U860  |sparsemux_13_3_32_1_1  |        0|   0|   0|   31|    0|
    |sparsemux_13_3_32_1_1_U861  |sparsemux_13_3_32_1_1  |        0|   0|   0|   31|    0|
    |sparsemux_13_3_32_1_1_U862  |sparsemux_13_3_32_1_1  |        0|   0|   0|   31|    0|
    |sparsemux_13_3_32_1_1_U863  |sparsemux_13_3_32_1_1  |        0|   0|   0|   31|    0|
    |sum_sum6_MG_QP_raw_fu_636   |sum6_MG_QP_raw         |        0|   0|   0|  267|    0|
    +----------------------------+-----------------------+---------+----+----+-----+-----+
    |Total                       |                       |        0|  24| 588|  735|    0|
    +----------------------------+-----------------------+---------+----+----+-----+-----+

    * DSP: 
    N/A

    * Memory: 
    N/A

    * FIFO: 
    N/A

    * Expression: 
    +------------------------+----------+----+---+----+------------+------------+
    |      Variable Name     | Operation| DSP| FF| LUT| Bitwidth P0| Bitwidth P1|
    +------------------------+----------+----+---+----+------------+------------+
    |add_ln726_1_fu_737_p2   |         +|   0|  0|  12|           4|           1|
    |add_ln726_fu_754_p2     |         +|   0|  0|   9|           2|           1|
    |add_ln727_fu_1047_p2    |         +|   0|  0|  10|           3|           1|
    |empty_fu_783_p2         |      icmp|   0|  0|   9|           2|           1|
    |icmp_ln726_fu_731_p2    |      icmp|   0|  0|  12|           4|           4|
    |icmp_ln727_fu_760_p2    |      icmp|   0|  0|  10|           3|           3|
    |icmp_ln736_fu_855_p2    |      icmp|   0|  0|   9|           2|           1|
    |a_1_fu_800_p3           |    select|   0|  0|  33|           1|          34|
    |a_26_fu_789_p3          |    select|   0|  0|  33|           1|          34|
    |a_2_fu_811_p3           |    select|   0|  0|  33|           1|          34|
    |a_3_fu_822_p3           |    select|   0|  0|  33|           1|          34|
    |a_4_fu_833_p3           |    select|   0|  0|  33|           1|          34|
    |a_5_fu_844_p3           |    select|   0|  0|  33|           1|          34|
    |select_ln723_fu_766_p3  |    select|   0|  0|   3|           1|           1|
    |select_ln726_fu_775_p3  |    select|   0|  0|   2|           1|           2|
    |ap_enable_pp0           |       xor|   0|  0|   2|           1|           2|
    +------------------------+----------+----+---+----+------------+------------+
    |Total                   |          |   0|  0| 276|          29|         221|
    +------------------------+----------+----+---+----+------------+------------+

    * Multiplexer: 
    +--------------------------------------+----+-----------+-----+-----------+
    |                 Name                 | LUT| Input Size| Bits| Total Bits|
    +--------------------------------------+----+-----------+-----+-----------+
    |a_fu_208                              |   9|          2|    2|          4|
    |ap_done_int                           |   9|          2|    1|          2|
    |ap_enable_reg_pp0_iter1               |   9|          2|    1|          2|
    |ap_sig_allocacmp_indvar_flatten_load  |   9|          2|    4|          8|
    |indvar_flatten_fu_212                 |   9|          2|    4|          8|
    |j_1_fu_204                            |   9|          2|    3|          6|
    +--------------------------------------+----+-----------+-----+-----------+
    |Total                                 |  54|         12|   15|         30|
    +--------------------------------------+----+-----------+-----+-----------+

    * Register: 
    +----------------------------------+----+----+-----+-----------+
    |               Name               | FF | LUT| Bits| Const Bits|
    +----------------------------------+----+----+-----+-----------+
    |G_10_fu_256                       |  34|   0|   34|          0|
    |G_11_fu_260                       |  34|   0|   34|          0|
    |G_1_fu_220                        |  34|   0|   34|          0|
    |G_2_fu_224                        |  34|   0|   34|          0|
    |G_3_fu_228                        |  34|   0|   34|          0|
    |G_4_fu_232                        |  34|   0|   34|          0|
    |G_5_fu_236                        |  34|   0|   34|          0|
    |G_6_fu_240                        |  34|   0|   34|          0|
    |G_7_fu_244                        |  34|   0|   34|          0|
    |G_8_fu_248                        |  34|   0|   34|          0|
    |G_9_fu_252                        |  34|   0|   34|          0|
    |G_fu_216                          |  34|   0|   34|          0|
    |a_fu_208                          |   2|   0|    2|          0|
    |ap_CS_fsm                         |   1|   0|    1|          0|
    |ap_done_reg                       |   1|   0|    1|          0|
    |ap_enable_reg_pp0_iter1           |   1|   0|    1|          0|
    |ap_enable_reg_pp0_iter2           |   1|   0|    1|          0|
    |ap_enable_reg_pp0_iter3           |   1|   0|    1|          0|
    |ap_enable_reg_pp0_iter4           |   1|   0|    1|          0|
    |ap_loop_exit_ready_pp0_iter1_reg  |   1|   0|    1|          0|
    |ap_loop_exit_ready_pp0_iter2_reg  |   1|   0|    1|          0|
    |ap_loop_exit_ready_pp0_iter3_reg  |   1|   0|    1|          0|
    |icmp_ln726_reg_1514               |   1|   0|    1|          0|
    |icmp_ln736_reg_1552               |   1|   0|    1|          0|
    |indvar_flatten_fu_212             |   4|   0|    4|          0|
    |j_1_fu_204                        |   3|   0|    3|          0|
    |select_ln723_reg_1518             |   3|   0|    3|          0|
    |sext_ln167_1_cast_reg_1509        |  34|   0|   34|          0|
    |sext_ln167_2_cast_reg_1504        |  34|   0|   34|          0|
    |sext_ln167_3_cast_reg_1499        |  34|   0|   34|          0|
    |sext_ln167_4_cast_reg_1494        |  34|   0|   34|          0|
    |sext_ln167_5_cast_reg_1489        |  34|   0|   34|          0|
    |sext_ln167_6_cast_reg_1484        |  34|   0|   34|          0|
    |icmp_ln726_reg_1514               |  64|  32|    1|          0|
    |icmp_ln736_reg_1552               |  64|  32|    1|          0|
    |select_ln723_reg_1518             |  64|  32|    3|          0|
    +----------------------------------+----+----+-----+-----------+
    |Total                             | 827|  96|  640|          0|
    +----------------------------------+----+----+-----+-----------+



================================================================
== Interface
================================================================
* Summary: 
+----------------------+-----+-----+------------+------------------------------------------------------------------+--------------+
|       RTL Ports      | Dir | Bits|  Protocol  |                           Source Object                          |    C Type    |
+----------------------+-----+-----+------------+------------------------------------------------------------------+--------------+
|ap_clk                |   in|    1|  ap_ctrl_hs|  riccati_backward_pass_Pipeline_VITIS_LOOP_726_7_VITIS_LOOP_727_8|  return value|
|ap_rst                |   in|    1|  ap_ctrl_hs|  riccati_backward_pass_Pipeline_VITIS_LOOP_726_7_VITIS_LOOP_727_8|  return value|
|ap_start              |   in|    1|  ap_ctrl_hs|  riccati_backward_pass_Pipeline_VITIS_LOOP_726_7_VITIS_LOOP_727_8|  return value|
|ap_done               |  out|    1|  ap_ctrl_hs|  riccati_backward_pass_Pipeline_VITIS_LOOP_726_7_VITIS_LOOP_727_8|  return value|
|ap_idle               |  out|    1|  ap_ctrl_hs|  riccati_backward_pass_Pipeline_VITIS_LOOP_726_7_VITIS_LOOP_727_8|  return value|
|ap_ready              |  out|    1|  ap_ctrl_hs|  riccati_backward_pass_Pipeline_VITIS_LOOP_726_7_VITIS_LOOP_727_8|  return value|
|sext_ln167_1          |   in|   33|     ap_none|                                                      sext_ln167_1|        scalar|
|M                     |   in|   34|     ap_none|                                                                 M|        scalar|
|sext_ln167_2          |   in|   33|     ap_none|                                                      sext_ln167_2|        scalar|
|M_2                   |   in|   34|     ap_none|                                                               M_2|        scalar|
|sext_ln167_3          |   in|   33|     ap_none|                                                      sext_ln167_3|        scalar|
|M_12                  |   in|   34|     ap_none|                                                              M_12|        scalar|
|sext_ln167_4          |   in|   33|     ap_none|                                                      sext_ln167_4|        scalar|
|M_14                  |   in|   34|     ap_none|                                                              M_14|        scalar|
|sext_ln167_5          |   in|   33|     ap_none|                                                      sext_ln167_5|        scalar|
|M_16                  |   in|   34|     ap_none|                                                              M_16|        scalar|
|sext_ln167_6          |   in|   33|     ap_none|                                                      sext_ln167_6|        scalar|
|M_18                  |   in|   34|     ap_none|                                                              M_18|        scalar|
|step_data_0_0_0_load  |   in|   32|     ap_none|                                              step_data_0_0_0_load|        scalar|
|step_data_0_0_1_load  |   in|   32|     ap_none|                                              step_data_0_0_1_load|        scalar|
|step_data_0_0_2_load  |   in|   32|     ap_none|                                              step_data_0_0_2_load|        scalar|
|step_data_0_0_3_load  |   in|   32|     ap_none|                                              step_data_0_0_3_load|        scalar|
|step_data_0_0_4_load  |   in|   32|     ap_none|                                              step_data_0_0_4_load|        scalar|
|step_data_0_0_5_load  |   in|   32|     ap_none|                                              step_data_0_0_5_load|        scalar|
|step_data_0_1_0_load  |   in|   32|     ap_none|                                              step_data_0_1_0_load|        scalar|
|step_data_0_1_1_load  |   in|   32|     ap_none|                                              step_data_0_1_1_load|        scalar|
|step_data_0_1_2_load  |   in|   32|     ap_none|                                              step_data_0_1_2_load|        scalar|
|step_data_0_1_3_load  |   in|   32|     ap_none|                                              step_data_0_1_3_load|        scalar|
|step_data_0_1_4_load  |   in|   32|     ap_none|                                              step_data_0_1_4_load|        scalar|
|step_data_0_1_5_load  |   in|   32|     ap_none|                                              step_data_0_1_5_load|        scalar|
|step_data_0_2_0_load  |   in|   32|     ap_none|                                              step_data_0_2_0_load|        scalar|
|step_data_0_2_1_load  |   in|   32|     ap_none|                                              step_data_0_2_1_load|        scalar|
|step_data_0_2_2_load  |   in|   32|     ap_none|                                              step_data_0_2_2_load|        scalar|
|step_data_0_2_3_load  |   in|   32|     ap_none|                                              step_data_0_2_3_load|        scalar|
|step_data_0_2_4_load  |   in|   32|     ap_none|                                              step_data_0_2_4_load|        scalar|
|step_data_0_2_5_load  |   in|   32|     ap_none|                                              step_data_0_2_5_load|        scalar|
|step_data_0_3_0_load  |   in|   32|     ap_none|                                              step_data_0_3_0_load|        scalar|
|step_data_0_3_1_load  |   in|   32|     ap_none|                                              step_data_0_3_1_load|        scalar|
|step_data_0_3_2_load  |   in|   32|     ap_none|                                              step_data_0_3_2_load|        scalar|
|step_data_0_3_3_load  |   in|   32|     ap_none|                                              step_data_0_3_3_load|        scalar|
|step_data_0_3_4_load  |   in|   32|     ap_none|                                              step_data_0_3_4_load|        scalar|
|step_data_0_3_5_load  |   in|   32|     ap_none|                                              step_data_0_3_5_load|        scalar|
|step_data_0_4_0_load  |   in|   32|     ap_none|                                              step_data_0_4_0_load|        scalar|
|step_data_0_4_1_load  |   in|   32|     ap_none|                                              step_data_0_4_1_load|        scalar|
|step_data_0_4_2_load  |   in|   32|     ap_none|                                              step_data_0_4_2_load|        scalar|
|step_data_0_4_3_load  |   in|   32|     ap_none|                                              step_data_0_4_3_load|        scalar|
|step_data_0_4_4_load  |   in|   32|     ap_none|                                              step_data_0_4_4_load|        scalar|
|step_data_0_4_5_load  |   in|   32|     ap_none|                                              step_data_0_4_5_load|        scalar|
|step_data_0_5_0_load  |   in|   32|     ap_none|                                              step_data_0_5_0_load|        scalar|
|step_data_0_5_1_load  |   in|   32|     ap_none|                                              step_data_0_5_1_load|        scalar|
|step_data_0_5_2_load  |   in|   32|     ap_none|                                              step_data_0_5_2_load|        scalar|
|step_data_0_5_3_load  |   in|   32|     ap_none|                                              step_data_0_5_3_load|        scalar|
|step_data_0_5_4_load  |   in|   32|     ap_none|                                              step_data_0_5_4_load|        scalar|
|step_data_0_5_5_load  |   in|   32|     ap_none|                                              step_data_0_5_5_load|        scalar|
|G_13_out              |  out|   34|      ap_vld|                                                          G_13_out|       pointer|
|G_13_out_ap_vld       |  out|    1|      ap_vld|                                                          G_13_out|       pointer|
|G_12_out              |  out|   34|      ap_vld|                                                          G_12_out|       pointer|
|G_12_out_ap_vld       |  out|    1|      ap_vld|                                                          G_12_out|       pointer|
|G_11_out              |  out|   34|      ap_vld|                                                          G_11_out|       pointer|
|G_11_out_ap_vld       |  out|    1|      ap_vld|                                                          G_11_out|       pointer|
|G_10_out              |  out|   34|      ap_vld|                                                          G_10_out|       pointer|
|G_10_out_ap_vld       |  out|    1|      ap_vld|                                                          G_10_out|       pointer|
|G_9_out               |  out|   34|      ap_vld|                                                           G_9_out|       pointer|
|G_9_out_ap_vld        |  out|    1|      ap_vld|                                                           G_9_out|       pointer|
|G_8_out               |  out|   34|      ap_vld|                                                           G_8_out|       pointer|
|G_8_out_ap_vld        |  out|    1|      ap_vld|                                                           G_8_out|       pointer|
|G_7_out               |  out|   34|      ap_vld|                                                           G_7_out|       pointer|
|G_7_out_ap_vld        |  out|    1|      ap_vld|                                                           G_7_out|       pointer|
|G_6_out               |  out|   34|      ap_vld|                                                           G_6_out|       pointer|
|G_6_out_ap_vld        |  out|    1|      ap_vld|                                                           G_6_out|       pointer|
|G_5_out               |  out|   34|      ap_vld|                                                           G_5_out|       pointer|
|G_5_out_ap_vld        |  out|    1|      ap_vld|                                                           G_5_out|       pointer|
|G_4_out               |  out|   34|      ap_vld|                                                           G_4_out|       pointer|
|G_4_out_ap_vld        |  out|    1|      ap_vld|                                                           G_4_out|       pointer|
|G_3_out               |  out|   34|      ap_vld|                                                           G_3_out|       pointer|
|G_3_out_ap_vld        |  out|    1|      ap_vld|                                                           G_3_out|       pointer|
|G_2_out               |  out|   34|      ap_vld|                                                           G_2_out|       pointer|
|G_2_out_ap_vld        |  out|    1|      ap_vld|                                                           G_2_out|       pointer|
+----------------------+-----+-----+------------+------------------------------------------------------------------+--------------+

