

================================================================
== Vitis HLS Report for 'riccati_forward_pass_Pipeline_VITIS_LOOP_399_4'
================================================================
* Date:           Thu Jun 11 16:07:06 2026

* Version:        2025.2 (Build 6295257 on Nov 14 2025)
* Project:        mpc_fpga_top_opencl
* Solution:       hls (Vitis Kernel Flow Target)
* Product family: zynquplus
* Target device:  xck26-sfvc784-2LV-c


================================================================
== Performance Estimates
================================================================
+ Timing: 
    * Summary: 
    +--------+---------+----------+------------+
    |  Clock |  Target | Estimated| Uncertainty|
    +--------+---------+----------+------------+
    |ap_clk  |  5.00 ns|  4.175 ns|     0.50 ns|
    +--------+---------+----------+------------+

+ Latency: 
    * Summary: 
    +---------+---------+-----------+-----------+-----+-----+-------------------+
    |  Latency (cycles) |   Latency (absolute)  |  Interval |      Pipeline     |
    |   min   |   max   |    min    |    max    | min | max |        Type       |
    +---------+---------+-----------+-----------+-----+-----+-------------------+
    |       11|       11|  55.000 ns|  55.000 ns|    0|    0|  loop pipeline stp|
    +---------+---------+-----------+-----------+-----+-----+-------------------+

    + Detail: 
        * Instance: 
        +---------------------------+-------------+---------+---------+----------+----------+-----+-----+---------+
        |                           |             |  Latency (cycles) |  Latency (absolute) |  Interval | Pipeline|
        |          Instance         |    Module   |   min   |   max   |    min   |    max   | min | max |   Type  |
        +---------------------------+-------------+---------+---------+----------+----------+-----+-----+---------+
        |ax_sum_sum6_QP_raw_fu_502  |sum6_QP_raw  |        0|        0|      0 ns|      0 ns|    1|    1|      yes|
        +---------------------------+-------------+---------+---------+----------+----------+-----+-----+---------+

        * Loop: 
        +--------------------+---------+---------+----------+-----------+-----------+------+----------+
        |                    |  Latency (cycles) | Iteration|  Initiation Interval  | Trip |          |
        |      Loop Name     |   min   |   max   |  Latency |  achieved |   target  | Count| Pipelined|
        +--------------------+---------+---------+----------+-----------+-----------+------+----------+
        |- VITIS_LOOP_399_4  |        9|        9|         5|          1|          1|     6|       yes|
        +--------------------+---------+---------+----------+-----------+-----------+------+----------+



================================================================
== Utilization Estimates
================================================================
* Summary: 
+-----------------+---------+------+--------+--------+-----+
|       Name      | BRAM_18K|  DSP |   FF   |   LUT  | URAM|
+-----------------+---------+------+--------+--------+-----+
|DSP              |        -|     -|       -|       -|    -|
|Expression       |        -|     -|       0|     328|    -|
|FIFO             |        -|     -|       -|       -|    -|
|Instance         |        -|    12|     126|     422|    -|
|Memory           |        -|     -|       -|       -|    -|
|Multiplexer      |        -|     -|       0|      76|    -|
|Register         |        -|     -|     885|     128|    -|
+-----------------+---------+------+--------+--------+-----+
|Total            |        0|    12|    1011|     954|    0|
+-----------------+---------+------+--------+--------+-----+
|Available        |      288|  1248|  234240|  117120|   64|
+-----------------+---------+------+--------+--------+-----+
|Utilization (%)  |        0|    ~0|      ~0|      ~0|    0|
+-----------------+---------+------+--------+--------+-----+

+ Detail: 
    * Instance: 
    +-----------------------------+-----------------------+---------+----+----+-----+-----+
    |           Instance          |         Module        | BRAM_18K| DSP| FF | LUT | URAM|
    +-----------------------------+-----------------------+---------+----+----+-----+-----+
    |mul_26s_26s_39_3_1_U1626     |mul_26s_26s_39_3_1     |        0|   2|  21|   29|    0|
    |mul_26s_26s_39_3_1_U1627     |mul_26s_26s_39_3_1     |        0|   2|  21|   29|    0|
    |mul_26s_26s_39_3_1_U1628     |mul_26s_26s_39_3_1     |        0|   2|  21|   29|    0|
    |mul_26s_26s_39_3_1_U1629     |mul_26s_26s_39_3_1     |        0|   2|  21|   29|    0|
    |mul_26s_26s_39_3_1_U1630     |mul_26s_26s_39_3_1     |        0|   2|  21|   29|    0|
    |mul_26s_26s_39_3_1_U1631     |mul_26s_26s_39_3_1     |        0|   2|  21|   29|    0|
    |sparsemux_11_4_39_1_1_U1633  |sparsemux_11_4_39_1_1  |        0|   0|   0|   20|    0|
    |sparsemux_13_5_25_1_1_U1632  |sparsemux_13_5_25_1_1  |        0|   0|   0|   26|    0|
    |ax_sum_sum6_QP_raw_fu_502    |sum6_QP_raw            |        0|   0|   0|  202|    0|
    +-----------------------------+-----------------------+---------+----+----+-----+-----+
    |Total                        |                       |        0|  12| 126|  422|    0|
    +-----------------------------+-----------------------+---------+----+----+-----+-----+

    * DSP: 
    N/A

    * Memory: 
    N/A

    * FIFO: 
    N/A

    * Expression: 
    +------------------------+----------+----+---+----+------------+------------+
    |      Variable Name     | Operation| DSP| FF| LUT| Bitwidth P0| Bitwidth P1|
    +------------------------+----------+----+---+----+------------+------------+
    |add_ln399_fu_612_p2     |         +|   0|  0|  10|           3|           1|
    |add_ln409_fu_622_p2     |         +|   0|  0|  14|           7|           7|
    |sum_6_fu_846_p2         |         +|   0|  0|  46|          39|          39|
    |sum_6_fu_846_p4         |         +|   0|  0|  46|          39|          39|
    |sum_6_fu_846_p6         |         +|   0|  0|  46|          39|          39|
    |sum_6_fu_846_p8         |         +|   0|  0|  46|          39|          39|
    |sum_fu_801_p2           |         +|   0|  0|  46|          39|          39|
    |and_ln403_1_fu_684_p2   |       and|   0|  0|   2|           1|           1|
    |and_ln403_2_fu_695_p2   |       and|   0|  0|   2|           1|           1|
    |and_ln403_3_fu_706_p2   |       and|   0|  0|   2|           1|           1|
    |and_ln403_fu_673_p2     |       and|   0|  0|   2|           1|           1|
    |icmp_ln399_fu_606_p2    |      icmp|   0|  0|  10|           3|           3|
    |icmp_ln402_fu_657_p2    |      icmp|   0|  0|  10|           3|           1|
    |icmp_ln403_1_fu_679_p2  |      icmp|   0|  0|  10|           3|           2|
    |icmp_ln403_2_fu_690_p2  |      icmp|   0|  0|  12|           3|           4|
    |icmp_ln403_3_fu_701_p2  |      icmp|   0|  0|  10|           3|           3|
    |icmp_ln403_fu_662_p2    |      icmp|   0|  0|  10|           3|           2|
    |ap_enable_pp0           |       xor|   0|  0|   2|           1|           2|
    |xor_ln402_fu_667_p2     |       xor|   0|  0|   2|           1|           2|
    +------------------------+----------+----+---+----+------------+------------+
    |Total                   |          |   0|  0| 328|         229|         226|
    +------------------------+----------+----+---+----+------------+------------+

    * Multiplexer: 
    +-------------------------+----+-----------+-----+-----------+
    |           Name          | LUT| Input Size| Bits| Total Bits|
    +-------------------------+----+-----------+-----+-----------+
    |ap_done_int              |   9|          2|    1|          2|
    |ap_enable_reg_pp0_iter1  |   9|          2|    1|          2|
    |ap_sig_allocacmp_i_1     |   9|          2|    3|          6|
    |grp_fu_512_p0            |  26|          5|   26|        130|
    |grp_fu_512_p1            |  14|          3|   25|         75|
    |i_fu_198                 |   9|          2|    3|          6|
    +-------------------------+----+-----------+-----+-----------+
    |Total                    |  76|         16|   59|        221|
    +-------------------------+----+-----------+-----+-----------+

    * Register: 
    +----------------------------------+----+----+-----+-----------+
    |               Name               | FF | LUT| Bits| Const Bits|
    +----------------------------------+----+----+-----+-----------+
    |ap_CS_fsm                         |   1|   0|    1|          0|
    |ap_done_reg                       |   1|   0|    1|          0|
    |ap_enable_reg_pp0_iter1           |   1|   0|    1|          0|
    |ap_enable_reg_pp0_iter2           |   1|   0|    1|          0|
    |ap_enable_reg_pp0_iter3           |   1|   0|    1|          0|
    |ap_enable_reg_pp0_iter4           |   1|   0|    1|          0|
    |ap_loop_exit_ready_pp0_iter1_reg  |   1|   0|    1|          0|
    |ap_loop_exit_ready_pp0_iter2_reg  |   1|   0|    1|          0|
    |ap_loop_exit_ready_pp0_iter3_reg  |   1|   0|    1|          0|
    |ax_sum_reg_1083                   |  39|   0|   39|          0|
    |d_i_reg_1043                      |  25|   0|   25|          0|
    |i_1_reg_1000                      |   3|   0|    3|          0|
    |i_fu_198                          |   3|   0|    3|          0|
    |icmp_ln399_reg_1009               |   1|   0|    1|          0|
    |sel_tmp1_reg_1078                 |   4|   0|    4|          0|
    |sext_ln156_11_cast_reg_955        |  51|   0|   51|          0|
    |sext_ln156_12_cast_reg_945        |  51|   0|   51|          0|
    |sext_ln156_13_cast_reg_940        |  51|   0|   51|          0|
    |sext_ln156_14_cast_reg_935        |  51|   0|   51|          0|
    |sext_ln156_1_cast_reg_980         |  39|   0|   39|          0|
    |sext_ln156_2_cast_reg_975         |  39|   0|   39|          0|
    |sext_ln156_3_cast_reg_970         |  39|   0|   39|          0|
    |sext_ln156_4_cast_reg_965         |  39|   0|   39|          0|
    |sext_ln156_cast_reg_985           |  39|   0|   39|          0|
    |sext_ln422_cast_reg_960           |  39|   0|   39|          0|
    |sext_ln425_cast_reg_950           |  51|   0|   51|          0|
    |sext_ln436_cast_reg_930           |  51|   0|   51|          0|
    |zext_ln428_cast_reg_990           |   5|   0|   64|         59|
    |d_i_reg_1043                      |  64|  32|   25|          0|
    |i_1_reg_1000                      |  64|  32|    3|          0|
    |icmp_ln399_reg_1009               |  64|  32|    1|          0|
    |sel_tmp1_reg_1078                 |  64|  32|    4|          0|
    +----------------------------------+----+----+-----+-----------+
    |Total                             | 885| 128|  721|         59|
    +----------------------------------+----+----+-----+-----------+



================================================================
== Interface
================================================================
* Summary: 
+------------------------+-----+-----+------------+------------------------------------------------+--------------+
|        RTL Ports       | Dir | Bits|  Protocol  |                  Source Object                 |    C Type    |
+------------------------+-----+-----+------------+------------------------------------------------+--------------+
|ap_clk                  |   in|    1|  ap_ctrl_hs|  riccati_forward_pass_Pipeline_VITIS_LOOP_399_4|  return value|
|ap_rst                  |   in|    1|  ap_ctrl_hs|  riccati_forward_pass_Pipeline_VITIS_LOOP_399_4|  return value|
|ap_start                |   in|    1|  ap_ctrl_hs|  riccati_forward_pass_Pipeline_VITIS_LOOP_399_4|  return value|
|ap_done                 |  out|    1|  ap_ctrl_hs|  riccati_forward_pass_Pipeline_VITIS_LOOP_399_4|  return value|
|ap_idle                 |  out|    1|  ap_ctrl_hs|  riccati_forward_pass_Pipeline_VITIS_LOOP_399_4|  return value|
|ap_ready                |  out|    1|  ap_ctrl_hs|  riccati_forward_pass_Pipeline_VITIS_LOOP_399_4|  return value|
|grp_fu_3394_p_din0      |  out|   26|  ap_ctrl_hs|  riccati_forward_pass_Pipeline_VITIS_LOOP_399_4|  return value|
|grp_fu_3394_p_din1      |  out|   25|  ap_ctrl_hs|  riccati_forward_pass_Pipeline_VITIS_LOOP_399_4|  return value|
|grp_fu_3394_p_dout0     |   in|   51|  ap_ctrl_hs|  riccati_forward_pass_Pipeline_VITIS_LOOP_399_4|  return value|
|grp_fu_3394_p_ce        |  out|    1|  ap_ctrl_hs|  riccati_forward_pass_Pipeline_VITIS_LOOP_399_4|  return value|
|x_out_0_address1        |  out|    5|   ap_memory|                                         x_out_0|         array|
|x_out_0_ce1             |  out|    1|   ap_memory|                                         x_out_0|         array|
|x_out_0_we1             |  out|    1|   ap_memory|                                         x_out_0|         array|
|x_out_0_d1              |  out|   26|   ap_memory|                                         x_out_0|         array|
|zext_ln428              |   in|    5|     ap_none|                                      zext_ln428|        scalar|
|x_out_1_address1        |  out|    5|   ap_memory|                                         x_out_1|         array|
|x_out_1_ce1             |  out|    1|   ap_memory|                                         x_out_1|         array|
|x_out_1_we1             |  out|    1|   ap_memory|                                         x_out_1|         array|
|x_out_1_d1              |  out|   26|   ap_memory|                                         x_out_1|         array|
|x_out_2_address1        |  out|    5|   ap_memory|                                         x_out_2|         array|
|x_out_2_ce1             |  out|    1|   ap_memory|                                         x_out_2|         array|
|x_out_2_we1             |  out|    1|   ap_memory|                                         x_out_2|         array|
|x_out_2_d1              |  out|   26|   ap_memory|                                         x_out_2|         array|
|x_out_3_address1        |  out|    5|   ap_memory|                                         x_out_3|         array|
|x_out_3_ce1             |  out|    1|   ap_memory|                                         x_out_3|         array|
|x_out_3_we1             |  out|    1|   ap_memory|                                         x_out_3|         array|
|x_out_3_d1              |  out|   26|   ap_memory|                                         x_out_3|         array|
|x_out_4_address1        |  out|    5|   ap_memory|                                         x_out_4|         array|
|x_out_4_ce1             |  out|    1|   ap_memory|                                         x_out_4|         array|
|x_out_4_we1             |  out|    1|   ap_memory|                                         x_out_4|         array|
|x_out_4_d1              |  out|   26|   ap_memory|                                         x_out_4|         array|
|x_out_5_address1        |  out|    5|   ap_memory|                                         x_out_5|         array|
|x_out_5_ce1             |  out|    1|   ap_memory|                                         x_out_5|         array|
|x_out_5_we1             |  out|    1|   ap_memory|                                         x_out_5|         array|
|x_out_5_d1              |  out|   26|   ap_memory|                                         x_out_5|         array|
|mul_ln409_1             |   in|    7|     ap_none|                                     mul_ln409_1|        scalar|
|step_data_0_0_address0  |  out|    7|   ap_memory|                                   step_data_0_0|         array|
|step_data_0_0_ce0       |  out|    1|   ap_memory|                                   step_data_0_0|         array|
|step_data_0_0_q0        |   in|   26|   ap_memory|                                   step_data_0_0|         array|
|step_data_0_1_address0  |  out|    7|   ap_memory|                                   step_data_0_1|         array|
|step_data_0_1_ce0       |  out|    1|   ap_memory|                                   step_data_0_1|         array|
|step_data_0_1_q0        |   in|   26|   ap_memory|                                   step_data_0_1|         array|
|step_data_0_2_address0  |  out|    7|   ap_memory|                                   step_data_0_2|         array|
|step_data_0_2_ce0       |  out|    1|   ap_memory|                                   step_data_0_2|         array|
|step_data_0_2_q0        |   in|   26|   ap_memory|                                   step_data_0_2|         array|
|step_data_0_3_address0  |  out|    7|   ap_memory|                                   step_data_0_3|         array|
|step_data_0_3_ce0       |  out|    1|   ap_memory|                                   step_data_0_3|         array|
|step_data_0_3_q0        |   in|   26|   ap_memory|                                   step_data_0_3|         array|
|step_data_0_4_address0  |  out|    7|   ap_memory|                                   step_data_0_4|         array|
|step_data_0_4_ce0       |  out|    1|   ap_memory|                                   step_data_0_4|         array|
|step_data_0_4_q0        |   in|   26|   ap_memory|                                   step_data_0_4|         array|
|step_data_0_5_address0  |  out|    7|   ap_memory|                                   step_data_0_5|         array|
|step_data_0_5_ce0       |  out|    1|   ap_memory|                                   step_data_0_5|         array|
|step_data_0_5_q0        |   in|   26|   ap_memory|                                   step_data_0_5|         array|
|empty_564               |   in|   25|     ap_none|                                       empty_564|        scalar|
|empty_565               |   in|   25|     ap_none|                                       empty_565|        scalar|
|empty_566               |   in|   25|     ap_none|                                       empty_566|        scalar|
|empty_567               |   in|   25|     ap_none|                                       empty_567|        scalar|
|empty_568               |   in|   25|     ap_none|                                       empty_568|        scalar|
|empty                   |   in|   25|     ap_none|                                           empty|        scalar|
|sext_ln156              |   in|   26|     ap_none|                                      sext_ln156|        scalar|
|sext_ln156_1            |   in|   26|     ap_none|                                    sext_ln156_1|        scalar|
|sext_ln156_2            |   in|   26|     ap_none|                                    sext_ln156_2|        scalar|
|sext_ln156_3            |   in|   26|     ap_none|                                    sext_ln156_3|        scalar|
|sext_ln156_4            |   in|   26|     ap_none|                                    sext_ln156_4|        scalar|
|sext_ln422              |   in|   26|     ap_none|                                      sext_ln422|        scalar|
|sext_ln156_11           |   in|   26|     ap_none|                                   sext_ln156_11|        scalar|
|sext_ln425              |   in|   25|     ap_none|                                      sext_ln425|        scalar|
|sext_ln156_12           |   in|   26|     ap_none|                                   sext_ln156_12|        scalar|
|sext_ln156_13           |   in|   26|     ap_none|                                   sext_ln156_13|        scalar|
|sext_ln156_14           |   in|   26|     ap_none|                                   sext_ln156_14|        scalar|
|sext_ln436              |   in|   25|     ap_none|                                      sext_ln436|        scalar|
+------------------------+-----+-----+------------+------------------------------------------------+--------------+

