

================================================================
== Vitis HLS Report for 'sum6_MG_QP_raw'
================================================================
* Date:           Thu May 21 15:23:10 2026

* Version:        2025.2 (Build 6295257 on Nov 14 2025)
* Project:        mpc_fpga_top_opencl
* Solution:       hls (Vitis Kernel Flow Target)
* Product family: zynquplus
* Target device:  xck26-sfvc784-2LV-c


================================================================
== Performance Estimates
================================================================
+ Timing: 
    * Summary: 
    +--------+---------+----------+------------+
    |  Clock |  Target | Estimated| Uncertainty|
    +--------+---------+----------+------------+
    |ap_clk  |  5.00 ns|  1.883 ns|     0.50 ns|
    +--------+---------+----------+------------+

+ Latency: 
    * Summary: 
    +---------+---------+----------+----------+-----+-----+---------+
    |  Latency (cycles) |  Latency (absolute) |  Interval | Pipeline|
    |   min   |   max   |    min   |    max   | min | max |   Type  |
    +---------+---------+----------+----------+-----+-----+---------+
    |        0|        0|      0 ns|      0 ns|    1|    1|      yes|
    +---------+---------+----------+----------+-----+-----+---------+

    + Detail: 
        * Instance: 
        N/A

        * Loop: 
        N/A



================================================================
== Utilization Estimates
================================================================
* Summary: 
+-----------------+---------+------+--------+--------+-----+
|       Name      | BRAM_18K|  DSP |   FF   |   LUT  | URAM|
+-----------------+---------+------+--------+--------+-----+
|DSP              |        -|     -|       -|       -|    -|
|Expression       |        -|     -|       0|     267|    -|
|FIFO             |        -|     -|       -|       -|    -|
|Instance         |        -|     -|       -|       -|    -|
|Memory           |        -|     -|       -|       -|    -|
|Multiplexer      |        -|     -|       -|       -|    -|
|Register         |        -|     -|       -|       -|    -|
+-----------------+---------+------+--------+--------+-----+
|Total            |        0|     0|       0|     267|    0|
+-----------------+---------+------+--------+--------+-----+
|Available        |      288|  1248|  234240|  117120|   64|
+-----------------+---------+------+--------+--------+-----+
|Utilization (%)  |        0|     0|       0|      ~0|    0|
+-----------------+---------+------+--------+--------+-----+

+ Detail: 
    * Instance: 
    N/A

    * DSP: 
    N/A

    * Memory: 
    N/A

    * FIFO: 
    N/A

    * Expression: 
    +----------------------+----------+----+---+----+------------+------------+
    |     Variable Name    | Operation| DSP| FF| LUT| Bitwidth P0| Bitwidth P1|
    +----------------------+----------+----+---+----+------------+------------+
    |add_ln297_1_fu_74_p2  |         +|   0|  0|  52|          52|          52|
    |add_ln297_2_fu_80_p2  |         +|   0|  0|  52|          52|          52|
    |add_ln297_3_fu_86_p2  |         +|   0|  0|  52|          52|          52|
    |add_ln297_fu_68_p2    |         +|   0|  0|  59|          52|          52|
    |ap_return             |         +|   0|  0|  52|          52|          52|
    +----------------------+----------+----+---+----+------------+------------+
    |Total                 |          |   0|  0| 267|         260|         260|
    +----------------------+----------+----+---+----+------------+------------+

    * Multiplexer: 
    N/A

    * Register: 
    N/A



================================================================
== Interface
================================================================
* Summary: 
+-----------+-----+-----+------------+----------------+--------------+
| RTL Ports | Dir | Bits|  Protocol  |  Source Object |    C Type    |
+-----------+-----+-----+------------+----------------+--------------+
|ap_ready   |  out|    1|  ap_ctrl_hs|  sum6_MG_QP_raw|  return value|
|ap_return  |  out|   52|  ap_ctrl_hs|  sum6_MG_QP_raw|  return value|
|ap_rst     |   in|    1|  ap_ctrl_hs|  sum6_MG_QP_raw|  return value|
|a0         |   in|   52|     ap_none|              a0|        scalar|
|a1         |   in|   52|     ap_none|              a1|        scalar|
|a2         |   in|   52|     ap_none|              a2|        scalar|
|a3         |   in|   52|     ap_none|              a3|        scalar|
|a4         |   in|   52|     ap_none|              a4|        scalar|
|a5         |   in|   52|     ap_none|              a5|        scalar|
+-----------+-----+-----+------------+----------------+--------------+

