

================================================================
== Vitis HLS Report for 'sum8_P_MIX_raw_pupdate'
================================================================
* Date:           Thu May 21 15:23:11 2026

* Version:        2025.2 (Build 6295257 on Nov 14 2025)
* Project:        mpc_fpga_top_opencl
* Solution:       hls (Vitis Kernel Flow Target)
* Product family: zynquplus
* Target device:  xck26-sfvc784-2LV-c


================================================================
== Performance Estimates
================================================================
+ Timing: 
    * Summary: 
    +--------+---------+----------+------------+
    |  Clock |  Target | Estimated| Uncertainty|
    +--------+---------+----------+------------+
    |ap_clk  |  5.00 ns|  2.694 ns|     0.50 ns|
    +--------+---------+----------+------------+

+ Latency: 
    * Summary: 
    +---------+---------+----------+----------+-----+-----+---------+
    |  Latency (cycles) |  Latency (absolute) |  Interval | Pipeline|
    |   min   |   max   |    min   |    max   | min | max |   Type  |
    +---------+---------+----------+----------+-----+-----+---------+
    |        1|        1|  5.000 ns|  5.000 ns|    1|    1|      yes|
    +---------+---------+----------+----------+-----+-----+---------+

    + Detail: 
        * Instance: 
        N/A

        * Loop: 
        N/A



================================================================
== Utilization Estimates
================================================================
* Summary: 
+-----------------+---------+------+--------+--------+-----+
|       Name      | BRAM_18K|  DSP |   FF   |   LUT  | URAM|
+-----------------+---------+------+--------+--------+-----+
|DSP              |        -|     -|       -|       -|    -|
|Expression       |        -|     -|       0|     429|    -|
|FIFO             |        -|     -|       -|       -|    -|
|Instance         |        -|     -|       -|       -|    -|
|Memory           |        -|     -|       -|       -|    -|
|Multiplexer      |        -|     -|       -|       -|    -|
|Register         |        -|     -|      60|       -|    -|
+-----------------+---------+------+--------+--------+-----+
|Total            |        0|     0|      60|     429|    0|
+-----------------+---------+------+--------+--------+-----+
|Available        |      288|  1248|  234240|  117120|   64|
+-----------------+---------+------+--------+--------+-----+
|Utilization (%)  |        0|     0|      ~0|      ~0|    0|
+-----------------+---------+------+--------+--------+-----+

+ Detail: 
    * Instance: 
    N/A

    * DSP: 
    N/A

    * Memory: 
    N/A

    * FIFO: 
    N/A

    * Expression: 
    +-----------------------+----------+----+---+----+------------+------------+
    |     Variable Name     | Operation| DSP| FF| LUT| Bitwidth P0| Bitwidth P1|
    +-----------------------+----------+----+---+----+------------+------------+
    |add_ln257_1_fu_94_p2   |         +|   0|  0|  65|          58|          58|
    |add_ln257_2_fu_124_p2  |         +|   0|  0|  58|          58|          58|
    |add_ln257_3_fu_100_p2  |         +|   0|  0|  58|          58|          58|
    |add_ln257_4_fu_106_p2  |         +|   0|  0|  58|          58|          58|
    |add_ln257_5_fu_112_p2  |         +|   0|  0|  65|          58|          58|
    |add_ln257_6_fu_118_p2  |         +|   0|  0|  58|          58|          58|
    |add_ln257_fu_88_p2     |         +|   0|  0|  65|          58|          58|
    |ap_enable_pp0          |       xor|   0|  0|   2|           1|           2|
    +-----------------------+----------+----+---+----+------------+------------+
    |Total                  |          |   0|  0| 429|         407|         408|
    +-----------------------+----------+----+---+----+------------+------------+

    * Multiplexer: 
    N/A

    * Register: 
    +-------------------------+----+----+-----+-----------+
    |           Name          | FF | LUT| Bits| Const Bits|
    +-------------------------+----+----+-----+-----------+
    |add_ln257_2_reg_130      |  58|   0|   58|          0|
    |ap_CS_fsm                |   1|   0|    1|          0|
    |ap_enable_reg_pp0_iter1  |   1|   0|    1|          0|
    +-------------------------+----+----+-----+-----------+
    |Total                    |  60|   0|   60|          0|
    +-------------------------+----+----+-----+-----------+



================================================================
== Interface
================================================================
* Summary: 
+-----------+-----+-----+------------+------------------------+--------------+
| RTL Ports | Dir | Bits|  Protocol  |      Source Object     |    C Type    |
+-----------+-----+-----+------------+------------------------+--------------+
|ap_clk     |   in|    1|  ap_ctrl_hs|  sum8_P_MIX_raw_pupdate|  return value|
|ap_rst     |   in|    1|  ap_ctrl_hs|  sum8_P_MIX_raw_pupdate|  return value|
|ap_start   |   in|    1|  ap_ctrl_hs|  sum8_P_MIX_raw_pupdate|  return value|
|ap_done    |  out|    1|  ap_ctrl_hs|  sum8_P_MIX_raw_pupdate|  return value|
|ap_idle    |  out|    1|  ap_ctrl_hs|  sum8_P_MIX_raw_pupdate|  return value|
|ap_ready   |  out|    1|  ap_ctrl_hs|  sum8_P_MIX_raw_pupdate|  return value|
|ap_return  |  out|   58|  ap_ctrl_hs|  sum8_P_MIX_raw_pupdate|  return value|
|a0         |   in|   58|     ap_none|                      a0|        scalar|
|a1         |   in|   58|     ap_none|                      a1|        scalar|
|a2         |   in|   58|     ap_none|                      a2|        scalar|
|a3         |   in|   58|     ap_none|                      a3|        scalar|
|a4         |   in|   58|     ap_none|                      a4|        scalar|
|a5         |   in|   58|     ap_none|                      a5|        scalar|
|a6         |   in|   58|     ap_none|                      a6|        scalar|
|a7         |   in|   58|     ap_none|                      a7|        scalar|
+-----------+-----+-----+------------+------------------------+--------------+

