

================================================================
== Vitis HLS Report for 'compute_frenet_tire_hls'
================================================================
* Date:           Thu Jun 11 17:48:34 2026

* Version:        2025.2 (Build 6295257 on Nov 14 2025)
* Project:        mpc_fpga_top_opencl
* Solution:       hls (Vitis Kernel Flow Target)
* Product family: zynquplus
* Target device:  xck26-sfvc784-2LV-c


================================================================
== Performance Estimates
================================================================
+ Timing: 
    * Summary: 
    +--------+---------+----------+------------+
    |  Clock |  Target | Estimated| Uncertainty|
    +--------+---------+----------+------------+
    |ap_clk  |  5.00 ns|  4.376 ns|     0.50 ns|
    +--------+---------+----------+------------+

+ Latency: 
    * Summary: 
    +---------+---------+----------+----------+-----+-----+---------+
    |  Latency (cycles) |  Latency (absolute) |  Interval | Pipeline|
    |   min   |   max   |    min   |    max   | min | max |   Type  |
    +---------+---------+----------+----------+-----+-----+---------+
    |       49|       49|  0.245 us|  0.245 us|   50|   50|      yes|
    +---------+---------+----------+----------+-----+-----+---------+

    + Detail: 
        * Instance: 
        +---------------------------------------+----------------------------+---------+---------+-----------+-----------+-----+-----+---------+
        |                                       |                            |  Latency (cycles) |   Latency (absolute)  |  Interval | Pipeline|
        |                Instance               |           Module           |   min   |   max   |    min    |    max    | min | max |   Type  |
        +---------------------------------------+----------------------------+---------+---------+-----------+-----------+-----+-----+---------+
        |grp_fp_recip_fn_fu_144                 |fp_recip_fn                 |        5|        5|  25.000 ns|  25.000 ns|    1|    1|      yes|
        |grp_fp_slip_terms_fu_151               |fp_slip_terms               |        4|        4|  20.000 ns|  20.000 ns|    5|    5|      yes|
        |grp_compute_front_tire_path_fn_fu_158  |compute_front_tire_path_fn  |       32|       32|   0.160 us|   0.160 us|   33|   33|      yes|
        |grp_compute_rear_tire_path_fn_fu_179   |compute_rear_tire_path_fn   |       31|       31|   0.155 us|   0.155 us|   32|   32|      yes|
        |grp_fp_trig_pair_fused_fn_fu_199       |fp_trig_pair_fused_fn       |        8|        8|  40.000 ns|  40.000 ns|    9|    9|      yes|
        +---------------------------------------+----------------------------+---------+---------+-----------+-----------+-----+-----+---------+

        * Loop: 
        N/A



================================================================
== Utilization Estimates
================================================================
* Summary: 
+-----------------+---------+------+--------+--------+-----+
|       Name      | BRAM_18K|  DSP |   FF   |   LUT  | URAM|
+-----------------+---------+------+--------+--------+-----+
|DSP              |        -|     -|       -|       -|    -|
|Expression       |        -|     -|       0|     298|    -|
|FIFO             |        -|     -|       -|       -|    -|
|Instance         |       19|    63|    6872|   10413|    -|
|Memory           |        -|     -|       -|       -|    -|
|Multiplexer      |        -|     -|       0|     286|    -|
|Register         |        -|     -|     796|       -|    -|
+-----------------+---------+------+--------+--------+-----+
|Total            |       19|    63|    7668|   10997|    0|
+-----------------+---------+------+--------+--------+-----+
|Available        |      288|  1248|  234240|  117120|   64|
+-----------------+---------+------+--------+--------+-----+
|Utilization (%)  |        6|     5|       3|       9|    0|
+-----------------+---------+------+--------+--------+-----+

+ Detail: 
    * Instance: 
    +---------------------------------------+----------------------------+---------+----+------+------+-----+
    |                Instance               |           Module           | BRAM_18K| DSP|  FF  |  LUT | URAM|
    +---------------------------------------+----------------------------+---------+----+------+------+-----+
    |grp_compute_front_tire_path_fn_fu_158  |compute_front_tire_path_fn  |        7|  22|  2415|  3732|    0|
    |grp_compute_rear_tire_path_fn_fu_179   |compute_rear_tire_path_fn   |        7|  23|  2405|  3696|    0|
    |grp_fp_recip_fn_fu_144                 |fp_recip_fn                 |        1|   0|  1573|  2061|    0|
    |grp_fp_slip_terms_fu_151               |fp_slip_terms               |        0|   6|   305|   145|    0|
    |grp_fp_trig_pair_fused_fn_fu_199       |fp_trig_pair_fused_fn       |        4|   4|   156|   694|    0|
    |mul_20ns_20ns_40_3_1_U389              |mul_20ns_20ns_40_3_1        |        0|   2|     8|    11|    0|
    |mul_21s_11ns_32_1_1_U392               |mul_21s_11ns_32_1_1         |        0|   1|     0|    15|    0|
    |mul_21s_11ns_32_1_1_U393               |mul_21s_11ns_32_1_1         |        0|   1|     0|    15|    0|
    |mul_21s_13ns_33_1_1_U391               |mul_21s_13ns_33_1_1         |        0|   1|     0|    15|    0|
    |mul_21s_13ns_33_1_1_U394               |mul_21s_13ns_33_1_1         |        0|   1|     0|    15|    0|
    |mul_21s_21s_42_3_1_x_U390              |mul_21s_21s_42_3_1_x        |        0|   2|    10|    14|    0|
    +---------------------------------------+----------------------------+---------+----+------+------+-----+
    |Total                                  |                            |       19|  63|  6872| 10413|    0|
    +---------------------------------------+----------------------------+---------+----+------+------+-----+

    * DSP: 
    N/A

    * Memory: 
    N/A

    * FIFO: 
    N/A

    * Expression: 
    +----------------------+----------+----+---+----+------------+------------+
    |     Variable Name    | Operation| DSP| FF| LUT| Bitwidth P0| Bitwidth P1|
    +----------------------+----------+----+---+----+------------+------------+
    |D_f_fn_fu_453_p2      |         +|   0|  0|  21|          21|          21|
    |D_pac_r_fu_498_p2     |         +|   0|  0|  28|          21|          16|
    |add_ln363_fu_492_p2   |         +|   0|  0|  28|          21|          15|
    |add_ln380_fu_389_p2   |         +|   0|  0|  28|          21|          21|
    |add_ln382_fu_448_p2   |         +|   0|  0|  21|          21|          21|
    |rear_num2_fu_511_p2   |         +|   0|  0|  21|          21|          21|
    |D_pac_f_fu_468_p2     |         -|   0|  0|  28|          16|          21|
    |D_r_fn_fu_516_p2      |         -|   0|  0|  21|          21|          21|
    |sub_ln361_fu_462_p2   |         -|   0|  0|  28|          15|          21|
    |icmp_ln351_fu_270_p2  |      icmp|   0|  0|  28|          21|          12|
    |low_speed_fu_473_p2   |      icmp|   0|  0|  27|          20|          12|
    |value_fu_276_p3       |    select|   0|  0|  19|           1|          20|
    +----------------------+----------+----+---+----+------------+------------+
    |Total                 |          |   0|  0| 298|         220|         222|
    +----------------------+----------+----+---+----+------------+------------+

    * Multiplexer: 
    +---------------+-----+-----------+-----+-----------+
    |      Name     | LUT | Input Size| Bits| Total Bits|
    +---------------+-----+-----------+-----+-----------+
    |ap_NS_fsm      |  229|         51|    1|         51|
    |grp_fu_212_p0  |   31|          6|   21|        126|
    |grp_fu_212_p1  |   26|          5|   21|        105|
    +---------------+-----+-----------+-----+-----------+
    |Total          |  286|         62|   43|        282|
    +---------------+-----+-----------+-----+-----------+

    * Register: 
    +----------------------------------------------------+----+----+-----+-----------+
    |                        Name                        | FF | LUT| Bits| Const Bits|
    +----------------------------------------------------+----+----+-----+-----------+
    |D_f_fn_reg_803                                      |  21|   0|   21|          0|
    |D_pac_f_reg_814                                     |  21|   0|   21|          0|
    |D_pac_r_reg_836                                     |  21|   0|   21|          0|
    |D_r_fn_reg_841                                      |  21|   0|   21|          0|
    |a_cmd_fn_reg_681                                    |  21|   0|   21|          0|
    |add_ln363_reg_831                                   |  21|   0|   21|          0|
    |add_ln380_reg_755                                   |  21|   0|   21|          0|
    |ap_CS_fsm                                           |  50|   0|   50|          0|
    |ap_port_reg_delta                                   |  14|   0|   14|          0|
    |ap_port_reg_omega                                   |  23|   0|   23|          0|
    |ap_port_reg_vy                                      |  23|   0|   23|          0|
    |delta_fn_reg_825                                    |  12|   0|   12|          0|
    |front_num_reg_771                                   |  21|   0|   21|          0|
    |front_ratio_reg_781                                 |  21|   0|   21|          0|
    |grp_compute_front_tire_path_fn_fu_158_ap_start_reg  |   1|   0|    1|          0|
    |grp_compute_rear_tire_path_fn_fu_179_ap_start_reg   |   1|   0|    1|          0|
    |grp_fp_slip_terms_fu_151_ap_start_reg               |   1|   0|    1|          0|
    |grp_fp_trig_pair_fused_fn_fu_199_ap_start_reg       |   1|   0|    1|          0|
    |low_speed_reg_819                                   |   1|   0|    1|          0|
    |lr_omega_reg_766                                    |  21|   0|   21|          0|
    |product_q_93_reg_699                                |  21|   0|   21|          0|
    |product_q_94_reg_729                                |  20|   0|   20|          0|
    |product_q_95_reg_740                                |  20|   0|   20|          0|
    |product_q_96_reg_745                                |  21|   0|   21|          0|
    |product_q_reg_750                                   |  21|   0|   21|          0|
    |rear_num_reg_776                                    |  21|   0|   21|          0|
    |rear_ratio_reg_786                                  |  21|   0|   21|          0|
    |ref_tmp_i_reg_761                                   |  20|   0|   20|          0|
    |reg_236                                             |  21|   0|   21|          0|
    |sext_ln574_64_reg_791                               |  42|   0|   42|          0|
    |sext_ln574_65_reg_797                               |  42|   0|   42|          0|
    |sext_ln574_reg_734                                  |  42|   0|   42|          0|
    |sext_ln591_21_reg_694                               |  33|   0|   33|          0|
    |sext_ln591_reg_724                                  |  32|   0|   32|          0|
    |sub_ln361_reg_808                                   |  21|   0|   21|          0|
    |value_reg_686                                       |  20|   0|   20|          0|
    |vy_fn_reg_713                                       |  21|   0|   21|          0|
    |zext_ln352_reg_718                                  |  20|   0|   21|          1|
    +----------------------------------------------------+----+----+-----+-----------+
    |Total                                               | 796|   0|  797|          1|
    +----------------------------------------------------+----+----+-----+-----------+



================================================================
== Interface
================================================================
* Summary: 
+--------------+-----+-----+------------+-------------------------+--------------+
|   RTL Ports  | Dir | Bits|  Protocol  |      Source Object      |    C Type    |
+--------------+-----+-----+------------+-------------------------+--------------+
|ap_clk        |   in|    1|  ap_ctrl_hs|  compute_frenet_tire_hls|  return value|
|ap_rst        |   in|    1|  ap_ctrl_hs|  compute_frenet_tire_hls|  return value|
|ap_start      |   in|    1|  ap_ctrl_hs|  compute_frenet_tire_hls|  return value|
|ap_done       |  out|    1|  ap_ctrl_hs|  compute_frenet_tire_hls|  return value|
|ap_idle       |  out|    1|  ap_ctrl_hs|  compute_frenet_tire_hls|  return value|
|ap_ready      |  out|    1|  ap_ctrl_hs|  compute_frenet_tire_hls|  return value|
|ap_return_0   |  out|   21|  ap_ctrl_hs|  compute_frenet_tire_hls|  return value|
|ap_return_1   |  out|   21|  ap_ctrl_hs|  compute_frenet_tire_hls|  return value|
|ap_return_2   |  out|   21|  ap_ctrl_hs|  compute_frenet_tire_hls|  return value|
|ap_return_3   |  out|   21|  ap_ctrl_hs|  compute_frenet_tire_hls|  return value|
|ap_return_4   |  out|   21|  ap_ctrl_hs|  compute_frenet_tire_hls|  return value|
|ap_return_5   |  out|   21|  ap_ctrl_hs|  compute_frenet_tire_hls|  return value|
|ap_return_6   |  out|   21|  ap_ctrl_hs|  compute_frenet_tire_hls|  return value|
|ap_return_7   |  out|   21|  ap_ctrl_hs|  compute_frenet_tire_hls|  return value|
|ap_return_8   |  out|   21|  ap_ctrl_hs|  compute_frenet_tire_hls|  return value|
|ap_return_9   |  out|   21|  ap_ctrl_hs|  compute_frenet_tire_hls|  return value|
|ap_return_10  |  out|   21|  ap_ctrl_hs|  compute_frenet_tire_hls|  return value|
|ap_return_11  |  out|   21|  ap_ctrl_hs|  compute_frenet_tire_hls|  return value|
|ap_return_12  |  out|   21|  ap_ctrl_hs|  compute_frenet_tire_hls|  return value|
|ap_return_13  |  out|   21|  ap_ctrl_hs|  compute_frenet_tire_hls|  return value|
|ap_return_14  |  out|   21|  ap_ctrl_hs|  compute_frenet_tire_hls|  return value|
|ap_return_15  |  out|   21|  ap_ctrl_hs|  compute_frenet_tire_hls|  return value|
|ap_return_16  |  out|   21|  ap_ctrl_hs|  compute_frenet_tire_hls|  return value|
|vx            |   in|   23|     ap_none|                       vx|        scalar|
|vy            |   in|   23|     ap_none|                       vy|        scalar|
|omega         |   in|   23|     ap_none|                    omega|        scalar|
|delta         |   in|   14|     ap_none|                    delta|        scalar|
|a_cmd         |   in|   23|     ap_none|                    a_cmd|        scalar|
+--------------+-----+-----+------------+-------------------------+--------------+

