

================================================================
== Vitis HLS Report for 'compute_B_steering'
================================================================
* Date:           Thu Jun 11 17:48:34 2026

* Version:        2025.2 (Build 6295257 on Nov 14 2025)
* Project:        mpc_fpga_top_opencl
* Solution:       hls (Vitis Kernel Flow Target)
* Product family: zynquplus
* Target device:  xck26-sfvc784-2LV-c


================================================================
== Performance Estimates
================================================================
+ Timing: 
    * Summary: 
    +--------+---------+----------+------------+
    |  Clock |  Target | Estimated| Uncertainty|
    +--------+---------+----------+------------+
    |ap_clk  |  5.00 ns|  4.210 ns|     0.50 ns|
    +--------+---------+----------+------------+

+ Latency: 
    * Summary: 
    +---------+---------+-----------+-----------+-----+-----+---------+
    |  Latency (cycles) |   Latency (absolute)  |  Interval | Pipeline|
    |   min   |   max   |    min    |    max    | min | max |   Type  |
    +---------+---------+-----------+-----------+-----+-----+---------+
    |        9|        9|  45.000 ns|  45.000 ns|   10|   10|      yes|
    +---------+---------+-----------+-----------+-----+-----+---------+

    + Detail: 
        * Instance: 
        N/A

        * Loop: 
        N/A



================================================================
== Utilization Estimates
================================================================
* Summary: 
+-----------------+---------+------+--------+--------+-----+
|       Name      | BRAM_18K|  DSP |   FF   |   LUT  | URAM|
+-----------------+---------+------+--------+--------+-----+
|DSP              |        -|     -|       -|       -|    -|
|Expression       |        -|     -|       0|     194|    -|
|FIFO             |        -|     -|       -|       -|    -|
|Instance         |        -|     7|      30|      87|    -|
|Memory           |        -|     -|       -|       -|    -|
|Multiplexer      |        -|     -|       0|     127|    -|
|Register         |        -|     -|     583|       -|    -|
+-----------------+---------+------+--------+--------+-----+
|Total            |        0|     7|     613|     408|    0|
+-----------------+---------+------+--------+--------+-----+
|Available        |      288|  1248|  234240|  117120|   64|
+-----------------+---------+------+--------+--------+-----+
|Utilization (%)  |        0|    ~0|      ~0|      ~0|    0|
+-----------------+---------+------+--------+--------+-----+

+ Detail: 
    * Instance: 
    +---------------------------+----------------------+---------+----+----+----+-----+
    |          Instance         |        Module        | BRAM_18K| DSP| FF | LUT| URAM|
    +---------------------------+----------------------+---------+----+----+----+-----+
    |mul_21s_11ns_32_3_1_U487   |mul_21s_11ns_32_3_1   |        0|   1|  10|  14|    0|
    |mul_21s_11ns_32_3_1_U488   |mul_21s_11ns_32_3_1   |        0|   1|  10|  14|    0|
    |mul_21s_21s_42_3_1_x_U484  |mul_21s_21s_42_3_1_x  |        0|   2|  10|  14|    0|
    |mul_21s_7ns_28_1_1_U485    |mul_21s_7ns_28_1_1    |        0|   1|   0|  15|    0|
    |mul_21s_7ns_28_1_1_U486    |mul_21s_7ns_28_1_1    |        0|   1|   0|  15|    0|
    |mul_21s_7s_28_1_1_U489     |mul_21s_7s_28_1_1     |        0|   1|   0|  15|    0|
    +---------------------------+----------------------+---------+----+----+----+-----+
    |Total                      |                      |        0|   7|  30|  87|    0|
    +---------------------------+----------------------+---------+----+----+----+-----+

    * DSP: 
    N/A

    * Memory: 
    N/A

    * FIFO: 
    N/A

    * Expression: 
    +-------------------------+----------+----+---+----+------------+------------+
    |      Variable Name      | Operation| DSP| FF| LUT| Bitwidth P0| Bitwidth P1|
    +-------------------------+----------+----+---+----+------------+------------+
    |add_ln512_fu_248_p2      |         +|   0|  0|  28|          21|          21|
    |sub_ln518_fu_190_p2      |         -|   0|  0|  24|          17|          17|
    |value_214_fu_200_p2      |         -|   0|  0|  28|          21|          21|
    |value_fu_196_p2          |         -|   0|  0|  28|          21|          21|
    |use_front_raw_fu_118_p2  |      icmp|   0|  0|  28|          21|          21|
    |select_ln512_fu_241_p3   |    select|   0|  0|  20|           1|          21|
    |select_ln518_fu_161_p3   |    select|   0|  0|  20|           1|          21|
    |select_ln524_fu_308_p3   |    select|   0|  0|  18|           1|          19|
    +-------------------------+----------+----+---+----+------------+------------+
    |Total                    |          |   0|  0| 194|         104|         162|
    +-------------------------+----------+----+---+----+------------+------------+

    * Multiplexer: 
    +--------------+----+-----------+-----+-----------+
    |     Name     | LUT| Input Size| Bits| Total Bits|
    +--------------+----+-----------+-----+-----------+
    |ap_NS_fsm     |  59|         11|    1|         11|
    |grp_fu_94_p0  |  31|          6|   21|        126|
    |grp_fu_94_p1  |  37|          7|   21|        147|
    +--------------+----+-----------+-----+-----------+
    |Total         | 127|         24|   43|        284|
    +--------------+----+-----------+-----+-----------+

    * Register: 
    +---------------------------------+----+----+-----+-----------+
    |               Name              | FF | LUT| Bits| Const Bits|
    +---------------------------------+----+----+-----+-----------+
    |add_ln512_reg_429                |  21|   0|   21|          0|
    |ap_CS_fsm                        |  10|   0|   10|          0|
    |ap_port_reg_tr_C_min_f_val       |  21|   0|   21|          0|
    |ap_port_reg_tr_F_yf_val          |  21|   0|   21|          0|
    |ap_port_reg_tr_sin_delta_val     |  21|   0|   21|          0|
    |mul_ln574_51_reg_419             |  42|   0|   42|          0|
    |mul_ln574_reg_399                |  42|   0|   42|          0|
    |product_q_104_reg_376            |  21|   0|   21|          0|
    |product_q_105_reg_382            |  21|   0|   21|          0|
    |product_q_106_reg_388            |  21|   0|   21|          0|
    |product_q_107_reg_394            |  16|   0|   16|          0|
    |sext_ln574_66_reg_364            |  42|   0|   42|          0|
    |sext_ln574_67_reg_358            |  42|   0|   42|          0|
    |sext_ln574_68_reg_370            |  42|   0|   42|          0|
    |sext_ln574_69_reg_346            |  42|   0|   42|          0|
    |sext_ln574_reg_341               |  42|   0|   42|          0|
    |sub_ln518_reg_404                |  17|   0|   17|          0|
    |tmp_15_reg_444                   |  19|   0|   19|          0|
    |tr_C_eff_f_raw_val_read_reg_336  |  21|   0|   21|          0|
    |trunc_ln512_2_reg_439            |  16|   0|   16|          0|
    |use_front_raw_reg_351            |   1|   0|    1|          0|
    |value_214_reg_414                |  21|   0|   21|          0|
    |value_reg_409                    |  21|   0|   21|          0|
    +---------------------------------+----+----+-----+-----------+
    |Total                            | 583|   0|  583|          0|
    +---------------------------------+----+----+-----+-----------+



================================================================
== Interface
================================================================
* Summary: 
+--------------------+-----+-----+------------+--------------------+--------------+
|      RTL Ports     | Dir | Bits|  Protocol  |    Source Object   |    C Type    |
+--------------------+-----+-----+------------+--------------------+--------------+
|ap_clk              |   in|    1|  ap_ctrl_hs|  compute_B_steering|  return value|
|ap_rst              |   in|    1|  ap_ctrl_hs|  compute_B_steering|  return value|
|ap_start            |   in|    1|  ap_ctrl_hs|  compute_B_steering|  return value|
|ap_done             |  out|    1|  ap_ctrl_hs|  compute_B_steering|  return value|
|ap_idle             |  out|    1|  ap_ctrl_hs|  compute_B_steering|  return value|
|ap_ready            |  out|    1|  ap_ctrl_hs|  compute_B_steering|  return value|
|ap_return_0         |  out|   21|  ap_ctrl_hs|  compute_B_steering|  return value|
|ap_return_1         |  out|   21|  ap_ctrl_hs|  compute_B_steering|  return value|
|ap_return_2         |  out|   21|  ap_ctrl_hs|  compute_B_steering|  return value|
|tr_C_eff_f_raw_val  |   in|   21|     ap_none|  tr_C_eff_f_raw_val|        scalar|
|tr_C_min_f_val      |   in|   21|     ap_none|      tr_C_min_f_val|        scalar|
|tr_F_yf_val         |   in|   21|     ap_none|         tr_F_yf_val|        scalar|
|tr_sin_delta_val    |   in|   21|     ap_none|    tr_sin_delta_val|        scalar|
|tr_cos_delta_val    |   in|   21|     ap_none|    tr_cos_delta_val|        scalar|
+--------------------+-----+-----+------------+--------------------+--------------+

