

================================================================
== Vitis HLS Report for 'compute_stage_shared_products'
================================================================
* Date:           Thu May 21 15:23:09 2026

* Version:        2025.2 (Build 6295257 on Nov 14 2025)
* Project:        mpc_fpga_top_opencl
* Solution:       hls (Vitis Kernel Flow Target)
* Product family: zynquplus
* Target device:  xck26-sfvc784-2LV-c


================================================================
== Performance Estimates
================================================================
+ Timing: 
    * Summary: 
    +--------+---------+----------+------------+
    |  Clock |  Target | Estimated| Uncertainty|
    +--------+---------+----------+------------+
    |ap_clk  |  5.00 ns|  2.155 ns|     0.50 ns|
    +--------+---------+----------+------------+

+ Latency: 
    * Summary: 
    +---------+---------+-----------+-----------+-----+-----+---------+
    |  Latency (cycles) |   Latency (absolute)  |  Interval | Pipeline|
    |   min   |   max   |    min    |    max    | min | max |   Type  |
    +---------+---------+-----------+-----------+-----+-----+---------+
    |       19|       19|  95.000 ns|  95.000 ns|   20|   20|      yes|
    +---------+---------+-----------+-----------+-----+-----+---------+

    + Detail: 
        * Instance: 
        N/A

        * Loop: 
        N/A



================================================================
== Utilization Estimates
================================================================
* Summary: 
+-----------------+---------+------+--------+--------+-----+
|       Name      | BRAM_18K|  DSP |   FF   |   LUT  | URAM|
+-----------------+---------+------+--------+--------+-----+
|DSP              |        -|     -|       -|       -|    -|
|Expression       |        -|     -|       0|     252|    -|
|FIFO             |        -|     -|       -|       -|    -|
|Instance         |        -|    13|     671|     319|    -|
|Memory           |        -|     -|       -|       -|    -|
|Multiplexer      |        -|     -|       0|     182|    -|
|Register         |        -|     -|     839|       -|    -|
+-----------------+---------+------+--------+--------+-----+
|Total            |        0|    13|    1510|     753|    0|
+-----------------+---------+------+--------+--------+-----+
|Available        |      288|  1248|  234240|  117120|   64|
+-----------------+---------+------+--------+--------+-----+
|Utilization (%)  |        0|     1|      ~0|      ~0|    0|
+-----------------+---------+------+--------+--------+-----+

+ Detail: 
    * Instance: 
    +---------------------------+----------------------+---------+----+----+----+-----+
    |          Instance         |        Module        | BRAM_18K| DSP| FF | LUT| URAM|
    +---------------------------+----------------------+---------+----+----+----+-----+
    |mul_26s_12ns_38_4_1_U468   |mul_26s_12ns_38_4_1   |        0|   1|  61|  29|    0|
    |mul_26s_12ns_38_4_1_U469   |mul_26s_12ns_38_4_1   |        0|   1|  61|  29|    0|
    |mul_26s_12ns_38_4_1_U470   |mul_26s_12ns_38_4_1   |        0|   1|  61|  29|    0|
    |mul_26s_16ns_42_4_1_U465   |mul_26s_16ns_42_4_1   |        0|   1|  61|  29|    0|
    |mul_26s_16ns_42_4_1_U466   |mul_26s_16ns_42_4_1   |        0|   1|  61|  29|    0|
    |mul_26s_16ns_42_4_1_U467   |mul_26s_16ns_42_4_1   |        0|   1|  61|  29|    0|
    |mul_26s_16ns_42_4_1_U471   |mul_26s_16ns_42_4_1   |        0|   1|  61|  29|    0|
    |mul_26s_16ns_42_4_1_U472   |mul_26s_16ns_42_4_1   |        0|   1|  61|  29|    0|
    |mul_26s_16ns_42_4_1_U473   |mul_26s_16ns_42_4_1   |        0|   1|  61|  29|    0|
    |mul_26s_20ns_46_4_1_U464   |mul_26s_20ns_46_4_1   |        0|   2|  61|  29|    0|
    |mul_26s_26s_43_4_1_x_U463  |mul_26s_26s_43_4_1_x  |        0|   2|  61|  29|    0|
    +---------------------------+----------------------+---------+----+----+----+-----+
    |Total                      |                      |        0|  13| 671| 319|    0|
    +---------------------------+----------------------+---------+----+----+----+-----+

    * DSP: 
    N/A

    * Memory: 
    N/A

    * FIFO: 
    N/A

    * Expression: 
    +---------------------+----------+----+---+----+------------+------------+
    |    Variable Name    | Operation| DSP| FF| LUT| Bitwidth P0| Bitwidth P1|
    +---------------------+----------+----+---+----+------------+------------+
    |sub_ln466_fu_395_p2  |         -|   0|  0|  29|           1|          22|
    |sub_ln467_fu_405_p2  |         -|   0|  0|  29|           1|          22|
    |sub_ln468_fu_415_p2  |         -|   0|  0|  29|           1|          22|
    |sub_ln477_fu_425_p2  |         -|   0|  0|  33|           1|          26|
    |sub_ln478_fu_430_p2  |         -|   0|  0|  33|           1|          26|
    |sub_ln486_fu_464_p2  |         -|   0|  0|  33|           1|          26|
    |sub_ln487_fu_470_p2  |         -|   0|  0|  33|           1|          26|
    |sub_ln488_fu_476_p2  |         -|   0|  0|  33|           1|          26|
    +---------------------+----------+----+---+----+------------+------------+
    |Total                |          |   0|  0| 252|           8|         196|
    +---------------------+----------+----+---+----+------------+------------+

    * Multiplexer: 
    +---------------+-----+-----------+-----+-----------+
    |      Name     | LUT | Input Size| Bits| Total Bits|
    +---------------+-----+-----------+-----+-----------+
    |ap_NS_fsm      |  106|         21|    1|         21|
    |grp_fu_158_p0  |   31|          6|   26|        156|
    |grp_fu_158_p1  |   31|          6|   26|        156|
    |grp_fu_162_p0  |   14|          3|   26|         78|
    +---------------+-----+-----------+-----+-----------+
    |Total          |  182|         36|   79|        411|
    +---------------+-----+-----------+-----+-----------+

    * Register: 
    +-----------------------------+----+----+-----+-----------+
    |             Name            | FF | LUT| Bits| Const Bits|
    +-----------------------------+----+----+-----+-----------+
    |ap_CS_fsm                    |  20|   0|   20|          0|
    |ap_port_reg_conv_i_i_i_i425  |  26|   0|   26|          0|
    |ap_port_reg_conv_i_i_i_i574  |  26|   0|   26|          0|
    |ap_port_reg_p_0_0_04261      |  26|   0|   26|          0|
    |ap_port_reg_tr_dFyf_dom_val  |  26|   0|   26|          0|
    |ap_port_reg_tr_dFyf_dvy_val  |  26|   0|   26|          0|
    |ap_port_reg_tr_dFyr_dom_val  |  26|   0|   26|          0|
    |ap_port_reg_tr_dFyr_dvx_val  |  26|   0|   26|          0|
    |ap_port_reg_tr_dFyr_dvy_val  |  26|   0|   26|          0|
    |product_q_71_reg_596         |  26|   0|   26|          0|
    |product_q_72_reg_601         |  26|   0|   26|          0|
    |product_q_73_reg_689         |  21|   0|   21|          0|
    |product_q_74_reg_699         |  21|   0|   21|          0|
    |product_q_75_reg_709         |  21|   0|   21|          0|
    |product_q_76_reg_606         |  26|   0|   26|          0|
    |product_q_77_reg_617         |  26|   0|   26|          0|
    |product_q_78_reg_628         |  26|   0|   26|          0|
    |product_q_79_reg_639         |  26|   0|   26|          0|
    |product_q_80_reg_649         |  26|   0|   26|          0|
    |product_q_81_reg_719         |  25|   0|   25|          0|
    |product_q_82_reg_724         |  25|   0|   25|          0|
    |product_q_84_reg_664         |  25|   0|   25|          0|
    |product_q_85_reg_674         |  25|   0|   25|          0|
    |product_q_86_reg_684         |  25|   0|   25|          0|
    |product_q_reg_586            |  26|   0|   26|          0|
    |sext_ln671_66_reg_568        |  43|   0|   43|          0|
    |sext_ln671_67_reg_574        |  43|   0|   43|          0|
    |sext_ln671_68_reg_580        |  43|   0|   43|          0|
    |sext_ln671_72_reg_591        |  43|   0|   43|          0|
    |sext_ln671_reg_563           |  43|   0|   43|          0|
    +-----------------------------+----+----+-----+-----------+
    |Total                        | 839|   0|  839|          0|
    +-----------------------------+----+----+-----+-----------+



================================================================
== Interface
================================================================
* Summary: 
+-----------------+-----+-----+------------+-------------------------------+--------------+
|    RTL Ports    | Dir | Bits|  Protocol  |         Source Object         |    C Type    |
+-----------------+-----+-----+------------+-------------------------------+--------------+
|ap_clk           |   in|    1|  ap_ctrl_hs|  compute_stage_shared_products|  return value|
|ap_rst           |   in|    1|  ap_ctrl_hs|  compute_stage_shared_products|  return value|
|ap_start         |   in|    1|  ap_ctrl_hs|  compute_stage_shared_products|  return value|
|ap_done          |  out|    1|  ap_ctrl_hs|  compute_stage_shared_products|  return value|
|ap_idle          |  out|    1|  ap_ctrl_hs|  compute_stage_shared_products|  return value|
|ap_ready         |  out|    1|  ap_ctrl_hs|  compute_stage_shared_products|  return value|
|ap_return_0      |  out|   26|  ap_ctrl_hs|  compute_stage_shared_products|  return value|
|ap_return_1      |  out|   26|  ap_ctrl_hs|  compute_stage_shared_products|  return value|
|ap_return_2      |  out|   26|  ap_ctrl_hs|  compute_stage_shared_products|  return value|
|ap_return_3      |  out|   26|  ap_ctrl_hs|  compute_stage_shared_products|  return value|
|ap_return_4      |  out|   26|  ap_ctrl_hs|  compute_stage_shared_products|  return value|
|ap_return_5      |  out|   26|  ap_ctrl_hs|  compute_stage_shared_products|  return value|
|ap_return_6      |  out|   26|  ap_ctrl_hs|  compute_stage_shared_products|  return value|
|ap_return_7      |  out|   26|  ap_ctrl_hs|  compute_stage_shared_products|  return value|
|ap_return_8      |  out|   26|  ap_ctrl_hs|  compute_stage_shared_products|  return value|
|ap_return_9      |  out|   26|  ap_ctrl_hs|  compute_stage_shared_products|  return value|
|ap_return_10     |  out|   26|  ap_ctrl_hs|  compute_stage_shared_products|  return value|
|ap_return_11     |  out|   26|  ap_ctrl_hs|  compute_stage_shared_products|  return value|
|ap_return_12     |  out|   26|  ap_ctrl_hs|  compute_stage_shared_products|  return value|
|ap_return_13     |  out|   26|  ap_ctrl_hs|  compute_stage_shared_products|  return value|
|tr_dFyf_dvx_val  |   in|   26|     ap_none|                tr_dFyf_dvx_val|        scalar|
|tr_dFyf_dvy_val  |   in|   26|     ap_none|                tr_dFyf_dvy_val|        scalar|
|tr_dFyf_dom_val  |   in|   26|     ap_none|                tr_dFyf_dom_val|        scalar|
|tr_dFyr_dvx_val  |   in|   26|     ap_none|                tr_dFyr_dvx_val|        scalar|
|tr_dFyr_dvy_val  |   in|   26|     ap_none|                tr_dFyr_dvy_val|        scalar|
|tr_dFyr_dom_val  |   in|   26|     ap_none|                tr_dFyr_dom_val|        scalar|
|p_0_0_04262      |   in|   26|     ap_none|                    p_0_0_04262|        scalar|
|p_0_0_04261      |   in|   26|     ap_none|                    p_0_0_04261|        scalar|
|conv_i_i_i_i425  |   in|   26|     ap_none|                conv_i_i_i_i425|        scalar|
|conv_i_i_i_i574  |   in|   26|     ap_none|                conv_i_i_i_i574|        scalar|
+-----------------+-----+-----+------------+-------------------------------+--------------+

