

================================================================
== Vitis HLS Report for 'fp_recip_fn'
================================================================
* Date:           Thu May 21 15:23:08 2026

* Version:        2025.2 (Build 6295257 on Nov 14 2025)
* Project:        mpc_fpga_top_opencl
* Solution:       hls (Vitis Kernel Flow Target)
* Product family: zynquplus
* Target device:  xck26-sfvc784-2LV-c


================================================================
== Performance Estimates
================================================================
+ Timing: 
    * Summary: 
    +--------+---------+----------+------------+
    |  Clock |  Target | Estimated| Uncertainty|
    +--------+---------+----------+------------+
    |ap_clk  |  5.00 ns|  4.351 ns|     0.50 ns|
    +--------+---------+----------+------------+

+ Latency: 
    * Summary: 
    +---------+---------+-----------+-----------+-----+-----+---------+
    |  Latency (cycles) |   Latency (absolute)  |  Interval | Pipeline|
    |   min   |   max   |    min    |    max    | min | max |   Type  |
    +---------+---------+-----------+-----------+-----+-----+---------+
    |        6|        6|  30.000 ns|  30.000 ns|    1|    1|      yes|
    +---------+---------+-----------+-----------+-----+-----+---------+

    + Detail: 
        * Instance: 
        N/A

        * Loop: 
        N/A



================================================================
== Utilization Estimates
================================================================
* Summary: 
+-----------------+---------+------+--------+--------+-----+
|       Name      | BRAM_18K|  DSP |   FF   |   LUT  | URAM|
+-----------------+---------+------+--------+--------+-----+
|DSP              |        -|     -|       -|       -|    -|
|Expression       |        -|     -|       0|    1749|    -|
|FIFO             |        -|     -|       -|       -|    -|
|Instance         |        -|     1|       0|      51|    -|
|Memory           |        1|     -|       0|       0|    -|
|Multiplexer      |        -|     -|       0|      14|    -|
|Register         |        -|     -|    2033|     896|    -|
+-----------------+---------+------+--------+--------+-----+
|Total            |        1|     1|    2033|    2710|    0|
+-----------------+---------+------+--------+--------+-----+
|Available        |      288|  1248|  234240|  117120|   64|
+-----------------+---------+------+--------+--------+-----+
|Utilization (%)  |       ~0|    ~0|      ~0|       2|    0|
+-----------------+---------+------+--------+--------+-----+

+ Detail: 
    * Instance: 
    +---------------------------+----------------------+---------+----+---+----+-----+
    |          Instance         |        Module        | BRAM_18K| DSP| FF| LUT| URAM|
    +---------------------------+----------------------+---------+----+---+----+-----+
    |ctlz_26_26_1_0_U302        |ctlz_26_26_1_0        |        0|   0|  0|  36|    0|
    |mul_19s_8ns_27_1_0_U303    |mul_19s_8ns_27_1_0    |        0|   1|  0|   6|    0|
    |sparsemux_7_2_23_1_0_U304  |sparsemux_7_2_23_1_0  |        0|   0|  0|   9|    0|
    +---------------------------+----------------------+---------+----+---+----+-----+
    |Total                      |                      |        0|   1|  0|  51|    0|
    +---------------------------+----------------------+---------+----+---+----+-----+

    * DSP: 
    N/A

    * Memory: 
    +----------------+-----------------------------------------+---------+---+----+-----+------+-----+------+-------------+
    |     Memory     |                  Module                 | BRAM_18K| FF| LUT| URAM| Words| Bits| Banks| W*Bits*Banks|
    +----------------+-----------------------------------------+---------+---+----+-----+------+-----+------+-------------+
    |recip_lut_fn_U  |fp_recip_fn_recip_lut_fn_ROM_2P_BRAM_1R  |        1|  0|   0|    0|   257|   19|     1|         4883|
    +----------------+-----------------------------------------+---------+---+----+-----+------+-----+------+-------------+
    |Total           |                                         |        1|  0|   0|    0|   257|   19|     1|         4883|
    +----------------+-----------------------------------------+---------+---+----+-----+------+-----+------+-------------+

    * FIFO: 
    N/A

    * Expression: 
    +----------------------------+----------+----+---+----+------------+------------+
    |        Variable Name       | Operation| DSP| FF| LUT| Bitwidth P0| Bitwidth P1|
    +----------------------------+----------+----+---+----+------------+------------+
    |add_ln822_fu_387_p2         |         +|   0|  0|  13|           6|           6|
    |add_ln860_fu_1259_p2        |         +|   0|  0|  16|           9|           1|
    |add_ln862_fu_1303_p2        |         +|   0|  0|  26|          19|          19|
    |est_raw_fu_1307_p2          |         +|   0|  0|  27|          20|          20|
    |shift_2_fu_642_p2           |         +|   0|  0|  13|           6|           1|
    |shift_fu_365_p2             |         +|   0|  0|  13|           6|           6|
    |abs_raw_signed_fu_327_p2    |         -|   0|  0|  33|           1|          26|
    |msb_fu_353_p2               |         -|   0|  0|  13|           5|           6|
    |out_fu_1867_p4              |         -|   0|  0|  30|           1|          23|
    |sub_ln862_fu_1270_p2        |         -|   0|  0|  26|          19|          19|
    |and_ln807_fu_1855_p2        |       and|   0|  0|   2|           1|           1|
    |icmp_ln221_1_fu_676_p2      |      icmp|   0|  0|  13|           6|           2|
    |icmp_ln221_2_fu_759_p2      |      icmp|   0|  0|  13|           6|           2|
    |icmp_ln221_3_fu_805_p2      |      icmp|   0|  0|  13|           6|           3|
    |icmp_ln221_4_fu_851_p2      |      icmp|   0|  0|  13|           6|           3|
    |icmp_ln221_5_fu_897_p2      |      icmp|   0|  0|  13|           6|           3|
    |icmp_ln221_6_fu_943_p2      |      icmp|   0|  0|  13|           6|           3|
    |icmp_ln221_7_fu_989_p2      |      icmp|   0|  0|  13|           6|           4|
    |icmp_ln221_8_fu_1035_p2     |      icmp|   0|  0|  13|           6|           4|
    |icmp_ln221_fu_664_p2        |      icmp|   0|  0|  13|           6|           1|
    |icmp_ln223_10_fu_1105_p2    |      icmp|   0|  0|  13|           6|           5|
    |icmp_ln223_11_fu_1129_p2    |      icmp|   0|  0|  13|           6|           5|
    |icmp_ln223_12_fu_1153_p2    |      icmp|   0|  0|  13|           6|           5|
    |icmp_ln223_13_fu_1177_p2    |      icmp|   0|  0|  13|           6|           5|
    |icmp_ln223_14_fu_1201_p2    |      icmp|   0|  0|  13|           6|           5|
    |icmp_ln223_15_fu_1225_p2    |      icmp|   0|  0|  13|           6|           6|
    |icmp_ln223_1_fu_682_p2      |      icmp|   0|  0|  13|           6|           3|
    |icmp_ln223_2_fu_781_p2      |      icmp|   0|  0|  13|           6|           3|
    |icmp_ln223_3_fu_827_p2      |      icmp|   0|  0|  13|           6|           4|
    |icmp_ln223_4_fu_873_p2      |      icmp|   0|  0|  13|           6|           4|
    |icmp_ln223_5_fu_919_p2      |      icmp|   0|  0|  13|           6|           4|
    |icmp_ln223_6_fu_965_p2      |      icmp|   0|  0|  13|           6|           4|
    |icmp_ln223_7_fu_1011_p2     |      icmp|   0|  0|  13|           6|           5|
    |icmp_ln223_8_fu_1057_p2     |      icmp|   0|  0|  13|           6|           5|
    |icmp_ln223_9_fu_1081_p2     |      icmp|   0|  0|  13|           6|           5|
    |icmp_ln223_fu_670_p2        |      icmp|   0|  0|  13|           6|           2|
    |icmp_ln804_fu_313_p2        |      icmp|   0|  0|  33|          26|           1|
    |icmp_ln819_fu_359_p2        |      icmp|   0|  0|  13|           6|           5|
    |icmp_ln821_fu_381_p2        |      icmp|   0|  0|   9|           2|           1|
    |icmp_ln829_1_fu_419_p2      |      icmp|   0|  0|  13|           6|           2|
    |icmp_ln829_2_fu_425_p2      |      icmp|   0|  0|  13|           6|           2|
    |icmp_ln829_3_fu_431_p2      |      icmp|   0|  0|  13|           6|           3|
    |icmp_ln829_4_fu_437_p2      |      icmp|   0|  0|  13|           6|           3|
    |icmp_ln829_5_fu_443_p2      |      icmp|   0|  0|  13|           6|           3|
    |icmp_ln829_6_fu_449_p2      |      icmp|   0|  0|  13|           6|           3|
    |icmp_ln829_7_fu_455_p2      |      icmp|   0|  0|  13|           6|           4|
    |icmp_ln829_fu_413_p2        |      icmp|   0|  0|  13|           6|           1|
    |icmp_ln834_fu_636_p2        |      icmp|   0|  0|  16|           9|           1|
    |or_ln236_10_fu_1648_p2      |        or|   0|  0|   2|           1|           1|
    |or_ln236_11_fu_1659_p2      |        or|   0|  0|   2|           1|           1|
    |or_ln236_12_fu_1678_p2      |        or|   0|  0|   2|           1|           1|
    |or_ln236_13_fu_1696_p2      |        or|   0|  0|   2|           1|           1|
    |or_ln236_14_fu_1710_p2      |        or|   0|  0|   2|           1|           1|
    |or_ln236_15_fu_1724_p2      |        or|   0|  0|   2|           1|           1|
    |or_ln236_16_fu_1738_p2      |        or|   0|  0|   2|           1|           1|
    |or_ln236_17_fu_1752_p2      |        or|   0|  0|   2|           1|           1|
    |or_ln236_18_fu_1776_p2      |        or|   0|  0|   2|           1|           1|
    |or_ln236_19_fu_1790_p2      |        or|   0|  0|   2|           1|           1|
    |or_ln236_1_fu_1549_p2       |        or|   0|  0|   2|           1|           1|
    |or_ln236_20_fu_1804_p2      |        or|   0|  0|   2|           1|           1|
    |or_ln236_21_fu_1818_p2      |        or|   0|  0|   2|           1|           1|
    |or_ln236_2_fu_1560_p2       |        or|   0|  0|   2|           1|           1|
    |or_ln236_3_fu_1571_p2       |        or|   0|  0|   2|           1|           1|
    |or_ln236_4_fu_1582_p2       |        or|   0|  0|   2|           1|           1|
    |or_ln236_5_fu_1593_p2       |        or|   0|  0|   2|           1|           1|
    |or_ln236_6_fu_1604_p2       |        or|   0|  0|   2|           1|           1|
    |or_ln236_7_fu_1615_p2       |        or|   0|  0|   2|           1|           1|
    |or_ln236_8_fu_1626_p2       |        or|   0|  0|   2|           1|           1|
    |or_ln236_9_fu_1637_p2       |        or|   0|  0|   2|           1|           1|
    |or_ln236_fu_1538_p2         |        or|   0|  0|   2|           1|           1|
    |abs_raw_signed_2_fu_333_p3  |    select|   0|  0|  26|           1|          26|
    |select_ln236_10_fu_1641_p3  |    select|   0|  0|  21|           1|          22|
    |select_ln236_11_fu_1652_p3  |    select|   0|  0|  21|           1|          22|
    |select_ln236_12_fu_1663_p3  |    select|   0|  0|  21|           1|          22|
    |select_ln236_13_fu_1670_p3  |    select|   0|  0|   5|           1|           5|
    |select_ln236_14_fu_1684_p3  |    select|   0|  0|   4|           1|           4|
    |select_ln236_15_fu_1702_p3  |    select|   0|  0|  21|           1|          22|
    |select_ln236_16_fu_1716_p3  |    select|   0|  0|  21|           1|          22|
    |select_ln236_17_fu_1730_p3  |    select|   0|  0|  21|           1|          22|
    |select_ln236_18_fu_1744_p3  |    select|   0|  0|  21|           1|          22|
    |select_ln236_19_fu_1758_p3  |    select|   0|  0|   5|           1|           5|
    |select_ln236_1_fu_1542_p3   |    select|   0|  0|   4|           1|           4|
    |select_ln236_20_fu_1782_p3  |    select|   0|  0|  21|           1|          22|
    |select_ln236_21_fu_1796_p3  |    select|   0|  0|  21|           1|          22|
    |select_ln236_22_fu_1810_p3  |    select|   0|  0|  21|           1|          22|
    |select_ln236_23_fu_1824_p3  |    select|   0|  0|  21|           1|          22|
    |select_ln236_2_fu_1553_p3   |    select|   0|  0|   4|           1|           4|
    |select_ln236_3_fu_1564_p3   |    select|   0|  0|   4|           1|           4|
    |select_ln236_4_fu_1575_p3   |    select|   0|  0|  21|           1|          22|
    |select_ln236_5_fu_1586_p3   |    select|   0|  0|  21|           1|          22|
    |select_ln236_6_fu_1597_p3   |    select|   0|  0|  21|           1|          22|
    |select_ln236_7_fu_1608_p3   |    select|   0|  0|  21|           1|          22|
    |select_ln236_8_fu_1619_p3   |    select|   0|  0|  21|           1|          22|
    |select_ln236_9_fu_1630_p3   |    select|   0|  0|  21|           1|          22|
    |select_ln236_fu_1531_p3     |    select|   0|  0|   6|           1|           6|
    |select_ln829_1_fu_580_p3    |    select|   0|  0|   9|           1|           9|
    |select_ln829_2_fu_588_p3    |    select|   0|  0|   9|           1|           9|
    |select_ln829_3_fu_596_p3    |    select|   0|  0|   9|           1|           9|
    |select_ln829_4_fu_604_p3    |    select|   0|  0|   9|           1|           9|
    |select_ln829_5_fu_612_p3    |    select|   0|  0|   9|           1|           9|
    |select_ln829_6_fu_620_p3    |    select|   0|  0|   9|           1|           9|
    |select_ln829_7_fu_628_p3    |    select|   0|  0|   9|           1|           9|
    |select_ln829_fu_572_p3      |    select|   0|  0|   9|           1|           9|
    |shift_1_fu_399_p3           |    select|   0|  0|   6|           1|           6|
    |shift_3_fu_648_p3           |    select|   0|  0|   6|           1|           6|
    |shift_4_fu_656_p3           |    select|   0|  0|   6|           1|           6|
    |shifted_86_fu_1832_p3       |    select|   0|  0|  21|           1|          22|
    |spec_select_fu_393_p3       |    select|   0|  0|   6|           1|           6|
    |x_norm_raw_49_fu_700_p3     |    select|   0|  0|  16|           1|          16|
    |x_norm_raw_50_fu_718_p3     |    select|   0|  0|  16|           1|          16|
    |x_norm_raw_51_fu_734_p3     |    select|   0|  0|  16|           1|          16|
    |x_norm_raw_52_fu_752_p3     |    select|   0|  0|  16|           1|          16|
    |x_norm_raw_53_fu_773_p3     |    select|   0|  0|  16|           1|          16|
    |x_norm_raw_54_fu_797_p3     |    select|   0|  0|  16|           1|          16|
    |x_norm_raw_55_fu_819_p3     |    select|   0|  0|  16|           1|          16|
    |x_norm_raw_56_fu_865_p3     |    select|   0|  0|  16|           1|          16|
    |x_norm_raw_57_fu_889_p3     |    select|   0|  0|  16|           1|          16|
    |x_norm_raw_58_fu_911_p3     |    select|   0|  0|  16|           1|          16|
    |x_norm_raw_59_fu_935_p3     |    select|   0|  0|  16|           1|          16|
    |x_norm_raw_60_fu_957_p3     |    select|   0|  0|  16|           1|          16|
    |x_norm_raw_61_fu_981_p3     |    select|   0|  0|  16|           1|          16|
    |x_norm_raw_62_fu_1003_p3    |    select|   0|  0|  16|           1|          16|
    |x_norm_raw_63_fu_1027_p3    |    select|   0|  0|  16|           1|          16|
    |x_norm_raw_64_fu_1049_p3    |    select|   0|  0|  16|           1|          16|
    |x_norm_raw_65_fu_1073_p3    |    select|   0|  0|  16|           1|          16|
    |x_norm_raw_66_fu_1097_p3    |    select|   0|  0|  16|           1|          16|
    |x_norm_raw_67_fu_1121_p3    |    select|   0|  0|  16|           1|          16|
    |x_norm_raw_68_fu_1145_p3    |    select|   0|  0|  16|           1|          16|
    |x_norm_raw_69_fu_1169_p3    |    select|   0|  0|  16|           1|          16|
    |x_norm_raw_70_fu_1193_p3    |    select|   0|  0|  16|           1|          16|
    |x_norm_raw_71_fu_1217_p3    |    select|   0|  0|  16|           1|          16|
    |x_norm_raw_72_fu_1230_p3    |    select|   0|  0|  16|           1|           1|
    |x_norm_raw_fu_843_p3        |    select|   0|  0|  16|           1|          16|
    |shl_ln236_fu_1770_p2        |       shl|   0|  0|  59|          22|          22|
    |xor_ln804_fu_1850_p2        |       xor|   0|  0|   2|           1|           2|
    +----------------------------+----------+----+---+----+------------+------------+
    |Total                       |          |   0|  0|1749|         442|        1233|
    +----------------------------+----------+----+---+----+------------+------------+

    * Multiplexer: 
    +-----------+----+-----------+-----+-----------+
    |    Name   | LUT| Input Size| Bits| Total Bits|
    +-----------+----+-----------+-----+-----------+
    |ap_return  |  14|          3|   23|         69|
    +-----------+----+-----------+-----+-----------+
    |Total      |  14|          3|   23|         69|
    +-----------+----+-----------+-----+-----------+

    * Register: 
    +-----------------------------------------+----+----+-----+-----------+
    |                   Name                  | FF | LUT| Bits| Const Bits|
    +-----------------------------------------+----+----+-----+-----------+
    |abs_raw_signed_2_reg_1898                |  26|   0|   26|          0|
    |abs_raw_signed_2_reg_1898_pp0_iter1_reg  |  26|   0|   26|          0|
    |add_ln822_reg_1951                       |   6|   0|    6|          0|
    |ap_ce_reg                                |   1|   0|    1|          0|
    |ap_return_int_reg                        |  23|   0|   23|          0|
    |icmp_ln221_1_reg_1993                    |   1|   0|    1|          0|
    |icmp_ln221_2_reg_2006                    |   1|   0|    1|          0|
    |icmp_ln221_3_reg_2017                    |   1|   0|    1|          0|
    |icmp_ln221_4_reg_2028                    |   1|   0|    1|          0|
    |icmp_ln221_5_reg_2039                    |   1|   0|    1|          0|
    |icmp_ln221_6_reg_2050                    |   1|   0|    1|          0|
    |icmp_ln221_7_reg_2061                    |   1|   0|    1|          0|
    |icmp_ln221_8_reg_2072                    |   1|   0|    1|          0|
    |icmp_ln221_reg_1981                      |   1|   0|    1|          0|
    |icmp_ln223_10_reg_2089                   |   1|   0|    1|          0|
    |icmp_ln223_11_reg_2094                   |   1|   0|    1|          0|
    |icmp_ln223_12_reg_2100                   |   1|   0|    1|          0|
    |icmp_ln223_13_reg_2105                   |   1|   0|    1|          0|
    |icmp_ln223_14_reg_2111                   |   1|   0|    1|          0|
    |icmp_ln223_15_reg_2116                   |   1|   0|    1|          0|
    |icmp_ln223_1_reg_2000                    |   1|   0|    1|          0|
    |icmp_ln223_2_reg_2012                    |   1|   0|    1|          0|
    |icmp_ln223_3_reg_2023                    |   1|   0|    1|          0|
    |icmp_ln223_4_reg_2034                    |   1|   0|    1|          0|
    |icmp_ln223_5_reg_2045                    |   1|   0|    1|          0|
    |icmp_ln223_6_reg_2056                    |   1|   0|    1|          0|
    |icmp_ln223_7_reg_2067                    |   1|   0|    1|          0|
    |icmp_ln223_8_reg_2078                    |   1|   0|    1|          0|
    |icmp_ln223_9_reg_2083                    |   1|   0|    1|          0|
    |icmp_ln223_reg_1987                      |   1|   0|    1|          0|
    |icmp_ln804_reg_1887                      |   1|   0|    1|          0|
    |icmp_ln819_reg_1936                      |   1|   0|    1|          0|
    |icmp_ln821_reg_1946                      |   1|   0|    1|          0|
    |lut_idx_reg_2122                         |   8|   0|    8|          0|
    |neg_reg_1893                             |   1|   0|    1|          0|
    |shift_4_reg_1956                         |   6|   0|    6|          0|
    |shift_reg_1941                           |   6|   0|    6|          0|
    |trunc_ln858_reg_2128                     |   8|   0|    8|          0|
    |trunc_ln_reg_2155                        |  19|   0|   19|          0|
    |v0_reg_2143                              |  19|   0|   19|          0|
    |v0_reg_2143_pp0_iter5_reg                |  19|   0|   19|          0|
    |v1_reg_2150                              |  19|   0|   19|          0|
    |x_int_reg                                |  26|   0|   26|          0|
    |icmp_ln221_1_reg_1993                    |  64|  32|    1|          0|
    |icmp_ln221_2_reg_2006                    |  64|  32|    1|          0|
    |icmp_ln221_3_reg_2017                    |  64|  32|    1|          0|
    |icmp_ln221_4_reg_2028                    |  64|  32|    1|          0|
    |icmp_ln221_5_reg_2039                    |  64|  32|    1|          0|
    |icmp_ln221_6_reg_2050                    |  64|  32|    1|          0|
    |icmp_ln221_7_reg_2061                    |  64|  32|    1|          0|
    |icmp_ln221_8_reg_2072                    |  64|  32|    1|          0|
    |icmp_ln221_reg_1981                      |  64|  32|    1|          0|
    |icmp_ln223_10_reg_2089                   |  64|  32|    1|          0|
    |icmp_ln223_11_reg_2094                   |  64|  32|    1|          0|
    |icmp_ln223_12_reg_2100                   |  64|  32|    1|          0|
    |icmp_ln223_13_reg_2105                   |  64|  32|    1|          0|
    |icmp_ln223_14_reg_2111                   |  64|  32|    1|          0|
    |icmp_ln223_15_reg_2116                   |  64|  32|    1|          0|
    |icmp_ln223_1_reg_2000                    |  64|  32|    1|          0|
    |icmp_ln223_2_reg_2012                    |  64|  32|    1|          0|
    |icmp_ln223_3_reg_2023                    |  64|  32|    1|          0|
    |icmp_ln223_4_reg_2034                    |  64|  32|    1|          0|
    |icmp_ln223_5_reg_2045                    |  64|  32|    1|          0|
    |icmp_ln223_6_reg_2056                    |  64|  32|    1|          0|
    |icmp_ln223_7_reg_2067                    |  64|  32|    1|          0|
    |icmp_ln223_8_reg_2078                    |  64|  32|    1|          0|
    |icmp_ln223_9_reg_2083                    |  64|  32|    1|          0|
    |icmp_ln223_reg_1987                      |  64|  32|    1|          0|
    |icmp_ln804_reg_1887                      |  64|  32|    1|          0|
    |neg_reg_1893                             |  64|  32|    1|          0|
    |trunc_ln858_reg_2128                     |  64|  32|    8|          0|
    +-----------------------------------------+----+----+-----+-----------+
    |Total                                    |2033| 896|  276|          0|
    +-----------------------------------------+----+----+-----+-----------+



================================================================
== Interface
================================================================
* Summary: 
+-----------+-----+-----+------------+--------------+--------------+
| RTL Ports | Dir | Bits|  Protocol  | Source Object|    C Type    |
+-----------+-----+-----+------------+--------------+--------------+
|ap_clk     |   in|    1|  ap_ctrl_hs|   fp_recip_fn|  return value|
|ap_rst     |   in|    1|  ap_ctrl_hs|   fp_recip_fn|  return value|
|ap_return  |  out|   23|  ap_ctrl_hs|   fp_recip_fn|  return value|
|ap_ce      |   in|    1|  ap_ctrl_hs|   fp_recip_fn|  return value|
|x          |   in|   26|     ap_none|             x|        scalar|
+-----------+-----+-----+------------+--------------+--------------+

