

================================================================
== Vitis HLS Report for 'fp_rollout_from_forces_fn'
================================================================
* Date:           Thu May 21 15:23:09 2026

* Version:        2025.2 (Build 6295257 on Nov 14 2025)
* Project:        mpc_fpga_top_opencl
* Solution:       hls (Vitis Kernel Flow Target)
* Product family: zynquplus
* Target device:  xck26-sfvc784-2LV-c


================================================================
== Performance Estimates
================================================================
+ Timing: 
    * Summary: 
    +--------+---------+----------+------------+
    |  Clock |  Target | Estimated| Uncertainty|
    +--------+---------+----------+------------+
    |ap_clk  |  5.00 ns|  4.351 ns|     0.50 ns|
    +--------+---------+----------+------------+

+ Latency: 
    * Summary: 
    +---------+---------+----------+----------+-----+-----+---------+
    |  Latency (cycles) |  Latency (absolute) |  Interval | Pipeline|
    |   min   |   max   |    min   |    max   | min | max |   Type  |
    +---------+---------+----------+----------+-----+-----+---------+
    |       23|       23|  0.115 us|  0.115 us|   24|   24|      yes|
    +---------+---------+----------+----------+-----+-----+---------+

    + Detail: 
        * Instance: 
        +------------------------+-------------+---------+---------+-----------+-----------+-----+-----+---------+
        |                        |             |  Latency (cycles) |   Latency (absolute)  |  Interval | Pipeline|
        |        Instance        |    Module   |   min   |   max   |    min    |    max    | min | max |   Type  |
        +------------------------+-------------+---------+---------+-----------+-----------+-----+-----+---------+
        |grp_fp_recip_fn_fu_214  |fp_recip_fn  |        6|        6|  30.000 ns|  30.000 ns|    1|    1|      yes|
        +------------------------+-------------+---------+---------+-----------+-----------+-----+-----+---------+

        * Loop: 
        N/A



================================================================
== Utilization Estimates
================================================================
* Summary: 
+-----------------+---------+------+--------+--------+-----+
|       Name      | BRAM_18K|  DSP |   FF   |   LUT  | URAM|
+-----------------+---------+------+--------+--------+-----+
|DSP              |        -|     1|       -|       -|    -|
|Expression       |        -|     -|       0|     537|    -|
|FIFO             |        -|     -|       -|       -|    -|
|Instance         |        1|    17|    2826|    3087|    -|
|Memory           |        -|     -|       -|       -|    -|
|Multiplexer      |        -|     -|       0|     228|    -|
|Register         |        -|     -|    1127|       -|    -|
+-----------------+---------+------+--------+--------+-----+
|Total            |        1|    18|    3953|    3852|    0|
+-----------------+---------+------+--------+--------+-----+
|Available        |      288|  1248|  234240|  117120|   64|
+-----------------+---------+------+--------+--------+-----+
|Utilization (%)  |       ~0|     1|       1|       3|    0|
+-----------------+---------+------+--------+--------+-----+

+ Detail: 
    * Instance: 
    +---------------------------+----------------------+---------+----+------+------+-----+
    |          Instance         |        Module        | BRAM_18K| DSP|  FF  |  LUT | URAM|
    +---------------------------+----------------------+---------+----+------+------+-----+
    |grp_fp_recip_fn_fu_214     |fp_recip_fn           |        1|   1|  2033|  2710|    0|
    |mul_23s_26s_49_4_1_U433    |mul_23s_26s_49_4_1    |        0|   2|    61|    29|    0|
    |mul_26s_13ns_39_4_1_U439   |mul_26s_13ns_39_4_1   |        0|   1|    61|    29|    0|
    |mul_26s_13ns_39_4_1_U440   |mul_26s_13ns_39_4_1   |        0|   1|    61|    29|    0|
    |mul_26s_13ns_39_4_1_U441   |mul_26s_13ns_39_4_1   |        0|   1|    61|    29|    0|
    |mul_26s_13ns_39_4_1_U442   |mul_26s_13ns_39_4_1   |        0|   1|    61|    29|    0|
    |mul_26s_13ns_39_4_1_U443   |mul_26s_13ns_39_4_1   |        0|   1|    61|    29|    0|
    |mul_26s_13ns_39_4_1_U444   |mul_26s_13ns_39_4_1   |        0|   1|    61|    29|    0|
    |mul_26s_13ns_39_4_1_U445   |mul_26s_13ns_39_4_1   |        0|   1|    61|    29|    0|
    |mul_26s_16ns_42_4_1_U436   |mul_26s_16ns_42_4_1   |        0|   1|    61|    29|    0|
    |mul_26s_16ns_42_4_1_U437   |mul_26s_16ns_42_4_1   |        0|   1|    61|    29|    0|
    |mul_26s_17ns_43_4_1_U438   |mul_26s_17ns_43_4_1   |        0|   1|    61|    29|    0|
    |mul_26s_23ns_49_4_1_U435   |mul_26s_23ns_49_4_1   |        0|   2|    61|    29|    0|
    |mul_26s_26s_43_4_1_x_U434  |mul_26s_26s_43_4_1_x  |        0|   2|    61|    29|    0|
    +---------------------------+----------------------+---------+----+------+------+-----+
    |Total                      |                      |        1|  17|  2826|  3087|    0|
    +---------------------------+----------------------+---------+----+------+------+-----+

    * DSP: 
    +------------------------------------+-------------------------------+----------------+
    |              Instance              |             Module            |   Expression   |
    +------------------------------------+-------------------------------+----------------+
    |am_addmul_26s_26s_16ns_43_4_1_U446  |am_addmul_26s_26s_16ns_43_4_1  |  (i0 + i1) * i2|
    +------------------------------------+-------------------------------+----------------+

    * Memory: 
    N/A

    * FIFO: 
    N/A

    * Expression: 
    +---------------------------+----------+----+---+----+------------+------------+
    |       Variable Name       | Operation| DSP| FF| LUT| Bitwidth P0| Bitwidth P1|
    +---------------------------+----------+----+---+----+------------+------------+
    |add_ln209_1_fu_587_p2      |         +|   0|  0|  26|          26|          26|
    |add_ln209_fu_582_p2        |         +|   0|  0|  26|          26|          26|
    |add_ln210_fu_704_p2        |         +|   0|  0|  26|          26|          26|
    |add_ln216_fu_616_p2        |         +|   0|  0|  33|          26|          26|
    |add_ln217_fu_682_p2        |         +|   0|  0|  33|          26|          26|
    |dvx_dt_fu_450_p2           |         +|   0|  0|  33|          26|          26|
    |next_vx_local_fu_635_p2    |         +|   0|  0|  33|          26|          26|
    |dvy_dt_fu_435_p2           |         -|   0|  0|  33|          26|          26|
    |ey_denom_2_fu_287_p2       |         -|   0|  0|  33|          18|          26|
    |sub_ln210_fu_710_p2        |         -|   0|  0|  26|          26|          26|
    |sub_ln408_fu_301_p2        |         -|   0|  0|  33|           1|          26|
    |value_194_fu_408_p2        |         -|   0|  0|  33|          26|          26|
    |value_fu_414_p2            |         -|   0|  0|  33|          26|          26|
    |icmp_ln173_fu_315_p2       |      icmp|   0|  0|  33|          26|           8|
    |icmp_ln213_fu_654_p2       |      icmp|   0|  0|  17|          10|           1|
    |a_125_fu_307_p3            |    select|   0|  0|  26|           1|          26|
    |ey_denom_fu_329_p3         |    select|   0|  0|  26|           1|          26|
    |next_vx_local_1_fu_660_p3  |    select|   0|  0|  25|           1|          17|
    |select_ln173_fu_321_p3     |    select|   0|  0|   9|           1|           9|
    +---------------------------+----------+----+---+----+------------+------------+
    |Total                      |          |   0|  0| 537|         345|         425|
    +---------------------------+----------+----+---+----+------------+------------+

    * Multiplexer: 
    +---------------+-----+-----------+-----+-----------+
    |      Name     | LUT | Input Size| Bits| Total Bits|
    +---------------+-----+-----------+-----+-----------+
    |ap_NS_fsm      |  125|         25|    1|         25|
    |grp_fu_225_p0  |   54|         10|   26|        260|
    |grp_fu_225_p1  |   49|          9|   26|        234|
    +---------------+-----+-----------+-----+-----------+
    |Total          |  228|         44|   53|        519|
    +---------------+-----+-----------+-----+-----------+

    * Register: 
    +-------------------------+----+----+-----+-----------+
    |           Name          | FF | LUT| Bits| Const Bits|
    +-------------------------+----+----+-----+-----------+
    |F_yr_read_reg_799        |  26|   0|   26|          0|
    |add_ln209_1_reg_950      |  26|   0|   26|          0|
    |add_ln216_reg_960        |  26|   0|   26|          0|
    |add_ln217_reg_970        |  26|   0|   26|          0|
    |ap_CS_fsm                |  24|   0|   24|          0|
    |ap_port_reg_F_yf         |  26|   0|   26|          0|
    |ap_port_reg_F_yr         |  26|   0|   26|          0|
    |ap_port_reg_Fx           |  26|   0|   26|          0|
    |ap_port_reg_cos_delta    |  26|   0|   26|          0|
    |ap_port_reg_cos_epsi     |  26|   0|   26|          0|
    |ap_port_reg_epsi         |  26|   0|   26|          0|
    |ap_port_reg_omega        |  26|   0|   26|          0|
    |ap_port_reg_sin_delta    |  26|   0|   26|          0|
    |ap_port_reg_sin_epsi     |  26|   0|   26|          0|
    |ap_port_reg_vx_safe      |  26|   0|   26|          0|
    |ap_port_reg_vy           |  26|   0|   26|          0|
    |dvx_dt_reg_880           |  26|   0|   26|          0|
    |dvy_dt_reg_870           |  26|   0|   26|          0|
    |ey_denom_reg_804         |  26|   0|   26|          0|
    |ey_read_reg_754          |  26|   0|   26|          0|
    |inv_ey_denom_reg_875     |  23|   0|   23|          0|
    |next_vx_local_1_reg_965  |  25|   0|   25|          0|
    |omega_read_reg_824       |  26|   0|   26|          0|
    |product_q_30_reg_915     |  26|   0|   26|          0|
    |product_q_36_reg_835     |  25|   0|   25|          0|
    |product_q_38_reg_850     |  26|   0|   26|          0|
    |product_q_39_reg_905     |  26|   0|   26|          0|
    |product_q_40_reg_935     |  22|   0|   22|          0|
    |product_q_42_reg_925     |  22|   0|   22|          0|
    |reg_244                  |  26|   0|   26|          0|
    |reg_248                  |  26|   0|   26|          0|
    |sext_ln671_12_reg_769    |  43|   0|   43|          0|
    |sext_ln671_16_reg_830    |  43|   0|   43|          0|
    |sext_ln671_5_reg_784     |  43|   0|   43|          0|
    |sext_ln671_7_reg_845     |  43|   0|   43|          0|
    |sext_ln671_8_reg_789     |  43|   0|   43|          0|
    |sext_ln671_reg_759       |  43|   0|   43|          0|
    |value_194_reg_855        |  26|   0|   26|          0|
    |vx_safe_read_reg_779     |  26|   0|   26|          0|
    |vy_read_reg_840          |  26|   0|   26|          0|
    +-------------------------+----+----+-----+-----------+
    |Total                    |1127|   0| 1127|          0|
    +-------------------------+----+----+-----+-----------+



================================================================
== Interface
================================================================
* Summary: 
+-------------+-----+-----+------------+---------------------------+--------------+
|  RTL Ports  | Dir | Bits|  Protocol  |       Source Object       |    C Type    |
+-------------+-----+-----+------------+---------------------------+--------------+
|ap_clk       |   in|    1|  ap_ctrl_hs|  fp_rollout_from_forces_fn|  return value|
|ap_rst       |   in|    1|  ap_ctrl_hs|  fp_rollout_from_forces_fn|  return value|
|ap_start     |   in|    1|  ap_ctrl_hs|  fp_rollout_from_forces_fn|  return value|
|ap_done      |  out|    1|  ap_ctrl_hs|  fp_rollout_from_forces_fn|  return value|
|ap_idle      |  out|    1|  ap_ctrl_hs|  fp_rollout_from_forces_fn|  return value|
|ap_ready     |  out|    1|  ap_ctrl_hs|  fp_rollout_from_forces_fn|  return value|
|ap_return_0  |  out|   26|  ap_ctrl_hs|  fp_rollout_from_forces_fn|  return value|
|ap_return_1  |  out|   26|  ap_ctrl_hs|  fp_rollout_from_forces_fn|  return value|
|ap_return_2  |  out|   26|  ap_ctrl_hs|  fp_rollout_from_forces_fn|  return value|
|ap_return_3  |  out|   26|  ap_ctrl_hs|  fp_rollout_from_forces_fn|  return value|
|ap_return_4  |  out|   26|  ap_ctrl_hs|  fp_rollout_from_forces_fn|  return value|
|ey           |   in|   26|     ap_none|                         ey|        scalar|
|epsi         |   in|   26|     ap_none|                       epsi|        scalar|
|sin_epsi     |   in|   26|     ap_none|                   sin_epsi|        scalar|
|cos_epsi     |   in|   26|     ap_none|                   cos_epsi|        scalar|
|vx_safe      |   in|   26|     ap_none|                    vx_safe|        scalar|
|vy           |   in|   26|     ap_none|                         vy|        scalar|
|omega        |   in|   26|     ap_none|                      omega|        scalar|
|kappa        |   in|   26|     ap_none|                      kappa|        scalar|
|Fx           |   in|   26|     ap_none|                         Fx|        scalar|
|F_yf         |   in|   26|     ap_none|                       F_yf|        scalar|
|F_yr         |   in|   26|     ap_none|                       F_yr|        scalar|
|sin_delta    |   in|   26|     ap_none|                  sin_delta|        scalar|
|cos_delta    |   in|   26|     ap_none|                  cos_delta|        scalar|
+-------------+-----+-----+------------+---------------------------+--------------+

