

================================================================
== Vitis HLS Report for 'mpc_compute_hls_Pipeline_VITIS_LOOP_1301_16'
================================================================
* Date:           Thu May 21 15:23:13 2026

* Version:        2025.2 (Build 6295257 on Nov 14 2025)
* Project:        mpc_fpga_top_opencl
* Solution:       hls (Vitis Kernel Flow Target)
* Product family: zynquplus
* Target device:  xck26-sfvc784-2LV-c


================================================================
== Performance Estimates
================================================================
+ Timing: 
    * Summary: 
    +--------+---------+----------+------------+
    |  Clock |  Target | Estimated| Uncertainty|
    +--------+---------+----------+------------+
    |ap_clk  |  5.00 ns|  2.370 ns|     0.50 ns|
    +--------+---------+----------+------------+

+ Latency: 
    * Summary: 
    +---------+---------+----------+----------+-----+-----+-------------------+
    |  Latency (cycles) |  Latency (absolute) |  Interval |      Pipeline     |
    |   min   |   max   |    min   |    max   | min | max |        Type       |
    +---------+---------+----------+----------+-----+-----+-------------------+
    |       23|       23|  0.115 us|  0.115 us|    0|    0|  loop pipeline stp|
    +---------+---------+----------+----------+-----+-----+-------------------+

    + Detail: 
        * Instance: 
        N/A

        * Loop: 
        +----------------------+---------+---------+----------+-----------+-----------+------+----------+
        |                      |  Latency (cycles) | Iteration|  Initiation Interval  | Trip |          |
        |       Loop Name      |   min   |   max   |  Latency |  achieved |   target  | Count| Pipelined|
        +----------------------+---------+---------+----------+-----------+-----------+------+----------+
        |- VITIS_LOOP_1301_16  |       21|       21|         2|          1|          1|    21|       yes|
        +----------------------+---------+---------+----------+-----------+-----------+------+----------+



================================================================
== Utilization Estimates
================================================================
* Summary: 
+-----------------+---------+------+--------+--------+-----+
|       Name      | BRAM_18K|  DSP |   FF   |   LUT  | URAM|
+-----------------+---------+------+--------+--------+-----+
|DSP              |        -|     -|       -|       -|    -|
|Expression       |        -|     -|       0|     104|    -|
|FIFO             |        -|     -|       -|       -|    -|
|Instance         |        -|     -|       -|       -|    -|
|Memory           |        -|     -|       -|       -|    -|
|Multiplexer      |        -|     -|       0|      36|    -|
|Register         |        -|     -|      13|       -|    -|
+-----------------+---------+------+--------+--------+-----+
|Total            |        0|     0|      13|     140|    0|
+-----------------+---------+------+--------+--------+-----+
|Available        |      288|  1248|  234240|  117120|   64|
+-----------------+---------+------+--------+--------+-----+
|Utilization (%)  |        0|     0|      ~0|      ~0|    0|
+-----------------+---------+------+--------+--------+-----+

+ Detail: 
    * Instance: 
    N/A

    * DSP: 
    N/A

    * Memory: 
    N/A

    * FIFO: 
    N/A

    * Expression: 
    +-----------------------+----------+----+---+----+------------+------------+
    |     Variable Name     | Operation| DSP| FF| LUT| Bitwidth P0| Bitwidth P1|
    +-----------------------+----------+----+---+----+------------+------------+
    |add_ln1301_fu_152_p2   |         +|   0|  0|  12|           5|           1|
    |sub_ln1302_fu_171_p2   |         -|   0|  0|  39|          32|          32|
    |sub_ln1303_fu_178_p2   |         -|   0|  0|  39|          32|          32|
    |icmp_ln1301_fu_146_p2  |      icmp|   0|  0|  12|           5|           5|
    |ap_enable_pp0          |       xor|   0|  0|   2|           1|           2|
    +-----------------------+----------+----+---+----+------------+------------+
    |Total                  |          |   0|  0| 104|          75|          72|
    +-----------------------+----------+----+---+----+------------+------------+

    * Multiplexer: 
    +-------------------------+----+-----------+-----+-----------+
    |           Name          | LUT| Input Size| Bits| Total Bits|
    +-------------------------+----+-----------+-----+-----------+
    |ap_done_int              |   9|          2|    1|          2|
    |ap_enable_reg_pp0_iter1  |   9|          2|    1|          2|
    |ap_sig_allocacmp_k_11    |   9|          2|    5|         10|
    |k_fu_48                  |   9|          2|    5|         10|
    +-------------------------+----+-----------+-----+-----------+
    |Total                    |  36|          8|   12|         24|
    +-------------------------+----+-----------+-----+-----------+

    * Register: 
    +-------------------------+---+----+-----+-----------+
    |           Name          | FF| LUT| Bits| Const Bits|
    +-------------------------+---+----+-----+-----------+
    |ap_CS_fsm                |  1|   0|    1|          0|
    |ap_done_reg              |  1|   0|    1|          0|
    |ap_enable_reg_pp0_iter1  |  1|   0|    1|          0|
    |k_fu_48                  |  5|   0|    5|          0|
    |zext_ln1301_reg_195      |  5|   0|   64|         59|
    +-------------------------+---+----+-----+-----------+
    |Total                    | 13|   0|   72|         59|
    +-------------------------+---+----+-----+-----------+



================================================================
== Interface
================================================================
* Summary: 
+------------------+-----+-----+------------+---------------------------------------------+--------------+
|     RTL Ports    | Dir | Bits|  Protocol  |                Source Object                |    C Type    |
+------------------+-----+-----+------------+---------------------------------------------+--------------+
|ap_clk            |   in|    1|  ap_ctrl_hs|  mpc_compute_hls_Pipeline_VITIS_LOOP_1301_16|  return value|
|ap_rst            |   in|    1|  ap_ctrl_hs|  mpc_compute_hls_Pipeline_VITIS_LOOP_1301_16|  return value|
|ap_start          |   in|    1|  ap_ctrl_hs|  mpc_compute_hls_Pipeline_VITIS_LOOP_1301_16|  return value|
|ap_done           |  out|    1|  ap_ctrl_hs|  mpc_compute_hls_Pipeline_VITIS_LOOP_1301_16|  return value|
|ap_idle           |  out|    1|  ap_ctrl_hs|  mpc_compute_hls_Pipeline_VITIS_LOOP_1301_16|  return value|
|ap_ready          |  out|    1|  ap_ctrl_hs|  mpc_compute_hls_Pipeline_VITIS_LOOP_1301_16|  return value|
|y_x_5_address1    |  out|    5|   ap_memory|                                        y_x_5|         array|
|y_x_5_ce1         |  out|    1|   ap_memory|                                        y_x_5|         array|
|y_x_5_we1         |  out|    1|   ap_memory|                                        y_x_5|         array|
|y_x_5_d1          |  out|   32|   ap_memory|                                        y_x_5|         array|
|y_x_address1      |  out|    5|   ap_memory|                                          y_x|         array|
|y_x_ce1           |  out|    1|   ap_memory|                                          y_x|         array|
|y_x_we1           |  out|    1|   ap_memory|                                          y_x|         array|
|y_x_d1            |  out|   32|   ap_memory|                                          y_x|         array|
|sol_x_address0    |  out|    5|   ap_memory|                                        sol_x|         array|
|sol_x_ce0         |  out|    1|   ap_memory|                                        sol_x|         array|
|sol_x_q0          |   in|   32|   ap_memory|                                        sol_x|         array|
|z_x_address0      |  out|    5|   ap_memory|                                          z_x|         array|
|z_x_ce0           |  out|    1|   ap_memory|                                          z_x|         array|
|z_x_q0            |   in|   32|   ap_memory|                                          z_x|         array|
|sol_x_5_address0  |  out|    5|   ap_memory|                                      sol_x_5|         array|
|sol_x_5_ce0       |  out|    1|   ap_memory|                                      sol_x_5|         array|
|sol_x_5_q0        |   in|   32|   ap_memory|                                      sol_x_5|         array|
|z_x_5_address0    |  out|    5|   ap_memory|                                        z_x_5|         array|
|z_x_5_ce0         |  out|    1|   ap_memory|                                        z_x_5|         array|
|z_x_5_q0          |   in|   32|   ap_memory|                                        z_x_5|         array|
+------------------+-----+-----+------------+---------------------------------------------+--------------+

