

================================================================
== Vitis HLS Report for 'mpc_compute_hls_Pipeline_VITIS_LOOP_364_2'
================================================================
* Date:           Thu Jun 11 17:48:34 2026

* Version:        2025.2 (Build 6295257 on Nov 14 2025)
* Project:        mpc_fpga_top_opencl
* Solution:       hls (Vitis Kernel Flow Target)
* Product family: zynquplus
* Target device:  xck26-sfvc784-2LV-c


================================================================
== Performance Estimates
================================================================
+ Timing: 
    * Summary: 
    +--------+---------+----------+------------+
    |  Clock |  Target | Estimated| Uncertainty|
    +--------+---------+----------+------------+
    |ap_clk  |  5.00 ns|  4.457 ns|     0.50 ns|
    +--------+---------+----------+------------+

+ Latency: 
    * Summary: 
    +---------+---------+----------+----------+-----+-----+-------------------+
    |  Latency (cycles) |  Latency (absolute) |  Interval |      Pipeline     |
    |   min   |   max   |    min   |    max   | min | max |        Type       |
    +---------+---------+----------+----------+-----+-----+-------------------+
    |       23|       23|  0.115 us|  0.115 us|    0|    0|  loop pipeline stp|
    +---------+---------+----------+----------+-----+-----+-------------------+

    + Detail: 
        * Instance: 
        +-----------------------------------+------------------------+---------+---------+----------+----------+-----+-----+---------+
        |                                   |                        |  Latency (cycles) |  Latency (absolute) |  Interval | Pipeline|
        |              Instance             |         Module         |   min   |   max   |    min   |    max   | min | max |   Type  |
        +-----------------------------------+------------------------+---------+---------+----------+----------+-----+-----+---------+
        |grp_compute_window_min_hls_fu_908  |compute_window_min_hls  |        1|        1|  5.000 ns|  5.000 ns|    1|    1|      yes|
        |grp_compute_window_min_hls_fu_933  |compute_window_min_hls  |        1|        1|  5.000 ns|  5.000 ns|    1|    1|      yes|
        +-----------------------------------+------------------------+---------+---------+----------+----------+-----+-----+---------+

        * Loop: 
        +--------------------+---------+---------+----------+-----------+-----------+------+----------+
        |                    |  Latency (cycles) | Iteration|  Initiation Interval  | Trip |          |
        |      Loop Name     |   min   |   max   |  Latency |  achieved |   target  | Count| Pipelined|
        +--------------------+---------+---------+----------+-----------+-----------+------+----------+
        |- VITIS_LOOP_364_2  |       21|       21|         3|          1|          1|    20|       yes|
        +--------------------+---------+---------+----------+-----------+-----------+------+----------+



================================================================
== Utilization Estimates
================================================================
* Summary: 
+-----------------+---------+------+--------+--------+-----+
|       Name      | BRAM_18K|  DSP |   FF   |   LUT  | URAM|
+-----------------+---------+------+--------+--------+-----+
|DSP              |        -|     -|       -|       -|    -|
|Expression       |        -|     -|       0|      28|    -|
|FIFO             |        -|     -|       -|       -|    -|
|Instance         |        -|     -|     108|    2606|    -|
|Memory           |        -|     -|       -|       -|    -|
|Multiplexer      |        -|     -|       0|      36|    -|
|Register         |        -|     -|    1078|       -|    -|
+-----------------+---------+------+--------+--------+-----+
|Total            |        0|     0|    1186|    2670|    0|
+-----------------+---------+------+--------+--------+-----+
|Available        |      288|  1248|  234240|  117120|   64|
+-----------------+---------+------+--------+--------+-----+
|Utilization (%)  |        0|     0|      ~0|       2|    0|
+-----------------+---------+------+--------+--------+-----+

+ Detail: 
    * Instance: 
    +-----------------------------------+------------------------+---------+----+----+------+-----+
    |              Instance             |         Module         | BRAM_18K| DSP| FF |  LUT | URAM|
    +-----------------------------------+------------------------+---------+----+----+------+-----+
    |grp_compute_window_min_hls_fu_908  |compute_window_min_hls  |        0|   0|  54|  1303|    0|
    |grp_compute_window_min_hls_fu_933  |compute_window_min_hls  |        0|   0|  54|  1303|    0|
    +-----------------------------------+------------------------+---------+----+----+------+-----+
    |Total                              |                        |        0|   0| 108|  2606|    0|
    +-----------------------------------+------------------------+---------+----+----+------+-----+

    * DSP: 
    N/A

    * Memory: 
    N/A

    * FIFO: 
    N/A

    * Expression: 
    +-----------------------------+----------+----+---+----+------------+------------+
    |        Variable Name        | Operation| DSP| FF| LUT| Bitwidth P0| Bitwidth P1|
    +-----------------------------+----------+----+---+----+------------+------------+
    |add_ln364_fu_972_p2          |         +|   0|  0|  12|           5|           1|
    |ap_predicate_pred685_state3  |       and|   0|  0|   2|           1|           1|
    |icmp_ln364_fu_966_p2         |      icmp|   0|  0|  12|           5|           5|
    |ap_enable_pp0                |       xor|   0|  0|   2|           1|           2|
    +-----------------------------+----------+----+---+----+------------+------------+
    |Total                        |          |   0|  0|  28|          12|           9|
    +-----------------------------+----------+----+---+----+------------+------------+

    * Multiplexer: 
    +-------------------------+----+-----------+-----+-----------+
    |           Name          | LUT| Input Size| Bits| Total Bits|
    +-------------------------+----+-----------+-----+-----------+
    |ap_done_int              |   9|          2|    1|          2|
    |ap_enable_reg_pp0_iter1  |   9|          2|    1|          2|
    |ap_sig_allocacmp_k       |   9|          2|    5|         10|
    |k_2_fu_224               |   9|          2|    5|         10|
    +-------------------------+----+-----------+-----+-----------+
    |Total                    |  36|          8|   12|         24|
    +-------------------------+----+-----------+-----+-----------+

    * Register: 
    +------------------------------------------------+----+----+-----+-----------+
    |                      Name                      | FF | LUT| Bits| Const Bits|
    +------------------------------------------------+----+----+-----+-----------+
    |ap_CS_fsm                                       |   1|   0|    1|          0|
    |ap_done_reg                                     |   1|   0|    1|          0|
    |ap_enable_reg_pp0_iter1                         |   1|   0|    1|          0|
    |ap_enable_reg_pp0_iter2                         |   1|   0|    1|          0|
    |ap_loop_exit_ready_pp0_iter1_reg                |   1|   0|    1|          0|
    |ap_predicate_pred473_state3                     |   1|   0|    1|          0|
    |ap_predicate_pred488_state3                     |   1|   0|    1|          0|
    |ap_predicate_pred497_state3                     |   1|   0|    1|          0|
    |ap_predicate_pred506_state3                     |   1|   0|    1|          0|
    |ap_predicate_pred515_state3                     |   1|   0|    1|          0|
    |ap_predicate_pred524_state3                     |   1|   0|    1|          0|
    |ap_predicate_pred533_state3                     |   1|   0|    1|          0|
    |ap_predicate_pred542_state3                     |   1|   0|    1|          0|
    |ap_predicate_pred551_state3                     |   1|   0|    1|          0|
    |ap_predicate_pred560_state3                     |   1|   0|    1|          0|
    |ap_predicate_pred569_state3                     |   1|   0|    1|          0|
    |ap_predicate_pred578_state3                     |   1|   0|    1|          0|
    |ap_predicate_pred587_state3                     |   1|   0|    1|          0|
    |ap_predicate_pred596_state3                     |   1|   0|    1|          0|
    |ap_predicate_pred605_state3                     |   1|   0|    1|          0|
    |ap_predicate_pred614_state3                     |   1|   0|    1|          0|
    |ap_predicate_pred623_state3                     |   1|   0|    1|          0|
    |ap_predicate_pred632_state3                     |   1|   0|    1|          0|
    |ap_predicate_pred641_state3                     |   1|   0|    1|          0|
    |ap_predicate_pred685_state3                     |   1|   0|    1|          0|
    |grp_compute_window_min_hls_fu_908_ap_start_reg  |   1|   0|    1|          0|
    |grp_compute_window_min_hls_fu_933_ap_start_reg  |   1|   0|    1|          0|
    |icmp_ln364_reg_1838                             |   1|   0|    1|          0|
    |k_2_fu_224                                      |   5|   0|    5|          0|
    |k_reg_1831                                      |   5|   0|    5|          0|
    |wall_left_min_10_fu_268                         |  26|   0|   26|          0|
    |wall_left_min_11_fu_272                         |  26|   0|   26|          0|
    |wall_left_min_12_fu_276                         |  26|   0|   26|          0|
    |wall_left_min_13_fu_280                         |  26|   0|   26|          0|
    |wall_left_min_14_fu_284                         |  26|   0|   26|          0|
    |wall_left_min_15_fu_288                         |  26|   0|   26|          0|
    |wall_left_min_16_fu_292                         |  26|   0|   26|          0|
    |wall_left_min_17_fu_296                         |  26|   0|   26|          0|
    |wall_left_min_18_fu_300                         |  26|   0|   26|          0|
    |wall_left_min_19_fu_304                         |  26|   0|   26|          0|
    |wall_left_min_1_fu_232                          |  26|   0|   26|          0|
    |wall_left_min_2_fu_236                          |  26|   0|   26|          0|
    |wall_left_min_3_fu_240                          |  26|   0|   26|          0|
    |wall_left_min_4_fu_244                          |  26|   0|   26|          0|
    |wall_left_min_5_fu_248                          |  26|   0|   26|          0|
    |wall_left_min_6_fu_252                          |  26|   0|   26|          0|
    |wall_left_min_7_fu_256                          |  26|   0|   26|          0|
    |wall_left_min_8_fu_260                          |  26|   0|   26|          0|
    |wall_left_min_9_fu_264                          |  26|   0|   26|          0|
    |wall_left_min_fu_228                            |  26|   0|   26|          0|
    |wall_right_min_10_fu_348                        |  26|   0|   26|          0|
    |wall_right_min_11_fu_352                        |  26|   0|   26|          0|
    |wall_right_min_12_fu_356                        |  26|   0|   26|          0|
    |wall_right_min_13_fu_360                        |  26|   0|   26|          0|
    |wall_right_min_14_fu_364                        |  26|   0|   26|          0|
    |wall_right_min_15_fu_368                        |  26|   0|   26|          0|
    |wall_right_min_16_fu_372                        |  26|   0|   26|          0|
    |wall_right_min_17_fu_376                        |  26|   0|   26|          0|
    |wall_right_min_18_fu_380                        |  26|   0|   26|          0|
    |wall_right_min_19_fu_384                        |  26|   0|   26|          0|
    |wall_right_min_1_fu_312                         |  26|   0|   26|          0|
    |wall_right_min_2_fu_316                         |  26|   0|   26|          0|
    |wall_right_min_3_fu_320                         |  26|   0|   26|          0|
    |wall_right_min_4_fu_324                         |  26|   0|   26|          0|
    |wall_right_min_5_fu_328                         |  26|   0|   26|          0|
    |wall_right_min_6_fu_332                         |  26|   0|   26|          0|
    |wall_right_min_7_fu_336                         |  26|   0|   26|          0|
    |wall_right_min_8_fu_340                         |  26|   0|   26|          0|
    |wall_right_min_9_fu_344                         |  26|   0|   26|          0|
    |wall_right_min_fu_308                           |  26|   0|   26|          0|
    +------------------------------------------------+----+----+-----+-----------+
    |Total                                           |1078|   0| 1078|          0|
    +------------------------------------------------+----+----+-----+-----------+



================================================================
== Interface
================================================================
* Summary: 
+------------------------------+-----+-----+------------+-------------------------------------------+--------------+
|           RTL Ports          | Dir | Bits|  Protocol  |               Source Object               |    C Type    |
+------------------------------+-----+-----+------------+-------------------------------------------+--------------+
|ap_clk                        |   in|    1|  ap_ctrl_hs|  mpc_compute_hls_Pipeline_VITIS_LOOP_364_2|  return value|
|ap_rst                        |   in|    1|  ap_ctrl_hs|  mpc_compute_hls_Pipeline_VITIS_LOOP_364_2|  return value|
|ap_start                      |   in|    1|  ap_ctrl_hs|  mpc_compute_hls_Pipeline_VITIS_LOOP_364_2|  return value|
|ap_done                       |  out|    1|  ap_ctrl_hs|  mpc_compute_hls_Pipeline_VITIS_LOOP_364_2|  return value|
|ap_idle                       |  out|    1|  ap_ctrl_hs|  mpc_compute_hls_Pipeline_VITIS_LOOP_364_2|  return value|
|ap_ready                      |  out|    1|  ap_ctrl_hs|  mpc_compute_hls_Pipeline_VITIS_LOOP_364_2|  return value|
|p_0_0_010171165_reload        |   in|   26|     ap_none|                     p_0_0_010171165_reload|        scalar|
|p_0_0_010171161_reload        |   in|   26|     ap_none|                     p_0_0_010171161_reload|        scalar|
|p_0_0_010171157_reload        |   in|   26|     ap_none|                     p_0_0_010171157_reload|        scalar|
|p_0_0_010171153_reload        |   in|   26|     ap_none|                     p_0_0_010171153_reload|        scalar|
|p_0_0_010171149_reload        |   in|   26|     ap_none|                     p_0_0_010171149_reload|        scalar|
|p_0_0_010171145_reload        |   in|   26|     ap_none|                     p_0_0_010171145_reload|        scalar|
|p_0_0_010171141_reload        |   in|   26|     ap_none|                     p_0_0_010171141_reload|        scalar|
|p_0_0_010171137_reload        |   in|   26|     ap_none|                     p_0_0_010171137_reload|        scalar|
|p_0_0_010171133_reload        |   in|   26|     ap_none|                     p_0_0_010171133_reload|        scalar|
|p_0_0_010171129_reload        |   in|   26|     ap_none|                     p_0_0_010171129_reload|        scalar|
|p_0_0_010171125_reload        |   in|   26|     ap_none|                     p_0_0_010171125_reload|        scalar|
|p_0_0_010171121_reload        |   in|   26|     ap_none|                     p_0_0_010171121_reload|        scalar|
|p_0_0_010171117_reload        |   in|   26|     ap_none|                     p_0_0_010171117_reload|        scalar|
|p_0_0_010171113_reload        |   in|   26|     ap_none|                     p_0_0_010171113_reload|        scalar|
|p_0_0_010171109_reload        |   in|   26|     ap_none|                     p_0_0_010171109_reload|        scalar|
|p_0_0_010171105_reload        |   in|   26|     ap_none|                     p_0_0_010171105_reload|        scalar|
|p_0_0_010171101_reload        |   in|   26|     ap_none|                     p_0_0_010171101_reload|        scalar|
|p_0_0_01017197_reload         |   in|   26|     ap_none|                      p_0_0_01017197_reload|        scalar|
|p_0_0_01017193_reload         |   in|   26|     ap_none|                      p_0_0_01017193_reload|        scalar|
|p_0_0_010171169_reload        |   in|   26|     ap_none|                     p_0_0_010171169_reload|        scalar|
|p_0_0_010170167_reload        |   in|   26|     ap_none|                     p_0_0_010170167_reload|        scalar|
|p_0_0_010170163_reload        |   in|   26|     ap_none|                     p_0_0_010170163_reload|        scalar|
|p_0_0_010170159_reload        |   in|   26|     ap_none|                     p_0_0_010170159_reload|        scalar|
|p_0_0_010170155_reload        |   in|   26|     ap_none|                     p_0_0_010170155_reload|        scalar|
|p_0_0_010170151_reload        |   in|   26|     ap_none|                     p_0_0_010170151_reload|        scalar|
|p_0_0_010170147_reload        |   in|   26|     ap_none|                     p_0_0_010170147_reload|        scalar|
|p_0_0_010170143_reload        |   in|   26|     ap_none|                     p_0_0_010170143_reload|        scalar|
|p_0_0_010170139_reload        |   in|   26|     ap_none|                     p_0_0_010170139_reload|        scalar|
|p_0_0_010170135_reload        |   in|   26|     ap_none|                     p_0_0_010170135_reload|        scalar|
|p_0_0_010170131_reload        |   in|   26|     ap_none|                     p_0_0_010170131_reload|        scalar|
|p_0_0_010170127_reload        |   in|   26|     ap_none|                     p_0_0_010170127_reload|        scalar|
|p_0_0_010170123_reload        |   in|   26|     ap_none|                     p_0_0_010170123_reload|        scalar|
|p_0_0_010170119_reload        |   in|   26|     ap_none|                     p_0_0_010170119_reload|        scalar|
|p_0_0_010170115_reload        |   in|   26|     ap_none|                     p_0_0_010170115_reload|        scalar|
|p_0_0_010170111_reload        |   in|   26|     ap_none|                     p_0_0_010170111_reload|        scalar|
|p_0_0_010170107_reload        |   in|   26|     ap_none|                     p_0_0_010170107_reload|        scalar|
|p_0_0_010170103_reload        |   in|   26|     ap_none|                     p_0_0_010170103_reload|        scalar|
|p_0_0_01017099_reload         |   in|   26|     ap_none|                      p_0_0_01017099_reload|        scalar|
|p_0_0_01017095_reload         |   in|   26|     ap_none|                      p_0_0_01017095_reload|        scalar|
|p_0_0_010170171_reload        |   in|   26|     ap_none|                     p_0_0_010170171_reload|        scalar|
|wall_right_min_19_out         |  out|   26|      ap_vld|                      wall_right_min_19_out|       pointer|
|wall_right_min_19_out_ap_vld  |  out|    1|      ap_vld|                      wall_right_min_19_out|       pointer|
|wall_right_min_18_out         |  out|   26|      ap_vld|                      wall_right_min_18_out|       pointer|
|wall_right_min_18_out_ap_vld  |  out|    1|      ap_vld|                      wall_right_min_18_out|       pointer|
|wall_right_min_17_out         |  out|   26|      ap_vld|                      wall_right_min_17_out|       pointer|
|wall_right_min_17_out_ap_vld  |  out|    1|      ap_vld|                      wall_right_min_17_out|       pointer|
|wall_right_min_16_out         |  out|   26|      ap_vld|                      wall_right_min_16_out|       pointer|
|wall_right_min_16_out_ap_vld  |  out|    1|      ap_vld|                      wall_right_min_16_out|       pointer|
|wall_right_min_15_out         |  out|   26|      ap_vld|                      wall_right_min_15_out|       pointer|
|wall_right_min_15_out_ap_vld  |  out|    1|      ap_vld|                      wall_right_min_15_out|       pointer|
|wall_right_min_14_out         |  out|   26|      ap_vld|                      wall_right_min_14_out|       pointer|
|wall_right_min_14_out_ap_vld  |  out|    1|      ap_vld|                      wall_right_min_14_out|       pointer|
|wall_right_min_13_out         |  out|   26|      ap_vld|                      wall_right_min_13_out|       pointer|
|wall_right_min_13_out_ap_vld  |  out|    1|      ap_vld|                      wall_right_min_13_out|       pointer|
|wall_right_min_12_out         |  out|   26|      ap_vld|                      wall_right_min_12_out|       pointer|
|wall_right_min_12_out_ap_vld  |  out|    1|      ap_vld|                      wall_right_min_12_out|       pointer|
|wall_right_min_11_out         |  out|   26|      ap_vld|                      wall_right_min_11_out|       pointer|
|wall_right_min_11_out_ap_vld  |  out|    1|      ap_vld|                      wall_right_min_11_out|       pointer|
|wall_right_min_10_out         |  out|   26|      ap_vld|                      wall_right_min_10_out|       pointer|
|wall_right_min_10_out_ap_vld  |  out|    1|      ap_vld|                      wall_right_min_10_out|       pointer|
|wall_right_min_9_out          |  out|   26|      ap_vld|                       wall_right_min_9_out|       pointer|
|wall_right_min_9_out_ap_vld   |  out|    1|      ap_vld|                       wall_right_min_9_out|       pointer|
|wall_right_min_8_out          |  out|   26|      ap_vld|                       wall_right_min_8_out|       pointer|
|wall_right_min_8_out_ap_vld   |  out|    1|      ap_vld|                       wall_right_min_8_out|       pointer|
|wall_right_min_7_out          |  out|   26|      ap_vld|                       wall_right_min_7_out|       pointer|
|wall_right_min_7_out_ap_vld   |  out|    1|      ap_vld|                       wall_right_min_7_out|       pointer|
|wall_right_min_6_out          |  out|   26|      ap_vld|                       wall_right_min_6_out|       pointer|
|wall_right_min_6_out_ap_vld   |  out|    1|      ap_vld|                       wall_right_min_6_out|       pointer|
|wall_right_min_5_out          |  out|   26|      ap_vld|                       wall_right_min_5_out|       pointer|
|wall_right_min_5_out_ap_vld   |  out|    1|      ap_vld|                       wall_right_min_5_out|       pointer|
|wall_right_min_4_out          |  out|   26|      ap_vld|                       wall_right_min_4_out|       pointer|
|wall_right_min_4_out_ap_vld   |  out|    1|      ap_vld|                       wall_right_min_4_out|       pointer|
|wall_right_min_3_out          |  out|   26|      ap_vld|                       wall_right_min_3_out|       pointer|
|wall_right_min_3_out_ap_vld   |  out|    1|      ap_vld|                       wall_right_min_3_out|       pointer|
|wall_right_min_2_out          |  out|   26|      ap_vld|                       wall_right_min_2_out|       pointer|
|wall_right_min_2_out_ap_vld   |  out|    1|      ap_vld|                       wall_right_min_2_out|       pointer|
|wall_right_min_1_out          |  out|   26|      ap_vld|                       wall_right_min_1_out|       pointer|
|wall_right_min_1_out_ap_vld   |  out|    1|      ap_vld|                       wall_right_min_1_out|       pointer|
|wall_right_min_out            |  out|   26|      ap_vld|                         wall_right_min_out|       pointer|
|wall_right_min_out_ap_vld     |  out|    1|      ap_vld|                         wall_right_min_out|       pointer|
|wall_left_min_19_out          |  out|   26|      ap_vld|                       wall_left_min_19_out|       pointer|
|wall_left_min_19_out_ap_vld   |  out|    1|      ap_vld|                       wall_left_min_19_out|       pointer|
|wall_left_min_18_out          |  out|   26|      ap_vld|                       wall_left_min_18_out|       pointer|
|wall_left_min_18_out_ap_vld   |  out|    1|      ap_vld|                       wall_left_min_18_out|       pointer|
|wall_left_min_17_out          |  out|   26|      ap_vld|                       wall_left_min_17_out|       pointer|
|wall_left_min_17_out_ap_vld   |  out|    1|      ap_vld|                       wall_left_min_17_out|       pointer|
|wall_left_min_16_out          |  out|   26|      ap_vld|                       wall_left_min_16_out|       pointer|
|wall_left_min_16_out_ap_vld   |  out|    1|      ap_vld|                       wall_left_min_16_out|       pointer|
|wall_left_min_15_out          |  out|   26|      ap_vld|                       wall_left_min_15_out|       pointer|
|wall_left_min_15_out_ap_vld   |  out|    1|      ap_vld|                       wall_left_min_15_out|       pointer|
|wall_left_min_14_out          |  out|   26|      ap_vld|                       wall_left_min_14_out|       pointer|
|wall_left_min_14_out_ap_vld   |  out|    1|      ap_vld|                       wall_left_min_14_out|       pointer|
|wall_left_min_13_out          |  out|   26|      ap_vld|                       wall_left_min_13_out|       pointer|
|wall_left_min_13_out_ap_vld   |  out|    1|      ap_vld|                       wall_left_min_13_out|       pointer|
|wall_left_min_12_out          |  out|   26|      ap_vld|                       wall_left_min_12_out|       pointer|
|wall_left_min_12_out_ap_vld   |  out|    1|      ap_vld|                       wall_left_min_12_out|       pointer|
|wall_left_min_11_out          |  out|   26|      ap_vld|                       wall_left_min_11_out|       pointer|
|wall_left_min_11_out_ap_vld   |  out|    1|      ap_vld|                       wall_left_min_11_out|       pointer|
|wall_left_min_10_out          |  out|   26|      ap_vld|                       wall_left_min_10_out|       pointer|
|wall_left_min_10_out_ap_vld   |  out|    1|      ap_vld|                       wall_left_min_10_out|       pointer|
|wall_left_min_9_out           |  out|   26|      ap_vld|                        wall_left_min_9_out|       pointer|
|wall_left_min_9_out_ap_vld    |  out|    1|      ap_vld|                        wall_left_min_9_out|       pointer|
|wall_left_min_8_out           |  out|   26|      ap_vld|                        wall_left_min_8_out|       pointer|
|wall_left_min_8_out_ap_vld    |  out|    1|      ap_vld|                        wall_left_min_8_out|       pointer|
|wall_left_min_7_out           |  out|   26|      ap_vld|                        wall_left_min_7_out|       pointer|
|wall_left_min_7_out_ap_vld    |  out|    1|      ap_vld|                        wall_left_min_7_out|       pointer|
|wall_left_min_6_out           |  out|   26|      ap_vld|                        wall_left_min_6_out|       pointer|
|wall_left_min_6_out_ap_vld    |  out|    1|      ap_vld|                        wall_left_min_6_out|       pointer|
|wall_left_min_5_out           |  out|   26|      ap_vld|                        wall_left_min_5_out|       pointer|
|wall_left_min_5_out_ap_vld    |  out|    1|      ap_vld|                        wall_left_min_5_out|       pointer|
|wall_left_min_4_out           |  out|   26|      ap_vld|                        wall_left_min_4_out|       pointer|
|wall_left_min_4_out_ap_vld    |  out|    1|      ap_vld|                        wall_left_min_4_out|       pointer|
|wall_left_min_3_out           |  out|   26|      ap_vld|                        wall_left_min_3_out|       pointer|
|wall_left_min_3_out_ap_vld    |  out|    1|      ap_vld|                        wall_left_min_3_out|       pointer|
|wall_left_min_2_out           |  out|   26|      ap_vld|                        wall_left_min_2_out|       pointer|
|wall_left_min_2_out_ap_vld    |  out|    1|      ap_vld|                        wall_left_min_2_out|       pointer|
|wall_left_min_1_out           |  out|   26|      ap_vld|                        wall_left_min_1_out|       pointer|
|wall_left_min_1_out_ap_vld    |  out|    1|      ap_vld|                        wall_left_min_1_out|       pointer|
|wall_left_min_out             |  out|   26|      ap_vld|                          wall_left_min_out|       pointer|
|wall_left_min_out_ap_vld      |  out|    1|      ap_vld|                          wall_left_min_out|       pointer|
+------------------------------+-----+-----+------------+-------------------------------------------+--------------+

