

================================================================
== Vitis HLS Report for 'mpc_compute_hls_Pipeline_VITIS_LOOP_1337_19'
================================================================
* Date:           Thu May 21 15:23:12 2026

* Version:        2025.2 (Build 6295257 on Nov 14 2025)
* Project:        mpc_fpga_top_opencl
* Solution:       hls (Vitis Kernel Flow Target)
* Product family: zynquplus
* Target device:  xck26-sfvc784-2LV-c


================================================================
== Performance Estimates
================================================================
+ Timing: 
    * Summary: 
    +--------+---------+----------+------------+
    |  Clock |  Target | Estimated| Uncertainty|
    +--------+---------+----------+------------+
    |ap_clk  |  5.00 ns|  4.174 ns|     0.50 ns|
    +--------+---------+----------+------------+

+ Latency: 
    * Summary: 
    +---------+---------+----------+----------+-----+-----+-------------------+
    |  Latency (cycles) |  Latency (absolute) |  Interval |      Pipeline     |
    |   min   |   max   |    min   |    max   | min | max |        Type       |
    +---------+---------+----------+----------+-----+-----+-------------------+
    |       28|       28|  0.140 us|  0.140 us|    0|    0|  loop pipeline stp|
    +---------+---------+----------+----------+-----+-----+-------------------+

    + Detail: 
        * Instance: 
        N/A

        * Loop: 
        +----------------------+---------+---------+----------+-----------+-----------+------+----------+
        |                      |  Latency (cycles) | Iteration|  Initiation Interval  | Trip |          |
        |       Loop Name      |   min   |   max   |  Latency |  achieved |   target  | Count| Pipelined|
        +----------------------+---------+---------+----------+-----------+-----------+------+----------+
        |- VITIS_LOOP_1337_19  |       26|       26|         7|          1|          1|    21|       yes|
        +----------------------+---------+---------+----------+-----------+-----------+------+----------+



================================================================
== Utilization Estimates
================================================================
* Summary: 
+-----------------+---------+------+--------+--------+-----+
|       Name      | BRAM_18K|  DSP |   FF   |   LUT  | URAM|
+-----------------+---------+------+--------+--------+-----+
|DSP              |        -|     -|       -|       -|    -|
|Expression       |        -|     -|       0|    2922|    -|
|FIFO             |        -|     -|       -|       -|    -|
|Instance         |        -|     4|      98|      47|    -|
|Memory           |        -|     -|       -|       -|    -|
|Multiplexer      |        -|     -|       0|     117|    -|
|Register         |        -|     -|    1054|      32|    -|
+-----------------+---------+------+--------+--------+-----+
|Total            |        0|     4|    1152|    3118|    0|
+-----------------+---------+------+--------+--------+-----+
|Available        |      288|  1248|  234240|  117120|   64|
+-----------------+---------+------+--------+--------+-----+
|Utilization (%)  |        0|    ~0|      ~0|       2|    0|
+-----------------+---------+------+--------+--------+-----+

+ Detail: 
    * Instance: 
    +--------------------------+--------------------+---------+----+----+----+-----+
    |         Instance         |       Module       | BRAM_18K| DSP| FF | LUT| URAM|
    +--------------------------+--------------------+---------+----+----+----+-----+
    |mul_32s_32s_50_4_1_U2017  |mul_32s_32s_50_4_1  |        0|   4|  98|  47|    0|
    +--------------------------+--------------------+---------+----+----+----+-----+
    |Total                     |                    |        0|   4|  98|  47|    0|
    +--------------------------+--------------------+---------+----+----+----+-----+

    * DSP: 
    N/A

    * Memory: 
    N/A

    * FIFO: 
    N/A

    * Expression: 
    +---------------------------+----------+----+---+----+------------+------------+
    |       Variable Name       | Operation| DSP| FF| LUT| Bitwidth P0| Bitwidth P1|
    +---------------------------+----------+----+---+----+------------+------------+
    |add_ln1337_fu_656_p2       |         +|   0|  0|  12|           5|           1|
    |val_19_fu_959_p2           |         +|   0|  0|  39|          32|          32|
    |val_fu_933_p2              |         +|   0|  0|  39|          32|          32|
    |a_113_fu_1038_p2           |         -|   0|  0|  39|          32|          32|
    |a_fu_1113_p2               |         -|   0|  0|  39|          32|          32|
    |abs_l_11_fu_1372_p2        |         -|   0|  0|  39|           1|          32|
    |abs_l_fu_1340_p2           |         -|   0|  0|  39|           1|          32|
    |abs_z_9_fu_1134_p2         |         -|   0|  0|  24|           1|          17|
    |abs_z_fu_1059_p2           |         -|   0|  0|  39|           1|          32|
    |dd_9_fu_1404_p2            |         -|   0|  0|  39|           1|          32|
    |dd_fu_1308_p2              |         -|   0|  0|  39|           1|          32|
    |diff_7_fu_1171_p2          |         -|   0|  0|  39|          32|          32|
    |diff_fu_1021_p2            |         -|   0|  0|  39|          32|          32|
    |pd_9_fu_1250_p2            |         -|   0|  0|  39|           1|          32|
    |pd_fu_1225_p2              |         -|   0|  0|  39|           1|          32|
    |sub_ln118_1_fu_697_p2      |         -|   0|  0|  39|           1|          32|
    |sub_ln118_2_fu_719_p2      |         -|   0|  0|  39|           1|          32|
    |sub_ln118_3_fu_755_p2      |         -|   0|  0|  39|           1|          32|
    |sub_ln118_4_fu_777_p2      |         -|   0|  0|  39|           1|          32|
    |sub_ln118_5_fu_813_p2      |         -|   0|  0|  39|           1|          32|
    |sub_ln118_6_fu_835_p2      |         -|   0|  0|  39|           1|          32|
    |sub_ln118_7_fu_871_p2      |         -|   0|  0|  39|           1|          32|
    |sub_ln118_8_fu_893_p2      |         -|   0|  0|  39|           1|          32|
    |sum_abc_2_fu_1107_p2       |         -|   0|  0|  39|          32|          32|
    |sum_abc_fu_1032_p2         |         -|   0|  0|  39|          32|          32|
    |icmp_ln123_1_fu_791_p2     |      icmp|   0|  0|  39|          32|          32|
    |icmp_ln123_2_fu_849_p2     |      icmp|   0|  0|  39|          32|          32|
    |icmp_ln123_3_fu_907_p2     |      icmp|   0|  0|  39|          32|          32|
    |icmp_ln123_4_fu_995_p2     |      icmp|   0|  0|  39|          32|          32|
    |icmp_ln123_5_fu_1005_p2    |      icmp|   0|  0|  39|          32|          32|
    |icmp_ln123_6_fu_1201_p2    |      icmp|   0|  0|  39|          32|          32|
    |icmp_ln123_fu_733_p2       |      icmp|   0|  0|  39|          32|          32|
    |icmp_ln1337_fu_650_p2      |      icmp|   0|  0|  12|           5|           5|
    |icmp_ln1351_fu_1211_p2     |      icmp|   0|  0|  39|          32|          32|
    |icmp_ln1358_fu_678_p2      |      icmp|   0|  0|  12|           5|           5|
    |icmp_ln196_1_fu_965_p2     |      icmp|   0|  0|  39|          32|          18|
    |icmp_ln196_fu_939_p2       |      icmp|   0|  0|  39|          32|          32|
    |icmp_ln198_1_fu_983_p2     |      icmp|   0|  0|  39|          32|          17|
    |icmp_ln198_fu_953_p2       |      icmp|   0|  0|  39|          32|          32|
    |icmp_ln209_1_fu_1466_p2    |      icmp|   0|  0|  39|          32|          32|
    |icmp_ln209_fu_1430_p2      |      icmp|   0|  0|  39|          32|          32|
    |icmp_ln219_1_fu_1261_p2    |      icmp|   0|  0|  39|          32|          32|
    |icmp_ln219_fu_1236_p2      |      icmp|   0|  0|  39|          32|          32|
    |icmp_ln225_1_fu_1157_p2    |      icmp|   0|  0|  38|          31|          31|
    |icmp_ln225_fu_1078_p2      |      icmp|   0|  0|  39|          32|          32|
    |icmp_ln227_1_fu_1454_p2    |      icmp|   0|  0|  39|          32|          32|
    |icmp_ln227_fu_1442_p2      |      icmp|   0|  0|  39|          32|          32|
    |abs_l_10_fu_1346_p3        |    select|   0|  0|  32|           1|          32|
    |abs_l_12_fu_1378_p3        |    select|   0|  0|  32|           1|          32|
    |abs_z_10_fu_1140_p3        |    select|   0|  0|  16|           1|          17|
    |abs_z_6_fu_1065_p3         |    select|   0|  0|  32|           1|          32|
    |dd_10_fu_1410_p3           |    select|   0|  0|  32|           1|          32|
    |dd_6_fu_1314_p3            |    select|   0|  0|  32|           1|          32|
    |dual_da_1_fu_1471_p3       |    select|   0|  0|  32|           1|          32|
    |dual_ey_1_fu_1435_p3       |    select|   0|  0|  32|           1|          32|
    |lnorm_da_2_fu_1459_p3      |    select|   0|  0|  32|           1|          32|
    |lnorm_ey_2_fu_1447_p3      |    select|   0|  0|  32|           1|          32|
    |pd_10_fu_1255_p3           |    select|   0|  0|  32|           1|          32|
    |pd_6_fu_1230_p3            |    select|   0|  0|  32|           1|          32|
    |primal_da_1_fu_1267_p3     |    select|   0|  0|  32|           1|          32|
    |primal_ey_1_fu_1242_p3     |    select|   0|  0|  32|           1|          32|
    |select_ln118_2_fu_703_p3   |    select|   0|  0|  32|           1|          32|
    |select_ln118_3_fu_725_p3   |    select|   0|  0|  32|           1|          32|
    |select_ln118_4_fu_761_p3   |    select|   0|  0|  32|           1|          32|
    |select_ln118_5_fu_783_p3   |    select|   0|  0|  32|           1|          32|
    |select_ln118_6_fu_819_p3   |    select|   0|  0|  32|           1|          32|
    |select_ln118_7_fu_841_p3   |    select|   0|  0|  32|           1|          32|
    |select_ln118_8_fu_877_p3   |    select|   0|  0|  32|           1|          32|
    |select_ln118_9_fu_899_p3   |    select|   0|  0|  32|           1|          32|
    |select_ln121_1_fu_797_p3   |    select|   0|  0|  32|           1|          32|
    |select_ln121_2_fu_855_p3   |    select|   0|  0|  32|           1|          32|
    |select_ln121_3_fu_913_p3   |    select|   0|  0|  32|           1|          32|
    |select_ln121_4_fu_999_p3   |    select|   0|  0|  32|           1|          32|
    |select_ln121_5_fu_1009_p3  |    select|   0|  0|  32|           1|          32|
    |select_ln121_fu_739_p3     |    select|   0|  0|  32|           1|          32|
    |val_13_fu_945_p3           |    select|   0|  0|  32|           1|          32|
    |val_18_fu_1015_p3          |    select|   0|  0|  32|           1|          32|
    |val_20_fu_971_p3           |    select|   0|  0|  32|           1|          18|
    |val_21_fu_1092_p3          |    select|   0|  0|  17|           1|          17|
    |value_164_fu_921_p3        |    select|   0|  0|  32|           1|          32|
    |value_165_fu_927_p3        |    select|   0|  0|  32|           1|          32|
    |x_norm_1_fu_1217_p3        |    select|   0|  0|  32|           1|          32|
    |x_norm_k_fu_1205_p3        |    select|   0|  0|  32|           1|          32|
    |znorm_da_1_fu_1163_p3      |    select|   0|  0|  31|           1|          31|
    |znorm_ey_1_fu_1084_p3      |    select|   0|  0|  32|           1|          32|
    |ap_enable_pp0              |       xor|   0|  0|   2|           1|           2|
    +---------------------------+----------+----+---+----+------------+------------+
    |Total                      |          |   0|  0|2922|         965|        2547|
    +---------------------------+----------+----+---+----+------------+------------+

    * Multiplexer: 
    +-------------------------+----+-----------+-----+-----------+
    |           Name          | LUT| Input Size| Bits| Total Bits|
    +-------------------------+----+-----------+-----+-----------+
    |ap_done_int              |   9|          2|    1|          2|
    |ap_enable_reg_pp0_iter1  |   9|          2|    1|          2|
    |ap_sig_allocacmp_k       |   9|          2|    5|         10|
    |dual_da_fu_174           |   9|          2|   32|         64|
    |dual_ey_fu_158           |   9|          2|   32|         64|
    |k_9_fu_186               |   9|          2|    5|         10|
    |lnorm_da_fu_182          |   9|          2|   32|         64|
    |lnorm_ey_fu_166          |   9|          2|   32|         64|
    |primal_da_fu_170         |   9|          2|   32|         64|
    |primal_ey_fu_154         |   9|          2|   32|         64|
    |x_norm_fu_150            |   9|          2|   32|         64|
    |znorm_da_fu_178          |   9|          2|   31|         62|
    |znorm_ey_fu_162          |   9|          2|   32|         64|
    +-------------------------+----+-----------+-----+-----------+
    |Total                    | 117|         26|  299|        598|
    +-------------------------+----+-----------+-----+-----------+

    * Register: 
    +-----------------------------------+----+----+-----+-----------+
    |                Name               | FF | LUT| Bits| Const Bits|
    +-----------------------------------+----+----+-----+-----------+
    |a_113_reg_1813                     |  32|   0|   32|          0|
    |a_120_reg_1715                     |  32|   0|   32|          0|
    |a_121_reg_1720                     |  32|   0|   32|          0|
    |a_reg_1829                         |  32|   0|   32|          0|
    |abs_l_10_reg_1856                  |  32|   0|   32|          0|
    |abs_l_12_reg_1862                  |  32|   0|   32|          0|
    |ap_CS_fsm                          |   1|   0|    1|          0|
    |ap_done_reg                        |   1|   0|    1|          0|
    |ap_enable_reg_pp0_iter1            |   1|   0|    1|          0|
    |ap_enable_reg_pp0_iter2            |   1|   0|    1|          0|
    |ap_enable_reg_pp0_iter3            |   1|   0|    1|          0|
    |ap_enable_reg_pp0_iter4            |   1|   0|    1|          0|
    |ap_enable_reg_pp0_iter5            |   1|   0|    1|          0|
    |ap_enable_reg_pp0_iter6            |   1|   0|    1|          0|
    |ap_loop_exit_ready_pp0_iter1_reg   |   1|   0|    1|          0|
    |ap_loop_exit_ready_pp0_iter2_reg   |   1|   0|    1|          0|
    |ap_loop_exit_ready_pp0_iter3_reg   |   1|   0|    1|          0|
    |ap_loop_exit_ready_pp0_iter4_reg   |   1|   0|    1|          0|
    |ap_loop_exit_ready_pp0_iter5_reg   |   1|   0|    1|          0|
    |dd_10_reg_1868                     |  32|   0|   32|          0|
    |dd_6_reg_1850                      |  32|   0|   32|          0|
    |dual_da_fu_174                     |  32|   0|   32|          0|
    |dual_ey_fu_158                     |  32|   0|   32|          0|
    |icmp_ln1337_reg_1631               |   1|   0|    1|          0|
    |icmp_ln1358_reg_1687               |   1|   0|    1|          0|
    |icmp_ln198_1_reg_1791              |   1|   0|    1|          0|
    |icmp_ln198_reg_1770                |   1|   0|    1|          0|
    |k_9_fu_186                         |   5|   0|    5|          0|
    |lnorm_da_fu_182                    |  32|   0|   32|          0|
    |lnorm_ey_fu_166                    |  32|   0|   32|          0|
    |primal_da_fu_170                   |  32|   0|   32|          0|
    |primal_ey_fu_154                   |  32|   0|   32|          0|
    |select_ln121_1_reg_1731            |  32|   0|   32|          0|
    |select_ln121_2_reg_1737            |  32|   0|   32|          0|
    |select_ln121_3_reg_1743            |  32|   0|   32|          0|
    |select_ln121_4_reg_1796            |  32|   0|   32|          0|
    |select_ln121_5_reg_1802            |  32|   0|   32|          0|
    |select_ln121_reg_1725              |  32|   0|   32|          0|
    |sext_ln1337_cast_reg_1623          |  50|   0|   50|          0|
    |tmp_30_reg_1819                    |   1|   0|    1|          0|
    |tmp_33_reg_1835                    |   1|   0|    1|          0|
    |trunc_ln198_reg_1786               |  18|   0|   18|          0|
    |val_13_reg_1765                    |  32|   0|   32|          0|
    |val_19_reg_1781                    |  32|   0|   32|          0|
    |val_reg_1760                       |  32|   0|   32|          0|
    |value_165_reg_1749                 |  32|   0|   32|          0|
    |x_norm_fu_150                      |  32|   0|   32|          0|
    |y_x_5_addr_reg_1709                |   5|   0|    5|          0|
    |y_x_5_addr_reg_1709_pp0_iter1_reg  |   5|   0|    5|          0|
    |y_x_addr_reg_1703                  |   5|   0|    5|          0|
    |y_x_addr_reg_1703_pp0_iter1_reg    |   5|   0|    5|          0|
    |z_x_5_addr_reg_1775                |   5|   0|    5|          0|
    |z_x_addr_reg_1754                  |   5|   0|    5|          0|
    |zext_ln1337_reg_1635               |   5|   0|   64|         59|
    |znorm_da_fu_178                    |  31|   0|   31|          0|
    |znorm_ey_fu_162                    |  32|   0|   32|          0|
    |icmp_ln1337_reg_1631               |  64|  32|    1|          0|
    +-----------------------------------+----+----+-----+-----------+
    |Total                              |1054|  32| 1050|         59|
    +-----------------------------------+----+----+-----+-----------+



================================================================
== Interface
================================================================
* Summary: 
+-------------------------------+-----+-----+------------+---------------------------------------------+--------------+
|           RTL Ports           | Dir | Bits|  Protocol  |                Source Object                |    C Type    |
+-------------------------------+-----+-----+------------+---------------------------------------------+--------------+
|ap_clk                         |   in|    1|  ap_ctrl_hs|  mpc_compute_hls_Pipeline_VITIS_LOOP_1337_19|  return value|
|ap_rst                         |   in|    1|  ap_ctrl_hs|  mpc_compute_hls_Pipeline_VITIS_LOOP_1337_19|  return value|
|ap_start                       |   in|    1|  ap_ctrl_hs|  mpc_compute_hls_Pipeline_VITIS_LOOP_1337_19|  return value|
|ap_done                        |  out|    1|  ap_ctrl_hs|  mpc_compute_hls_Pipeline_VITIS_LOOP_1337_19|  return value|
|ap_idle                        |  out|    1|  ap_ctrl_hs|  mpc_compute_hls_Pipeline_VITIS_LOOP_1337_19|  return value|
|ap_ready                       |  out|    1|  ap_ctrl_hs|  mpc_compute_hls_Pipeline_VITIS_LOOP_1337_19|  return value|
|grp_fu_6164_p_din0             |  out|   32|  ap_ctrl_hs|  mpc_compute_hls_Pipeline_VITIS_LOOP_1337_19|  return value|
|grp_fu_6164_p_din1             |  out|   32|  ap_ctrl_hs|  mpc_compute_hls_Pipeline_VITIS_LOOP_1337_19|  return value|
|grp_fu_6164_p_dout0            |   in|   50|  ap_ctrl_hs|  mpc_compute_hls_Pipeline_VITIS_LOOP_1337_19|  return value|
|grp_fu_6164_p_ce               |  out|    1|  ap_ctrl_hs|  mpc_compute_hls_Pipeline_VITIS_LOOP_1337_19|  return value|
|grp_fu_6156_p_din0             |  out|   32|  ap_ctrl_hs|  mpc_compute_hls_Pipeline_VITIS_LOOP_1337_19|  return value|
|grp_fu_6156_p_din1             |  out|   32|  ap_ctrl_hs|  mpc_compute_hls_Pipeline_VITIS_LOOP_1337_19|  return value|
|grp_fu_6156_p_dout0            |   in|   50|  ap_ctrl_hs|  mpc_compute_hls_Pipeline_VITIS_LOOP_1337_19|  return value|
|grp_fu_6156_p_ce               |  out|    1|  ap_ctrl_hs|  mpc_compute_hls_Pipeline_VITIS_LOOP_1337_19|  return value|
|grp_fu_6160_p_din0             |  out|   32|  ap_ctrl_hs|  mpc_compute_hls_Pipeline_VITIS_LOOP_1337_19|  return value|
|grp_fu_6160_p_din1             |  out|   32|  ap_ctrl_hs|  mpc_compute_hls_Pipeline_VITIS_LOOP_1337_19|  return value|
|grp_fu_6160_p_dout0            |   in|   50|  ap_ctrl_hs|  mpc_compute_hls_Pipeline_VITIS_LOOP_1337_19|  return value|
|grp_fu_6160_p_ce               |  out|    1|  ap_ctrl_hs|  mpc_compute_hls_Pipeline_VITIS_LOOP_1337_19|  return value|
|y_x_5_address0                 |  out|    5|   ap_memory|                                        y_x_5|         array|
|y_x_5_ce0                      |  out|    1|   ap_memory|                                        y_x_5|         array|
|y_x_5_q0                       |   in|   32|   ap_memory|                                        y_x_5|         array|
|y_x_5_address1                 |  out|    5|   ap_memory|                                        y_x_5|         array|
|y_x_5_ce1                      |  out|    1|   ap_memory|                                        y_x_5|         array|
|y_x_5_we1                      |  out|    1|   ap_memory|                                        y_x_5|         array|
|y_x_5_d1                       |  out|   32|   ap_memory|                                        y_x_5|         array|
|y_x_address0                   |  out|    5|   ap_memory|                                          y_x|         array|
|y_x_ce0                        |  out|    1|   ap_memory|                                          y_x|         array|
|y_x_q0                         |   in|   32|   ap_memory|                                          y_x|         array|
|y_x_address1                   |  out|    5|   ap_memory|                                          y_x|         array|
|y_x_ce1                        |  out|    1|   ap_memory|                                          y_x|         array|
|y_x_we1                        |  out|    1|   ap_memory|                                          y_x|         array|
|y_x_d1                         |  out|   32|   ap_memory|                                          y_x|         array|
|z_x_7_address1                 |  out|    5|   ap_memory|                                        z_x_7|         array|
|z_x_7_ce1                      |  out|    1|   ap_memory|                                        z_x_7|         array|
|z_x_7_we1                      |  out|    1|   ap_memory|                                        z_x_7|         array|
|z_x_7_d1                       |  out|   32|   ap_memory|                                        z_x_7|         array|
|z_x_6_address1                 |  out|    5|   ap_memory|                                        z_x_6|         array|
|z_x_6_ce1                      |  out|    1|   ap_memory|                                        z_x_6|         array|
|z_x_6_we1                      |  out|    1|   ap_memory|                                        z_x_6|         array|
|z_x_6_d1                       |  out|   32|   ap_memory|                                        z_x_6|         array|
|z_x_5_address0                 |  out|    5|   ap_memory|                                        z_x_5|         array|
|z_x_5_ce0                      |  out|    1|   ap_memory|                                        z_x_5|         array|
|z_x_5_q0                       |   in|   32|   ap_memory|                                        z_x_5|         array|
|z_x_5_address1                 |  out|    5|   ap_memory|                                        z_x_5|         array|
|z_x_5_ce1                      |  out|    1|   ap_memory|                                        z_x_5|         array|
|z_x_5_we1                      |  out|    1|   ap_memory|                                        z_x_5|         array|
|z_x_5_d1                       |  out|   32|   ap_memory|                                        z_x_5|         array|
|z_x_4_address1                 |  out|    5|   ap_memory|                                        z_x_4|         array|
|z_x_4_ce1                      |  out|    1|   ap_memory|                                        z_x_4|         array|
|z_x_4_we1                      |  out|    1|   ap_memory|                                        z_x_4|         array|
|z_x_4_d1                       |  out|   32|   ap_memory|                                        z_x_4|         array|
|z_x_3_address1                 |  out|    5|   ap_memory|                                        z_x_3|         array|
|z_x_3_ce1                      |  out|    1|   ap_memory|                                        z_x_3|         array|
|z_x_3_we1                      |  out|    1|   ap_memory|                                        z_x_3|         array|
|z_x_3_d1                       |  out|   32|   ap_memory|                                        z_x_3|         array|
|z_x_2_address1                 |  out|    5|   ap_memory|                                        z_x_2|         array|
|z_x_2_ce1                      |  out|    1|   ap_memory|                                        z_x_2|         array|
|z_x_2_we1                      |  out|    1|   ap_memory|                                        z_x_2|         array|
|z_x_2_d1                       |  out|   32|   ap_memory|                                        z_x_2|         array|
|z_x_1_address1                 |  out|    5|   ap_memory|                                        z_x_1|         array|
|z_x_1_ce1                      |  out|    1|   ap_memory|                                        z_x_1|         array|
|z_x_1_we1                      |  out|    1|   ap_memory|                                        z_x_1|         array|
|z_x_1_d1                       |  out|   32|   ap_memory|                                        z_x_1|         array|
|z_x_address0                   |  out|    5|   ap_memory|                                          z_x|         array|
|z_x_ce0                        |  out|    1|   ap_memory|                                          z_x|         array|
|z_x_q0                         |   in|   32|   ap_memory|                                          z_x|         array|
|z_x_address1                   |  out|    5|   ap_memory|                                          z_x|         array|
|z_x_ce1                        |  out|    1|   ap_memory|                                          z_x|         array|
|z_x_we1                        |  out|    1|   ap_memory|                                          z_x|         array|
|z_x_d1                         |  out|   32|   ap_memory|                                          z_x|         array|
|sol_x_1_address0               |  out|    5|   ap_memory|                                      sol_x_1|         array|
|sol_x_1_ce0                    |  out|    1|   ap_memory|                                      sol_x_1|         array|
|sol_x_1_q0                     |   in|   32|   ap_memory|                                      sol_x_1|         array|
|sol_x_2_address0               |  out|    5|   ap_memory|                                      sol_x_2|         array|
|sol_x_2_ce0                    |  out|    1|   ap_memory|                                      sol_x_2|         array|
|sol_x_2_q0                     |   in|   32|   ap_memory|                                      sol_x_2|         array|
|sol_x_3_address0               |  out|    5|   ap_memory|                                      sol_x_3|         array|
|sol_x_3_ce0                    |  out|    1|   ap_memory|                                      sol_x_3|         array|
|sol_x_3_q0                     |   in|   32|   ap_memory|                                      sol_x_3|         array|
|sol_x_4_address0               |  out|    5|   ap_memory|                                      sol_x_4|         array|
|sol_x_4_ce0                    |  out|    1|   ap_memory|                                      sol_x_4|         array|
|sol_x_4_q0                     |   in|   32|   ap_memory|                                      sol_x_4|         array|
|sol_x_6_address0               |  out|    5|   ap_memory|                                      sol_x_6|         array|
|sol_x_6_ce0                    |  out|    1|   ap_memory|                                      sol_x_6|         array|
|sol_x_6_q0                     |   in|   32|   ap_memory|                                      sol_x_6|         array|
|sol_x_7_address0               |  out|    5|   ap_memory|                                      sol_x_7|         array|
|sol_x_7_ce0                    |  out|    1|   ap_memory|                                      sol_x_7|         array|
|sol_x_7_q0                     |   in|   32|   ap_memory|                                      sol_x_7|         array|
|sol_x_address0                 |  out|    5|   ap_memory|                                        sol_x|         array|
|sol_x_ce0                      |  out|    1|   ap_memory|                                        sol_x|         array|
|sol_x_q0                       |   in|   32|   ap_memory|                                        sol_x|         array|
|sol_x_5_address0               |  out|    5|   ap_memory|                                      sol_x_5|         array|
|sol_x_5_ce0                    |  out|    1|   ap_memory|                                      sol_x_5|         array|
|sol_x_5_q0                     |   in|   32|   ap_memory|                                      sol_x_5|         array|
|step_data_3_address0           |  out|    5|   ap_memory|                                  step_data_3|         array|
|step_data_3_ce0                |  out|    1|   ap_memory|                                  step_data_3|         array|
|step_data_3_q0                 |   in|   32|   ap_memory|                                  step_data_3|         array|
|step_data_4_address0           |  out|    5|   ap_memory|                                  step_data_4|         array|
|step_data_4_ce0                |  out|    1|   ap_memory|                                  step_data_4|         array|
|step_data_4_q0                 |   in|   32|   ap_memory|                                  step_data_4|         array|
|terminal_wall_x_lb_con_reload  |   in|   32|     ap_none|                terminal_wall_x_lb_con_reload|        scalar|
|terminal_wall_x_ub_con_reload  |   in|   32|     ap_none|                terminal_wall_x_ub_con_reload|        scalar|
|sext_ln1337                    |   in|   32|     ap_none|                                  sext_ln1337|        scalar|
|lnorm_da_out                   |  out|   32|      ap_vld|                                 lnorm_da_out|       pointer|
|lnorm_da_out_ap_vld            |  out|    1|      ap_vld|                                 lnorm_da_out|       pointer|
|znorm_da_out                   |  out|   31|      ap_vld|                                 znorm_da_out|       pointer|
|znorm_da_out_ap_vld            |  out|    1|      ap_vld|                                 znorm_da_out|       pointer|
|dual_da_out                    |  out|   32|      ap_vld|                                  dual_da_out|       pointer|
|dual_da_out_ap_vld             |  out|    1|      ap_vld|                                  dual_da_out|       pointer|
|primal_da_out                  |  out|   32|      ap_vld|                                primal_da_out|       pointer|
|primal_da_out_ap_vld           |  out|    1|      ap_vld|                                primal_da_out|       pointer|
|lnorm_ey_out                   |  out|   32|      ap_vld|                                 lnorm_ey_out|       pointer|
|lnorm_ey_out_ap_vld            |  out|    1|      ap_vld|                                 lnorm_ey_out|       pointer|
|znorm_ey_out                   |  out|   32|      ap_vld|                                 znorm_ey_out|       pointer|
|znorm_ey_out_ap_vld            |  out|    1|      ap_vld|                                 znorm_ey_out|       pointer|
|dual_ey_out                    |  out|   32|      ap_vld|                                  dual_ey_out|       pointer|
|dual_ey_out_ap_vld             |  out|    1|      ap_vld|                                  dual_ey_out|       pointer|
|primal_ey_out                  |  out|   32|      ap_vld|                                primal_ey_out|       pointer|
|primal_ey_out_ap_vld           |  out|    1|      ap_vld|                                primal_ey_out|       pointer|
|x_norm_out                     |  out|   32|      ap_vld|                                   x_norm_out|       pointer|
|x_norm_out_ap_vld              |  out|    1|      ap_vld|                                   x_norm_out|       pointer|
+-------------------------------+-----+-----+------------+---------------------------------------------+--------------+

