

================================================================
== Vitis HLS Report for 'mpc_fpga_top_opencl'
================================================================
* Date:           Thu May 21 15:23:14 2026

* Version:        2025.2 (Build 6295257 on Nov 14 2025)
* Project:        mpc_fpga_top_opencl
* Solution:       hls (Vitis Kernel Flow Target)
* Product family: zynquplus
* Target device:  xck26-sfvc784-2LV-c


================================================================
== Performance Estimates
================================================================
+ Timing: 
    * Summary: 
    +--------+---------+----------+------------+
    |  Clock |  Target | Estimated| Uncertainty|
    +--------+---------+----------+------------+
    |ap_clk  |  5.00 ns|  4.500 ns|     0.50 ns|
    +--------+---------+----------+------------+

+ Latency: 
    * Summary: 
    +---------+---------+----------+----------+-----+--------+---------+
    |  Latency (cycles) |  Latency (absolute) |   Interval   | Pipeline|
    |   min   |   max   |    min   |    max   | min |   max  |   Type  |
    +---------+---------+----------+----------+-----+--------+---------+
    |      161|   151272|  0.805 us|  0.756 ms|  162|  151273|       no|
    +---------+---------+----------+----------+-----+--------+---------+

    + Detail: 
        * Instance: 
        +--------------------------------------------------------------------------------+---------------------------------------------------------------------+---------+---------+----------+----------+-----+--------+-------------------+
        |                                                                                |                                                                     |  Latency (cycles) |  Latency (absolute) |   Interval   |      Pipeline     |
        |                                    Instance                                    |                                Module                               |   min   |   max   |    min   |    max   | min |   max  |        Type       |
        +--------------------------------------------------------------------------------+---------------------------------------------------------------------+---------+---------+----------+----------+-----+--------+-------------------+
        |grp_p_anonymous_namespace_unpack_input_lane_words_fu_440                        |p_anonymous_namespace_unpack_input_lane_words                        |       86|       86|  0.430 us|  0.430 us|   86|      86|                 no|
        |grp_p_anonymous_namespace_fill_mpc_reference_trajectory_from_lane_words_fu_463  |p_anonymous_namespace_fill_mpc_reference_trajectory_from_lane_words  |       22|       22|  0.110 us|  0.110 us|    0|       0|  loop pipeline stp|
        |grp_p_anonymous_namespace_mpc_fpga_compute_core_fu_491                          |p_anonymous_namespace_mpc_fpga_compute_core                          |        1|   151086|  5.000 ns|  0.755 ms|    1|  151086|                 no|
        +--------------------------------------------------------------------------------+---------------------------------------------------------------------+---------+---------+----------+----------+-----+--------+-------------------+

        * Loop: 
        N/A



================================================================
== Utilization Estimates
================================================================
* Summary: 
+-----------------+---------+------+--------+--------+-----+
|       Name      | BRAM_18K|  DSP |   FF   |   LUT  | URAM|
+-----------------+---------+------+--------+--------+-----+
|DSP              |        -|     -|       -|       -|    -|
|Expression       |        -|     -|       0|     442|    -|
|FIFO             |        -|     -|       -|       -|    -|
|Instance         |      107|  1128|  103815|  111531|    0|
|Memory           |        0|     -|     768|     176|    0|
|Multiplexer      |        -|     -|       0|    1414|    -|
|Register         |        -|     -|     746|       -|    -|
+-----------------+---------+------+--------+--------+-----+
|Total            |      107|  1128|  105329|  113563|    0|
+-----------------+---------+------+--------+--------+-----+
|Available        |      288|  1248|  234240|  117120|   64|
+-----------------+---------+------+--------+--------+-----+
|Utilization (%)  |       37|    90|      44|      96|    0|
+-----------------+---------+------+--------+--------+-----+

+ Detail: 
    * Instance: 
    +--------------------------------------------------------------------------------+---------------------------------------------------------------------+---------+------+--------+--------+-----+
    |                                    Instance                                    |                                Module                               | BRAM_18K|  DSP |   FF   |   LUT  | URAM|
    +--------------------------------------------------------------------------------+---------------------------------------------------------------------+---------+------+--------+--------+-----+
    |control_s_axi_U                                                                 |control_s_axi                                                        |        0|     0|     176|     296|    0|
    |gmem0_m_axi_U                                                                   |gmem0_m_axi                                                          |       29|     0|    1574|    1642|    0|
    |gmem1_m_axi_U                                                                   |gmem1_m_axi                                                          |        0|     0|     712|     873|    0|
    |grp_p_anonymous_namespace_fill_mpc_reference_trajectory_from_lane_words_fu_463  |p_anonymous_namespace_fill_mpc_reference_trajectory_from_lane_words  |        0|     0|      13|     438|    0|
    |grp_p_anonymous_namespace_mpc_fpga_compute_core_fu_491                          |p_anonymous_namespace_mpc_fpga_compute_core                          |       78|  1128|  100678|  107679|    0|
    |grp_p_anonymous_namespace_unpack_input_lane_words_fu_440                        |p_anonymous_namespace_unpack_input_lane_words                        |        0|     0|     662|     603|    0|
    +--------------------------------------------------------------------------------+---------------------------------------------------------------------+---------+------+--------+--------+-----+
    |Total                                                                           |                                                                     |      107|  1128|  103815|  111531|    0|
    +--------------------------------------------------------------------------------+---------------------------------------------------------------------+---------+------+--------+--------+-----+

    * DSP: 
    N/A

    * Memory: 
    +----------------------------------+-------------------------------------------+---------+----+----+-----+------+-----+------+-------------+
    |              Memory              |                   Module                  | BRAM_18K| FF | LUT| URAM| Words| Bits| Banks| W*Bits*Banks|
    +----------------------------------+-------------------------------------------+---------+----+----+-----+------+-----+------+-------------+
    |lane_words_U                      |lane_words_RAM_AUTO_1R1W                   |        0|  32|   6|    0|    11|   32|     1|          352|
    |lane_words_1_U                    |lane_words_RAM_AUTO_1R1W                   |        0|  32|   6|    0|    11|   32|     1|          352|
    |lane_words_2_U                    |lane_words_RAM_AUTO_1R1W                   |        0|  32|   6|    0|    11|   32|     1|          352|
    |lane_words_3_U                    |lane_words_RAM_AUTO_1R1W                   |        0|  32|   6|    0|    11|   32|     1|          352|
    |lane_words_4_U                    |lane_words_RAM_AUTO_1R1W                   |        0|  32|   6|    0|    11|   32|     1|          352|
    |lane_words_5_U                    |lane_words_RAM_AUTO_1R1W                   |        0|  32|   6|    0|    11|   32|     1|          352|
    |lane_words_6_U                    |lane_words_RAM_AUTO_1R1W                   |        0|  32|   6|    0|    11|   32|     1|          352|
    |lane_words_7_U                    |lane_words_RAM_AUTO_1R1W                   |        0|  32|   6|    0|    11|   32|     1|          352|
    |lane_words_8_U                    |lane_words_RAM_AUTO_1R1W                   |        0|  32|   6|    0|    11|   32|     1|          352|
    |lane_words_9_U                    |lane_words_RAM_AUTO_1R1W                   |        0|  32|   6|    0|    11|   32|     1|          352|
    |lane_words_10_U                   |lane_words_RAM_AUTO_1R1W                   |        0|  32|   6|    0|    11|   32|     1|          352|
    |lane_words_11_U                   |lane_words_RAM_AUTO_1R1W                   |        0|  32|   6|    0|    11|   32|     1|          352|
    |lane_words_12_U                   |lane_words_RAM_AUTO_1R1W                   |        0|  32|   6|    0|    11|   32|     1|          352|
    |lane_words_13_U                   |lane_words_RAM_AUTO_1R1W                   |        0|  32|   6|    0|    11|   32|     1|          352|
    |lane_words_14_U                   |lane_words_RAM_AUTO_1R1W                   |        0|  32|   6|    0|    11|   32|     1|          352|
    |lane_words_15_U                   |lane_words_RAM_AUTO_1R1W                   |        0|  32|   6|    0|    11|   32|     1|          352|
    |ref_reference_heading_error_U     |ref_reference_heading_error_RAM_AUTO_1R1W  |        0|  32|  10|    0|    20|   32|     1|          640|
    |ref_reference_lateral_error_U     |ref_reference_heading_error_RAM_AUTO_1R1W  |        0|  32|  10|    0|    20|   32|     1|          640|
    |ref_reference_velocity_U          |ref_reference_heading_error_RAM_AUTO_1R1W  |        0|  32|  10|    0|    20|   32|     1|          640|
    |ref_reference_lateral_velocity_U  |ref_reference_heading_error_RAM_AUTO_1R1W  |        0|  32|  10|    0|    20|   32|     1|          640|
    |ref_reference_yaw_rate_U          |ref_reference_heading_error_RAM_AUTO_1R1W  |        0|  32|  10|    0|    20|   32|     1|          640|
    |ref_path_curvature_U              |ref_reference_heading_error_RAM_AUTO_1R1W  |        0|  32|  10|    0|    20|   32|     1|          640|
    |ref_left_wall_bound_U             |ref_reference_heading_error_RAM_AUTO_1R1W  |        0|  32|  10|    0|    20|   32|     1|          640|
    |ref_right_wall_bound_U            |ref_reference_heading_error_RAM_AUTO_1R1W  |        0|  32|  10|    0|    20|   32|     1|          640|
    +----------------------------------+-------------------------------------------+---------+----+----+-----+------+-----+------+-------------+
    |Total                             |                                           |        0| 768| 176|    0|   336|  768|    24|        10752|
    +----------------------------------+-------------------------------------------+---------+----+----+-----+------+-----+------+-------------+

    * FIFO: 
    N/A

    * Expression: 
    +------------------------+----------+----+---+----+------------+------------+
    |      Variable Name     | Operation| DSP| FF| LUT| Bitwidth P0| Bitwidth P1|
    +------------------------+----------+----+---+----+------------+------------+
    |angle_1_fu_656_p2       |         +|   0|  0|  39|          32|          22|
    |angle_3_fu_673_p2       |         +|   0|  0|  39|          32|          21|
    |angle_5_fu_691_p2       |         +|   0|  0|  39|          32|          22|
    |angle_7_fu_711_p2       |         +|   0|  0|  39|          32|          21|
    |icmp_ln435_1_fu_685_p2  |      icmp|   0|  0|  39|          32|          20|
    |icmp_ln435_fu_651_p2    |      icmp|   0|  0|  39|          32|          20|
    |icmp_ln437_1_fu_705_p2  |      icmp|   0|  0|  39|          32|          21|
    |icmp_ln437_fu_668_p2    |      icmp|   0|  0|  39|          32|          21|
    |ap_block_state1         |        or|   0|  0|   2|           1|           1|
    |angle_2_fu_661_p3       |    select|   0|  0|  32|           1|          32|
    |angle_4_fu_678_p3       |    select|   0|  0|  32|           1|          32|
    |angle_6_fu_697_p3       |    select|   0|  0|  32|           1|          32|
    |angle_8_fu_717_p3       |    select|   0|  0|  32|           1|          32|
    +------------------------+----------+----+---+----+------------+------------+
    |Total                   |          |   0|  0| 442|         261|         297|
    +------------------------+----------+----+---+----+------------+------------+

    * Multiplexer: 
    +-----------------------------------------+-----+-----------+-----+-----------+
    |                   Name                  | LUT | Input Size| Bits| Total Bits|
    +-----------------------------------------+-----+-----------+-----+-----------+
    |ap_NS_fsm                                |  427|         81|    1|         81|
    |ap_done                                  |    9|          2|    1|          2|
    |gmem0_0_ARVALID                          |    9|          2|    1|          2|
    |gmem0_0_RREADY                           |    9|          2|    1|          2|
    |gmem1_blk_n_AW                           |    9|          2|    1|          2|
    |gmem1_blk_n_B                            |    9|          2|    1|          2|
    |gmem1_blk_n_W                            |    9|          2|    1|          2|
    |lane_words_10_address0                   |   14|          3|    4|         12|
    |lane_words_10_ce0                        |   14|          3|    1|          3|
    |lane_words_10_we0                        |    9|          2|    1|          2|
    |lane_words_11_address0                   |   14|          3|    4|         12|
    |lane_words_11_ce0                        |   14|          3|    1|          3|
    |lane_words_11_we0                        |    9|          2|    1|          2|
    |lane_words_12_address0                   |   14|          3|    4|         12|
    |lane_words_12_ce0                        |   14|          3|    1|          3|
    |lane_words_12_we0                        |    9|          2|    1|          2|
    |lane_words_13_address0                   |   14|          3|    4|         12|
    |lane_words_13_ce0                        |   14|          3|    1|          3|
    |lane_words_13_we0                        |    9|          2|    1|          2|
    |lane_words_14_address0                   |   14|          3|    4|         12|
    |lane_words_14_ce0                        |   14|          3|    1|          3|
    |lane_words_14_we0                        |    9|          2|    1|          2|
    |lane_words_15_address0                   |   14|          3|    4|         12|
    |lane_words_15_ce0                        |   14|          3|    1|          3|
    |lane_words_15_we0                        |    9|          2|    1|          2|
    |lane_words_1_address0                    |   14|          3|    4|         12|
    |lane_words_1_ce0                         |   14|          3|    1|          3|
    |lane_words_1_we0                         |    9|          2|    1|          2|
    |lane_words_2_address0                    |   14|          3|    4|         12|
    |lane_words_2_ce0                         |   14|          3|    1|          3|
    |lane_words_2_we0                         |    9|          2|    1|          2|
    |lane_words_3_address0                    |   14|          3|    4|         12|
    |lane_words_3_ce0                         |   14|          3|    1|          3|
    |lane_words_3_we0                         |    9|          2|    1|          2|
    |lane_words_4_address0                    |   14|          3|    4|         12|
    |lane_words_4_ce0                         |   14|          3|    1|          3|
    |lane_words_4_we0                         |    9|          2|    1|          2|
    |lane_words_5_address0                    |   14|          3|    4|         12|
    |lane_words_5_ce0                         |   14|          3|    1|          3|
    |lane_words_5_we0                         |    9|          2|    1|          2|
    |lane_words_6_address0                    |   14|          3|    4|         12|
    |lane_words_6_ce0                         |   14|          3|    1|          3|
    |lane_words_6_we0                         |    9|          2|    1|          2|
    |lane_words_7_address0                    |   14|          3|    4|         12|
    |lane_words_7_ce0                         |   14|          3|    1|          3|
    |lane_words_7_we0                         |    9|          2|    1|          2|
    |lane_words_8_address0                    |   14|          3|    4|         12|
    |lane_words_8_ce0                         |   14|          3|    1|          3|
    |lane_words_8_we0                         |    9|          2|    1|          2|
    |lane_words_9_address0                    |   14|          3|    4|         12|
    |lane_words_9_ce0                         |   14|          3|    1|          3|
    |lane_words_9_we0                         |    9|          2|    1|          2|
    |lane_words_address0                      |   14|          3|    4|         12|
    |lane_words_ce0                           |   14|          3|    1|          3|
    |lane_words_we0                           |    9|          2|    1|          2|
    |out_accel_fu_282                         |    9|          2|   32|         64|
    |out_iters_fu_290                         |    9|          2|   32|         64|
    |out_status_fu_286                        |    9|          2|    1|          2|
    |out_steering_fu_278                      |    9|          2|   32|         64|
    |ref_left_wall_bound_address0             |   14|          3|    5|         15|
    |ref_left_wall_bound_ce0                  |   14|          3|    1|          3|
    |ref_left_wall_bound_we0                  |    9|          2|    1|          2|
    |ref_path_curvature_address0              |   14|          3|    5|         15|
    |ref_path_curvature_ce0                   |   14|          3|    1|          3|
    |ref_path_curvature_we0                   |    9|          2|    1|          2|
    |ref_reference_heading_error_address0     |   14|          3|    5|         15|
    |ref_reference_heading_error_ce0          |   14|          3|    1|          3|
    |ref_reference_heading_error_we0          |    9|          2|    1|          2|
    |ref_reference_lateral_error_address0     |   14|          3|    5|         15|
    |ref_reference_lateral_error_ce0          |   14|          3|    1|          3|
    |ref_reference_lateral_error_we0          |    9|          2|    1|          2|
    |ref_reference_lateral_velocity_address0  |   14|          3|    5|         15|
    |ref_reference_lateral_velocity_ce0       |   14|          3|    1|          3|
    |ref_reference_lateral_velocity_we0       |    9|          2|    1|          2|
    |ref_reference_velocity_address0          |   14|          3|    5|         15|
    |ref_reference_velocity_ce0               |   14|          3|    1|          3|
    |ref_reference_velocity_we0               |    9|          2|    1|          2|
    |ref_reference_yaw_rate_address0          |   14|          3|    5|         15|
    |ref_reference_yaw_rate_ce0               |   14|          3|    1|          3|
    |ref_reference_yaw_rate_we0               |    9|          2|    1|          2|
    |ref_right_wall_bound_address0            |   14|          3|    5|         15|
    |ref_right_wall_bound_ce0                 |   14|          3|    1|          3|
    |ref_right_wall_bound_we0                 |    9|          2|    1|          2|
    |storereflowmerge_reg_430                 |    9|          2|  128|        256|
    +-----------------------------------------+-----+-----------+-----+-----------+
    |Total                                    | 1414|        295|  384|        975|
    +-----------------------------------------+-----+-----------+-----+-----------+

    * Register: 
    +---------------------------------------------------------------------------------------------+-----+----+-----+-----------+
    |                                             Name                                            |  FF | LUT| Bits| Const Bits|
    +---------------------------------------------------------------------------------------------+-----+----+-----+-----------+
    |angle_2_reg_910                                                                              |   32|   0|   32|          0|
    |angle_8_reg_917                                                                              |   32|   0|   32|          0|
    |ap_CS_fsm                                                                                    |   80|   0|   80|          0|
    |ap_done_reg                                                                                  |    1|   0|    1|          0|
    |ap_rst_n_inv                                                                                 |    1|   0|    1|          0|
    |epsi_word_reg_866                                                                            |   32|   0|   32|          0|
    |ey_word_reg_860                                                                              |   32|   0|   32|          0|
    |grp_p_anonymous_namespace_fill_mpc_reference_trajectory_from_lane_words_fu_463_ap_start_reg  |    1|   0|    1|          0|
    |grp_p_anonymous_namespace_mpc_fpga_compute_core_fu_491_ap_start_reg                          |    1|   0|    1|          0|
    |grp_p_anonymous_namespace_unpack_input_lane_words_fu_440_ap_start_reg                        |    1|   0|    1|          0|
    |input_words512_read_reg_787                                                                  |   64|   0|   64|          0|
    |omega_word_reg_885                                                                           |   32|   0|   32|          0|
    |out_accel_arg_index                                                                          |    4|   0|   11|          7|
    |out_accel_fu_282                                                                             |   32|   0|   32|          0|
    |out_iters_arg_index                                                                          |    5|   0|   11|          6|
    |out_iters_fu_290                                                                             |   32|   0|   32|          0|
    |out_status_arg_index                                                                         |    4|   0|   11|          7|
    |out_status_fu_286                                                                            |    1|   0|    1|          0|
    |out_steering_arg_index                                                                       |    3|   0|   11|          8|
    |out_steering_fu_278                                                                          |   32|   0|   32|          0|
    |output_words128_read_reg_782                                                                 |   64|   0|   64|          0|
    |prev_accel_word_reg_900                                                                      |   32|   0|   32|          0|
    |steering_word_reg_890                                                                        |   32|   0|   32|          0|
    |storereflowmerge_reg_430                                                                     |  128|   0|  128|          0|
    |tmp_reg_906                                                                                  |    1|   0|    1|          0|
    |trunc_ln382_reg_895                                                                          |    3|   0|    3|          0|
    |vx_word_reg_874                                                                              |   32|   0|   32|          0|
    |vy_word_reg_880                                                                              |   32|   0|   32|          0|
    +---------------------------------------------------------------------------------------------+-----+----+-----+-----------+
    |Total                                                                                        |  746|   0|  774|         28|
    +---------------------------------------------------------------------------------------------+-----+----+-----+-----------+



================================================================
== Interface
================================================================
* Summary: 
+-----------------------+-----+-----+---------------+---------------------+--------------+
|       RTL Ports       | Dir | Bits|    Protocol   |    Source Object    |    C Type    |
+-----------------------+-----+-----+---------------+---------------------+--------------+
|s_axi_control_AWVALID  |   in|    1|          s_axi|              control|        scalar|
|s_axi_control_AWREADY  |  out|    1|          s_axi|              control|        scalar|
|s_axi_control_AWADDR   |   in|    6|          s_axi|              control|        scalar|
|s_axi_control_WVALID   |   in|    1|          s_axi|              control|        scalar|
|s_axi_control_WREADY   |  out|    1|          s_axi|              control|        scalar|
|s_axi_control_WDATA    |   in|   32|          s_axi|              control|        scalar|
|s_axi_control_WSTRB    |   in|    4|          s_axi|              control|        scalar|
|s_axi_control_ARVALID  |   in|    1|          s_axi|              control|        scalar|
|s_axi_control_ARREADY  |  out|    1|          s_axi|              control|        scalar|
|s_axi_control_ARADDR   |   in|    6|          s_axi|              control|        scalar|
|s_axi_control_RVALID   |  out|    1|          s_axi|              control|        scalar|
|s_axi_control_RREADY   |   in|    1|          s_axi|              control|        scalar|
|s_axi_control_RDATA    |  out|   32|          s_axi|              control|        scalar|
|s_axi_control_RRESP    |  out|    2|          s_axi|              control|        scalar|
|s_axi_control_BVALID   |  out|    1|          s_axi|              control|        scalar|
|s_axi_control_BREADY   |   in|    1|          s_axi|              control|        scalar|
|s_axi_control_BRESP    |  out|    2|          s_axi|              control|        scalar|
|ap_clk                 |   in|    1|  ap_ctrl_chain|  mpc_fpga_top_opencl|  return value|
|ap_rst_n               |   in|    1|  ap_ctrl_chain|  mpc_fpga_top_opencl|  return value|
|interrupt              |  out|    1|  ap_ctrl_chain|  mpc_fpga_top_opencl|  return value|
|m_axi_gmem0_AWVALID    |  out|    1|          m_axi|                gmem0|       pointer|
|m_axi_gmem0_AWREADY    |   in|    1|          m_axi|                gmem0|       pointer|
|m_axi_gmem0_AWADDR     |  out|   64|          m_axi|                gmem0|       pointer|
|m_axi_gmem0_AWID       |  out|    1|          m_axi|                gmem0|       pointer|
|m_axi_gmem0_AWLEN      |  out|    8|          m_axi|                gmem0|       pointer|
|m_axi_gmem0_AWSIZE     |  out|    3|          m_axi|                gmem0|       pointer|
|m_axi_gmem0_AWBURST    |  out|    2|          m_axi|                gmem0|       pointer|
|m_axi_gmem0_AWLOCK     |  out|    2|          m_axi|                gmem0|       pointer|
|m_axi_gmem0_AWCACHE    |  out|    4|          m_axi|                gmem0|       pointer|
|m_axi_gmem0_AWPROT     |  out|    3|          m_axi|                gmem0|       pointer|
|m_axi_gmem0_AWQOS      |  out|    4|          m_axi|                gmem0|       pointer|
|m_axi_gmem0_AWREGION   |  out|    4|          m_axi|                gmem0|       pointer|
|m_axi_gmem0_AWUSER     |  out|    1|          m_axi|                gmem0|       pointer|
|m_axi_gmem0_WVALID     |  out|    1|          m_axi|                gmem0|       pointer|
|m_axi_gmem0_WREADY     |   in|    1|          m_axi|                gmem0|       pointer|
|m_axi_gmem0_WDATA      |  out|  512|          m_axi|                gmem0|       pointer|
|m_axi_gmem0_WSTRB      |  out|   64|          m_axi|                gmem0|       pointer|
|m_axi_gmem0_WLAST      |  out|    1|          m_axi|                gmem0|       pointer|
|m_axi_gmem0_WID        |  out|    1|          m_axi|                gmem0|       pointer|
|m_axi_gmem0_WUSER      |  out|    1|          m_axi|                gmem0|       pointer|
|m_axi_gmem0_ARVALID    |  out|    1|          m_axi|                gmem0|       pointer|
|m_axi_gmem0_ARREADY    |   in|    1|          m_axi|                gmem0|       pointer|
|m_axi_gmem0_ARADDR     |  out|   64|          m_axi|                gmem0|       pointer|
|m_axi_gmem0_ARID       |  out|    1|          m_axi|                gmem0|       pointer|
|m_axi_gmem0_ARLEN      |  out|    8|          m_axi|                gmem0|       pointer|
|m_axi_gmem0_ARSIZE     |  out|    3|          m_axi|                gmem0|       pointer|
|m_axi_gmem0_ARBURST    |  out|    2|          m_axi|                gmem0|       pointer|
|m_axi_gmem0_ARLOCK     |  out|    2|          m_axi|                gmem0|       pointer|
|m_axi_gmem0_ARCACHE    |  out|    4|          m_axi|                gmem0|       pointer|
|m_axi_gmem0_ARPROT     |  out|    3|          m_axi|                gmem0|       pointer|
|m_axi_gmem0_ARQOS      |  out|    4|          m_axi|                gmem0|       pointer|
|m_axi_gmem0_ARREGION   |  out|    4|          m_axi|                gmem0|       pointer|
|m_axi_gmem0_ARUSER     |  out|    1|          m_axi|                gmem0|       pointer|
|m_axi_gmem0_RVALID     |   in|    1|          m_axi|                gmem0|       pointer|
|m_axi_gmem0_RREADY     |  out|    1|          m_axi|                gmem0|       pointer|
|m_axi_gmem0_RDATA      |   in|  512|          m_axi|                gmem0|       pointer|
|m_axi_gmem0_RLAST      |   in|    1|          m_axi|                gmem0|       pointer|
|m_axi_gmem0_RID        |   in|    1|          m_axi|                gmem0|       pointer|
|m_axi_gmem0_RUSER      |   in|    1|          m_axi|                gmem0|       pointer|
|m_axi_gmem0_RRESP      |   in|    2|          m_axi|                gmem0|       pointer|
|m_axi_gmem0_BVALID     |   in|    1|          m_axi|                gmem0|       pointer|
|m_axi_gmem0_BREADY     |  out|    1|          m_axi|                gmem0|       pointer|
|m_axi_gmem0_BRESP      |   in|    2|          m_axi|                gmem0|       pointer|
|m_axi_gmem0_BID        |   in|    1|          m_axi|                gmem0|       pointer|
|m_axi_gmem0_BUSER      |   in|    1|          m_axi|                gmem0|       pointer|
|m_axi_gmem1_AWVALID    |  out|    1|          m_axi|                gmem1|       pointer|
|m_axi_gmem1_AWREADY    |   in|    1|          m_axi|                gmem1|       pointer|
|m_axi_gmem1_AWADDR     |  out|   64|          m_axi|                gmem1|       pointer|
|m_axi_gmem1_AWID       |  out|    1|          m_axi|                gmem1|       pointer|
|m_axi_gmem1_AWLEN      |  out|    8|          m_axi|                gmem1|       pointer|
|m_axi_gmem1_AWSIZE     |  out|    3|          m_axi|                gmem1|       pointer|
|m_axi_gmem1_AWBURST    |  out|    2|          m_axi|                gmem1|       pointer|
|m_axi_gmem1_AWLOCK     |  out|    2|          m_axi|                gmem1|       pointer|
|m_axi_gmem1_AWCACHE    |  out|    4|          m_axi|                gmem1|       pointer|
|m_axi_gmem1_AWPROT     |  out|    3|          m_axi|                gmem1|       pointer|
|m_axi_gmem1_AWQOS      |  out|    4|          m_axi|                gmem1|       pointer|
|m_axi_gmem1_AWREGION   |  out|    4|          m_axi|                gmem1|       pointer|
|m_axi_gmem1_AWUSER     |  out|    1|          m_axi|                gmem1|       pointer|
|m_axi_gmem1_WVALID     |  out|    1|          m_axi|                gmem1|       pointer|
|m_axi_gmem1_WREADY     |   in|    1|          m_axi|                gmem1|       pointer|
|m_axi_gmem1_WDATA      |  out|  128|          m_axi|                gmem1|       pointer|
|m_axi_gmem1_WSTRB      |  out|   16|          m_axi|                gmem1|       pointer|
|m_axi_gmem1_WLAST      |  out|    1|          m_axi|                gmem1|       pointer|
|m_axi_gmem1_WID        |  out|    1|          m_axi|                gmem1|       pointer|
|m_axi_gmem1_WUSER      |  out|    1|          m_axi|                gmem1|       pointer|
|m_axi_gmem1_ARVALID    |  out|    1|          m_axi|                gmem1|       pointer|
|m_axi_gmem1_ARREADY    |   in|    1|          m_axi|                gmem1|       pointer|
|m_axi_gmem1_ARADDR     |  out|   64|          m_axi|                gmem1|       pointer|
|m_axi_gmem1_ARID       |  out|    1|          m_axi|                gmem1|       pointer|
|m_axi_gmem1_ARLEN      |  out|    8|          m_axi|                gmem1|       pointer|
|m_axi_gmem1_ARSIZE     |  out|    3|          m_axi|                gmem1|       pointer|
|m_axi_gmem1_ARBURST    |  out|    2|          m_axi|                gmem1|       pointer|
|m_axi_gmem1_ARLOCK     |  out|    2|          m_axi|                gmem1|       pointer|
|m_axi_gmem1_ARCACHE    |  out|    4|          m_axi|                gmem1|       pointer|
|m_axi_gmem1_ARPROT     |  out|    3|          m_axi|                gmem1|       pointer|
|m_axi_gmem1_ARQOS      |  out|    4|          m_axi|                gmem1|       pointer|
|m_axi_gmem1_ARREGION   |  out|    4|          m_axi|                gmem1|       pointer|
|m_axi_gmem1_ARUSER     |  out|    1|          m_axi|                gmem1|       pointer|
|m_axi_gmem1_RVALID     |   in|    1|          m_axi|                gmem1|       pointer|
|m_axi_gmem1_RREADY     |  out|    1|          m_axi|                gmem1|       pointer|
|m_axi_gmem1_RDATA      |   in|  128|          m_axi|                gmem1|       pointer|
|m_axi_gmem1_RLAST      |   in|    1|          m_axi|                gmem1|       pointer|
|m_axi_gmem1_RID        |   in|    1|          m_axi|                gmem1|       pointer|
|m_axi_gmem1_RUSER      |   in|    1|          m_axi|                gmem1|       pointer|
|m_axi_gmem1_RRESP      |   in|    2|          m_axi|                gmem1|       pointer|
|m_axi_gmem1_BVALID     |   in|    1|          m_axi|                gmem1|       pointer|
|m_axi_gmem1_BREADY     |  out|    1|          m_axi|                gmem1|       pointer|
|m_axi_gmem1_BRESP      |   in|    2|          m_axi|                gmem1|       pointer|
|m_axi_gmem1_BID        |   in|    1|          m_axi|                gmem1|       pointer|
|m_axi_gmem1_BUSER      |   in|    1|          m_axi|                gmem1|       pointer|
+-----------------------+-----+-----+---------------+---------------------+--------------+

