

================================================================
== Vitis HLS Report for 'mpc_compute_hls_Pipeline_VITIS_LOOP_1525_22'
================================================================
* Date:           Thu May 21 15:23:13 2026

* Version:        2025.2 (Build 6295257 on Nov 14 2025)
* Project:        mpc_fpga_top_opencl
* Solution:       hls (Vitis Kernel Flow Target)
* Product family: zynquplus
* Target device:  xck26-sfvc784-2LV-c


================================================================
== Performance Estimates
================================================================
+ Timing: 
    * Summary: 
    +--------+---------+----------+------------+
    |  Clock |  Target | Estimated| Uncertainty|
    +--------+---------+----------+------------+
    |ap_clk  |  5.00 ns|  1.803 ns|     0.50 ns|
    +--------+---------+----------+------------+

+ Latency: 
    * Summary: 
    +---------+---------+----------+----------+-----+-----+-------------------+
    |  Latency (cycles) |  Latency (absolute) |  Interval |      Pipeline     |
    |   min   |   max   |    min   |    max   | min | max |        Type       |
    +---------+---------+----------+----------+-----+-----+-------------------+
    |       22|       22|  0.110 us|  0.110 us|    0|    0|  loop pipeline stp|
    +---------+---------+----------+----------+-----+-----+-------------------+

    + Detail: 
        * Instance: 
        N/A

        * Loop: 
        +----------------------+---------+---------+----------+-----------+-----------+------+----------+
        |                      |  Latency (cycles) | Iteration|  Initiation Interval  | Trip |          |
        |       Loop Name      |   min   |   max   |  Latency |  achieved |   target  | Count| Pipelined|
        +----------------------+---------+---------+----------+-----------+-----------+------+----------+
        |- VITIS_LOOP_1525_22  |       20|       20|         2|          1|          1|    20|       yes|
        +----------------------+---------+---------+----------+-----------+-----------+------+----------+



================================================================
== Utilization Estimates
================================================================
* Summary: 
+-----------------+---------+------+--------+--------+-----+
|       Name      | BRAM_18K|  DSP |   FF   |   LUT  | URAM|
+-----------------+---------+------+--------+--------+-----+
|DSP              |        -|     -|       -|       -|    -|
|Expression       |        -|     -|       0|      90|    -|
|FIFO             |        -|     -|       -|       -|    -|
|Instance         |        -|     -|       -|       -|    -|
|Memory           |        -|     -|       -|       -|    -|
|Multiplexer      |        -|     -|       0|      36|    -|
|Register         |        -|     -|      18|       -|    -|
+-----------------+---------+------+--------+--------+-----+
|Total            |        0|     0|      18|     126|    0|
+-----------------+---------+------+--------+--------+-----+
|Available        |      288|  1248|  234240|  117120|   64|
+-----------------+---------+------+--------+--------+-----+
|Utilization (%)  |        0|     0|      ~0|      ~0|    0|
+-----------------+---------+------+--------+--------+-----+

+ Detail: 
    * Instance: 
    N/A

    * DSP: 
    N/A

    * Memory: 
    N/A

    * FIFO: 
    N/A

    * Expression: 
    +---------------------------+----------+----+---+----+------------+------------+
    |       Variable Name       | Operation| DSP| FF| LUT| Bitwidth P0| Bitwidth P1|
    +---------------------------+----------+----+---+----+------------+------------+
    |add_ln1525_fu_96_p2        |         +|   0|  0|  12|           5|           1|
    |icmp_ln1525_fu_90_p2       |      icmp|   0|  0|  12|           5|           5|
    |select_ln1528_1_fu_161_p3  |    select|   0|  0|  32|           1|          32|
    |select_ln1528_fu_133_p3    |    select|   0|  0|  32|           1|          32|
    |ap_enable_pp0              |       xor|   0|  0|   2|           1|           2|
    +---------------------------+----------+----+---+----+------------+------------+
    |Total                      |          |   0|  0|  90|          13|          72|
    +---------------------------+----------+----+---+----+------------+------------+

    * Multiplexer: 
    +-------------------------+----+-----------+-----+-----------+
    |           Name          | LUT| Input Size| Bits| Total Bits|
    +-------------------------+----+-----------+-----+-----------+
    |ap_done_int              |   9|          2|    1|          2|
    |ap_enable_reg_pp0_iter1  |   9|          2|    1|          2|
    |ap_sig_allocacmp_k_7     |   9|          2|    5|         10|
    |k_fu_38                  |   9|          2|    5|         10|
    +-------------------------+----+-----------+-----+-----------+
    |Total                    |  36|          8|   12|         24|
    +-------------------------+----+-----------+-----+-----------+

    * Register: 
    +-------------------------+---+----+-----+-----------+
    |           Name          | FF| LUT| Bits| Const Bits|
    +-------------------------+---+----+-----+-----------+
    |ap_CS_fsm                |  1|   0|    1|          0|
    |ap_done_reg              |  1|   0|    1|          0|
    |ap_enable_reg_pp0_iter1  |  1|   0|    1|          0|
    |k_fu_38                  |  5|   0|    5|          0|
    |y_u_1_addr_reg_191       |  5|   0|    5|          0|
    |y_u_addr_reg_185         |  5|   0|    5|          0|
    +-------------------------+---+----+-----+-----------+
    |Total                    | 18|   0|   18|          0|
    +-------------------------+---+----+-----+-----------+



================================================================
== Interface
================================================================
* Summary: 
+----------------+-----+-----+------------+---------------------------------------------+--------------+
|    RTL Ports   | Dir | Bits|  Protocol  |                Source Object                |    C Type    |
+----------------+-----+-----+------------+---------------------------------------------+--------------+
|ap_clk          |   in|    1|  ap_ctrl_hs|  mpc_compute_hls_Pipeline_VITIS_LOOP_1525_22|  return value|
|ap_rst          |   in|    1|  ap_ctrl_hs|  mpc_compute_hls_Pipeline_VITIS_LOOP_1525_22|  return value|
|ap_start        |   in|    1|  ap_ctrl_hs|  mpc_compute_hls_Pipeline_VITIS_LOOP_1525_22|  return value|
|ap_done         |  out|    1|  ap_ctrl_hs|  mpc_compute_hls_Pipeline_VITIS_LOOP_1525_22|  return value|
|ap_idle         |  out|    1|  ap_ctrl_hs|  mpc_compute_hls_Pipeline_VITIS_LOOP_1525_22|  return value|
|ap_ready        |  out|    1|  ap_ctrl_hs|  mpc_compute_hls_Pipeline_VITIS_LOOP_1525_22|  return value|
|y_u_1_address0  |  out|    5|   ap_memory|                                        y_u_1|         array|
|y_u_1_ce0       |  out|    1|   ap_memory|                                        y_u_1|         array|
|y_u_1_we0       |  out|    1|   ap_memory|                                        y_u_1|         array|
|y_u_1_d0        |  out|   32|   ap_memory|                                        y_u_1|         array|
|y_u_1_address1  |  out|    5|   ap_memory|                                        y_u_1|         array|
|y_u_1_ce1       |  out|    1|   ap_memory|                                        y_u_1|         array|
|y_u_1_q1        |   in|   32|   ap_memory|                                        y_u_1|         array|
|y_u_address0    |  out|    5|   ap_memory|                                          y_u|         array|
|y_u_ce0         |  out|    1|   ap_memory|                                          y_u|         array|
|y_u_we0         |  out|    1|   ap_memory|                                          y_u|         array|
|y_u_d0          |  out|   32|   ap_memory|                                          y_u|         array|
|y_u_address1    |  out|    5|   ap_memory|                                          y_u|         array|
|y_u_ce1         |  out|    1|   ap_memory|                                          y_u|         array|
|y_u_q1          |   in|   32|   ap_memory|                                          y_u|         array|
|scale_rho_u_up  |   in|    1|     ap_none|                               scale_rho_u_up|        scalar|
+----------------+-----+-----+------------+---------------------------------------------+--------------+

