

================================================================
== Vitis HLS Report for 'mpc_compute_hls_Pipeline_VITIS_LOOP_1265_12'
================================================================
* Date:           Thu Jun 11 16:07:07 2026

* Version:        2025.2 (Build 6295257 on Nov 14 2025)
* Project:        mpc_fpga_top_opencl
* Solution:       hls (Vitis Kernel Flow Target)
* Product family: zynquplus
* Target device:  xck26-sfvc784-2LV-c


================================================================
== Performance Estimates
================================================================
+ Timing: 
    * Summary: 
    +--------+---------+----------+------------+
    |  Clock |  Target | Estimated| Uncertainty|
    +--------+---------+----------+------------+
    |ap_clk  |  5.00 ns|  3.910 ns|     0.50 ns|
    +--------+---------+----------+------------+

+ Latency: 
    * Summary: 
    +---------+---------+----------+----------+-----+-----+-------------------+
    |  Latency (cycles) |  Latency (absolute) |  Interval |      Pipeline     |
    |   min   |   max   |    min   |    max   | min | max |        Type       |
    +---------+---------+----------+----------+-----+-----+-------------------+
    |       24|       24|  0.120 us|  0.120 us|    0|    0|  loop pipeline stp|
    +---------+---------+----------+----------+-----+-----+-------------------+

    + Detail: 
        * Instance: 
        N/A

        * Loop: 
        +----------------------+---------+---------+----------+-----------+-----------+------+----------+
        |                      |  Latency (cycles) | Iteration|  Initiation Interval  | Trip |          |
        |       Loop Name      |   min   |   max   |  Latency |  achieved |   target  | Count| Pipelined|
        +----------------------+---------+---------+----------+-----------+-----------+------+----------+
        |- VITIS_LOOP_1265_12  |       22|       22|         3|          1|          1|    21|       yes|
        +----------------------+---------+---------+----------+-----------+-----------+------+----------+



================================================================
== Utilization Estimates
================================================================
* Summary: 
+-----------------+---------+------+--------+--------+-----+
|       Name      | BRAM_18K|  DSP |   FF   |   LUT  | URAM|
+-----------------+---------+------+--------+--------+-----+
|DSP              |        -|     -|       -|       -|    -|
|Expression       |        -|     -|       0|     314|    -|
|FIFO             |        -|     -|       -|       -|    -|
|Instance         |        -|     -|       -|       -|    -|
|Memory           |        -|     -|       -|       -|    -|
|Multiplexer      |        -|     -|       0|      36|    -|
|Register         |        -|     -|      48|       -|    -|
+-----------------+---------+------+--------+--------+-----+
|Total            |        0|     0|      48|     350|    0|
+-----------------+---------+------+--------+--------+-----+
|Available        |      288|  1248|  234240|  117120|   64|
+-----------------+---------+------+--------+--------+-----+
|Utilization (%)  |        0|     0|      ~0|      ~0|    0|
+-----------------+---------+------+--------+--------+-----+

+ Detail: 
    * Instance: 
    N/A

    * DSP: 
    N/A

    * Memory: 
    N/A

    * FIFO: 
    N/A

    * Expression: 
    +-----------------------+----------+----+---+----+------------+------------+
    |     Variable Name     | Operation| DSP| FF| LUT| Bitwidth P0| Bitwidth P1|
    +-----------------------+----------+----+---+----+------------+------------+
    |add_ln1265_fu_390_p2   |         +|   0|  0|  12|           5|           1|
    |icmp_ln1265_fu_384_p2  |      icmp|   0|  0|  12|           5|           5|
    |icmp_ln1275_fu_408_p2  |      icmp|   0|  0|  12|           5|           5|
    |icmp_ln1279_fu_468_p2  |      icmp|   0|  0|  33|          26|          26|
    |icmp_ln1281_fu_480_p2  |      icmp|   0|  0|  33|          26|          26|
    |icmp_ln1294_fu_425_p2  |      icmp|   0|  0|  33|          26|          14|
    |icmp_ln1296_fu_443_p2  |      icmp|   0|  0|  33|          26|          13|
    |val_20_fu_473_p3       |    select|   0|  0|  26|           1|          26|
    |val_22_fu_486_p3       |    select|   0|  0|  26|           1|          26|
    |val_24_fu_431_p3       |    select|   0|  0|  26|           1|          14|
    |val_25_fu_449_p3       |    select|   0|  0|  14|           1|          13|
    |xlb_1_fu_419_p3        |    select|   0|  0|  26|           1|          26|
    |xub_fu_462_p3          |    select|   0|  0|  26|           1|          26|
    |ap_enable_pp0          |       xor|   0|  0|   2|           1|           2|
    +-----------------------+----------+----+---+----+------------+------------+
    |Total                  |          |   0|  0| 314|         126|         223|
    +-----------------------+----------+----+---+----+------------+------------+

    * Multiplexer: 
    +-------------------------+----+-----------+-----+-----------+
    |           Name          | LUT| Input Size| Bits| Total Bits|
    +-------------------------+----+-----------+-----+-----------+
    |ap_done_int              |   9|          2|    1|          2|
    |ap_enable_reg_pp0_iter1  |   9|          2|    1|          2|
    |ap_sig_allocacmp_k       |   9|          2|    5|         10|
    |k_8_fu_88                |   9|          2|    5|         10|
    +-------------------------+----+-----------+-----+-----------+
    |Total                    |  36|          8|   12|         24|
    +-------------------------+----+-----------+-----+-----------+

    * Register: 
    +-----------------------------------+----+----+-----+-----------+
    |                Name               | FF | LUT| Bits| Const Bits|
    +-----------------------------------+----+----+-----+-----------+
    |ap_CS_fsm                          |   1|   0|    1|          0|
    |ap_done_reg                        |   1|   0|    1|          0|
    |ap_enable_reg_pp0_iter1            |   1|   0|    1|          0|
    |ap_enable_reg_pp0_iter2            |   1|   0|    1|          0|
    |ap_loop_exit_ready_pp0_iter1_reg   |   1|   0|    1|          0|
    |icmp_ln1275_reg_565                |   1|   0|    1|          0|
    |icmp_ln1275_reg_565_pp0_iter1_reg  |   1|   0|    1|          0|
    |k_8_fu_88                          |   5|   0|    5|          0|
    |xlb_1_reg_586                      |  26|   0|   26|          0|
    |zext_ln1265_reg_516                |   5|   0|   64|         59|
    |zext_ln1265_reg_516_pp0_iter1_reg  |   5|   0|   64|         59|
    +-----------------------------------+----+----+-----+-----------+
    |Total                              |  48|   0|  166|        118|
    +-----------------------------------+----+----+-----+-----------+



================================================================
== Interface
================================================================
* Summary: 
+-------------------------------+-----+-----+------------+---------------------------------------------+--------------+
|           RTL Ports           | Dir | Bits|  Protocol  |                Source Object                |    C Type    |
+-------------------------------+-----+-----+------------+---------------------------------------------+--------------+
|ap_clk                         |   in|    1|  ap_ctrl_hs|  mpc_compute_hls_Pipeline_VITIS_LOOP_1265_12|  return value|
|ap_rst                         |   in|    1|  ap_ctrl_hs|  mpc_compute_hls_Pipeline_VITIS_LOOP_1265_12|  return value|
|ap_start                       |   in|    1|  ap_ctrl_hs|  mpc_compute_hls_Pipeline_VITIS_LOOP_1265_12|  return value|
|ap_done                        |  out|    1|  ap_ctrl_hs|  mpc_compute_hls_Pipeline_VITIS_LOOP_1265_12|  return value|
|ap_idle                        |  out|    1|  ap_ctrl_hs|  mpc_compute_hls_Pipeline_VITIS_LOOP_1265_12|  return value|
|ap_ready                       |  out|    1|  ap_ctrl_hs|  mpc_compute_hls_Pipeline_VITIS_LOOP_1265_12|  return value|
|z_x_7_address1                 |  out|    5|   ap_memory|                                        z_x_7|         array|
|z_x_7_ce1                      |  out|    1|   ap_memory|                                        z_x_7|         array|
|z_x_7_we1                      |  out|    1|   ap_memory|                                        z_x_7|         array|
|z_x_7_d1                       |  out|   26|   ap_memory|                                        z_x_7|         array|
|z_x_6_address1                 |  out|    5|   ap_memory|                                        z_x_6|         array|
|z_x_6_ce1                      |  out|    1|   ap_memory|                                        z_x_6|         array|
|z_x_6_we1                      |  out|    1|   ap_memory|                                        z_x_6|         array|
|z_x_6_d1                       |  out|   26|   ap_memory|                                        z_x_6|         array|
|z_x_5_address1                 |  out|    5|   ap_memory|                                        z_x_5|         array|
|z_x_5_ce1                      |  out|    1|   ap_memory|                                        z_x_5|         array|
|z_x_5_we1                      |  out|    1|   ap_memory|                                        z_x_5|         array|
|z_x_5_d1                       |  out|   26|   ap_memory|                                        z_x_5|         array|
|z_x_4_address1                 |  out|    5|   ap_memory|                                        z_x_4|         array|
|z_x_4_ce1                      |  out|    1|   ap_memory|                                        z_x_4|         array|
|z_x_4_we1                      |  out|    1|   ap_memory|                                        z_x_4|         array|
|z_x_4_d1                       |  out|   26|   ap_memory|                                        z_x_4|         array|
|z_x_3_address1                 |  out|    5|   ap_memory|                                        z_x_3|         array|
|z_x_3_ce1                      |  out|    1|   ap_memory|                                        z_x_3|         array|
|z_x_3_we1                      |  out|    1|   ap_memory|                                        z_x_3|         array|
|z_x_3_d1                       |  out|   26|   ap_memory|                                        z_x_3|         array|
|z_x_2_address1                 |  out|    5|   ap_memory|                                        z_x_2|         array|
|z_x_2_ce1                      |  out|    1|   ap_memory|                                        z_x_2|         array|
|z_x_2_we1                      |  out|    1|   ap_memory|                                        z_x_2|         array|
|z_x_2_d1                       |  out|   26|   ap_memory|                                        z_x_2|         array|
|z_x_1_address1                 |  out|    5|   ap_memory|                                        z_x_1|         array|
|z_x_1_ce1                      |  out|    1|   ap_memory|                                        z_x_1|         array|
|z_x_1_we1                      |  out|    1|   ap_memory|                                        z_x_1|         array|
|z_x_1_d1                       |  out|   26|   ap_memory|                                        z_x_1|         array|
|z_x_address1                   |  out|    5|   ap_memory|                                          z_x|         array|
|z_x_ce1                        |  out|    1|   ap_memory|                                          z_x|         array|
|z_x_we1                        |  out|    1|   ap_memory|                                          z_x|         array|
|z_x_d1                         |  out|   26|   ap_memory|                                          z_x|         array|
|sol_x_address0                 |  out|    5|   ap_memory|                                        sol_x|         array|
|sol_x_ce0                      |  out|    1|   ap_memory|                                        sol_x|         array|
|sol_x_q0                       |   in|   26|   ap_memory|                                        sol_x|         array|
|sol_x_1_address0               |  out|    5|   ap_memory|                                      sol_x_1|         array|
|sol_x_1_ce0                    |  out|    1|   ap_memory|                                      sol_x_1|         array|
|sol_x_1_q0                     |   in|   26|   ap_memory|                                      sol_x_1|         array|
|sol_x_2_address0               |  out|    5|   ap_memory|                                      sol_x_2|         array|
|sol_x_2_ce0                    |  out|    1|   ap_memory|                                      sol_x_2|         array|
|sol_x_2_q0                     |   in|   26|   ap_memory|                                      sol_x_2|         array|
|sol_x_3_address0               |  out|    5|   ap_memory|                                      sol_x_3|         array|
|sol_x_3_ce0                    |  out|    1|   ap_memory|                                      sol_x_3|         array|
|sol_x_3_q0                     |   in|   26|   ap_memory|                                      sol_x_3|         array|
|sol_x_4_address0               |  out|    5|   ap_memory|                                      sol_x_4|         array|
|sol_x_4_ce0                    |  out|    1|   ap_memory|                                      sol_x_4|         array|
|sol_x_4_q0                     |   in|   26|   ap_memory|                                      sol_x_4|         array|
|sol_x_5_address0               |  out|    5|   ap_memory|                                      sol_x_5|         array|
|sol_x_5_ce0                    |  out|    1|   ap_memory|                                      sol_x_5|         array|
|sol_x_5_q0                     |   in|   26|   ap_memory|                                      sol_x_5|         array|
|sol_x_6_address0               |  out|    5|   ap_memory|                                      sol_x_6|         array|
|sol_x_6_ce0                    |  out|    1|   ap_memory|                                      sol_x_6|         array|
|sol_x_6_q0                     |   in|   26|   ap_memory|                                      sol_x_6|         array|
|sol_x_7_address0               |  out|    5|   ap_memory|                                      sol_x_7|         array|
|sol_x_7_ce0                    |  out|    1|   ap_memory|                                      sol_x_7|         array|
|sol_x_7_q0                     |   in|   26|   ap_memory|                                      sol_x_7|         array|
|step_data_3_address0           |  out|    5|   ap_memory|                                  step_data_3|         array|
|step_data_3_ce0                |  out|    1|   ap_memory|                                  step_data_3|         array|
|step_data_3_q0                 |   in|   26|   ap_memory|                                  step_data_3|         array|
|step_data_4_address0           |  out|    5|   ap_memory|                                  step_data_4|         array|
|step_data_4_ce0                |  out|    1|   ap_memory|                                  step_data_4|         array|
|step_data_4_q0                 |   in|   26|   ap_memory|                                  step_data_4|         array|
|terminal_wall_x_lb_con_reload  |   in|   26|     ap_none|                terminal_wall_x_lb_con_reload|        scalar|
|terminal_wall_x_ub_con_reload  |   in|   26|     ap_none|                terminal_wall_x_ub_con_reload|        scalar|
+-------------------------------+-----+-----+------------+---------------------------------------------+--------------+

