

================================================================
== Vitis HLS Report for 'mpc_compute_hls_Pipeline_VITIS_LOOP_369_3'
================================================================
* Date:           Thu Jun 11 17:48:35 2026

* Version:        2025.2 (Build 6295257 on Nov 14 2025)
* Project:        mpc_fpga_top_opencl
* Solution:       hls (Vitis Kernel Flow Target)
* Product family: zynquplus
* Target device:  xck26-sfvc784-2LV-c


================================================================
== Performance Estimates
================================================================
+ Timing: 
    * Summary: 
    +--------+---------+----------+------------+
    |  Clock |  Target | Estimated| Uncertainty|
    +--------+---------+----------+------------+
    |ap_clk  |  5.00 ns|  4.431 ns|     0.50 ns|
    +--------+---------+----------+------------+

+ Latency: 
    * Summary: 
    +---------+---------+----------+----------+-----+-----+-------------------+
    |  Latency (cycles) |  Latency (absolute) |  Interval |      Pipeline     |
    |   min   |   max   |    min   |    max   | min | max |        Type       |
    +---------+---------+----------+----------+-----+-----+-------------------+
    |     1565|     1565|  7.825 us|  7.825 us|    0|    0|  loop pipeline stp|
    +---------+---------+----------+----------+-----+-----+-------------------+

    + Detail: 
        * Instance: 
        +--------------------------------------------+--------------------------------+---------+---------+-----------+-----------+-----+-----+---------+
        |                                            |                                |  Latency (cycles) |   Latency (absolute)  |  Interval | Pipeline|
        |                  Instance                  |             Module             |   min   |   max   |    min    |    max    | min | max |   Type  |
        +--------------------------------------------+--------------------------------+---------+---------+-----------+-----------+-----+-----+---------+
        |grp_fp_atan_lut_fu_1397                     |fp_atan_lut                     |        4|        4|  20.000 ns|  20.000 ns|    5|    5|      yes|
        |grp_compute_frenet_AB_and_next_hls_fu_1404  |compute_frenet_AB_and_next_hls  |       72|       72|   0.360 us|   0.360 us|   73|   73|      yes|
        |grp_fp_recip_fu_1424                        |fp_recip                        |        6|        6|  30.000 ns|  30.000 ns|    1|    1|      yes|
        |grp_compute_affine_bias_dense_hls_fu_1433   |compute_affine_bias_dense_hls   |       32|       32|   0.160 us|   0.160 us|   33|   33|      yes|
        +--------------------------------------------+--------------------------------+---------+---------+-----------+-----------+-----+-----+---------+

        * Loop: 
        +--------------------+---------+---------+----------+-----------+-----------+------+----------+
        |                    |  Latency (cycles) | Iteration|  Initiation Interval  | Trip |          |
        |      Loop Name     |   min   |   max   |  Latency |  achieved |   target  | Count| Pipelined|
        +--------------------+---------+---------+----------+-----------+-----------+------+----------+
        |- VITIS_LOOP_369_3  |     1563|     1563|       116|         74|         74|    20|       yes|
        +--------------------+---------+---------+----------+-----------+-----------+------+----------+



================================================================
== Utilization Estimates
================================================================
* Summary: 
+-----------------+---------+------+--------+--------+-----+
|       Name      | BRAM_18K|  DSP |   FF   |   LUT  | URAM|
+-----------------+---------+------+--------+--------+-----+
|DSP              |        -|     -|       -|       -|    -|
|Expression       |        -|     -|       0|    1800|    -|
|FIFO             |        -|     -|       -|       -|    -|
|Instance         |       28|   157|   19631|   24346|    -|
|Memory           |        -|     -|       -|       -|    -|
|Multiplexer      |        -|     -|       0|    1081|    -|
|Register         |        -|     -|    2188|       -|    -|
+-----------------+---------+------+--------+--------+-----+
|Total            |       28|   157|   21819|   27227|    0|
+-----------------+---------+------+--------+--------+-----+
|Available        |      288|  1248|  234240|  117120|   64|
+-----------------+---------+------+--------+--------+-----+
|Utilization (%)  |        9|    12|       9|      23|    0|
+-----------------+---------+------+--------+--------+-----+

+ Detail: 
    * Instance: 
    +--------------------------------------------+--------------------------------+---------+-----+-------+-------+-----+
    |                  Instance                  |             Module             | BRAM_18K| DSP |   FF  |  LUT  | URAM|
    +--------------------------------------------+--------------------------------+---------+-----+-------+-------+-----+
    |grp_compute_affine_bias_dense_hls_fu_1433   |compute_affine_bias_dense_hls   |        0|    4|   2000|   1571|    0|
    |grp_compute_frenet_AB_and_next_hls_fu_1404  |compute_frenet_AB_and_next_hls  |       26|  144|  17415|  22042|    0|
    |grp_fp_atan_lut_fu_1397                     |fp_atan_lut                     |        2|    1|     78|    341|    0|
    |mul_17s_18ns_35_3_1_U619                    |mul_17s_18ns_35_3_1             |        0|    1|      4|      5|    0|
    |mul_21s_19ns_40_3_1_U620                    |mul_21s_19ns_40_3_1             |        0|    1|     10|     14|    0|
    |mul_25ns_15ns_39_3_1_U618                   |mul_25ns_15ns_39_3_1            |        0|    1|     19|     26|    0|
    |mul_26s_10ns_36_3_1_U621                    |mul_26s_10ns_36_3_1             |        0|    1|     21|     29|    0|
    |mul_26s_14ns_40_3_1_U614                    |mul_26s_14ns_40_3_1             |        0|    1|     21|     29|    0|
    |mul_26s_14ns_40_3_1_U615                    |mul_26s_14ns_40_3_1             |        0|    1|     21|     29|    0|
    |mul_26s_15ns_41_3_1_U617                    |mul_26s_15ns_41_3_1             |        0|    1|     21|     29|    0|
    |mul_26s_17ns_43_3_1_U616                    |mul_26s_17ns_43_3_1             |        0|    1|     21|     29|    0|
    |sparsemux_41_5_26_1_1_U612                  |sparsemux_41_5_26_1_1           |        0|    0|      0|    101|    0|
    |sparsemux_41_5_26_1_1_U613                  |sparsemux_41_5_26_1_1           |        0|    0|      0|    101|    0|
    +--------------------------------------------+--------------------------------+---------+-----+-------+-------+-----+
    |Total                                       |                                |       28|  157|  19631|  24346|    0|
    +--------------------------------------------+--------------------------------+---------+-----+-------+-------+-----+

    * DSP: 
    N/A

    * Memory: 
    N/A

    * FIFO: 
    N/A

    * Expression: 
    +-------------------------------------+----------+----+---+----+------------+------------+
    |            Variable Name            | Operation| DSP| FF| LUT| Bitwidth P0| Bitwidth P1|
    +-------------------------------------+----------+----+---+----+------------+------------+
    |add_ln369_fu_1578_p2                 |         +|   0|  0|  12|           5|           1|
    |add_ln454_fu_1625_p2                 |         +|   0|  0|  14|           7|           3|
    |add_ln462_1_fu_2237_p2               |         +|   0|  0|  14|           7|           2|
    |add_ln462_2_fu_2268_p2               |         +|   0|  0|  14|           7|           3|
    |add_ln462_fu_2201_p2                 |         +|   0|  0|  14|           7|           2|
    |desired_lb_1_fu_1978_p2              |         +|   0|  0|  33|          26|          11|
    |desired_lb_fu_1916_p2                |         +|   0|  0|  33|          26|          10|
    |desired_ub_1_fu_1983_p2              |         +|   0|  0|  33|          26|          12|
    |desired_ub_fu_1921_p2                |         +|   0|  0|  33|          26|          11|
    |mid_sum_fu_1853_p2                   |         +|   0|  0|  34|          27|          27|
    |v_for_limit_fu_2476_p2               |         +|   0|  0|  33|          26|          26|
    |val_3_fu_2102_p2                     |         +|   0|  0|  33|          26|          26|
    |val_4_fu_2840_p2                     |         +|   0|  0|  30|          23|          23|
    |x_ub_3_fu_1833_p2                    |         +|   0|  0|  33|          26|          13|
    |sub_ln133_fu_2805_p2                 |         -|   0|  0|  33|           1|          26|
    |sub_ln454_fu_1615_p2                 |         -|   0|  0|  15|           8|           8|
    |val_2_fu_2055_p2                     |         -|   0|  0|  33|          26|          26|
    |value_101_fu_2261_p2                 |         -|   0|  0|  33|           1|          26|
    |value_103_fu_2288_p2                 |         -|   0|  0|  33|           1|          26|
    |value_105_fu_2455_p2                 |         -|   0|  0|  33|           1|          26|
    |value_95_fu_2364_p2                  |         -|   0|  0|  33|           1|          26|
    |value_97_fu_2185_p2                  |         -|   0|  0|  33|           1|          26|
    |value_99_fu_2221_p2                  |         -|   0|  0|  33|           1|          26|
    |x_lb_fu_1827_p2                      |         -|   0|  0|  33|          12|          26|
    |icmp_ln143_1_fu_2014_p2              |      icmp|   0|  0|  33|          26|          26|
    |icmp_ln143_2_fu_2064_p2              |      icmp|   0|  0|  33|          26|          13|
    |icmp_ln143_3_fu_2107_p2              |      icmp|   0|  0|  33|          26|          26|
    |icmp_ln143_4_fu_2850_p2              |      icmp|   0|  0|  30|          23|          14|
    |icmp_ln143_fu_2316_p2                |      icmp|   0|  0|  33|          26|          14|
    |icmp_ln145_1_fu_2019_p2              |      icmp|   0|  0|  33|          26|          26|
    |icmp_ln145_2_fu_2070_p2              |      icmp|   0|  0|  33|          26|          12|
    |icmp_ln145_3_fu_2112_p2              |      icmp|   0|  0|  33|          26|          26|
    |icmp_ln145_4_fu_2856_p2              |      icmp|   0|  0|  30|          23|          13|
    |icmp_ln145_fu_2321_p2                |      icmp|   0|  0|  33|          26|          13|
    |icmp_ln369_fu_1572_p2                |      icmp|   0|  0|  12|           5|           5|
    |icmp_ln405_fu_1926_p2                |      icmp|   0|  0|  33|          26|          26|
    |icmp_ln415_fu_1885_p2                |      icmp|   0|  0|  12|           5|           5|
    |icmp_ln41_fu_1839_p2                 |      icmp|   0|  0|  33|          26|          26|
    |icmp_ln432_fu_2816_p2                |      icmp|   0|  0|  33|          26|          14|
    |icmp_ln512_fu_2391_p2                |      icmp|   0|  0|  20|          13|           1|
    |icmp_ln518_fu_2495_p2                |      icmp|   0|  0|  20|          13|           1|
    |icmp_ln522_fu_2513_p2                |      icmp|   0|  0|  32|          25|          17|
    |icmp_ln74_fu_1988_p2                 |      icmp|   0|  0|  33|          26|          26|
    |empty_653_fu_2334_p2                 |        or|   0|  0|   2|           1|           1|
    |empty_654_fu_2870_p2                 |        or|   0|  0|   2|           1|           1|
    |or_ln143_fu_2084_p2                  |        or|   0|  0|   2|           1|           1|
    |A_step_50_fu_2829_p3                 |    select|   0|  0|  26|           1|          26|
    |a_92_fu_2810_p3                      |    select|   0|  0|  26|           1|          26|
    |corr_fu_2090_p3                      |    select|   0|  0|  12|           1|          13|
    |lin_delta_2_fu_2876_p3               |    select|   0|  0|  14|           1|          14|
    |select_ln143_fu_2076_p3              |    select|   0|  0|  12|           1|          13|
    |select_ln145_1_fu_2024_p3            |    select|   0|  0|  26|           1|          26|
    |select_ln145_2_fu_2117_p3            |    select|   0|  0|  26|           1|          26|
    |select_ln145_3_fu_2862_p3            |    select|   0|  0|  14|           1|          14|
    |select_ln145_fu_2326_p3              |    select|   0|  0|  14|           1|          14|
    |select_ln378_cast_fu_2822_p3         |    select|   0|  0|  15|           1|          15|
    |target_lb_fu_2007_p3                 |    select|   0|  0|  26|           1|          26|
    |target_ref_fu_2050_p3                |    select|   0|  0|  26|           1|          26|
    |target_ub_fu_2000_p3                 |    select|   0|  0|  26|           1|          26|
    |terminal_dff_raw_fu_2348_p3          |    select|   0|  0|  26|           1|          26|
    |terminal_ey_ref_fu_2138_p3           |    select|   0|  0|  26|           1|          26|
    |terminal_wall_x_lb_con_1_fu_1954_p3  |    select|   0|  0|  26|           1|          26|
    |terminal_wall_x_ub_con_1_fu_1961_p3  |    select|   0|  0|  26|           1|          26|
    |v_for_limit_1_fu_2501_p3             |    select|   0|  0|  25|           1|          14|
    |v_model_k_fu_2397_p3                 |    select|   0|  0|  25|           1|          14|
    |value_104_fu_2340_p3                 |    select|   0|  0|  14|           1|          14|
    |value_94_fu_2124_p3                  |    select|   0|  0|  26|           1|          26|
    |wall_x_lb_con_fu_1938_p3             |    select|   0|  0|  26|           1|          26|
    |wall_x_ub_con_fu_1946_p3             |    select|   0|  0|  26|           1|          26|
    |x_lb_1_fu_1869_p3                    |    select|   0|  0|  26|           1|          26|
    |x_ub_fu_1877_p3                      |    select|   0|  0|  26|           1|          26|
    |ap_enable_pp0                        |       xor|   0|  0|   2|           1|           2|
    |xor_ln405_fu_1932_p2                 |       xor|   0|  0|   2|           1|           2|
    |xor_ln74_fu_1994_p2                  |       xor|   0|  0|   2|           1|           2|
    +-------------------------------------+----------+----+---+----+------------+------------+
    |Total                                |          |   0|  0|1800|         768|        1266|
    +-------------------------------------+----------+----+---+----+------------+------------+

    * Multiplexer: 
    +-----------------------------------------+-----+-----------+-----+-----------+
    |                   Name                  | LUT | Input Size| Bits| Total Bits|
    +-----------------------------------------+-----+-----------+-----+-----------+
    |ap_NS_fsm                                |  401|         75|    1|         75|
    |ap_done_int                              |    9|          2|    1|          2|
    |ap_enable_reg_pp0_iter0                  |    9|          2|    1|          2|
    |ap_enable_reg_pp0_iter1                  |    9|          2|    1|          2|
    |ap_loop_exit_ready_pp0_iter1_reg         |    9|          2|    1|          2|
    |ap_phi_mux_storemerge274_phi_fu_1389_p4  |    9|          2|   26|         52|
    |ap_sig_allocacmp_k                       |    9|          2|    5|         10|
    |b_fu_468                                 |    9|          2|   26|         52|
    |k_3_fu_472                               |    9|          2|    5|         10|
    |lin_delta_fu_436                         |    9|          2|   14|         28|
    |lin_epsi_0167_0_0_0_fu_440               |    9|          2|   26|         52|
    |lin_ey_0168_0_0_0_fu_444                 |    9|          2|   26|         52|
    |lin_omega_0174_0_0_0_fu_464              |    9|          2|   26|         52|
    |lin_vx_k_fu_456                          |    9|          2|   26|         52|
    |lin_vy_0173_0_0_0_fu_460                 |    9|          2|   26|         52|
    |out_136_fu_452                           |    9|          2|   26|         52|
    |step_data_0_0_address1_local             |   37|          7|    7|         49|
    |step_data_0_0_d1_local                   |   37|          7|   26|        182|
    |step_data_0_1_address1_local             |   37|          7|    7|         49|
    |step_data_0_1_d1_local                   |   37|          7|   26|        182|
    |step_data_0_2_address1_local             |   37|          7|    7|         49|
    |step_data_0_2_d1_local                   |   37|          7|   26|        182|
    |step_data_0_3_address1_local             |   37|          7|    7|         49|
    |step_data_0_3_d1_local                   |   37|          7|   26|        182|
    |step_data_0_4_address1_local             |   37|          7|    7|         49|
    |step_data_0_4_d1_local                   |   37|          7|   26|        182|
    |step_data_0_5_address1_local             |   37|          7|    7|         49|
    |step_data_0_5_d1_local                   |   37|          7|   26|        182|
    |step_data_2_address1_local               |   37|          7|    7|         49|
    |step_data_2_d1_local                     |   37|          7|   26|        182|
    |terminal_dff_raw_0169_0_0_0_fu_448       |    9|          2|   26|         52|
    |terminal_wall_x_lb_con_fu_428            |    9|          2|   26|         52|
    |terminal_wall_x_ub_con_fu_432            |    9|          2|   26|         52|
    +-----------------------------------------+-----+-----------+-----+-----------+
    |Total                                    | 1081|        209|  546|       2320|
    +-----------------------------------------+-----+-----------+-----+-----------+

    * Register: 
    +---------------------------------------------------------+----+----+-----+-----------+
    |                           Name                          | FF | LUT| Bits| Const Bits|
    +---------------------------------------------------------+----+----+-----+-----------+
    |A_step_26_reg_3361                                       |  26|   0|   26|          0|
    |A_step_27_reg_3367                                       |  26|   0|   26|          0|
    |A_step_28_reg_3373                                       |  26|   0|   26|          0|
    |A_step_29_reg_3379                                       |  26|   0|   26|          0|
    |A_step_30_reg_3385                                       |  26|   0|   26|          0|
    |A_step_31_reg_3390                                       |  26|   0|   26|          0|
    |A_step_32_reg_3396                                       |  26|   0|   26|          0|
    |A_step_33_reg_3402                                       |  26|   0|   26|          0|
    |A_step_34_reg_3408                                       |  26|   0|   26|          0|
    |A_step_35_reg_3414                                       |  26|   0|   26|          0|
    |A_step_36_reg_3419                                       |  26|   0|   26|          0|
    |A_step_37_reg_3425                                       |  26|   0|   26|          0|
    |A_step_38_reg_3431                                       |  26|   0|   26|          0|
    |A_step_39_reg_3437                                       |  26|   0|   26|          0|
    |A_step_40_reg_3443                                       |  26|   0|   26|          0|
    |A_step_41_reg_3448                                       |  26|   0|   26|          0|
    |A_step_42_reg_3454                                       |  26|   0|   26|          0|
    |A_step_43_reg_3460                                       |  26|   0|   26|          0|
    |A_step_44_reg_3466                                       |  26|   0|   26|          0|
    |A_step_45_reg_3472                                       |  26|   0|   26|          0|
    |A_step_46_reg_3477                                       |  26|   0|   26|          0|
    |A_step_47_reg_3483                                       |  26|   0|   26|          0|
    |A_step_48_reg_3489                                       |  26|   0|   26|          0|
    |A_step_49_reg_3495                                       |  26|   0|   26|          0|
    |A_step_50_reg_3592                                       |  26|   0|   26|          0|
    |A_step_reg_3356                                          |  26|   0|   26|          0|
    |B_step_10_reg_3507                                       |  26|   0|   26|          0|
    |B_step_11_reg_3513                                       |  26|   0|   26|          0|
    |B_step_12_reg_3519                                       |  26|   0|   26|          0|
    |B_step_13_reg_3525                                       |  26|   0|   26|          0|
    |B_step_14_reg_3541                                       |  26|   0|   26|          0|
    |B_step_15_reg_3546                                       |  26|   0|   26|          0|
    |B_step_16_reg_3551                                       |  26|   0|   26|          0|
    |B_step_5_reg_3531                                        |  26|   0|   26|          0|
    |B_step_6_reg_3536                                        |  26|   0|   26|          0|
    |B_step_reg_3502                                          |  26|   0|   26|          0|
    |ap_CS_fsm                                                |  74|   0|   74|          0|
    |ap_done_reg                                              |   1|   0|    1|          0|
    |ap_enable_reg_pp0_iter0_reg                              |   1|   0|    1|          0|
    |ap_enable_reg_pp0_iter1                                  |   1|   0|    1|          0|
    |ap_loop_exit_ready_pp0_iter1_reg                         |   1|   0|    1|          0|
    |b_fu_468                                                 |  26|   0|   26|          0|
    |b_load_reg_3341                                          |  26|   0|   26|          0|
    |base_ref_reg_3121                                        |  26|   0|   26|          0|
    |dff_raw_k_reg_3252                                       |  26|   0|   26|          0|
    |grp_compute_affine_bias_dense_hls_fu_1433_ap_start_reg   |   1|   0|    1|          0|
    |grp_compute_frenet_AB_and_next_hls_fu_1404_ap_start_reg  |   1|   0|    1|          0|
    |grp_fp_atan_lut_fu_1397_ap_start_reg                     |   1|   0|    1|          0|
    |icmp_ln143_1_reg_3156                                    |   1|   0|    1|          0|
    |icmp_ln369_reg_3008                                      |   1|   0|    1|          0|
    |icmp_ln369_reg_3008_pp0_iter1_reg                        |   1|   0|    1|          0|
    |icmp_ln415_reg_3067                                      |   1|   0|    1|          0|
    |icmp_ln522_reg_3327                                      |   1|   0|    1|          0|
    |k_3_fu_472                                               |   5|   0|    5|          0|
    |lin_delta_fu_436                                         |  14|   0|   14|          0|
    |lin_epsi_0167_0_0_0_fu_440                               |  26|   0|   26|          0|
    |lin_epsi_0167_0_0_0_load_reg_3296                        |  26|   0|   26|          0|
    |lin_ey_0168_0_0_0_fu_444                                 |  26|   0|   26|          0|
    |lin_ey_0168_0_0_0_load_reg_3301                          |  26|   0|   26|          0|
    |lin_omega_0174_0_0_0_fu_464                              |  26|   0|   26|          0|
    |lin_omega_0174_0_0_0_load_reg_3311                       |  26|   0|   26|          0|
    |lin_vx_k_fu_456                                          |  26|   0|   26|          0|
    |lin_vx_k_load_reg_3260                                   |  26|   0|   26|          0|
    |lin_vy_0173_0_0_0_fu_460                                 |  26|   0|   26|          0|
    |lin_vy_0173_0_0_0_load_reg_3306                          |  26|   0|   26|          0|
    |next_frenet_1_reg_3561                                   |  26|   0|   26|          0|
    |next_frenet_2_reg_3566                                   |  26|   0|   26|          0|
    |next_frenet_3_reg_3571                                   |  26|   0|   26|          0|
    |next_frenet_4_reg_3576                                   |  26|   0|   26|          0|
    |next_frenet_reg_3556                                     |  26|   0|   26|          0|
    |out_136_fu_452                                           |  26|   0|   26|          0|
    |product_q_1_reg_3351                                     |  22|   0|   22|          0|
    |product_q_7_reg_3192                                     |  26|   0|   26|          0|
    |product_q_reg_3171                                       |  26|   0|   26|          0|
    |select_ln145_1_reg_3161                                  |  26|   0|   26|          0|
    |sub_ln454_reg_3023                                       |   7|   0|    8|          1|
    |target_lb_reg_3151                                       |  26|   0|   26|          0|
    |terminal_dff_raw_0169_0_0_0_fu_448                       |  26|   0|   26|          0|
    |terminal_wall_x_lb_con_fu_428                            |  26|   0|   26|          0|
    |terminal_wall_x_ub_con_fu_432                            |  26|   0|   26|          0|
    |tmp_12_reg_3581                                          |   1|   0|    1|          0|
    |tmp_13_reg_3286                                          |  13|   0|   13|          0|
    |tmp_31_cast_reg_3040                                     |   6|   0|    6|          0|
    |trunc_ln369_3_reg_3275                                   |  23|   0|   23|          0|
    |trunc_ln454_reg_3028                                     |   6|   0|    7|          1|
    |trunc_ln594_reg_3095                                     |  23|   0|   23|          0|
    |v_for_limit_1_reg_3316                                   |  25|   0|   25|          0|
    |value_100_reg_3141                                       |  26|   0|   26|          0|
    |value_102_reg_3146                                       |  26|   0|   26|          0|
    |value_104_reg_3280                                       |  14|   0|   14|          0|
    |value_94_reg_3176                                        |  26|   0|   26|          0|
    |value_96_reg_3136                                        |  26|   0|   26|          0|
    |value_98_reg_3130                                        |  26|   0|   26|          0|
    |wall_x_lb_con_reg_3105                                   |  26|   0|   26|          0|
    |wall_x_ub_con_reg_3113                                   |  26|   0|   26|          0|
    |x_lb_1_reg_3050                                          |  26|   0|   26|          0|
    |x_ub_reg_3056                                            |  26|   0|   26|          0|
    |zext_ln369_reg_3012                                      |   5|   0|   64|         59|
    |zext_ln369_reg_3012_pp0_iter1_reg                        |   5|   0|   64|         59|
    |zext_ln454_1_reg_3265                                    |   7|   0|   64|         57|
    |zext_ln454_2_reg_3035                                    |   6|   0|   64|         58|
    |zext_ln462_1_reg_3212                                    |   6|   0|   64|         58|
    |zext_ln462_1_reg_3212_pp0_iter1_reg                      |   6|   0|   64|         58|
    |zext_ln462_2_reg_3227                                    |   6|   0|   64|         58|
    |zext_ln462_2_reg_3227_pp0_iter1_reg                      |   6|   0|   64|         58|
    |zext_ln462_3_reg_3242                                    |   6|   0|   64|         58|
    |zext_ln462_3_reg_3242_pp0_iter1_reg                      |   6|   0|   64|         58|
    |zext_ln462_reg_3197                                      |   6|   0|   64|         58|
    |zext_ln462_reg_3197_pp0_iter1_reg                        |   6|   0|   64|         58|
    +---------------------------------------------------------+----+----+-----+-----------+
    |Total                                                    |2188|   0| 2887|        699|
    +---------------------------------------------------------+----+----+-----+-----------+



================================================================
== Interface
================================================================
* Summary: 
+-----------------------------------------+-----+-----+------------+-------------------------------------------+--------------+
|                RTL Ports                | Dir | Bits|  Protocol  |               Source Object               |    C Type    |
+-----------------------------------------+-----+-----+------------+-------------------------------------------+--------------+
|ap_clk                                   |   in|    1|  ap_ctrl_hs|  mpc_compute_hls_Pipeline_VITIS_LOOP_369_3|  return value|
|ap_rst                                   |   in|    1|  ap_ctrl_hs|  mpc_compute_hls_Pipeline_VITIS_LOOP_369_3|  return value|
|ap_start                                 |   in|    1|  ap_ctrl_hs|  mpc_compute_hls_Pipeline_VITIS_LOOP_369_3|  return value|
|ap_done                                  |  out|    1|  ap_ctrl_hs|  mpc_compute_hls_Pipeline_VITIS_LOOP_369_3|  return value|
|ap_idle                                  |  out|    1|  ap_ctrl_hs|  mpc_compute_hls_Pipeline_VITIS_LOOP_369_3|  return value|
|ap_ready                                 |  out|    1|  ap_ctrl_hs|  mpc_compute_hls_Pipeline_VITIS_LOOP_369_3|  return value|
|grp_fp_recip_fu_5937_p_din1              |  out|   26|  ap_ctrl_hs|  mpc_compute_hls_Pipeline_VITIS_LOOP_369_3|  return value|
|grp_fp_recip_fu_5937_p_dout0             |   in|   17|  ap_ctrl_hs|  mpc_compute_hls_Pipeline_VITIS_LOOP_369_3|  return value|
|grp_fu_2774_p_din0                       |  out|   26|  ap_ctrl_hs|  mpc_compute_hls_Pipeline_VITIS_LOOP_369_3|  return value|
|grp_fu_2774_p_din1                       |  out|   20|  ap_ctrl_hs|  mpc_compute_hls_Pipeline_VITIS_LOOP_369_3|  return value|
|grp_fu_2774_p_dout0                      |   in|   46|  ap_ctrl_hs|  mpc_compute_hls_Pipeline_VITIS_LOOP_369_3|  return value|
|grp_fu_2774_p_ce                         |  out|    1|  ap_ctrl_hs|  mpc_compute_hls_Pipeline_VITIS_LOOP_369_3|  return value|
|grp_fu_2779_p_din0                       |  out|   26|  ap_ctrl_hs|  mpc_compute_hls_Pipeline_VITIS_LOOP_369_3|  return value|
|grp_fu_2779_p_din1                       |  out|   22|  ap_ctrl_hs|  mpc_compute_hls_Pipeline_VITIS_LOOP_369_3|  return value|
|grp_fu_2779_p_dout0                      |   in|   48|  ap_ctrl_hs|  mpc_compute_hls_Pipeline_VITIS_LOOP_369_3|  return value|
|grp_fu_2779_p_ce                         |  out|    1|  ap_ctrl_hs|  mpc_compute_hls_Pipeline_VITIS_LOOP_369_3|  return value|
|grp_fu_2784_p_din0                       |  out|   26|  ap_ctrl_hs|  mpc_compute_hls_Pipeline_VITIS_LOOP_369_3|  return value|
|grp_fu_2784_p_din1                       |  out|   25|  ap_ctrl_hs|  mpc_compute_hls_Pipeline_VITIS_LOOP_369_3|  return value|
|grp_fu_2784_p_dout0                      |   in|   51|  ap_ctrl_hs|  mpc_compute_hls_Pipeline_VITIS_LOOP_369_3|  return value|
|grp_fu_2784_p_ce                         |  out|    1|  ap_ctrl_hs|  mpc_compute_hls_Pipeline_VITIS_LOOP_369_3|  return value|
|x0_1                                     |   in|   26|     ap_none|                                       x0_1|        scalar|
|state_omega                              |   in|   26|     ap_none|                                state_omega|        scalar|
|state_vy                                 |   in|   26|     ap_none|                                   state_vy|        scalar|
|zext_ln143                               |   in|   25|     ap_none|                                 zext_ln143|        scalar|
|state_ey                                 |   in|   26|     ap_none|                                   state_ey|        scalar|
|state_epsi                               |   in|   26|     ap_none|                                 state_epsi|        scalar|
|sext_ln481                               |   in|   14|     ap_none|                                 sext_ln481|        scalar|
|step_data_0_0_address1                   |  out|    7|   ap_memory|                              step_data_0_0|         array|
|step_data_0_0_ce1                        |  out|    1|   ap_memory|                              step_data_0_0|         array|
|step_data_0_0_we1                        |  out|    1|   ap_memory|                              step_data_0_0|         array|
|step_data_0_0_d1                         |  out|   26|   ap_memory|                              step_data_0_0|         array|
|step_data_0_1_address1                   |  out|    7|   ap_memory|                              step_data_0_1|         array|
|step_data_0_1_ce1                        |  out|    1|   ap_memory|                              step_data_0_1|         array|
|step_data_0_1_we1                        |  out|    1|   ap_memory|                              step_data_0_1|         array|
|step_data_0_1_d1                         |  out|   26|   ap_memory|                              step_data_0_1|         array|
|step_data_0_2_address1                   |  out|    7|   ap_memory|                              step_data_0_2|         array|
|step_data_0_2_ce1                        |  out|    1|   ap_memory|                              step_data_0_2|         array|
|step_data_0_2_we1                        |  out|    1|   ap_memory|                              step_data_0_2|         array|
|step_data_0_2_d1                         |  out|   26|   ap_memory|                              step_data_0_2|         array|
|step_data_0_3_address1                   |  out|    7|   ap_memory|                              step_data_0_3|         array|
|step_data_0_3_ce1                        |  out|    1|   ap_memory|                              step_data_0_3|         array|
|step_data_0_3_we1                        |  out|    1|   ap_memory|                              step_data_0_3|         array|
|step_data_0_3_d1                         |  out|   26|   ap_memory|                              step_data_0_3|         array|
|step_data_0_4_address1                   |  out|    7|   ap_memory|                              step_data_0_4|         array|
|step_data_0_4_ce1                        |  out|    1|   ap_memory|                              step_data_0_4|         array|
|step_data_0_4_we1                        |  out|    1|   ap_memory|                              step_data_0_4|         array|
|step_data_0_4_d1                         |  out|   26|   ap_memory|                              step_data_0_4|         array|
|step_data_0_5_address1                   |  out|    7|   ap_memory|                              step_data_0_5|         array|
|step_data_0_5_ce1                        |  out|    1|   ap_memory|                              step_data_0_5|         array|
|step_data_0_5_we1                        |  out|    1|   ap_memory|                              step_data_0_5|         array|
|step_data_0_5_d1                         |  out|   26|   ap_memory|                              step_data_0_5|         array|
|step_data_2_address1                     |  out|    7|   ap_memory|                                step_data_2|         array|
|step_data_2_ce1                          |  out|    1|   ap_memory|                                step_data_2|         array|
|step_data_2_we1                          |  out|    1|   ap_memory|                                step_data_2|         array|
|step_data_2_d1                           |  out|   26|   ap_memory|                                step_data_2|         array|
|B_sparse_3_address0                      |  out|    5|   ap_memory|                                 B_sparse_3|         array|
|B_sparse_3_ce0                           |  out|    1|   ap_memory|                                 B_sparse_3|         array|
|B_sparse_3_we0                           |  out|    1|   ap_memory|                                 B_sparse_3|         array|
|B_sparse_3_d0                            |  out|   26|   ap_memory|                                 B_sparse_3|         array|
|B_sparse_2_address0                      |  out|    5|   ap_memory|                                 B_sparse_2|         array|
|B_sparse_2_ce0                           |  out|    1|   ap_memory|                                 B_sparse_2|         array|
|B_sparse_2_we0                           |  out|    1|   ap_memory|                                 B_sparse_2|         array|
|B_sparse_2_d0                            |  out|   26|   ap_memory|                                 B_sparse_2|         array|
|B_sparse_1_address0                      |  out|    5|   ap_memory|                                 B_sparse_1|         array|
|B_sparse_1_ce0                           |  out|    1|   ap_memory|                                 B_sparse_1|         array|
|B_sparse_1_we0                           |  out|    1|   ap_memory|                                 B_sparse_1|         array|
|B_sparse_1_d0                            |  out|   26|   ap_memory|                                 B_sparse_1|         array|
|B_sparse_address0                        |  out|    5|   ap_memory|                                   B_sparse|         array|
|B_sparse_ce0                             |  out|    1|   ap_memory|                                   B_sparse|         array|
|B_sparse_we0                             |  out|    1|   ap_memory|                                   B_sparse|         array|
|B_sparse_d0                              |  out|   26|   ap_memory|                                   B_sparse|         array|
|step_data_3_address1                     |  out|    5|   ap_memory|                                step_data_3|         array|
|step_data_3_ce1                          |  out|    1|   ap_memory|                                step_data_3|         array|
|step_data_3_we1                          |  out|    1|   ap_memory|                                step_data_3|         array|
|step_data_3_d1                           |  out|   26|   ap_memory|                                step_data_3|         array|
|step_data_4_address1                     |  out|    5|   ap_memory|                                step_data_4|         array|
|step_data_4_ce1                          |  out|    1|   ap_memory|                                step_data_4|         array|
|step_data_4_we1                          |  out|    1|   ap_memory|                                step_data_4|         array|
|step_data_4_d1                           |  out|   26|   ap_memory|                                step_data_4|         array|
|step_data_5_address1                     |  out|    5|   ap_memory|                                step_data_5|         array|
|step_data_5_ce1                          |  out|    1|   ap_memory|                                step_data_5|         array|
|step_data_5_we1                          |  out|    1|   ap_memory|                                step_data_5|         array|
|step_data_5_d1                           |  out|   26|   ap_memory|                                step_data_5|         array|
|ref_path_curvature_address0              |  out|    5|   ap_memory|                         ref_path_curvature|         array|
|ref_path_curvature_ce0                   |  out|    1|   ap_memory|                         ref_path_curvature|         array|
|ref_path_curvature_q0                    |   in|   26|   ap_memory|                         ref_path_curvature|         array|
|wall_left_min_reload                     |   in|   26|     ap_none|                       wall_left_min_reload|        scalar|
|wall_left_min_1_reload                   |   in|   26|     ap_none|                     wall_left_min_1_reload|        scalar|
|wall_left_min_2_reload                   |   in|   26|     ap_none|                     wall_left_min_2_reload|        scalar|
|wall_left_min_3_reload                   |   in|   26|     ap_none|                     wall_left_min_3_reload|        scalar|
|wall_left_min_4_reload                   |   in|   26|     ap_none|                     wall_left_min_4_reload|        scalar|
|wall_left_min_5_reload                   |   in|   26|     ap_none|                     wall_left_min_5_reload|        scalar|
|wall_left_min_6_reload                   |   in|   26|     ap_none|                     wall_left_min_6_reload|        scalar|
|wall_left_min_7_reload                   |   in|   26|     ap_none|                     wall_left_min_7_reload|        scalar|
|wall_left_min_8_reload                   |   in|   26|     ap_none|                     wall_left_min_8_reload|        scalar|
|wall_left_min_9_reload                   |   in|   26|     ap_none|                     wall_left_min_9_reload|        scalar|
|wall_left_min_10_reload                  |   in|   26|     ap_none|                    wall_left_min_10_reload|        scalar|
|wall_left_min_11_reload                  |   in|   26|     ap_none|                    wall_left_min_11_reload|        scalar|
|wall_left_min_12_reload                  |   in|   26|     ap_none|                    wall_left_min_12_reload|        scalar|
|wall_left_min_13_reload                  |   in|   26|     ap_none|                    wall_left_min_13_reload|        scalar|
|wall_left_min_14_reload                  |   in|   26|     ap_none|                    wall_left_min_14_reload|        scalar|
|wall_left_min_15_reload                  |   in|   26|     ap_none|                    wall_left_min_15_reload|        scalar|
|wall_left_min_16_reload                  |   in|   26|     ap_none|                    wall_left_min_16_reload|        scalar|
|wall_left_min_17_reload                  |   in|   26|     ap_none|                    wall_left_min_17_reload|        scalar|
|wall_left_min_18_reload                  |   in|   26|     ap_none|                    wall_left_min_18_reload|        scalar|
|wall_left_min_19_reload                  |   in|   26|     ap_none|                    wall_left_min_19_reload|        scalar|
|wall_right_min_reload                    |   in|   26|     ap_none|                      wall_right_min_reload|        scalar|
|wall_right_min_1_reload                  |   in|   26|     ap_none|                    wall_right_min_1_reload|        scalar|
|wall_right_min_2_reload                  |   in|   26|     ap_none|                    wall_right_min_2_reload|        scalar|
|wall_right_min_3_reload                  |   in|   26|     ap_none|                    wall_right_min_3_reload|        scalar|
|wall_right_min_4_reload                  |   in|   26|     ap_none|                    wall_right_min_4_reload|        scalar|
|wall_right_min_5_reload                  |   in|   26|     ap_none|                    wall_right_min_5_reload|        scalar|
|wall_right_min_6_reload                  |   in|   26|     ap_none|                    wall_right_min_6_reload|        scalar|
|wall_right_min_7_reload                  |   in|   26|     ap_none|                    wall_right_min_7_reload|        scalar|
|wall_right_min_8_reload                  |   in|   26|     ap_none|                    wall_right_min_8_reload|        scalar|
|wall_right_min_9_reload                  |   in|   26|     ap_none|                    wall_right_min_9_reload|        scalar|
|wall_right_min_10_reload                 |   in|   26|     ap_none|                   wall_right_min_10_reload|        scalar|
|wall_right_min_11_reload                 |   in|   26|     ap_none|                   wall_right_min_11_reload|        scalar|
|wall_right_min_12_reload                 |   in|   26|     ap_none|                   wall_right_min_12_reload|        scalar|
|wall_right_min_13_reload                 |   in|   26|     ap_none|                   wall_right_min_13_reload|        scalar|
|wall_right_min_14_reload                 |   in|   26|     ap_none|                   wall_right_min_14_reload|        scalar|
|wall_right_min_15_reload                 |   in|   26|     ap_none|                   wall_right_min_15_reload|        scalar|
|wall_right_min_16_reload                 |   in|   26|     ap_none|                   wall_right_min_16_reload|        scalar|
|wall_right_min_17_reload                 |   in|   26|     ap_none|                   wall_right_min_17_reload|        scalar|
|wall_right_min_18_reload                 |   in|   26|     ap_none|                   wall_right_min_18_reload|        scalar|
|wall_right_min_19_reload                 |   in|   26|     ap_none|                   wall_right_min_19_reload|        scalar|
|ref_reference_lateral_error_address0     |  out|    5|   ap_memory|                ref_reference_lateral_error|         array|
|ref_reference_lateral_error_ce0          |  out|    1|   ap_memory|                ref_reference_lateral_error|         array|
|ref_reference_lateral_error_q0           |   in|   26|   ap_memory|                ref_reference_lateral_error|         array|
|ref_reference_velocity_address0          |  out|    5|   ap_memory|                     ref_reference_velocity|         array|
|ref_reference_velocity_ce0               |  out|    1|   ap_memory|                     ref_reference_velocity|         array|
|ref_reference_velocity_q0                |   in|   26|   ap_memory|                     ref_reference_velocity|         array|
|empty                                    |   in|   23|     ap_none|                                      empty|        scalar|
|x0_2                                     |   in|   26|     ap_none|                                       x0_2|        scalar|
|step_data_1_address1                     |  out|    7|   ap_memory|                                step_data_1|         array|
|step_data_1_ce1                          |  out|    1|   ap_memory|                                step_data_1|         array|
|step_data_1_we1                          |  out|    1|   ap_memory|                                step_data_1|         array|
|step_data_1_d1                           |  out|   26|   ap_memory|                                step_data_1|         array|
|ref_reference_heading_error_address0     |  out|    5|   ap_memory|                ref_reference_heading_error|         array|
|ref_reference_heading_error_ce0          |  out|    1|   ap_memory|                ref_reference_heading_error|         array|
|ref_reference_heading_error_q0           |   in|   26|   ap_memory|                ref_reference_heading_error|         array|
|ref_reference_lateral_velocity_address0  |  out|    5|   ap_memory|             ref_reference_lateral_velocity|         array|
|ref_reference_lateral_velocity_ce0       |  out|    1|   ap_memory|             ref_reference_lateral_velocity|         array|
|ref_reference_lateral_velocity_q0        |   in|   26|   ap_memory|             ref_reference_lateral_velocity|         array|
|ref_reference_yaw_rate_address0          |  out|    5|   ap_memory|                     ref_reference_yaw_rate|         array|
|ref_reference_yaw_rate_ce0               |  out|    1|   ap_memory|                     ref_reference_yaw_rate|         array|
|ref_reference_yaw_rate_q0                |   in|   26|   ap_memory|                     ref_reference_yaw_rate|         array|
|out_136_out                              |  out|   26|      ap_vld|                                out_136_out|       pointer|
|out_136_out_ap_vld                       |  out|    1|      ap_vld|                                out_136_out|       pointer|
|terminal_dff_raw_0169_0_0_0_out          |  out|   26|      ap_vld|            terminal_dff_raw_0169_0_0_0_out|       pointer|
|terminal_dff_raw_0169_0_0_0_out_ap_vld   |  out|    1|      ap_vld|            terminal_dff_raw_0169_0_0_0_out|       pointer|
|terminal_wall_x_ub_con_out               |  out|   26|      ap_vld|                 terminal_wall_x_ub_con_out|       pointer|
|terminal_wall_x_ub_con_out_ap_vld        |  out|    1|      ap_vld|                 terminal_wall_x_ub_con_out|       pointer|
|terminal_wall_x_lb_con_out               |  out|   26|      ap_vld|                 terminal_wall_x_lb_con_out|       pointer|
|terminal_wall_x_lb_con_out_ap_vld        |  out|    1|      ap_vld|                 terminal_wall_x_lb_con_out|       pointer|
+-----------------------------------------+-----+-----+------------+-------------------------------------------+--------------+

