

================================================================
== Vitis HLS Report for 'mpc_compute_hls_Pipeline_VITIS_LOOP_371_3'
================================================================
* Date:           Thu May 21 15:23:10 2026

* Version:        2025.2 (Build 6295257 on Nov 14 2025)
* Project:        mpc_fpga_top_opencl
* Solution:       hls (Vitis Kernel Flow Target)
* Product family: zynquplus
* Target device:  xck26-sfvc784-2LV-c


================================================================
== Performance Estimates
================================================================
+ Timing: 
    * Summary: 
    +--------+---------+----------+------------+
    |  Clock |  Target | Estimated| Uncertainty|
    +--------+---------+----------+------------+
    |ap_clk  |  5.00 ns|  4.482 ns|     0.50 ns|
    +--------+---------+----------+------------+

+ Latency: 
    * Summary: 
    +---------+---------+-----------+-----------+-----+-----+-------------------+
    |  Latency (cycles) |   Latency (absolute)  |  Interval |      Pipeline     |
    |   min   |   max   |    min    |    max    | min | max |        Type       |
    +---------+---------+-----------+-----------+-----+-----+-------------------+
    |     2114|     2114|  10.570 us|  10.570 us|    0|    0|  loop pipeline stp|
    +---------+---------+-----------+-----------+-----+-----+-------------------+

    + Detail: 
        * Instance: 
        +--------------------------------------------+--------------------------------+---------+---------+-----------+-----------+-----+-----+---------+
        |                                            |                                |  Latency (cycles) |   Latency (absolute)  |  Interval | Pipeline|
        |                  Instance                  |             Module             |   min   |   max   |    min    |    max    | min | max |   Type  |
        +--------------------------------------------+--------------------------------+---------+---------+-----------+-----------+-----+-----+---------+
        |grp_fp_atan_lut_fu_1707                     |fp_atan_lut                     |        6|        6|  30.000 ns|  30.000 ns|    7|    7|      yes|
        |grp_compute_frenet_AB_and_next_hls_fu_1714  |compute_frenet_AB_and_next_hls  |       99|       99|   0.495 us|   0.495 us|  100|  100|      yes|
        |grp_fp_recip_fu_1734                        |fp_recip                        |        6|        6|  30.000 ns|  30.000 ns|    1|    1|      yes|
        |grp_compute_affine_bias_dense_hls_fu_1741   |compute_affine_bias_dense_hls   |       33|       33|   0.165 us|   0.165 us|   34|   34|      yes|
        +--------------------------------------------+--------------------------------+---------+---------+-----------+-----------+-----+-----+---------+

        * Loop: 
        +--------------------+---------+---------+----------+-----------+-----------+------+----------+
        |                    |  Latency (cycles) | Iteration|  Initiation Interval  | Trip |          |
        |      Loop Name     |   min   |   max   |  Latency |  achieved |   target  | Count| Pipelined|
        +--------------------+---------+---------+----------+-----------+-----------+------+----------+
        |- VITIS_LOOP_371_3  |     2112|     2112|       146|        100|        100|    20|       yes|
        +--------------------+---------+---------+----------+-----------+-----------+------+----------+



================================================================
== Utilization Estimates
================================================================
* Summary: 
+-----------------+---------+------+--------+--------+-----+
|       Name      | BRAM_18K|  DSP |   FF   |   LUT  | URAM|
+-----------------+---------+------+--------+--------+-----+
|DSP              |        -|     -|       -|       -|    -|
|Expression       |        -|     -|       0|    1964|    -|
|FIFO             |        -|     -|       -|       -|    -|
|Instance         |       33|   184|   30665|   31618|    -|
|Memory           |        -|     -|       -|       -|    -|
|Multiplexer      |        -|     -|       0|     802|    -|
|Register         |        -|     -|    2702|       -|    -|
+-----------------+---------+------+--------+--------+-----+
|Total            |       33|   184|   33367|   34384|    0|
+-----------------+---------+------+--------+--------+-----+
|Available        |      288|  1248|  234240|  117120|   64|
+-----------------+---------+------+--------+--------+-----+
|Utilization (%)  |       11|    14|      14|      29|    0|
+-----------------+---------+------+--------+--------+-----+

+ Detail: 
    * Instance: 
    +--------------------------------------------+--------------------------------+---------+-----+-------+-------+-----+
    |                  Instance                  |             Module             | BRAM_18K| DSP |   FF  |  LUT  | URAM|
    +--------------------------------------------+--------------------------------+---------+-----+-------+-------+-----+
    |grp_compute_affine_bias_dense_hls_fu_1741   |compute_affine_bias_dense_hls   |        0|    8|   2582|   1695|    0|
    |grp_compute_frenet_AB_and_next_hls_fu_1714  |compute_frenet_AB_and_next_hls  |       30|  168|  27635|  29186|    0|
    |grp_fp_atan_lut_fu_1707                     |fp_atan_lut                     |        3|    2|    199|    415|    0|
    |mul_27s_22ns_49_4_1_U612                    |mul_27s_22ns_49_4_1             |        0|    2|     67|     32|    0|
    |mul_31ns_19ns_49_4_1_U613                   |mul_31ns_19ns_49_4_1            |        0|    2|     91|     44|    0|
    |mul_31s_22ns_50_4_1_U614                    |mul_31s_22ns_50_4_1             |        0|    2|     91|     44|    0|
    |sparsemux_41_5_32_1_1_U617                  |sparsemux_41_5_32_1_1           |        0|    0|      0|    101|    0|
    |sparsemux_41_5_32_1_1_U618                  |sparsemux_41_5_32_1_1           |        0|    0|      0|    101|    0|
    +--------------------------------------------+--------------------------------+---------+-----+-------+-------+-----+
    |Total                                       |                                |       33|  184|  30665|  31618|    0|
    +--------------------------------------------+--------------------------------+---------+-----+-------+-------+-----+

    * DSP: 
    N/A

    * Memory: 
    N/A

    * FIFO: 
    N/A

    * Expression: 
    +-------------------------------------+----------+----+---+----+------------+------------+
    |            Variable Name            | Operation| DSP| FF| LUT| Bitwidth P0| Bitwidth P1|
    +-------------------------------------+----------+----+---+----+------------+------------+
    |add_ln371_fu_2340_p2                 |         +|   0|  0|  12|           5|           1|
    |add_ln499_fu_2485_p2                 |         +|   0|  0|  14|           7|           2|
    |add_ln502_fu_2495_p2                 |         +|   0|  0|  14|           7|           2|
    |add_ln505_fu_2505_p2                 |         +|   0|  0|  14|           7|           3|
    |add_ln508_fu_2587_p2                 |         +|   0|  0|  14|           7|           3|
    |desired_lb_1_fu_2222_p2              |         +|   0|  0|  39|          32|          15|
    |desired_lb_fu_2184_p2                |         +|   0|  0|  39|          32|          14|
    |desired_ub_1_fu_2227_p2              |         +|   0|  0|  39|          32|          16|
    |desired_ub_fu_2189_p2                |         +|   0|  0|  39|          32|          15|
    |v_for_limit_fu_2691_p2               |         +|   0|  0|  39|          32|          32|
    |val_3_fu_2331_p2                     |         +|   0|  0|  39|          32|          32|
    |val_4_fu_3003_p2                     |         +|   0|  0|  36|          29|          29|
    |value_129_fu_2139_p2                 |         +|   0|  0|  39|          32|          32|
    |x_ub_fu_2127_p2                      |         +|   0|  0|  39|          32|          17|
    |grp_fu_1839_p2                       |         -|   0|  0|  39|           1|          32|
    |sub_ln118_fu_2994_p2                 |         -|   0|  0|  39|           1|          32|
    |sub_ln494_fu_2448_p2                 |         -|   0|  0|  15|           8|           8|
    |val_2_fu_2284_p2                     |         -|   0|  0|  39|          32|          32|
    |value_140_fu_2637_p2                 |         -|   0|  0|  27|           1|          20|
    |x_lb_fu_2121_p2                      |         -|   0|  0|  39|          16|          32|
    |icmp_ln128_1_fu_2274_p2              |      icmp|   0|  0|  39|          32|          32|
    |icmp_ln128_2_fu_2293_p2              |      icmp|   0|  0|  39|          32|          17|
    |icmp_ln128_3_fu_2354_p2              |      icmp|   0|  0|  39|          32|          32|
    |icmp_ln128_4_fu_3013_p2              |      icmp|   0|  0|  36|          29|          18|
    |icmp_ln128_fu_2526_p2                |      icmp|   0|  0|  39|          32|          18|
    |icmp_ln130_1_fu_2258_p2              |      icmp|   0|  0|  39|          32|          32|
    |icmp_ln130_2_fu_2299_p2              |      icmp|   0|  0|  39|          32|          16|
    |icmp_ln130_3_fu_2358_p2              |      icmp|   0|  0|  39|          32|          32|
    |icmp_ln130_4_fu_3019_p2              |      icmp|   0|  0|  36|          29|          17|
    |icmp_ln130_fu_2532_p2                |      icmp|   0|  0|  39|          32|          17|
    |icmp_ln371_fu_1922_p2                |      icmp|   0|  0|  12|           5|           5|
    |icmp_ln407_fu_2194_p2                |      icmp|   0|  0|  39|          32|          32|
    |icmp_ln417_fu_2375_p2                |      icmp|   0|  0|  12|           5|           5|
    |icmp_ln434_fu_3090_p2                |      icmp|   0|  0|  39|          32|          18|
    |icmp_ln45_fu_2133_p2                 |      icmp|   0|  0|  39|          32|          32|
    |icmp_ln514_fu_2658_p2                |      icmp|   0|  0|  22|          15|           1|
    |icmp_ln520_fu_2711_p2                |      icmp|   0|  0|  22|          15|           1|
    |icmp_ln524_fu_2729_p2                |      icmp|   0|  0|  38|          31|          21|
    |icmp_ln76_fu_2232_p2                 |      icmp|   0|  0|  39|          32|          32|
    |empty_595_fu_2546_p2                 |        or|   0|  0|   2|           1|           1|
    |empty_596_fu_3033_p2                 |        or|   0|  0|   2|           1|           1|
    |or_ln128_fu_2313_p2                  |        or|   0|  0|   2|           1|           1|
    |A_step_50_fu_3103_p3                 |    select|   0|  0|  32|           1|          32|
    |corr_fu_2319_p3                      |    select|   0|  0|  16|           1|          17|
    |lin_delta_2_fu_3039_p3               |    select|   0|  0|  17|           1|          18|
    |select_ln118_fu_3085_p3              |    select|   0|  0|  32|           1|          32|
    |select_ln128_fu_2305_p3              |    select|   0|  0|  16|           1|          17|
    |select_ln130_1_fu_2263_p3            |    select|   0|  0|  32|           1|          32|
    |select_ln130_2_fu_2362_p3            |    select|   0|  0|  32|           1|          32|
    |select_ln130_3_fu_3025_p3            |    select|   0|  0|  17|           1|          18|
    |select_ln130_fu_2538_p3              |    select|   0|  0|  17|           1|          18|
    |select_ln380_cast_fu_3096_p3         |    select|   0|  0|  18|           1|          19|
    |target_lb_fu_2251_p3                 |    select|   0|  0|  32|           1|          32|
    |target_ref_fu_2278_p3                |    select|   0|  0|  32|           1|          32|
    |target_ub_fu_2244_p3                 |    select|   0|  0|  32|           1|          32|
    |terminal_dff_raw_fu_2560_p3          |    select|   0|  0|  32|           1|          32|
    |terminal_ey_ref_fu_2394_p3           |    select|   0|  0|  32|           1|          32|
    |terminal_wall_x_lb_con_1_fu_2380_p3  |    select|   0|  0|  32|           1|          32|
    |terminal_wall_x_ub_con_1_fu_2387_p3  |    select|   0|  0|  32|           1|          32|
    |v_for_limit_1_fu_2717_p3             |    select|   0|  0|  31|           1|          18|
    |v_model_k_fu_2664_p3                 |    select|   0|  0|  31|           1|          18|
    |value_130_fu_2368_p3                 |    select|   0|  0|  32|           1|          32|
    |value_139_fu_2552_p3                 |    select|   0|  0|  17|           1|          18|
    |wall_x_lb_con_fu_2206_p3             |    select|   0|  0|  32|           1|          32|
    |wall_x_ub_con_fu_2214_p3             |    select|   0|  0|  32|           1|          32|
    |x_lb_4_fu_2159_p3                    |    select|   0|  0|  32|           1|          32|
    |x_ub_4_fu_2167_p3                    |    select|   0|  0|  32|           1|          32|
    |ap_enable_pp0                        |       xor|   0|  0|   2|           1|           2|
    |xor_ln407_fu_2200_p2                 |       xor|   0|  0|   2|           1|           2|
    |xor_ln76_fu_2238_p2                  |       xor|   0|  0|   2|           1|           2|
    +-------------------------------------+----------+----+---+----+------------+------------+
    |Total                                |          |   0|  0|1964|         921|        1429|
    +-------------------------------------+----------+----+---+----+------------+------------+

    * Multiplexer: 
    +-----------------------------------------+-----+-----------+-----+-----------+
    |                   Name                  | LUT | Input Size| Bits| Total Bits|
    +-----------------------------------------+-----+-----------+-----+-----------+
    |ap_NS_fsm                                |  503|        101|    1|        101|
    |ap_done_int                              |    9|          2|    1|          2|
    |ap_enable_reg_pp0_iter0                  |    9|          2|    1|          2|
    |ap_enable_reg_pp0_iter1                  |    9|          2|    1|          2|
    |ap_loop_exit_ready_pp0_iter1_reg         |    9|          2|    1|          2|
    |ap_phi_mux_storemerge260_phi_fu_1699_p4  |    9|          2|   32|         64|
    |ap_sig_allocacmp_k                       |    9|          2|    5|         10|
    |b_fu_508                                 |    9|          2|   32|         64|
    |grp_fu_1818_p0                           |   43|          8|   32|        256|
    |grp_fu_1818_p1                           |   43|          8|   31|        248|
    |k_3_fu_512                               |    9|          2|    5|         10|
    |lin_delta_fu_476                         |    9|          2|   18|         36|
    |lin_epsi_0151_0_0_0_fu_480               |    9|          2|   32|         64|
    |lin_ey_0152_0_0_0_fu_484                 |    9|          2|   32|         64|
    |lin_omega_0158_0_0_0_fu_504              |    9|          2|   32|         64|
    |lin_vx_k_fu_496                          |    9|          2|   32|         64|
    |lin_vy_0157_0_0_0_fu_500                 |    9|          2|   32|         64|
    |out_144_fu_492                           |    9|          2|   32|         64|
    |step_data_2_address1_local               |   37|          7|    7|         49|
    |step_data_2_d1_local                     |   14|          3|   32|         96|
    |terminal_dff_raw_0153_0_0_0_fu_488       |    9|          2|   32|         64|
    |terminal_wall_x_lb_con_fu_468            |    9|          2|   32|         64|
    |terminal_wall_x_ub_con_fu_472            |    9|          2|   32|         64|
    +-----------------------------------------+-----+-----------+-----+-----------+
    |Total                                    |  802|        163|  487|       1518|
    +-----------------------------------------+-----+-----------+-----+-----------+

    * Register: 
    +---------------------------------------------------------+-----+----+-----+-----------+
    |                           Name                          |  FF | LUT| Bits| Const Bits|
    +---------------------------------------------------------+-----+----+-----+-----------+
    |A_step_26_reg_3540                                       |   32|   0|   32|          0|
    |A_step_27_reg_3545                                       |   32|   0|   32|          0|
    |A_step_28_reg_3550                                       |   32|   0|   32|          0|
    |A_step_29_reg_3555                                       |   32|   0|   32|          0|
    |A_step_30_reg_3560                                       |   32|   0|   32|          0|
    |A_step_31_reg_3565                                       |   32|   0|   32|          0|
    |A_step_32_reg_3570                                       |   32|   0|   32|          0|
    |A_step_33_reg_3575                                       |   32|   0|   32|          0|
    |A_step_34_reg_3580                                       |   32|   0|   32|          0|
    |A_step_35_reg_3585                                       |   32|   0|   32|          0|
    |A_step_36_reg_3590                                       |   32|   0|   32|          0|
    |A_step_37_reg_3595                                       |   32|   0|   32|          0|
    |A_step_38_reg_3600                                       |   32|   0|   32|          0|
    |A_step_39_reg_3605                                       |   32|   0|   32|          0|
    |A_step_40_reg_3610                                       |   32|   0|   32|          0|
    |A_step_41_reg_3615                                       |   32|   0|   32|          0|
    |A_step_42_reg_3620                                       |   32|   0|   32|          0|
    |A_step_43_reg_3625                                       |   32|   0|   32|          0|
    |A_step_44_reg_3630                                       |   32|   0|   32|          0|
    |A_step_45_reg_3635                                       |   32|   0|   32|          0|
    |A_step_46_reg_3640                                       |   32|   0|   32|          0|
    |A_step_47_reg_3645                                       |   32|   0|   32|          0|
    |A_step_48_reg_3650                                       |   32|   0|   32|          0|
    |A_step_49_reg_3655                                       |   32|   0|   32|          0|
    |A_step_reg_3535                                          |   32|   0|   32|          0|
    |B_step_10_reg_3666                                       |   32|   0|   32|          0|
    |B_step_11_reg_3671                                       |   32|   0|   32|          0|
    |B_step_12_reg_3676                                       |   32|   0|   32|          0|
    |B_step_13_reg_3681                                       |   32|   0|   32|          0|
    |B_step_14_reg_3696                                       |   32|   0|   32|          0|
    |B_step_15_reg_3701                                       |   32|   0|   32|          0|
    |B_step_16_reg_3706                                       |   32|   0|   32|          0|
    |B_step_5_reg_3686                                        |   32|   0|   32|          0|
    |B_step_6_reg_3691                                        |   32|   0|   32|          0|
    |B_step_reg_3661                                          |   32|   0|   32|          0|
    |ap_CS_fsm                                                |  100|   0|  100|          0|
    |ap_done_reg                                              |    1|   0|    1|          0|
    |ap_enable_reg_pp0_iter0_reg                              |    1|   0|    1|          0|
    |ap_enable_reg_pp0_iter1                                  |    1|   0|    1|          0|
    |ap_loop_exit_ready_pp0_iter1_reg                         |    1|   0|    1|          0|
    |b_fu_508                                                 |   32|   0|   32|          0|
    |b_load_reg_3515                                          |   32|   0|   32|          0|
    |base_ref_reg_3353                                        |   32|   0|   32|          0|
    |grp_compute_affine_bias_dense_hls_fu_1741_ap_start_reg   |    1|   0|    1|          0|
    |grp_compute_frenet_AB_and_next_hls_fu_1714_ap_start_reg  |    1|   0|    1|          0|
    |grp_fp_atan_lut_fu_1707_ap_start_reg                     |    1|   0|    1|          0|
    |icmp_ln371_reg_3238                                      |    1|   0|    1|          0|
    |icmp_ln371_reg_3238_pp0_iter1_reg                        |    1|   0|    1|          0|
    |icmp_ln417_reg_3415                                      |    1|   0|    1|          0|
    |icmp_ln524_reg_3496                                      |    1|   0|    1|          0|
    |k_3_fu_512                                               |    5|   0|    5|          0|
    |k_reg_3230                                               |    5|   0|    5|          0|
    |lin_delta_1_reg_3530                                     |   18|   0|   18|          0|
    |lin_delta_2_reg_3747                                     |   18|   0|   18|          0|
    |lin_delta_fu_476                                         |   18|   0|   18|          0|
    |lin_epsi_0151_0_0_0_fu_480                               |   32|   0|   32|          0|
    |lin_epsi_0151_0_0_0_load_reg_3455                        |   32|   0|   32|          0|
    |lin_ey_0152_0_0_0_fu_484                                 |   32|   0|   32|          0|
    |lin_ey_0152_0_0_0_load_reg_3460                          |   32|   0|   32|          0|
    |lin_omega_0158_0_0_0_fu_504                              |   32|   0|   32|          0|
    |lin_omega_0158_0_0_0_load_reg_3475                       |   32|   0|   32|          0|
    |lin_vx_k_fu_496                                          |   32|   0|   32|          0|
    |lin_vx_k_load_reg_3465                                   |   32|   0|   32|          0|
    |lin_vy_0157_0_0_0_fu_500                                 |   32|   0|   32|          0|
    |lin_vy_0157_0_0_0_load_reg_3470                          |   32|   0|   32|          0|
    |next_frenet_1_reg_3716                                   |   32|   0|   32|          0|
    |next_frenet_2_reg_3721                                   |   32|   0|   32|          0|
    |next_frenet_3_reg_3726                                   |   32|   0|   32|          0|
    |next_frenet_4_reg_3731                                   |   32|   0|   32|          0|
    |next_frenet_reg_3711                                     |   32|   0|   32|          0|
    |out_144_fu_492                                           |   32|   0|   32|          0|
    |product_q_2_reg_3525                                     |   28|   0|   28|          0|
    |reg_1845                                                 |   32|   0|   32|          0|
    |reg_1850                                                 |   32|   0|   32|          0|
    |select_ln130_1_reg_3388                                  |   32|   0|   32|          0|
    |sext_ln159_20_reg_3393                                   |   50|   0|   50|          0|
    |sub_ln118_reg_3742                                       |   32|   0|   32|          0|
    |sub_ln494_reg_3430                                       |    7|   0|    8|          1|
    |target_lb_reg_3382                                       |   32|   0|   32|          0|
    |terminal_dff_raw_0153_0_0_0_fu_488                       |   32|   0|   32|          0|
    |terminal_wall_x_lb_con_fu_468                            |   32|   0|   32|          0|
    |terminal_wall_x_ub_con_fu_472                            |   32|   0|   32|          0|
    |tmp_10_reg_3736                                          |    1|   0|    1|          0|
    |trunc_ln494_reg_3435                                     |    6|   0|    7|          1|
    |trunc_ln523_reg_3325                                     |   27|   0|   27|          0|
    |v_for_limit_1_reg_3485                                   |   31|   0|   31|          0|
    |val_3_reg_3398                                           |   32|   0|   32|          0|
    |value_130_reg_3410                                       |   32|   0|   32|          0|
    |value_132_reg_3367                                       |   32|   0|   32|          0|
    |value_134_reg_3362                                       |   32|   0|   32|          0|
    |value_136_reg_3372                                       |   32|   0|   32|          0|
    |value_137_reg_3377                                       |   32|   0|   32|          0|
    |value_139_reg_3448                                       |   18|   0|   18|          0|
    |value_139_reg_3448_pp0_iter1_reg                         |   18|   0|   18|          0|
    |value_141_reg_3500                                       |   27|   0|   27|          0|
    |wall_x_lb_con_reg_3335                                   |   32|   0|   32|          0|
    |wall_x_ub_con_reg_3344                                   |   32|   0|   32|          0|
    |x_lb_4_reg_3288                                          |   32|   0|   32|          0|
    |x_ub_4_reg_3294                                          |   32|   0|   32|          0|
    |zext_ln371_reg_3242                                      |    5|   0|   64|         59|
    |zext_ln371_reg_3242_pp0_iter1_reg                        |    5|   0|   64|         59|
    +---------------------------------------------------------+-----+----+-----+-----------+
    |Total                                                    | 2702|   0| 2822|        120|
    +---------------------------------------------------------+-----+----+-----+-----------+



================================================================
== Interface
================================================================
* Summary: 
+-----------------------------------------+-----+-----+------------+-------------------------------------------+--------------+
|                RTL Ports                | Dir | Bits|  Protocol  |               Source Object               |    C Type    |
+-----------------------------------------+-----+-----+------------+-------------------------------------------+--------------+
|ap_clk                                   |   in|    1|  ap_ctrl_hs|  mpc_compute_hls_Pipeline_VITIS_LOOP_371_3|  return value|
|ap_rst                                   |   in|    1|  ap_ctrl_hs|  mpc_compute_hls_Pipeline_VITIS_LOOP_371_3|  return value|
|ap_start                                 |   in|    1|  ap_ctrl_hs|  mpc_compute_hls_Pipeline_VITIS_LOOP_371_3|  return value|
|ap_done                                  |  out|    1|  ap_ctrl_hs|  mpc_compute_hls_Pipeline_VITIS_LOOP_371_3|  return value|
|ap_idle                                  |  out|    1|  ap_ctrl_hs|  mpc_compute_hls_Pipeline_VITIS_LOOP_371_3|  return value|
|ap_ready                                 |  out|    1|  ap_ctrl_hs|  mpc_compute_hls_Pipeline_VITIS_LOOP_371_3|  return value|
|grp_fp_recip_fu_6151_p_din1              |  out|   32|  ap_ctrl_hs|  mpc_compute_hls_Pipeline_VITIS_LOOP_371_3|  return value|
|grp_fp_recip_fu_6151_p_dout0             |   in|   27|  ap_ctrl_hs|  mpc_compute_hls_Pipeline_VITIS_LOOP_371_3|  return value|
|grp_fu_2978_p_din0                       |  out|   32|  ap_ctrl_hs|  mpc_compute_hls_Pipeline_VITIS_LOOP_371_3|  return value|
|grp_fu_2978_p_din1                       |  out|   14|  ap_ctrl_hs|  mpc_compute_hls_Pipeline_VITIS_LOOP_371_3|  return value|
|grp_fu_2978_p_dout0                      |   in|   46|  ap_ctrl_hs|  mpc_compute_hls_Pipeline_VITIS_LOOP_371_3|  return value|
|grp_fu_2978_p_ce                         |  out|    1|  ap_ctrl_hs|  mpc_compute_hls_Pipeline_VITIS_LOOP_371_3|  return value|
|grp_fu_2983_p_din0                       |  out|   32|  ap_ctrl_hs|  mpc_compute_hls_Pipeline_VITIS_LOOP_371_3|  return value|
|grp_fu_2983_p_din1                       |  out|   31|  ap_ctrl_hs|  mpc_compute_hls_Pipeline_VITIS_LOOP_371_3|  return value|
|grp_fu_2983_p_dout0                      |   in|   50|  ap_ctrl_hs|  mpc_compute_hls_Pipeline_VITIS_LOOP_371_3|  return value|
|grp_fu_2983_p_ce                         |  out|    1|  ap_ctrl_hs|  mpc_compute_hls_Pipeline_VITIS_LOOP_371_3|  return value|
|x0_1                                     |   in|   32|     ap_none|                                       x0_1|        scalar|
|state_omega                              |   in|   32|     ap_none|                                state_omega|        scalar|
|state_vy                                 |   in|   32|     ap_none|                                   state_vy|        scalar|
|zext_ln128                               |   in|   31|     ap_none|                                 zext_ln128|        scalar|
|state_ey                                 |   in|   32|     ap_none|                                   state_ey|        scalar|
|state_epsi                               |   in|   32|     ap_none|                                 state_epsi|        scalar|
|sext_ln483                               |   in|   18|     ap_none|                                 sext_ln483|        scalar|
|step_data_2_address1                     |  out|    7|   ap_memory|                                step_data_2|         array|
|step_data_2_ce1                          |  out|    1|   ap_memory|                                step_data_2|         array|
|step_data_2_we1                          |  out|    1|   ap_memory|                                step_data_2|         array|
|step_data_2_d1                           |  out|   32|   ap_memory|                                step_data_2|         array|
|step_data_0_5_5_address1                 |  out|    5|   ap_memory|                            step_data_0_5_5|         array|
|step_data_0_5_5_ce1                      |  out|    1|   ap_memory|                            step_data_0_5_5|         array|
|step_data_0_5_5_we1                      |  out|    1|   ap_memory|                            step_data_0_5_5|         array|
|step_data_0_5_5_d1                       |  out|   32|   ap_memory|                            step_data_0_5_5|         array|
|step_data_0_5_4_address1                 |  out|    5|   ap_memory|                            step_data_0_5_4|         array|
|step_data_0_5_4_ce1                      |  out|    1|   ap_memory|                            step_data_0_5_4|         array|
|step_data_0_5_4_we1                      |  out|    1|   ap_memory|                            step_data_0_5_4|         array|
|step_data_0_5_4_d1                       |  out|   32|   ap_memory|                            step_data_0_5_4|         array|
|step_data_0_5_3_address1                 |  out|    5|   ap_memory|                            step_data_0_5_3|         array|
|step_data_0_5_3_ce1                      |  out|    1|   ap_memory|                            step_data_0_5_3|         array|
|step_data_0_5_3_we1                      |  out|    1|   ap_memory|                            step_data_0_5_3|         array|
|step_data_0_5_3_d1                       |  out|   32|   ap_memory|                            step_data_0_5_3|         array|
|step_data_0_5_2_address1                 |  out|    5|   ap_memory|                            step_data_0_5_2|         array|
|step_data_0_5_2_ce1                      |  out|    1|   ap_memory|                            step_data_0_5_2|         array|
|step_data_0_5_2_we1                      |  out|    1|   ap_memory|                            step_data_0_5_2|         array|
|step_data_0_5_2_d1                       |  out|   32|   ap_memory|                            step_data_0_5_2|         array|
|step_data_0_5_1_address1                 |  out|    5|   ap_memory|                            step_data_0_5_1|         array|
|step_data_0_5_1_ce1                      |  out|    1|   ap_memory|                            step_data_0_5_1|         array|
|step_data_0_5_1_we1                      |  out|    1|   ap_memory|                            step_data_0_5_1|         array|
|step_data_0_5_1_d1                       |  out|   32|   ap_memory|                            step_data_0_5_1|         array|
|step_data_0_5_0_address1                 |  out|    5|   ap_memory|                            step_data_0_5_0|         array|
|step_data_0_5_0_ce1                      |  out|    1|   ap_memory|                            step_data_0_5_0|         array|
|step_data_0_5_0_we1                      |  out|    1|   ap_memory|                            step_data_0_5_0|         array|
|step_data_0_5_0_d1                       |  out|   32|   ap_memory|                            step_data_0_5_0|         array|
|step_data_0_4_5_address1                 |  out|    5|   ap_memory|                            step_data_0_4_5|         array|
|step_data_0_4_5_ce1                      |  out|    1|   ap_memory|                            step_data_0_4_5|         array|
|step_data_0_4_5_we1                      |  out|    1|   ap_memory|                            step_data_0_4_5|         array|
|step_data_0_4_5_d1                       |  out|   32|   ap_memory|                            step_data_0_4_5|         array|
|step_data_0_4_4_address1                 |  out|    5|   ap_memory|                            step_data_0_4_4|         array|
|step_data_0_4_4_ce1                      |  out|    1|   ap_memory|                            step_data_0_4_4|         array|
|step_data_0_4_4_we1                      |  out|    1|   ap_memory|                            step_data_0_4_4|         array|
|step_data_0_4_4_d1                       |  out|   32|   ap_memory|                            step_data_0_4_4|         array|
|step_data_0_4_3_address1                 |  out|    5|   ap_memory|                            step_data_0_4_3|         array|
|step_data_0_4_3_ce1                      |  out|    1|   ap_memory|                            step_data_0_4_3|         array|
|step_data_0_4_3_we1                      |  out|    1|   ap_memory|                            step_data_0_4_3|         array|
|step_data_0_4_3_d1                       |  out|   32|   ap_memory|                            step_data_0_4_3|         array|
|step_data_0_4_2_address1                 |  out|    5|   ap_memory|                            step_data_0_4_2|         array|
|step_data_0_4_2_ce1                      |  out|    1|   ap_memory|                            step_data_0_4_2|         array|
|step_data_0_4_2_we1                      |  out|    1|   ap_memory|                            step_data_0_4_2|         array|
|step_data_0_4_2_d1                       |  out|   32|   ap_memory|                            step_data_0_4_2|         array|
|step_data_0_4_1_address1                 |  out|    5|   ap_memory|                            step_data_0_4_1|         array|
|step_data_0_4_1_ce1                      |  out|    1|   ap_memory|                            step_data_0_4_1|         array|
|step_data_0_4_1_we1                      |  out|    1|   ap_memory|                            step_data_0_4_1|         array|
|step_data_0_4_1_d1                       |  out|   32|   ap_memory|                            step_data_0_4_1|         array|
|step_data_0_4_0_address1                 |  out|    5|   ap_memory|                            step_data_0_4_0|         array|
|step_data_0_4_0_ce1                      |  out|    1|   ap_memory|                            step_data_0_4_0|         array|
|step_data_0_4_0_we1                      |  out|    1|   ap_memory|                            step_data_0_4_0|         array|
|step_data_0_4_0_d1                       |  out|   32|   ap_memory|                            step_data_0_4_0|         array|
|step_data_0_3_5_address1                 |  out|    5|   ap_memory|                            step_data_0_3_5|         array|
|step_data_0_3_5_ce1                      |  out|    1|   ap_memory|                            step_data_0_3_5|         array|
|step_data_0_3_5_we1                      |  out|    1|   ap_memory|                            step_data_0_3_5|         array|
|step_data_0_3_5_d1                       |  out|   32|   ap_memory|                            step_data_0_3_5|         array|
|step_data_0_3_4_address1                 |  out|    5|   ap_memory|                            step_data_0_3_4|         array|
|step_data_0_3_4_ce1                      |  out|    1|   ap_memory|                            step_data_0_3_4|         array|
|step_data_0_3_4_we1                      |  out|    1|   ap_memory|                            step_data_0_3_4|         array|
|step_data_0_3_4_d1                       |  out|   32|   ap_memory|                            step_data_0_3_4|         array|
|step_data_0_3_3_address1                 |  out|    5|   ap_memory|                            step_data_0_3_3|         array|
|step_data_0_3_3_ce1                      |  out|    1|   ap_memory|                            step_data_0_3_3|         array|
|step_data_0_3_3_we1                      |  out|    1|   ap_memory|                            step_data_0_3_3|         array|
|step_data_0_3_3_d1                       |  out|   32|   ap_memory|                            step_data_0_3_3|         array|
|step_data_0_3_2_address1                 |  out|    5|   ap_memory|                            step_data_0_3_2|         array|
|step_data_0_3_2_ce1                      |  out|    1|   ap_memory|                            step_data_0_3_2|         array|
|step_data_0_3_2_we1                      |  out|    1|   ap_memory|                            step_data_0_3_2|         array|
|step_data_0_3_2_d1                       |  out|   32|   ap_memory|                            step_data_0_3_2|         array|
|step_data_0_3_1_address1                 |  out|    5|   ap_memory|                            step_data_0_3_1|         array|
|step_data_0_3_1_ce1                      |  out|    1|   ap_memory|                            step_data_0_3_1|         array|
|step_data_0_3_1_we1                      |  out|    1|   ap_memory|                            step_data_0_3_1|         array|
|step_data_0_3_1_d1                       |  out|   32|   ap_memory|                            step_data_0_3_1|         array|
|step_data_0_3_0_address1                 |  out|    5|   ap_memory|                            step_data_0_3_0|         array|
|step_data_0_3_0_ce1                      |  out|    1|   ap_memory|                            step_data_0_3_0|         array|
|step_data_0_3_0_we1                      |  out|    1|   ap_memory|                            step_data_0_3_0|         array|
|step_data_0_3_0_d1                       |  out|   32|   ap_memory|                            step_data_0_3_0|         array|
|step_data_0_2_5_address1                 |  out|    5|   ap_memory|                            step_data_0_2_5|         array|
|step_data_0_2_5_ce1                      |  out|    1|   ap_memory|                            step_data_0_2_5|         array|
|step_data_0_2_5_we1                      |  out|    1|   ap_memory|                            step_data_0_2_5|         array|
|step_data_0_2_5_d1                       |  out|   32|   ap_memory|                            step_data_0_2_5|         array|
|step_data_0_2_4_address1                 |  out|    5|   ap_memory|                            step_data_0_2_4|         array|
|step_data_0_2_4_ce1                      |  out|    1|   ap_memory|                            step_data_0_2_4|         array|
|step_data_0_2_4_we1                      |  out|    1|   ap_memory|                            step_data_0_2_4|         array|
|step_data_0_2_4_d1                       |  out|   32|   ap_memory|                            step_data_0_2_4|         array|
|step_data_0_2_3_address1                 |  out|    5|   ap_memory|                            step_data_0_2_3|         array|
|step_data_0_2_3_ce1                      |  out|    1|   ap_memory|                            step_data_0_2_3|         array|
|step_data_0_2_3_we1                      |  out|    1|   ap_memory|                            step_data_0_2_3|         array|
|step_data_0_2_3_d1                       |  out|   32|   ap_memory|                            step_data_0_2_3|         array|
|step_data_0_2_2_address1                 |  out|    5|   ap_memory|                            step_data_0_2_2|         array|
|step_data_0_2_2_ce1                      |  out|    1|   ap_memory|                            step_data_0_2_2|         array|
|step_data_0_2_2_we1                      |  out|    1|   ap_memory|                            step_data_0_2_2|         array|
|step_data_0_2_2_d1                       |  out|   32|   ap_memory|                            step_data_0_2_2|         array|
|step_data_0_2_1_address1                 |  out|    5|   ap_memory|                            step_data_0_2_1|         array|
|step_data_0_2_1_ce1                      |  out|    1|   ap_memory|                            step_data_0_2_1|         array|
|step_data_0_2_1_we1                      |  out|    1|   ap_memory|                            step_data_0_2_1|         array|
|step_data_0_2_1_d1                       |  out|   32|   ap_memory|                            step_data_0_2_1|         array|
|step_data_0_2_0_address1                 |  out|    5|   ap_memory|                            step_data_0_2_0|         array|
|step_data_0_2_0_ce1                      |  out|    1|   ap_memory|                            step_data_0_2_0|         array|
|step_data_0_2_0_we1                      |  out|    1|   ap_memory|                            step_data_0_2_0|         array|
|step_data_0_2_0_d1                       |  out|   32|   ap_memory|                            step_data_0_2_0|         array|
|step_data_0_1_5_address1                 |  out|    5|   ap_memory|                            step_data_0_1_5|         array|
|step_data_0_1_5_ce1                      |  out|    1|   ap_memory|                            step_data_0_1_5|         array|
|step_data_0_1_5_we1                      |  out|    1|   ap_memory|                            step_data_0_1_5|         array|
|step_data_0_1_5_d1                       |  out|   32|   ap_memory|                            step_data_0_1_5|         array|
|step_data_0_1_4_address1                 |  out|    5|   ap_memory|                            step_data_0_1_4|         array|
|step_data_0_1_4_ce1                      |  out|    1|   ap_memory|                            step_data_0_1_4|         array|
|step_data_0_1_4_we1                      |  out|    1|   ap_memory|                            step_data_0_1_4|         array|
|step_data_0_1_4_d1                       |  out|   32|   ap_memory|                            step_data_0_1_4|         array|
|step_data_0_1_3_address1                 |  out|    5|   ap_memory|                            step_data_0_1_3|         array|
|step_data_0_1_3_ce1                      |  out|    1|   ap_memory|                            step_data_0_1_3|         array|
|step_data_0_1_3_we1                      |  out|    1|   ap_memory|                            step_data_0_1_3|         array|
|step_data_0_1_3_d1                       |  out|   32|   ap_memory|                            step_data_0_1_3|         array|
|step_data_0_1_2_address1                 |  out|    5|   ap_memory|                            step_data_0_1_2|         array|
|step_data_0_1_2_ce1                      |  out|    1|   ap_memory|                            step_data_0_1_2|         array|
|step_data_0_1_2_we1                      |  out|    1|   ap_memory|                            step_data_0_1_2|         array|
|step_data_0_1_2_d1                       |  out|   32|   ap_memory|                            step_data_0_1_2|         array|
|step_data_0_1_1_address1                 |  out|    5|   ap_memory|                            step_data_0_1_1|         array|
|step_data_0_1_1_ce1                      |  out|    1|   ap_memory|                            step_data_0_1_1|         array|
|step_data_0_1_1_we1                      |  out|    1|   ap_memory|                            step_data_0_1_1|         array|
|step_data_0_1_1_d1                       |  out|   32|   ap_memory|                            step_data_0_1_1|         array|
|step_data_0_1_0_address1                 |  out|    5|   ap_memory|                            step_data_0_1_0|         array|
|step_data_0_1_0_ce1                      |  out|    1|   ap_memory|                            step_data_0_1_0|         array|
|step_data_0_1_0_we1                      |  out|    1|   ap_memory|                            step_data_0_1_0|         array|
|step_data_0_1_0_d1                       |  out|   32|   ap_memory|                            step_data_0_1_0|         array|
|step_data_0_0_5_address1                 |  out|    5|   ap_memory|                            step_data_0_0_5|         array|
|step_data_0_0_5_ce1                      |  out|    1|   ap_memory|                            step_data_0_0_5|         array|
|step_data_0_0_5_we1                      |  out|    1|   ap_memory|                            step_data_0_0_5|         array|
|step_data_0_0_5_d1                       |  out|   32|   ap_memory|                            step_data_0_0_5|         array|
|step_data_0_0_4_address1                 |  out|    5|   ap_memory|                            step_data_0_0_4|         array|
|step_data_0_0_4_ce1                      |  out|    1|   ap_memory|                            step_data_0_0_4|         array|
|step_data_0_0_4_we1                      |  out|    1|   ap_memory|                            step_data_0_0_4|         array|
|step_data_0_0_4_d1                       |  out|   32|   ap_memory|                            step_data_0_0_4|         array|
|step_data_0_0_3_address1                 |  out|    5|   ap_memory|                            step_data_0_0_3|         array|
|step_data_0_0_3_ce1                      |  out|    1|   ap_memory|                            step_data_0_0_3|         array|
|step_data_0_0_3_we1                      |  out|    1|   ap_memory|                            step_data_0_0_3|         array|
|step_data_0_0_3_d1                       |  out|   32|   ap_memory|                            step_data_0_0_3|         array|
|step_data_0_0_2_address1                 |  out|    5|   ap_memory|                            step_data_0_0_2|         array|
|step_data_0_0_2_ce1                      |  out|    1|   ap_memory|                            step_data_0_0_2|         array|
|step_data_0_0_2_we1                      |  out|    1|   ap_memory|                            step_data_0_0_2|         array|
|step_data_0_0_2_d1                       |  out|   32|   ap_memory|                            step_data_0_0_2|         array|
|step_data_0_0_1_address1                 |  out|    5|   ap_memory|                            step_data_0_0_1|         array|
|step_data_0_0_1_ce1                      |  out|    1|   ap_memory|                            step_data_0_0_1|         array|
|step_data_0_0_1_we1                      |  out|    1|   ap_memory|                            step_data_0_0_1|         array|
|step_data_0_0_1_d1                       |  out|   32|   ap_memory|                            step_data_0_0_1|         array|
|step_data_0_0_0_address1                 |  out|    5|   ap_memory|                            step_data_0_0_0|         array|
|step_data_0_0_0_ce1                      |  out|    1|   ap_memory|                            step_data_0_0_0|         array|
|step_data_0_0_0_we1                      |  out|    1|   ap_memory|                            step_data_0_0_0|         array|
|step_data_0_0_0_d1                       |  out|   32|   ap_memory|                            step_data_0_0_0|         array|
|B_sparse_3_address0                      |  out|    5|   ap_memory|                                 B_sparse_3|         array|
|B_sparse_3_ce0                           |  out|    1|   ap_memory|                                 B_sparse_3|         array|
|B_sparse_3_we0                           |  out|    1|   ap_memory|                                 B_sparse_3|         array|
|B_sparse_3_d0                            |  out|   32|   ap_memory|                                 B_sparse_3|         array|
|B_sparse_2_address0                      |  out|    5|   ap_memory|                                 B_sparse_2|         array|
|B_sparse_2_ce0                           |  out|    1|   ap_memory|                                 B_sparse_2|         array|
|B_sparse_2_we0                           |  out|    1|   ap_memory|                                 B_sparse_2|         array|
|B_sparse_2_d0                            |  out|   32|   ap_memory|                                 B_sparse_2|         array|
|B_sparse_1_address0                      |  out|    5|   ap_memory|                                 B_sparse_1|         array|
|B_sparse_1_ce0                           |  out|    1|   ap_memory|                                 B_sparse_1|         array|
|B_sparse_1_we0                           |  out|    1|   ap_memory|                                 B_sparse_1|         array|
|B_sparse_1_d0                            |  out|   32|   ap_memory|                                 B_sparse_1|         array|
|B_sparse_address0                        |  out|    5|   ap_memory|                                   B_sparse|         array|
|B_sparse_ce0                             |  out|    1|   ap_memory|                                   B_sparse|         array|
|B_sparse_we0                             |  out|    1|   ap_memory|                                   B_sparse|         array|
|B_sparse_d0                              |  out|   32|   ap_memory|                                   B_sparse|         array|
|step_data_3_address1                     |  out|    5|   ap_memory|                                step_data_3|         array|
|step_data_3_ce1                          |  out|    1|   ap_memory|                                step_data_3|         array|
|step_data_3_we1                          |  out|    1|   ap_memory|                                step_data_3|         array|
|step_data_3_d1                           |  out|   32|   ap_memory|                                step_data_3|         array|
|step_data_4_address1                     |  out|    5|   ap_memory|                                step_data_4|         array|
|step_data_4_ce1                          |  out|    1|   ap_memory|                                step_data_4|         array|
|step_data_4_we1                          |  out|    1|   ap_memory|                                step_data_4|         array|
|step_data_4_d1                           |  out|   32|   ap_memory|                                step_data_4|         array|
|step_data_5_address1                     |  out|    5|   ap_memory|                                step_data_5|         array|
|step_data_5_ce1                          |  out|    1|   ap_memory|                                step_data_5|         array|
|step_data_5_we1                          |  out|    1|   ap_memory|                                step_data_5|         array|
|step_data_5_d1                           |  out|   32|   ap_memory|                                step_data_5|         array|
|ref_path_curvature_address0              |  out|    5|   ap_memory|                         ref_path_curvature|         array|
|ref_path_curvature_ce0                   |  out|    1|   ap_memory|                         ref_path_curvature|         array|
|ref_path_curvature_q0                    |   in|   32|   ap_memory|                         ref_path_curvature|         array|
|wall_left_min_reload                     |   in|   32|     ap_none|                       wall_left_min_reload|        scalar|
|wall_left_min_1_reload                   |   in|   32|     ap_none|                     wall_left_min_1_reload|        scalar|
|wall_left_min_2_reload                   |   in|   32|     ap_none|                     wall_left_min_2_reload|        scalar|
|wall_left_min_3_reload                   |   in|   32|     ap_none|                     wall_left_min_3_reload|        scalar|
|wall_left_min_4_reload                   |   in|   32|     ap_none|                     wall_left_min_4_reload|        scalar|
|wall_left_min_5_reload                   |   in|   32|     ap_none|                     wall_left_min_5_reload|        scalar|
|wall_left_min_6_reload                   |   in|   32|     ap_none|                     wall_left_min_6_reload|        scalar|
|wall_left_min_7_reload                   |   in|   32|     ap_none|                     wall_left_min_7_reload|        scalar|
|wall_left_min_8_reload                   |   in|   32|     ap_none|                     wall_left_min_8_reload|        scalar|
|wall_left_min_9_reload                   |   in|   32|     ap_none|                     wall_left_min_9_reload|        scalar|
|wall_left_min_10_reload                  |   in|   32|     ap_none|                    wall_left_min_10_reload|        scalar|
|wall_left_min_11_reload                  |   in|   32|     ap_none|                    wall_left_min_11_reload|        scalar|
|wall_left_min_12_reload                  |   in|   32|     ap_none|                    wall_left_min_12_reload|        scalar|
|wall_left_min_13_reload                  |   in|   32|     ap_none|                    wall_left_min_13_reload|        scalar|
|wall_left_min_14_reload                  |   in|   32|     ap_none|                    wall_left_min_14_reload|        scalar|
|wall_left_min_15_reload                  |   in|   32|     ap_none|                    wall_left_min_15_reload|        scalar|
|wall_left_min_16_reload                  |   in|   32|     ap_none|                    wall_left_min_16_reload|        scalar|
|wall_left_min_17_reload                  |   in|   32|     ap_none|                    wall_left_min_17_reload|        scalar|
|wall_left_min_18_reload                  |   in|   32|     ap_none|                    wall_left_min_18_reload|        scalar|
|wall_left_min_19_reload                  |   in|   32|     ap_none|                    wall_left_min_19_reload|        scalar|
|wall_right_min_reload                    |   in|   32|     ap_none|                      wall_right_min_reload|        scalar|
|wall_right_min_1_reload                  |   in|   32|     ap_none|                    wall_right_min_1_reload|        scalar|
|wall_right_min_2_reload                  |   in|   32|     ap_none|                    wall_right_min_2_reload|        scalar|
|wall_right_min_3_reload                  |   in|   32|     ap_none|                    wall_right_min_3_reload|        scalar|
|wall_right_min_4_reload                  |   in|   32|     ap_none|                    wall_right_min_4_reload|        scalar|
|wall_right_min_5_reload                  |   in|   32|     ap_none|                    wall_right_min_5_reload|        scalar|
|wall_right_min_6_reload                  |   in|   32|     ap_none|                    wall_right_min_6_reload|        scalar|
|wall_right_min_7_reload                  |   in|   32|     ap_none|                    wall_right_min_7_reload|        scalar|
|wall_right_min_8_reload                  |   in|   32|     ap_none|                    wall_right_min_8_reload|        scalar|
|wall_right_min_9_reload                  |   in|   32|     ap_none|                    wall_right_min_9_reload|        scalar|
|wall_right_min_10_reload                 |   in|   32|     ap_none|                   wall_right_min_10_reload|        scalar|
|wall_right_min_11_reload                 |   in|   32|     ap_none|                   wall_right_min_11_reload|        scalar|
|wall_right_min_12_reload                 |   in|   32|     ap_none|                   wall_right_min_12_reload|        scalar|
|wall_right_min_13_reload                 |   in|   32|     ap_none|                   wall_right_min_13_reload|        scalar|
|wall_right_min_14_reload                 |   in|   32|     ap_none|                   wall_right_min_14_reload|        scalar|
|wall_right_min_15_reload                 |   in|   32|     ap_none|                   wall_right_min_15_reload|        scalar|
|wall_right_min_16_reload                 |   in|   32|     ap_none|                   wall_right_min_16_reload|        scalar|
|wall_right_min_17_reload                 |   in|   32|     ap_none|                   wall_right_min_17_reload|        scalar|
|wall_right_min_18_reload                 |   in|   32|     ap_none|                   wall_right_min_18_reload|        scalar|
|wall_right_min_19_reload                 |   in|   32|     ap_none|                   wall_right_min_19_reload|        scalar|
|ref_reference_lateral_error_address0     |  out|    5|   ap_memory|                ref_reference_lateral_error|         array|
|ref_reference_lateral_error_ce0          |  out|    1|   ap_memory|                ref_reference_lateral_error|         array|
|ref_reference_lateral_error_q0           |   in|   32|   ap_memory|                ref_reference_lateral_error|         array|
|ref_reference_velocity_address0          |  out|    5|   ap_memory|                     ref_reference_velocity|         array|
|ref_reference_velocity_ce0               |  out|    1|   ap_memory|                     ref_reference_velocity|         array|
|ref_reference_velocity_q0                |   in|   32|   ap_memory|                     ref_reference_velocity|         array|
|empty                                    |   in|   27|     ap_none|                                      empty|        scalar|
|x0_2                                     |   in|   32|     ap_none|                                       x0_2|        scalar|
|step_data_1_address1                     |  out|    7|   ap_memory|                                step_data_1|         array|
|step_data_1_ce1                          |  out|    1|   ap_memory|                                step_data_1|         array|
|step_data_1_we1                          |  out|    1|   ap_memory|                                step_data_1|         array|
|step_data_1_d1                           |  out|   32|   ap_memory|                                step_data_1|         array|
|ref_reference_heading_error_address0     |  out|    5|   ap_memory|                ref_reference_heading_error|         array|
|ref_reference_heading_error_ce0          |  out|    1|   ap_memory|                ref_reference_heading_error|         array|
|ref_reference_heading_error_q0           |   in|   32|   ap_memory|                ref_reference_heading_error|         array|
|ref_reference_lateral_velocity_address0  |  out|    5|   ap_memory|             ref_reference_lateral_velocity|         array|
|ref_reference_lateral_velocity_ce0       |  out|    1|   ap_memory|             ref_reference_lateral_velocity|         array|
|ref_reference_lateral_velocity_q0        |   in|   32|   ap_memory|             ref_reference_lateral_velocity|         array|
|ref_reference_yaw_rate_address0          |  out|    5|   ap_memory|                     ref_reference_yaw_rate|         array|
|ref_reference_yaw_rate_ce0               |  out|    1|   ap_memory|                     ref_reference_yaw_rate|         array|
|ref_reference_yaw_rate_q0                |   in|   32|   ap_memory|                     ref_reference_yaw_rate|         array|
|out_144_out                              |  out|   32|      ap_vld|                                out_144_out|       pointer|
|out_144_out_ap_vld                       |  out|    1|      ap_vld|                                out_144_out|       pointer|
|terminal_dff_raw_0153_0_0_0_out          |  out|   32|      ap_vld|            terminal_dff_raw_0153_0_0_0_out|       pointer|
|terminal_dff_raw_0153_0_0_0_out_ap_vld   |  out|    1|      ap_vld|            terminal_dff_raw_0153_0_0_0_out|       pointer|
|terminal_wall_x_ub_con_out               |  out|   32|      ap_vld|                 terminal_wall_x_ub_con_out|       pointer|
|terminal_wall_x_ub_con_out_ap_vld        |  out|    1|      ap_vld|                 terminal_wall_x_ub_con_out|       pointer|
|terminal_wall_x_lb_con_out               |  out|   32|      ap_vld|                 terminal_wall_x_lb_con_out|       pointer|
|terminal_wall_x_lb_con_out_ap_vld        |  out|    1|      ap_vld|                 terminal_wall_x_lb_con_out|       pointer|
+-----------------------------------------+-----+-----+------------+-------------------------------------------+--------------+

