

================================================================
== Vitis HLS Report for 'mpc_persist_writeback_hls'
================================================================
* Date:           Thu May 21 15:23:13 2026

* Version:        2025.2 (Build 6295257 on Nov 14 2025)
* Project:        mpc_fpga_top_opencl
* Solution:       hls (Vitis Kernel Flow Target)
* Product family: zynquplus
* Target device:  xck26-sfvc784-2LV-c


================================================================
== Performance Estimates
================================================================
+ Timing: 
    * Summary: 
    +--------+---------+----------+------------+
    |  Clock |  Target | Estimated| Uncertainty|
    +--------+---------+----------+------------+
    |ap_clk  |  5.00 ns|      0 ns|     0.50 ns|
    +--------+---------+----------+------------+

+ Latency: 
    * Summary: 
    +---------+---------+----------+----------+-----+-----+---------+
    |  Latency (cycles) |  Latency (absolute) |  Interval | Pipeline|
    |   min   |   max   |    min   |    max   | min | max |   Type  |
    +---------+---------+----------+----------+-----+-----+---------+
    |        0|        0|      0 ns|      0 ns|    0|    0|       no|
    +---------+---------+----------+----------+-----+-----+---------+

    + Detail: 
        * Instance: 
        N/A

        * Loop: 
        N/A



================================================================
== Utilization Estimates
================================================================
* Summary: 
+-----------------+---------+------+--------+--------+-----+
|       Name      | BRAM_18K|  DSP |   FF   |   LUT  | URAM|
+-----------------+---------+------+--------+--------+-----+
|DSP              |        -|     -|       -|       -|    -|
|Expression       |        -|     -|       -|       -|    -|
|FIFO             |        -|     -|       -|       -|    -|
|Instance         |        -|     -|       -|       -|    -|
|Memory           |        -|     -|       -|       -|    -|
|Multiplexer      |        -|     -|       -|       -|    -|
|Register         |        -|     -|       -|       -|    -|
+-----------------+---------+------+--------+--------+-----+
|Total            |        0|     0|       0|       0|    0|
+-----------------+---------+------+--------+--------+-----+
|Available        |      288|  1248|  234240|  117120|   64|
+-----------------+---------+------+--------+--------+-----+
|Utilization (%)  |        0|     0|       0|       0|    0|
+-----------------+---------+------+--------+--------+-----+

+ Detail: 
    * Instance: 
    N/A

    * DSP: 
    N/A

    * Memory: 
    N/A

    * FIFO: 
    N/A

    * Expression: 
    N/A

    * Multiplexer: 
    N/A

    * Register: 
    N/A



================================================================
== Interface
================================================================
* Summary: 
+------------------------------------------------------------------------+-----+-----+------------+-----------------------------------------------------------------+--------------+
|                                RTL Ports                               | Dir | Bits|  Protocol  |                          Source Object                          |    C Type    |
+------------------------------------------------------------------------+-----+-----+------------+-----------------------------------------------------------------+--------------+
|ap_ready                                                                |  out|    1|  ap_ctrl_hs|                                        mpc_persist_writeback_hls|  return value|
|ap_rst                                                                  |   in|    1|  ap_ctrl_hs|                                        mpc_persist_writeback_hls|  return value|
|prev_steer_rate                                                         |   in|   32|     ap_none|                                                  prev_steer_rate|        scalar|
|prev_accel                                                              |   in|   22|     ap_none|                                                       prev_accel|        scalar|
|prev_curvature                                                          |   in|   32|     ap_none|                                                   prev_curvature|        scalar|
|p_anonymous_namespace_g_core_state_persist_prev_steer_rate              |  out|   32|      ap_vld|       p_anonymous_namespace_g_core_state_persist_prev_steer_rate|       pointer|
|p_anonymous_namespace_g_core_state_persist_prev_steer_rate_ap_vld       |  out|    1|      ap_vld|       p_anonymous_namespace_g_core_state_persist_prev_steer_rate|       pointer|
|p_anonymous_namespace_g_core_state_persist_prev_accel                   |  out|   32|      ap_vld|            p_anonymous_namespace_g_core_state_persist_prev_accel|       pointer|
|p_anonymous_namespace_g_core_state_persist_prev_accel_ap_vld            |  out|    1|      ap_vld|            p_anonymous_namespace_g_core_state_persist_prev_accel|       pointer|
|p_anonymous_namespace_g_core_state_persist_prev_curvature               |  out|   32|      ap_vld|        p_anonymous_namespace_g_core_state_persist_prev_curvature|       pointer|
|p_anonymous_namespace_g_core_state_persist_prev_curvature_ap_vld        |  out|    1|      ap_vld|        p_anonymous_namespace_g_core_state_persist_prev_curvature|       pointer|
|p_anonymous_namespace_g_core_state_persist_prev_model_signature         |  out|    1|      ap_vld|  p_anonymous_namespace_g_core_state_persist_prev_model_signature|       pointer|
|p_anonymous_namespace_g_core_state_persist_prev_model_signature_ap_vld  |  out|    1|      ap_vld|  p_anonymous_namespace_g_core_state_persist_prev_model_signature|       pointer|
+------------------------------------------------------------------------+-----+-----+------------+-----------------------------------------------------------------+--------------+

