

================================================================
== Vitis HLS Report for 'p_anonymous_namespace_unpack_input_lane_words'
================================================================
* Date:           Thu Jun 11 17:48:33 2026

* Version:        2025.2 (Build 6295257 on Nov 14 2025)
* Project:        mpc_fpga_top_opencl
* Solution:       hls (Vitis Kernel Flow Target)
* Product family: zynquplus
* Target device:  xck26-sfvc784-2LV-c


================================================================
== Performance Estimates
================================================================
+ Timing: 
    * Summary: 
    +--------+---------+----------+------------+
    |  Clock |  Target | Estimated| Uncertainty|
    +--------+---------+----------+------------+
    |ap_clk  |  5.00 ns|  4.500 ns|     0.50 ns|
    +--------+---------+----------+------------+

+ Latency: 
    * Summary: 
    +---------+---------+----------+----------+-----+-----+---------+
    |  Latency (cycles) |  Latency (absolute) |  Interval | Pipeline|
    |   min   |   max   |    min   |    max   | min | max |   Type  |
    +---------+---------+----------+----------+-----+-----+---------+
    |       86|       86|  0.430 us|  0.430 us|   86|   86|       no|
    +---------+---------+----------+----------+-----+-----+---------+

    + Detail: 
        * Instance: 
        +-----------------------------------------------------------------------------------+-------------------------------------------------------------------------+---------+---------+-----------+-----------+-----+-----+-------------------+
        |                                                                                   |                                                                         |  Latency (cycles) |   Latency (absolute)  |  Interval |      Pipeline     |
        |                                      Instance                                     |                                  Module                                 |   min   |   max   |    min    |    max    | min | max |        Type       |
        +-----------------------------------------------------------------------------------+-------------------------------------------------------------------------+---------+---------+-----------+-----------+-----+-----+-------------------+
        |grp_p_anonymous_namespace_unpack_input_lane_words_Pipeline_VITIS_LOOP_213_1_fu_83  |p_anonymous_namespace_unpack_input_lane_words_Pipeline_VITIS_LOOP_213_1  |       14|       14|  70.000 ns|  70.000 ns|    0|    0|  loop pipeline stp|
        +-----------------------------------------------------------------------------------+-------------------------------------------------------------------------+---------+---------+-----------+-----------+-----+-----+-------------------+

        * Loop: 
        N/A



================================================================
== Utilization Estimates
================================================================
* Summary: 
+-----------------+---------+------+--------+--------+-----+
|       Name      | BRAM_18K|  DSP |   FF   |   LUT  | URAM|
+-----------------+---------+------+--------+--------+-----+
|DSP              |        -|     -|       -|       -|    -|
|Expression       |        -|     -|       -|       -|    -|
|FIFO             |        -|     -|       -|       -|    -|
|Instance         |        -|     -|     458|      73|    -|
|Memory           |        -|     -|       -|       -|    -|
|Multiplexer      |        -|     -|       0|     530|    -|
|Register         |        -|     -|     132|       -|    -|
+-----------------+---------+------+--------+--------+-----+
|Total            |        0|     0|     590|     603|    0|
+-----------------+---------+------+--------+--------+-----+
|Available        |      288|  1248|  234240|  117120|   64|
+-----------------+---------+------+--------+--------+-----+
|Utilization (%)  |        0|     0|      ~0|      ~0|    0|
+-----------------+---------+------+--------+--------+-----+

+ Detail: 
    * Instance: 
    +-----------------------------------------------------------------------------------+-------------------------------------------------------------------------+---------+----+-----+----+-----+
    |                                      Instance                                     |                                  Module                                 | BRAM_18K| DSP|  FF | LUT| URAM|
    +-----------------------------------------------------------------------------------+-------------------------------------------------------------------------+---------+----+-----+----+-----+
    |grp_p_anonymous_namespace_unpack_input_lane_words_Pipeline_VITIS_LOOP_213_1_fu_83  |p_anonymous_namespace_unpack_input_lane_words_Pipeline_VITIS_LOOP_213_1  |        0|   0|  458|  73|    0|
    +-----------------------------------------------------------------------------------+-------------------------------------------------------------------------+---------+----+-----+----+-----+
    |Total                                                                              |                                                                         |        0|   0|  458|  73|    0|
    +-----------------------------------------------------------------------------------+-------------------------------------------------------------------------+---------+----+-----+----+-----+

    * DSP: 
    N/A

    * Memory: 
    N/A

    * FIFO: 
    N/A

    * Expression: 
    N/A

    * Multiplexer: 
    +------------------------+-----+-----------+-----+-----------+
    |          Name          | LUT | Input Size| Bits| Total Bits|
    +------------------------+-----+-----------+-----+-----------+
    |ap_NS_fsm               |  389|         74|    1|         74|
    |gmem0_blk_n_AR          |    9|          2|    1|          2|
    |m_axi_gmem0_0_ARADDR    |   14|          3|   64|        192|
    |m_axi_gmem0_0_ARBURST   |    9|          2|    2|          4|
    |m_axi_gmem0_0_ARCACHE   |    9|          2|    4|          8|
    |m_axi_gmem0_0_ARID      |    9|          2|    1|          2|
    |m_axi_gmem0_0_ARLEN     |   14|          3|   32|         96|
    |m_axi_gmem0_0_ARLOCK    |    9|          2|    2|          4|
    |m_axi_gmem0_0_ARPROT    |    9|          2|    3|          6|
    |m_axi_gmem0_0_ARQOS     |    9|          2|    4|          8|
    |m_axi_gmem0_0_ARREGION  |    9|          2|    4|          8|
    |m_axi_gmem0_0_ARSIZE    |    9|          2|    3|          6|
    |m_axi_gmem0_0_ARUSER    |    9|          2|    1|          2|
    |m_axi_gmem0_0_ARVALID   |   14|          3|    1|          3|
    |m_axi_gmem0_0_RREADY    |    9|          2|    1|          2|
    +------------------------+-----+-----------+-----+-----------+
    |Total                   |  530|        105|  124|        417|
    +------------------------+-----+-----------+-----+-----------+

    * Register: 
    +------------------------------------------------------------------------------------------------+----+----+-----+-----------+
    |                                              Name                                              | FF | LUT| Bits| Const Bits|
    +------------------------------------------------------------------------------------------------+----+----+-----+-----------+
    |ap_CS_fsm                                                                                       |  73|   0|   73|          0|
    |grp_p_anonymous_namespace_unpack_input_lane_words_Pipeline_VITIS_LOOP_213_1_fu_83_ap_start_reg  |   1|   0|    1|          0|
    |trunc_ln_reg_143                                                                                |  58|   0|   58|          0|
    +------------------------------------------------------------------------------------------------+----+----+-----+-----------+
    |Total                                                                                           | 132|   0|  132|          0|
    +------------------------------------------------------------------------------------------------+----+----+-----+-----------+



================================================================
== Interface
================================================================
* Summary: 
+------------------------+-----+-----+------------+----------------------------------------------+--------------+
|        RTL Ports       | Dir | Bits|  Protocol  |                 Source Object                |    C Type    |
+------------------------+-----+-----+------------+----------------------------------------------+--------------+
|ap_clk                  |   in|    1|  ap_ctrl_hs|  (anonymous namespace)unpack_input_lane_words|  return value|
|ap_rst                  |   in|    1|  ap_ctrl_hs|  (anonymous namespace)unpack_input_lane_words|  return value|
|ap_start                |   in|    1|  ap_ctrl_hs|  (anonymous namespace)unpack_input_lane_words|  return value|
|ap_done                 |  out|    1|  ap_ctrl_hs|  (anonymous namespace)unpack_input_lane_words|  return value|
|ap_idle                 |  out|    1|  ap_ctrl_hs|  (anonymous namespace)unpack_input_lane_words|  return value|
|ap_ready                |  out|    1|  ap_ctrl_hs|  (anonymous namespace)unpack_input_lane_words|  return value|
|m_axi_gmem0_0_AWVALID   |  out|    1|       m_axi|                                         gmem0|       pointer|
|m_axi_gmem0_0_AWREADY   |   in|    1|       m_axi|                                         gmem0|       pointer|
|m_axi_gmem0_0_AWADDR    |  out|   64|       m_axi|                                         gmem0|       pointer|
|m_axi_gmem0_0_AWID      |  out|    1|       m_axi|                                         gmem0|       pointer|
|m_axi_gmem0_0_AWLEN     |  out|   32|       m_axi|                                         gmem0|       pointer|
|m_axi_gmem0_0_AWSIZE    |  out|    3|       m_axi|                                         gmem0|       pointer|
|m_axi_gmem0_0_AWBURST   |  out|    2|       m_axi|                                         gmem0|       pointer|
|m_axi_gmem0_0_AWLOCK    |  out|    2|       m_axi|                                         gmem0|       pointer|
|m_axi_gmem0_0_AWCACHE   |  out|    4|       m_axi|                                         gmem0|       pointer|
|m_axi_gmem0_0_AWPROT    |  out|    3|       m_axi|                                         gmem0|       pointer|
|m_axi_gmem0_0_AWQOS     |  out|    4|       m_axi|                                         gmem0|       pointer|
|m_axi_gmem0_0_AWREGION  |  out|    4|       m_axi|                                         gmem0|       pointer|
|m_axi_gmem0_0_AWUSER    |  out|    1|       m_axi|                                         gmem0|       pointer|
|m_axi_gmem0_0_WVALID    |  out|    1|       m_axi|                                         gmem0|       pointer|
|m_axi_gmem0_0_WREADY    |   in|    1|       m_axi|                                         gmem0|       pointer|
|m_axi_gmem0_0_WDATA     |  out|  512|       m_axi|                                         gmem0|       pointer|
|m_axi_gmem0_0_WSTRB     |  out|   64|       m_axi|                                         gmem0|       pointer|
|m_axi_gmem0_0_WLAST     |  out|    1|       m_axi|                                         gmem0|       pointer|
|m_axi_gmem0_0_WID       |  out|    1|       m_axi|                                         gmem0|       pointer|
|m_axi_gmem0_0_WUSER     |  out|    1|       m_axi|                                         gmem0|       pointer|
|m_axi_gmem0_0_ARVALID   |  out|    1|       m_axi|                                         gmem0|       pointer|
|m_axi_gmem0_0_ARREADY   |   in|    1|       m_axi|                                         gmem0|       pointer|
|m_axi_gmem0_0_ARADDR    |  out|   64|       m_axi|                                         gmem0|       pointer|
|m_axi_gmem0_0_ARID      |  out|    1|       m_axi|                                         gmem0|       pointer|
|m_axi_gmem0_0_ARLEN     |  out|   32|       m_axi|                                         gmem0|       pointer|
|m_axi_gmem0_0_ARSIZE    |  out|    3|       m_axi|                                         gmem0|       pointer|
|m_axi_gmem0_0_ARBURST   |  out|    2|       m_axi|                                         gmem0|       pointer|
|m_axi_gmem0_0_ARLOCK    |  out|    2|       m_axi|                                         gmem0|       pointer|
|m_axi_gmem0_0_ARCACHE   |  out|    4|       m_axi|                                         gmem0|       pointer|
|m_axi_gmem0_0_ARPROT    |  out|    3|       m_axi|                                         gmem0|       pointer|
|m_axi_gmem0_0_ARQOS     |  out|    4|       m_axi|                                         gmem0|       pointer|
|m_axi_gmem0_0_ARREGION  |  out|    4|       m_axi|                                         gmem0|       pointer|
|m_axi_gmem0_0_ARUSER    |  out|    1|       m_axi|                                         gmem0|       pointer|
|m_axi_gmem0_0_RVALID    |   in|    1|       m_axi|                                         gmem0|       pointer|
|m_axi_gmem0_0_RREADY    |  out|    1|       m_axi|                                         gmem0|       pointer|
|m_axi_gmem0_0_RDATA     |   in|  512|       m_axi|                                         gmem0|       pointer|
|m_axi_gmem0_0_RLAST     |   in|    1|       m_axi|                                         gmem0|       pointer|
|m_axi_gmem0_0_RID       |   in|    1|       m_axi|                                         gmem0|       pointer|
|m_axi_gmem0_0_RFIFONUM  |   in|    9|       m_axi|                                         gmem0|       pointer|
|m_axi_gmem0_0_RUSER     |   in|    1|       m_axi|                                         gmem0|       pointer|
|m_axi_gmem0_0_RRESP     |   in|    2|       m_axi|                                         gmem0|       pointer|
|m_axi_gmem0_0_BVALID    |   in|    1|       m_axi|                                         gmem0|       pointer|
|m_axi_gmem0_0_BREADY    |  out|    1|       m_axi|                                         gmem0|       pointer|
|m_axi_gmem0_0_BRESP     |   in|    2|       m_axi|                                         gmem0|       pointer|
|m_axi_gmem0_0_BID       |   in|    1|       m_axi|                                         gmem0|       pointer|
|m_axi_gmem0_0_BUSER     |   in|    1|       m_axi|                                         gmem0|       pointer|
|input_words512          |   in|   64|     ap_none|                                input_words512|        scalar|
|lane_words_0_address0   |  out|    4|   ap_memory|                                  lane_words_0|         array|
|lane_words_0_ce0        |  out|    1|   ap_memory|                                  lane_words_0|         array|
|lane_words_0_we0        |  out|    1|   ap_memory|                                  lane_words_0|         array|
|lane_words_0_d0         |  out|   32|   ap_memory|                                  lane_words_0|         array|
|lane_words_1_address0   |  out|    4|   ap_memory|                                  lane_words_1|         array|
|lane_words_1_ce0        |  out|    1|   ap_memory|                                  lane_words_1|         array|
|lane_words_1_we0        |  out|    1|   ap_memory|                                  lane_words_1|         array|
|lane_words_1_d0         |  out|   32|   ap_memory|                                  lane_words_1|         array|
|lane_words_2_address0   |  out|    4|   ap_memory|                                  lane_words_2|         array|
|lane_words_2_ce0        |  out|    1|   ap_memory|                                  lane_words_2|         array|
|lane_words_2_we0        |  out|    1|   ap_memory|                                  lane_words_2|         array|
|lane_words_2_d0         |  out|   32|   ap_memory|                                  lane_words_2|         array|
|lane_words_3_address0   |  out|    4|   ap_memory|                                  lane_words_3|         array|
|lane_words_3_ce0        |  out|    1|   ap_memory|                                  lane_words_3|         array|
|lane_words_3_we0        |  out|    1|   ap_memory|                                  lane_words_3|         array|
|lane_words_3_d0         |  out|   26|   ap_memory|                                  lane_words_3|         array|
|lane_words_4_address0   |  out|    4|   ap_memory|                                  lane_words_4|         array|
|lane_words_4_ce0        |  out|    1|   ap_memory|                                  lane_words_4|         array|
|lane_words_4_we0        |  out|    1|   ap_memory|                                  lane_words_4|         array|
|lane_words_4_d0         |  out|   26|   ap_memory|                                  lane_words_4|         array|
|lane_words_5_address0   |  out|    4|   ap_memory|                                  lane_words_5|         array|
|lane_words_5_ce0        |  out|    1|   ap_memory|                                  lane_words_5|         array|
|lane_words_5_we0        |  out|    1|   ap_memory|                                  lane_words_5|         array|
|lane_words_5_d0         |  out|   26|   ap_memory|                                  lane_words_5|         array|
|lane_words_6_address0   |  out|    4|   ap_memory|                                  lane_words_6|         array|
|lane_words_6_ce0        |  out|    1|   ap_memory|                                  lane_words_6|         array|
|lane_words_6_we0        |  out|    1|   ap_memory|                                  lane_words_6|         array|
|lane_words_6_d0         |  out|   26|   ap_memory|                                  lane_words_6|         array|
|lane_words_7_address0   |  out|    4|   ap_memory|                                  lane_words_7|         array|
|lane_words_7_ce0        |  out|    1|   ap_memory|                                  lane_words_7|         array|
|lane_words_7_we0        |  out|    1|   ap_memory|                                  lane_words_7|         array|
|lane_words_7_d0         |  out|   32|   ap_memory|                                  lane_words_7|         array|
|lane_words_8_address0   |  out|    4|   ap_memory|                                  lane_words_8|         array|
|lane_words_8_ce0        |  out|    1|   ap_memory|                                  lane_words_8|         array|
|lane_words_8_we0        |  out|    1|   ap_memory|                                  lane_words_8|         array|
|lane_words_8_d0         |  out|   26|   ap_memory|                                  lane_words_8|         array|
|lane_words_9_address0   |  out|    4|   ap_memory|                                  lane_words_9|         array|
|lane_words_9_ce0        |  out|    1|   ap_memory|                                  lane_words_9|         array|
|lane_words_9_we0        |  out|    1|   ap_memory|                                  lane_words_9|         array|
|lane_words_9_d0         |  out|   26|   ap_memory|                                  lane_words_9|         array|
|lane_words_10_address0  |  out|    4|   ap_memory|                                 lane_words_10|         array|
|lane_words_10_ce0       |  out|    1|   ap_memory|                                 lane_words_10|         array|
|lane_words_10_we0       |  out|    1|   ap_memory|                                 lane_words_10|         array|
|lane_words_10_d0        |  out|   26|   ap_memory|                                 lane_words_10|         array|
|lane_words_11_address0  |  out|    4|   ap_memory|                                 lane_words_11|         array|
|lane_words_11_ce0       |  out|    1|   ap_memory|                                 lane_words_11|         array|
|lane_words_11_we0       |  out|    1|   ap_memory|                                 lane_words_11|         array|
|lane_words_11_d0        |  out|   26|   ap_memory|                                 lane_words_11|         array|
|lane_words_12_address0  |  out|    4|   ap_memory|                                 lane_words_12|         array|
|lane_words_12_ce0       |  out|    1|   ap_memory|                                 lane_words_12|         array|
|lane_words_12_we0       |  out|    1|   ap_memory|                                 lane_words_12|         array|
|lane_words_12_d0        |  out|   26|   ap_memory|                                 lane_words_12|         array|
|lane_words_13_address0  |  out|    4|   ap_memory|                                 lane_words_13|         array|
|lane_words_13_ce0       |  out|    1|   ap_memory|                                 lane_words_13|         array|
|lane_words_13_we0       |  out|    1|   ap_memory|                                 lane_words_13|         array|
|lane_words_13_d0        |  out|   26|   ap_memory|                                 lane_words_13|         array|
|lane_words_14_address0  |  out|    4|   ap_memory|                                 lane_words_14|         array|
|lane_words_14_ce0       |  out|    1|   ap_memory|                                 lane_words_14|         array|
|lane_words_14_we0       |  out|    1|   ap_memory|                                 lane_words_14|         array|
|lane_words_14_d0        |  out|   26|   ap_memory|                                 lane_words_14|         array|
|lane_words_15_address0  |  out|    4|   ap_memory|                                 lane_words_15|         array|
|lane_words_15_ce0       |  out|    1|   ap_memory|                                 lane_words_15|         array|
|lane_words_15_we0       |  out|    1|   ap_memory|                                 lane_words_15|         array|
|lane_words_15_d0        |  out|   26|   ap_memory|                                 lane_words_15|         array|
+------------------------+-----+-----+------------+----------------------------------------------+--------------+

