

================================================================
== Vitis HLS Report for 'p_anonymous_namespace_mpc_fpga_compute_core'
================================================================
* Date:           Thu Jun 11 16:07:09 2026

* Version:        2025.2 (Build 6295257 on Nov 14 2025)
* Project:        mpc_fpga_top_opencl
* Solution:       hls (Vitis Kernel Flow Target)
* Product family: zynquplus
* Target device:  xck26-sfvc784-2LV-c


================================================================
== Performance Estimates
================================================================
+ Timing: 
    * Summary: 
    +--------+---------+----------+------------+
    |  Clock |  Target | Estimated| Uncertainty|
    +--------+---------+----------+------------+
    |ap_clk  |  5.00 ns|  4.491 ns|     0.50 ns|
    +--------+---------+----------+------------+

+ Latency: 
    * Summary: 
    +---------+---------+----------+----------+-----+--------+---------+
    |  Latency (cycles) |  Latency (absolute) |   Interval   | Pipeline|
    |   min   |   max   |    min   |    max   | min |   max  |   Type  |
    +---------+---------+----------+----------+-----+--------+---------+
    |        1|   101419|  5.000 ns|  0.507 ms|    1|  101419|       no|
    +---------+---------+----------+----------+-----+--------+---------+

    + Detail: 
        * Instance: 
        +----------------------------------------------------------------------------------+-----------------------------------------------------------------------+---------+---------+-----------+----------+------+--------+-------------------+
        |                                                                                  |                                                                       |  Latency (cycles) |  Latency (absolute)  |    Interval   |      Pipeline     |
        |                                     Instance                                     |                                 Module                                |   min   |   max   |    min    |    max   |  min |   max  |        Type       |
        +----------------------------------------------------------------------------------+-----------------------------------------------------------------------+---------+---------+-----------+----------+------+--------+-------------------+
        |grp_p_anonymous_namespace_reset_core_state_hls_fu_272                             |p_anonymous_namespace_reset_core_state_hls                             |       24|       24|   0.120 us|  0.120 us|    24|      24|                 no|
        |grp_p_anonymous_namespace_mpc_fpga_compute_core_Pipeline_VITIS_LOOP_348_1_fu_336  |p_anonymous_namespace_mpc_fpga_compute_core_Pipeline_VITIS_LOOP_348_1  |       23|       23|   0.115 us|  0.115 us|     0|       0|  loop pipeline stp|
        |grp_p_anonymous_namespace_mpc_fpga_compute_core_Pipeline_VITIS_LOOP_355_3_fu_356  |p_anonymous_namespace_mpc_fpga_compute_core_Pipeline_VITIS_LOOP_355_3  |       22|       22|   0.110 us|  0.110 us|     0|       0|  loop pipeline stp|
        |grp_p_anonymous_namespace_mpc_fpga_compute_core_Pipeline_VITIS_LOOP_322_1_fu_364  |p_anonymous_namespace_mpc_fpga_compute_core_Pipeline_VITIS_LOOP_322_1  |       23|       23|   0.115 us|  0.115 us|     0|       0|  loop pipeline stp|
        |grp_p_anonymous_namespace_mpc_fpga_compute_core_Pipeline_VITIS_LOOP_330_3_fu_400  |p_anonymous_namespace_mpc_fpga_compute_core_Pipeline_VITIS_LOOP_330_3  |       22|       22|   0.110 us|  0.110 us|     0|       0|  loop pipeline stp|
        |grp_mpc_compute_hls_fu_412                                                        |mpc_compute_hls                                                        |     3282|   101361|  16.410 us|  0.507 ms|  3282|  101361|                 no|
        +----------------------------------------------------------------------------------+-----------------------------------------------------------------------+---------+---------+-----------+----------+------+--------+-------------------+

        * Loop: 
        N/A



================================================================
== Utilization Estimates
================================================================
* Summary: 
+-----------------+---------+------+--------+--------+-----+
|       Name      | BRAM_18K|  DSP |   FF   |   LUT  | URAM|
+-----------------+---------+------+--------+--------+-----+
|DSP              |        -|     -|       -|       -|    -|
|Expression       |        -|     -|       0|     371|    -|
|FIFO             |        -|     -|       -|       -|    -|
|Instance         |       51|   770|   59747|   87061|    0|
|Memory           |        0|     -|     546|     180|    0|
|Multiplexer      |        -|     -|       0|    2059|    -|
|Register         |        -|     -|     329|       -|    -|
+-----------------+---------+------+--------+--------+-----+
|Total            |       51|   770|   60622|   89671|    0|
+-----------------+---------+------+--------+--------+-----+
|Available        |      288|  1248|  234240|  117120|   64|
+-----------------+---------+------+--------+--------+-----+
|Utilization (%)  |       17|    61|      25|      76|    0|
+-----------------+---------+------+--------+--------+-----+

+ Detail: 
    * Instance: 
    +----------------------------------------------------------------------------------+-----------------------------------------------------------------------+---------+-----+-------+-------+-----+
    |                                     Instance                                     |                                 Module                                | BRAM_18K| DSP |   FF  |  LUT  | URAM|
    +----------------------------------------------------------------------------------+-----------------------------------------------------------------------+---------+-----+-------+-------+-----+
    |grp_mpc_compute_hls_fu_412                                                        |mpc_compute_hls                                                        |       51|  768|  59680|  86710|    0|
    |mul_26s_23ns_49_3_1_U2127                                                         |mul_26s_23ns_49_3_1                                                    |        0|    2|     21|     29|    0|
    |grp_p_anonymous_namespace_mpc_fpga_compute_core_Pipeline_VITIS_LOOP_322_1_fu_364  |p_anonymous_namespace_mpc_fpga_compute_core_Pipeline_VITIS_LOOP_322_1  |        0|    0|      7|     51|    0|
    |grp_p_anonymous_namespace_mpc_fpga_compute_core_Pipeline_VITIS_LOOP_330_3_fu_400  |p_anonymous_namespace_mpc_fpga_compute_core_Pipeline_VITIS_LOOP_330_3  |        0|    0|      7|     51|    0|
    |grp_p_anonymous_namespace_mpc_fpga_compute_core_Pipeline_VITIS_LOOP_348_1_fu_336  |p_anonymous_namespace_mpc_fpga_compute_core_Pipeline_VITIS_LOOP_348_1  |        0|    0|      7|     51|    0|
    |grp_p_anonymous_namespace_mpc_fpga_compute_core_Pipeline_VITIS_LOOP_355_3_fu_356  |p_anonymous_namespace_mpc_fpga_compute_core_Pipeline_VITIS_LOOP_355_3  |        0|    0|      7|     51|    0|
    |grp_p_anonymous_namespace_reset_core_state_hls_fu_272                             |p_anonymous_namespace_reset_core_state_hls                             |        0|    0|     18|    118|    0|
    +----------------------------------------------------------------------------------+-----------------------------------------------------------------------+---------+-----+-------+-------+-----+
    |Total                                                                             |                                                                       |       51|  770|  59747|  87061|    0|
    +----------------------------------------------------------------------------------+-----------------------------------------------------------------------+---------+-----+-------+-------+-----+

    * DSP: 
    N/A

    * Memory: 
    +-------------------------------------------------+----------------------------------------------------------------------------------+---------+----+----+-----+------+-----+------+-------------+
    |                      Memory                     |                                      Module                                      | BRAM_18K| FF | LUT| URAM| Words| Bits| Banks| W*Bits*Banks|
    +-------------------------------------------------+----------------------------------------------------------------------------------+---------+----+----+-----+------+-----+------+-------------+
    |p_anonymous_namespace_g_core_state_admm_z_x_0_U  |p_anonymous_namespace_mpc_fpga_compute_core_p_anonymous_namespace_g_core_statbkb  |        0|  52|   9|    0|    21|   26|     1|          546|
    |p_anonymous_namespace_g_core_state_admm_z_x_1_U  |p_anonymous_namespace_mpc_fpga_compute_core_p_anonymous_namespace_g_core_statcud  |        0|  26|   9|    0|    21|   26|     1|          546|
    |p_anonymous_namespace_g_core_state_admm_z_x_2_U  |p_anonymous_namespace_mpc_fpga_compute_core_p_anonymous_namespace_g_core_statcud  |        0|  26|   9|    0|    21|   26|     1|          546|
    |p_anonymous_namespace_g_core_state_admm_z_x_3_U  |p_anonymous_namespace_mpc_fpga_compute_core_p_anonymous_namespace_g_core_statcud  |        0|  26|   9|    0|    21|   26|     1|          546|
    |p_anonymous_namespace_g_core_state_admm_z_x_4_U  |p_anonymous_namespace_mpc_fpga_compute_core_p_anonymous_namespace_g_core_statcud  |        0|  26|   9|    0|    21|   26|     1|          546|
    |p_anonymous_namespace_g_core_state_admm_z_x_5_U  |p_anonymous_namespace_mpc_fpga_compute_core_p_anonymous_namespace_g_core_statcud  |        0|  26|   9|    0|    21|   26|     1|          546|
    |p_anonymous_namespace_g_core_state_admm_z_x_6_U  |p_anonymous_namespace_mpc_fpga_compute_core_p_anonymous_namespace_g_core_statcud  |        0|  26|   9|    0|    21|   26|     1|          546|
    |p_anonymous_namespace_g_core_state_admm_z_x_7_U  |p_anonymous_namespace_mpc_fpga_compute_core_p_anonymous_namespace_g_core_statcud  |        0|  26|   9|    0|    21|   26|     1|          546|
    |p_anonymous_namespace_g_core_state_admm_y_x_0_U  |p_anonymous_namespace_mpc_fpga_compute_core_p_anonymous_namespace_g_core_statcud  |        0|  26|   9|    0|    21|   26|     1|          546|
    |p_anonymous_namespace_g_core_state_admm_y_x_1_U  |p_anonymous_namespace_mpc_fpga_compute_core_p_anonymous_namespace_g_core_statcud  |        0|  26|   9|    0|    21|   26|     1|          546|
    |p_anonymous_namespace_g_core_state_admm_y_x_2_U  |p_anonymous_namespace_mpc_fpga_compute_core_p_anonymous_namespace_g_core_statcud  |        0|  26|   9|    0|    21|   26|     1|          546|
    |p_anonymous_namespace_g_core_state_admm_y_x_3_U  |p_anonymous_namespace_mpc_fpga_compute_core_p_anonymous_namespace_g_core_statcud  |        0|  26|   9|    0|    21|   26|     1|          546|
    |p_anonymous_namespace_g_core_state_admm_y_x_4_U  |p_anonymous_namespace_mpc_fpga_compute_core_p_anonymous_namespace_g_core_statcud  |        0|  26|   9|    0|    21|   26|     1|          546|
    |p_anonymous_namespace_g_core_state_admm_y_x_5_U  |p_anonymous_namespace_mpc_fpga_compute_core_p_anonymous_namespace_g_core_statcud  |        0|  26|   9|    0|    21|   26|     1|          546|
    |p_anonymous_namespace_g_core_state_admm_y_x_6_U  |p_anonymous_namespace_mpc_fpga_compute_core_p_anonymous_namespace_g_core_statcud  |        0|  26|   9|    0|    21|   26|     1|          546|
    |p_anonymous_namespace_g_core_state_admm_y_x_7_U  |p_anonymous_namespace_mpc_fpga_compute_core_p_anonymous_namespace_g_core_statcud  |        0|  26|   9|    0|    21|   26|     1|          546|
    |p_anonymous_namespace_g_core_state_admm_z_u_0_U  |p_anonymous_namespace_mpc_fpga_compute_core_p_anonymous_namespace_g_core_statrcU  |        0|  26|   9|    0|    20|   26|     1|          520|
    |p_anonymous_namespace_g_core_state_admm_z_u_1_U  |p_anonymous_namespace_mpc_fpga_compute_core_p_anonymous_namespace_g_core_statrcU  |        0|  26|   9|    0|    20|   26|     1|          520|
    |p_anonymous_namespace_g_core_state_admm_y_u_0_U  |p_anonymous_namespace_mpc_fpga_compute_core_p_anonymous_namespace_g_core_statrcU  |        0|  26|   9|    0|    20|   26|     1|          520|
    |p_anonymous_namespace_g_core_state_admm_y_u_1_U  |p_anonymous_namespace_mpc_fpga_compute_core_p_anonymous_namespace_g_core_statrcU  |        0|  26|   9|    0|    20|   26|     1|          520|
    +-------------------------------------------------+----------------------------------------------------------------------------------+---------+----+----+-----+------+-----+------+-------------+
    |Total                                            |                                                                                  |        0| 546| 180|    0|   416|  520|    20|        10816|
    +-------------------------------------------------+----------------------------------------------------------------------------------+---------+----+----+-----+------+-----+------+-------------+

    * FIFO: 
    N/A

    * Expression: 
    +---------------------------------+----------+----+---+----+------------+------------+
    |          Variable Name          | Operation| DSP| FF| LUT| Bitwidth P0| Bitwidth P1|
    +---------------------------------+----------+----+---+----+------------+------------+
    |add_ln323_fu_776_p2              |         +|   0|  0|  39|          32|           1|
    |value_fu_655_p2                  |         -|   0|  0|  33|          26|          26|
    |and_ln272_1_fu_562_p2            |       and|   0|  0|   2|           1|           1|
    |and_ln272_2_fu_568_p2            |       and|   0|  0|   2|           1|           1|
    |and_ln272_fu_556_p2              |       and|   0|  0|   2|           1|           1|
    |ap_predicate_op67_call_state7    |       and|   0|  0|   2|           1|           1|
    |icmp_ln143_fu_695_p2             |      icmp|   0|  0|  33|          26|          17|
    |icmp_ln145_fu_701_p2             |      icmp|   0|  0|  33|          26|          16|
    |icmp_ln272_1_fu_530_p2           |      icmp|   0|  0|  18|          11|           1|
    |icmp_ln272_2_fu_540_p2           |      icmp|   0|  0|  18|          11|           1|
    |icmp_ln272_3_fu_550_p2           |      icmp|   0|  0|  18|          11|           1|
    |icmp_ln272_fu_520_p2             |      icmp|   0|  0|  18|          11|           1|
    |icmp_ln321_fu_755_p2             |      icmp|   0|  0|  39|          32|           1|
    |icmp_ln322_fu_770_p2             |      icmp|   0|  0|  39|          32|          31|
    |out_status                       |      icmp|   0|  0|  39|          32|           1|
    |ap_block_state7_on_subcall_done  |        or|   0|  0|   2|           1|           1|
    |empty_fu_715_p2                  |        or|   0|  0|   2|           1|           1|
    |measured_steer_rate_fu_721_p3    |    select|   0|  0|  16|           1|          17|
    |select_ln145_fu_707_p3           |    select|   0|  0|  16|           1|          17|
    +---------------------------------+----------+----+---+----+------------+------------+
    |Total                            |          |   0|  0| 371|         258|         137|
    +---------------------------------+----------+----+---+----+------------+------------+

    * Multiplexer: 
    +----------------------------------------------------------------------------------+----+-----------+-----+-----------+
    |                                       Name                                       | LUT| Input Size| Bits| Total Bits|
    +----------------------------------------------------------------------------------+----+-----------+-----+-----------+
    |ap_NS_fsm                                                                         |  65|         13|    1|         13|
    |ap_sig_allocacmp_p_anonymous_namespace_g_core_state_persist_actual_steering_load  |   9|          2|   26|         52|
    |p_anonymous_namespace_g_core_state_admm_initialized                               |  20|          4|    1|          4|
    |p_anonymous_namespace_g_core_state_admm_rho                                       |  14|          3|   26|         78|
    |p_anonymous_namespace_g_core_state_admm_rho_u                                     |  14|          3|   26|         78|
    |p_anonymous_namespace_g_core_state_admm_y_u_0_address0                            |  26|          5|    5|         25|
    |p_anonymous_namespace_g_core_state_admm_y_u_0_ce0                                 |  26|          5|    1|          5|
    |p_anonymous_namespace_g_core_state_admm_y_u_0_d0                                  |  26|          5|   26|        130|
    |p_anonymous_namespace_g_core_state_admm_y_u_0_we0                                 |  26|          5|    1|          5|
    |p_anonymous_namespace_g_core_state_admm_y_u_1_address0                            |  26|          5|    5|         25|
    |p_anonymous_namespace_g_core_state_admm_y_u_1_ce0                                 |  26|          5|    1|          5|
    |p_anonymous_namespace_g_core_state_admm_y_u_1_d0                                  |  26|          5|   26|        130|
    |p_anonymous_namespace_g_core_state_admm_y_u_1_we0                                 |  26|          5|    1|          5|
    |p_anonymous_namespace_g_core_state_admm_y_x_0_address0                            |  26|          5|    5|         25|
    |p_anonymous_namespace_g_core_state_admm_y_x_0_ce0                                 |  26|          5|    1|          5|
    |p_anonymous_namespace_g_core_state_admm_y_x_0_d0                                  |  26|          5|   26|        130|
    |p_anonymous_namespace_g_core_state_admm_y_x_0_we0                                 |  26|          5|    1|          5|
    |p_anonymous_namespace_g_core_state_admm_y_x_1_address0                            |  26|          5|    5|         25|
    |p_anonymous_namespace_g_core_state_admm_y_x_1_ce0                                 |  26|          5|    1|          5|
    |p_anonymous_namespace_g_core_state_admm_y_x_1_d0                                  |  26|          5|   26|        130|
    |p_anonymous_namespace_g_core_state_admm_y_x_1_we0                                 |  26|          5|    1|          5|
    |p_anonymous_namespace_g_core_state_admm_y_x_2_address0                            |  26|          5|    5|         25|
    |p_anonymous_namespace_g_core_state_admm_y_x_2_ce0                                 |  26|          5|    1|          5|
    |p_anonymous_namespace_g_core_state_admm_y_x_2_d0                                  |  26|          5|   26|        130|
    |p_anonymous_namespace_g_core_state_admm_y_x_2_we0                                 |  26|          5|    1|          5|
    |p_anonymous_namespace_g_core_state_admm_y_x_3_address0                            |  26|          5|    5|         25|
    |p_anonymous_namespace_g_core_state_admm_y_x_3_ce0                                 |  26|          5|    1|          5|
    |p_anonymous_namespace_g_core_state_admm_y_x_3_d0                                  |  26|          5|   26|        130|
    |p_anonymous_namespace_g_core_state_admm_y_x_3_we0                                 |  26|          5|    1|          5|
    |p_anonymous_namespace_g_core_state_admm_y_x_4_address0                            |  26|          5|    5|         25|
    |p_anonymous_namespace_g_core_state_admm_y_x_4_ce0                                 |  26|          5|    1|          5|
    |p_anonymous_namespace_g_core_state_admm_y_x_4_d0                                  |  26|          5|   26|        130|
    |p_anonymous_namespace_g_core_state_admm_y_x_4_we0                                 |  26|          5|    1|          5|
    |p_anonymous_namespace_g_core_state_admm_y_x_5_address0                            |  26|          5|    5|         25|
    |p_anonymous_namespace_g_core_state_admm_y_x_5_ce0                                 |  26|          5|    1|          5|
    |p_anonymous_namespace_g_core_state_admm_y_x_5_d0                                  |  26|          5|   26|        130|
    |p_anonymous_namespace_g_core_state_admm_y_x_5_we0                                 |  26|          5|    1|          5|
    |p_anonymous_namespace_g_core_state_admm_y_x_6_address0                            |  26|          5|    5|         25|
    |p_anonymous_namespace_g_core_state_admm_y_x_6_ce0                                 |  26|          5|    1|          5|
    |p_anonymous_namespace_g_core_state_admm_y_x_6_d0                                  |  26|          5|   26|        130|
    |p_anonymous_namespace_g_core_state_admm_y_x_6_we0                                 |  26|          5|    1|          5|
    |p_anonymous_namespace_g_core_state_admm_y_x_7_address0                            |  26|          5|    5|         25|
    |p_anonymous_namespace_g_core_state_admm_y_x_7_ce0                                 |  26|          5|    1|          5|
    |p_anonymous_namespace_g_core_state_admm_y_x_7_d0                                  |  26|          5|   26|        130|
    |p_anonymous_namespace_g_core_state_admm_y_x_7_we0                                 |  26|          5|    1|          5|
    |p_anonymous_namespace_g_core_state_admm_z_u_0_address0                            |  20|          4|    5|         20|
    |p_anonymous_namespace_g_core_state_admm_z_u_0_ce0                                 |  20|          4|    1|          4|
    |p_anonymous_namespace_g_core_state_admm_z_u_0_d0                                  |  20|          4|   26|        104|
    |p_anonymous_namespace_g_core_state_admm_z_u_0_we0                                 |  20|          4|    1|          4|
    |p_anonymous_namespace_g_core_state_admm_z_u_1_address0                            |  20|          4|    5|         20|
    |p_anonymous_namespace_g_core_state_admm_z_u_1_ce0                                 |  20|          4|    1|          4|
    |p_anonymous_namespace_g_core_state_admm_z_u_1_d0                                  |  20|          4|   26|        104|
    |p_anonymous_namespace_g_core_state_admm_z_u_1_we0                                 |  20|          4|    1|          4|
    |p_anonymous_namespace_g_core_state_admm_z_x_0_address0                            |  20|          4|    5|         20|
    |p_anonymous_namespace_g_core_state_admm_z_x_0_ce0                                 |  20|          4|    1|          4|
    |p_anonymous_namespace_g_core_state_admm_z_x_0_ce1                                 |   9|          2|    1|          2|
    |p_anonymous_namespace_g_core_state_admm_z_x_0_d0                                  |  20|          4|   26|        104|
    |p_anonymous_namespace_g_core_state_admm_z_x_0_we0                                 |  20|          4|    1|          4|
    |p_anonymous_namespace_g_core_state_admm_z_x_1_address0                            |  20|          4|    5|         20|
    |p_anonymous_namespace_g_core_state_admm_z_x_1_ce0                                 |  20|          4|    1|          4|
    |p_anonymous_namespace_g_core_state_admm_z_x_1_d0                                  |  20|          4|   26|        104|
    |p_anonymous_namespace_g_core_state_admm_z_x_1_we0                                 |  20|          4|    1|          4|
    |p_anonymous_namespace_g_core_state_admm_z_x_2_address0                            |  20|          4|    5|         20|
    |p_anonymous_namespace_g_core_state_admm_z_x_2_ce0                                 |  20|          4|    1|          4|
    |p_anonymous_namespace_g_core_state_admm_z_x_2_d0                                  |  20|          4|   26|        104|
    |p_anonymous_namespace_g_core_state_admm_z_x_2_we0                                 |  20|          4|    1|          4|
    |p_anonymous_namespace_g_core_state_admm_z_x_3_address0                            |  20|          4|    5|         20|
    |p_anonymous_namespace_g_core_state_admm_z_x_3_ce0                                 |  20|          4|    1|          4|
    |p_anonymous_namespace_g_core_state_admm_z_x_3_d0                                  |  20|          4|   26|        104|
    |p_anonymous_namespace_g_core_state_admm_z_x_3_we0                                 |  20|          4|    1|          4|
    |p_anonymous_namespace_g_core_state_admm_z_x_4_address0                            |  20|          4|    5|         20|
    |p_anonymous_namespace_g_core_state_admm_z_x_4_ce0                                 |  20|          4|    1|          4|
    |p_anonymous_namespace_g_core_state_admm_z_x_4_d0                                  |  20|          4|   26|        104|
    |p_anonymous_namespace_g_core_state_admm_z_x_4_we0                                 |  20|          4|    1|          4|
    |p_anonymous_namespace_g_core_state_admm_z_x_5_address0                            |  20|          4|    5|         20|
    |p_anonymous_namespace_g_core_state_admm_z_x_5_ce0                                 |  20|          4|    1|          4|
    |p_anonymous_namespace_g_core_state_admm_z_x_5_d0                                  |  20|          4|   26|        104|
    |p_anonymous_namespace_g_core_state_admm_z_x_5_we0                                 |  20|          4|    1|          4|
    |p_anonymous_namespace_g_core_state_admm_z_x_6_address0                            |  20|          4|    5|         20|
    |p_anonymous_namespace_g_core_state_admm_z_x_6_ce0                                 |  20|          4|    1|          4|
    |p_anonymous_namespace_g_core_state_admm_z_x_6_d0                                  |  20|          4|   26|        104|
    |p_anonymous_namespace_g_core_state_admm_z_x_6_we0                                 |  20|          4|    1|          4|
    |p_anonymous_namespace_g_core_state_admm_z_x_7_address0                            |  20|          4|    5|         20|
    |p_anonymous_namespace_g_core_state_admm_z_x_7_ce0                                 |  20|          4|    1|          4|
    |p_anonymous_namespace_g_core_state_admm_z_x_7_d0                                  |  20|          4|   26|        104|
    |p_anonymous_namespace_g_core_state_admm_z_x_7_we0                                 |  20|          4|    1|          4|
    |p_anonymous_namespace_g_core_state_initialized                                    |   9|          2|    1|          2|
    |p_anonymous_namespace_g_core_state_persist_actual_steering                        |   9|          2|   26|         52|
    |p_anonymous_namespace_g_core_state_persist_max_iter_streak                        |  14|          3|   32|         96|
    |p_anonymous_namespace_g_core_state_persist_prev_accel                             |  14|          3|   26|         78|
    |p_anonymous_namespace_g_core_state_persist_prev_curvature                         |  14|          3|   26|         78|
    |p_anonymous_namespace_g_core_state_persist_prev_model_signature                   |  14|          3|    1|          3|
    |p_anonymous_namespace_g_core_state_persist_prev_steer_rate                        |  14|          3|   26|         78|
    +----------------------------------------------------------------------------------+----+-----------+-----+-----------+
    |Total                                                                             |2059|        406|  879|       3584|
    +----------------------------------------------------------------------------------+----+-----------+-----+-----------+

    * Register: 
    +-----------------------------------------------------------------------------------------------+----+----+-----+-----------+
    |                                              Name                                             | FF | LUT| Bits| Const Bits|
    +-----------------------------------------------------------------------------------------------+----+----+-----+-----------+
    |accel_out_reg_866                                                                              |  26|   0|   26|          0|
    |and_ln272_2_reg_840                                                                            |   1|   0|    1|          0|
    |ap_CS_fsm                                                                                      |  12|   0|   12|          0|
    |grp_mpc_compute_hls_fu_412_ap_start_reg                                                        |   1|   0|    1|          0|
    |grp_p_anonymous_namespace_mpc_fpga_compute_core_Pipeline_VITIS_LOOP_322_1_fu_364_ap_start_reg  |   1|   0|    1|          0|
    |grp_p_anonymous_namespace_mpc_fpga_compute_core_Pipeline_VITIS_LOOP_330_3_fu_400_ap_start_reg  |   1|   0|    1|          0|
    |grp_p_anonymous_namespace_mpc_fpga_compute_core_Pipeline_VITIS_LOOP_348_1_fu_336_ap_start_reg  |   1|   0|    1|          0|
    |grp_p_anonymous_namespace_mpc_fpga_compute_core_Pipeline_VITIS_LOOP_355_3_fu_356_ap_start_reg  |   1|   0|    1|          0|
    |grp_p_anonymous_namespace_reset_core_state_hls_fu_272_ap_start_reg                             |   1|   0|    1|          0|
    |iters_reg_877                                                                                  |  32|   0|   32|          0|
    |p_anonymous_namespace_g_core_state_admm_initialized                                            |   1|   0|    1|          0|
    |p_anonymous_namespace_g_core_state_admm_rho                                                    |  26|   0|   26|          0|
    |p_anonymous_namespace_g_core_state_admm_rho_u                                                  |  26|   0|   26|          0|
    |p_anonymous_namespace_g_core_state_initialized                                                 |   1|   0|    1|          0|
    |p_anonymous_namespace_g_core_state_initialized_load_reg_844                                    |   1|   0|    1|          0|
    |p_anonymous_namespace_g_core_state_persist_actual_steering                                     |  26|   0|   26|          0|
    |p_anonymous_namespace_g_core_state_persist_max_iter_streak                                     |  32|   0|   32|          0|
    |p_anonymous_namespace_g_core_state_persist_prev_accel                                          |  26|   0|   26|          0|
    |p_anonymous_namespace_g_core_state_persist_prev_curvature                                      |  26|   0|   26|          0|
    |p_anonymous_namespace_g_core_state_persist_prev_model_signature                                |   1|   0|    1|          0|
    |p_anonymous_namespace_g_core_state_persist_prev_steer_rate                                     |  26|   0|   26|          0|
    |solver_status_reg_871                                                                          |  32|   0|   32|          0|
    |steer_out_reg_861                                                                              |  26|   0|   26|          0|
    |tmp_109_reg_852                                                                                |   1|   0|    1|          0|
    |tmp_reg_848                                                                                    |   1|   0|    1|          0|
    +-----------------------------------------------------------------------------------------------+----+----+-----+-----------+
    |Total                                                                                          | 329|   0|  329|          0|
    +-----------------------------------------------------------------------------------------------+----+----+-----+-----------+



================================================================
== Interface
================================================================
* Summary: 
+-----------------------------------------+-----+-----+------------+--------------------------------------------+--------------+
|                RTL Ports                | Dir | Bits|  Protocol  |                Source Object               |    C Type    |
+-----------------------------------------+-----+-----+------------+--------------------------------------------+--------------+
|ap_clk                                   |   in|    1|  ap_ctrl_hs|  (anonymous namespace)mpc_fpga_compute_core|  return value|
|ap_rst                                   |   in|    1|  ap_ctrl_hs|  (anonymous namespace)mpc_fpga_compute_core|  return value|
|ap_start                                 |   in|    1|  ap_ctrl_hs|  (anonymous namespace)mpc_fpga_compute_core|  return value|
|ap_done                                  |  out|    1|  ap_ctrl_hs|  (anonymous namespace)mpc_fpga_compute_core|  return value|
|ap_idle                                  |  out|    1|  ap_ctrl_hs|  (anonymous namespace)mpc_fpga_compute_core|  return value|
|ap_ready                                 |  out|    1|  ap_ctrl_hs|  (anonymous namespace)mpc_fpga_compute_core|  return value|
|ey                                       |   in|   26|     ap_none|                                          ey|        scalar|
|epsi                                     |   in|   26|     ap_none|                                        epsi|        scalar|
|vx                                       |   in|   26|     ap_none|                                          vx|        scalar|
|vy                                       |   in|   26|     ap_none|                                          vy|        scalar|
|omega                                    |   in|   26|     ap_none|                                       omega|        scalar|
|steering                                 |   in|   26|     ap_none|                                    steering|        scalar|
|prev_accel                               |   in|   26|     ap_none|                                  prev_accel|        scalar|
|control_flags                            |   in|    3|     ap_none|                               control_flags|        scalar|
|ref_reference_heading_error_address0     |  out|    5|   ap_memory|                 ref_reference_heading_error|         array|
|ref_reference_heading_error_ce0          |  out|    1|   ap_memory|                 ref_reference_heading_error|         array|
|ref_reference_heading_error_q0           |   in|   26|   ap_memory|                 ref_reference_heading_error|         array|
|ref_reference_lateral_error_address0     |  out|    5|   ap_memory|                 ref_reference_lateral_error|         array|
|ref_reference_lateral_error_ce0          |  out|    1|   ap_memory|                 ref_reference_lateral_error|         array|
|ref_reference_lateral_error_q0           |   in|   26|   ap_memory|                 ref_reference_lateral_error|         array|
|ref_reference_velocity_address0          |  out|    5|   ap_memory|                      ref_reference_velocity|         array|
|ref_reference_velocity_ce0               |  out|    1|   ap_memory|                      ref_reference_velocity|         array|
|ref_reference_velocity_q0                |   in|   26|   ap_memory|                      ref_reference_velocity|         array|
|ref_reference_lateral_velocity_address0  |  out|    5|   ap_memory|              ref_reference_lateral_velocity|         array|
|ref_reference_lateral_velocity_ce0       |  out|    1|   ap_memory|              ref_reference_lateral_velocity|         array|
|ref_reference_lateral_velocity_q0        |   in|   26|   ap_memory|              ref_reference_lateral_velocity|         array|
|ref_reference_yaw_rate_address0          |  out|    5|   ap_memory|                      ref_reference_yaw_rate|         array|
|ref_reference_yaw_rate_ce0               |  out|    1|   ap_memory|                      ref_reference_yaw_rate|         array|
|ref_reference_yaw_rate_q0                |   in|   26|   ap_memory|                      ref_reference_yaw_rate|         array|
|ref_path_curvature_address0              |  out|    5|   ap_memory|                          ref_path_curvature|         array|
|ref_path_curvature_ce0                   |  out|    1|   ap_memory|                          ref_path_curvature|         array|
|ref_path_curvature_q0                    |   in|   26|   ap_memory|                          ref_path_curvature|         array|
|ref_left_wall_bound_address0             |  out|    5|   ap_memory|                         ref_left_wall_bound|         array|
|ref_left_wall_bound_ce0                  |  out|    1|   ap_memory|                         ref_left_wall_bound|         array|
|ref_left_wall_bound_q0                   |   in|   26|   ap_memory|                         ref_left_wall_bound|         array|
|ref_right_wall_bound_address0            |  out|    5|   ap_memory|                        ref_right_wall_bound|         array|
|ref_right_wall_bound_ce0                 |  out|    1|   ap_memory|                        ref_right_wall_bound|         array|
|ref_right_wall_bound_q0                  |   in|   26|   ap_memory|                        ref_right_wall_bound|         array|
|out_steering                             |  out|   26|      ap_vld|                                out_steering|       pointer|
|out_steering_ap_vld                      |  out|    1|      ap_vld|                                out_steering|       pointer|
|out_accel                                |  out|   26|      ap_vld|                                   out_accel|       pointer|
|out_accel_ap_vld                         |  out|    1|      ap_vld|                                   out_accel|       pointer|
|out_status                               |  out|    1|      ap_vld|                                  out_status|       pointer|
|out_status_ap_vld                        |  out|    1|      ap_vld|                                  out_status|       pointer|
|out_iters                                |  out|   32|      ap_vld|                                   out_iters|       pointer|
|out_iters_ap_vld                         |  out|    1|      ap_vld|                                   out_iters|       pointer|
|out_steering_arg_index                   |   in|   11|     ap_none|                      out_steering_arg_index|       pointer|
|out_accel_arg_index                      |   in|   11|     ap_none|                         out_accel_arg_index|       pointer|
|out_status_arg_index                     |   in|   11|     ap_none|                        out_status_arg_index|       pointer|
|out_iters_arg_index                      |   in|   11|     ap_none|                         out_iters_arg_index|       pointer|
+-----------------------------------------+-----+-----+------------+--------------------------------------------+--------------+

