

================================================================
== Vitis HLS Report for 'riccati_pass_hls'
================================================================
* Date:           Thu May 21 15:23:12 2026

* Version:        2025.2 (Build 6295257 on Nov 14 2025)
* Project:        mpc_fpga_top_opencl
* Solution:       hls (Vitis Kernel Flow Target)
* Product family: zynquplus
* Target device:  xck26-sfvc784-2LV-c


================================================================
== Performance Estimates
================================================================
+ Timing: 
    * Summary: 
    +--------+---------+----------+------------+
    |  Clock |  Target | Estimated| Uncertainty|
    +--------+---------+----------+------------+
    |ap_clk  |  5.00 ns|  4.413 ns|     0.50 ns|
    +--------+---------+----------+------------+

+ Latency: 
    * Summary: 
    +---------+---------+-----------+-----------+------+------+---------+
    |  Latency (cycles) |   Latency (absolute)  |   Interval  | Pipeline|
    |   min   |   max   |    min    |    max    |  min |  max |   Type  |
    +---------+---------+-----------+-----------+------+------+---------+
    |     2512|     2832|  12.560 us|  14.160 us|  2512|  2832|       no|
    +---------+---------+-----------+-----------+------+------+---------+

    + Detail: 
        * Instance: 
        +----------------------------------+-----------------------+---------+---------+-----------+-----------+------+------+---------+
        |                                  |                       |  Latency (cycles) |   Latency (absolute)  |   Interval  | Pipeline|
        |             Instance             |         Module        |   min   |   max   |    min    |    max    |  min |  max |   Type  |
        +----------------------------------+-----------------------+---------+---------+-----------+-----------+------+------+---------+
        |grp_riccati_backward_pass_fu_400  |riccati_backward_pass  |     2128|     2448|  10.640 us|  12.240 us|  2128|  2448|       no|
        |grp_riccati_forward_pass_fu_653   |riccati_forward_pass   |      381|      381|   1.905 us|   1.905 us|   381|   381|       no|
        +----------------------------------+-----------------------+---------+---------+-----------+-----------+------+------+---------+

        * Loop: 
        N/A



================================================================
== Utilization Estimates
================================================================
* Summary: 
+-----------------+---------+------+--------+--------+-----+
|       Name      | BRAM_18K|  DSP |   FF   |   LUT  | URAM|
+-----------------+---------+------+--------+--------+-----+
|DSP              |        -|     -|       -|       -|    -|
|Expression       |        -|     -|       -|       -|    -|
|FIFO             |        -|     -|       -|       -|    -|
|Instance         |        1|   889|   52958|   41939|    -|
|Memory           |        -|     -|       -|       -|    -|
|Multiplexer      |        -|     -|       0|    3671|    -|
|Register         |        -|     -|      26|       -|    -|
+-----------------+---------+------+--------+--------+-----+
|Total            |        1|   889|   52984|   45610|    0|
+-----------------+---------+------+--------+--------+-----+
|Available        |      288|  1248|  234240|  117120|   64|
+-----------------+---------+------+--------+--------+-----+
|Utilization (%)  |       ~0|    71|      22|      38|    0|
+-----------------+---------+------+--------+--------+-----+

+ Detail: 
    * Instance: 
    +----------------------------------+-----------------------+---------+-----+-------+-------+-----+
    |             Instance             |         Module        | BRAM_18K| DSP |   FF  |  LUT  | URAM|
    +----------------------------------+-----------------------+---------+-----+-------+-------+-----+
    |grp_riccati_backward_pass_fu_400  |riccati_backward_pass  |        1|  825|  47577|  38281|    0|
    |grp_riccati_forward_pass_fu_653   |riccati_forward_pass   |        0|   64|   5381|   3658|    0|
    +----------------------------------+-----------------------+---------+-----+-------+-------+-----+
    |Total                             |                       |        1|  889|  52958|  41939|    0|
    +----------------------------------+-----------------------+---------+-----+-------+-------+-----+

    * DSP: 
    N/A

    * Memory: 
    N/A

    * FIFO: 
    N/A

    * Expression: 
    N/A

    * Multiplexer: 
    +--------------------------+----+-----------+-----+-----------+
    |           Name           | LUT| Input Size| Bits| Total Bits|
    +--------------------------+----+-----------+-----+-----------+
    |B_sparse_0_address0       |  14|          3|    5|         15|
    |B_sparse_0_ce0            |  14|          3|    1|          3|
    |B_sparse_1_address0       |  14|          3|    5|         15|
    |B_sparse_1_ce0            |  14|          3|    1|          3|
    |B_sparse_2_address0       |  14|          3|    5|         15|
    |B_sparse_2_ce0            |  14|          3|    1|          3|
    |B_sparse_3_address0       |  14|          3|    5|         15|
    |B_sparse_3_ce0            |  14|          3|    1|          3|
    |K_0_0_0_address0          |  14|          3|    3|          9|
    |K_0_0_0_ce0               |  14|          3|    1|          3|
    |K_0_0_0_we0               |   9|          2|    1|          2|
    |K_0_0_1_address0          |  14|          3|    3|          9|
    |K_0_0_1_ce0               |  14|          3|    1|          3|
    |K_0_0_1_we0               |   9|          2|    1|          2|
    |K_0_0_2_address0          |  14|          3|    3|          9|
    |K_0_0_2_ce0               |  14|          3|    1|          3|
    |K_0_0_2_we0               |   9|          2|    1|          2|
    |K_0_0_3_address0          |  14|          3|    3|          9|
    |K_0_0_3_ce0               |  14|          3|    1|          3|
    |K_0_0_3_we0               |   9|          2|    1|          2|
    |K_0_0_4_address0          |  14|          3|    3|          9|
    |K_0_0_4_ce0               |  14|          3|    1|          3|
    |K_0_0_4_we0               |   9|          2|    1|          2|
    |K_0_0_5_address0          |  14|          3|    3|          9|
    |K_0_0_5_ce0               |  14|          3|    1|          3|
    |K_0_0_5_we0               |   9|          2|    1|          2|
    |K_0_0_6_address0          |  14|          3|    3|          9|
    |K_0_0_6_ce0               |  14|          3|    1|          3|
    |K_0_0_6_we0               |   9|          2|    1|          2|
    |K_0_0_7_address0          |  14|          3|    3|          9|
    |K_0_0_7_ce0               |  14|          3|    1|          3|
    |K_0_0_7_we0               |   9|          2|    1|          2|
    |K_0_1_0_address0          |  14|          3|    3|          9|
    |K_0_1_0_ce0               |  14|          3|    1|          3|
    |K_0_1_0_we0               |   9|          2|    1|          2|
    |K_0_1_1_address0          |  14|          3|    3|          9|
    |K_0_1_1_ce0               |  14|          3|    1|          3|
    |K_0_1_1_we0               |   9|          2|    1|          2|
    |K_0_1_2_address0          |  14|          3|    3|          9|
    |K_0_1_2_ce0               |  14|          3|    1|          3|
    |K_0_1_2_we0               |   9|          2|    1|          2|
    |K_0_1_3_address0          |  14|          3|    3|          9|
    |K_0_1_3_ce0               |  14|          3|    1|          3|
    |K_0_1_3_we0               |   9|          2|    1|          2|
    |K_0_1_4_address0          |  14|          3|    3|          9|
    |K_0_1_4_ce0               |  14|          3|    1|          3|
    |K_0_1_4_we0               |   9|          2|    1|          2|
    |K_0_1_5_address0          |  14|          3|    3|          9|
    |K_0_1_5_ce0               |  14|          3|    1|          3|
    |K_0_1_5_we0               |   9|          2|    1|          2|
    |K_0_1_6_address0          |  14|          3|    3|          9|
    |K_0_1_6_ce0               |  14|          3|    1|          3|
    |K_0_1_6_we0               |   9|          2|    1|          2|
    |K_0_1_7_address0          |  14|          3|    3|          9|
    |K_0_1_7_ce0               |  14|          3|    1|          3|
    |K_0_1_7_we0               |   9|          2|    1|          2|
    |K_1_0_0_address0          |  14|          3|    3|          9|
    |K_1_0_0_ce0               |  14|          3|    1|          3|
    |K_1_0_0_we0               |   9|          2|    1|          2|
    |K_1_0_1_address0          |  14|          3|    3|          9|
    |K_1_0_1_ce0               |  14|          3|    1|          3|
    |K_1_0_1_we0               |   9|          2|    1|          2|
    |K_1_0_2_address0          |  14|          3|    3|          9|
    |K_1_0_2_ce0               |  14|          3|    1|          3|
    |K_1_0_2_we0               |   9|          2|    1|          2|
    |K_1_0_3_address0          |  14|          3|    3|          9|
    |K_1_0_3_ce0               |  14|          3|    1|          3|
    |K_1_0_3_we0               |   9|          2|    1|          2|
    |K_1_0_4_address0          |  14|          3|    3|          9|
    |K_1_0_4_ce0               |  14|          3|    1|          3|
    |K_1_0_4_we0               |   9|          2|    1|          2|
    |K_1_0_5_address0          |  14|          3|    3|          9|
    |K_1_0_5_ce0               |  14|          3|    1|          3|
    |K_1_0_5_we0               |   9|          2|    1|          2|
    |K_1_0_6_address0          |  14|          3|    3|          9|
    |K_1_0_6_ce0               |  14|          3|    1|          3|
    |K_1_0_6_we0               |   9|          2|    1|          2|
    |K_1_0_7_address0          |  14|          3|    3|          9|
    |K_1_0_7_ce0               |  14|          3|    1|          3|
    |K_1_0_7_we0               |   9|          2|    1|          2|
    |K_1_1_0_address0          |  14|          3|    3|          9|
    |K_1_1_0_ce0               |  14|          3|    1|          3|
    |K_1_1_0_we0               |   9|          2|    1|          2|
    |K_1_1_1_address0          |  14|          3|    3|          9|
    |K_1_1_1_ce0               |  14|          3|    1|          3|
    |K_1_1_1_we0               |   9|          2|    1|          2|
    |K_1_1_2_address0          |  14|          3|    3|          9|
    |K_1_1_2_ce0               |  14|          3|    1|          3|
    |K_1_1_2_we0               |   9|          2|    1|          2|
    |K_1_1_3_address0          |  14|          3|    3|          9|
    |K_1_1_3_ce0               |  14|          3|    1|          3|
    |K_1_1_3_we0               |   9|          2|    1|          2|
    |K_1_1_4_address0          |  14|          3|    3|          9|
    |K_1_1_4_ce0               |  14|          3|    1|          3|
    |K_1_1_4_we0               |   9|          2|    1|          2|
    |K_1_1_5_address0          |  14|          3|    3|          9|
    |K_1_1_5_ce0               |  14|          3|    1|          3|
    |K_1_1_5_we0               |   9|          2|    1|          2|
    |K_1_1_6_address0          |  14|          3|    3|          9|
    |K_1_1_6_ce0               |  14|          3|    1|          3|
    |K_1_1_6_we0               |   9|          2|    1|          2|
    |K_1_1_7_address0          |  14|          3|    3|          9|
    |K_1_1_7_ce0               |  14|          3|    1|          3|
    |K_1_1_7_we0               |   9|          2|    1|          2|
    |K_2_0_0_address0          |  14|          3|    3|          9|
    |K_2_0_0_ce0               |  14|          3|    1|          3|
    |K_2_0_0_we0               |   9|          2|    1|          2|
    |K_2_0_1_address0          |  14|          3|    3|          9|
    |K_2_0_1_ce0               |  14|          3|    1|          3|
    |K_2_0_1_we0               |   9|          2|    1|          2|
    |K_2_0_2_address0          |  14|          3|    3|          9|
    |K_2_0_2_ce0               |  14|          3|    1|          3|
    |K_2_0_2_we0               |   9|          2|    1|          2|
    |K_2_0_3_address0          |  14|          3|    3|          9|
    |K_2_0_3_ce0               |  14|          3|    1|          3|
    |K_2_0_3_we0               |   9|          2|    1|          2|
    |K_2_0_4_address0          |  14|          3|    3|          9|
    |K_2_0_4_ce0               |  14|          3|    1|          3|
    |K_2_0_4_we0               |   9|          2|    1|          2|
    |K_2_0_5_address0          |  14|          3|    3|          9|
    |K_2_0_5_ce0               |  14|          3|    1|          3|
    |K_2_0_5_we0               |   9|          2|    1|          2|
    |K_2_0_6_address0          |  14|          3|    3|          9|
    |K_2_0_6_ce0               |  14|          3|    1|          3|
    |K_2_0_6_we0               |   9|          2|    1|          2|
    |K_2_0_7_address0          |  14|          3|    3|          9|
    |K_2_0_7_ce0               |  14|          3|    1|          3|
    |K_2_0_7_we0               |   9|          2|    1|          2|
    |K_2_1_0_address0          |  14|          3|    3|          9|
    |K_2_1_0_ce0               |  14|          3|    1|          3|
    |K_2_1_0_we0               |   9|          2|    1|          2|
    |K_2_1_1_address0          |  14|          3|    3|          9|
    |K_2_1_1_ce0               |  14|          3|    1|          3|
    |K_2_1_1_we0               |   9|          2|    1|          2|
    |K_2_1_2_address0          |  14|          3|    3|          9|
    |K_2_1_2_ce0               |  14|          3|    1|          3|
    |K_2_1_2_we0               |   9|          2|    1|          2|
    |K_2_1_3_address0          |  14|          3|    3|          9|
    |K_2_1_3_ce0               |  14|          3|    1|          3|
    |K_2_1_3_we0               |   9|          2|    1|          2|
    |K_2_1_4_address0          |  14|          3|    3|          9|
    |K_2_1_4_ce0               |  14|          3|    1|          3|
    |K_2_1_4_we0               |   9|          2|    1|          2|
    |K_2_1_5_address0          |  14|          3|    3|          9|
    |K_2_1_5_ce0               |  14|          3|    1|          3|
    |K_2_1_5_we0               |   9|          2|    1|          2|
    |K_2_1_6_address0          |  14|          3|    3|          9|
    |K_2_1_6_ce0               |  14|          3|    1|          3|
    |K_2_1_6_we0               |   9|          2|    1|          2|
    |K_2_1_7_address0          |  14|          3|    3|          9|
    |K_2_1_7_ce0               |  14|          3|    1|          3|
    |K_2_1_7_we0               |   9|          2|    1|          2|
    |K_3_0_0_address0          |  14|          3|    3|          9|
    |K_3_0_0_ce0               |  14|          3|    1|          3|
    |K_3_0_0_we0               |   9|          2|    1|          2|
    |K_3_0_1_address0          |  14|          3|    3|          9|
    |K_3_0_1_ce0               |  14|          3|    1|          3|
    |K_3_0_1_we0               |   9|          2|    1|          2|
    |K_3_0_2_address0          |  14|          3|    3|          9|
    |K_3_0_2_ce0               |  14|          3|    1|          3|
    |K_3_0_2_we0               |   9|          2|    1|          2|
    |K_3_0_3_address0          |  14|          3|    3|          9|
    |K_3_0_3_ce0               |  14|          3|    1|          3|
    |K_3_0_3_we0               |   9|          2|    1|          2|
    |K_3_0_4_address0          |  14|          3|    3|          9|
    |K_3_0_4_ce0               |  14|          3|    1|          3|
    |K_3_0_4_we0               |   9|          2|    1|          2|
    |K_3_0_5_address0          |  14|          3|    3|          9|
    |K_3_0_5_ce0               |  14|          3|    1|          3|
    |K_3_0_5_we0               |   9|          2|    1|          2|
    |K_3_0_6_address0          |  14|          3|    3|          9|
    |K_3_0_6_ce0               |  14|          3|    1|          3|
    |K_3_0_6_we0               |   9|          2|    1|          2|
    |K_3_0_7_address0          |  14|          3|    3|          9|
    |K_3_0_7_ce0               |  14|          3|    1|          3|
    |K_3_0_7_we0               |   9|          2|    1|          2|
    |K_3_1_0_address0          |  14|          3|    3|          9|
    |K_3_1_0_ce0               |  14|          3|    1|          3|
    |K_3_1_0_we0               |   9|          2|    1|          2|
    |K_3_1_1_address0          |  14|          3|    3|          9|
    |K_3_1_1_ce0               |  14|          3|    1|          3|
    |K_3_1_1_we0               |   9|          2|    1|          2|
    |K_3_1_2_address0          |  14|          3|    3|          9|
    |K_3_1_2_ce0               |  14|          3|    1|          3|
    |K_3_1_2_we0               |   9|          2|    1|          2|
    |K_3_1_3_address0          |  14|          3|    3|          9|
    |K_3_1_3_ce0               |  14|          3|    1|          3|
    |K_3_1_3_we0               |   9|          2|    1|          2|
    |K_3_1_4_address0          |  14|          3|    3|          9|
    |K_3_1_4_ce0               |  14|          3|    1|          3|
    |K_3_1_4_we0               |   9|          2|    1|          2|
    |K_3_1_5_address0          |  14|          3|    3|          9|
    |K_3_1_5_ce0               |  14|          3|    1|          3|
    |K_3_1_5_we0               |   9|          2|    1|          2|
    |K_3_1_6_address0          |  14|          3|    3|          9|
    |K_3_1_6_ce0               |  14|          3|    1|          3|
    |K_3_1_6_we0               |   9|          2|    1|          2|
    |K_3_1_7_address0          |  14|          3|    3|          9|
    |K_3_1_7_ce0               |  14|          3|    1|          3|
    |K_3_1_7_we0               |   9|          2|    1|          2|
    |ap_NS_fsm                 |  26|          5|    1|          5|
    |grp_fu_1001_ce            |   9|          2|    1|          2|
    |grp_fu_1005_ce            |   9|          2|    1|          2|
    |grp_fu_997_ce             |   9|          2|    1|          2|
    |kk_0_address0             |  14|          3|    5|         15|
    |kk_0_ce0                  |  14|          3|    1|          3|
    |kk_0_we0                  |   9|          2|    1|          2|
    |kk_1_address0             |  14|          3|    5|         15|
    |kk_1_ce0                  |  14|          3|    1|          3|
    |kk_1_we0                  |   9|          2|    1|          2|
    |step_data_0_0_0_address0  |  14|          3|    5|         15|
    |step_data_0_0_0_ce0       |  14|          3|    1|          3|
    |step_data_0_0_1_address0  |  14|          3|    5|         15|
    |step_data_0_0_1_ce0       |  14|          3|    1|          3|
    |step_data_0_0_2_address0  |  14|          3|    5|         15|
    |step_data_0_0_2_ce0       |  14|          3|    1|          3|
    |step_data_0_0_3_address0  |  14|          3|    5|         15|
    |step_data_0_0_3_ce0       |  14|          3|    1|          3|
    |step_data_0_0_4_address0  |  14|          3|    5|         15|
    |step_data_0_0_4_ce0       |  14|          3|    1|          3|
    |step_data_0_0_5_address0  |  14|          3|    5|         15|
    |step_data_0_0_5_ce0       |  14|          3|    1|          3|
    |step_data_0_1_0_address0  |  14|          3|    5|         15|
    |step_data_0_1_0_ce0       |  14|          3|    1|          3|
    |step_data_0_1_1_address0  |  14|          3|    5|         15|
    |step_data_0_1_1_ce0       |  14|          3|    1|          3|
    |step_data_0_1_2_address0  |  14|          3|    5|         15|
    |step_data_0_1_2_ce0       |  14|          3|    1|          3|
    |step_data_0_1_3_address0  |  14|          3|    5|         15|
    |step_data_0_1_3_ce0       |  14|          3|    1|          3|
    |step_data_0_1_4_address0  |  14|          3|    5|         15|
    |step_data_0_1_4_ce0       |  14|          3|    1|          3|
    |step_data_0_1_5_address0  |  14|          3|    5|         15|
    |step_data_0_1_5_ce0       |  14|          3|    1|          3|
    |step_data_0_2_0_address0  |  14|          3|    5|         15|
    |step_data_0_2_0_ce0       |  14|          3|    1|          3|
    |step_data_0_2_1_address0  |  14|          3|    5|         15|
    |step_data_0_2_1_ce0       |  14|          3|    1|          3|
    |step_data_0_2_2_address0  |  14|          3|    5|         15|
    |step_data_0_2_2_ce0       |  14|          3|    1|          3|
    |step_data_0_2_3_address0  |  14|          3|    5|         15|
    |step_data_0_2_3_ce0       |  14|          3|    1|          3|
    |step_data_0_2_4_address0  |  14|          3|    5|         15|
    |step_data_0_2_4_ce0       |  14|          3|    1|          3|
    |step_data_0_2_5_address0  |  14|          3|    5|         15|
    |step_data_0_2_5_ce0       |  14|          3|    1|          3|
    |step_data_0_3_0_address0  |  14|          3|    5|         15|
    |step_data_0_3_0_ce0       |  14|          3|    1|          3|
    |step_data_0_3_1_address0  |  14|          3|    5|         15|
    |step_data_0_3_1_ce0       |  14|          3|    1|          3|
    |step_data_0_3_2_address0  |  14|          3|    5|         15|
    |step_data_0_3_2_ce0       |  14|          3|    1|          3|
    |step_data_0_3_3_address0  |  14|          3|    5|         15|
    |step_data_0_3_3_ce0       |  14|          3|    1|          3|
    |step_data_0_3_4_address0  |  14|          3|    5|         15|
    |step_data_0_3_4_ce0       |  14|          3|    1|          3|
    |step_data_0_3_5_address0  |  14|          3|    5|         15|
    |step_data_0_3_5_ce0       |  14|          3|    1|          3|
    |step_data_0_4_0_address0  |  14|          3|    5|         15|
    |step_data_0_4_0_ce0       |  14|          3|    1|          3|
    |step_data_0_4_1_address0  |  14|          3|    5|         15|
    |step_data_0_4_1_ce0       |  14|          3|    1|          3|
    |step_data_0_4_2_address0  |  14|          3|    5|         15|
    |step_data_0_4_2_ce0       |  14|          3|    1|          3|
    |step_data_0_4_3_address0  |  14|          3|    5|         15|
    |step_data_0_4_3_ce0       |  14|          3|    1|          3|
    |step_data_0_4_4_address0  |  14|          3|    5|         15|
    |step_data_0_4_4_ce0       |  14|          3|    1|          3|
    |step_data_0_4_5_address0  |  14|          3|    5|         15|
    |step_data_0_4_5_ce0       |  14|          3|    1|          3|
    |step_data_0_5_0_address0  |  14|          3|    5|         15|
    |step_data_0_5_0_ce0       |  14|          3|    1|          3|
    |step_data_0_5_1_address0  |  14|          3|    5|         15|
    |step_data_0_5_1_ce0       |  14|          3|    1|          3|
    |step_data_0_5_2_address0  |  14|          3|    5|         15|
    |step_data_0_5_2_ce0       |  14|          3|    1|          3|
    |step_data_0_5_3_address0  |  14|          3|    5|         15|
    |step_data_0_5_3_ce0       |  14|          3|    1|          3|
    |step_data_0_5_4_address0  |  14|          3|    5|         15|
    |step_data_0_5_4_ce0       |  14|          3|    1|          3|
    |step_data_0_5_5_address0  |  14|          3|    5|         15|
    |step_data_0_5_5_ce0       |  14|          3|    1|          3|
    |step_data_1_address0      |  14|          3|    7|         21|
    |step_data_1_address1      |  14|          3|    7|         21|
    |step_data_1_ce0           |  14|          3|    1|          3|
    |step_data_1_ce1           |  14|          3|    1|          3|
    +--------------------------+----+-----------+-----+-----------+
    |Total                     |3671|        791|  594|       1715|
    +--------------------------+----+-----------+-----+-----------+

    * Register: 
    +-----------------------------------------------+----+----+-----+-----------+
    |                      Name                     | FF | LUT| Bits| Const Bits|
    +-----------------------------------------------+----+----+-----+-----------+
    |ap_CS_fsm                                      |   4|   0|    4|          0|
    |empty_reg_947                                  |  20|   0|   20|          0|
    |grp_riccati_backward_pass_fu_400_ap_start_reg  |   1|   0|    1|          0|
    |grp_riccati_forward_pass_fu_653_ap_start_reg   |   1|   0|    1|          0|
    +-----------------------------------------------+----+----+-----+-----------+
    |Total                                          |  26|   0|   26|          0|
    +-----------------------------------------------+----+----+-----+-----------+



================================================================
== Interface
================================================================
* Summary: 
+------------------------------+-----+-----+------------+------------------+--------------+
|           RTL Ports          | Dir | Bits|  Protocol  |   Source Object  |    C Type    |
+------------------------------+-----+-----+------------+------------------+--------------+
|ap_clk                        |   in|    1|  ap_ctrl_hs|  riccati_pass_hls|  return value|
|ap_rst                        |   in|    1|  ap_ctrl_hs|  riccati_pass_hls|  return value|
|ap_start                      |   in|    1|  ap_ctrl_hs|  riccati_pass_hls|  return value|
|ap_done                       |  out|    1|  ap_ctrl_hs|  riccati_pass_hls|  return value|
|ap_idle                       |  out|    1|  ap_ctrl_hs|  riccati_pass_hls|  return value|
|ap_ready                      |  out|    1|  ap_ctrl_hs|  riccati_pass_hls|  return value|
|grp_fp_recip_fu_6151_p_din1   |  out|   32|  ap_ctrl_hs|  riccati_pass_hls|  return value|
|grp_fp_recip_fu_6151_p_dout0  |   in|   27|  ap_ctrl_hs|  riccati_pass_hls|  return value|
|grp_fu_6156_p_din0            |  out|   32|  ap_ctrl_hs|  riccati_pass_hls|  return value|
|grp_fu_6156_p_din1            |  out|   32|  ap_ctrl_hs|  riccati_pass_hls|  return value|
|grp_fu_6156_p_dout0           |   in|   50|  ap_ctrl_hs|  riccati_pass_hls|  return value|
|grp_fu_6156_p_ce              |  out|    1|  ap_ctrl_hs|  riccati_pass_hls|  return value|
|grp_fu_6160_p_din0            |  out|   32|  ap_ctrl_hs|  riccati_pass_hls|  return value|
|grp_fu_6160_p_din1            |  out|   32|  ap_ctrl_hs|  riccati_pass_hls|  return value|
|grp_fu_6160_p_dout0           |   in|   50|  ap_ctrl_hs|  riccati_pass_hls|  return value|
|grp_fu_6160_p_ce              |  out|    1|  ap_ctrl_hs|  riccati_pass_hls|  return value|
|grp_fu_6164_p_din0            |  out|   32|  ap_ctrl_hs|  riccati_pass_hls|  return value|
|grp_fu_6164_p_din1            |  out|   32|  ap_ctrl_hs|  riccati_pass_hls|  return value|
|grp_fu_6164_p_dout0           |   in|   50|  ap_ctrl_hs|  riccati_pass_hls|  return value|
|grp_fu_6164_p_ce              |  out|    1|  ap_ctrl_hs|  riccati_pass_hls|  return value|
|step_data_0_0_0_address0      |  out|    5|   ap_memory|   step_data_0_0_0|         array|
|step_data_0_0_0_ce0           |  out|    1|   ap_memory|   step_data_0_0_0|         array|
|step_data_0_0_0_q0            |   in|   32|   ap_memory|   step_data_0_0_0|         array|
|step_data_0_0_1_address0      |  out|    5|   ap_memory|   step_data_0_0_1|         array|
|step_data_0_0_1_ce0           |  out|    1|   ap_memory|   step_data_0_0_1|         array|
|step_data_0_0_1_q0            |   in|   32|   ap_memory|   step_data_0_0_1|         array|
|step_data_0_0_2_address0      |  out|    5|   ap_memory|   step_data_0_0_2|         array|
|step_data_0_0_2_ce0           |  out|    1|   ap_memory|   step_data_0_0_2|         array|
|step_data_0_0_2_q0            |   in|   32|   ap_memory|   step_data_0_0_2|         array|
|step_data_0_0_3_address0      |  out|    5|   ap_memory|   step_data_0_0_3|         array|
|step_data_0_0_3_ce0           |  out|    1|   ap_memory|   step_data_0_0_3|         array|
|step_data_0_0_3_q0            |   in|   32|   ap_memory|   step_data_0_0_3|         array|
|step_data_0_0_4_address0      |  out|    5|   ap_memory|   step_data_0_0_4|         array|
|step_data_0_0_4_ce0           |  out|    1|   ap_memory|   step_data_0_0_4|         array|
|step_data_0_0_4_q0            |   in|   32|   ap_memory|   step_data_0_0_4|         array|
|step_data_0_0_5_address0      |  out|    5|   ap_memory|   step_data_0_0_5|         array|
|step_data_0_0_5_ce0           |  out|    1|   ap_memory|   step_data_0_0_5|         array|
|step_data_0_0_5_q0            |   in|   32|   ap_memory|   step_data_0_0_5|         array|
|step_data_0_1_0_address0      |  out|    5|   ap_memory|   step_data_0_1_0|         array|
|step_data_0_1_0_ce0           |  out|    1|   ap_memory|   step_data_0_1_0|         array|
|step_data_0_1_0_q0            |   in|   32|   ap_memory|   step_data_0_1_0|         array|
|step_data_0_1_1_address0      |  out|    5|   ap_memory|   step_data_0_1_1|         array|
|step_data_0_1_1_ce0           |  out|    1|   ap_memory|   step_data_0_1_1|         array|
|step_data_0_1_1_q0            |   in|   32|   ap_memory|   step_data_0_1_1|         array|
|step_data_0_1_2_address0      |  out|    5|   ap_memory|   step_data_0_1_2|         array|
|step_data_0_1_2_ce0           |  out|    1|   ap_memory|   step_data_0_1_2|         array|
|step_data_0_1_2_q0            |   in|   32|   ap_memory|   step_data_0_1_2|         array|
|step_data_0_1_3_address0      |  out|    5|   ap_memory|   step_data_0_1_3|         array|
|step_data_0_1_3_ce0           |  out|    1|   ap_memory|   step_data_0_1_3|         array|
|step_data_0_1_3_q0            |   in|   32|   ap_memory|   step_data_0_1_3|         array|
|step_data_0_1_4_address0      |  out|    5|   ap_memory|   step_data_0_1_4|         array|
|step_data_0_1_4_ce0           |  out|    1|   ap_memory|   step_data_0_1_4|         array|
|step_data_0_1_4_q0            |   in|   32|   ap_memory|   step_data_0_1_4|         array|
|step_data_0_1_5_address0      |  out|    5|   ap_memory|   step_data_0_1_5|         array|
|step_data_0_1_5_ce0           |  out|    1|   ap_memory|   step_data_0_1_5|         array|
|step_data_0_1_5_q0            |   in|   32|   ap_memory|   step_data_0_1_5|         array|
|step_data_0_2_0_address0      |  out|    5|   ap_memory|   step_data_0_2_0|         array|
|step_data_0_2_0_ce0           |  out|    1|   ap_memory|   step_data_0_2_0|         array|
|step_data_0_2_0_q0            |   in|   32|   ap_memory|   step_data_0_2_0|         array|
|step_data_0_2_1_address0      |  out|    5|   ap_memory|   step_data_0_2_1|         array|
|step_data_0_2_1_ce0           |  out|    1|   ap_memory|   step_data_0_2_1|         array|
|step_data_0_2_1_q0            |   in|   32|   ap_memory|   step_data_0_2_1|         array|
|step_data_0_2_2_address0      |  out|    5|   ap_memory|   step_data_0_2_2|         array|
|step_data_0_2_2_ce0           |  out|    1|   ap_memory|   step_data_0_2_2|         array|
|step_data_0_2_2_q0            |   in|   32|   ap_memory|   step_data_0_2_2|         array|
|step_data_0_2_3_address0      |  out|    5|   ap_memory|   step_data_0_2_3|         array|
|step_data_0_2_3_ce0           |  out|    1|   ap_memory|   step_data_0_2_3|         array|
|step_data_0_2_3_q0            |   in|   32|   ap_memory|   step_data_0_2_3|         array|
|step_data_0_2_4_address0      |  out|    5|   ap_memory|   step_data_0_2_4|         array|
|step_data_0_2_4_ce0           |  out|    1|   ap_memory|   step_data_0_2_4|         array|
|step_data_0_2_4_q0            |   in|   32|   ap_memory|   step_data_0_2_4|         array|
|step_data_0_2_5_address0      |  out|    5|   ap_memory|   step_data_0_2_5|         array|
|step_data_0_2_5_ce0           |  out|    1|   ap_memory|   step_data_0_2_5|         array|
|step_data_0_2_5_q0            |   in|   32|   ap_memory|   step_data_0_2_5|         array|
|step_data_0_3_0_address0      |  out|    5|   ap_memory|   step_data_0_3_0|         array|
|step_data_0_3_0_ce0           |  out|    1|   ap_memory|   step_data_0_3_0|         array|
|step_data_0_3_0_q0            |   in|   32|   ap_memory|   step_data_0_3_0|         array|
|step_data_0_3_1_address0      |  out|    5|   ap_memory|   step_data_0_3_1|         array|
|step_data_0_3_1_ce0           |  out|    1|   ap_memory|   step_data_0_3_1|         array|
|step_data_0_3_1_q0            |   in|   32|   ap_memory|   step_data_0_3_1|         array|
|step_data_0_3_2_address0      |  out|    5|   ap_memory|   step_data_0_3_2|         array|
|step_data_0_3_2_ce0           |  out|    1|   ap_memory|   step_data_0_3_2|         array|
|step_data_0_3_2_q0            |   in|   32|   ap_memory|   step_data_0_3_2|         array|
|step_data_0_3_3_address0      |  out|    5|   ap_memory|   step_data_0_3_3|         array|
|step_data_0_3_3_ce0           |  out|    1|   ap_memory|   step_data_0_3_3|         array|
|step_data_0_3_3_q0            |   in|   32|   ap_memory|   step_data_0_3_3|         array|
|step_data_0_3_4_address0      |  out|    5|   ap_memory|   step_data_0_3_4|         array|
|step_data_0_3_4_ce0           |  out|    1|   ap_memory|   step_data_0_3_4|         array|
|step_data_0_3_4_q0            |   in|   32|   ap_memory|   step_data_0_3_4|         array|
|step_data_0_3_5_address0      |  out|    5|   ap_memory|   step_data_0_3_5|         array|
|step_data_0_3_5_ce0           |  out|    1|   ap_memory|   step_data_0_3_5|         array|
|step_data_0_3_5_q0            |   in|   32|   ap_memory|   step_data_0_3_5|         array|
|step_data_0_4_0_address0      |  out|    5|   ap_memory|   step_data_0_4_0|         array|
|step_data_0_4_0_ce0           |  out|    1|   ap_memory|   step_data_0_4_0|         array|
|step_data_0_4_0_q0            |   in|   32|   ap_memory|   step_data_0_4_0|         array|
|step_data_0_4_1_address0      |  out|    5|   ap_memory|   step_data_0_4_1|         array|
|step_data_0_4_1_ce0           |  out|    1|   ap_memory|   step_data_0_4_1|         array|
|step_data_0_4_1_q0            |   in|   32|   ap_memory|   step_data_0_4_1|         array|
|step_data_0_4_2_address0      |  out|    5|   ap_memory|   step_data_0_4_2|         array|
|step_data_0_4_2_ce0           |  out|    1|   ap_memory|   step_data_0_4_2|         array|
|step_data_0_4_2_q0            |   in|   32|   ap_memory|   step_data_0_4_2|         array|
|step_data_0_4_3_address0      |  out|    5|   ap_memory|   step_data_0_4_3|         array|
|step_data_0_4_3_ce0           |  out|    1|   ap_memory|   step_data_0_4_3|         array|
|step_data_0_4_3_q0            |   in|   32|   ap_memory|   step_data_0_4_3|         array|
|step_data_0_4_4_address0      |  out|    5|   ap_memory|   step_data_0_4_4|         array|
|step_data_0_4_4_ce0           |  out|    1|   ap_memory|   step_data_0_4_4|         array|
|step_data_0_4_4_q0            |   in|   32|   ap_memory|   step_data_0_4_4|         array|
|step_data_0_4_5_address0      |  out|    5|   ap_memory|   step_data_0_4_5|         array|
|step_data_0_4_5_ce0           |  out|    1|   ap_memory|   step_data_0_4_5|         array|
|step_data_0_4_5_q0            |   in|   32|   ap_memory|   step_data_0_4_5|         array|
|step_data_0_5_0_address0      |  out|    5|   ap_memory|   step_data_0_5_0|         array|
|step_data_0_5_0_ce0           |  out|    1|   ap_memory|   step_data_0_5_0|         array|
|step_data_0_5_0_q0            |   in|   32|   ap_memory|   step_data_0_5_0|         array|
|step_data_0_5_1_address0      |  out|    5|   ap_memory|   step_data_0_5_1|         array|
|step_data_0_5_1_ce0           |  out|    1|   ap_memory|   step_data_0_5_1|         array|
|step_data_0_5_1_q0            |   in|   32|   ap_memory|   step_data_0_5_1|         array|
|step_data_0_5_2_address0      |  out|    5|   ap_memory|   step_data_0_5_2|         array|
|step_data_0_5_2_ce0           |  out|    1|   ap_memory|   step_data_0_5_2|         array|
|step_data_0_5_2_q0            |   in|   32|   ap_memory|   step_data_0_5_2|         array|
|step_data_0_5_3_address0      |  out|    5|   ap_memory|   step_data_0_5_3|         array|
|step_data_0_5_3_ce0           |  out|    1|   ap_memory|   step_data_0_5_3|         array|
|step_data_0_5_3_q0            |   in|   32|   ap_memory|   step_data_0_5_3|         array|
|step_data_0_5_4_address0      |  out|    5|   ap_memory|   step_data_0_5_4|         array|
|step_data_0_5_4_ce0           |  out|    1|   ap_memory|   step_data_0_5_4|         array|
|step_data_0_5_4_q0            |   in|   32|   ap_memory|   step_data_0_5_4|         array|
|step_data_0_5_5_address0      |  out|    5|   ap_memory|   step_data_0_5_5|         array|
|step_data_0_5_5_ce0           |  out|    1|   ap_memory|   step_data_0_5_5|         array|
|step_data_0_5_5_q0            |   in|   32|   ap_memory|   step_data_0_5_5|         array|
|step_data_1_address0          |  out|    7|   ap_memory|       step_data_1|         array|
|step_data_1_ce0               |  out|    1|   ap_memory|       step_data_1|         array|
|step_data_1_q0                |   in|   32|   ap_memory|       step_data_1|         array|
|step_data_1_address1          |  out|    7|   ap_memory|       step_data_1|         array|
|step_data_1_ce1               |  out|    1|   ap_memory|       step_data_1|         array|
|step_data_1_q1                |   in|   32|   ap_memory|       step_data_1|         array|
|step_data_2_address0          |  out|    7|   ap_memory|       step_data_2|         array|
|step_data_2_ce0               |  out|    1|   ap_memory|       step_data_2|         array|
|step_data_2_q0                |   in|   32|   ap_memory|       step_data_2|         array|
|step_data_2_address1          |  out|    7|   ap_memory|       step_data_2|         array|
|step_data_2_ce1               |  out|    1|   ap_memory|       step_data_2|         array|
|step_data_2_q1                |   in|   32|   ap_memory|       step_data_2|         array|
|B_sparse_0_address0           |  out|    5|   ap_memory|        B_sparse_0|         array|
|B_sparse_0_ce0                |  out|    1|   ap_memory|        B_sparse_0|         array|
|B_sparse_0_q0                 |   in|   32|   ap_memory|        B_sparse_0|         array|
|B_sparse_1_address0           |  out|    5|   ap_memory|        B_sparse_1|         array|
|B_sparse_1_ce0                |  out|    1|   ap_memory|        B_sparse_1|         array|
|B_sparse_1_q0                 |   in|   32|   ap_memory|        B_sparse_1|         array|
|B_sparse_2_address0           |  out|    5|   ap_memory|        B_sparse_2|         array|
|B_sparse_2_ce0                |  out|    1|   ap_memory|        B_sparse_2|         array|
|B_sparse_2_q0                 |   in|   32|   ap_memory|        B_sparse_2|         array|
|B_sparse_3_address0           |  out|    5|   ap_memory|        B_sparse_3|         array|
|B_sparse_3_ce0                |  out|    1|   ap_memory|        B_sparse_3|         array|
|B_sparse_3_q0                 |   in|   32|   ap_memory|        B_sparse_3|         array|
|p_read                        |   in|   32|     ap_none|            p_read|        scalar|
|p_read1                       |   in|   32|     ap_none|           p_read1|        scalar|
|p_read2                       |   in|   32|     ap_none|           p_read2|        scalar|
|p_read3                       |   in|   32|     ap_none|           p_read3|        scalar|
|p_read4                       |   in|   32|     ap_none|           p_read4|        scalar|
|p_read5                       |   in|   32|     ap_none|           p_read5|        scalar|
|p_read6                       |   in|   32|     ap_none|           p_read6|        scalar|
|p_read7                       |   in|   32|     ap_none|           p_read7|        scalar|
|p_read8                       |   in|   32|     ap_none|           p_read8|        scalar|
|p_read9                       |   in|   32|     ap_none|           p_read9|        scalar|
|p_read10                      |   in|   32|     ap_none|          p_read10|        scalar|
|p_read11                      |   in|   32|     ap_none|          p_read11|        scalar|
|p_read12                      |   in|   32|     ap_none|          p_read12|        scalar|
|p_read13                      |   in|   32|     ap_none|          p_read13|        scalar|
|rho                           |   in|   32|     ap_none|               rho|        scalar|
|rho_u                         |   in|   32|     ap_none|             rho_u|        scalar|
|z_x_0_address0                |  out|    5|   ap_memory|             z_x_0|         array|
|z_x_0_ce0                     |  out|    1|   ap_memory|             z_x_0|         array|
|z_x_0_q0                      |   in|   32|   ap_memory|             z_x_0|         array|
|z_x_5_address0                |  out|    5|   ap_memory|             z_x_5|         array|
|z_x_5_ce0                     |  out|    1|   ap_memory|             z_x_5|         array|
|z_x_5_q0                      |   in|   32|   ap_memory|             z_x_5|         array|
|y_x_0_address0                |  out|    5|   ap_memory|             y_x_0|         array|
|y_x_0_ce0                     |  out|    1|   ap_memory|             y_x_0|         array|
|y_x_0_q0                      |   in|   32|   ap_memory|             y_x_0|         array|
|y_x_5_address0                |  out|    5|   ap_memory|             y_x_5|         array|
|y_x_5_ce0                     |  out|    1|   ap_memory|             y_x_5|         array|
|y_x_5_q0                      |   in|   32|   ap_memory|             y_x_5|         array|
|z_u_0_address0                |  out|    5|   ap_memory|             z_u_0|         array|
|z_u_0_ce0                     |  out|    1|   ap_memory|             z_u_0|         array|
|z_u_0_q0                      |   in|   32|   ap_memory|             z_u_0|         array|
|z_u_1_address0                |  out|    5|   ap_memory|             z_u_1|         array|
|z_u_1_ce0                     |  out|    1|   ap_memory|             z_u_1|         array|
|z_u_1_q0                      |   in|   32|   ap_memory|             z_u_1|         array|
|y_u_0_address0                |  out|    5|   ap_memory|             y_u_0|         array|
|y_u_0_ce0                     |  out|    1|   ap_memory|             y_u_0|         array|
|y_u_0_q0                      |   in|   32|   ap_memory|             y_u_0|         array|
|y_u_1_address0                |  out|    5|   ap_memory|             y_u_1|         array|
|y_u_1_ce0                     |  out|    1|   ap_memory|             y_u_1|         array|
|y_u_1_q0                      |   in|   32|   ap_memory|             y_u_1|         array|
|K_0_0_0_address0              |  out|    3|   ap_memory|           K_0_0_0|         array|
|K_0_0_0_ce0                   |  out|    1|   ap_memory|           K_0_0_0|         array|
|K_0_0_0_we0                   |  out|    1|   ap_memory|           K_0_0_0|         array|
|K_0_0_0_d0                    |  out|   26|   ap_memory|           K_0_0_0|         array|
|K_0_0_0_q0                    |   in|   26|   ap_memory|           K_0_0_0|         array|
|K_0_0_1_address0              |  out|    3|   ap_memory|           K_0_0_1|         array|
|K_0_0_1_ce0                   |  out|    1|   ap_memory|           K_0_0_1|         array|
|K_0_0_1_we0                   |  out|    1|   ap_memory|           K_0_0_1|         array|
|K_0_0_1_d0                    |  out|   26|   ap_memory|           K_0_0_1|         array|
|K_0_0_1_q0                    |   in|   26|   ap_memory|           K_0_0_1|         array|
|K_0_0_2_address0              |  out|    3|   ap_memory|           K_0_0_2|         array|
|K_0_0_2_ce0                   |  out|    1|   ap_memory|           K_0_0_2|         array|
|K_0_0_2_we0                   |  out|    1|   ap_memory|           K_0_0_2|         array|
|K_0_0_2_d0                    |  out|   26|   ap_memory|           K_0_0_2|         array|
|K_0_0_2_q0                    |   in|   26|   ap_memory|           K_0_0_2|         array|
|K_0_0_3_address0              |  out|    3|   ap_memory|           K_0_0_3|         array|
|K_0_0_3_ce0                   |  out|    1|   ap_memory|           K_0_0_3|         array|
|K_0_0_3_we0                   |  out|    1|   ap_memory|           K_0_0_3|         array|
|K_0_0_3_d0                    |  out|   26|   ap_memory|           K_0_0_3|         array|
|K_0_0_3_q0                    |   in|   26|   ap_memory|           K_0_0_3|         array|
|K_0_0_4_address0              |  out|    3|   ap_memory|           K_0_0_4|         array|
|K_0_0_4_ce0                   |  out|    1|   ap_memory|           K_0_0_4|         array|
|K_0_0_4_we0                   |  out|    1|   ap_memory|           K_0_0_4|         array|
|K_0_0_4_d0                    |  out|   26|   ap_memory|           K_0_0_4|         array|
|K_0_0_4_q0                    |   in|   26|   ap_memory|           K_0_0_4|         array|
|K_0_0_5_address0              |  out|    3|   ap_memory|           K_0_0_5|         array|
|K_0_0_5_ce0                   |  out|    1|   ap_memory|           K_0_0_5|         array|
|K_0_0_5_we0                   |  out|    1|   ap_memory|           K_0_0_5|         array|
|K_0_0_5_d0                    |  out|   26|   ap_memory|           K_0_0_5|         array|
|K_0_0_5_q0                    |   in|   26|   ap_memory|           K_0_0_5|         array|
|K_0_0_6_address0              |  out|    3|   ap_memory|           K_0_0_6|         array|
|K_0_0_6_ce0                   |  out|    1|   ap_memory|           K_0_0_6|         array|
|K_0_0_6_we0                   |  out|    1|   ap_memory|           K_0_0_6|         array|
|K_0_0_6_d0                    |  out|   26|   ap_memory|           K_0_0_6|         array|
|K_0_0_6_q0                    |   in|   26|   ap_memory|           K_0_0_6|         array|
|K_0_0_7_address0              |  out|    3|   ap_memory|           K_0_0_7|         array|
|K_0_0_7_ce0                   |  out|    1|   ap_memory|           K_0_0_7|         array|
|K_0_0_7_we0                   |  out|    1|   ap_memory|           K_0_0_7|         array|
|K_0_0_7_d0                    |  out|   26|   ap_memory|           K_0_0_7|         array|
|K_0_0_7_q0                    |   in|   26|   ap_memory|           K_0_0_7|         array|
|K_0_1_0_address0              |  out|    3|   ap_memory|           K_0_1_0|         array|
|K_0_1_0_ce0                   |  out|    1|   ap_memory|           K_0_1_0|         array|
|K_0_1_0_we0                   |  out|    1|   ap_memory|           K_0_1_0|         array|
|K_0_1_0_d0                    |  out|   26|   ap_memory|           K_0_1_0|         array|
|K_0_1_0_q0                    |   in|   26|   ap_memory|           K_0_1_0|         array|
|K_0_1_1_address0              |  out|    3|   ap_memory|           K_0_1_1|         array|
|K_0_1_1_ce0                   |  out|    1|   ap_memory|           K_0_1_1|         array|
|K_0_1_1_we0                   |  out|    1|   ap_memory|           K_0_1_1|         array|
|K_0_1_1_d0                    |  out|   26|   ap_memory|           K_0_1_1|         array|
|K_0_1_1_q0                    |   in|   26|   ap_memory|           K_0_1_1|         array|
|K_0_1_2_address0              |  out|    3|   ap_memory|           K_0_1_2|         array|
|K_0_1_2_ce0                   |  out|    1|   ap_memory|           K_0_1_2|         array|
|K_0_1_2_we0                   |  out|    1|   ap_memory|           K_0_1_2|         array|
|K_0_1_2_d0                    |  out|   26|   ap_memory|           K_0_1_2|         array|
|K_0_1_2_q0                    |   in|   26|   ap_memory|           K_0_1_2|         array|
|K_0_1_3_address0              |  out|    3|   ap_memory|           K_0_1_3|         array|
|K_0_1_3_ce0                   |  out|    1|   ap_memory|           K_0_1_3|         array|
|K_0_1_3_we0                   |  out|    1|   ap_memory|           K_0_1_3|         array|
|K_0_1_3_d0                    |  out|   26|   ap_memory|           K_0_1_3|         array|
|K_0_1_3_q0                    |   in|   26|   ap_memory|           K_0_1_3|         array|
|K_0_1_4_address0              |  out|    3|   ap_memory|           K_0_1_4|         array|
|K_0_1_4_ce0                   |  out|    1|   ap_memory|           K_0_1_4|         array|
|K_0_1_4_we0                   |  out|    1|   ap_memory|           K_0_1_4|         array|
|K_0_1_4_d0                    |  out|   26|   ap_memory|           K_0_1_4|         array|
|K_0_1_4_q0                    |   in|   26|   ap_memory|           K_0_1_4|         array|
|K_0_1_5_address0              |  out|    3|   ap_memory|           K_0_1_5|         array|
|K_0_1_5_ce0                   |  out|    1|   ap_memory|           K_0_1_5|         array|
|K_0_1_5_we0                   |  out|    1|   ap_memory|           K_0_1_5|         array|
|K_0_1_5_d0                    |  out|   26|   ap_memory|           K_0_1_5|         array|
|K_0_1_5_q0                    |   in|   26|   ap_memory|           K_0_1_5|         array|
|K_0_1_6_address0              |  out|    3|   ap_memory|           K_0_1_6|         array|
|K_0_1_6_ce0                   |  out|    1|   ap_memory|           K_0_1_6|         array|
|K_0_1_6_we0                   |  out|    1|   ap_memory|           K_0_1_6|         array|
|K_0_1_6_d0                    |  out|   26|   ap_memory|           K_0_1_6|         array|
|K_0_1_6_q0                    |   in|   26|   ap_memory|           K_0_1_6|         array|
|K_0_1_7_address0              |  out|    3|   ap_memory|           K_0_1_7|         array|
|K_0_1_7_ce0                   |  out|    1|   ap_memory|           K_0_1_7|         array|
|K_0_1_7_we0                   |  out|    1|   ap_memory|           K_0_1_7|         array|
|K_0_1_7_d0                    |  out|   26|   ap_memory|           K_0_1_7|         array|
|K_0_1_7_q0                    |   in|   26|   ap_memory|           K_0_1_7|         array|
|K_1_0_0_address0              |  out|    3|   ap_memory|           K_1_0_0|         array|
|K_1_0_0_ce0                   |  out|    1|   ap_memory|           K_1_0_0|         array|
|K_1_0_0_we0                   |  out|    1|   ap_memory|           K_1_0_0|         array|
|K_1_0_0_d0                    |  out|   26|   ap_memory|           K_1_0_0|         array|
|K_1_0_0_q0                    |   in|   26|   ap_memory|           K_1_0_0|         array|
|K_1_0_1_address0              |  out|    3|   ap_memory|           K_1_0_1|         array|
|K_1_0_1_ce0                   |  out|    1|   ap_memory|           K_1_0_1|         array|
|K_1_0_1_we0                   |  out|    1|   ap_memory|           K_1_0_1|         array|
|K_1_0_1_d0                    |  out|   26|   ap_memory|           K_1_0_1|         array|
|K_1_0_1_q0                    |   in|   26|   ap_memory|           K_1_0_1|         array|
|K_1_0_2_address0              |  out|    3|   ap_memory|           K_1_0_2|         array|
|K_1_0_2_ce0                   |  out|    1|   ap_memory|           K_1_0_2|         array|
|K_1_0_2_we0                   |  out|    1|   ap_memory|           K_1_0_2|         array|
|K_1_0_2_d0                    |  out|   26|   ap_memory|           K_1_0_2|         array|
|K_1_0_2_q0                    |   in|   26|   ap_memory|           K_1_0_2|         array|
|K_1_0_3_address0              |  out|    3|   ap_memory|           K_1_0_3|         array|
|K_1_0_3_ce0                   |  out|    1|   ap_memory|           K_1_0_3|         array|
|K_1_0_3_we0                   |  out|    1|   ap_memory|           K_1_0_3|         array|
|K_1_0_3_d0                    |  out|   26|   ap_memory|           K_1_0_3|         array|
|K_1_0_3_q0                    |   in|   26|   ap_memory|           K_1_0_3|         array|
|K_1_0_4_address0              |  out|    3|   ap_memory|           K_1_0_4|         array|
|K_1_0_4_ce0                   |  out|    1|   ap_memory|           K_1_0_4|         array|
|K_1_0_4_we0                   |  out|    1|   ap_memory|           K_1_0_4|         array|
|K_1_0_4_d0                    |  out|   26|   ap_memory|           K_1_0_4|         array|
|K_1_0_4_q0                    |   in|   26|   ap_memory|           K_1_0_4|         array|
|K_1_0_5_address0              |  out|    3|   ap_memory|           K_1_0_5|         array|
|K_1_0_5_ce0                   |  out|    1|   ap_memory|           K_1_0_5|         array|
|K_1_0_5_we0                   |  out|    1|   ap_memory|           K_1_0_5|         array|
|K_1_0_5_d0                    |  out|   26|   ap_memory|           K_1_0_5|         array|
|K_1_0_5_q0                    |   in|   26|   ap_memory|           K_1_0_5|         array|
|K_1_0_6_address0              |  out|    3|   ap_memory|           K_1_0_6|         array|
|K_1_0_6_ce0                   |  out|    1|   ap_memory|           K_1_0_6|         array|
|K_1_0_6_we0                   |  out|    1|   ap_memory|           K_1_0_6|         array|
|K_1_0_6_d0                    |  out|   26|   ap_memory|           K_1_0_6|         array|
|K_1_0_6_q0                    |   in|   26|   ap_memory|           K_1_0_6|         array|
|K_1_0_7_address0              |  out|    3|   ap_memory|           K_1_0_7|         array|
|K_1_0_7_ce0                   |  out|    1|   ap_memory|           K_1_0_7|         array|
|K_1_0_7_we0                   |  out|    1|   ap_memory|           K_1_0_7|         array|
|K_1_0_7_d0                    |  out|   26|   ap_memory|           K_1_0_7|         array|
|K_1_0_7_q0                    |   in|   26|   ap_memory|           K_1_0_7|         array|
|K_1_1_0_address0              |  out|    3|   ap_memory|           K_1_1_0|         array|
|K_1_1_0_ce0                   |  out|    1|   ap_memory|           K_1_1_0|         array|
|K_1_1_0_we0                   |  out|    1|   ap_memory|           K_1_1_0|         array|
|K_1_1_0_d0                    |  out|   26|   ap_memory|           K_1_1_0|         array|
|K_1_1_0_q0                    |   in|   26|   ap_memory|           K_1_1_0|         array|
|K_1_1_1_address0              |  out|    3|   ap_memory|           K_1_1_1|         array|
|K_1_1_1_ce0                   |  out|    1|   ap_memory|           K_1_1_1|         array|
|K_1_1_1_we0                   |  out|    1|   ap_memory|           K_1_1_1|         array|
|K_1_1_1_d0                    |  out|   26|   ap_memory|           K_1_1_1|         array|
|K_1_1_1_q0                    |   in|   26|   ap_memory|           K_1_1_1|         array|
|K_1_1_2_address0              |  out|    3|   ap_memory|           K_1_1_2|         array|
|K_1_1_2_ce0                   |  out|    1|   ap_memory|           K_1_1_2|         array|
|K_1_1_2_we0                   |  out|    1|   ap_memory|           K_1_1_2|         array|
|K_1_1_2_d0                    |  out|   26|   ap_memory|           K_1_1_2|         array|
|K_1_1_2_q0                    |   in|   26|   ap_memory|           K_1_1_2|         array|
|K_1_1_3_address0              |  out|    3|   ap_memory|           K_1_1_3|         array|
|K_1_1_3_ce0                   |  out|    1|   ap_memory|           K_1_1_3|         array|
|K_1_1_3_we0                   |  out|    1|   ap_memory|           K_1_1_3|         array|
|K_1_1_3_d0                    |  out|   26|   ap_memory|           K_1_1_3|         array|
|K_1_1_3_q0                    |   in|   26|   ap_memory|           K_1_1_3|         array|
|K_1_1_4_address0              |  out|    3|   ap_memory|           K_1_1_4|         array|
|K_1_1_4_ce0                   |  out|    1|   ap_memory|           K_1_1_4|         array|
|K_1_1_4_we0                   |  out|    1|   ap_memory|           K_1_1_4|         array|
|K_1_1_4_d0                    |  out|   26|   ap_memory|           K_1_1_4|         array|
|K_1_1_4_q0                    |   in|   26|   ap_memory|           K_1_1_4|         array|
|K_1_1_5_address0              |  out|    3|   ap_memory|           K_1_1_5|         array|
|K_1_1_5_ce0                   |  out|    1|   ap_memory|           K_1_1_5|         array|
|K_1_1_5_we0                   |  out|    1|   ap_memory|           K_1_1_5|         array|
|K_1_1_5_d0                    |  out|   26|   ap_memory|           K_1_1_5|         array|
|K_1_1_5_q0                    |   in|   26|   ap_memory|           K_1_1_5|         array|
|K_1_1_6_address0              |  out|    3|   ap_memory|           K_1_1_6|         array|
|K_1_1_6_ce0                   |  out|    1|   ap_memory|           K_1_1_6|         array|
|K_1_1_6_we0                   |  out|    1|   ap_memory|           K_1_1_6|         array|
|K_1_1_6_d0                    |  out|   26|   ap_memory|           K_1_1_6|         array|
|K_1_1_6_q0                    |   in|   26|   ap_memory|           K_1_1_6|         array|
|K_1_1_7_address0              |  out|    3|   ap_memory|           K_1_1_7|         array|
|K_1_1_7_ce0                   |  out|    1|   ap_memory|           K_1_1_7|         array|
|K_1_1_7_we0                   |  out|    1|   ap_memory|           K_1_1_7|         array|
|K_1_1_7_d0                    |  out|   26|   ap_memory|           K_1_1_7|         array|
|K_1_1_7_q0                    |   in|   26|   ap_memory|           K_1_1_7|         array|
|K_2_0_0_address0              |  out|    3|   ap_memory|           K_2_0_0|         array|
|K_2_0_0_ce0                   |  out|    1|   ap_memory|           K_2_0_0|         array|
|K_2_0_0_we0                   |  out|    1|   ap_memory|           K_2_0_0|         array|
|K_2_0_0_d0                    |  out|   26|   ap_memory|           K_2_0_0|         array|
|K_2_0_0_q0                    |   in|   26|   ap_memory|           K_2_0_0|         array|
|K_2_0_1_address0              |  out|    3|   ap_memory|           K_2_0_1|         array|
|K_2_0_1_ce0                   |  out|    1|   ap_memory|           K_2_0_1|         array|
|K_2_0_1_we0                   |  out|    1|   ap_memory|           K_2_0_1|         array|
|K_2_0_1_d0                    |  out|   26|   ap_memory|           K_2_0_1|         array|
|K_2_0_1_q0                    |   in|   26|   ap_memory|           K_2_0_1|         array|
|K_2_0_2_address0              |  out|    3|   ap_memory|           K_2_0_2|         array|
|K_2_0_2_ce0                   |  out|    1|   ap_memory|           K_2_0_2|         array|
|K_2_0_2_we0                   |  out|    1|   ap_memory|           K_2_0_2|         array|
|K_2_0_2_d0                    |  out|   26|   ap_memory|           K_2_0_2|         array|
|K_2_0_2_q0                    |   in|   26|   ap_memory|           K_2_0_2|         array|
|K_2_0_3_address0              |  out|    3|   ap_memory|           K_2_0_3|         array|
|K_2_0_3_ce0                   |  out|    1|   ap_memory|           K_2_0_3|         array|
|K_2_0_3_we0                   |  out|    1|   ap_memory|           K_2_0_3|         array|
|K_2_0_3_d0                    |  out|   26|   ap_memory|           K_2_0_3|         array|
|K_2_0_3_q0                    |   in|   26|   ap_memory|           K_2_0_3|         array|
|K_2_0_4_address0              |  out|    3|   ap_memory|           K_2_0_4|         array|
|K_2_0_4_ce0                   |  out|    1|   ap_memory|           K_2_0_4|         array|
|K_2_0_4_we0                   |  out|    1|   ap_memory|           K_2_0_4|         array|
|K_2_0_4_d0                    |  out|   26|   ap_memory|           K_2_0_4|         array|
|K_2_0_4_q0                    |   in|   26|   ap_memory|           K_2_0_4|         array|
|K_2_0_5_address0              |  out|    3|   ap_memory|           K_2_0_5|         array|
|K_2_0_5_ce0                   |  out|    1|   ap_memory|           K_2_0_5|         array|
|K_2_0_5_we0                   |  out|    1|   ap_memory|           K_2_0_5|         array|
|K_2_0_5_d0                    |  out|   26|   ap_memory|           K_2_0_5|         array|
|K_2_0_5_q0                    |   in|   26|   ap_memory|           K_2_0_5|         array|
|K_2_0_6_address0              |  out|    3|   ap_memory|           K_2_0_6|         array|
|K_2_0_6_ce0                   |  out|    1|   ap_memory|           K_2_0_6|         array|
|K_2_0_6_we0                   |  out|    1|   ap_memory|           K_2_0_6|         array|
|K_2_0_6_d0                    |  out|   26|   ap_memory|           K_2_0_6|         array|
|K_2_0_6_q0                    |   in|   26|   ap_memory|           K_2_0_6|         array|
|K_2_0_7_address0              |  out|    3|   ap_memory|           K_2_0_7|         array|
|K_2_0_7_ce0                   |  out|    1|   ap_memory|           K_2_0_7|         array|
|K_2_0_7_we0                   |  out|    1|   ap_memory|           K_2_0_7|         array|
|K_2_0_7_d0                    |  out|   26|   ap_memory|           K_2_0_7|         array|
|K_2_0_7_q0                    |   in|   26|   ap_memory|           K_2_0_7|         array|
|K_2_1_0_address0              |  out|    3|   ap_memory|           K_2_1_0|         array|
|K_2_1_0_ce0                   |  out|    1|   ap_memory|           K_2_1_0|         array|
|K_2_1_0_we0                   |  out|    1|   ap_memory|           K_2_1_0|         array|
|K_2_1_0_d0                    |  out|   26|   ap_memory|           K_2_1_0|         array|
|K_2_1_0_q0                    |   in|   26|   ap_memory|           K_2_1_0|         array|
|K_2_1_1_address0              |  out|    3|   ap_memory|           K_2_1_1|         array|
|K_2_1_1_ce0                   |  out|    1|   ap_memory|           K_2_1_1|         array|
|K_2_1_1_we0                   |  out|    1|   ap_memory|           K_2_1_1|         array|
|K_2_1_1_d0                    |  out|   26|   ap_memory|           K_2_1_1|         array|
|K_2_1_1_q0                    |   in|   26|   ap_memory|           K_2_1_1|         array|
|K_2_1_2_address0              |  out|    3|   ap_memory|           K_2_1_2|         array|
|K_2_1_2_ce0                   |  out|    1|   ap_memory|           K_2_1_2|         array|
|K_2_1_2_we0                   |  out|    1|   ap_memory|           K_2_1_2|         array|
|K_2_1_2_d0                    |  out|   26|   ap_memory|           K_2_1_2|         array|
|K_2_1_2_q0                    |   in|   26|   ap_memory|           K_2_1_2|         array|
|K_2_1_3_address0              |  out|    3|   ap_memory|           K_2_1_3|         array|
|K_2_1_3_ce0                   |  out|    1|   ap_memory|           K_2_1_3|         array|
|K_2_1_3_we0                   |  out|    1|   ap_memory|           K_2_1_3|         array|
|K_2_1_3_d0                    |  out|   26|   ap_memory|           K_2_1_3|         array|
|K_2_1_3_q0                    |   in|   26|   ap_memory|           K_2_1_3|         array|
|K_2_1_4_address0              |  out|    3|   ap_memory|           K_2_1_4|         array|
|K_2_1_4_ce0                   |  out|    1|   ap_memory|           K_2_1_4|         array|
|K_2_1_4_we0                   |  out|    1|   ap_memory|           K_2_1_4|         array|
|K_2_1_4_d0                    |  out|   26|   ap_memory|           K_2_1_4|         array|
|K_2_1_4_q0                    |   in|   26|   ap_memory|           K_2_1_4|         array|
|K_2_1_5_address0              |  out|    3|   ap_memory|           K_2_1_5|         array|
|K_2_1_5_ce0                   |  out|    1|   ap_memory|           K_2_1_5|         array|
|K_2_1_5_we0                   |  out|    1|   ap_memory|           K_2_1_5|         array|
|K_2_1_5_d0                    |  out|   26|   ap_memory|           K_2_1_5|         array|
|K_2_1_5_q0                    |   in|   26|   ap_memory|           K_2_1_5|         array|
|K_2_1_6_address0              |  out|    3|   ap_memory|           K_2_1_6|         array|
|K_2_1_6_ce0                   |  out|    1|   ap_memory|           K_2_1_6|         array|
|K_2_1_6_we0                   |  out|    1|   ap_memory|           K_2_1_6|         array|
|K_2_1_6_d0                    |  out|   26|   ap_memory|           K_2_1_6|         array|
|K_2_1_6_q0                    |   in|   26|   ap_memory|           K_2_1_6|         array|
|K_2_1_7_address0              |  out|    3|   ap_memory|           K_2_1_7|         array|
|K_2_1_7_ce0                   |  out|    1|   ap_memory|           K_2_1_7|         array|
|K_2_1_7_we0                   |  out|    1|   ap_memory|           K_2_1_7|         array|
|K_2_1_7_d0                    |  out|   26|   ap_memory|           K_2_1_7|         array|
|K_2_1_7_q0                    |   in|   26|   ap_memory|           K_2_1_7|         array|
|K_3_0_0_address0              |  out|    3|   ap_memory|           K_3_0_0|         array|
|K_3_0_0_ce0                   |  out|    1|   ap_memory|           K_3_0_0|         array|
|K_3_0_0_we0                   |  out|    1|   ap_memory|           K_3_0_0|         array|
|K_3_0_0_d0                    |  out|   26|   ap_memory|           K_3_0_0|         array|
|K_3_0_0_q0                    |   in|   26|   ap_memory|           K_3_0_0|         array|
|K_3_0_1_address0              |  out|    3|   ap_memory|           K_3_0_1|         array|
|K_3_0_1_ce0                   |  out|    1|   ap_memory|           K_3_0_1|         array|
|K_3_0_1_we0                   |  out|    1|   ap_memory|           K_3_0_1|         array|
|K_3_0_1_d0                    |  out|   26|   ap_memory|           K_3_0_1|         array|
|K_3_0_1_q0                    |   in|   26|   ap_memory|           K_3_0_1|         array|
|K_3_0_2_address0              |  out|    3|   ap_memory|           K_3_0_2|         array|
|K_3_0_2_ce0                   |  out|    1|   ap_memory|           K_3_0_2|         array|
|K_3_0_2_we0                   |  out|    1|   ap_memory|           K_3_0_2|         array|
|K_3_0_2_d0                    |  out|   26|   ap_memory|           K_3_0_2|         array|
|K_3_0_2_q0                    |   in|   26|   ap_memory|           K_3_0_2|         array|
|K_3_0_3_address0              |  out|    3|   ap_memory|           K_3_0_3|         array|
|K_3_0_3_ce0                   |  out|    1|   ap_memory|           K_3_0_3|         array|
|K_3_0_3_we0                   |  out|    1|   ap_memory|           K_3_0_3|         array|
|K_3_0_3_d0                    |  out|   26|   ap_memory|           K_3_0_3|         array|
|K_3_0_3_q0                    |   in|   26|   ap_memory|           K_3_0_3|         array|
|K_3_0_4_address0              |  out|    3|   ap_memory|           K_3_0_4|         array|
|K_3_0_4_ce0                   |  out|    1|   ap_memory|           K_3_0_4|         array|
|K_3_0_4_we0                   |  out|    1|   ap_memory|           K_3_0_4|         array|
|K_3_0_4_d0                    |  out|   26|   ap_memory|           K_3_0_4|         array|
|K_3_0_4_q0                    |   in|   26|   ap_memory|           K_3_0_4|         array|
|K_3_0_5_address0              |  out|    3|   ap_memory|           K_3_0_5|         array|
|K_3_0_5_ce0                   |  out|    1|   ap_memory|           K_3_0_5|         array|
|K_3_0_5_we0                   |  out|    1|   ap_memory|           K_3_0_5|         array|
|K_3_0_5_d0                    |  out|   26|   ap_memory|           K_3_0_5|         array|
|K_3_0_5_q0                    |   in|   26|   ap_memory|           K_3_0_5|         array|
|K_3_0_6_address0              |  out|    3|   ap_memory|           K_3_0_6|         array|
|K_3_0_6_ce0                   |  out|    1|   ap_memory|           K_3_0_6|         array|
|K_3_0_6_we0                   |  out|    1|   ap_memory|           K_3_0_6|         array|
|K_3_0_6_d0                    |  out|   26|   ap_memory|           K_3_0_6|         array|
|K_3_0_6_q0                    |   in|   26|   ap_memory|           K_3_0_6|         array|
|K_3_0_7_address0              |  out|    3|   ap_memory|           K_3_0_7|         array|
|K_3_0_7_ce0                   |  out|    1|   ap_memory|           K_3_0_7|         array|
|K_3_0_7_we0                   |  out|    1|   ap_memory|           K_3_0_7|         array|
|K_3_0_7_d0                    |  out|   26|   ap_memory|           K_3_0_7|         array|
|K_3_0_7_q0                    |   in|   26|   ap_memory|           K_3_0_7|         array|
|K_3_1_0_address0              |  out|    3|   ap_memory|           K_3_1_0|         array|
|K_3_1_0_ce0                   |  out|    1|   ap_memory|           K_3_1_0|         array|
|K_3_1_0_we0                   |  out|    1|   ap_memory|           K_3_1_0|         array|
|K_3_1_0_d0                    |  out|   26|   ap_memory|           K_3_1_0|         array|
|K_3_1_0_q0                    |   in|   26|   ap_memory|           K_3_1_0|         array|
|K_3_1_1_address0              |  out|    3|   ap_memory|           K_3_1_1|         array|
|K_3_1_1_ce0                   |  out|    1|   ap_memory|           K_3_1_1|         array|
|K_3_1_1_we0                   |  out|    1|   ap_memory|           K_3_1_1|         array|
|K_3_1_1_d0                    |  out|   26|   ap_memory|           K_3_1_1|         array|
|K_3_1_1_q0                    |   in|   26|   ap_memory|           K_3_1_1|         array|
|K_3_1_2_address0              |  out|    3|   ap_memory|           K_3_1_2|         array|
|K_3_1_2_ce0                   |  out|    1|   ap_memory|           K_3_1_2|         array|
|K_3_1_2_we0                   |  out|    1|   ap_memory|           K_3_1_2|         array|
|K_3_1_2_d0                    |  out|   26|   ap_memory|           K_3_1_2|         array|
|K_3_1_2_q0                    |   in|   26|   ap_memory|           K_3_1_2|         array|
|K_3_1_3_address0              |  out|    3|   ap_memory|           K_3_1_3|         array|
|K_3_1_3_ce0                   |  out|    1|   ap_memory|           K_3_1_3|         array|
|K_3_1_3_we0                   |  out|    1|   ap_memory|           K_3_1_3|         array|
|K_3_1_3_d0                    |  out|   26|   ap_memory|           K_3_1_3|         array|
|K_3_1_3_q0                    |   in|   26|   ap_memory|           K_3_1_3|         array|
|K_3_1_4_address0              |  out|    3|   ap_memory|           K_3_1_4|         array|
|K_3_1_4_ce0                   |  out|    1|   ap_memory|           K_3_1_4|         array|
|K_3_1_4_we0                   |  out|    1|   ap_memory|           K_3_1_4|         array|
|K_3_1_4_d0                    |  out|   26|   ap_memory|           K_3_1_4|         array|
|K_3_1_4_q0                    |   in|   26|   ap_memory|           K_3_1_4|         array|
|K_3_1_5_address0              |  out|    3|   ap_memory|           K_3_1_5|         array|
|K_3_1_5_ce0                   |  out|    1|   ap_memory|           K_3_1_5|         array|
|K_3_1_5_we0                   |  out|    1|   ap_memory|           K_3_1_5|         array|
|K_3_1_5_d0                    |  out|   26|   ap_memory|           K_3_1_5|         array|
|K_3_1_5_q0                    |   in|   26|   ap_memory|           K_3_1_5|         array|
|K_3_1_6_address0              |  out|    3|   ap_memory|           K_3_1_6|         array|
|K_3_1_6_ce0                   |  out|    1|   ap_memory|           K_3_1_6|         array|
|K_3_1_6_we0                   |  out|    1|   ap_memory|           K_3_1_6|         array|
|K_3_1_6_d0                    |  out|   26|   ap_memory|           K_3_1_6|         array|
|K_3_1_6_q0                    |   in|   26|   ap_memory|           K_3_1_6|         array|
|K_3_1_7_address0              |  out|    3|   ap_memory|           K_3_1_7|         array|
|K_3_1_7_ce0                   |  out|    1|   ap_memory|           K_3_1_7|         array|
|K_3_1_7_we0                   |  out|    1|   ap_memory|           K_3_1_7|         array|
|K_3_1_7_d0                    |  out|   26|   ap_memory|           K_3_1_7|         array|
|K_3_1_7_q0                    |   in|   26|   ap_memory|           K_3_1_7|         array|
|kk_0_address0                 |  out|    5|   ap_memory|              kk_0|         array|
|kk_0_ce0                      |  out|    1|   ap_memory|              kk_0|         array|
|kk_0_we0                      |  out|    1|   ap_memory|              kk_0|         array|
|kk_0_d0                       |  out|   26|   ap_memory|              kk_0|         array|
|kk_0_q0                       |   in|   26|   ap_memory|              kk_0|         array|
|kk_1_address0                 |  out|    5|   ap_memory|              kk_1|         array|
|kk_1_ce0                      |  out|    1|   ap_memory|              kk_1|         array|
|kk_1_we0                      |  out|    1|   ap_memory|              kk_1|         array|
|kk_1_d0                       |  out|   26|   ap_memory|              kk_1|         array|
|kk_1_q0                       |   in|   26|   ap_memory|              kk_1|         array|
|x_out_0_address0              |  out|    5|   ap_memory|           x_out_0|         array|
|x_out_0_ce0                   |  out|    1|   ap_memory|           x_out_0|         array|
|x_out_0_q0                    |   in|   32|   ap_memory|           x_out_0|         array|
|x_out_0_address1              |  out|    5|   ap_memory|           x_out_0|         array|
|x_out_0_ce1                   |  out|    1|   ap_memory|           x_out_0|         array|
|x_out_0_we1                   |  out|    1|   ap_memory|           x_out_0|         array|
|x_out_0_d1                    |  out|   32|   ap_memory|           x_out_0|         array|
|x_out_1_address0              |  out|    5|   ap_memory|           x_out_1|         array|
|x_out_1_ce0                   |  out|    1|   ap_memory|           x_out_1|         array|
|x_out_1_q0                    |   in|   32|   ap_memory|           x_out_1|         array|
|x_out_1_address1              |  out|    5|   ap_memory|           x_out_1|         array|
|x_out_1_ce1                   |  out|    1|   ap_memory|           x_out_1|         array|
|x_out_1_we1                   |  out|    1|   ap_memory|           x_out_1|         array|
|x_out_1_d1                    |  out|   32|   ap_memory|           x_out_1|         array|
|x_out_2_address0              |  out|    5|   ap_memory|           x_out_2|         array|
|x_out_2_ce0                   |  out|    1|   ap_memory|           x_out_2|         array|
|x_out_2_q0                    |   in|   32|   ap_memory|           x_out_2|         array|
|x_out_2_address1              |  out|    5|   ap_memory|           x_out_2|         array|
|x_out_2_ce1                   |  out|    1|   ap_memory|           x_out_2|         array|
|x_out_2_we1                   |  out|    1|   ap_memory|           x_out_2|         array|
|x_out_2_d1                    |  out|   32|   ap_memory|           x_out_2|         array|
|x_out_3_address0              |  out|    5|   ap_memory|           x_out_3|         array|
|x_out_3_ce0                   |  out|    1|   ap_memory|           x_out_3|         array|
|x_out_3_q0                    |   in|   32|   ap_memory|           x_out_3|         array|
|x_out_3_address1              |  out|    5|   ap_memory|           x_out_3|         array|
|x_out_3_ce1                   |  out|    1|   ap_memory|           x_out_3|         array|
|x_out_3_we1                   |  out|    1|   ap_memory|           x_out_3|         array|
|x_out_3_d1                    |  out|   32|   ap_memory|           x_out_3|         array|
|x_out_4_address0              |  out|    5|   ap_memory|           x_out_4|         array|
|x_out_4_ce0                   |  out|    1|   ap_memory|           x_out_4|         array|
|x_out_4_q0                    |   in|   32|   ap_memory|           x_out_4|         array|
|x_out_4_address1              |  out|    5|   ap_memory|           x_out_4|         array|
|x_out_4_ce1                   |  out|    1|   ap_memory|           x_out_4|         array|
|x_out_4_we1                   |  out|    1|   ap_memory|           x_out_4|         array|
|x_out_4_d1                    |  out|   32|   ap_memory|           x_out_4|         array|
|x_out_5_address0              |  out|    5|   ap_memory|           x_out_5|         array|
|x_out_5_ce0                   |  out|    1|   ap_memory|           x_out_5|         array|
|x_out_5_q0                    |   in|   32|   ap_memory|           x_out_5|         array|
|x_out_5_address1              |  out|    5|   ap_memory|           x_out_5|         array|
|x_out_5_ce1                   |  out|    1|   ap_memory|           x_out_5|         array|
|x_out_5_we1                   |  out|    1|   ap_memory|           x_out_5|         array|
|x_out_5_d1                    |  out|   32|   ap_memory|           x_out_5|         array|
|x_out_6_address0              |  out|    5|   ap_memory|           x_out_6|         array|
|x_out_6_ce0                   |  out|    1|   ap_memory|           x_out_6|         array|
|x_out_6_q0                    |   in|   32|   ap_memory|           x_out_6|         array|
|x_out_6_address1              |  out|    5|   ap_memory|           x_out_6|         array|
|x_out_6_ce1                   |  out|    1|   ap_memory|           x_out_6|         array|
|x_out_6_we1                   |  out|    1|   ap_memory|           x_out_6|         array|
|x_out_6_d1                    |  out|   32|   ap_memory|           x_out_6|         array|
|x_out_7_address0              |  out|    5|   ap_memory|           x_out_7|         array|
|x_out_7_ce0                   |  out|    1|   ap_memory|           x_out_7|         array|
|x_out_7_q0                    |   in|   32|   ap_memory|           x_out_7|         array|
|x_out_7_address1              |  out|    5|   ap_memory|           x_out_7|         array|
|x_out_7_ce1                   |  out|    1|   ap_memory|           x_out_7|         array|
|x_out_7_we1                   |  out|    1|   ap_memory|           x_out_7|         array|
|x_out_7_d1                    |  out|   32|   ap_memory|           x_out_7|         array|
|u_out_0_address0              |  out|    5|   ap_memory|           u_out_0|         array|
|u_out_0_ce0                   |  out|    1|   ap_memory|           u_out_0|         array|
|u_out_0_we0                   |  out|    1|   ap_memory|           u_out_0|         array|
|u_out_0_d0                    |  out|   32|   ap_memory|           u_out_0|         array|
|u_out_1_address0              |  out|    5|   ap_memory|           u_out_1|         array|
|u_out_1_ce0                   |  out|    1|   ap_memory|           u_out_1|         array|
|u_out_1_we0                   |  out|    1|   ap_memory|           u_out_1|         array|
|u_out_1_d0                    |  out|   32|   ap_memory|           u_out_1|         array|
+------------------------------+-----+-----+------------+------------------+--------------+

