

================================================================
== Vitis HLS Report for 'riccati_backward_pass_Pipeline_VITIS_LOOP_750_9'
================================================================
* Date:           Thu May 21 15:23:10 2026

* Version:        2025.2 (Build 6295257 on Nov 14 2025)
* Project:        mpc_fpga_top_opencl
* Solution:       hls (Vitis Kernel Flow Target)
* Product family: zynquplus
* Target device:  xck26-sfvc784-2LV-c


================================================================
== Performance Estimates
================================================================
+ Timing: 
    * Summary: 
    +--------+---------+----------+------------+
    |  Clock |  Target | Estimated| Uncertainty|
    +--------+---------+----------+------------+
    |ap_clk  |  5.00 ns|  3.730 ns|     0.50 ns|
    +--------+---------+----------+------------+

+ Latency: 
    * Summary: 
    +---------+---------+-----------+-----------+-----+-----+-------------------+
    |  Latency (cycles) |   Latency (absolute)  |  Interval |      Pipeline     |
    |   min   |   max   |    min    |    max    | min | max |        Type       |
    +---------+---------+-----------+-----------+-----+-----+-------------------+
    |       12|       12|  60.000 ns|  60.000 ns|    0|    0|  loop pipeline stp|
    +---------+---------+-----------+-----------+-----+-----+-------------------+

    + Detail: 
        * Instance: 
        N/A

        * Loop: 
        +--------------------+---------+---------+----------+-----------+-----------+------+----------+
        |                    |  Latency (cycles) | Iteration|  Initiation Interval  | Trip |          |
        |      Loop Name     |   min   |   max   |  Latency |  achieved |   target  | Count| Pipelined|
        +--------------------+---------+---------+----------+-----------+-----------+------+----------+
        |- VITIS_LOOP_750_9  |       10|       10|         4|          1|          1|     8|       yes|
        +--------------------+---------+---------+----------+-----------+-----------+------+----------+



================================================================
== Utilization Estimates
================================================================
* Summary: 
+-----------------+---------+------+--------+--------+-----+
|       Name      | BRAM_18K|  DSP |   FF   |   LUT  | URAM|
+-----------------+---------+------+--------+--------+-----+
|DSP              |        -|     -|       -|       -|    -|
|Expression       |        -|     -|       0|     266|    -|
|FIFO             |        -|     -|       -|       -|    -|
|Instance         |        -|     -|       0|      86|    -|
|Memory           |        -|     -|       -|       -|    -|
|Multiplexer      |        -|     -|       0|      36|    -|
|Register         |        -|     -|     113|      32|    -|
+-----------------+---------+------+--------+--------+-----+
|Total            |        0|     0|     113|     420|    0|
+-----------------+---------+------+--------+--------+-----+
|Available        |      288|  1248|  234240|  117120|   64|
+-----------------+---------+------+--------+--------+-----+
|Utilization (%)  |        0|     0|      ~0|      ~0|    0|
+-----------------+---------+------+--------+--------+-----+

+ Detail: 
    * Instance: 
    +----------------------------+-----------------------+---------+----+---+----+-----+
    |          Instance          |         Module        | BRAM_18K| DSP| FF| LUT| URAM|
    +----------------------------+-----------------------+---------+----+---+----+-----+
    |sparsemux_17_3_34_1_1_U930  |sparsemux_17_3_34_1_1  |        0|   0|  0|  43|    0|
    |sparsemux_17_3_34_1_1_U931  |sparsemux_17_3_34_1_1  |        0|   0|  0|  43|    0|
    +----------------------------+-----------------------+---------+----+---+----+-----+
    |Total                       |                       |        0|   0|  0|  86|    0|
    +----------------------------+-----------------------+---------+----+---+----+-----+

    * DSP: 
    N/A

    * Memory: 
    N/A

    * FIFO: 
    N/A

    * Expression: 
    +------------------------------+----------+----+---+----+------------+------------+
    |         Variable Name        | Operation| DSP| FF| LUT| Bitwidth P0| Bitwidth P1|
    +------------------------------+----------+----+---+----+------------+------------+
    |add_ln750_fu_1283_p2          |         +|   0|  0|  12|           4|           1|
    |val0_fu_1401_p2               |         +|   0|  0|  44|          44|          44|
    |val1_fu_1407_p2               |         +|   0|  0|  44|          44|          44|
    |value_10_fu_1461_p2           |         -|   0|  0|  44|           1|          44|
    |value_fu_1413_p2              |         -|   0|  0|  44|           1|          44|
    |ap_predicate_pred1019_state4  |       and|   0|  0|   2|           1|           1|
    |ap_predicate_pred1039_state4  |       and|   0|  0|   2|           1|           1|
    |ap_predicate_pred1059_state4  |       and|   0|  0|   2|           1|           1|
    |ap_predicate_pred1079_state4  |       and|   0|  0|   2|           1|           1|
    |ap_predicate_pred1099_state4  |       and|   0|  0|   2|           1|           1|
    |ap_predicate_pred1119_state4  |       and|   0|  0|   2|           1|           1|
    |ap_predicate_pred1139_state4  |       and|   0|  0|   2|           1|           1|
    |ap_predicate_pred1159_state4  |       and|   0|  0|   2|           1|           1|
    |ap_predicate_pred1181_state4  |       and|   0|  0|   2|           1|           1|
    |ap_predicate_pred1201_state4  |       and|   0|  0|   2|           1|           1|
    |ap_predicate_pred1221_state4  |       and|   0|  0|   2|           1|           1|
    |ap_predicate_pred1241_state4  |       and|   0|  0|   2|           1|           1|
    |ap_predicate_pred1261_state4  |       and|   0|  0|   2|           1|           1|
    |ap_predicate_pred1281_state4  |       and|   0|  0|   2|           1|           1|
    |ap_predicate_pred1301_state4  |       and|   0|  0|   2|           1|           1|
    |ap_predicate_pred1321_state4  |       and|   0|  0|   2|           1|           1|
    |ap_predicate_pred679_state4   |       and|   0|  0|   2|           1|           1|
    |ap_predicate_pred703_state4   |       and|   0|  0|   2|           1|           1|
    |ap_predicate_pred725_state4   |       and|   0|  0|   2|           1|           1|
    |ap_predicate_pred747_state4   |       and|   0|  0|   2|           1|           1|
    |ap_predicate_pred769_state4   |       and|   0|  0|   2|           1|           1|
    |ap_predicate_pred791_state4   |       and|   0|  0|   2|           1|           1|
    |ap_predicate_pred813_state4   |       and|   0|  0|   2|           1|           1|
    |ap_predicate_pred835_state4   |       and|   0|  0|   2|           1|           1|
    |ap_predicate_pred857_state4   |       and|   0|  0|   2|           1|           1|
    |ap_predicate_pred877_state4   |       and|   0|  0|   2|           1|           1|
    |ap_predicate_pred897_state4   |       and|   0|  0|   2|           1|           1|
    |ap_predicate_pred917_state4   |       and|   0|  0|   2|           1|           1|
    |ap_predicate_pred937_state4   |       and|   0|  0|   2|           1|           1|
    |ap_predicate_pred957_state4   |       and|   0|  0|   2|           1|           1|
    |ap_predicate_pred977_state4   |       and|   0|  0|   2|           1|           1|
    |ap_predicate_pred997_state4   |       and|   0|  0|   2|           1|           1|
    |icmp_ln750_fu_1277_p2         |      icmp|   0|  0|  12|           4|           5|
    |ap_enable_pp0                 |       xor|   0|  0|   2|           1|           2|
    +------------------------------+----------+----+---+----+------------+------------+
    |Total                         |          |   0|  0| 266|         131|         216|
    +------------------------------+----------+----+---+----+------------+------------+

    * Multiplexer: 
    +-------------------------+----+-----------+-----+-----------+
    |           Name          | LUT| Input Size| Bits| Total Bits|
    +-------------------------+----+-----------+-----+-----------+
    |ap_done_int              |   9|          2|    1|          2|
    |ap_enable_reg_pp0_iter1  |   9|          2|    1|          2|
    |ap_sig_allocacmp_j_1     |   9|          2|    4|          8|
    |j_fu_258                 |   9|          2|    4|          8|
    +-------------------------+----+-----------+-----+-----------+
    |Total                    |  36|          8|   10|         20|
    +-------------------------+----+-----------+-----+-----------+

    * Register: 
    +----------------------------------+----+----+-----+-----------+
    |               Name               | FF | LUT| Bits| Const Bits|
    +----------------------------------+----+----+-----+-----------+
    |ap_CS_fsm                         |   1|   0|    1|          0|
    |ap_done_reg                       |   1|   0|    1|          0|
    |ap_enable_reg_pp0_iter1           |   1|   0|    1|          0|
    |ap_enable_reg_pp0_iter2           |   1|   0|    1|          0|
    |ap_enable_reg_pp0_iter3           |   1|   0|    1|          0|
    |ap_loop_exit_ready_pp0_iter1_reg  |   1|   0|    1|          0|
    |ap_loop_exit_ready_pp0_iter2_reg  |   1|   0|    1|          0|
    |ap_predicate_pred1019_state4      |   1|   0|    1|          0|
    |ap_predicate_pred1039_state4      |   1|   0|    1|          0|
    |ap_predicate_pred1059_state4      |   1|   0|    1|          0|
    |ap_predicate_pred1079_state4      |   1|   0|    1|          0|
    |ap_predicate_pred1099_state4      |   1|   0|    1|          0|
    |ap_predicate_pred1119_state4      |   1|   0|    1|          0|
    |ap_predicate_pred1139_state4      |   1|   0|    1|          0|
    |ap_predicate_pred1159_state4      |   1|   0|    1|          0|
    |ap_predicate_pred1181_state4      |   1|   0|    1|          0|
    |ap_predicate_pred1201_state4      |   1|   0|    1|          0|
    |ap_predicate_pred1221_state4      |   1|   0|    1|          0|
    |ap_predicate_pred1241_state4      |   1|   0|    1|          0|
    |ap_predicate_pred1261_state4      |   1|   0|    1|          0|
    |ap_predicate_pred1281_state4      |   1|   0|    1|          0|
    |ap_predicate_pred1301_state4      |   1|   0|    1|          0|
    |ap_predicate_pred1321_state4      |   1|   0|    1|          0|
    |ap_predicate_pred679_state4       |   1|   0|    1|          0|
    |ap_predicate_pred703_state4       |   1|   0|    1|          0|
    |ap_predicate_pred725_state4       |   1|   0|    1|          0|
    |ap_predicate_pred747_state4       |   1|   0|    1|          0|
    |ap_predicate_pred769_state4       |   1|   0|    1|          0|
    |ap_predicate_pred791_state4       |   1|   0|    1|          0|
    |ap_predicate_pred813_state4       |   1|   0|    1|          0|
    |ap_predicate_pred835_state4       |   1|   0|    1|          0|
    |ap_predicate_pred857_state4       |   1|   0|    1|          0|
    |ap_predicate_pred877_state4       |   1|   0|    1|          0|
    |ap_predicate_pred897_state4       |   1|   0|    1|          0|
    |ap_predicate_pred917_state4       |   1|   0|    1|          0|
    |ap_predicate_pred937_state4       |   1|   0|    1|          0|
    |ap_predicate_pred957_state4       |   1|   0|    1|          0|
    |ap_predicate_pred977_state4       |   1|   0|    1|          0|
    |ap_predicate_pred997_state4       |   1|   0|    1|          0|
    |j_fu_258                          |   4|   0|    4|          0|
    |trunc_ln750_reg_1612              |   3|   0|    3|          0|
    |zext_ln475_cast_reg_1540          |   3|   0|   64|         61|
    |trunc_ln750_reg_1612              |  64|  32|    3|          0|
    +----------------------------------+----+----+-----+-----------+
    |Total                             | 113|  32|  113|         61|
    +----------------------------------+----+----+-----+-----------+



================================================================
== Interface
================================================================
* Summary: 
+---------------------+-----+-----+------------+-------------------------------------------------+--------------+
|      RTL Ports      | Dir | Bits|  Protocol  |                  Source Object                  |    C Type    |
+---------------------+-----+-----+------------+-------------------------------------------------+--------------+
|ap_clk               |   in|    1|  ap_ctrl_hs|  riccati_backward_pass_Pipeline_VITIS_LOOP_750_9|  return value|
|ap_rst               |   in|    1|  ap_ctrl_hs|  riccati_backward_pass_Pipeline_VITIS_LOOP_750_9|  return value|
|ap_start             |   in|    1|  ap_ctrl_hs|  riccati_backward_pass_Pipeline_VITIS_LOOP_750_9|  return value|
|ap_done              |  out|    1|  ap_ctrl_hs|  riccati_backward_pass_Pipeline_VITIS_LOOP_750_9|  return value|
|ap_idle              |  out|    1|  ap_ctrl_hs|  riccati_backward_pass_Pipeline_VITIS_LOOP_750_9|  return value|
|ap_ready             |  out|    1|  ap_ctrl_hs|  riccati_backward_pass_Pipeline_VITIS_LOOP_750_9|  return value|
|grp_fu_4989_p_din0   |  out|   34|  ap_ctrl_hs|  riccati_backward_pass_Pipeline_VITIS_LOOP_750_9|  return value|
|grp_fu_4989_p_din1   |  out|   32|  ap_ctrl_hs|  riccati_backward_pass_Pipeline_VITIS_LOOP_750_9|  return value|
|grp_fu_4989_p_dout0  |   in|   44|  ap_ctrl_hs|  riccati_backward_pass_Pipeline_VITIS_LOOP_750_9|  return value|
|grp_fu_4989_p_ce     |  out|    1|  ap_ctrl_hs|  riccati_backward_pass_Pipeline_VITIS_LOOP_750_9|  return value|
|grp_fu_4993_p_din0   |  out|   34|  ap_ctrl_hs|  riccati_backward_pass_Pipeline_VITIS_LOOP_750_9|  return value|
|grp_fu_4993_p_din1   |  out|   32|  ap_ctrl_hs|  riccati_backward_pass_Pipeline_VITIS_LOOP_750_9|  return value|
|grp_fu_4993_p_dout0  |   in|   44|  ap_ctrl_hs|  riccati_backward_pass_Pipeline_VITIS_LOOP_750_9|  return value|
|grp_fu_4993_p_ce     |  out|    1|  ap_ctrl_hs|  riccati_backward_pass_Pipeline_VITIS_LOOP_750_9|  return value|
|grp_fu_4997_p_din0   |  out|   34|  ap_ctrl_hs|  riccati_backward_pass_Pipeline_VITIS_LOOP_750_9|  return value|
|grp_fu_4997_p_din1   |  out|   32|  ap_ctrl_hs|  riccati_backward_pass_Pipeline_VITIS_LOOP_750_9|  return value|
|grp_fu_4997_p_dout0  |   in|   44|  ap_ctrl_hs|  riccati_backward_pass_Pipeline_VITIS_LOOP_750_9|  return value|
|grp_fu_4997_p_ce     |  out|    1|  ap_ctrl_hs|  riccati_backward_pass_Pipeline_VITIS_LOOP_750_9|  return value|
|grp_fu_5001_p_din0   |  out|   34|  ap_ctrl_hs|  riccati_backward_pass_Pipeline_VITIS_LOOP_750_9|  return value|
|grp_fu_5001_p_din1   |  out|   32|  ap_ctrl_hs|  riccati_backward_pass_Pipeline_VITIS_LOOP_750_9|  return value|
|grp_fu_5001_p_dout0  |   in|   44|  ap_ctrl_hs|  riccati_backward_pass_Pipeline_VITIS_LOOP_750_9|  return value|
|grp_fu_5001_p_ce     |  out|    1|  ap_ctrl_hs|  riccati_backward_pass_Pipeline_VITIS_LOOP_750_9|  return value|
|K_0_0_0_address0     |  out|    3|   ap_memory|                                          K_0_0_0|         array|
|K_0_0_0_ce0          |  out|    1|   ap_memory|                                          K_0_0_0|         array|
|K_0_0_0_we0          |  out|    1|   ap_memory|                                          K_0_0_0|         array|
|K_0_0_0_d0           |  out|   26|   ap_memory|                                          K_0_0_0|         array|
|zext_ln475           |   in|    3|     ap_none|                                       zext_ln475|        scalar|
|K_0_1_0_address0     |  out|    3|   ap_memory|                                          K_0_1_0|         array|
|K_0_1_0_ce0          |  out|    1|   ap_memory|                                          K_0_1_0|         array|
|K_0_1_0_we0          |  out|    1|   ap_memory|                                          K_0_1_0|         array|
|K_0_1_0_d0           |  out|   26|   ap_memory|                                          K_0_1_0|         array|
|K_0_0_1_address0     |  out|    3|   ap_memory|                                          K_0_0_1|         array|
|K_0_0_1_ce0          |  out|    1|   ap_memory|                                          K_0_0_1|         array|
|K_0_0_1_we0          |  out|    1|   ap_memory|                                          K_0_0_1|         array|
|K_0_0_1_d0           |  out|   26|   ap_memory|                                          K_0_0_1|         array|
|K_0_1_1_address0     |  out|    3|   ap_memory|                                          K_0_1_1|         array|
|K_0_1_1_ce0          |  out|    1|   ap_memory|                                          K_0_1_1|         array|
|K_0_1_1_we0          |  out|    1|   ap_memory|                                          K_0_1_1|         array|
|K_0_1_1_d0           |  out|   26|   ap_memory|                                          K_0_1_1|         array|
|K_0_0_2_address0     |  out|    3|   ap_memory|                                          K_0_0_2|         array|
|K_0_0_2_ce0          |  out|    1|   ap_memory|                                          K_0_0_2|         array|
|K_0_0_2_we0          |  out|    1|   ap_memory|                                          K_0_0_2|         array|
|K_0_0_2_d0           |  out|   26|   ap_memory|                                          K_0_0_2|         array|
|K_0_1_2_address0     |  out|    3|   ap_memory|                                          K_0_1_2|         array|
|K_0_1_2_ce0          |  out|    1|   ap_memory|                                          K_0_1_2|         array|
|K_0_1_2_we0          |  out|    1|   ap_memory|                                          K_0_1_2|         array|
|K_0_1_2_d0           |  out|   26|   ap_memory|                                          K_0_1_2|         array|
|K_0_0_3_address0     |  out|    3|   ap_memory|                                          K_0_0_3|         array|
|K_0_0_3_ce0          |  out|    1|   ap_memory|                                          K_0_0_3|         array|
|K_0_0_3_we0          |  out|    1|   ap_memory|                                          K_0_0_3|         array|
|K_0_0_3_d0           |  out|   26|   ap_memory|                                          K_0_0_3|         array|
|K_0_1_3_address0     |  out|    3|   ap_memory|                                          K_0_1_3|         array|
|K_0_1_3_ce0          |  out|    1|   ap_memory|                                          K_0_1_3|         array|
|K_0_1_3_we0          |  out|    1|   ap_memory|                                          K_0_1_3|         array|
|K_0_1_3_d0           |  out|   26|   ap_memory|                                          K_0_1_3|         array|
|K_0_0_4_address0     |  out|    3|   ap_memory|                                          K_0_0_4|         array|
|K_0_0_4_ce0          |  out|    1|   ap_memory|                                          K_0_0_4|         array|
|K_0_0_4_we0          |  out|    1|   ap_memory|                                          K_0_0_4|         array|
|K_0_0_4_d0           |  out|   26|   ap_memory|                                          K_0_0_4|         array|
|K_0_1_4_address0     |  out|    3|   ap_memory|                                          K_0_1_4|         array|
|K_0_1_4_ce0          |  out|    1|   ap_memory|                                          K_0_1_4|         array|
|K_0_1_4_we0          |  out|    1|   ap_memory|                                          K_0_1_4|         array|
|K_0_1_4_d0           |  out|   26|   ap_memory|                                          K_0_1_4|         array|
|K_0_0_5_address0     |  out|    3|   ap_memory|                                          K_0_0_5|         array|
|K_0_0_5_ce0          |  out|    1|   ap_memory|                                          K_0_0_5|         array|
|K_0_0_5_we0          |  out|    1|   ap_memory|                                          K_0_0_5|         array|
|K_0_0_5_d0           |  out|   26|   ap_memory|                                          K_0_0_5|         array|
|K_0_1_5_address0     |  out|    3|   ap_memory|                                          K_0_1_5|         array|
|K_0_1_5_ce0          |  out|    1|   ap_memory|                                          K_0_1_5|         array|
|K_0_1_5_we0          |  out|    1|   ap_memory|                                          K_0_1_5|         array|
|K_0_1_5_d0           |  out|   26|   ap_memory|                                          K_0_1_5|         array|
|K_0_0_6_address0     |  out|    3|   ap_memory|                                          K_0_0_6|         array|
|K_0_0_6_ce0          |  out|    1|   ap_memory|                                          K_0_0_6|         array|
|K_0_0_6_we0          |  out|    1|   ap_memory|                                          K_0_0_6|         array|
|K_0_0_6_d0           |  out|   26|   ap_memory|                                          K_0_0_6|         array|
|K_0_1_6_address0     |  out|    3|   ap_memory|                                          K_0_1_6|         array|
|K_0_1_6_ce0          |  out|    1|   ap_memory|                                          K_0_1_6|         array|
|K_0_1_6_we0          |  out|    1|   ap_memory|                                          K_0_1_6|         array|
|K_0_1_6_d0           |  out|   26|   ap_memory|                                          K_0_1_6|         array|
|K_0_0_7_address0     |  out|    3|   ap_memory|                                          K_0_0_7|         array|
|K_0_0_7_ce0          |  out|    1|   ap_memory|                                          K_0_0_7|         array|
|K_0_0_7_we0          |  out|    1|   ap_memory|                                          K_0_0_7|         array|
|K_0_0_7_d0           |  out|   26|   ap_memory|                                          K_0_0_7|         array|
|K_0_1_7_address0     |  out|    3|   ap_memory|                                          K_0_1_7|         array|
|K_0_1_7_ce0          |  out|    1|   ap_memory|                                          K_0_1_7|         array|
|K_0_1_7_we0          |  out|    1|   ap_memory|                                          K_0_1_7|         array|
|K_0_1_7_d0           |  out|   26|   ap_memory|                                          K_0_1_7|         array|
|K_1_0_0_address0     |  out|    3|   ap_memory|                                          K_1_0_0|         array|
|K_1_0_0_ce0          |  out|    1|   ap_memory|                                          K_1_0_0|         array|
|K_1_0_0_we0          |  out|    1|   ap_memory|                                          K_1_0_0|         array|
|K_1_0_0_d0           |  out|   26|   ap_memory|                                          K_1_0_0|         array|
|K_1_1_0_address0     |  out|    3|   ap_memory|                                          K_1_1_0|         array|
|K_1_1_0_ce0          |  out|    1|   ap_memory|                                          K_1_1_0|         array|
|K_1_1_0_we0          |  out|    1|   ap_memory|                                          K_1_1_0|         array|
|K_1_1_0_d0           |  out|   26|   ap_memory|                                          K_1_1_0|         array|
|K_1_0_1_address0     |  out|    3|   ap_memory|                                          K_1_0_1|         array|
|K_1_0_1_ce0          |  out|    1|   ap_memory|                                          K_1_0_1|         array|
|K_1_0_1_we0          |  out|    1|   ap_memory|                                          K_1_0_1|         array|
|K_1_0_1_d0           |  out|   26|   ap_memory|                                          K_1_0_1|         array|
|K_1_1_1_address0     |  out|    3|   ap_memory|                                          K_1_1_1|         array|
|K_1_1_1_ce0          |  out|    1|   ap_memory|                                          K_1_1_1|         array|
|K_1_1_1_we0          |  out|    1|   ap_memory|                                          K_1_1_1|         array|
|K_1_1_1_d0           |  out|   26|   ap_memory|                                          K_1_1_1|         array|
|K_1_0_2_address0     |  out|    3|   ap_memory|                                          K_1_0_2|         array|
|K_1_0_2_ce0          |  out|    1|   ap_memory|                                          K_1_0_2|         array|
|K_1_0_2_we0          |  out|    1|   ap_memory|                                          K_1_0_2|         array|
|K_1_0_2_d0           |  out|   26|   ap_memory|                                          K_1_0_2|         array|
|K_1_1_2_address0     |  out|    3|   ap_memory|                                          K_1_1_2|         array|
|K_1_1_2_ce0          |  out|    1|   ap_memory|                                          K_1_1_2|         array|
|K_1_1_2_we0          |  out|    1|   ap_memory|                                          K_1_1_2|         array|
|K_1_1_2_d0           |  out|   26|   ap_memory|                                          K_1_1_2|         array|
|K_1_0_3_address0     |  out|    3|   ap_memory|                                          K_1_0_3|         array|
|K_1_0_3_ce0          |  out|    1|   ap_memory|                                          K_1_0_3|         array|
|K_1_0_3_we0          |  out|    1|   ap_memory|                                          K_1_0_3|         array|
|K_1_0_3_d0           |  out|   26|   ap_memory|                                          K_1_0_3|         array|
|K_1_1_3_address0     |  out|    3|   ap_memory|                                          K_1_1_3|         array|
|K_1_1_3_ce0          |  out|    1|   ap_memory|                                          K_1_1_3|         array|
|K_1_1_3_we0          |  out|    1|   ap_memory|                                          K_1_1_3|         array|
|K_1_1_3_d0           |  out|   26|   ap_memory|                                          K_1_1_3|         array|
|K_1_0_4_address0     |  out|    3|   ap_memory|                                          K_1_0_4|         array|
|K_1_0_4_ce0          |  out|    1|   ap_memory|                                          K_1_0_4|         array|
|K_1_0_4_we0          |  out|    1|   ap_memory|                                          K_1_0_4|         array|
|K_1_0_4_d0           |  out|   26|   ap_memory|                                          K_1_0_4|         array|
|K_1_1_4_address0     |  out|    3|   ap_memory|                                          K_1_1_4|         array|
|K_1_1_4_ce0          |  out|    1|   ap_memory|                                          K_1_1_4|         array|
|K_1_1_4_we0          |  out|    1|   ap_memory|                                          K_1_1_4|         array|
|K_1_1_4_d0           |  out|   26|   ap_memory|                                          K_1_1_4|         array|
|K_1_0_5_address0     |  out|    3|   ap_memory|                                          K_1_0_5|         array|
|K_1_0_5_ce0          |  out|    1|   ap_memory|                                          K_1_0_5|         array|
|K_1_0_5_we0          |  out|    1|   ap_memory|                                          K_1_0_5|         array|
|K_1_0_5_d0           |  out|   26|   ap_memory|                                          K_1_0_5|         array|
|K_1_1_5_address0     |  out|    3|   ap_memory|                                          K_1_1_5|         array|
|K_1_1_5_ce0          |  out|    1|   ap_memory|                                          K_1_1_5|         array|
|K_1_1_5_we0          |  out|    1|   ap_memory|                                          K_1_1_5|         array|
|K_1_1_5_d0           |  out|   26|   ap_memory|                                          K_1_1_5|         array|
|K_1_0_6_address0     |  out|    3|   ap_memory|                                          K_1_0_6|         array|
|K_1_0_6_ce0          |  out|    1|   ap_memory|                                          K_1_0_6|         array|
|K_1_0_6_we0          |  out|    1|   ap_memory|                                          K_1_0_6|         array|
|K_1_0_6_d0           |  out|   26|   ap_memory|                                          K_1_0_6|         array|
|K_1_1_6_address0     |  out|    3|   ap_memory|                                          K_1_1_6|         array|
|K_1_1_6_ce0          |  out|    1|   ap_memory|                                          K_1_1_6|         array|
|K_1_1_6_we0          |  out|    1|   ap_memory|                                          K_1_1_6|         array|
|K_1_1_6_d0           |  out|   26|   ap_memory|                                          K_1_1_6|         array|
|K_1_0_7_address0     |  out|    3|   ap_memory|                                          K_1_0_7|         array|
|K_1_0_7_ce0          |  out|    1|   ap_memory|                                          K_1_0_7|         array|
|K_1_0_7_we0          |  out|    1|   ap_memory|                                          K_1_0_7|         array|
|K_1_0_7_d0           |  out|   26|   ap_memory|                                          K_1_0_7|         array|
|K_1_1_7_address0     |  out|    3|   ap_memory|                                          K_1_1_7|         array|
|K_1_1_7_ce0          |  out|    1|   ap_memory|                                          K_1_1_7|         array|
|K_1_1_7_we0          |  out|    1|   ap_memory|                                          K_1_1_7|         array|
|K_1_1_7_d0           |  out|   26|   ap_memory|                                          K_1_1_7|         array|
|K_2_0_0_address0     |  out|    3|   ap_memory|                                          K_2_0_0|         array|
|K_2_0_0_ce0          |  out|    1|   ap_memory|                                          K_2_0_0|         array|
|K_2_0_0_we0          |  out|    1|   ap_memory|                                          K_2_0_0|         array|
|K_2_0_0_d0           |  out|   26|   ap_memory|                                          K_2_0_0|         array|
|K_2_1_0_address0     |  out|    3|   ap_memory|                                          K_2_1_0|         array|
|K_2_1_0_ce0          |  out|    1|   ap_memory|                                          K_2_1_0|         array|
|K_2_1_0_we0          |  out|    1|   ap_memory|                                          K_2_1_0|         array|
|K_2_1_0_d0           |  out|   26|   ap_memory|                                          K_2_1_0|         array|
|K_2_0_1_address0     |  out|    3|   ap_memory|                                          K_2_0_1|         array|
|K_2_0_1_ce0          |  out|    1|   ap_memory|                                          K_2_0_1|         array|
|K_2_0_1_we0          |  out|    1|   ap_memory|                                          K_2_0_1|         array|
|K_2_0_1_d0           |  out|   26|   ap_memory|                                          K_2_0_1|         array|
|K_2_1_1_address0     |  out|    3|   ap_memory|                                          K_2_1_1|         array|
|K_2_1_1_ce0          |  out|    1|   ap_memory|                                          K_2_1_1|         array|
|K_2_1_1_we0          |  out|    1|   ap_memory|                                          K_2_1_1|         array|
|K_2_1_1_d0           |  out|   26|   ap_memory|                                          K_2_1_1|         array|
|K_2_0_2_address0     |  out|    3|   ap_memory|                                          K_2_0_2|         array|
|K_2_0_2_ce0          |  out|    1|   ap_memory|                                          K_2_0_2|         array|
|K_2_0_2_we0          |  out|    1|   ap_memory|                                          K_2_0_2|         array|
|K_2_0_2_d0           |  out|   26|   ap_memory|                                          K_2_0_2|         array|
|K_2_1_2_address0     |  out|    3|   ap_memory|                                          K_2_1_2|         array|
|K_2_1_2_ce0          |  out|    1|   ap_memory|                                          K_2_1_2|         array|
|K_2_1_2_we0          |  out|    1|   ap_memory|                                          K_2_1_2|         array|
|K_2_1_2_d0           |  out|   26|   ap_memory|                                          K_2_1_2|         array|
|K_2_0_3_address0     |  out|    3|   ap_memory|                                          K_2_0_3|         array|
|K_2_0_3_ce0          |  out|    1|   ap_memory|                                          K_2_0_3|         array|
|K_2_0_3_we0          |  out|    1|   ap_memory|                                          K_2_0_3|         array|
|K_2_0_3_d0           |  out|   26|   ap_memory|                                          K_2_0_3|         array|
|K_2_1_3_address0     |  out|    3|   ap_memory|                                          K_2_1_3|         array|
|K_2_1_3_ce0          |  out|    1|   ap_memory|                                          K_2_1_3|         array|
|K_2_1_3_we0          |  out|    1|   ap_memory|                                          K_2_1_3|         array|
|K_2_1_3_d0           |  out|   26|   ap_memory|                                          K_2_1_3|         array|
|K_2_0_4_address0     |  out|    3|   ap_memory|                                          K_2_0_4|         array|
|K_2_0_4_ce0          |  out|    1|   ap_memory|                                          K_2_0_4|         array|
|K_2_0_4_we0          |  out|    1|   ap_memory|                                          K_2_0_4|         array|
|K_2_0_4_d0           |  out|   26|   ap_memory|                                          K_2_0_4|         array|
|K_2_1_4_address0     |  out|    3|   ap_memory|                                          K_2_1_4|         array|
|K_2_1_4_ce0          |  out|    1|   ap_memory|                                          K_2_1_4|         array|
|K_2_1_4_we0          |  out|    1|   ap_memory|                                          K_2_1_4|         array|
|K_2_1_4_d0           |  out|   26|   ap_memory|                                          K_2_1_4|         array|
|K_2_0_5_address0     |  out|    3|   ap_memory|                                          K_2_0_5|         array|
|K_2_0_5_ce0          |  out|    1|   ap_memory|                                          K_2_0_5|         array|
|K_2_0_5_we0          |  out|    1|   ap_memory|                                          K_2_0_5|         array|
|K_2_0_5_d0           |  out|   26|   ap_memory|                                          K_2_0_5|         array|
|K_2_1_5_address0     |  out|    3|   ap_memory|                                          K_2_1_5|         array|
|K_2_1_5_ce0          |  out|    1|   ap_memory|                                          K_2_1_5|         array|
|K_2_1_5_we0          |  out|    1|   ap_memory|                                          K_2_1_5|         array|
|K_2_1_5_d0           |  out|   26|   ap_memory|                                          K_2_1_5|         array|
|K_2_0_6_address0     |  out|    3|   ap_memory|                                          K_2_0_6|         array|
|K_2_0_6_ce0          |  out|    1|   ap_memory|                                          K_2_0_6|         array|
|K_2_0_6_we0          |  out|    1|   ap_memory|                                          K_2_0_6|         array|
|K_2_0_6_d0           |  out|   26|   ap_memory|                                          K_2_0_6|         array|
|K_2_1_6_address0     |  out|    3|   ap_memory|                                          K_2_1_6|         array|
|K_2_1_6_ce0          |  out|    1|   ap_memory|                                          K_2_1_6|         array|
|K_2_1_6_we0          |  out|    1|   ap_memory|                                          K_2_1_6|         array|
|K_2_1_6_d0           |  out|   26|   ap_memory|                                          K_2_1_6|         array|
|K_2_0_7_address0     |  out|    3|   ap_memory|                                          K_2_0_7|         array|
|K_2_0_7_ce0          |  out|    1|   ap_memory|                                          K_2_0_7|         array|
|K_2_0_7_we0          |  out|    1|   ap_memory|                                          K_2_0_7|         array|
|K_2_0_7_d0           |  out|   26|   ap_memory|                                          K_2_0_7|         array|
|K_2_1_7_address0     |  out|    3|   ap_memory|                                          K_2_1_7|         array|
|K_2_1_7_ce0          |  out|    1|   ap_memory|                                          K_2_1_7|         array|
|K_2_1_7_we0          |  out|    1|   ap_memory|                                          K_2_1_7|         array|
|K_2_1_7_d0           |  out|   26|   ap_memory|                                          K_2_1_7|         array|
|K_3_0_0_address0     |  out|    3|   ap_memory|                                          K_3_0_0|         array|
|K_3_0_0_ce0          |  out|    1|   ap_memory|                                          K_3_0_0|         array|
|K_3_0_0_we0          |  out|    1|   ap_memory|                                          K_3_0_0|         array|
|K_3_0_0_d0           |  out|   26|   ap_memory|                                          K_3_0_0|         array|
|K_3_1_0_address0     |  out|    3|   ap_memory|                                          K_3_1_0|         array|
|K_3_1_0_ce0          |  out|    1|   ap_memory|                                          K_3_1_0|         array|
|K_3_1_0_we0          |  out|    1|   ap_memory|                                          K_3_1_0|         array|
|K_3_1_0_d0           |  out|   26|   ap_memory|                                          K_3_1_0|         array|
|K_3_0_1_address0     |  out|    3|   ap_memory|                                          K_3_0_1|         array|
|K_3_0_1_ce0          |  out|    1|   ap_memory|                                          K_3_0_1|         array|
|K_3_0_1_we0          |  out|    1|   ap_memory|                                          K_3_0_1|         array|
|K_3_0_1_d0           |  out|   26|   ap_memory|                                          K_3_0_1|         array|
|K_3_1_1_address0     |  out|    3|   ap_memory|                                          K_3_1_1|         array|
|K_3_1_1_ce0          |  out|    1|   ap_memory|                                          K_3_1_1|         array|
|K_3_1_1_we0          |  out|    1|   ap_memory|                                          K_3_1_1|         array|
|K_3_1_1_d0           |  out|   26|   ap_memory|                                          K_3_1_1|         array|
|K_3_0_2_address0     |  out|    3|   ap_memory|                                          K_3_0_2|         array|
|K_3_0_2_ce0          |  out|    1|   ap_memory|                                          K_3_0_2|         array|
|K_3_0_2_we0          |  out|    1|   ap_memory|                                          K_3_0_2|         array|
|K_3_0_2_d0           |  out|   26|   ap_memory|                                          K_3_0_2|         array|
|K_3_1_2_address0     |  out|    3|   ap_memory|                                          K_3_1_2|         array|
|K_3_1_2_ce0          |  out|    1|   ap_memory|                                          K_3_1_2|         array|
|K_3_1_2_we0          |  out|    1|   ap_memory|                                          K_3_1_2|         array|
|K_3_1_2_d0           |  out|   26|   ap_memory|                                          K_3_1_2|         array|
|K_3_0_3_address0     |  out|    3|   ap_memory|                                          K_3_0_3|         array|
|K_3_0_3_ce0          |  out|    1|   ap_memory|                                          K_3_0_3|         array|
|K_3_0_3_we0          |  out|    1|   ap_memory|                                          K_3_0_3|         array|
|K_3_0_3_d0           |  out|   26|   ap_memory|                                          K_3_0_3|         array|
|K_3_1_3_address0     |  out|    3|   ap_memory|                                          K_3_1_3|         array|
|K_3_1_3_ce0          |  out|    1|   ap_memory|                                          K_3_1_3|         array|
|K_3_1_3_we0          |  out|    1|   ap_memory|                                          K_3_1_3|         array|
|K_3_1_3_d0           |  out|   26|   ap_memory|                                          K_3_1_3|         array|
|K_3_0_4_address0     |  out|    3|   ap_memory|                                          K_3_0_4|         array|
|K_3_0_4_ce0          |  out|    1|   ap_memory|                                          K_3_0_4|         array|
|K_3_0_4_we0          |  out|    1|   ap_memory|                                          K_3_0_4|         array|
|K_3_0_4_d0           |  out|   26|   ap_memory|                                          K_3_0_4|         array|
|K_3_1_4_address0     |  out|    3|   ap_memory|                                          K_3_1_4|         array|
|K_3_1_4_ce0          |  out|    1|   ap_memory|                                          K_3_1_4|         array|
|K_3_1_4_we0          |  out|    1|   ap_memory|                                          K_3_1_4|         array|
|K_3_1_4_d0           |  out|   26|   ap_memory|                                          K_3_1_4|         array|
|K_3_0_5_address0     |  out|    3|   ap_memory|                                          K_3_0_5|         array|
|K_3_0_5_ce0          |  out|    1|   ap_memory|                                          K_3_0_5|         array|
|K_3_0_5_we0          |  out|    1|   ap_memory|                                          K_3_0_5|         array|
|K_3_0_5_d0           |  out|   26|   ap_memory|                                          K_3_0_5|         array|
|K_3_1_5_address0     |  out|    3|   ap_memory|                                          K_3_1_5|         array|
|K_3_1_5_ce0          |  out|    1|   ap_memory|                                          K_3_1_5|         array|
|K_3_1_5_we0          |  out|    1|   ap_memory|                                          K_3_1_5|         array|
|K_3_1_5_d0           |  out|   26|   ap_memory|                                          K_3_1_5|         array|
|K_3_0_6_address0     |  out|    3|   ap_memory|                                          K_3_0_6|         array|
|K_3_0_6_ce0          |  out|    1|   ap_memory|                                          K_3_0_6|         array|
|K_3_0_6_we0          |  out|    1|   ap_memory|                                          K_3_0_6|         array|
|K_3_0_6_d0           |  out|   26|   ap_memory|                                          K_3_0_6|         array|
|K_3_1_6_address0     |  out|    3|   ap_memory|                                          K_3_1_6|         array|
|K_3_1_6_ce0          |  out|    1|   ap_memory|                                          K_3_1_6|         array|
|K_3_1_6_we0          |  out|    1|   ap_memory|                                          K_3_1_6|         array|
|K_3_1_6_d0           |  out|   26|   ap_memory|                                          K_3_1_6|         array|
|K_3_0_7_address0     |  out|    3|   ap_memory|                                          K_3_0_7|         array|
|K_3_0_7_ce0          |  out|    1|   ap_memory|                                          K_3_0_7|         array|
|K_3_0_7_we0          |  out|    1|   ap_memory|                                          K_3_0_7|         array|
|K_3_0_7_d0           |  out|   26|   ap_memory|                                          K_3_0_7|         array|
|K_3_1_7_address0     |  out|    3|   ap_memory|                                          K_3_1_7|         array|
|K_3_1_7_ce0          |  out|    1|   ap_memory|                                          K_3_1_7|         array|
|K_3_1_7_we0          |  out|    1|   ap_memory|                                          K_3_1_7|         array|
|K_3_1_7_d0           |  out|   26|   ap_memory|                                          K_3_1_7|         array|
|G_11_reload          |   in|   34|     ap_none|                                      G_11_reload|        scalar|
|G_12_reload          |   in|   34|     ap_none|                                      G_12_reload|        scalar|
|G_13_reload          |   in|   34|     ap_none|                                      G_13_reload|        scalar|
|G_10_reload          |   in|   34|     ap_none|                                      G_10_reload|        scalar|
|G_9_reload           |   in|   34|     ap_none|                                       G_9_reload|        scalar|
|G_8_reload           |   in|   34|     ap_none|                                       G_8_reload|        scalar|
|select_ln723         |   in|   23|     ap_none|                                     select_ln723|        scalar|
|sext_ln283           |   in|   32|     ap_none|                                       sext_ln283|        scalar|
|G_7_reload           |   in|   34|     ap_none|                                       G_7_reload|        scalar|
|G_6_reload           |   in|   34|     ap_none|                                       G_6_reload|        scalar|
|G_5_reload           |   in|   34|     ap_none|                                       G_5_reload|        scalar|
|G_4_reload           |   in|   34|     ap_none|                                       G_4_reload|        scalar|
|G_3_reload           |   in|   34|     ap_none|                                       G_3_reload|        scalar|
|G_2_reload           |   in|   34|     ap_none|                                       G_2_reload|        scalar|
|sext_ln283_1         |   in|   32|     ap_none|                                     sext_ln283_1|        scalar|
|sext_ln283_2         |   in|   32|     ap_none|                                     sext_ln283_2|        scalar|
|sext_ln760           |   in|   32|     ap_none|                                       sext_ln760|        scalar|
|empty                |   in|    2|     ap_none|                                            empty|        scalar|
+---------------------+-----+-----+------------+-------------------------------------------------+--------------+

